/das/work/units/LBR-FEL/p17490/Peter/Library/work_trees_torchref/alignement/torchref/cli/refine.py:21: UserWarning: TorchRef using user-specified 8 threads from TORCHREF_NUM_THREADS.
  from torchref.cli._common import (
================================================================================
TorchRef LBFGS Refinement
================================================================================
Model:             /das/work/units/LBR-FEL/p17490/Peter/Library/work_trees_torchref/alignement/alignment_lab/benchmarks/af_mr/runs/dmin4.0/1RJ1/torchref_placed.pdb
Structure factor:  /das/work/units/LBR-FEL/p17490/Peter/Library/work_trees_torchref/dev/paper/data/1RJ1/1RJ1.mtz
Output directory:  /das/work/units/LBR-FEL/p17490/Peter/Library/work_trees_torchref/alignement/alignment_lab/benchmarks/af_mr/runs/dmin4.0/1RJ1/refine_torchref_mr
Refinement mode:   separate
X-ray target:      ml
Refinement cycles: 10
Rigid-body step:   on (iterations/cutoff = 30)
Device:            auto
ADP mode:          isotropic
Wavelength:        1 A
Manual weights:    {"adp": 0.02}
================================================================================

Initializing refinement...
found non-finite F values (NaN/Inf):  0
found non-finite F_sigma values (NaN/Inf):  0
Wilson outlier rejection: 0/13460 (0.0000%) of tested reflections flagged (0 too strong, 0 too weak)
Loaded 1096 atoms
Building restraints...
Found 109 link definitions

Building VDW (non-bonded) restraints...
  Symmetry expansion: 26 valid (symop, offset) combos
  Grid: [10, 17, 9], 880/1530 cells occupied, max 96 entries/cell
  Built 20112 VDW restraints, 2422 symmetry contacts
  Hydrogen topology: 1113 riding H atoms
  H candidate pairs: 51995 (14187 H-H, 37808 H-heavy, 6307 symmetry)
================================================================================
Restraints Summary
================================================================================
CIF file: None
Residue types in dictionary: 20

INTRA-RESIDUE RESTRAINTS:
--------------------------------------------------------------------------------
  Bonds: 968
  Angles: 1066
  Torsions: 278
  Planes: 201
  Chirals: 180

INTER-RESIDUE RESTRAINTS:
--------------------------------------------------------------------------------
  Peptide bonds: 145
  Peptide angles: 442
  Disulfide bonds: 2
  Disulfide angles: 4
  Disulfide torsions: 2
  LINK bonds: 0

BACKBONE TORSIONS:
--------------------------------------------------------------------------------
  Phi: 145
  Psi: 145
  Omega: 145
  Ramachandran: 144

VDW RESTRAINTS:
--------------------------------------------------------------------------------
  Non-bonded contacts: 20112 (17690 intra-ASU, 2422 symmetry)
================================================================================
Generated 1109 hydrogens
ADP representation: isotropic, 2205 parameters, 6.7 work reflections each
Initialized ScalerBase with 10 bins.
Building restraints...

Building VDW (non-bonded) restraints...
  Symmetry expansion: 26 valid (symop, offset) combos
  Grid: [10, 17, 9], 961/1530 cells occupied, max 165 entries/cell
  Built 85566 VDW restraints, 11922 symmetry contacts
================================================================================
Restraints Summary
================================================================================
CIF file: None
Residue types in dictionary: 20

INTRA-RESIDUE RESTRAINTS:
--------------------------------------------------------------------------------
  Bonds: 2077
  Angles: 3452
  Torsions: 425
  Planes: 358
  Chirals: 180

INTER-RESIDUE RESTRAINTS:
--------------------------------------------------------------------------------
  Peptide bonds: 145
  Peptide angles: 580
  Disulfide bonds: 2
  Disulfide angles: 4
  Disulfide torsions: 2
  LINK bonds: 0

BACKBONE TORSIONS:
--------------------------------------------------------------------------------
  Phi: 145
  Psi: 145
  Omega: 145
  Ramachandran: 144

VDW RESTRAINTS:
--------------------------------------------------------------------------------
  Non-bonded contacts: 85566 (73644 intra-ASU, 11922 symmetry)
================================================================================
Initializing TotalGeometryTarget with component targets...
Initializing TotalADPTarget with component targets: simu, locality, sigd
Parametrization built for 5 unique atom types
SfFFT: Using late symmetry (reciprocal space)
Calculating initial scale factors using 10 bins.
Refining scales with LBFGS...
Scale refinement complete. rwork: 0.4173, rfree: 0.4172

Final Scale Parameters: 
  c_iso: tensor([ 1.2033,  1.4541,  0.2850, -0.0241,  0.0385,  0.0336])
  U: tensor([ 0.6182,  0.5611,  0.4995, -0.0417, -0.0042, -0.0167])
  solvent.log_k_solvent: -0.9745774269104004
  solvent.log_ss_half: -3.7992660999298096
  solvent.log_n_exp: 1.4189826250076294
  solvent.phase_offset: 0.11461998522281647
Initialized targets with xray_mode='ml'
Applied manual group weights: {'xray': 1.0, 'geometry': 0.2, 'geometry/ramachandran': 0.0, 'adp': 0.02, 'adp/sigd': 1.0, 'adp/node_load': 10.0, 'adp/node_smoothness': 0.0}
Refinement initialized successfully.

Starting refinement with 10 macro cycles...

Rigid-body step enabled: one multi-resolution rigid-body pass will run once at the start of refinement.


--- Rigid-body step (once, at start) ---
Switched to rigid-body parametrization: RigidXYZTensor(n_atoms=2205, n_chains=1) (1 chain(s))
Filtering: 503/15112 reflections in range [inf - 6.0] Å (503 valid after all masks)
  Note: Adjusted bins from 10 to 5 (min 100 refl/bin)
Initialized ScalerBase with 5 bins.
Calculating initial scale factors using 5 bins.
Calculating initial scale factors using 5 bins.
Refining scales with LBFGS...
Scale refinement complete. rwork: 0.3130, rfree: 0.4350

Final Scale Parameters: 
  c_iso: tensor([-0.0120, -0.1560, -0.3418,  0.2562,  0.1186,  0.2136])
  U: tensor([ 1.0522,  1.2053,  0.8710, -0.4832,  0.0409,  0.0433])
  solvent.log_k_solvent: -1.1600662469863892
  solvent.log_ss_half: -3.8346798419952393
  solvent.log_n_exp: 1.72919762134552
  solvent.phase_offset: 0.0859217569231987
  rigid-body d_min=6.00 (lbfgs, iters=30): Rwork=0.3737 Rfree=0.6333
Filtering: 2765/15112 reflections in range [inf - 3.349858737927863] Å (2765 valid after all masks)
Initialized ScalerBase with 10 bins.
Calculating initial scale factors using 10 bins.
Calculating initial scale factors using 10 bins.
Refining scales with LBFGS...
Scale refinement complete. rwork: 0.3355, rfree: 0.3652

Final Scale Parameters: 
  c_iso: tensor([ 0.9579,  0.5280, -1.0886, -0.1872,  0.2999,  0.4099])
  U: tensor([ 1.4536,  1.3764,  1.3949, -0.0173, -0.0789, -0.0861])
  solvent.log_k_solvent: -1.2118515968322754
  solvent.log_ss_half: -4.328939437866211
  solvent.log_n_exp: 0.7781291007995605
  solvent.phase_offset: 0.08353021740913391
  rigid-body d_min=3.35 (lbfgs, iters=30): Rwork=0.3365 Rfree=0.3788
Filtering: 15112/15112 reflections in range [inf - 1.8702589273452759] Å (15112 valid after all masks)
Initialized ScalerBase with 10 bins.
Calculating initial scale factors using 10 bins.
Calculating initial scale factors using 10 bins.
Refining scales with LBFGS...
Scale refinement complete. rwork: 0.3944, rfree: 0.4044

Final Scale Parameters: 
  c_iso: tensor([ 1.1618,  1.3652,  0.2883, -0.0417,  0.0506,  0.0259])
  U: tensor([ 0.5842,  0.5201,  0.4780, -0.0319, -0.0064, -0.0166])
  solvent.log_k_solvent: -0.9536879658699036
  solvent.log_ss_half: -3.795942544937134
  solvent.log_n_exp: 1.4092408418655396
  solvent.phase_offset: 0.07698890566825867
  rigid-body d_min=1.87 (lbfgs, iters=30): Rwork=0.3964 Rfree=0.4059
Initialized ScalerBase with 10 bins.
Calculating initial scale factors using 10 bins.
Calculating initial scale factors using 10 bins.
Refining scales with LBFGS...
Scale refinement complete. rwork: 0.3936, rfree: 0.4033

Final Scale Parameters: 
  c_iso: tensor([ 1.0471,  1.2220,  0.2616, -0.0434,  0.0513,  0.0272])
  U: tensor([ 0.5319,  0.4712,  0.4254, -0.0327, -0.0045, -0.0174])
  solvent.log_k_solvent: -0.9423765540122986
  solvent.log_ss_half: -3.7703871726989746
  solvent.log_n_exp: 1.4822700023651123
  solvent.phase_offset: 0.07929681986570358
Initialized ScalerBase with 10 bins.
Calculating initial scale factors using 10 bins.
Calculating initial scale factors using 10 bins.
Refining scales with LBFGS...
Scale refinement complete. rwork: 0.3936, rfree: 0.4033

Final Scale Parameters: 
  c_iso: tensor([ 1.0515,  1.2283,  0.2621, -0.0430,  0.0509,  0.0273])
  U: tensor([ 0.5340,  0.4733,  0.4275, -0.0328, -0.0045, -0.0174])
  solvent.log_k_solvent: -0.9435808062553406
  solvent.log_ss_half: -3.7706499099731445
  solvent.log_n_exp: 1.4862719774246216
  solvent.phase_offset: 0.079205721616745

============================================================
LBFGS Refinement - Cycle 1/10
============================================================
Refining scales with LBFGS...
Scale refinement complete. rwork: 0.3936, rfree: 0.4035

Final Scale Parameters: 
  c_iso: tensor([ 1.1962,  1.4181,  0.2933, -0.0370,  0.0481,  0.0295])
  U: tensor([ 0.5992,  0.5383,  0.4928, -0.0326, -0.0047, -0.0174])
  solvent.log_k_solvent: -0.9646471738815308
  solvent.log_ss_half: -3.8135054111480713
  solvent.log_n_exp: 1.3717888593673706
  solvent.phase_offset: 0.07848957180976868
After scaling: Rwork=0.3936, Rfree=0.4035
  VDW rebuild: max drift 1.66 Å > threshold 1.00 Å

Building VDW (non-bonded) restraints...
  Symmetry expansion: 26 valid (symop, offset) combos
  Grid: [10, 17, 9], 961/1530 cells occupied, max 165 entries/cell
  Built 85566 VDW restraints, 11922 symmetry contacts

────────────────────────────────────────────────────────────────────
  XYZ Refinement
────────────────────────────────────────────────────────────────────

  adp (weight: 0.0200)
  ────────────────────────────────────────────────────────────────
    Metric                       Before      After     Change
    locality                   296.5359   296.5359     0.0000
    scaler_U                     6693.5     6693.5     0.0000
    scaler_log_scale           145657.2   145657.2     0.0000
    sigd                         1422.9     1422.9     0.0000
    simu                         3601.7     3601.7     0.0000

  geometry (weight: 0.2000)
  ────────────────────────────────────────────────────────────────
    Metric                       Before      After     Change
    angle                       -9098.4    -9482.9  -384.5068
    bond                        -6893.3    -7300.2  -406.9121
    chiral                     -97.1432  -111.8382   -14.6950
    nonbonded                  -15658.6   -22563.8    -6905.3
    planarity                   -4232.2    -4308.2   -75.9854
    torsion                      2027.9     2045.6   +17.7472

  other (weight: 1.0000)
  ────────────────────────────────────────────────────────────────
    Metric                       Before      After     Change
    xray                        92459.2    90800.7    -1658.5

  Group Totals
  ────────────────────────────────────────────────────────────────
    Group                        Before      After     Change
    adp                          3153.4     3153.4     0.0000
    geometry                    -6790.3    -8344.3    -1553.9
    xray                        92459.2    90800.7    -1658.5
────────────────────────────────────────────────────────────────────
  VDW rebuild: max drift 1.66 Å > threshold 1.00 Å

Building VDW (non-bonded) restraints...
  Symmetry expansion: 26 valid (symop, offset) combos
  Grid: [10, 17, 9], 961/1530 cells occupied, max 165 entries/cell
  Built 85566 VDW restraints, 11922 symmetry contacts

────────────────────────────────────────────────────────────────────
  ADP Refinement
────────────────────────────────────────────────────────────────────

  adp (weight: 0.0200)
  ────────────────────────────────────────────────────────────────
    Metric                       Before      After     Change
    locality                   301.9754    10874.3   +10572.4
    scaler_U                     6693.5     6693.5     0.0000
    scaler_log_scale           145657.2   145657.2     0.0000
    sigd                         1422.9     1527.0  +104.1105
    simu                         3601.7     6527.2    +2925.5

  geometry (weight: 0.2000)
  ────────────────────────────────────────────────────────────────
    Metric                       Before      After     Change
    angle                       -9482.9    -9482.9     0.0000
    bond                        -7300.2    -7300.2     0.0000
    chiral                    -111.8382  -111.8382     0.0000
    nonbonded                  -22563.8   -22563.8     0.0000
    planarity                   -4308.2    -4308.2     0.0000
    torsion                      2045.6     2045.6     0.0000

  other (weight: 1.0000)
  ────────────────────────────────────────────────────────────────
    Metric                       Before      After     Change
    xray                        90800.7    88672.1    -2128.6

  Group Totals
  ────────────────────────────────────────────────────────────────
    Group                        Before      After     Change
    adp                          3153.5     3425.6  +272.0389
    geometry                    -8344.3    -8344.3     0.0000
    xray                        90800.7    88672.1    -2128.6
────────────────────────────────────────────────────────────────────

============================================================
LBFGS Refinement - Cycle 2/10
============================================================
Refining scales with LBFGS...
Scale refinement complete. rwork: 0.2951, rfree: 0.2997

Final Scale Parameters: 
  c_iso: tensor([ 0.7233,  0.7991,  0.1537, -0.0667,  0.0783,  0.0097])
  U: tensor([ 0.3634,  0.3080,  0.2709, -0.0319,  0.0012, -0.0080])
  solvent.log_k_solvent: -0.939210832118988
  solvent.log_ss_half: -3.717954158782959
  solvent.log_n_exp: 1.8186415433883667
  solvent.phase_offset: 0.07874467968940735
After scaling: Rwork=0.2951, Rfree=0.2997
  VDW rebuild: max drift 1.75 Å > threshold 1.00 Å

Building VDW (non-bonded) restraints...
  Symmetry expansion: 26 valid (symop, offset) combos
  Grid: [10, 17, 9], 961/1530 cells occupied, max 165 entries/cell
  Built 85566 VDW restraints, 11922 symmetry contacts

────────────────────────────────────────────────────────────────────
  XYZ Refinement
────────────────────────────────────────────────────────────────────

  adp (weight: 0.0200)
  ────────────────────────────────────────────────────────────────
    Metric                       Before      After     Change
    locality                    10874.3    10874.3     0.0000
    scaler_U                     2236.2     2236.2     0.0000
    scaler_log_scale            42936.6    42936.6     0.0000
    sigd                         1527.0     1527.0     0.0000
    simu                         6527.2     6527.2     0.0000

  geometry (weight: 0.2000)
  ────────────────────────────────────────────────────────────────
    Metric                       Before      After     Change
    angle                       -9482.9    -9643.1  -160.1924
    bond                        -7300.2    -7320.0   -19.8013
    chiral                    -111.8382  -111.3932    +0.4450
    nonbonded                  -22563.8   -22518.7   +45.1816
    planarity                   -4308.2    -4304.3    +3.8916
    torsion                      2045.6     2041.7    -3.9370

  other (weight: 1.0000)
  ────────────────────────────────────────────────────────────────
    Metric                       Before      After     Change
    xray                        88725.3    87266.4    -1458.9

  Group Totals
  ────────────────────────────────────────────────────────────────
    Group                        Before      After     Change
    adp                          1282.0     1282.0     0.0000
    geometry                    -8344.3    -8371.2   -26.8826
    xray                        88725.3    87266.4    -1458.9
────────────────────────────────────────────────────────────────────
  VDW rebuild: max drift 1.75 Å > threshold 1.00 Å

Building VDW (non-bonded) restraints...
  Symmetry expansion: 26 valid (symop, offset) combos
  Grid: [10, 17, 9], 961/1530 cells occupied, max 165 entries/cell
  Built 85566 VDW restraints, 11922 symmetry contacts

────────────────────────────────────────────────────────────────────
  ADP Refinement
────────────────────────────────────────────────────────────────────

  adp (weight: 0.0200)
  ────────────────────────────────────────────────────────────────
    Metric                       Before      After     Change
    locality                    10910.1    17124.4    +6214.2
    scaler_U                     2236.2     2236.2     0.0000
    scaler_log_scale            42936.6    42936.6     0.0000
    sigd                         1527.0     1576.4   +49.4066
    simu                         6527.2     8922.8    +2395.6

  geometry (weight: 0.2000)
  ────────────────────────────────────────────────────────────────
    Metric                       Before      After     Change
    angle                       -9643.1    -9643.1     0.0000
    bond                        -7320.0    -7320.0     0.0000
    chiral                    -111.3932  -111.3932     0.0000
    nonbonded                  -22518.7   -22518.7     0.0000
    planarity                   -4304.3    -4304.3     0.0000
    torsion                      2041.7     2041.7     0.0000

  other (weight: 1.0000)
  ────────────────────────────────────────────────────────────────
    Metric                       Before      After     Change
    xray                        87266.4    86928.6  -337.7578

  Group Totals
  ────────────────────────────────────────────────────────────────
    Group                        Before      After     Change
    adp                          1282.7     1455.9  +173.1842
    geometry                    -8371.2    -8371.2     0.0000
    xray                        87266.4    86928.6  -337.7578
────────────────────────────────────────────────────────────────────

============================================================
LBFGS Refinement - Cycle 3/10
============================================================
Refining scales with LBFGS...
Scale refinement complete. rwork: 0.2579, rfree: 0.2815

Final Scale Parameters: 
  c_iso: tensor([ 0.6689,  0.7193,  0.1314, -0.0687,  0.0783,  0.0062])
  U: tensor([ 0.3362,  0.2793,  0.2465, -0.0297,  0.0006, -0.0053])
  solvent.log_k_solvent: -0.9437454342842102
  solvent.log_ss_half: -3.693568468093872
  solvent.log_n_exp: 1.739824652671814
  solvent.phase_offset: 0.08253847807645798
After scaling: Rwork=0.2579, Rfree=0.2815
  VDW rebuild: max drift 1.92 Å > threshold 1.00 Å

Building VDW (non-bonded) restraints...
  Symmetry expansion: 26 valid (symop, offset) combos
  Grid: [10, 17, 9], 961/1530 cells occupied, max 165 entries/cell
  Built 85566 VDW restraints, 11922 symmetry contacts

────────────────────────────────────────────────────────────────────
  XYZ Refinement
────────────────────────────────────────────────────────────────────

  adp (weight: 0.0200)
  ────────────────────────────────────────────────────────────────
    Metric                       Before      After     Change
    locality                    17124.4    17124.4     0.0000
    scaler_U                     1871.2     1871.2     0.0000
    scaler_log_scale            33918.5    33918.5     0.0000
    sigd                         1576.4     1576.4     0.0000
    simu                         8922.8     8922.8     0.0000

  geometry (weight: 0.2000)
  ────────────────────────────────────────────────────────────────
    Metric                       Before      After     Change
    angle                       -9643.1    -9673.6   -30.4678
    bond                        -7320.0    -7282.0   +37.9966
    chiral                    -111.3932  -109.2879    +2.1052
    nonbonded                  -22518.7   -22608.8   -90.1211
    planarity                   -4304.3    -4313.5    -9.2451
    torsion                      2041.7     2056.2   +14.5323

  other (weight: 1.0000)
  ────────────────────────────────────────────────────────────────
    Metric                       Before      After     Change
    xray                        86940.5    86571.4  -369.0469

  Group Totals
  ────────────────────────────────────────────────────────────────
    Group                        Before      After     Change
    adp                          1268.3     1268.3     0.0000
    geometry                    -8371.2    -8386.2   -15.0398
    xray                        86940.5    86571.4  -369.0469
────────────────────────────────────────────────────────────────────
  VDW rebuild: max drift 1.92 Å > threshold 1.00 Å

Building VDW (non-bonded) restraints...
  Symmetry expansion: 26 valid (symop, offset) combos
  Grid: [10, 17, 9], 961/1530 cells occupied, max 165 entries/cell
  Built 85566 VDW restraints, 11922 symmetry contacts

────────────────────────────────────────────────────────────────────
  ADP Refinement
────────────────────────────────────────────────────────────────────

  adp (weight: 0.0200)
  ────────────────────────────────────────────────────────────────
    Metric                       Before      After     Change
    locality                    17166.4    17831.3  +664.8809
    scaler_U                     1871.2     1871.2     0.0000
    scaler_log_scale            33918.5    33918.5     0.0000
    sigd                         1576.4     1564.8   -11.6178
    simu                         8922.8     9176.0  +253.2412

  geometry (weight: 0.2000)
  ────────────────────────────────────────────────────────────────
    Metric                       Before      After     Change
    angle                       -9673.6    -9673.6     0.0000
    bond                        -7282.0    -7282.0     0.0000
    chiral                    -109.2879  -109.2879     0.0000
    nonbonded                  -22608.8   -22608.8     0.0000
    planarity                   -4313.5    -4313.5     0.0000
    torsion                      2056.2     2056.2     0.0000

  other (weight: 1.0000)
  ────────────────────────────────────────────────────────────────
    Metric                       Before      After     Change
    xray                        86571.4    86535.7   -35.6875

  Group Totals
  ────────────────────────────────────────────────────────────────
    Group                        Before      After     Change
    adp                          1269.1     1287.2   +18.1301
    geometry                    -8386.2    -8386.2     0.0000
    xray                        86571.4    86535.7   -35.6875
────────────────────────────────────────────────────────────────────

============================================================
LBFGS Refinement - Cycle 4/10
============================================================
Refining scales with LBFGS...
Scale refinement complete. rwork: 0.2466, rfree: 0.2709

Final Scale Parameters: 
  c_iso: tensor([ 0.5065,  0.4877,  0.0952, -0.0819,  0.0795, -0.0033])
  U: tensor([ 0.2640,  0.2064,  0.1756, -0.0275,  0.0008, -0.0042])
  solvent.log_k_solvent: -0.9154571294784546
  solvent.log_ss_half: -3.635857343673706
  solvent.log_n_exp: 2.041372776031494
  solvent.phase_offset: 0.08171433955430984
After scaling: Rwork=0.2466, Rfree=0.2709
  VDW rebuild: max drift 2.24 Å > threshold 1.00 Å

Building VDW (non-bonded) restraints...
  Symmetry expansion: 26 valid (symop, offset) combos
  Grid: [10, 17, 9], 961/1530 cells occupied, max 165 entries/cell
  Built 85566 VDW restraints, 11922 symmetry contacts

────────────────────────────────────────────────────────────────────
  XYZ Refinement
────────────────────────────────────────────────────────────────────

  adp (weight: 0.0200)
  ────────────────────────────────────────────────────────────────
    Metric                       Before      After     Change
    locality                    17831.3    17831.3     0.0000
    scaler_U                     1051.0     1051.0     0.0000
    scaler_log_scale            15588.1    15588.1     0.0000
    sigd                         1564.8     1564.8     0.0000
    simu                         9176.0     9176.0     0.0000

  geometry (weight: 0.2000)
  ────────────────────────────────────────────────────────────────
    Metric                       Before      After     Change
    angle                       -9673.6    -9683.7   -10.1670
    bond                        -7282.0    -7307.6   -25.6084
    chiral                    -109.2879  -110.8255    -1.5376
    nonbonded                  -22608.8   -22588.3   +20.4766
    planarity                   -4313.5    -4323.4    -9.8975
    torsion                      2056.2     2065.5    +9.2888

  other (weight: 1.0000)
  ────────────────────────────────────────────────────────────────
    Metric                       Before      After     Change
    xray                        86571.9    86333.1  -238.8516

  Group Totals
  ────────────────────────────────────────────────────────────────
    Group                        Before      After     Change
    adp                        904.2220   904.2220     0.0000
    geometry                    -8386.2    -8389.7    -3.4891
    xray                        86571.9    86333.1  -238.8516
────────────────────────────────────────────────────────────────────
  VDW rebuild: max drift 2.24 Å > threshold 1.00 Å

Building VDW (non-bonded) restraints...
  Symmetry expansion: 26 valid (symop, offset) combos
  Grid: [10, 17, 9], 961/1530 cells occupied, max 165 entries/cell
  Built 85566 VDW restraints, 11922 symmetry contacts

────────────────────────────────────────────────────────────────────
  ADP Refinement
────────────────────────────────────────────────────────────────────

  adp (weight: 0.0200)
  ────────────────────────────────────────────────────────────────
    Metric                       Before      After     Change
    locality                    17923.3    17791.0  -132.2949
    scaler_U                     1051.0     1051.0     0.0000
    scaler_log_scale            15588.1    15588.1     0.0000
    sigd                         1564.8     1560.4    -4.3999
    simu                         9176.0     9147.9   -28.1504

  geometry (weight: 0.2000)
  ────────────────────────────────────────────────────────────────
    Metric                       Before      After     Change
    angle                       -9683.7    -9683.7     0.0000
    bond                        -7307.6    -7307.6     0.0000
    chiral                    -110.8255  -110.8255     0.0000
    nonbonded                  -22588.3   -22588.3     0.0000
    planarity                   -4323.4    -4323.4     0.0000
    torsion                      2065.5     2065.5     0.0000

  other (weight: 1.0000)
  ────────────────────────────────────────────────────────────────
    Metric                       Before      After     Change
    xray                        86333.1    86339.4    +6.2812

  Group Totals
  ────────────────────────────────────────────────────────────────
    Group                        Before      After     Change
    adp                        906.0608   902.7638    -3.2969
    geometry                    -8389.7    -8389.7     0.0000
    xray                        86333.1    86339.4    +6.2812
────────────────────────────────────────────────────────────────────

============================================================
LBFGS Refinement - Cycle 5/10
============================================================
Refining scales with LBFGS...
Scale refinement complete. rwork: 0.2429, rfree: 0.2703

Final Scale Parameters: 
  c_iso: tensor([ 0.4599,  0.4317,  0.0820, -0.0796,  0.0764, -0.0032])
  U: tensor([ 0.2464,  0.1885,  0.1575, -0.0269,  0.0009, -0.0035])
  solvent.log_k_solvent: -0.914887547492981
  solvent.log_ss_half: -3.6117050647735596
  solvent.log_n_exp: 2.405008554458618
  solvent.phase_offset: 0.07567910850048065
After scaling: Rwork=0.2429, Rfree=0.2703
  VDW rebuild: max drift 2.61 Å > threshold 1.00 Å

Building VDW (non-bonded) restraints...
  Symmetry expansion: 26 valid (symop, offset) combos
  Grid: [10, 17, 9], 961/1530 cells occupied, max 165 entries/cell
  Built 85566 VDW restraints, 11922 symmetry contacts

────────────────────────────────────────────────────────────────────
  XYZ Refinement
────────────────────────────────────────────────────────────────────

  adp (weight: 0.0200)
  ────────────────────────────────────────────────────────────────
    Metric                       Before      After     Change
    locality                    17791.0    17791.0     0.0000
    scaler_U                   884.0120   884.0120     0.0000
    scaler_log_scale            11972.9    11972.9     0.0000
    sigd                         1560.4     1560.4     0.0000
    simu                         9147.9     9147.9     0.0000

  geometry (weight: 0.2000)
  ────────────────────────────────────────────────────────────────
    Metric                       Before      After     Change
    angle                       -9683.7    -9685.0    -1.2793
    bond                        -7307.6    -7292.5   +15.1782
    chiral                    -110.8255  -109.7413    +1.0842
    nonbonded                  -22588.3   -22612.8   -24.5176
    planarity                   -4323.4    -4323.6    -0.2207
    torsion                      2065.5     2090.4   +24.9282

  other (weight: 1.0000)
  ────────────────────────────────────────────────────────────────
    Metric                       Before      After     Change
    xray                        86374.5    86237.0  -137.4922

  Group Totals
  ────────────────────────────────────────────────────────────────
    Group                        Before      After     Change
    adp                        827.1208   827.1208     0.0000
    geometry                    -8389.7    -8386.6    +3.0348
    xray                        86374.5    86237.0  -137.4922
────────────────────────────────────────────────────────────────────
  VDW rebuild: max drift 2.61 Å > threshold 1.00 Å

Building VDW (non-bonded) restraints...
  Symmetry expansion: 26 valid (symop, offset) combos
  Grid: [10, 17, 9], 961/1530 cells occupied, max 165 entries/cell
  Built 85566 VDW restraints, 11922 symmetry contacts

────────────────────────────────────────────────────────────────────
  ADP Refinement
────────────────────────────────────────────────────────────────────

  adp (weight: 0.0200)
  ────────────────────────────────────────────────────────────────
    Metric                       Before      After     Change
    locality                    17834.3    17653.7  -180.6270
    scaler_U                   884.0120   884.0120     0.0000
    scaler_log_scale            11972.9    11972.9     0.0000
    sigd                         1560.4     1563.5    +3.1603
    simu                         9147.9     9064.1   -83.7910

  geometry (weight: 0.2000)
  ────────────────────────────────────────────────────────────────
    Metric                       Before      After     Change
    angle                       -9685.0    -9685.0     0.0000
    bond                        -7292.5    -7292.5     0.0000
    chiral                    -109.7413  -109.7413     0.0000
    nonbonded                  -22612.8   -22612.8     0.0000
    planarity                   -4323.6    -4323.6     0.0000
    torsion                      2090.4     2090.4     0.0000

  other (weight: 1.0000)
  ────────────────────────────────────────────────────────────────
    Metric                       Before      After     Change
    xray                        86237.0    86240.1    +3.1172

  Group Totals
  ────────────────────────────────────────────────────────────────
    Group                        Before      After     Change
    adp                        827.9875   822.7623    -5.2252
    geometry                    -8386.6    -8386.6     0.0000
    xray                        86237.0    86240.1    +3.1172
────────────────────────────────────────────────────────────────────

============================================================
LBFGS Refinement - Cycle 6/10
============================================================
Refining scales with LBFGS...
Scale refinement complete. rwork: 0.2404, rfree: 0.2665

Final Scale Parameters: 
  c_iso: tensor([ 0.4601,  0.4300,  0.0823, -0.0793,  0.0746, -0.0051])
  U: tensor([ 0.2484,  0.1919,  0.1605, -0.0268,  0.0012, -0.0042])
  solvent.log_k_solvent: -0.9093247056007385
  solvent.log_ss_half: -3.6098172664642334
  solvent.log_n_exp: 2.4037790298461914
  solvent.phase_offset: 0.07926502078771591
After scaling: Rwork=0.2404, Rfree=0.2665
  VDW rebuild: max drift 2.80 Å > threshold 1.00 Å

Building VDW (non-bonded) restraints...
  Symmetry expansion: 26 valid (symop, offset) combos
  Grid: [10, 17, 9], 961/1530 cells occupied, max 165 entries/cell
  Built 85566 VDW restraints, 11922 symmetry contacts

────────────────────────────────────────────────────────────────────
  XYZ Refinement
────────────────────────────────────────────────────────────────────

  adp (weight: 0.0200)
  ────────────────────────────────────────────────────────────────
    Metric                       Before      After     Change
    locality                    17653.7    17653.7     0.0000
    scaler_U                   909.1613   909.1613     0.0000
    scaler_log_scale            11996.3    11996.3     0.0000
    sigd                         1563.5     1563.5     0.0000
    simu                         9064.1     9064.1     0.0000

  geometry (weight: 0.2000)
  ────────────────────────────────────────────────────────────────
    Metric                       Before      After     Change
    angle                       -9685.0    -9686.9    -1.8516
    bond                        -7292.5    -7303.3   -10.8389
    chiral                    -109.7413  -110.3794    -0.6381
    nonbonded                  -22612.8   -22604.5    +8.3672
    planarity                   -4323.6    -4330.7    -7.1055
    torsion                      2090.4     2091.9    +1.4155

  other (weight: 1.0000)
  ────────────────────────────────────────────────────────────────
    Metric                       Before      After     Change
    xray                        86267.7    86166.5  -101.1797

  Group Totals
  ────────────────────────────────────────────────────────────────
    Group                        Before      After     Change
    adp                        823.7347   823.7347     0.0000
    geometry                    -8386.6    -8388.8    -2.1303
    xray                        86267.7    86166.5  -101.1797
────────────────────────────────────────────────────────────────────
  VDW rebuild: max drift 2.80 Å > threshold 1.00 Å

Building VDW (non-bonded) restraints...
  Symmetry expansion: 26 valid (symop, offset) combos
  Grid: [10, 17, 9], 961/1530 cells occupied, max 165 entries/cell
  Built 85566 VDW restraints, 11922 symmetry contacts

────────────────────────────────────────────────────────────────────
  ADP Refinement
────────────────────────────────────────────────────────────────────

  adp (weight: 0.0200)
  ────────────────────────────────────────────────────────────────
    Metric                       Before      After     Change
    locality                    17721.2    17961.6  +240.4336
    scaler_U                   909.1613   909.1613     0.0000
    scaler_log_scale            11996.3    11996.3     0.0000
    sigd                         1563.5     1567.8    +4.3063
    simu                         9064.1     9183.3  +119.1943

  geometry (weight: 0.2000)
  ────────────────────────────────────────────────────────────────
    Metric                       Before      After     Change
    angle                       -9686.9    -9686.9     0.0000
    bond                        -7303.3    -7303.3     0.0000
    chiral                    -110.3794  -110.3794     0.0000
    nonbonded                  -22604.5   -22604.5     0.0000
    planarity                   -4330.7    -4330.7     0.0000
    torsion                      2091.9     2091.9     0.0000

  other (weight: 1.0000)
  ────────────────────────────────────────────────────────────────
    Metric                       Before      After     Change
    xray                        86166.5    86160.5    -5.9531

  Group Totals
  ────────────────────────────────────────────────────────────────
    Group                        Before      After     Change
    adp                        825.0851   832.3638    +7.2787
    geometry                    -8388.8    -8388.8     0.0000
    xray                        86166.5    86160.5    -5.9531
────────────────────────────────────────────────────────────────────

============================================================
LBFGS Refinement - Cycle 7/10
============================================================
Refining scales with LBFGS...
Scale refinement complete. rwork: 0.2393, rfree: 0.2693

Final Scale Parameters: 
  c_iso: tensor([ 0.5079,  0.4860,  0.0942, -0.0780,  0.0732, -0.0055])
  U: tensor([ 0.2726,  0.2157,  0.1834, -0.0283,  0.0008, -0.0043])
  solvent.log_k_solvent: -0.9157212972640991
  solvent.log_ss_half: -3.6171693801879883
  solvent.log_n_exp: 2.112724781036377
  solvent.phase_offset: 0.06823420524597168
After scaling: Rwork=0.2393, Rfree=0.2693
  VDW rebuild: max drift 2.91 Å > threshold 1.00 Å

Building VDW (non-bonded) restraints...
  Symmetry expansion: 26 valid (symop, offset) combos
  Grid: [10, 17, 9], 961/1530 cells occupied, max 165 entries/cell
  Built 85566 VDW restraints, 11922 symmetry contacts

────────────────────────────────────────────────────────────────────
  XYZ Refinement
────────────────────────────────────────────────────────────────────

  adp (weight: 0.0200)
  ────────────────────────────────────────────────────────────────
    Metric                       Before      After     Change
    locality                    17961.6    17961.6     0.0000
    scaler_U                     1136.4     1136.4     0.0000
    scaler_log_scale            15669.5    15669.5     0.0000
    sigd                         1567.8     1567.8     0.0000
    simu                         9183.3     9183.3     0.0000

  geometry (weight: 0.2000)
  ────────────────────────────────────────────────────────────────
    Metric                       Before      After     Change
    angle                       -9686.9    -9661.7   +25.1162
    bond                        -7303.3    -7271.2   +32.1377
    chiral                    -110.3794  -109.9029    +0.4765
    nonbonded                  -22604.5   -22603.7    +0.7227
    planarity                   -4330.7    -4324.7    +6.0098
    torsion                      2091.9     2098.4    +6.5466

  other (weight: 1.0000)
  ────────────────────────────────────────────────────────────────
    Metric                       Before      After     Change
    xray                        86189.2    86108.7   -80.4609

  Group Totals
  ────────────────────────────────────────────────────────────────
    Group                        Before      After     Change
    adp                        910.3728   910.3728     0.0000
    geometry                    -8388.8    -8374.6   +14.2017
    xray                        86189.2    86108.7   -80.4609
────────────────────────────────────────────────────────────────────
  VDW rebuild: max drift 2.91 Å > threshold 1.00 Å

Building VDW (non-bonded) restraints...
  Symmetry expansion: 26 valid (symop, offset) combos
  Grid: [10, 17, 9], 961/1530 cells occupied, max 165 entries/cell
  Built 85566 VDW restraints, 11922 symmetry contacts

────────────────────────────────────────────────────────────────────
  ADP Refinement
────────────────────────────────────────────────────────────────────

  adp (weight: 0.0200)
  ────────────────────────────────────────────────────────────────
    Metric                       Before      After     Change
    locality                    18017.1    17710.9  -306.1836
    scaler_U                     1136.4     1136.4     0.0000
    scaler_log_scale            15669.5    15669.5     0.0000
    sigd                         1567.8     1572.5    +4.6301
    simu                         9183.3     9014.9  -168.3477

  geometry (weight: 0.2000)
  ────────────────────────────────────────────────────────────────
    Metric                       Before      After     Change
    angle                       -9661.7    -9661.7     0.0000
    bond                        -7271.2    -7271.2     0.0000
    chiral                    -109.9029  -109.9029     0.0000
    nonbonded                  -22603.7   -22603.7     0.0000
    planarity                   -4324.7    -4324.7     0.0000
    torsion                      2098.4     2098.4     0.0000

  other (weight: 1.0000)
  ────────────────────────────────────────────────────────────────
    Metric                       Before      After     Change
    xray                        86108.7    86120.5   +11.8281

  Group Totals
  ────────────────────────────────────────────────────────────────
    Group                        Before      After     Change
    adp                        911.4824   902.0843    -9.3980
    geometry                    -8374.6    -8374.6     0.0000
    xray                        86108.7    86120.5   +11.8281
────────────────────────────────────────────────────────────────────

============================================================
LBFGS Refinement - Cycle 8/10
============================================================
Refining scales with LBFGS...
Scale refinement complete. rwork: 0.2377, rfree: 0.2663

Final Scale Parameters: 
  c_iso: tensor([ 0.5102,  0.4798,  0.0967, -0.0802,  0.0745, -0.0075])
  U: tensor([ 2.7498e-01,  2.1786e-01,  1.8589e-01, -2.8625e-02,  1.4841e-04,
        -4.5410e-03])
  solvent.log_k_solvent: -0.9105385541915894
  solvent.log_ss_half: -3.628145694732666
  solvent.log_n_exp: 1.9783531427383423
  solvent.phase_offset: 0.06391488760709763
After scaling: Rwork=0.2377, Rfree=0.2663
  VDW rebuild: max drift 2.93 Å > threshold 1.00 Å

Building VDW (non-bonded) restraints...
  Symmetry expansion: 26 valid (symop, offset) combos
  Grid: [10, 17, 9], 961/1530 cells occupied, max 165 entries/cell
  Built 85566 VDW restraints, 11922 symmetry contacts

────────────────────────────────────────────────────────────────────
  XYZ Refinement
────────────────────────────────────────────────────────────────────

  adp (weight: 0.0200)
  ────────────────────────────────────────────────────────────────
    Metric                       Before      After     Change
    locality                    17710.9    17710.9     0.0000
    scaler_U                     1160.3     1160.3     0.0000
    scaler_log_scale            15508.0    15508.0     0.0000
    sigd                         1572.5     1572.5     0.0000
    simu                         9014.9     9014.9     0.0000

  geometry (weight: 0.2000)
  ────────────────────────────────────────────────────────────────
    Metric                       Before      After     Change
    angle                       -9661.7    -9665.9    -4.1406
    bond                        -7271.2    -7299.9   -28.7021
    chiral                    -109.9029  -108.8170    +1.0859
    nonbonded                  -22603.7   -22601.4    +2.2871
    planarity                   -4324.7    -4328.3    -3.5781
    torsion                      2098.4     2100.3    +1.8618

  other (weight: 1.0000)
  ────────────────────────────────────────────────────────────────
    Metric                       Before      After     Change
    xray                        86131.3    86047.8   -83.4297

  Group Totals
  ────────────────────────────────────────────────────────────────
    Group                        Before      After     Change
    adp                        899.3319   899.3319     0.0000
    geometry                    -8374.6    -8380.8    -6.2370
    xray                        86131.3    86047.8   -83.4297
────────────────────────────────────────────────────────────────────
  VDW rebuild: max drift 2.93 Å > threshold 1.00 Å

Building VDW (non-bonded) restraints...
  Symmetry expansion: 26 valid (symop, offset) combos
  Grid: [10, 17, 9], 961/1530 cells occupied, max 165 entries/cell
  Built 85566 VDW restraints, 11922 symmetry contacts

────────────────────────────────────────────────────────────────────
  ADP Refinement
────────────────────────────────────────────────────────────────────

  adp (weight: 0.0200)
  ────────────────────────────────────────────────────────────────
    Metric                       Before      After     Change
    locality                    17764.7    17733.6   -31.1016
    scaler_U                     1160.3     1160.3     0.0000
    scaler_log_scale            15508.0    15508.0     0.0000
    sigd                         1572.5     1575.2    +2.7584
    simu                         9014.9     9037.8   +22.8887

  geometry (weight: 0.2000)
  ────────────────────────────────────────────────────────────────
    Metric                       Before      After     Change
    angle                       -9665.9    -9665.9     0.0000
    bond                        -7299.9    -7299.9     0.0000
    chiral                    -108.8170  -108.8170     0.0000
    nonbonded                  -22601.4   -22601.4     0.0000
    planarity                   -4328.3    -4328.3     0.0000
    torsion                      2100.3     2100.3     0.0000

  other (weight: 1.0000)
  ────────────────────────────────────────────────────────────────
    Metric                       Before      After     Change
    xray                        86047.8    86057.5    +9.6484

  Group Totals
  ────────────────────────────────────────────────────────────────
    Group                        Before      After     Change
    adp                        900.4075   900.2985    -0.1091
    geometry                    -8380.8    -8380.8     0.0000
    xray                        86047.8    86057.5    +9.6484
────────────────────────────────────────────────────────────────────

============================================================
LBFGS Refinement - Cycle 9/10
============================================================
Refining scales with LBFGS...
Scale refinement complete. rwork: 0.2369, rfree: 0.2644

Final Scale Parameters: 
  c_iso: tensor([ 0.5113,  0.4792,  0.0980, -0.0810,  0.0738, -0.0084])
  U: tensor([ 0.2786,  0.2210,  0.1888, -0.0298, -0.0005, -0.0048])
  solvent.log_k_solvent: -0.9091294407844543
  solvent.log_ss_half: -3.6214237213134766
  solvent.log_n_exp: 1.9788353443145752
  solvent.phase_offset: 0.06292615830898285
After scaling: Rwork=0.2369, Rfree=0.2644
  VDW rebuild: max drift 3.05 Å > threshold 1.00 Å

Building VDW (non-bonded) restraints...
  Symmetry expansion: 26 valid (symop, offset) combos
  Grid: [10, 17, 9], 961/1530 cells occupied, max 165 entries/cell
  Built 85566 VDW restraints, 11922 symmetry contacts

────────────────────────────────────────────────────────────────────
  XYZ Refinement
────────────────────────────────────────────────────────────────────

  adp (weight: 0.0200)
  ────────────────────────────────────────────────────────────────
    Metric                       Before      After     Change
    locality                    17733.6    17733.6     0.0000
    scaler_U                     1193.6     1193.6     0.0000
    scaler_log_scale            15621.5    15621.5     0.0000
    sigd                         1575.2     1575.2     0.0000
    simu                         9037.8     9037.8     0.0000

  geometry (weight: 0.2000)
  ────────────────────────────────────────────────────────────────
    Metric                       Before      After     Change
    angle                       -9665.9    -9613.6   +52.3076
    bond                        -7299.9    -7283.6   +16.2979
    chiral                    -108.8170  -105.8877    +2.9293
    nonbonded                  -22601.4   -22595.7    +5.7129
    planarity                   -4328.3    -4321.2    +7.0967
    torsion                      2100.3     2108.4    +8.0974

  other (weight: 1.0000)
  ────────────────────────────────────────────────────────────────
    Metric                       Before      After     Change
    xray                        86064.1    85977.9   -86.1172

  Group Totals
  ────────────────────────────────────────────────────────────────
    Group                        Before      After     Change
    adp                        903.2328   903.2328     0.0000
    geometry                    -8380.8    -8362.3   +18.4883
    xray                        86064.1    85977.9   -86.1172
────────────────────────────────────────────────────────────────────
  VDW rebuild: max drift 3.05 Å > threshold 1.00 Å

Building VDW (non-bonded) restraints...
  Symmetry expansion: 26 valid (symop, offset) combos
  Grid: [10, 17, 9], 961/1530 cells occupied, max 165 entries/cell
  Built 85566 VDW restraints, 11922 symmetry contacts

────────────────────────────────────────────────────────────────────
  ADP Refinement
────────────────────────────────────────────────────────────────────

  adp (weight: 0.0200)
  ────────────────────────────────────────────────────────────────
    Metric                       Before      After     Change
    locality                    17758.3    17700.7   -57.5137
    scaler_U                     1193.6     1193.6     0.0000
    scaler_log_scale            15621.5    15621.5     0.0000
    sigd                         1575.2     1580.2    +5.0093
    simu                         9037.8     8998.2   -39.6221

  geometry (weight: 0.2000)
  ────────────────────────────────────────────────────────────────
    Metric                       Before      After     Change
    angle                       -9613.6    -9613.6     0.0000
    bond                        -7283.6    -7283.6     0.0000
    chiral                    -105.8877  -105.8877     0.0000
    nonbonded                  -22595.7   -22595.7     0.0000
    planarity                   -4321.2    -4321.2     0.0000
    torsion                      2108.4     2108.4     0.0000

  other (weight: 1.0000)
  ────────────────────────────────────────────────────────────────
    Metric                       Before      After     Change
    xray                        85977.9    85972.3    -5.6406

  Group Totals
  ────────────────────────────────────────────────────────────────
    Group                        Before      After     Change
    adp                        903.7259   901.8834    -1.8425
    geometry                    -8362.3    -8362.3     0.0000
    xray                        85977.9    85972.3    -5.6406
────────────────────────────────────────────────────────────────────

============================================================
LBFGS Refinement - Cycle 10/10
============================================================
Refining scales with LBFGS...
Scale refinement complete. rwork: 0.2353, rfree: 0.2630

Final Scale Parameters: 
  c_iso: tensor([ 0.5284,  0.5016,  0.1009, -0.0799,  0.0714, -0.0083])
  U: tensor([ 0.2882,  0.2309,  0.1988, -0.0303, -0.0007, -0.0048])
  solvent.log_k_solvent: -0.9120619297027588
  solvent.log_ss_half: -3.6233115196228027
  solvent.log_n_exp: 2.002578020095825
  solvent.phase_offset: 0.06393693387508392
After scaling: Rwork=0.2353, Rfree=0.2630
  VDW rebuild: max drift 3.30 Å > threshold 1.00 Å

Building VDW (non-bonded) restraints...
  Symmetry expansion: 26 valid (symop, offset) combos
  Grid: [10, 17, 9], 961/1530 cells occupied, max 165 entries/cell
  Built 85566 VDW restraints, 11922 symmetry contacts

────────────────────────────────────────────────────────────────────
  XYZ Refinement
────────────────────────────────────────────────────────────────────

  adp (weight: 0.0200)
  ────────────────────────────────────────────────────────────────
    Metric                       Before      After     Change
    locality                    17700.7    17700.7     0.0000
    scaler_U                     1298.3     1298.3     0.0000
    scaler_log_scale            17159.7    17159.7     0.0000
    sigd                         1580.2     1580.2     0.0000
    simu                         8998.2     8998.2     0.0000

  geometry (weight: 0.2000)
  ────────────────────────────────────────────────────────────────
    Metric                       Before      After     Change
    angle                       -9613.6    -9623.8   -10.1875
    bond                        -7283.6    -7293.6   -10.0615
    chiral                    -105.8877  -101.2588    +4.6289
    nonbonded                  -22595.7   -22608.1   -12.3379
    planarity                   -4321.2    -4325.3    -4.0688
    torsion                      2108.4     2107.6    -0.7771

  other (weight: 1.0000)
  ────────────────────────────────────────────────────────────────
    Metric                       Before      After     Change
    xray                        85989.8    85916.0   -73.8047

  Group Totals
  ────────────────────────────────────────────────────────────────
    Group                        Before      After     Change
    adp                        934.7421   934.7421     0.0000
    geometry                    -8362.3    -8368.9    -6.5610
    xray                        85989.8    85916.0   -73.8047
────────────────────────────────────────────────────────────────────
  VDW rebuild: max drift 3.30 Å > threshold 1.00 Å

Building VDW (non-bonded) restraints...
  Symmetry expansion: 26 valid (symop, offset) combos
  Grid: [10, 17, 9], 961/1530 cells occupied, max 165 entries/cell
  Built 85566 VDW restraints, 11922 symmetry contacts

────────────────────────────────────────────────────────────────────
  ADP Refinement
────────────────────────────────────────────────────────────────────

  adp (weight: 0.0200)
  ────────────────────────────────────────────────────────────────
    Metric                       Before      After     Change
    locality                    17708.9    17874.2  +165.2754
    scaler_U                     1298.3     1298.3     0.0000
    scaler_log_scale            17159.7    17159.7     0.0000
    sigd                         1580.2     1585.2    +5.0071
    simu                         8998.2     9065.0   +66.7822

  geometry (weight: 0.2000)
  ────────────────────────────────────────────────────────────────
    Metric                       Before      After     Change
    angle                       -9623.8    -9623.8     0.0000
    bond                        -7293.6    -7293.6     0.0000
    chiral                    -101.2588  -101.2588     0.0000
    nonbonded                  -22608.1   -22608.1     0.0000
    planarity                   -4325.3    -4325.3     0.0000
    torsion                      2107.6     2107.6     0.0000

  other (weight: 1.0000)
  ────────────────────────────────────────────────────────────────
    Metric                       Before      After     Change
    xray                        85916.0    85911.0    -5.0391

  Group Totals
  ────────────────────────────────────────────────────────────────
    Group                        Before      After     Change
    adp                        934.9054   939.6467    +4.7413
    geometry                    -8368.9    -8368.9     0.0000
    xray                        85916.0    85911.0    -5.0391
────────────────────────────────────────────────────────────────────
Calculating initial scale factors using 10 bins.
Refining scales with LBFGS...
Scale refinement complete. rwork: 0.2351, rfree: 0.2629

Final Scale Parameters: 
  c_iso: tensor([ 0.5291,  0.5117,  0.0972, -0.0763,  0.0691, -0.0067])
  U: tensor([ 0.2919,  0.2340,  0.2020, -0.0308, -0.0005, -0.0044])
  solvent.log_k_solvent: -0.9168915748596191
  solvent.log_ss_half: -3.629929780960083
  solvent.log_n_exp: 1.971035122871399
  solvent.phase_offset: 0.06492312252521515

Refinement completed successfully.

Saving results to /das/work/units/LBR-FEL/p17490/Peter/Library/work_trees_torchref/alignement/alignment_lab/benchmarks/af_mr/runs/dmin4.0/1RJ1/refine_torchref_mr...
  Refined structure (PDB): /das/work/units/LBR-FEL/p17490/Peter/Library/work_trees_torchref/alignement/alignment_lab/benchmarks/af_mr/runs/dmin4.0/1RJ1/refine_torchref_mr/refined.pdb
  Refined structure (mmCIF): /das/work/units/LBR-FEL/p17490/Peter/Library/work_trees_torchref/alignement/alignment_lab/benchmarks/af_mr/runs/dmin4.0/1RJ1/refine_torchref_mr/refined.cif
Added map coefficients:
  2Fo-Fc: FWT, PHWT
  Fo-Fc: DELFWT, PHDELWT
  Resolution range: 1.87 - 19.25 Å
✓ Wrote MTZ file: /das/work/units/LBR-FEL/p17490/Peter/Library/work_trees_torchref/alignement/alignment_lab/benchmarks/af_mr/runs/dmin4.0/1RJ1/refine_torchref_mr/refined.mtz
  Reflections: 15112
  Columns: H, K, L, F-obs, SIGF-obs, R-free-flags, FWT, PHWT, DELFWT, PHDELWT, F-model, PH-model
  Refined structure factors: /das/work/units/LBR-FEL/p17490/Peter/Library/work_trees_torchref/alignement/alignment_lab/benchmarks/af_mr/runs/dmin4.0/1RJ1/refine_torchref_mr/refined.mtz
  Refinement history: /das/work/units/LBR-FEL/p17490/Peter/Library/work_trees_torchref/alignement/alignment_lab/benchmarks/af_mr/runs/dmin4.0/1RJ1/refine_torchref_mr/refinement_history.json

================================================================================
Refinement Summary
================================================================================
R-work:  0.2351 (14812 reflections)
R-free:  0.2629 (300 reflections)
NLL work: 85935.30
NLL test: 1782.97
================================================================================

Output files:
  - /das/work/units/LBR-FEL/p17490/Peter/Library/work_trees_torchref/alignement/alignment_lab/benchmarks/af_mr/runs/dmin4.0/1RJ1/refine_torchref_mr/refined.pdb
  - /das/work/units/LBR-FEL/p17490/Peter/Library/work_trees_torchref/alignement/alignment_lab/benchmarks/af_mr/runs/dmin4.0/1RJ1/refine_torchref_mr/refined.cif
  - /das/work/units/LBR-FEL/p17490/Peter/Library/work_trees_torchref/alignement/alignment_lab/benchmarks/af_mr/runs/dmin4.0/1RJ1/refine_torchref_mr/refined.mtz
  - /das/work/units/LBR-FEL/p17490/Peter/Library/work_trees_torchref/alignement/alignment_lab/benchmarks/af_mr/runs/dmin4.0/1RJ1/refine_torchref_mr/refinement_history.json

Refinement completed successfully!

Timing: 298.2s wall, 168.9s CPU
