/das/work/units/LBR-FEL/p17490/Peter/Library/work_trees_torchref/alignement/torchref/cli/refine.py:21: UserWarning: TorchRef using user-specified 8 threads from TORCHREF_NUM_THREADS.
  from torchref.cli._common import (
================================================================================
TorchRef LBFGS Refinement
================================================================================
Model:             /das/work/units/LBR-FEL/p17490/Peter/Library/work_trees_torchref/dev/paper/figure2_alphafold_start/placed/1WDV_af.pdb
Structure factor:  /das/work/units/LBR-FEL/p17490/Peter/Library/work_trees_torchref/dev/paper/data/1WDV/1WDV.mtz
Output directory:  /das/work/units/LBR-FEL/p17490/Peter/Library/work_trees_torchref/alignement/alignment_lab/benchmarks/af_mr/runs/dmin3.0/1WDV/refine_phaser_mr
Refinement mode:   separate
X-ray target:      ml
Refinement cycles: 10
Rigid-body step:   on (iterations/cutoff = 30)
Device:            auto
ADP mode:          isotropic
Wavelength:        1 A
Manual weights:    {"adp": 0.02}
================================================================================

Initializing refinement...
found non-finite F values (NaN/Inf):  0
found non-finite F_sigma values (NaN/Inf):  0
Wilson outlier rejection: 0/28780 (0.0000%) of tested reflections flagged (0 too strong, 0 too weak)
Loaded 2232 atoms
Building restraints...
Found 109 link definitions

Building VDW (non-bonded) restraints...
  Symmetry expansion: 25 valid (symop, offset) combos
  Grid: [7, 9, 8], 443/504 cells occupied, max 299 entries/cell
  Built 37704 VDW restraints, 3600 symmetry contacts
  Hydrogen topology: 2354 riding H atoms
  H candidate pairs: 101336 (27142 H-H, 74194 H-heavy, 8788 symmetry)
================================================================================
Restraints Summary
================================================================================
CIF file: None
Residue types in dictionary: 17

INTRA-RESIDUE RESTRAINTS:
--------------------------------------------------------------------------------
  Bonds: 1970
  Angles: 2182
  Torsions: 588
  Planes: 414
  Chirals: 376

INTER-RESIDUE RESTRAINTS:
--------------------------------------------------------------------------------
  Peptide bonds: 290
  Peptide angles: 888
  Disulfide bonds: 0
  Disulfide angles: 0
  Disulfide torsions: 0
  LINK bonds: 0

BACKBONE TORSIONS:
--------------------------------------------------------------------------------
  Phi: 290
  Psi: 290
  Omega: 290
  Ramachandran: 284

VDW RESTRAINTS:
--------------------------------------------------------------------------------
  Non-bonded contacts: 37704 (34104 intra-ASU, 3600 symmetry)
================================================================================
Generated 2354 hydrogens
ADP representation: isotropic, 4586 parameters, 6.7 work reflections each
Initialized ScalerBase with 10 bins.
Building restraints...

Building VDW (non-bonded) restraints...
  Symmetry expansion: 25 valid (symop, offset) combos
  Grid: [7, 9, 8], 462/504 cells occupied, max 533 entries/cell
  Built 170795 VDW restraints, 18270 symmetry contacts
================================================================================
Restraints Summary
================================================================================
CIF file: None
Residue types in dictionary: 17

INTRA-RESIDUE RESTRAINTS:
--------------------------------------------------------------------------------
  Bonds: 4324
  Angles: 7256
  Torsions: 940
  Planes: 740
  Chirals: 376

INTER-RESIDUE RESTRAINTS:
--------------------------------------------------------------------------------
  Peptide bonds: 290
  Peptide angles: 1160
  Disulfide bonds: 0
  Disulfide angles: 0
  Disulfide torsions: 0
  LINK bonds: 0

BACKBONE TORSIONS:
--------------------------------------------------------------------------------
  Phi: 290
  Psi: 290
  Omega: 290
  Ramachandran: 284

VDW RESTRAINTS:
--------------------------------------------------------------------------------
  Non-bonded contacts: 170795 (152525 intra-ASU, 18270 symmetry)
================================================================================
Initializing TotalGeometryTarget with component targets...
Initializing TotalADPTarget with component targets: simu, locality, sigd
Parametrization built for 4 unique atom types
SfFFT: Using late symmetry (reciprocal space)
Calculating initial scale factors using 10 bins.
Refining scales with LBFGS...
Scale refinement complete. rwork: 0.4138, rfree: 0.3973

Final Scale Parameters: 
  c_iso: tensor([ 1.4452,  1.6262,  0.6302, -0.1932,  0.1284, -0.0708])
  U: tensor([ 0.5832,  0.5546,  0.5501,  0.0011, -0.0040, -0.0022])
  solvent.log_k_solvent: -0.9734306335449219
  solvent.log_ss_half: -3.8881430625915527
  solvent.log_n_exp: 1.311134934425354
  solvent.phase_offset: 0.015949755907058716
Initialized targets with xray_mode='ml'
Applied manual group weights: {'xray': 1.0, 'geometry': 0.2, 'geometry/ramachandran': 0.0, 'adp': 0.02, 'adp/sigd': 1.0, 'adp/node_load': 10.0, 'adp/node_smoothness': 0.0}
Refinement initialized successfully.

Starting refinement with 10 macro cycles...

Rigid-body step enabled: one multi-resolution rigid-body pass will run once at the start of refinement.


--- Rigid-body step (once, at start) ---
Switched to rigid-body parametrization: RigidXYZTensor(n_atoms=4586, n_chains=2) (2 chain(s))
Filtering: 709/31203 reflections in range [inf - 6.0] Å (709 valid after all masks)
  Note: Adjusted bins from 10 to 7 (min 100 refl/bin)
Initialized ScalerBase with 7 bins.
Calculating initial scale factors using 7 bins.
Calculating initial scale factors using 7 bins.
Refining scales with LBFGS...
Scale refinement complete. rwork: 0.3005, rfree: 0.2572

Final Scale Parameters: 
  c_iso: tensor([ 0.0751, -0.2642, -0.1287,  0.0790,  0.2317, -0.0060])
  U: tensor([ 0.8074,  0.6739,  0.9372,  0.1266, -0.0942, -0.1014])
  solvent.log_k_solvent: -1.0295677185058594
  solvent.log_ss_half: -4.9313554763793945
  solvent.log_n_exp: 2.9958689212799072
  solvent.phase_offset: -0.018756244331598282
  rigid-body d_min=6.00 (lbfgs, iters=30): Rwork=0.2938 Rfree=0.2567
Filtering: 4762/31203 reflections in range [inf - 3.1924285932066496] Å (4762 valid after all masks)
Initialized ScalerBase with 10 bins.
Calculating initial scale factors using 10 bins.
Calculating initial scale factors using 10 bins.
Refining scales with LBFGS...
Scale refinement complete. rwork: 0.3449, rfree: 0.3165

Final Scale Parameters: 
  c_iso: tensor([ 0.8337,  0.4677, -0.9216, -0.6594, -0.0054,  0.1425])
  U: tensor([ 0.9801,  0.9325,  0.9243,  0.0169, -0.0272,  0.0247])
  solvent.log_k_solvent: -1.076154112815857
  solvent.log_ss_half: -4.1725544929504395
  solvent.log_n_exp: 1.0018430948257446
  solvent.phase_offset: -0.003885376499965787
  rigid-body d_min=3.19 (lbfgs, iters=30): Rwork=0.3448 Rfree=0.3234
Filtering: 31203/31203 reflections in range [inf - 1.6986000537872314] Å (31203 valid after all masks)
Initialized ScalerBase with 10 bins.
Calculating initial scale factors using 10 bins.
Calculating initial scale factors using 10 bins.
Refining scales with LBFGS...
Scale refinement complete. rwork: 0.4150, rfree: 0.4005

Final Scale Parameters: 
  c_iso: tensor([ 1.5239,  1.6992,  0.6611, -0.2015,  0.1328, -0.0737])
  U: tensor([ 0.6094,  0.5818,  0.5780,  0.0014, -0.0045, -0.0035])
  solvent.log_k_solvent: -0.9692632555961609
  solvent.log_ss_half: -3.915985107421875
  solvent.log_n_exp: 1.3051506280899048
  solvent.phase_offset: 0.02143946848809719
  rigid-body d_min=1.70 (lbfgs, iters=30): Rwork=0.4156 Rfree=0.3988
Initialized ScalerBase with 10 bins.
Calculating initial scale factors using 10 bins.
Calculating initial scale factors using 10 bins.
Refining scales with LBFGS...
Scale refinement complete. rwork: 0.4138, rfree: 0.3965

Final Scale Parameters: 
  c_iso: tensor([ 1.5738,  1.7959,  0.6630, -0.1892,  0.1261, -0.0695])
  U: tensor([ 0.6319,  0.6032,  0.5986,  0.0012, -0.0041, -0.0020])
  solvent.log_k_solvent: -0.9791156053543091
  solvent.log_ss_half: -3.9229583740234375
  solvent.log_n_exp: 1.2563748359680176
  solvent.phase_offset: 0.012604427523911
Initialized ScalerBase with 10 bins.
Calculating initial scale factors using 10 bins.
Calculating initial scale factors using 10 bins.
Refining scales with LBFGS...
Scale refinement complete. rwork: 0.4138, rfree: 0.3966

Final Scale Parameters: 
  c_iso: tensor([ 1.5501,  1.7587,  0.6594, -0.1926,  0.1282, -0.0711])
  U: tensor([ 0.6223,  0.5936,  0.5891,  0.0013, -0.0041, -0.0020])
  solvent.log_k_solvent: -0.9768484234809875
  solvent.log_ss_half: -3.918534994125366
  solvent.log_n_exp: 1.266202688217163
  solvent.phase_offset: 0.013340260833501816

============================================================
LBFGS Refinement - Cycle 1/10
============================================================
Refining scales with LBFGS...
Scale refinement complete. rwork: 0.4138, rfree: 0.3967

Final Scale Parameters: 
  c_iso: tensor([ 1.4528,  1.6271,  0.6351, -0.1973,  0.1307, -0.0730])
  U: tensor([ 0.5851,  0.5566,  0.5520,  0.0013, -0.0042, -0.0022])
  solvent.log_k_solvent: -0.9716472029685974
  solvent.log_ss_half: -3.8935444355010986
  solvent.log_n_exp: 1.3187904357910156
  solvent.phase_offset: 0.0159545186907053
After scaling: Rwork=0.4138, Rfree=0.3967
  VDW rebuild: max drift 3.54 Å > threshold 1.00 Å

Building VDW (non-bonded) restraints...
  Symmetry expansion: 25 valid (symop, offset) combos
  Grid: [7, 9, 8], 462/504 cells occupied, max 533 entries/cell
  Built 170795 VDW restraints, 18270 symmetry contacts

────────────────────────────────────────────────────────────────────
  XYZ Refinement
────────────────────────────────────────────────────────────────────

  adp (weight: 0.0200)
  ────────────────────────────────────────────────────────────────
    Metric                       Before      After     Change
    locality                     4720.0     4720.0     0.0000
    scaler_U                    14917.6    14917.6     0.0000
    scaler_log_scale           365989.6   365989.6     0.0000
    sigd                         2943.6     2943.6     0.0000
    simu                         7720.0     7720.0     0.0000

  geometry (weight: 0.2000)
  ────────────────────────────────────────────────────────────────
    Metric                       Before      After     Change
    angle                      -19427.4   -19851.3  -423.8750
    bond                       -14426.5   -15131.6  -705.0498
    chiral                    -197.6394  -231.3016   -33.6623
    nonbonded                  -25056.8   -45049.4   -19992.6
    planarity                   -8782.0    -8720.6   +61.3906
    torsion                      5224.0     5307.1   +83.0356

  other (weight: 1.0000)
  ────────────────────────────────────────────────────────────────
    Metric                       Before      After     Change
    xray                       164016.4   160671.7    -3344.7

  Group Totals
  ────────────────────────────────────────────────────────────────
    Group                        Before      After     Change
    adp                          7925.8     7925.8     0.0000
    geometry                   -12533.3   -16735.4    -4202.2
    xray                       164016.4   160671.7    -3344.7
────────────────────────────────────────────────────────────────────
  VDW rebuild: max drift 3.54 Å > threshold 1.00 Å

Building VDW (non-bonded) restraints...
  Symmetry expansion: 25 valid (symop, offset) combos
  Grid: [7, 9, 8], 462/504 cells occupied, max 533 entries/cell
  Built 170795 VDW restraints, 18270 symmetry contacts

────────────────────────────────────────────────────────────────────
  ADP Refinement
────────────────────────────────────────────────────────────────────

  adp (weight: 0.0200)
  ────────────────────────────────────────────────────────────────
    Metric                       Before      After     Change
    locality                     4674.3    23857.8   +19183.5
    scaler_U                    14917.6    14917.6     0.0000
    scaler_log_scale           365989.6   365989.6     0.0000
    sigd                         2943.6     3360.2  +416.5232
    simu                         7720.0    11801.4    +4081.4

  geometry (weight: 0.2000)
  ────────────────────────────────────────────────────────────────
    Metric                       Before      After     Change
    angle                      -19851.3   -19851.3     0.0000
    bond                       -15131.6   -15131.6     0.0000
    chiral                    -231.3016  -231.3016     0.0000
    nonbonded                  -45049.4   -45049.4     0.0000
    planarity                   -8720.6    -8720.6     0.0000
    torsion                      5307.1     5307.1     0.0000

  other (weight: 1.0000)
  ────────────────────────────────────────────────────────────────
    Metric                       Before      After     Change
    xray                       160671.7   158294.7    -2377.0

  Group Totals
  ────────────────────────────────────────────────────────────────
    Group                        Before      After     Change
    adp                          7924.9     8398.5  +473.6279
    geometry                   -16735.4   -16735.4     0.0000
    xray                       160671.7   158294.7    -2377.0
────────────────────────────────────────────────────────────────────

============================================================
LBFGS Refinement - Cycle 2/10
============================================================
Refining scales with LBFGS...
Scale refinement complete. rwork: 0.3265, rfree: 0.3498

Final Scale Parameters: 
  c_iso: tensor([ 1.0843,  1.1530,  0.4860, -0.2122,  0.1386, -0.0722])
  U: tensor([ 0.4454,  0.4194,  0.4154, -0.0013, -0.0015, -0.0060])
  solvent.log_k_solvent: -0.9513427019119263
  solvent.log_ss_half: -3.874969959259033
  solvent.log_n_exp: 1.3120625019073486
  solvent.phase_offset: 0.04262241721153259
After scaling: Rwork=0.3265, Rfree=0.3498
  VDW rebuild: max drift 2.94 Å > threshold 1.00 Å

Building VDW (non-bonded) restraints...
  Symmetry expansion: 25 valid (symop, offset) combos
  Grid: [7, 9, 8], 462/504 cells occupied, max 533 entries/cell
  Built 170795 VDW restraints, 18270 symmetry contacts

────────────────────────────────────────────────────────────────────
  XYZ Refinement
────────────────────────────────────────────────────────────────────

  adp (weight: 0.0200)
  ────────────────────────────────────────────────────────────────
    Metric                       Before      After     Change
    locality                    23857.8    23857.8     0.0000
    scaler_U                     8523.4     8523.4     0.0000
    scaler_log_scale           190176.2   190176.2     0.0000
    sigd                         3360.2     3360.2     0.0000
    simu                        11801.4    11801.4     0.0000

  geometry (weight: 0.2000)
  ────────────────────────────────────────────────────────────────
    Metric                       Before      After     Change
    angle                      -19851.3   -20332.5  -481.2754
    bond                       -15131.6   -15273.4  -141.8193
    chiral                    -231.3016  -226.4626    +4.8391
    nonbonded                  -45049.4   -45082.1   -32.6445
    planarity                   -8720.6    -8850.6  -129.9512
    torsion                      5307.1     5273.7   -33.3262

  other (weight: 1.0000)
  ────────────────────────────────────────────────────────────────
    Metric                       Before      After     Change
    xray                       158270.1   155757.5    -2512.6

  Group Totals
  ────────────────────────────────────────────────────────────────
    Group                        Before      After     Change
    adp                          4754.4     4754.4     0.0000
    geometry                   -16735.4   -16898.3  -162.8348
    xray                       158270.1   155757.5    -2512.6
────────────────────────────────────────────────────────────────────
  VDW rebuild: max drift 2.94 Å > threshold 1.00 Å

Building VDW (non-bonded) restraints...
  Symmetry expansion: 25 valid (symop, offset) combos
  Grid: [7, 9, 8], 462/504 cells occupied, max 533 entries/cell
  Built 170795 VDW restraints, 18270 symmetry contacts

────────────────────────────────────────────────────────────────────
  ADP Refinement
────────────────────────────────────────────────────────────────────

  adp (weight: 0.0200)
  ────────────────────────────────────────────────────────────────
    Metric                       Before      After     Change
    locality                    23910.7    30559.0    +6648.3
    scaler_U                     8523.4     8523.4     0.0000
    scaler_log_scale           190176.2   190176.2     0.0000
    sigd                         3360.2     3453.6   +93.4417
    simu                        11801.4    13374.2    +1572.9

  geometry (weight: 0.2000)
  ────────────────────────────────────────────────────────────────
    Metric                       Before      After     Change
    angle                      -20332.5   -20332.5     0.0000
    bond                       -15273.4   -15273.4     0.0000
    chiral                    -226.4626  -226.4626     0.0000
    nonbonded                  -45082.1   -45082.1     0.0000
    planarity                   -8850.6    -8850.6     0.0000
    torsion                      5273.7     5273.7     0.0000

  other (weight: 1.0000)
  ────────────────────────────────────────────────────────────────
    Metric                       Before      After     Change
    xray                       155757.5   155290.6  -466.8906

  Group Totals
  ────────────────────────────────────────────────────────────────
    Group                        Before      After     Change
    adp                          4755.4     4921.7  +166.2912
    geometry                   -16898.3   -16898.3     0.0000
    xray                       155757.5   155290.6  -466.8906
────────────────────────────────────────────────────────────────────

============================================================
LBFGS Refinement - Cycle 3/10
============================================================
Refining scales with LBFGS...
Scale refinement complete. rwork: 0.2927, rfree: 0.3258

Final Scale Parameters: 
  c_iso: tensor([ 1.0740,  1.1565,  0.4679, -0.2077,  0.1312, -0.0742])
  U: tensor([ 0.4431,  0.4182,  0.4139, -0.0013, -0.0011, -0.0055])
  solvent.log_k_solvent: -0.9635358452796936
  solvent.log_ss_half: -3.877267360687256
  solvent.log_n_exp: 1.3117740154266357
  solvent.phase_offset: 0.04136580973863602
After scaling: Rwork=0.2927, Rfree=0.3258
  VDW rebuild: max drift 2.88 Å > threshold 1.00 Å

Building VDW (non-bonded) restraints...
  Symmetry expansion: 25 valid (symop, offset) combos
  Grid: [7, 9, 8], 462/504 cells occupied, max 533 entries/cell
  Built 170795 VDW restraints, 18270 symmetry contacts

────────────────────────────────────────────────────────────────────
  XYZ Refinement
────────────────────────────────────────────────────────────────────

  adp (weight: 0.0200)
  ────────────────────────────────────────────────────────────────
    Metric                       Before      After     Change
    locality                    30559.0    30559.0     0.0000
    scaler_U                     8457.7     8457.7     0.0000
    scaler_log_scale           186978.4   186978.4     0.0000
    sigd                         3453.6     3453.6     0.0000
    simu                        13374.2    13374.2     0.0000

  geometry (weight: 0.2000)
  ────────────────────────────────────────────────────────────────
    Metric                       Before      After     Change
    angle                      -20332.5   -20388.4   -55.9004
    bond                       -15273.4   -15280.3    -6.9053
    chiral                    -226.4626  -230.5677    -4.1051
    nonbonded                  -45082.1   -45211.8  -129.7070
    planarity                   -8850.6    -8835.7   +14.8398
    torsion                      5273.7     5300.9   +27.1460

  other (weight: 1.0000)
  ────────────────────────────────────────────────────────────────
    Metric                       Before      After     Change
    xray                       155270.5   154311.1  -959.3906

  Group Totals
  ────────────────────────────────────────────────────────────────
    Group                        Before      After     Change
    adp                          4856.5     4856.5     0.0000
    geometry                   -16898.3   -16929.2   -30.9263
    xray                       155270.5   154311.1  -959.3906
────────────────────────────────────────────────────────────────────
  VDW rebuild: max drift 2.88 Å > threshold 1.00 Å

Building VDW (non-bonded) restraints...
  Symmetry expansion: 25 valid (symop, offset) combos
  Grid: [7, 9, 8], 462/504 cells occupied, max 533 entries/cell
  Built 170795 VDW restraints, 18270 symmetry contacts

────────────────────────────────────────────────────────────────────
  ADP Refinement
────────────────────────────────────────────────────────────────────

  adp (weight: 0.0200)
  ────────────────────────────────────────────────────────────────
    Metric                       Before      After     Change
    locality                    30645.7    30590.8   -54.8398
    scaler_U                     8457.7     8457.7     0.0000
    scaler_log_scale           186978.4   186978.4     0.0000
    sigd                         3453.6     3396.8   -56.7522
    simu                        13374.2    13509.2  +135.0332

  geometry (weight: 0.2000)
  ────────────────────────────────────────────────────────────────
    Metric                       Before      After     Change
    angle                      -20388.4   -20388.4     0.0000
    bond                       -15280.3   -15280.3     0.0000
    chiral                    -230.5677  -230.5677     0.0000
    nonbonded                  -45211.8   -45211.8     0.0000
    planarity                   -8835.7    -8835.7     0.0000
    torsion                      5300.9     5300.9     0.0000

  other (weight: 1.0000)
  ────────────────────────────────────────────────────────────────
    Metric                       Before      After     Change
    xray                       154311.1   154111.2  -199.9375

  Group Totals
  ────────────────────────────────────────────────────────────────
    Group                        Before      After     Change
    adp                          4858.2     4858.7    +0.4688
    geometry                   -16929.2   -16929.2     0.0000
    xray                       154311.1   154111.2  -199.9375
────────────────────────────────────────────────────────────────────

============================================================
LBFGS Refinement - Cycle 4/10
============================================================
Refining scales with LBFGS...
Scale refinement complete. rwork: 0.2801, rfree: 0.3183

Final Scale Parameters: 
  c_iso: tensor([ 1.0588,  1.1638,  0.4564, -0.1995,  0.1266, -0.0745])
  U: tensor([ 0.4403,  0.4169,  0.4127, -0.0011, -0.0017, -0.0054])
  solvent.log_k_solvent: -0.973591685295105
  solvent.log_ss_half: -3.8512461185455322
  solvent.log_n_exp: 1.311777114868164
  solvent.phase_offset: 0.032813381403684616
After scaling: Rwork=0.2801, Rfree=0.3183
  VDW rebuild: max drift 2.77 Å > threshold 1.00 Å

Building VDW (non-bonded) restraints...
  Symmetry expansion: 25 valid (symop, offset) combos
  Grid: [7, 9, 8], 462/504 cells occupied, max 533 entries/cell
  Built 170795 VDW restraints, 18270 symmetry contacts

────────────────────────────────────────────────────────────────────
  XYZ Refinement
────────────────────────────────────────────────────────────────────

  adp (weight: 0.0200)
  ────────────────────────────────────────────────────────────────
    Metric                       Before      After     Change
    locality                    30590.8    30590.8     0.0000
    scaler_U                     8385.1     8385.1     0.0000
    scaler_log_scale           185842.6   185842.6     0.0000
    sigd                         3396.8     3396.8     0.0000
    simu                        13509.2    13509.2     0.0000

  geometry (weight: 0.2000)
  ────────────────────────────────────────────────────────────────
    Metric                       Before      After     Change
    angle                      -20388.4   -20497.2  -108.7246
    bond                       -15280.3   -15288.3    -7.9971
    chiral                    -230.5677  -230.6150    -0.0473
    nonbonded                  -45211.8   -45215.5    -3.6797
    planarity                   -8835.7    -8870.5   -34.8037
    torsion                      5300.9     5310.9   +10.0649

  other (weight: 1.0000)
  ────────────────────────────────────────────────────────────────
    Metric                       Before      After     Change
    xray                       154111.9   153626.7  -485.1250

  Group Totals
  ────────────────────────────────────────────────────────────────
    Group                        Before      After     Change
    adp                          4834.5     4834.5     0.0000
    geometry                   -16929.2   -16958.2   -29.0381
    xray                       154111.9   153626.7  -485.1250
────────────────────────────────────────────────────────────────────
  VDW rebuild: max drift 2.77 Å > threshold 1.00 Å

Building VDW (non-bonded) restraints...
  Symmetry expansion: 25 valid (symop, offset) combos
  Grid: [7, 9, 8], 462/504 cells occupied, max 533 entries/cell
  Built 170795 VDW restraints, 18270 symmetry contacts

────────────────────────────────────────────────────────────────────
  ADP Refinement
────────────────────────────────────────────────────────────────────

  adp (weight: 0.0200)
  ────────────────────────────────────────────────────────────────
    Metric                       Before      After     Change
    locality                    30606.2    30944.5  +338.2949
    scaler_U                     8385.1     8385.1     0.0000
    scaler_log_scale           185842.6   185842.6     0.0000
    sigd                         3396.8     3385.2   -11.6169
    simu                        13509.2    13345.5  -163.7480

  geometry (weight: 0.2000)
  ────────────────────────────────────────────────────────────────
    Metric                       Before      After     Change
    angle                      -20497.2   -20497.2     0.0000
    bond                       -15288.3   -15288.3     0.0000
    chiral                    -230.6150  -230.6150     0.0000
    nonbonded                  -45215.5   -45215.5     0.0000
    planarity                   -8870.5    -8870.5     0.0000
    torsion                      5310.9     5310.9     0.0000

  other (weight: 1.0000)
  ────────────────────────────────────────────────────────────────
    Metric                       Before      After     Change
    xray                       153626.7   153578.3   -48.4062

  Group Totals
  ────────────────────────────────────────────────────────────────
    Group                        Before      After     Change
    adp                          4834.8     4838.1    +3.2586
    geometry                   -16958.2   -16958.2     0.0000
    xray                       153626.7   153578.3   -48.4062
────────────────────────────────────────────────────────────────────

============================================================
LBFGS Refinement - Cycle 5/10
============================================================
Refining scales with LBFGS...
Scale refinement complete. rwork: 0.2733, rfree: 0.3139

Final Scale Parameters: 
  c_iso: tensor([ 0.8836,  0.9178,  0.4178, -0.2088,  0.1314, -0.0775])
  U: tensor([ 0.3756,  0.3516,  0.3476, -0.0008, -0.0023, -0.0049])
  solvent.log_k_solvent: -0.9597399830818176
  solvent.log_ss_half: -3.799121379852295
  solvent.log_n_exp: 1.4645915031433105
  solvent.phase_offset: 0.027923308312892914
After scaling: Rwork=0.2733, Rfree=0.3139
  VDW rebuild: max drift 2.80 Å > threshold 1.00 Å

Building VDW (non-bonded) restraints...
  Symmetry expansion: 25 valid (symop, offset) combos
  Grid: [7, 9, 8], 462/504 cells occupied, max 533 entries/cell
  Built 170795 VDW restraints, 18270 symmetry contacts

────────────────────────────────────────────────────────────────────
  XYZ Refinement
────────────────────────────────────────────────────────────────────

  adp (weight: 0.0200)
  ────────────────────────────────────────────────────────────────
    Metric                       Before      After     Change
    locality                    30944.5    30944.5     0.0000
    scaler_U                     6008.6     6008.6     0.0000
    scaler_log_scale           127176.6   127176.6     0.0000
    sigd                         3385.2     3385.2     0.0000
    simu                        13345.5    13345.5     0.0000

  geometry (weight: 0.2000)
  ────────────────────────────────────────────────────────────────
    Metric                       Before      After     Change
    angle                      -20497.2   -20565.9   -68.7812
    bond                       -15288.3   -15315.4   -27.1055
    chiral                    -230.6150  -232.2220    -1.6070
    nonbonded                  -45215.5   -45219.9    -4.4766
    planarity                   -8870.5    -8871.5    -0.9531
    torsion                      5310.9     5315.2    +4.2041

  other (weight: 1.0000)
  ────────────────────────────────────────────────────────────────
    Metric                       Before      After     Change
    xray                       153651.0   153362.1  -288.9375

  Group Totals
  ────────────────────────────────────────────────────────────────
    Group                        Before      After     Change
    adp                          3617.2     3617.2     0.0000
    geometry                   -16958.2   -16978.0   -19.7441
    xray                       153651.0   153362.1  -288.9375
────────────────────────────────────────────────────────────────────
  VDW rebuild: max drift 2.80 Å > threshold 1.00 Å

Building VDW (non-bonded) restraints...
  Symmetry expansion: 25 valid (symop, offset) combos
  Grid: [7, 9, 8], 462/504 cells occupied, max 533 entries/cell
  Built 170795 VDW restraints, 18270 symmetry contacts

────────────────────────────────────────────────────────────────────
  ADP Refinement
────────────────────────────────────────────────────────────────────

  adp (weight: 0.0200)
  ────────────────────────────────────────────────────────────────
    Metric                       Before      After     Change
    locality                    30966.6    30897.0   -69.6621
    scaler_U                     6008.6     6008.6     0.0000
    scaler_log_scale           127176.6   127176.6     0.0000
    sigd                         3385.2     3375.6    -9.6719
    simu                        13345.5    13183.7  -161.7500

  geometry (weight: 0.2000)
  ────────────────────────────────────────────────────────────────
    Metric                       Before      After     Change
    angle                      -20565.9   -20565.9     0.0000
    bond                       -15315.4   -15315.4     0.0000
    chiral                    -232.2220  -232.2220     0.0000
    nonbonded                  -45219.9   -45219.9     0.0000
    planarity                   -8871.5    -8871.5     0.0000
    torsion                      5315.2     5315.2     0.0000

  other (weight: 1.0000)
  ────────────────────────────────────────────────────────────────
    Metric                       Before      After     Change
    xray                       153362.1   153337.2   -24.8750

  Group Totals
  ────────────────────────────────────────────────────────────────
    Group                        Before      After     Change
    adp                          3617.7     3612.8    -4.8217
    geometry                   -16978.0   -16978.0     0.0000
    xray                       153362.1   153337.2   -24.8750
────────────────────────────────────────────────────────────────────

============================================================
LBFGS Refinement - Cycle 6/10
============================================================
Refining scales with LBFGS...
Scale refinement complete. rwork: 0.2712, rfree: 0.3118

Final Scale Parameters: 
  c_iso: tensor([ 0.8879,  0.9309,  0.4160, -0.2078,  0.1304, -0.0762])
  U: tensor([ 0.3812,  0.3573,  0.3531, -0.0008, -0.0022, -0.0042])
  solvent.log_k_solvent: -0.9622942209243774
  solvent.log_ss_half: -3.7944061756134033
  solvent.log_n_exp: 1.505468726158142
  solvent.phase_offset: 0.02627052552998066
After scaling: Rwork=0.2712, Rfree=0.3118
  VDW rebuild: max drift 2.82 Å > threshold 1.00 Å

Building VDW (non-bonded) restraints...
  Symmetry expansion: 25 valid (symop, offset) combos
  Grid: [7, 9, 8], 462/504 cells occupied, max 533 entries/cell
  Built 170795 VDW restraints, 18270 symmetry contacts

────────────────────────────────────────────────────────────────────
  XYZ Refinement
────────────────────────────────────────────────────────────────────

  adp (weight: 0.0200)
  ────────────────────────────────────────────────────────────────
    Metric                       Before      After     Change
    locality                    30897.0    30897.0     0.0000
    scaler_U                     6197.8     6197.8     0.0000
    scaler_log_scale           129088.1   129088.1     0.0000
    sigd                         3375.6     3375.6     0.0000
    simu                        13183.7    13183.7     0.0000

  geometry (weight: 0.2000)
  ────────────────────────────────────────────────────────────────
    Metric                       Before      After     Change
    angle                      -20565.9   -20545.0   +20.9727
    bond                       -15315.4   -15295.9   +19.5459
    chiral                    -232.2220  -231.9780    +0.2440
    nonbonded                  -45219.9   -45232.5   -12.6172
    planarity                   -8871.5    -8874.4    -2.9121
    torsion                      5315.2     5314.8    -0.3975

  other (weight: 1.0000)
  ────────────────────────────────────────────────────────────────
    Metric                       Before      After     Change
    xray                       153413.4   153201.0  -212.3750

  Group Totals
  ────────────────────────────────────────────────────────────────
    Group                        Before      After     Change
    adp                          3654.8     3654.8     0.0000
    geometry                   -16978.0   -16973.0    +4.9674
    xray                       153413.4   153201.0  -212.3750
────────────────────────────────────────────────────────────────────
  VDW rebuild: max drift 2.82 Å > threshold 1.00 Å

Building VDW (non-bonded) restraints...
  Symmetry expansion: 25 valid (symop, offset) combos
  Grid: [7, 9, 8], 462/504 cells occupied, max 533 entries/cell
  Built 170795 VDW restraints, 18270 symmetry contacts

────────────────────────────────────────────────────────────────────
  ADP Refinement
────────────────────────────────────────────────────────────────────

  adp (weight: 0.0200)
  ────────────────────────────────────────────────────────────────
    Metric                       Before      After     Change
    locality                    30896.2    30689.3  -206.9316
    scaler_U                     6197.8     6197.8     0.0000
    scaler_log_scale           129088.1   129088.1     0.0000
    sigd                         3375.6     3371.4    -4.1104
    simu                        13183.7    13016.3  -167.4658

  geometry (weight: 0.2000)
  ────────────────────────────────────────────────────────────────
    Metric                       Before      After     Change
    angle                      -20545.0   -20545.0     0.0000
    bond                       -15295.9   -15295.9     0.0000
    chiral                    -231.9780  -231.9780     0.0000
    nonbonded                  -45232.5   -45232.5     0.0000
    planarity                   -8874.4    -8874.4     0.0000
    torsion                      5314.8     5314.8     0.0000

  other (weight: 1.0000)
  ────────────────────────────────────────────────────────────────
    Metric                       Before      After     Change
    xray                       153201.0   153210.4    +9.3594

  Group Totals
  ────────────────────────────────────────────────────────────────
    Group                        Before      After     Change
    adp                          3654.8     3647.3    -7.5702
    geometry                   -16973.0   -16973.0     0.0000
    xray                       153201.0   153210.4    +9.3594
────────────────────────────────────────────────────────────────────

============================================================
LBFGS Refinement - Cycle 7/10
============================================================
Refining scales with LBFGS...
Scale refinement complete. rwork: 0.2702, rfree: 0.3129

Final Scale Parameters: 
  c_iso: tensor([ 0.8867,  0.9287,  0.4170, -0.2065,  0.1292, -0.0760])
  U: tensor([ 0.3844,  0.3601,  0.3560, -0.0006, -0.0024, -0.0038])
  solvent.log_k_solvent: -0.9629077911376953
  solvent.log_ss_half: -3.795063018798828
  solvent.log_n_exp: 1.5050361156463623
  solvent.phase_offset: 0.030782945454120636
After scaling: Rwork=0.2702, Rfree=0.3129
  VDW rebuild: max drift 2.91 Å > threshold 1.00 Å

Building VDW (non-bonded) restraints...
  Symmetry expansion: 25 valid (symop, offset) combos
  Grid: [7, 9, 8], 462/504 cells occupied, max 533 entries/cell
  Built 170795 VDW restraints, 18270 symmetry contacts

────────────────────────────────────────────────────────────────────
  XYZ Refinement
────────────────────────────────────────────────────────────────────

  adp (weight: 0.0200)
  ────────────────────────────────────────────────────────────────
    Metric                       Before      After     Change
    locality                    30689.3    30689.3     0.0000
    scaler_U                     6298.3     6298.3     0.0000
    scaler_log_scale           129078.4   129078.4     0.0000
    sigd                         3371.4     3371.4     0.0000
    simu                        13016.3    13016.3     0.0000

  geometry (weight: 0.2000)
  ────────────────────────────────────────────────────────────────
    Metric                       Before      After     Change
    angle                      -20545.0   -20541.6    +3.3652
    bond                       -15295.9   -15296.8    -0.9131
    chiral                    -231.9780  -232.7775    -0.7995
    nonbonded                  -45232.5   -45225.1    +7.4570
    planarity                   -8874.4    -8876.3    -1.8701
    torsion                      5314.8     5314.4    -0.3872

  other (weight: 1.0000)
  ────────────────────────────────────────────────────────────────
    Metric                       Before      After     Change
    xray                       153303.2   153103.0  -200.2188

  Group Totals
  ────────────────────────────────────────────────────────────────
    Group                        Before      After     Change
    adp                          3649.1     3649.1     0.0000
    geometry                   -16973.0   -16971.6    +1.3700
    xray                       153303.2   153103.0  -200.2188
────────────────────────────────────────────────────────────────────
  VDW rebuild: max drift 2.91 Å > threshold 1.00 Å

Building VDW (non-bonded) restraints...
  Symmetry expansion: 25 valid (symop, offset) combos
  Grid: [7, 9, 8], 462/504 cells occupied, max 533 entries/cell
  Built 170795 VDW restraints, 18270 symmetry contacts

────────────────────────────────────────────────────────────────────
  ADP Refinement
────────────────────────────────────────────────────────────────────

  adp (weight: 0.0200)
  ────────────────────────────────────────────────────────────────
    Metric                       Before      After     Change
    locality                    30708.6    30630.9   -77.6973
    scaler_U                     6298.3     6298.3     0.0000
    scaler_log_scale           129078.4   129078.4     0.0000
    sigd                         3371.4     3369.1    -2.3760
    simu                        13016.3    12821.9  -194.3809

  geometry (weight: 0.2000)
  ────────────────────────────────────────────────────────────────
    Metric                       Before      After     Change
    angle                      -20541.6   -20541.6     0.0000
    bond                       -15296.8   -15296.8     0.0000
    chiral                    -232.7775  -232.7775     0.0000
    nonbonded                  -45225.1   -45225.1     0.0000
    planarity                   -8876.3    -8876.3     0.0000
    torsion                      5314.4     5314.4     0.0000

  other (weight: 1.0000)
  ────────────────────────────────────────────────────────────────
    Metric                       Before      After     Change
    xray                       153103.0   153091.9   -11.1094

  Group Totals
  ────────────────────────────────────────────────────────────────
    Group                        Before      After     Change
    adp                          3649.5     3644.0    -5.4891
    geometry                   -16971.6   -16971.6     0.0000
    xray                       153103.0   153091.9   -11.1094
────────────────────────────────────────────────────────────────────

============================================================
LBFGS Refinement - Cycle 8/10
============================================================
Refining scales with LBFGS...
Scale refinement complete. rwork: 0.2695, rfree: 0.3104

Final Scale Parameters: 
  c_iso: tensor([ 0.8861,  0.9281,  0.4176, -0.2066,  0.1291, -0.0758])
  U: tensor([ 0.3871,  0.3633,  0.3592, -0.0006, -0.0023, -0.0039])
  solvent.log_k_solvent: -0.960824728012085
  solvent.log_ss_half: -3.7922563552856445
  solvent.log_n_exp: 1.5061490535736084
  solvent.phase_offset: 0.02858336828649044
After scaling: Rwork=0.2695, Rfree=0.3104
  VDW rebuild: max drift 3.00 Å > threshold 1.00 Å

Building VDW (non-bonded) restraints...
  Symmetry expansion: 25 valid (symop, offset) combos
  Grid: [7, 9, 8], 462/504 cells occupied, max 533 entries/cell
  Built 170795 VDW restraints, 18270 symmetry contacts

────────────────────────────────────────────────────────────────────
  XYZ Refinement
────────────────────────────────────────────────────────────────────

  adp (weight: 0.0200)
  ────────────────────────────────────────────────────────────────
    Metric                       Before      After     Change
    locality                    30630.9    30630.9     0.0000
    scaler_U                     6403.8     6403.8     0.0000
    scaler_log_scale           129086.8   129086.8     0.0000
    sigd                         3369.1     3369.1     0.0000
    simu                        12821.9    12821.9     0.0000

  geometry (weight: 0.2000)
  ────────────────────────────────────────────────────────────────
    Metric                       Before      After     Change
    angle                      -20541.6   -20516.7   +24.8770
    bond                       -15296.8   -15288.5    +8.3271
    chiral                    -232.7775  -232.4734    +0.3040
    nonbonded                  -45225.1   -45240.2   -15.0859
    planarity                   -8876.3    -8886.7   -10.4482
    torsion                      5314.4     5313.4    -0.9233

  other (weight: 1.0000)
  ────────────────────────────────────────────────────────────────
    Metric                       Before      After     Change
    xray                       153162.9   153033.9  -128.9844

  Group Totals
  ────────────────────────────────────────────────────────────────
    Group                        Before      After     Change
    adp                          3646.2     3646.2     0.0000
    geometry                   -16971.6   -16970.2    +1.4109
    xray                       153162.9   153033.9  -128.9844
────────────────────────────────────────────────────────────────────
  VDW rebuild: max drift 3.00 Å > threshold 1.00 Å

Building VDW (non-bonded) restraints...
  Symmetry expansion: 25 valid (symop, offset) combos
  Grid: [7, 9, 8], 462/504 cells occupied, max 533 entries/cell
  Built 170795 VDW restraints, 18270 symmetry contacts

────────────────────────────────────────────────────────────────────
  ADP Refinement
────────────────────────────────────────────────────────────────────

  adp (weight: 0.0200)
  ────────────────────────────────────────────────────────────────
    Metric                       Before      After     Change
    locality                    30631.0    30689.4   +58.4102
    scaler_U                     6403.8     6403.8     0.0000
    scaler_log_scale           129086.8   129086.8     0.0000
    sigd                         3369.1     3374.4    +5.2917
    simu                        12821.9    12630.3  -191.5635

  geometry (weight: 0.2000)
  ────────────────────────────────────────────────────────────────
    Metric                       Before      After     Change
    angle                      -20516.7   -20516.7     0.0000
    bond                       -15288.5   -15288.5     0.0000
    chiral                    -232.4734  -232.4734     0.0000
    nonbonded                  -45240.2   -45240.2     0.0000
    planarity                   -8886.7    -8886.7     0.0000
    torsion                      5313.4     5313.4     0.0000

  other (weight: 1.0000)
  ────────────────────────────────────────────────────────────────
    Metric                       Before      After     Change
    xray                       153033.9   153088.8   +54.9375

  Group Totals
  ────────────────────────────────────────────────────────────────
    Group                        Before      After     Change
    adp                          3646.3     3643.7    -2.5572
    geometry                   -16970.2   -16970.2     0.0000
    xray                       153033.9   153088.8   +54.9375
────────────────────────────────────────────────────────────────────

============================================================
LBFGS Refinement - Cycle 9/10
============================================================
Refining scales with LBFGS...
Scale refinement complete. rwork: 0.2691, rfree: 0.3121

Final Scale Parameters: 
  c_iso: tensor([ 0.8986,  0.9406,  0.4240, -0.2071,  0.1292, -0.0760])
  U: tensor([ 3.9499e-01,  3.7103e-01,  3.6687e-01, -3.9380e-04, -2.4641e-03,
        -3.9726e-03])
  solvent.log_k_solvent: -0.9612851142883301
  solvent.log_ss_half: -3.7897226810455322
  solvent.log_n_exp: 1.5273324251174927
  solvent.phase_offset: 0.032234277576208115
After scaling: Rwork=0.2691, Rfree=0.3121
  VDW rebuild: max drift 3.13 Å > threshold 1.00 Å

Building VDW (non-bonded) restraints...
  Symmetry expansion: 25 valid (symop, offset) combos
  Grid: [7, 9, 8], 462/504 cells occupied, max 533 entries/cell
  Built 170795 VDW restraints, 18270 symmetry contacts

────────────────────────────────────────────────────────────────────
  XYZ Refinement
────────────────────────────────────────────────────────────────────

  adp (weight: 0.0200)
  ────────────────────────────────────────────────────────────────
    Metric                       Before      After     Change
    locality                    30689.4    30689.4     0.0000
    scaler_U                     6674.6     6674.6     0.0000
    scaler_log_scale           132905.7   132905.7     0.0000
    sigd                         3374.4     3374.4     0.0000
    simu                        12630.3    12630.3     0.0000

  geometry (weight: 0.2000)
  ────────────────────────────────────────────────────────────────
    Metric                       Before      After     Change
    angle                      -20516.7   -20527.5   -10.7793
    bond                       -15288.5   -15286.7    +1.7656
    chiral                    -232.4734  -232.5345    -0.0611
    nonbonded                  -45240.2   -45236.4    +3.7734
    planarity                   -8886.7    -8881.2    +5.5000
    torsion                      5313.4     5313.2    -0.2681

  other (weight: 1.0000)
  ────────────────────────────────────────────────────────────────
    Metric                       Before      After     Change
    xray                       153180.3   153042.0  -138.2656

  Group Totals
  ────────────────────────────────────────────────────────────────
    Group                        Before      After     Change
    adp                          3725.5     3725.5     0.0000
    geometry                   -16970.2   -16970.2    -0.0136
    xray                       153180.3   153042.0  -138.2656
────────────────────────────────────────────────────────────────────
  VDW rebuild: max drift 3.13 Å > threshold 1.00 Å

Building VDW (non-bonded) restraints...
  Symmetry expansion: 25 valid (symop, offset) combos
  Grid: [7, 9, 8], 462/504 cells occupied, max 533 entries/cell
  Built 170795 VDW restraints, 18270 symmetry contacts

────────────────────────────────────────────────────────────────────
  ADP Refinement
────────────────────────────────────────────────────────────────────

  adp (weight: 0.0200)
  ────────────────────────────────────────────────────────────────
    Metric                       Before      After     Change
    locality                    30684.8    30395.6  -289.2598
    scaler_U                     6674.6     6674.6     0.0000
    scaler_log_scale           132905.7   132905.7     0.0000
    sigd                         3374.4     3376.6    +2.2126
    simu                        12630.3    12398.7  -231.6211

  geometry (weight: 0.2000)
  ────────────────────────────────────────────────────────────────
    Metric                       Before      After     Change
    angle                      -20527.5   -20527.5     0.0000
    bond                       -15286.7   -15286.7     0.0000
    chiral                    -232.5345  -232.5345     0.0000
    nonbonded                  -45236.4   -45236.4     0.0000
    planarity                   -8881.2    -8881.2     0.0000
    torsion                      5313.2     5313.2     0.0000

  other (weight: 1.0000)
  ────────────────────────────────────────────────────────────────
    Metric                       Before      After     Change
    xray                       153042.0   153114.1   +72.0469

  Group Totals
  ────────────────────────────────────────────────────────────────
    Group                        Before      After     Change
    adp                          3725.4     3715.0   -10.3734
    geometry                   -16970.2   -16970.2     0.0000
    xray                       153042.0   153114.1   +72.0469
────────────────────────────────────────────────────────────────────

============================================================
LBFGS Refinement - Cycle 10/10
============================================================
Refining scales with LBFGS...
Scale refinement complete. rwork: 0.2692, rfree: 0.3126

Final Scale Parameters: 
  c_iso: tensor([ 0.8969,  0.9425,  0.4226, -0.2056,  0.1279, -0.0754])
  U: tensor([ 3.9825e-01,  3.7462e-01,  3.7035e-01, -3.7970e-04, -2.3998e-03,
        -4.0557e-03])
  solvent.log_k_solvent: -0.9613456726074219
  solvent.log_ss_half: -3.779461622238159
  solvent.log_n_exp: 1.5243936777114868
  solvent.phase_offset: 0.03227763995528221
After scaling: Rwork=0.2692, Rfree=0.3126
  VDW rebuild: max drift 3.22 Å > threshold 1.00 Å

Building VDW (non-bonded) restraints...
  Symmetry expansion: 25 valid (symop, offset) combos
  Grid: [7, 9, 8], 462/504 cells occupied, max 533 entries/cell
  Built 170795 VDW restraints, 18270 symmetry contacts

────────────────────────────────────────────────────────────────────
  XYZ Refinement
────────────────────────────────────────────────────────────────────

  adp (weight: 0.0200)
  ────────────────────────────────────────────────────────────────
    Metric                       Before      After     Change
    locality                    30395.6    30395.6     0.0000
    scaler_U                     6796.7     6796.7     0.0000
    scaler_log_scale           133003.2   133003.2     0.0000
    sigd                         3376.6     3376.6     0.0000
    simu                        12398.7    12398.7     0.0000

  geometry (weight: 0.2000)
  ────────────────────────────────────────────────────────────────
    Metric                       Before      After     Change
    angle                      -20527.5   -20520.2    +7.2676
    bond                       -15286.7   -15282.8    +3.9385
    chiral                    -232.5345  -233.1175    -0.5830
    nonbonded                  -45236.4   -45246.4    -9.9883
    planarity                   -8881.2    -8891.6   -10.3574
    torsion                      5313.2     5313.1    -0.1045

  other (weight: 1.0000)
  ────────────────────────────────────────────────────────────────
    Metric                       Before      After     Change
    xray                       153198.9   153078.6  -120.3281

  Group Totals
  ────────────────────────────────────────────────────────────────
    Group                        Before      After     Change
    adp                          3719.4     3719.4     0.0000
    geometry                   -16970.2   -16972.2    -1.9662
    xray                       153198.9   153078.6  -120.3281
────────────────────────────────────────────────────────────────────
  VDW rebuild: max drift 3.22 Å > threshold 1.00 Å

Building VDW (non-bonded) restraints...
  Symmetry expansion: 25 valid (symop, offset) combos
  Grid: [7, 9, 8], 462/504 cells occupied, max 533 entries/cell
  Built 170795 VDW restraints, 18270 symmetry contacts

────────────────────────────────────────────────────────────────────
  ADP Refinement
────────────────────────────────────────────────────────────────────

  adp (weight: 0.0200)
  ────────────────────────────────────────────────────────────────
    Metric                       Before      After     Change
    locality                    30383.4    30526.7  +143.3340
    scaler_U                     6796.7     6796.7     0.0000
    scaler_log_scale           133003.2   133003.2     0.0000
    sigd                         3376.6     3387.1   +10.5583
    simu                        12398.7    12221.9  -176.7939

  geometry (weight: 0.2000)
  ────────────────────────────────────────────────────────────────
    Metric                       Before      After     Change
    angle                      -20520.2   -20520.2     0.0000
    bond                       -15282.8   -15282.8     0.0000
    chiral                    -233.1175  -233.1175     0.0000
    nonbonded                  -45246.4   -45246.4     0.0000
    planarity                   -8891.6    -8891.6     0.0000
    torsion                      5313.1     5313.1     0.0000

  other (weight: 1.0000)
  ────────────────────────────────────────────────────────────────
    Metric                       Before      After     Change
    xray                       153078.6   153147.0   +68.3906

  Group Totals
  ────────────────────────────────────────────────────────────────
    Group                        Before      After     Change
    adp                          3719.2     3718.7    -0.4580
    geometry                   -16972.2   -16972.2     0.0000
    xray                       153078.6   153147.0   +68.3906
────────────────────────────────────────────────────────────────────
Calculating initial scale factors using 10 bins.
Refining scales with LBFGS...
Scale refinement complete. rwork: 0.2695, rfree: 0.3137

Final Scale Parameters: 
  c_iso: tensor([ 0.9882,  1.0649,  0.4465, -0.2012,  0.1249, -0.0739])
  U: tensor([ 4.3705e-01,  4.1316e-01,  4.0882e-01, -2.9939e-04, -2.4775e-03,
        -3.9684e-03])
  solvent.log_k_solvent: -0.966480016708374
  solvent.log_ss_half: -3.8029356002807617
  solvent.log_n_exp: 1.428929090499878
  solvent.phase_offset: 0.03344285860657692

Refinement completed successfully.

Saving results to /das/work/units/LBR-FEL/p17490/Peter/Library/work_trees_torchref/alignement/alignment_lab/benchmarks/af_mr/runs/dmin3.0/1WDV/refine_phaser_mr...
  Refined structure (PDB): /das/work/units/LBR-FEL/p17490/Peter/Library/work_trees_torchref/alignement/alignment_lab/benchmarks/af_mr/runs/dmin3.0/1WDV/refine_phaser_mr/refined.pdb
  Refined structure (mmCIF): /das/work/units/LBR-FEL/p17490/Peter/Library/work_trees_torchref/alignement/alignment_lab/benchmarks/af_mr/runs/dmin3.0/1WDV/refine_phaser_mr/refined.cif
Added map coefficients:
  2Fo-Fc: FWT, PHWT
  Fo-Fc: DELFWT, PHDELWT
  Resolution range: 1.70 - 29.98 Å
✓ Wrote MTZ file: /das/work/units/LBR-FEL/p17490/Peter/Library/work_trees_torchref/alignement/alignment_lab/benchmarks/af_mr/runs/dmin3.0/1WDV/refine_phaser_mr/refined.mtz
  Reflections: 31203
  Columns: H, K, L, F-obs, SIGF-obs, R-free-flags, FWT, PHWT, DELFWT, PHDELWT, F-model, PH-model
  Refined structure factors: /das/work/units/LBR-FEL/p17490/Peter/Library/work_trees_torchref/alignement/alignment_lab/benchmarks/af_mr/runs/dmin3.0/1WDV/refine_phaser_mr/refined.mtz
  Refinement history: /das/work/units/LBR-FEL/p17490/Peter/Library/work_trees_torchref/alignement/alignment_lab/benchmarks/af_mr/runs/dmin3.0/1WDV/refine_phaser_mr/refinement_history.json

================================================================================
Refinement Summary
================================================================================
R-work:  0.2695 (30583 reflections)
R-free:  0.3137 (620 reflections)
NLL work: 153258.30
NLL test: 3165.80
================================================================================

Output files:
  - /das/work/units/LBR-FEL/p17490/Peter/Library/work_trees_torchref/alignement/alignment_lab/benchmarks/af_mr/runs/dmin3.0/1WDV/refine_phaser_mr/refined.pdb
  - /das/work/units/LBR-FEL/p17490/Peter/Library/work_trees_torchref/alignement/alignment_lab/benchmarks/af_mr/runs/dmin3.0/1WDV/refine_phaser_mr/refined.cif
  - /das/work/units/LBR-FEL/p17490/Peter/Library/work_trees_torchref/alignement/alignment_lab/benchmarks/af_mr/runs/dmin3.0/1WDV/refine_phaser_mr/refined.mtz
  - /das/work/units/LBR-FEL/p17490/Peter/Library/work_trees_torchref/alignement/alignment_lab/benchmarks/af_mr/runs/dmin3.0/1WDV/refine_phaser_mr/refinement_history.json

Refinement completed successfully!

Timing: 303.9s wall, 385.3s CPU
