/das/work/units/LBR-FEL/p17490/Peter/Library/work_trees_torchref/alignement/torchref/cli/refine.py:21: UserWarning: TorchRef using user-specified 8 threads from TORCHREF_NUM_THREADS.
  from torchref.cli._common import (
================================================================================
TorchRef LBFGS Refinement
================================================================================
Model:             /das/work/units/LBR-FEL/p17490/Peter/Library/work_trees_torchref/dev/paper/figure2_alphafold_start/placed/3B2D_af.pdb
Structure factor:  /das/work/units/LBR-FEL/p17490/Peter/Library/work_trees_torchref/dev/paper/data/3B2D/3B2D.mtz
Output directory:  /das/work/units/LBR-FEL/p17490/Peter/Library/work_trees_torchref/alignement/alignment_lab/benchmarks/af_mr/runs/dmin4.0/3B2D/refine_phaser_mr
Refinement mode:   separate
X-ray target:      ml
Refinement cycles: 10
Rigid-body step:   on (iterations/cutoff = 30)
Device:            auto
ADP mode:          isotropic
Wavelength:        1 A
Manual weights:    {"adp": 0.02}
================================================================================

Initializing refinement...
found non-finite F values (NaN/Inf):  5714
found non-finite F_sigma values (NaN/Inf):  5714
Wilson outlier rejection: 0/21368 (0.0000%) of tested reflections flagged (0 too strong, 0 too weak)
Loaded 11570 atoms
Building restraints...
Found 109 link definitions

Building VDW (non-bonded) restraints...
  Symmetry expansion: 31 valid (symop, offset) combos
  Grid: [33, 11, 19], 5281/6897 cells occupied, max 189 entries/cell
  Built 198332 VDW restraints, 6500 symmetry contacts
  Hydrogen topology: 11460 riding H atoms
  H candidate pairs: 476988 (122162 H-H, 354826 H-heavy, 13923 symmetry)
================================================================================
Restraints Summary
================================================================================
CIF file: None
Residue types in dictionary: 20

INTRA-RESIDUE RESTRAINTS:
--------------------------------------------------------------------------------
  Bonds: 10332
  Angles: 11540
  Torsions: 2930
  Planes: 2228
  Chirals: 1862

INTER-RESIDUE RESTRAINTS:
--------------------------------------------------------------------------------
  Peptide bonds: 1466
  Peptide angles: 4454
  Disulfide bonds: 18
  Disulfide angles: 36
  Disulfide torsions: 18
  LINK bonds: 0

BACKBONE TORSIONS:
--------------------------------------------------------------------------------
  Phi: 1466
  Psi: 1466
  Omega: 1466
  Ramachandran: 1458

VDW RESTRAINTS:
--------------------------------------------------------------------------------
  Non-bonded contacts: 198332 (191832 intra-ASU, 6500 symmetry)
================================================================================
Generated 11456 hydrogens
ADP representation: isotropic, 23026 parameters, 1.5 work reflections each
Initialized ScalerBase with 10 bins.
Building restraints...

Building VDW (non-bonded) restraints...
  Symmetry expansion: 33 valid (symop, offset) combos
  Grid: [33, 11, 19], 5612/6897 cells occupied, max 360 entries/cell
  Built 826440 VDW restraints, 29522 symmetry contacts
================================================================================
Restraints Summary
================================================================================
CIF file: None
Residue types in dictionary: 20

INTRA-RESIDUE RESTRAINTS:
--------------------------------------------------------------------------------
  Bonds: 21788
  Angles: 36134
  Torsions: 4466
  Planes: 3898
  Chirals: 1862

INTER-RESIDUE RESTRAINTS:
--------------------------------------------------------------------------------
  Peptide bonds: 1466
  Peptide angles: 5864
  Disulfide bonds: 18
  Disulfide angles: 36
  Disulfide torsions: 18
  LINK bonds: 0

BACKBONE TORSIONS:
--------------------------------------------------------------------------------
  Phi: 1466
  Psi: 1466
  Omega: 1466
  Ramachandran: 1458

VDW RESTRAINTS:
--------------------------------------------------------------------------------
  Non-bonded contacts: 826440 (796918 intra-ASU, 29522 symmetry)
================================================================================
Initializing TotalGeometryTarget with component targets...
Initializing TotalADPTarget with component targets: simu, locality, sigd
Parametrization built for 5 unique atom types
SfFFT: Using late symmetry (reciprocal space)
Calculating initial scale factors using 10 bins.
Refining scales with LBFGS...
Scale refinement complete. rwork: 0.4485, rfree: 0.4665

Final Scale Parameters: 
  c_iso: tensor([ 3.3433,  5.0315,  0.8284,  0.0848, -0.1723,  0.0821])
  U: tensor([ 4.0489,  4.1551,  4.0387, -0.0711, -0.0457,  0.0476])
  solvent.log_k_solvent: -1.3713767528533936
  solvent.log_ss_half: -5.611727237701416
  solvent.log_n_exp: 0.2801032066345215
  solvent.phase_offset: -0.08866772055625916
Initialized targets with xray_mode='ml'
Applied manual group weights: {'xray': 1.0, 'geometry': 0.2, 'geometry/ramachandran': 0.0, 'adp': 0.02, 'adp/sigd': 1.0, 'adp/node_load': 10.0, 'adp/node_smoothness': 0.0}
Refinement initialized successfully.

Starting refinement with 10 macro cycles...

Rigid-body step enabled: one multi-resolution rigid-body pass will run once at the start of refinement.


--- Rigid-body step (once, at start) ---
Switched to rigid-body parametrization: RigidXYZTensor(n_atoms=23026, n_chains=8) (8 chain(s))
Filtering: 4350/40737 reflections in range [inf - 6.0] Å (3973 valid after all masks)
Initialized ScalerBase with 10 bins.
Calculating initial scale factors using 10 bins.
Calculating initial scale factors using 10 bins.
Refining scales with LBFGS...
Scale refinement complete. rwork: 0.4075, rfree: 0.4588

Final Scale Parameters: 
  c_iso: tensor([-0.4018,  0.0776, -0.4919,  0.1840,  0.1015,  0.2393])
  U: tensor([ 1.2816,  1.8780,  1.3291, -0.2220, -0.1149, -0.1157])
  solvent.log_k_solvent: -1.2802400588989258
  solvent.log_ss_half: -3.8829877376556396
  solvent.log_n_exp: 1.685217261314392
  solvent.phase_offset: -0.036696746945381165
  rigid-body d_min=6.00 (lbfgs, iters=30): Rwork=0.4061 Rfree=0.4526
Filtering: 13287/40737 reflections in range [inf - 4.098790392733353] Å (12714 valid after all masks)
Initialized ScalerBase with 10 bins.
Calculating initial scale factors using 10 bins.
Calculating initial scale factors using 10 bins.
Refining scales with LBFGS...
Scale refinement complete. rwork: 0.3641, rfree: 0.3837

Final Scale Parameters: 
  c_iso: tensor([6.3566, 9.2311, 2.0946, 0.6551, 0.0307, 0.2228])
  U: tensor([ 6.5055,  6.8033,  6.5677, -0.0657, -0.0800,  0.0637])
  solvent.log_k_solvent: -1.6104289293289185
  solvent.log_ss_half: -5.9907612800598145
  solvent.log_n_exp: 0.2888191342353821
  solvent.phase_offset: -0.07644598186016083
  rigid-body d_min=4.10 (lbfgs, iters=30): Rwork=0.3520 Rfree=0.3543
Filtering: 40737/40737 reflections in range [inf - 2.800013780593872] Å (35023 valid after all masks)
Initialized ScalerBase with 10 bins.
Calculating initial scale factors using 10 bins.
Calculating initial scale factors using 10 bins.
Refining scales with LBFGS...
Scale refinement complete. rwork: 0.3790, rfree: 0.3884

Final Scale Parameters: 
  c_iso: tensor([ 3.3295,  5.1450,  0.7500,  0.1391, -0.2015,  0.1026])
  U: tensor([ 4.0616,  4.1388,  4.0243, -0.0717, -0.0626,  0.0598])
  solvent.log_k_solvent: -1.511107087135315
  solvent.log_ss_half: -5.459715366363525
  solvent.log_n_exp: 0.39491552114486694
  solvent.phase_offset: -0.08384506404399872
  rigid-body d_min=2.80 (lbfgs, iters=30): Rwork=0.3780 Rfree=0.3841
Initialized ScalerBase with 10 bins.
Calculating initial scale factors using 10 bins.
Calculating initial scale factors using 10 bins.
Refining scales with LBFGS...
Scale refinement complete. rwork: 0.3766, rfree: 0.3830

Final Scale Parameters: 
  c_iso: tensor([ 3.3508,  5.1231,  0.7681,  0.1184, -0.1957,  0.0950])
  U: tensor([ 4.0693,  4.1486,  4.0301, -0.0713, -0.0598,  0.0593])
  solvent.log_k_solvent: -1.4894901514053345
  solvent.log_ss_half: -5.468438148498535
  solvent.log_n_exp: 0.3888606131076813
  solvent.phase_offset: -0.09001936763525009
Initialized ScalerBase with 10 bins.
Calculating initial scale factors using 10 bins.
Calculating initial scale factors using 10 bins.
Refining scales with LBFGS...
Scale refinement complete. rwork: 0.3766, rfree: 0.3830

Final Scale Parameters: 
  c_iso: tensor([ 3.3498,  5.1254,  0.7663,  0.1196, -0.1964,  0.0952])
  U: tensor([ 4.0696,  4.1484,  4.0301, -0.0715, -0.0599,  0.0596])
  solvent.log_k_solvent: -1.4930328130722046
  solvent.log_ss_half: -5.465025424957275
  solvent.log_n_exp: 0.3913736641407013
  solvent.phase_offset: -0.089485764503479

============================================================
LBFGS Refinement - Cycle 1/10
============================================================
Refining scales with LBFGS...
Scale refinement complete. rwork: 0.3766, rfree: 0.3830

Final Scale Parameters: 
  c_iso: tensor([ 3.3498,  5.1253,  0.7663,  0.1195, -0.1964,  0.0951])
  U: tensor([ 4.0696,  4.1485,  4.0304, -0.0714, -0.0599,  0.0593])
  solvent.log_k_solvent: -1.4924954175949097
  solvent.log_ss_half: -5.465487957000732
  solvent.log_n_exp: 0.3910656273365021
  solvent.phase_offset: -0.08944743126630783
After scaling: Rwork=0.3766, Rfree=0.3830
  VDW rebuild: max drift 3.56 Å > threshold 1.00 Å

Building VDW (non-bonded) restraints...
  Symmetry expansion: 33 valid (symop, offset) combos
  Grid: [33, 11, 19], 5612/6897 cells occupied, max 360 entries/cell
  Built 826440 VDW restraints, 29522 symmetry contacts

────────────────────────────────────────────────────────────────────
  XYZ Refinement
────────────────────────────────────────────────────────────────────

  adp (weight: 0.0200)
  ────────────────────────────────────────────────────────────────
    Metric                       Before      After     Change
    locality                    11939.6    11939.6     0.0000
    scaler_U                  1018606.3  1018606.3     0.0000
    scaler_log_scale         24430168.0 24430168.0     0.0000
    sigd                        16443.0    16443.0     0.0000
    simu                        38328.4    38328.4     0.0000

  geometry (weight: 0.2000)
  ────────────────────────────────────────────────────────────────
    Metric                       Before      After     Change
    angle                      -95006.1  -103908.0    -8901.9
    bond                       -71683.0   -77932.6    -6249.6
    chiral                    -981.7090    -1211.0  -229.3170
    nonbonded                 -143793.1  -217028.6   -73235.5
    planarity                  -46890.3   -48066.5    -1176.1
    torsion                     25472.1    25612.4  +140.3223

  other (weight: 1.0000)
  ────────────────────────────────────────────────────────────────
    Metric                       Before      After     Change
    xray                       224473.0   223284.3    -1188.7

  Group Totals
  ────────────────────────────────────────────────────────────────
    Group                        Before      After     Change
    adp                        510309.7   510309.7     0.0000
    geometry                   -66576.4   -84506.9   -17930.4
    xray                       224473.0   223284.3    -1188.7
────────────────────────────────────────────────────────────────────
  VDW rebuild: max drift 3.56 Å > threshold 1.00 Å

Building VDW (non-bonded) restraints...
  Symmetry expansion: 33 valid (symop, offset) combos
  Grid: [33, 11, 19], 5612/6897 cells occupied, max 360 entries/cell
  Built 826440 VDW restraints, 29522 symmetry contacts

────────────────────────────────────────────────────────────────────
  ADP Refinement
────────────────────────────────────────────────────────────────────

  adp (weight: 0.0200)
  ────────────────────────────────────────────────────────────────
    Metric                       Before      After     Change
    locality                    11243.7    24146.8   +12903.1
    scaler_U                  1018606.3  1018606.3     0.0000
    scaler_log_scale         24430168.0 24430168.0     0.0000
    sigd                        16443.0    15827.8  -615.1426
    simu                        38328.4    44361.8    +6033.4

  geometry (weight: 0.2000)
  ────────────────────────────────────────────────────────────────
    Metric                       Before      After     Change
    angle                     -103908.0  -103908.0     0.0000
    bond                       -77932.6   -77932.6     0.0000
    chiral                      -1211.0    -1211.0     0.0000
    nonbonded                 -217028.6  -217028.6     0.0000
    planarity                  -48066.5   -48066.5     0.0000
    torsion                     25612.4    25612.4     0.0000

  other (weight: 1.0000)
  ────────────────────────────────────────────────────────────────
    Metric                       Before      After     Change
    xray                       223284.3   221069.3    -2214.9

  Group Totals
  ────────────────────────────────────────────────────────────────
    Group                        Before      After     Change
    adp                        510295.8   510662.2  +366.4279
    geometry                   -84506.9   -84506.9     0.0000
    xray                       223284.3   221069.3    -2214.9
────────────────────────────────────────────────────────────────────

============================================================
LBFGS Refinement - Cycle 2/10
============================================================
Refining scales with LBFGS...
Scale refinement complete. rwork: 0.3344, rfree: 0.3558

Final Scale Parameters: 
  c_iso: tensor([ 3.3457,  5.1326,  0.7711,  0.1239, -0.1944,  0.0899])
  U: tensor([ 4.0598,  4.1264,  4.0198, -0.0586, -0.0497,  0.0585])
  solvent.log_k_solvent: -1.5124180316925049
  solvent.log_ss_half: -5.462773323059082
  solvent.log_n_exp: 0.39985305070877075
  solvent.phase_offset: -0.07026403397321701
After scaling: Rwork=0.3344, Rfree=0.3558
  VDW rebuild: max drift 3.60 Å > threshold 1.00 Å

Building VDW (non-bonded) restraints...
  Symmetry expansion: 33 valid (symop, offset) combos
  Grid: [33, 11, 19], 5612/6897 cells occupied, max 360 entries/cell
  Built 826440 VDW restraints, 29522 symmetry contacts

────────────────────────────────────────────────────────────────────
  XYZ Refinement
────────────────────────────────────────────────────────────────────

  adp (weight: 0.0200)
  ────────────────────────────────────────────────────────────────
    Metric                       Before      After     Change
    locality                    24146.8    24146.8     0.0000
    scaler_U                  1011539.1  1011539.1     0.0000
    scaler_log_scale         24535192.0 24535192.0     0.0000
    sigd                        15827.8    15827.8     0.0000
    simu                        44361.8    44361.8     0.0000

  geometry (weight: 0.2000)
  ────────────────────────────────────────────────────────────────
    Metric                       Before      After     Change
    angle                     -103908.0  -105355.1    -1447.1
    bond                       -77932.6   -78134.1  -201.4219
    chiral                      -1211.0    -1206.8    +4.1967
    nonbonded                 -217028.6  -217735.2  -706.6562
    planarity                  -48066.5   -48077.0   -10.5625
    torsion                     25612.4    25749.3  +136.9492

  other (weight: 1.0000)
  ────────────────────────────────────────────────────────────────
    Metric                       Before      After     Change
    xray                       221084.8   219474.6    -1610.2

  Group Totals
  ────────────────────────────────────────────────────────────────
    Group                        Before      After     Change
    adp                        512621.4   512621.4     0.0000
    geometry                   -84506.9   -84951.8  -444.9273
    xray                       221084.8   219474.6    -1610.2
────────────────────────────────────────────────────────────────────
  VDW rebuild: max drift 3.60 Å > threshold 1.00 Å

Building VDW (non-bonded) restraints...
  Symmetry expansion: 33 valid (symop, offset) combos
  Grid: [33, 11, 19], 5612/6897 cells occupied, max 360 entries/cell
  Built 826440 VDW restraints, 29522 symmetry contacts

────────────────────────────────────────────────────────────────────
  ADP Refinement
────────────────────────────────────────────────────────────────────

  adp (weight: 0.0200)
  ────────────────────────────────────────────────────────────────
    Metric                       Before      After     Change
    locality                    24128.2    29390.4    +5262.2
    scaler_U                  1011539.1  1011539.1     0.0000
    scaler_log_scale         24535192.0 24535192.0     0.0000
    sigd                        15827.8    16026.6  +198.7119
    simu                        44361.8    45987.3    +1625.5

  geometry (weight: 0.2000)
  ────────────────────────────────────────────────────────────────
    Metric                       Before      After     Change
    angle                     -105355.1  -105355.1     0.0000
    bond                       -78134.1   -78134.1     0.0000
    chiral                      -1206.8    -1206.8     0.0000
    nonbonded                 -217735.2  -217735.2     0.0000
    planarity                  -48077.0   -48077.0     0.0000
    torsion                     25749.3    25749.3     0.0000

  other (weight: 1.0000)
  ────────────────────────────────────────────────────────────────
    Metric                       Before      After     Change
    xray                       219474.6   219133.5  -341.0156

  Group Totals
  ────────────────────────────────────────────────────────────────
    Group                        Before      After     Change
    adp                        512621.0   512762.7  +141.7289
    geometry                   -84951.8   -84951.8     0.0000
    xray                       219474.6   219133.5  -341.0156
────────────────────────────────────────────────────────────────────

============================================================
LBFGS Refinement - Cycle 3/10
============================================================
Refining scales with LBFGS...
Scale refinement complete. rwork: 0.3111, rfree: 0.3455

Final Scale Parameters: 
  c_iso: tensor([ 3.3497,  5.1331,  0.7681,  0.1234, -0.1966,  0.0876])
  U: tensor([ 4.0580,  4.1221,  4.0203, -0.0552, -0.0469,  0.0568])
  solvent.log_k_solvent: -1.517326831817627
  solvent.log_ss_half: -5.464917182922363
  solvent.log_n_exp: 0.39744046330451965
  solvent.phase_offset: -0.062007687985897064
After scaling: Rwork=0.3111, Rfree=0.3455
  VDW rebuild: max drift 3.76 Å > threshold 1.00 Å

Building VDW (non-bonded) restraints...
  Symmetry expansion: 33 valid (symop, offset) combos
  Grid: [33, 11, 19], 5612/6897 cells occupied, max 360 entries/cell
  Built 826440 VDW restraints, 29522 symmetry contacts

────────────────────────────────────────────────────────────────────
  XYZ Refinement
────────────────────────────────────────────────────────────────────

  adp (weight: 0.0200)
  ────────────────────────────────────────────────────────────────
    Metric                       Before      After     Change
    locality                    29390.4    29390.4     0.0000
    scaler_U                  1010603.9  1010603.9     0.0000
    scaler_log_scale         24529086.0 24529086.0     0.0000
    sigd                        16026.6    16026.6     0.0000
    simu                        45987.3    45987.3     0.0000

  geometry (weight: 0.2000)
  ────────────────────────────────────────────────────────────────
    Metric                       Before      After     Change
    angle                     -105355.1  -105531.7  -176.5078
    bond                       -78134.1   -78189.5   -55.4766
    chiral                      -1206.8    -1226.6   -19.7426
    nonbonded                 -217735.2  -218574.6  -839.3438
    planarity                  -48077.0   -48150.3   -73.3047
    torsion                     25749.3    25689.3   -60.0742

  other (weight: 1.0000)
  ────────────────────────────────────────────────────────────────
    Metric                       Before      After     Change
    xray                       219159.5   218163.6  -995.9531

  Group Totals
  ────────────────────────────────────────────────────────────────
    Group                        Before      After     Change
    adp                        512621.9   512621.9     0.0000
    geometry                   -84951.8   -85196.7  -244.8938
    xray                       219159.5   218163.6  -995.9531
────────────────────────────────────────────────────────────────────
  VDW rebuild: max drift 3.76 Å > threshold 1.00 Å

Building VDW (non-bonded) restraints...
  Symmetry expansion: 33 valid (symop, offset) combos
  Grid: [33, 11, 19], 5612/6897 cells occupied, max 360 entries/cell
  Built 826440 VDW restraints, 29522 symmetry contacts

────────────────────────────────────────────────────────────────────
  ADP Refinement
────────────────────────────────────────────────────────────────────

  adp (weight: 0.0200)
  ────────────────────────────────────────────────────────────────
    Metric                       Before      After     Change
    locality                    29381.9    30219.1  +837.1152
    scaler_U                  1010603.9  1010603.9     0.0000
    scaler_log_scale         24529086.0 24529086.0     0.0000
    sigd                        16026.6    16089.1   +62.5312
    simu                        45987.3    46106.2  +118.8672

  geometry (weight: 0.2000)
  ────────────────────────────────────────────────────────────────
    Metric                       Before      After     Change
    angle                     -105531.7  -105531.7     0.0000
    bond                       -78189.5   -78189.5     0.0000
    chiral                      -1226.6    -1226.6     0.0000
    nonbonded                 -218574.6  -218574.6     0.0000
    planarity                  -48150.3   -48150.3     0.0000
    torsion                     25689.3    25689.3     0.0000

  other (weight: 1.0000)
  ────────────────────────────────────────────────────────────────
    Metric                       Before      After     Change
    xray                       218163.6   218129.1   -34.5156

  Group Totals
  ────────────────────────────────────────────────────────────────
    Group                        Before      After     Change
    adp                        512621.7   512642.1   +20.3703
    geometry                   -85196.7   -85196.7     0.0000
    xray                       218163.6   218129.1   -34.5156
────────────────────────────────────────────────────────────────────

============================================================
LBFGS Refinement - Cycle 4/10
============================================================
Refining scales with LBFGS...
Scale refinement complete. rwork: 0.2997, rfree: 0.3408

Final Scale Parameters: 
  c_iso: tensor([ 3.3497,  5.1338,  0.7672,  0.1227, -0.1991,  0.0880])
  U: tensor([ 4.0574,  4.1201,  4.0197, -0.0549, -0.0451,  0.0586])
  solvent.log_k_solvent: -1.5177148580551147
  solvent.log_ss_half: -5.467214584350586
  solvent.log_n_exp: 0.3948330879211426
  solvent.phase_offset: -0.06587132811546326
After scaling: Rwork=0.2997, Rfree=0.3408
  VDW rebuild: max drift 3.72 Å > threshold 1.00 Å

Building VDW (non-bonded) restraints...
  Symmetry expansion: 33 valid (symop, offset) combos
  Grid: [33, 11, 19], 5612/6897 cells occupied, max 360 entries/cell
  Built 826440 VDW restraints, 29522 symmetry contacts

────────────────────────────────────────────────────────────────────
  XYZ Refinement
────────────────────────────────────────────────────────────────────

  adp (weight: 0.0200)
  ────────────────────────────────────────────────────────────────
    Metric                       Before      After     Change
    locality                    30219.1    30219.1     0.0000
    scaler_U                  1010082.0  1010082.0     0.0000
    scaler_log_scale         24537828.0 24537828.0     0.0000
    sigd                        16089.1    16089.1     0.0000
    simu                        46106.2    46106.2     0.0000

  geometry (weight: 0.2000)
  ────────────────────────────────────────────────────────────────
    Metric                       Before      After     Change
    angle                     -105531.7  -105969.4  -437.7031
    bond                       -78189.5   -78301.1  -111.5859
    chiral                      -1226.6    -1215.0   +11.5531
    nonbonded                 -218574.6  -218626.7   -52.0781
    planarity                  -48150.3   -48183.0   -32.6797
    torsion                     25689.3    25738.0   +48.7422

  other (weight: 1.0000)
  ────────────────────────────────────────────────────────────────
    Metric                       Before      After     Change
    xray                       218177.8   217556.6  -621.2031

  Group Totals
  ────────────────────────────────────────────────────────────────
    Group                        Before      After     Change
    adp                        512806.5   512806.5     0.0000
    geometry                   -85196.7   -85311.4  -114.7495
    xray                       218177.8   217556.6  -621.2031
────────────────────────────────────────────────────────────────────
  VDW rebuild: max drift 3.72 Å > threshold 1.00 Å

Building VDW (non-bonded) restraints...
  Symmetry expansion: 33 valid (symop, offset) combos
  Grid: [33, 11, 19], 5612/6897 cells occupied, max 360 entries/cell
  Built 826440 VDW restraints, 29522 symmetry contacts

────────────────────────────────────────────────────────────────────
  ADP Refinement
────────────────────────────────────────────────────────────────────

  adp (weight: 0.0200)
  ────────────────────────────────────────────────────────────────
    Metric                       Before      After     Change
    locality                    30212.5    29636.2  -576.2773
    scaler_U                  1010082.0  1010082.0     0.0000
    scaler_log_scale         24537828.0 24537828.0     0.0000
    sigd                        16089.1    16088.6    -0.4463
    simu                        46106.2    45716.4  -389.7852

  geometry (weight: 0.2000)
  ────────────────────────────────────────────────────────────────
    Metric                       Before      After     Change
    angle                     -105969.4  -105969.4     0.0000
    bond                       -78301.1   -78301.1     0.0000
    chiral                      -1215.0    -1215.0     0.0000
    nonbonded                 -218626.7  -218626.7     0.0000
    planarity                  -48183.0   -48183.0     0.0000
    torsion                     25738.0    25738.0     0.0000

  other (weight: 1.0000)
  ────────────────────────────────────────────────────────────────
    Metric                       Before      After     Change
    xray                       217556.6   217576.2   +19.5781

  Group Totals
  ────────────────────────────────────────────────────────────────
    Group                        Before      After     Change
    adp                        512806.4   512787.0   -19.3302
    geometry                   -85311.4   -85311.4     0.0000
    xray                       217556.6   217576.2   +19.5781
────────────────────────────────────────────────────────────────────

============================================================
LBFGS Refinement - Cycle 5/10
============================================================
Refining scales with LBFGS...
Scale refinement complete. rwork: 0.2924, rfree: 0.3387

Final Scale Parameters: 
  c_iso: tensor([ 3.3494,  5.1337,  0.7650,  0.1242, -0.2002,  0.0882])
  U: tensor([ 4.0573,  4.1203,  4.0211, -0.0557, -0.0447,  0.0585])
  solvent.log_k_solvent: -1.5178272724151611
  solvent.log_ss_half: -5.468266487121582
  solvent.log_n_exp: 0.39089298248291016
  solvent.phase_offset: -0.06700945645570755
After scaling: Rwork=0.2924, Rfree=0.3387
  VDW rebuild: max drift 3.83 Å > threshold 1.00 Å

Building VDW (non-bonded) restraints...
  Symmetry expansion: 33 valid (symop, offset) combos
  Grid: [33, 11, 19], 5612/6897 cells occupied, max 360 entries/cell
  Built 826440 VDW restraints, 29522 symmetry contacts

────────────────────────────────────────────────────────────────────
  XYZ Refinement
────────────────────────────────────────────────────────────────────

  adp (weight: 0.0200)
  ────────────────────────────────────────────────────────────────
    Metric                       Before      After     Change
    locality                    29636.2    29636.2     0.0000
    scaler_U                  1010338.9  1010338.9     0.0000
    scaler_log_scale         24519282.0 24519282.0     0.0000
    sigd                        16088.6    16088.6     0.0000
    simu                        45716.4    45716.4     0.0000

  geometry (weight: 0.2000)
  ────────────────────────────────────────────────────────────────
    Metric                       Before      After     Change
    angle                     -105969.4  -106020.7   -51.3438
    bond                       -78301.1   -78352.4   -51.2891
    chiral                      -1215.0    -1228.1   -13.0624
    nonbonded                 -218626.7  -218895.2  -268.5312
    planarity                  -48183.0   -48223.4   -40.3828
    torsion                     25738.0    25729.8    -8.2188

  other (weight: 1.0000)
  ────────────────────────────────────────────────────────────────
    Metric                       Before      After     Change
    xray                       217596.0   217120.3  -475.6875

  Group Totals
  ────────────────────────────────────────────────────────────────
    Group                        Before      After     Change
    adp                        512421.2   512421.2     0.0000
    geometry                   -85311.4   -85398.0   -86.5651
    xray                       217596.0   217120.3  -475.6875
────────────────────────────────────────────────────────────────────
  VDW rebuild: max drift 3.83 Å > threshold 1.00 Å

Building VDW (non-bonded) restraints...
  Symmetry expansion: 33 valid (symop, offset) combos
  Grid: [33, 11, 19], 5612/6897 cells occupied, max 360 entries/cell
  Built 826440 VDW restraints, 29522 symmetry contacts

────────────────────────────────────────────────────────────────────
  ADP Refinement
────────────────────────────────────────────────────────────────────

  adp (weight: 0.0200)
  ────────────────────────────────────────────────────────────────
    Metric                       Before      After     Change
    locality                    29615.6    29585.1   -30.5508
    scaler_U                  1010338.9  1010338.9     0.0000
    scaler_log_scale         24519282.0 24519282.0     0.0000
    sigd                        16088.6    16087.5    -1.0967
    simu                        45716.4    45733.6   +17.2305

  geometry (weight: 0.2000)
  ────────────────────────────────────────────────────────────────
    Metric                       Before      After     Change
    angle                     -106020.7  -106020.7     0.0000
    bond                       -78352.4   -78352.4     0.0000
    chiral                      -1228.1    -1228.1     0.0000
    nonbonded                 -218895.2  -218895.2     0.0000
    planarity                  -48223.4   -48223.4     0.0000
    torsion                     25729.8    25729.8     0.0000

  other (weight: 1.0000)
  ────────────────────────────────────────────────────────────────
    Metric                       Before      After     Change
    xray                       217120.3   217131.1   +10.7500

  Group Totals
  ────────────────────────────────────────────────────────────────
    Group                        Before      After     Change
    adp                        512420.8   512420.5    -0.2884
    geometry                   -85398.0   -85398.0     0.0000
    xray                       217120.3   217131.1   +10.7500
────────────────────────────────────────────────────────────────────

============================================================
LBFGS Refinement - Cycle 6/10
============================================================
Refining scales with LBFGS...
Scale refinement complete. rwork: 0.2877, rfree: 0.3373

Final Scale Parameters: 
  c_iso: tensor([ 3.3519,  5.1345,  0.7657,  0.1226, -0.2010,  0.0880])
  U: tensor([ 4.0589,  4.1210,  4.0228, -0.0562, -0.0436,  0.0594])
  solvent.log_k_solvent: -1.5197407007217407
  solvent.log_ss_half: -5.467077255249023
  solvent.log_n_exp: 0.39166128635406494
  solvent.phase_offset: -0.06137371435761452
After scaling: Rwork=0.2877, Rfree=0.3373
  VDW rebuild: max drift 3.86 Å > threshold 1.00 Å

Building VDW (non-bonded) restraints...
  Symmetry expansion: 33 valid (symop, offset) combos
  Grid: [33, 11, 19], 5612/6897 cells occupied, max 360 entries/cell
  Built 826440 VDW restraints, 29522 symmetry contacts

────────────────────────────────────────────────────────────────────
  XYZ Refinement
────────────────────────────────────────────────────────────────────

  adp (weight: 0.0200)
  ────────────────────────────────────────────────────────────────
    Metric                       Before      After     Change
    locality                    29585.1    29585.1     0.0000
    scaler_U                  1011002.8  1011002.8     0.0000
    scaler_log_scale         24539896.0 24539896.0     0.0000
    sigd                        16087.5    16087.5     0.0000
    simu                        45733.6    45733.6     0.0000

  geometry (weight: 0.2000)
  ────────────────────────────────────────────────────────────────
    Metric                       Before      After     Change
    angle                     -106020.7  -106150.3  -129.6094
    bond                       -78352.4   -78331.1   +21.3125
    chiral                      -1228.1    -1218.5    +9.5552
    nonbonded                 -218895.2  -218933.0   -37.8594
    planarity                  -48223.4   -48236.5   -13.0859
    torsion                     25729.8    25757.9   +28.1328

  other (weight: 1.0000)
  ────────────────────────────────────────────────────────────────
    Metric                       Before      After     Change
    xray                       217159.5   216796.1  -363.3750

  Group Totals
  ────────────────────────────────────────────────────────────────
    Group                        Before      After     Change
    adp                        512846.1   512846.1     0.0000
    geometry                   -85398.0   -85422.3   -24.3092
    xray                       217159.5   216796.1  -363.3750
────────────────────────────────────────────────────────────────────
  VDW rebuild: max drift 3.86 Å > threshold 1.00 Å

Building VDW (non-bonded) restraints...
  Symmetry expansion: 33 valid (symop, offset) combos
  Grid: [33, 11, 19], 5612/6897 cells occupied, max 360 entries/cell
  Built 826440 VDW restraints, 29522 symmetry contacts

────────────────────────────────────────────────────────────────────
  ADP Refinement
────────────────────────────────────────────────────────────────────

  adp (weight: 0.0200)
  ────────────────────────────────────────────────────────────────
    Metric                       Before      After     Change
    locality                    29574.3    28606.4  -967.9082
    scaler_U                  1011002.8  1011002.8     0.0000
    scaler_log_scale         24539896.0 24539896.0     0.0000
    sigd                        16087.5    16077.5   -10.0811
    simu                        45733.6    45208.0  -525.5938

  geometry (weight: 0.2000)
  ────────────────────────────────────────────────────────────────
    Metric                       Before      After     Change
    angle                     -106150.3  -106150.3     0.0000
    bond                       -78331.1   -78331.1     0.0000
    chiral                      -1218.5    -1218.5     0.0000
    nonbonded                 -218933.0  -218933.0     0.0000
    planarity                  -48236.5   -48236.5     0.0000
    torsion                     25757.9    25757.9     0.0000

  other (weight: 1.0000)
  ────────────────────────────────────────────────────────────────
    Metric                       Before      After     Change
    xray                       216796.1   216833.9   +37.8125

  Group Totals
  ────────────────────────────────────────────────────────────────
    Group                        Before      After     Change
    adp                        512845.9   512815.8   -30.0717
    geometry                   -85422.3   -85422.3     0.0000
    xray                       216796.1   216833.9   +37.8125
────────────────────────────────────────────────────────────────────

============================================================
LBFGS Refinement - Cycle 7/10
============================================================
Refining scales with LBFGS...
Scale refinement complete. rwork: 0.2836, rfree: 0.3357

Final Scale Parameters: 
  c_iso: tensor([ 3.3510,  5.1330,  0.7649,  0.1230, -0.2019,  0.0884])
  U: tensor([ 4.0598,  4.1211,  4.0228, -0.0573, -0.0433,  0.0613])
  solvent.log_k_solvent: -1.5208475589752197
  solvent.log_ss_half: -5.466825485229492
  solvent.log_n_exp: 0.39049503207206726
  solvent.phase_offset: -0.059985823929309845
After scaling: Rwork=0.2836, Rfree=0.3357
  VDW rebuild: max drift 3.94 Å > threshold 1.00 Å

Building VDW (non-bonded) restraints...
  Symmetry expansion: 33 valid (symop, offset) combos
  Grid: [33, 11, 19], 5612/6897 cells occupied, max 360 entries/cell
  Built 826440 VDW restraints, 29522 symmetry contacts

────────────────────────────────────────────────────────────────────
  XYZ Refinement
────────────────────────────────────────────────────────────────────

  adp (weight: 0.0200)
  ────────────────────────────────────────────────────────────────
    Metric                       Before      After     Change
    locality                    28606.4    28606.4     0.0000
    scaler_U                  1011169.3  1011169.3     0.0000
    scaler_log_scale         24522922.0 24522922.0     0.0000
    sigd                        16077.5    16077.5     0.0000
    simu                        45208.0    45208.0     0.0000

  geometry (weight: 0.2000)
  ────────────────────────────────────────────────────────────────
    Metric                       Before      After     Change
    angle                     -106150.3  -106209.3   -58.9844
    bond                       -78331.1   -78390.0   -58.8516
    chiral                      -1218.5    -1228.5    -9.9636
    nonbonded                 -218933.0  -219052.4  -119.3438
    planarity                  -48236.5   -48246.6   -10.1055
    torsion                     25757.9    25758.2    +0.2441

  other (weight: 1.0000)
  ────────────────────────────────────────────────────────────────
    Metric                       Before      After     Change
    xray                       216867.4   216511.3  -356.1250

  Group Totals
  ────────────────────────────────────────────────────────────────
    Group                        Before      After     Change
    adp                        512479.7   512479.7     0.0000
    geometry                   -85422.3   -85473.7   -51.4039
    xray                       216867.4   216511.3  -356.1250
────────────────────────────────────────────────────────────────────
  VDW rebuild: max drift 3.94 Å > threshold 1.00 Å

Building VDW (non-bonded) restraints...
  Symmetry expansion: 33 valid (symop, offset) combos
  Grid: [33, 11, 19], 5612/6897 cells occupied, max 360 entries/cell
  Built 826440 VDW restraints, 29522 symmetry contacts

────────────────────────────────────────────────────────────────────
  ADP Refinement
────────────────────────────────────────────────────────────────────

  adp (weight: 0.0200)
  ────────────────────────────────────────────────────────────────
    Metric                       Before      After     Change
    locality                    28595.7    28800.1  +204.3750
    scaler_U                  1011169.3  1011169.3     0.0000
    scaler_log_scale         24522922.0 24522922.0     0.0000
    sigd                        16077.5    16077.3    -0.2051
    simu                        45208.0    45382.8  +174.7422

  geometry (weight: 0.2000)
  ────────────────────────────────────────────────────────────────
    Metric                       Before      After     Change
    angle                     -106209.3  -106209.3     0.0000
    bond                       -78390.0   -78390.0     0.0000
    chiral                      -1228.5    -1228.5     0.0000
    nonbonded                 -219052.4  -219052.4     0.0000
    planarity                  -48246.6   -48246.6     0.0000
    torsion                     25758.2    25758.2     0.0000

  other (weight: 1.0000)
  ────────────────────────────────────────────────────────────────
    Metric                       Before      After     Change
    xray                       216511.3   216511.2    -0.1250

  Group Totals
  ────────────────────────────────────────────────────────────────
    Group                        Before      After     Change
    adp                        512479.4   512487.0    +7.5782
    geometry                   -85473.7   -85473.7     0.0000
    xray                       216511.3   216511.2    -0.1250
────────────────────────────────────────────────────────────────────

============================================================
LBFGS Refinement - Cycle 8/10
============================================================
Refining scales with LBFGS...
Scale refinement complete. rwork: 0.2802, rfree: 0.3334

Final Scale Parameters: 
  c_iso: tensor([ 3.3532,  5.1260,  0.7686,  0.1194, -0.2013,  0.0880])
  U: tensor([ 4.0594,  4.1194,  4.0218, -0.0577, -0.0425,  0.0638])
  solvent.log_k_solvent: -1.507663369178772
  solvent.log_ss_half: -5.479034423828125
  solvent.log_n_exp: 0.3809899389743805
  solvent.phase_offset: -0.061875175684690475
After scaling: Rwork=0.2802, Rfree=0.3334
  VDW rebuild: max drift 3.97 Å > threshold 1.00 Å

Building VDW (non-bonded) restraints...
  Symmetry expansion: 33 valid (symop, offset) combos
  Grid: [33, 11, 19], 5612/6897 cells occupied, max 360 entries/cell
  Built 826440 VDW restraints, 29522 symmetry contacts

────────────────────────────────────────────────────────────────────
  XYZ Refinement
────────────────────────────────────────────────────────────────────

  adp (weight: 0.0200)
  ────────────────────────────────────────────────────────────────
    Metric                       Before      After     Change
    locality                    28800.1    28800.1     0.0000
    scaler_U                  1010636.4  1010636.4     0.0000
    scaler_log_scale         24505878.0 24505878.0     0.0000
    sigd                        16077.3    16077.3     0.0000
    simu                        45382.8    45382.8     0.0000

  geometry (weight: 0.2000)
  ────────────────────────────────────────────────────────────────
    Metric                       Before      After     Change
    angle                     -106209.3  -106269.2   -59.8594
    bond                       -78390.0   -78368.3   +21.6484
    chiral                      -1228.5    -1221.5    +7.0078
    nonbonded                 -219052.4  -219094.6   -42.2344
    planarity                  -48246.6   -48265.7   -19.1289
    torsion                     25758.2    25773.1   +14.9297

  other (weight: 1.0000)
  ────────────────────────────────────────────────────────────────
    Metric                       Before      After     Change
    xray                       216530.9   216278.7  -252.2031

  Group Totals
  ────────────────────────────────────────────────────────────────
    Group                        Before      After     Change
    adp                        512135.5   512135.5     0.0000
    geometry                   -85473.7   -85489.2   -15.5252
    xray                       216530.9   216278.7  -252.2031
────────────────────────────────────────────────────────────────────
  VDW rebuild: max drift 3.97 Å > threshold 1.00 Å

Building VDW (non-bonded) restraints...
  Symmetry expansion: 33 valid (symop, offset) combos
  Grid: [33, 11, 19], 5612/6897 cells occupied, max 360 entries/cell
  Built 826440 VDW restraints, 29522 symmetry contacts

────────────────────────────────────────────────────────────────────
  ADP Refinement
────────────────────────────────────────────────────────────────────

  adp (weight: 0.0200)
  ────────────────────────────────────────────────────────────────
    Metric                       Before      After     Change
    locality                    28797.3    28111.7  -685.6172
    scaler_U                  1010636.4  1010636.4     0.0000
    scaler_log_scale         24505878.0 24505878.0     0.0000
    sigd                        16077.3    16071.3    -5.9600
    simu                        45382.8    44951.7  -431.0859

  geometry (weight: 0.2000)
  ────────────────────────────────────────────────────────────────
    Metric                       Before      After     Change
    angle                     -106269.2  -106269.2     0.0000
    bond                       -78368.3   -78368.3     0.0000
    chiral                      -1221.5    -1221.5     0.0000
    nonbonded                 -219094.6  -219094.6     0.0000
    planarity                  -48265.7   -48265.7     0.0000
    torsion                     25773.1    25773.1     0.0000

  other (weight: 1.0000)
  ────────────────────────────────────────────────────────────────
    Metric                       Before      After     Change
    xray                       216278.7   216304.6   +25.8594

  Group Totals
  ────────────────────────────────────────────────────────────────
    Group                        Before      After     Change
    adp                        512135.4   512113.0   -22.4532
    geometry                   -85489.2   -85489.2     0.0000
    xray                       216278.7   216304.6   +25.8594
────────────────────────────────────────────────────────────────────

============================================================
LBFGS Refinement - Cycle 9/10
============================================================
Refining scales with LBFGS...
Scale refinement complete. rwork: 0.2774, rfree: 0.3335

Final Scale Parameters: 
  c_iso: tensor([ 3.3519,  5.1237,  0.7676,  0.1199, -0.2024,  0.0885])
  U: tensor([ 4.0600,  4.1205,  4.0220, -0.0585, -0.0421,  0.0641])
  solvent.log_k_solvent: -1.5071641206741333
  solvent.log_ss_half: -5.4799580574035645
  solvent.log_n_exp: 0.380360871553421
  solvent.phase_offset: -0.06235843896865845
After scaling: Rwork=0.2774, Rfree=0.3335
  VDW rebuild: max drift 4.04 Å > threshold 1.00 Å

Building VDW (non-bonded) restraints...
  Symmetry expansion: 33 valid (symop, offset) combos
  Grid: [33, 11, 19], 5612/6897 cells occupied, max 360 entries/cell
  Built 826440 VDW restraints, 29522 symmetry contacts

────────────────────────────────────────────────────────────────────
  XYZ Refinement
────────────────────────────────────────────────────────────────────

  adp (weight: 0.0200)
  ────────────────────────────────────────────────────────────────
    Metric                       Before      After     Change
    locality                    28111.7    28111.7     0.0000
    scaler_U                  1010976.5  1010976.5     0.0000
    scaler_log_scale         24480774.0 24480774.0     0.0000
    sigd                        16071.3    16071.3     0.0000
    simu                        44951.7    44951.7     0.0000

  geometry (weight: 0.2000)
  ────────────────────────────────────────────────────────────────
    Metric                       Before      After     Change
    angle                     -106269.2  -106239.2   +29.9688
    bond                       -78368.3   -78352.4   +15.8594
    chiral                      -1221.5    -1228.1    -6.5768
    nonbonded                 -219094.6  -219133.2   -38.5781
    planarity                  -48265.7   -48242.4   +23.3359
    torsion                     25773.1    25778.4    +5.2988

  other (weight: 1.0000)
  ────────────────────────────────────────────────────────────────
    Metric                       Before      After     Change
    xray                       216330.2   216039.5  -290.7344

  Group Totals
  ────────────────────────────────────────────────────────────────
    Group                        Before      After     Change
    adp                        511617.7   511617.7     0.0000
    geometry                   -85489.2   -85483.4    +5.8624
    xray                       216330.2   216039.5  -290.7344
────────────────────────────────────────────────────────────────────
  VDW rebuild: max drift 4.04 Å > threshold 1.00 Å

Building VDW (non-bonded) restraints...
  Symmetry expansion: 33 valid (symop, offset) combos
  Grid: [33, 11, 19], 5612/6897 cells occupied, max 360 entries/cell
  Built 826440 VDW restraints, 29522 symmetry contacts

────────────────────────────────────────────────────────────────────
  ADP Refinement
────────────────────────────────────────────────────────────────────

  adp (weight: 0.0200)
  ────────────────────────────────────────────────────────────────
    Metric                       Before      After     Change
    locality                    28114.8    28110.4    -4.3867
    scaler_U                  1010976.5  1010976.5     0.0000
    scaler_log_scale         24480774.0 24480774.0     0.0000
    sigd                        16071.3    16068.4    -2.8779
    simu                        44951.7    45002.2   +50.5664

  geometry (weight: 0.2000)
  ────────────────────────────────────────────────────────────────
    Metric                       Before      After     Change
    angle                     -106239.2  -106239.2     0.0000
    bond                       -78352.4   -78352.4     0.0000
    chiral                      -1228.1    -1228.1     0.0000
    nonbonded                 -219133.2  -219133.2     0.0000
    planarity                  -48242.4   -48242.4     0.0000
    torsion                     25778.4    25778.4     0.0000

  other (weight: 1.0000)
  ────────────────────────────────────────────────────────────────
    Metric                       Before      After     Change
    xray                       216039.5   216054.9   +15.3906

  Group Totals
  ────────────────────────────────────────────────────────────────
    Group                        Before      After     Change
    adp                        511617.8   511618.6    +0.8660
    geometry                   -85483.4   -85483.4     0.0000
    xray                       216039.5   216054.9   +15.3906
────────────────────────────────────────────────────────────────────

============================================================
LBFGS Refinement - Cycle 10/10
============================================================
Refining scales with LBFGS...
Scale refinement complete. rwork: 0.2746, rfree: 0.3309

Final Scale Parameters: 
  c_iso: tensor([ 3.3511,  5.1232,  0.7671,  0.1185, -0.2027,  0.0883])
  U: tensor([ 4.0606,  4.1197,  4.0228, -0.0577, -0.0421,  0.0651])
  solvent.log_k_solvent: -1.5096240043640137
  solvent.log_ss_half: -5.481695175170898
  solvent.log_n_exp: 0.37865176796913147
  solvent.phase_offset: -0.058629561215639114
