/das/work/units/LBR-FEL/p17490/Peter/Library/work_trees_torchref/alignement/torchref/cli/refine.py:21: UserWarning: TorchRef using user-specified 8 threads from TORCHREF_NUM_THREADS.
  from torchref.cli._common import (
================================================================================
TorchRef LBFGS Refinement
================================================================================
Model:             /das/work/units/LBR-FEL/p17490/Peter/Library/work_trees_torchref/alignement/alignment_lab/benchmarks/af_mr/runs/dmin3.0/4U7A/torchref_placed.pdb
Structure factor:  /das/work/units/LBR-FEL/p17490/Peter/Library/work_trees_torchref/dev/paper/data/4U7A/4U7A.mtz
Output directory:  /das/work/units/LBR-FEL/p17490/Peter/Library/work_trees_torchref/alignement/alignment_lab/benchmarks/af_mr/runs/dmin3.0/4U7A/refine_torchref_mr
Refinement mode:   separate
X-ray target:      ml
Refinement cycles: 10
Rigid-body step:   on (iterations/cutoff = 30)
Device:            auto
ADP mode:          isotropic
Wavelength:        1 A
Manual weights:    {"adp": 0.02}
================================================================================

Initializing refinement...
FrenchWilson initialized:
  Reflections: 68912
  Resolution: 1.60 - 79.11 Å
  Space group: SpaceGroup('P212121', number=19, n_ops=4)
  Centric: 6465 (9.4%)
French-Wilson input guard: 1334/68912 (1.9358%) reflections unusable as intensities (absent, or too negative to be a noisy measurement)
found non-finite F values (NaN/Inf):  1330
found non-finite F_sigma values (NaN/Inf):  1330
Wilson outlier rejection: 3/62904 (0.0048%) of tested reflections flagged (0 too strong, 3 too weak)
Loaded 2859 atoms
Building restraints...
Found 109 link definitions

Building VDW (non-bonded) restraints...
  Symmetry expansion: 13 valid (symop, offset) combos
  Grid: [8, 10, 26], 954/2080 cells occupied, max 100 entries/cell
  Built 49596 VDW restraints, 2186 symmetry contacts
  Hydrogen topology: 2863 riding H atoms
  H candidate pairs: 119663 (29399 H-H, 90264 H-heavy, 4246 symmetry)
================================================================================
Restraints Summary
================================================================================
CIF file: None
Residue types in dictionary: 20

INTRA-RESIDUE RESTRAINTS:
--------------------------------------------------------------------------------
  Bonds: 2582
  Angles: 2904
  Torsions: 760
  Planes: 556
  Chirals: 441

INTER-RESIDUE RESTRAINTS:
--------------------------------------------------------------------------------
  Peptide bonds: 354
  Peptide angles: 1083
  Disulfide bonds: 0
  Disulfide angles: 0
  Disulfide torsions: 0
  LINK bonds: 0

BACKBONE TORSIONS:
--------------------------------------------------------------------------------
  Phi: 354
  Psi: 354
  Omega: 354
  Ramachandran: 352

VDW RESTRAINTS:
--------------------------------------------------------------------------------
  Non-bonded contacts: 49596 (47410 intra-ASU, 2186 symmetry)
================================================================================
Generated 2863 hydrogens
ADP representation: isotropic, 5722 parameters, 11.6 work reflections each
Initialized ScalerBase with 10 bins.
Building restraints...

Building VDW (non-bonded) restraints...
  Symmetry expansion: 13 valid (symop, offset) combos
  Grid: [8, 10, 26], 1019/2080 cells occupied, max 175 entries/cell
  Built 208259 VDW restraints, 9428 symmetry contacts
================================================================================
Restraints Summary
================================================================================
CIF file: None
Residue types in dictionary: 20

INTRA-RESIDUE RESTRAINTS:
--------------------------------------------------------------------------------
  Bonds: 5445
  Angles: 9074
  Torsions: 1111
  Planes: 946
  Chirals: 441

INTER-RESIDUE RESTRAINTS:
--------------------------------------------------------------------------------
  Peptide bonds: 354
  Peptide angles: 1416
  Disulfide bonds: 0
  Disulfide angles: 0
  Disulfide torsions: 0
  LINK bonds: 0

BACKBONE TORSIONS:
--------------------------------------------------------------------------------
  Phi: 354
  Psi: 354
  Omega: 354
  Ramachandran: 352

VDW RESTRAINTS:
--------------------------------------------------------------------------------
  Non-bonded contacts: 208259 (198831 intra-ASU, 9428 symmetry)
================================================================================
Initializing TotalGeometryTarget with component targets...
Initializing TotalADPTarget with component targets: simu, locality, sigd
Parametrization built for 5 unique atom types
SfFFT: Using late symmetry (reciprocal space)
Calculating initial scale factors using 10 bins.
Refining scales with LBFGS...
Scale refinement complete. rwork: 0.3868, rfree: 0.3856

Final Scale Parameters: 
  c_iso: tensor([-1.3581,  1.0469,  0.4875, -0.1293,  0.1069, -0.0290])
  U: tensor([ 0.3094,  0.5265,  0.3162, -0.0047, -0.0092, -0.0089])
  solvent.log_k_solvent: -0.9231635332107544
  solvent.log_ss_half: -3.8248960971832275
  solvent.log_n_exp: 1.700226902961731
  solvent.phase_offset: 0.04195418208837509
Initialized targets with xray_mode='ml'
Applied manual group weights: {'xray': 1.0, 'geometry': 0.2, 'geometry/ramachandran': 0.0, 'adp': 0.02, 'adp/sigd': 1.0, 'adp/node_load': 10.0, 'adp/node_smoothness': 0.0}
Refinement initialized successfully.

Starting refinement with 10 macro cycles...

Rigid-body step enabled: one multi-resolution rigid-body pass will run once at the start of refinement.


--- Rigid-body step (once, at start) ---
Switched to rigid-body parametrization: RigidXYZTensor(n_atoms=5722, n_chains=1) (1 chain(s))
Filtering: 1477/68912 reflections in range [inf - 6.0] Å (1460 valid after all masks)
Initialized ScalerBase with 10 bins.
Calculating initial scale factors using 10 bins.
Calculating initial scale factors using 10 bins.
Refining scales with LBFGS...
Scale refinement complete. rwork: 0.2858, rfree: 0.2162

Final Scale Parameters: 
  c_iso: tensor([-0.6605,  0.2474, -2.9857,  1.1501,  2.6079,  1.5857])
  U: tensor([ 4.3236,  4.1674,  4.2912, -0.1200, -0.2417,  0.0682])
  solvent.log_k_solvent: -1.249979853630066
  solvent.log_ss_half: -5.680672645568848
  solvent.log_n_exp: 0.2646539509296417
  solvent.phase_offset: -0.03743690997362137
  rigid-body d_min=6.00 (lbfgs, iters=30): Rwork=0.2843 Rfree=0.2115
Filtering: 9899/68912 reflections in range [inf - 3.0983920095454454] Å (9813 valid after all masks)
Initialized ScalerBase with 10 bins.
Calculating initial scale factors using 10 bins.
Calculating initial scale factors using 10 bins.
Refining scales with LBFGS...
Scale refinement complete. rwork: 0.3068, rfree: 0.3157

Final Scale Parameters: 
  c_iso: tensor([-1.7897,  0.5706, -0.8401, -0.0417,  0.2497,  0.4010])
  U: tensor([ 0.8340,  1.0101,  0.8069, -0.0117, -0.0292,  0.0026])
  solvent.log_k_solvent: -1.1058052778244019
  solvent.log_ss_half: -4.096044540405273
  solvent.log_n_exp: 1.2023473978042603
  solvent.phase_offset: 0.05287177860736847
  rigid-body d_min=3.10 (lbfgs, iters=30): Rwork=0.3021 Rfree=0.3165
Filtering: 68912/68912 reflections in range [inf - 1.6000055074691772] Å (67575 valid after all masks)
Initialized ScalerBase with 10 bins.
Calculating initial scale factors using 10 bins.
Calculating initial scale factors using 10 bins.
Refining scales with LBFGS...
Scale refinement complete. rwork: 0.3583, rfree: 0.3609

Final Scale Parameters: 
  c_iso: tensor([-1.3585,  1.0129,  0.4897, -0.1492,  0.1115, -0.0404])
  U: tensor([ 0.3000,  0.5171,  0.3066, -0.0028, -0.0058, -0.0090])
  solvent.log_k_solvent: -0.9203085899353027
  solvent.log_ss_half: -3.8206753730773926
  solvent.log_n_exp: 1.7433780431747437
  solvent.phase_offset: 0.0391625352203846
  rigid-body d_min=1.60 (lbfgs, iters=30): Rwork=0.3681 Rfree=0.3718
Initialized ScalerBase with 10 bins.
Calculating initial scale factors using 10 bins.
Calculating initial scale factors using 10 bins.
Refining scales with LBFGS...
Scale refinement complete. rwork: 0.3579, rfree: 0.3600

Final Scale Parameters: 
  c_iso: tensor([-1.3274,  1.0544,  0.4985, -0.1487,  0.1100, -0.0408])
  U: tensor([ 0.3100,  0.5297,  0.3168, -0.0033, -0.0049, -0.0098])
  solvent.log_k_solvent: -0.9208054542541504
  solvent.log_ss_half: -3.822922945022583
  solvent.log_n_exp: 1.7147736549377441
  solvent.phase_offset: 0.03863288089632988
Initialized ScalerBase with 10 bins.
Calculating initial scale factors using 10 bins.
Calculating initial scale factors using 10 bins.
Refining scales with LBFGS...
Scale refinement complete. rwork: 0.3579, rfree: 0.3600

Final Scale Parameters: 
  c_iso: tensor([-1.3213,  1.0660,  0.4991, -0.1468,  0.1092, -0.0400])
  U: tensor([ 0.3124,  0.5322,  0.3192, -0.0034, -0.0049, -0.0099])
  solvent.log_k_solvent: -0.9213958978652954
  solvent.log_ss_half: -3.8242461681365967
  solvent.log_n_exp: 1.7140910625457764
  solvent.phase_offset: 0.03880403935909271

============================================================
LBFGS Refinement - Cycle 1/10
============================================================
Refining scales with LBFGS...
Scale refinement complete. rwork: 0.3579, rfree: 0.3600

Final Scale Parameters: 
  c_iso: tensor([-1.3353,  1.0422,  0.4965, -0.1497,  0.1103, -0.0414])
  U: tensor([ 0.3072,  0.5268,  0.3140, -0.0033, -0.0050, -0.0098])
  solvent.log_k_solvent: -0.9204567074775696
  solvent.log_ss_half: -3.821826934814453
  solvent.log_n_exp: 1.7094248533248901
  solvent.phase_offset: 0.038549937307834625
After scaling: Rwork=0.3579, Rfree=0.3600
  VDW rebuild: max drift 3.21 Å > threshold 1.00 Å

Building VDW (non-bonded) restraints...
  Symmetry expansion: 13 valid (symop, offset) combos
  Grid: [8, 10, 26], 1019/2080 cells occupied, max 175 entries/cell
  Built 208259 VDW restraints, 9428 symmetry contacts

────────────────────────────────────────────────────────────────────
  XYZ Refinement
────────────────────────────────────────────────────────────────────

  adp (weight: 0.0200)
  ────────────────────────────────────────────────────────────────
    Metric                       Before      After     Change
    locality                     1154.7     1154.7     0.0000
    scaler_U                    15135.4    15135.4     0.0000
    scaler_log_scale           284789.3   284789.3     0.0000
    sigd                         3692.0     3692.0     0.0000
    simu                         9443.1     9443.1     0.0000

  geometry (weight: 0.2000)
  ────────────────────────────────────────────────────────────────
    Metric                       Before      After     Change
    angle                      -23294.2   -23530.9  -236.7012
    bond                       -17531.5   -18635.2    -1103.7
    chiral                    -232.7978  -254.6301   -21.8323
    nonbonded                  -24983.2   -53610.5   -28627.3
    planarity                  -11278.5   -11378.7  -100.2119
    torsion                      7048.4     7003.2   -45.2441

  other (weight: 1.0000)
  ────────────────────────────────────────────────────────────────
    Metric                       Before      After     Change
    xray                       178916.5   168701.0   -10215.5

  Group Totals
  ────────────────────────────────────────────────────────────────
    Group                        Before      After     Change
    adp                          6284.3     6284.3     0.0000
    geometry                   -14054.4   -20081.4    -6027.0
    xray                       178916.5   168701.0   -10215.5
────────────────────────────────────────────────────────────────────
  VDW rebuild: max drift 3.21 Å > threshold 1.00 Å

Building VDW (non-bonded) restraints...
  Symmetry expansion: 13 valid (symop, offset) combos
  Grid: [8, 10, 26], 1019/2080 cells occupied, max 175 entries/cell
  Built 208259 VDW restraints, 9428 symmetry contacts

────────────────────────────────────────────────────────────────────
  ADP Refinement
────────────────────────────────────────────────────────────────────

  adp (weight: 0.0200)
  ────────────────────────────────────────────────────────────────
    Metric                       Before      After     Change
    locality                     1162.3    21252.2   +20089.8
    scaler_U                    15135.4    15135.4     0.0000
    scaler_log_scale           284789.3   284789.3     0.0000
    sigd                         3692.0     3902.2  +210.2661
    simu                         9443.1    19343.1    +9900.1

  geometry (weight: 0.2000)
  ────────────────────────────────────────────────────────────────
    Metric                       Before      After     Change
    angle                      -23530.9   -23530.9     0.0000
    bond                       -18635.2   -18635.2     0.0000
    chiral                    -254.6301  -254.6301     0.0000
    nonbonded                  -53610.5   -53610.5     0.0000
    planarity                  -11378.7   -11378.7     0.0000
    torsion                      7003.2     7003.2     0.0000

  other (weight: 1.0000)
  ────────────────────────────────────────────────────────────────
    Metric                       Before      After     Change
    xray                       168701.0   156501.7   -12199.3

  Group Totals
  ────────────────────────────────────────────────────────────────
    Group                        Before      After     Change
    adp                          6284.4     6888.4  +604.0030
    geometry                   -20081.4   -20081.4     0.0000
    xray                       168701.0   156501.7   -12199.3
────────────────────────────────────────────────────────────────────

============================================================
LBFGS Refinement - Cycle 2/10
============================================================
Refining scales with LBFGS...
Scale refinement complete. rwork: 0.2562, rfree: 0.2750

Final Scale Parameters: 
  c_iso: tensor([-1.9100,  0.3094,  0.2405, -0.1580,  0.1163, -0.0374])
  U: tensor([ 0.1042,  0.3233,  0.1082,  0.0029, -0.0030, -0.0090])
  solvent.log_k_solvent: -0.9217371344566345
  solvent.log_ss_half: -3.755627155303955
  solvent.log_n_exp: 1.8581677675247192
  solvent.phase_offset: 0.039063967764377594
After scaling: Rwork=0.2562, Rfree=0.2750
  VDW rebuild: max drift 3.98 Å > threshold 1.00 Å

Building VDW (non-bonded) restraints...
  Symmetry expansion: 13 valid (symop, offset) combos
  Grid: [8, 10, 26], 1019/2080 cells occupied, max 175 entries/cell
  Built 208259 VDW restraints, 9428 symmetry contacts

────────────────────────────────────────────────────────────────────
  XYZ Refinement
────────────────────────────────────────────────────────────────────

  adp (weight: 0.0200)
  ────────────────────────────────────────────────────────────────
    Metric                       Before      After     Change
    locality                    21252.2    21252.2     0.0000
    scaler_U                     3295.4     3295.4     0.0000
    scaler_log_scale            34007.2    34007.2     0.0000
    sigd                         3902.2     3902.2     0.0000
    simu                        19343.1    19343.1     0.0000

  geometry (weight: 0.2000)
  ────────────────────────────────────────────────────────────────
    Metric                       Before      After     Change
    angle                      -23530.9   -24381.5  -850.5957
    bond                       -18635.2   -18687.4   -52.2031
    chiral                    -254.6301  -256.1304    -1.5003
    nonbonded                  -53610.5   -54037.6  -427.1211
    planarity                  -11378.7   -11508.4  -129.7393
    torsion                      7003.2     7003.6    +0.4180

  other (weight: 1.0000)
  ────────────────────────────────────────────────────────────────
    Metric                       Before      After     Change
    xray                       157301.7   152586.9    -4714.8

  Group Totals
  ────────────────────────────────────────────────────────────────
    Group                        Before      After     Change
    adp                          1636.0     1636.0     0.0000
    geometry                   -20081.4   -20373.5  -292.1491
    xray                       157301.7   152586.9    -4714.8
────────────────────────────────────────────────────────────────────
  VDW rebuild: max drift 3.98 Å > threshold 1.00 Å

Building VDW (non-bonded) restraints...
  Symmetry expansion: 13 valid (symop, offset) combos
  Grid: [8, 10, 26], 1019/2080 cells occupied, max 175 entries/cell
  Built 208259 VDW restraints, 9428 symmetry contacts

────────────────────────────────────────────────────────────────────
  ADP Refinement
────────────────────────────────────────────────────────────────────

  adp (weight: 0.0200)
  ────────────────────────────────────────────────────────────────
    Metric                       Before      After     Change
    locality                    21277.9    28511.3    +7233.4
    scaler_U                     3295.4     3295.4     0.0000
    scaler_log_scale            34007.2    34007.2     0.0000
    sigd                         3902.2     3962.0   +59.7634
    simu                        19343.1    23413.3    +4070.1

  geometry (weight: 0.2000)
  ────────────────────────────────────────────────────────────────
    Metric                       Before      After     Change
    angle                      -24381.5   -24381.5     0.0000
    bond                       -18687.4   -18687.4     0.0000
    chiral                    -256.1304  -256.1304     0.0000
    nonbonded                  -54037.6   -54037.6     0.0000
    planarity                  -11508.4   -11508.4     0.0000
    torsion                      7003.6     7003.6     0.0000

  other (weight: 1.0000)
  ────────────────────────────────────────────────────────────────
    Metric                       Before      After     Change
    xray                       152586.9   151576.9    -1010.0

  Group Totals
  ────────────────────────────────────────────────────────────────
    Group                        Before      After     Change
    adp                          1636.5     1863.8  +227.2669
    geometry                   -20373.5   -20373.5     0.0000
    xray                       152586.9   151576.9    -1010.0
────────────────────────────────────────────────────────────────────

============================================================
LBFGS Refinement - Cycle 3/10
============================================================
Refining scales with LBFGS...
Scale refinement complete. rwork: 0.2365, rfree: 0.2592

Final Scale Parameters: 
  c_iso: tensor([-2.0536,  0.0906,  0.1944, -0.1712,  0.1190, -0.0459])
  U: tensor([ 0.0499,  0.2735,  0.0529,  0.0039, -0.0032, -0.0109])
  solvent.log_k_solvent: -0.9184267520904541
  solvent.log_ss_half: -3.7250871658325195
  solvent.log_n_exp: 1.8579903841018677
  solvent.phase_offset: 0.03732076287269592
After scaling: Rwork=0.2365, Rfree=0.2592
  VDW rebuild: max drift 4.41 Å > threshold 1.00 Å

Building VDW (non-bonded) restraints...
  Symmetry expansion: 13 valid (symop, offset) combos
  Grid: [8, 10, 26], 1019/2080 cells occupied, max 175 entries/cell
  Built 208259 VDW restraints, 9428 symmetry contacts

────────────────────────────────────────────────────────────────────
  XYZ Refinement
────────────────────────────────────────────────────────────────────

  adp (weight: 0.0200)
  ────────────────────────────────────────────────────────────────
    Metric                       Before      After     Change
    locality                    28511.3    28511.3     0.0000
    scaler_U                     1626.2     1626.2     0.0000
    scaler_log_scale             9015.4     9015.4     0.0000
    sigd                         3962.0     3962.0     0.0000
    simu                        23413.3    23413.3     0.0000

  geometry (weight: 0.2000)
  ────────────────────────────────────────────────────────────────
    Metric                       Before      After     Change
    angle                      -24381.5   -24614.5  -232.9395
    bond                       -18687.4   -18741.0   -53.5996
    chiral                    -256.1304  -259.6017    -3.4713
    nonbonded                  -54037.6   -54166.5  -128.8555
    planarity                  -11508.4   -11548.6   -40.1270
    torsion                      7003.6     7021.3   +17.6592

  other (weight: 1.0000)
  ────────────────────────────────────────────────────────────────
    Metric                       Before      After     Change
    xray                       151553.5   150588.8  -964.7500

  Group Totals
  ────────────────────────────────────────────────────────────────
    Group                        Before      After     Change
    adp                          1330.6     1330.6     0.0000
    geometry                   -20373.5   -20461.8   -88.2662
    xray                       151553.5   150588.8  -964.7500
────────────────────────────────────────────────────────────────────
  VDW rebuild: max drift 4.41 Å > threshold 1.00 Å

Building VDW (non-bonded) restraints...
  Symmetry expansion: 13 valid (symop, offset) combos
  Grid: [8, 10, 26], 1019/2080 cells occupied, max 175 entries/cell
  Built 208259 VDW restraints, 9428 symmetry contacts

────────────────────────────────────────────────────────────────────
  ADP Refinement
────────────────────────────────────────────────────────────────────

  adp (weight: 0.0200)
  ────────────────────────────────────────────────────────────────
    Metric                       Before      After     Change
    locality                    28477.7    29510.6    +1032.9
    scaler_U                     1626.2     1626.2     0.0000
    scaler_log_scale             9015.4     9015.4     0.0000
    sigd                         3962.0     3972.2   +10.2053
    simu                        23413.3    23975.1  +561.8691

  geometry (weight: 0.2000)
  ────────────────────────────────────────────────────────────────
    Metric                       Before      After     Change
    angle                      -24614.5   -24614.5     0.0000
    bond                       -18741.0   -18741.0     0.0000
    chiral                    -259.6017  -259.6017     0.0000
    nonbonded                  -54166.5   -54166.5     0.0000
    planarity                  -11548.6   -11548.6     0.0000
    torsion                      7021.3     7021.3     0.0000

  other (weight: 1.0000)
  ────────────────────────────────────────────────────────────────
    Metric                       Before      After     Change
    xray                       150588.8   150404.5  -184.2031

  Group Totals
  ────────────────────────────────────────────────────────────────
    Group                        Before      After     Change
    adp                          1329.9     1362.0   +32.1003
    geometry                   -20461.8   -20461.8     0.0000
    xray                       150588.8   150404.5  -184.2031
────────────────────────────────────────────────────────────────────

============================================================
LBFGS Refinement - Cycle 4/10
============================================================
Refining scales with LBFGS...
Scale refinement complete. rwork: 0.2326, rfree: 0.2554

Final Scale Parameters: 
  c_iso: tensor([-2.0665,  0.0989,  0.1819, -0.1588,  0.1153, -0.0430])
  U: tensor([ 0.0462,  0.2699,  0.0494,  0.0052, -0.0033, -0.0119])
  solvent.log_k_solvent: -0.9224494695663452
  solvent.log_ss_half: -3.7150778770446777
  solvent.log_n_exp: 1.8549034595489502
  solvent.phase_offset: 0.03823692724108696
After scaling: Rwork=0.2326, Rfree=0.2554
  VDW rebuild: max drift 4.42 Å > threshold 1.00 Å

Building VDW (non-bonded) restraints...
  Symmetry expansion: 13 valid (symop, offset) combos
  Grid: [8, 10, 26], 1019/2080 cells occupied, max 175 entries/cell
  Built 208259 VDW restraints, 9428 symmetry contacts

────────────────────────────────────────────────────────────────────
  XYZ Refinement
────────────────────────────────────────────────────────────────────

  adp (weight: 0.0200)
  ────────────────────────────────────────────────────────────────
    Metric                       Before      After     Change
    locality                    29510.6    29510.6     0.0000
    scaler_U                     1534.6     1534.6     0.0000
    scaler_log_scale             8537.4     8537.4     0.0000
    sigd                         3972.2     3972.2     0.0000
    simu                        23975.1    23975.1     0.0000

  geometry (weight: 0.2000)
  ────────────────────────────────────────────────────────────────
    Metric                       Before      After     Change
    angle                      -24614.5   -24594.0   +20.4609
    bond                       -18741.0   -18727.2   +13.7812
    chiral                    -259.6017  -257.2665    +2.3351
    nonbonded                  -54166.5   -54119.6   +46.8633
    planarity                  -11548.6   -11519.7   +28.8428
    torsion                      7021.3     7021.3    +0.0488

  other (weight: 1.0000)
  ────────────────────────────────────────────────────────────────
    Metric                       Before      After     Change
    xray                       150447.3   150085.3  -362.0000

  Group Totals
  ────────────────────────────────────────────────────────────────
    Group                        Before      After     Change
    adp                          1350.6     1350.6     0.0000
    geometry                   -20461.8   -20439.3   +22.4656
    xray                       150447.3   150085.3  -362.0000
────────────────────────────────────────────────────────────────────
  VDW rebuild: max drift 4.42 Å > threshold 1.00 Å

Building VDW (non-bonded) restraints...
  Symmetry expansion: 13 valid (symop, offset) combos
  Grid: [8, 10, 26], 1019/2080 cells occupied, max 175 entries/cell
  Built 208259 VDW restraints, 9428 symmetry contacts

────────────────────────────────────────────────────────────────────
  ADP Refinement
────────────────────────────────────────────────────────────────────

  adp (weight: 0.0200)
  ────────────────────────────────────────────────────────────────
    Metric                       Before      After     Change
    locality                    29464.4    29296.0  -168.4180
    scaler_U                     1534.6     1534.6     0.0000
    scaler_log_scale             8537.4     8537.4     0.0000
    sigd                         3972.2     3970.7    -1.4714
    simu                        23975.1    23947.8   -27.3379

  geometry (weight: 0.2000)
  ────────────────────────────────────────────────────────────────
    Metric                       Before      After     Change
    angle                      -24594.0   -24594.0     0.0000
    bond                       -18727.2   -18727.2     0.0000
    chiral                    -257.2665  -257.2665     0.0000
    nonbonded                  -54119.6   -54119.6     0.0000
    planarity                  -11519.7   -11519.7     0.0000
    torsion                      7021.3     7021.3     0.0000

  other (weight: 1.0000)
  ────────────────────────────────────────────────────────────────
    Metric                       Before      After     Change
    xray                       150085.3   150062.6   -22.7656

  Group Totals
  ────────────────────────────────────────────────────────────────
    Group                        Before      After     Change
    adp                          1349.7     1345.7    -3.9446
    geometry                   -20439.3   -20439.3     0.0000
    xray                       150085.3   150062.6   -22.7656
────────────────────────────────────────────────────────────────────

============================================================
LBFGS Refinement - Cycle 5/10
============================================================
Refining scales with LBFGS...
Scale refinement complete. rwork: 0.2307, rfree: 0.2548

Final Scale Parameters: 
  c_iso: tensor([-2.0700,  0.1016,  0.1778, -0.1548,  0.1138, -0.0398])
  U: tensor([ 0.0452,  0.2696,  0.0493,  0.0058, -0.0042, -0.0131])
  solvent.log_k_solvent: -0.9219080805778503
  solvent.log_ss_half: -3.716632604598999
  solvent.log_n_exp: 1.8623261451721191
  solvent.phase_offset: 0.03935105353593826
After scaling: Rwork=0.2307, Rfree=0.2548
  VDW rebuild: max drift 4.37 Å > threshold 1.00 Å

Building VDW (non-bonded) restraints...
  Symmetry expansion: 13 valid (symop, offset) combos
  Grid: [8, 10, 26], 1019/2080 cells occupied, max 175 entries/cell
  Built 208259 VDW restraints, 9428 symmetry contacts

────────────────────────────────────────────────────────────────────
  XYZ Refinement
────────────────────────────────────────────────────────────────────

  adp (weight: 0.0200)
  ────────────────────────────────────────────────────────────────
    Metric                       Before      After     Change
    locality                    29296.0    29296.0     0.0000
    scaler_U                     1522.7     1522.7     0.0000
    scaler_log_scale             8327.4     8327.4     0.0000
    sigd                         3970.7     3970.7     0.0000
    simu                        23947.8    23947.8     0.0000

  geometry (weight: 0.2000)
  ────────────────────────────────────────────────────────────────
    Metric                       Before      After     Change
    angle                      -24594.0   -24642.2   -48.1582
    bond                       -18727.2   -18768.9   -41.6738
    chiral                    -257.2665  -258.9348    -1.6682
    nonbonded                  -54119.6   -54166.0   -46.3594
    planarity                  -11519.7   -11547.7   -27.9932
    torsion                      7021.3     7022.9    +1.6055

  other (weight: 1.0000)
  ────────────────────────────────────────────────────────────────
    Metric                       Before      After     Change
    xray                       150051.1   149873.0  -178.1094

  Group Totals
  ────────────────────────────────────────────────────────────────
    Group                        Before      After     Change
    adp                          1341.3     1341.3     0.0000
    geometry                   -20439.3   -20472.2   -32.8490
    xray                       150051.1   149873.0  -178.1094
────────────────────────────────────────────────────────────────────
  VDW rebuild: max drift 4.37 Å > threshold 1.00 Å

Building VDW (non-bonded) restraints...
  Symmetry expansion: 13 valid (symop, offset) combos
  Grid: [8, 10, 26], 1019/2080 cells occupied, max 175 entries/cell
  Built 208259 VDW restraints, 9428 symmetry contacts

────────────────────────────────────────────────────────────────────
  ADP Refinement
────────────────────────────────────────────────────────────────────

  adp (weight: 0.0200)
  ────────────────────────────────────────────────────────────────
    Metric                       Before      After     Change
    locality                    29276.1    29007.2  -268.9512
    scaler_U                     1522.7     1522.7     0.0000
    scaler_log_scale             8327.4     8327.4     0.0000
    sigd                         3970.7     3967.7    -3.0718
    simu                        23947.8    23998.8   +50.9961

  geometry (weight: 0.2000)
  ────────────────────────────────────────────────────────────────
    Metric                       Before      After     Change
    angle                      -24642.2   -24642.2     0.0000
    bond                       -18768.9   -18768.9     0.0000
    chiral                    -258.9348  -258.9348     0.0000
    nonbonded                  -54166.0   -54166.0     0.0000
    planarity                  -11547.7   -11547.7     0.0000
    torsion                      7022.9     7022.9     0.0000

  other (weight: 1.0000)
  ────────────────────────────────────────────────────────────────
    Metric                       Before      After     Change
    xray                       149873.0   149857.4   -15.6250

  Group Totals
  ────────────────────────────────────────────────────────────────
    Group                        Before      After     Change
    adp                          1340.9     1336.5    -4.4205
    geometry                   -20472.2   -20472.2     0.0000
    xray                       149873.0   149857.4   -15.6250
────────────────────────────────────────────────────────────────────

============================================================
LBFGS Refinement - Cycle 6/10
============================================================
Refining scales with LBFGS...
Scale refinement complete. rwork: 0.2297, rfree: 0.2532

Final Scale Parameters: 
  c_iso: tensor([-2.0640,  0.0974,  0.1832, -0.1589,  0.1145, -0.0416])
  U: tensor([ 0.0455,  0.2697,  0.0498,  0.0059, -0.0043, -0.0135])
  solvent.log_k_solvent: -0.9201414585113525
  solvent.log_ss_half: -3.715419292449951
  solvent.log_n_exp: 1.8677936792373657
  solvent.phase_offset: 0.03896886110305786
After scaling: Rwork=0.2297, Rfree=0.2532
  VDW rebuild: max drift 4.37 Å > threshold 1.00 Å

Building VDW (non-bonded) restraints...
  Symmetry expansion: 13 valid (symop, offset) combos
  Grid: [8, 10, 26], 1019/2080 cells occupied, max 175 entries/cell
  Built 208259 VDW restraints, 9428 symmetry contacts

────────────────────────────────────────────────────────────────────
  XYZ Refinement
────────────────────────────────────────────────────────────────────

  adp (weight: 0.0200)
  ────────────────────────────────────────────────────────────────
    Metric                       Before      After     Change
    locality                    29007.2    29007.2     0.0000
    scaler_U                     1529.8     1529.8     0.0000
    scaler_log_scale             8550.1     8550.1     0.0000
    sigd                         3967.7     3967.7     0.0000
    simu                        23998.8    23998.8     0.0000

  geometry (weight: 0.2000)
  ────────────────────────────────────────────────────────────────
    Metric                       Before      After     Change
    angle                      -24642.2   -24604.8   +37.3672
    bond                       -18768.9   -18735.9   +33.0547
    chiral                    -258.9348  -257.3504    +1.5843
    nonbonded                  -54166.0   -54135.0   +30.9531
    planarity                  -11547.7   -11529.7   +17.9951
    torsion                      7022.9     7022.8    -0.1021

  other (weight: 1.0000)
  ────────────────────────────────────────────────────────────────
    Metric                       Before      After     Change
    xray                       149865.8   149706.9  -158.9219

  Group Totals
  ────────────────────────────────────────────────────────────────
    Group                        Before      After     Change
    adp                          1341.1     1341.1     0.0000
    geometry                   -20472.2   -20448.0   +24.1703
    xray                       149865.8   149706.9  -158.9219
────────────────────────────────────────────────────────────────────
  VDW rebuild: max drift 4.37 Å > threshold 1.00 Å

Building VDW (non-bonded) restraints...
  Symmetry expansion: 13 valid (symop, offset) combos
  Grid: [8, 10, 26], 1019/2080 cells occupied, max 175 entries/cell
  Built 208259 VDW restraints, 9428 symmetry contacts

────────────────────────────────────────────────────────────────────
  ADP Refinement
────────────────────────────────────────────────────────────────────

  adp (weight: 0.0200)
  ────────────────────────────────────────────────────────────────
    Metric                       Before      After     Change
    locality                    29005.2    28680.6  -324.6016
    scaler_U                     1529.8     1529.8     0.0000
    scaler_log_scale             8550.1     8550.1     0.0000
    sigd                         3967.7     3965.6    -2.0381
    simu                        23998.8    23928.6   -70.2207

  geometry (weight: 0.2000)
  ────────────────────────────────────────────────────────────────
    Metric                       Before      After     Change
    angle                      -24604.8   -24604.8     0.0000
    bond                       -18735.9   -18735.9     0.0000
    chiral                    -257.3504  -257.3504     0.0000
    nonbonded                  -54135.0   -54135.0     0.0000
    planarity                  -11529.7   -11529.7     0.0000
    torsion                      7022.8     7022.8     0.0000

  other (weight: 1.0000)
  ────────────────────────────────────────────────────────────────
    Metric                       Before      After     Change
    xray                       149706.9   149708.1    +1.2500

  Group Totals
  ────────────────────────────────────────────────────────────────
    Group                        Before      After     Change
    adp                          1341.0     1333.1    -7.9372
    geometry                   -20448.0   -20448.0     0.0000
    xray                       149706.9   149708.1    +1.2500
────────────────────────────────────────────────────────────────────

============================================================
LBFGS Refinement - Cycle 7/10
============================================================
Refining scales with LBFGS...
Scale refinement complete. rwork: 0.2289, rfree: 0.2530

Final Scale Parameters: 
  c_iso: tensor([-2.0649,  0.0870,  0.1863, -0.1629,  0.1156, -0.0429])
  U: tensor([ 0.0438,  0.2678,  0.0479,  0.0061, -0.0046, -0.0131])
  solvent.log_k_solvent: -0.9182788729667664
  solvent.log_ss_half: -3.7151498794555664
  solvent.log_n_exp: 1.875538945198059
  solvent.phase_offset: 0.03899308666586876
After scaling: Rwork=0.2289, Rfree=0.2530
  VDW rebuild: max drift 4.36 Å > threshold 1.00 Å

Building VDW (non-bonded) restraints...
  Symmetry expansion: 13 valid (symop, offset) combos
  Grid: [8, 10, 26], 1019/2080 cells occupied, max 175 entries/cell
  Built 208259 VDW restraints, 9428 symmetry contacts

────────────────────────────────────────────────────────────────────
  XYZ Refinement
────────────────────────────────────────────────────────────────────

  adp (weight: 0.0200)
  ────────────────────────────────────────────────────────────────
    Metric                       Before      After     Change
    locality                    28680.6    28680.6     0.0000
    scaler_U                     1483.6     1483.6     0.0000
    scaler_log_scale             8190.0     8190.0     0.0000
    sigd                         3965.6     3965.6     0.0000
    simu                        23928.6    23928.6     0.0000

  geometry (weight: 0.2000)
  ────────────────────────────────────────────────────────────────
    Metric                       Before      After     Change
    angle                      -24604.8   -24630.6   -25.8281
    bond                       -18735.9   -18751.8   -15.9297
    chiral                    -257.3504  -258.0389    -0.6885
    nonbonded                  -54135.0   -54142.7    -7.7188
    planarity                  -11529.7   -11542.7   -12.9395
    torsion                      7022.8     7022.2    -0.5859

  other (weight: 1.0000)
  ────────────────────────────────────────────────────────────────
    Metric                       Before      After     Change
    xray                       149721.2   149616.8  -104.4219

  Group Totals
  ────────────────────────────────────────────────────────────────
    Group                        Before      After     Change
    adp                          1325.0     1325.0     0.0000
    geometry                   -20448.0   -20460.7   -12.7383
    xray                       149721.2   149616.8  -104.4219
────────────────────────────────────────────────────────────────────
  VDW rebuild: max drift 4.36 Å > threshold 1.00 Å

Building VDW (non-bonded) restraints...
  Symmetry expansion: 13 valid (symop, offset) combos
  Grid: [8, 10, 26], 1019/2080 cells occupied, max 175 entries/cell
  Built 208259 VDW restraints, 9428 symmetry contacts

────────────────────────────────────────────────────────────────────
  ADP Refinement
────────────────────────────────────────────────────────────────────

  adp (weight: 0.0200)
  ────────────────────────────────────────────────────────────────
    Metric                       Before      After     Change
    locality                    28676.8    28520.3  -156.5176
    scaler_U                     1483.6     1483.6     0.0000
    scaler_log_scale             8190.0     8190.0     0.0000
    sigd                         3965.6     3962.3    -3.2961
    simu                        23928.6    24108.3  +179.7441

  geometry (weight: 0.2000)
  ────────────────────────────────────────────────────────────────
    Metric                       Before      After     Change
    angle                      -24630.6   -24630.6     0.0000
    bond                       -18751.8   -18751.8     0.0000
    chiral                    -258.0389  -258.0389     0.0000
    nonbonded                  -54142.7   -54142.7     0.0000
    planarity                  -11542.7   -11542.7     0.0000
    torsion                      7022.2     7022.2     0.0000

  other (weight: 1.0000)
  ────────────────────────────────────────────────────────────────
    Metric                       Before      After     Change
    xray                       149616.8   149609.6    -7.1719

  Group Totals
  ────────────────────────────────────────────────────────────────
    Group                        Before      After     Change
    adp                          1324.9     1325.3    +0.3986
    geometry                   -20460.7   -20460.7     0.0000
    xray                       149616.8   149609.6    -7.1719
────────────────────────────────────────────────────────────────────

============================================================
LBFGS Refinement - Cycle 8/10
============================================================
Refining scales with LBFGS...
Scale refinement complete. rwork: 0.2285, rfree: 0.2521

Final Scale Parameters: 
  c_iso: tensor([-2.0649,  0.0869,  0.1866, -0.1620,  0.1155, -0.0421])
  U: tensor([ 0.0429,  0.2664,  0.0470,  0.0065, -0.0046, -0.0128])
  solvent.log_k_solvent: -0.9172623157501221
  solvent.log_ss_half: -3.71339750289917
  solvent.log_n_exp: 1.8764504194259644
  solvent.phase_offset: 0.03972455859184265
After scaling: Rwork=0.2285, Rfree=0.2521
  VDW rebuild: max drift 4.36 Å > threshold 1.00 Å

Building VDW (non-bonded) restraints...
  Symmetry expansion: 13 valid (symop, offset) combos
  Grid: [8, 10, 26], 1019/2080 cells occupied, max 175 entries/cell
  Built 208259 VDW restraints, 9428 symmetry contacts

────────────────────────────────────────────────────────────────────
  XYZ Refinement
────────────────────────────────────────────────────────────────────

  adp (weight: 0.0200)
  ────────────────────────────────────────────────────────────────
    Metric                       Before      After     Change
    locality                    28520.3    28520.3     0.0000
    scaler_U                     1458.3     1458.3     0.0000
    scaler_log_scale             8189.5     8189.5     0.0000
    sigd                         3962.3     3962.3     0.0000
    simu                        24108.3    24108.3     0.0000

  geometry (weight: 0.2000)
  ────────────────────────────────────────────────────────────────
    Metric                       Before      After     Change
    angle                      -24630.6   -24606.0   +24.6523
    bond                       -18751.8   -18722.0   +29.7793
    chiral                    -258.0389  -257.0338    +1.0052
    nonbonded                  -54142.7   -54122.5   +20.2383
    planarity                  -11542.7   -11532.4   +10.2383
    torsion                      7022.2     7023.1    +0.8750

  other (weight: 1.0000)
  ────────────────────────────────────────────────────────────────
    Metric                       Before      After     Change
    xray                       149613.5   149525.8   -87.7031

  Group Totals
  ────────────────────────────────────────────────────────────────
    Group                        Before      After     Change
    adp                          1324.8     1324.8     0.0000
    geometry                   -20460.7   -20443.4   +17.3580
    xray                       149613.5   149525.8   -87.7031
────────────────────────────────────────────────────────────────────
  VDW rebuild: max drift 4.36 Å > threshold 1.00 Å

Building VDW (non-bonded) restraints...
  Symmetry expansion: 13 valid (symop, offset) combos
  Grid: [8, 10, 26], 1019/2080 cells occupied, max 175 entries/cell
  Built 208259 VDW restraints, 9428 symmetry contacts

────────────────────────────────────────────────────────────────────
  ADP Refinement
────────────────────────────────────────────────────────────────────

  adp (weight: 0.0200)
  ────────────────────────────────────────────────────────────────
    Metric                       Before      After     Change
    locality                    28503.2    28392.7  -110.4863
    scaler_U                     1458.3     1458.3     0.0000
    scaler_log_scale             8189.5     8189.5     0.0000
    sigd                         3962.3     3960.7    -1.6060
    simu                        24108.3    24182.4   +74.1133

  geometry (weight: 0.2000)
  ────────────────────────────────────────────────────────────────
    Metric                       Before      After     Change
    angle                      -24606.0   -24606.0     0.0000
    bond                       -18722.0   -18722.0     0.0000
    chiral                    -257.0338  -257.0338     0.0000
    nonbonded                  -54122.5   -54122.5     0.0000
    planarity                  -11532.4   -11532.4     0.0000
    torsion                      7023.1     7023.1     0.0000

  other (weight: 1.0000)
  ────────────────────────────────────────────────────────────────
    Metric                       Before      After     Change
    xray                       149525.8   149531.8    +5.9375

  Group Totals
  ────────────────────────────────────────────────────────────────
    Group                        Before      After     Change
    adp                          1324.4     1323.7    -0.7596
    geometry                   -20443.4   -20443.4     0.0000
    xray                       149525.8   149531.8    +5.9375
────────────────────────────────────────────────────────────────────

============================================================
LBFGS Refinement - Cycle 9/10
============================================================
Refining scales with LBFGS...
Scale refinement complete. rwork: 0.2279, rfree: 0.2531

Final Scale Parameters: 
  c_iso: tensor([-2.0694,  0.0882,  0.1824, -0.1589,  0.1135, -0.0407])
  U: tensor([ 0.0417,  0.2651,  0.0459,  0.0068, -0.0050, -0.0128])
  solvent.log_k_solvent: -0.9179749488830566
  solvent.log_ss_half: -3.7072503566741943
  solvent.log_n_exp: 1.8792884349822998
  solvent.phase_offset: 0.04024993255734444
After scaling: Rwork=0.2279, Rfree=0.2531
  VDW rebuild: max drift 4.36 Å > threshold 1.00 Å

Building VDW (non-bonded) restraints...
  Symmetry expansion: 13 valid (symop, offset) combos
  Grid: [8, 10, 26], 1019/2080 cells occupied, max 175 entries/cell
  Built 208259 VDW restraints, 9428 symmetry contacts

────────────────────────────────────────────────────────────────────
  XYZ Refinement
────────────────────────────────────────────────────────────────────

  adp (weight: 0.0200)
  ────────────────────────────────────────────────────────────────
    Metric                       Before      After     Change
    locality                    28392.7    28392.7     0.0000
    scaler_U                     1429.4     1429.4     0.0000
    scaler_log_scale             7969.5     7969.5     0.0000
    sigd                         3960.7     3960.7     0.0000
    simu                        24182.4    24182.4     0.0000

  geometry (weight: 0.2000)
  ────────────────────────────────────────────────────────────────
    Metric                       Before      After     Change
    angle                      -24606.0   -24645.6   -39.5859
    bond                       -18722.0   -18748.0   -25.9531
    chiral                    -257.0338  -257.8112    -0.7775
    nonbonded                  -54122.5   -54139.0   -16.4727
    planarity                  -11532.4   -11540.9    -8.4385
    torsion                      7023.1     7022.9    -0.2720

  other (weight: 1.0000)
  ────────────────────────────────────────────────────────────────
    Metric                       Before      After     Change
    xray                       149531.0   149492.6   -38.4531

  Group Totals
  ────────────────────────────────────────────────────────────────
    Group                        Before      After     Change
    adp                          1318.7     1318.7     0.0000
    geometry                   -20443.4   -20461.7   -18.2995
    xray                       149531.0   149492.6   -38.4531
────────────────────────────────────────────────────────────────────
  VDW rebuild: max drift 4.36 Å > threshold 1.00 Å

Building VDW (non-bonded) restraints...
  Symmetry expansion: 13 valid (symop, offset) combos
  Grid: [8, 10, 26], 1019/2080 cells occupied, max 175 entries/cell
  Built 208259 VDW restraints, 9428 symmetry contacts

────────────────────────────────────────────────────────────────────
  ADP Refinement
────────────────────────────────────────────────────────────────────

  adp (weight: 0.0200)
  ────────────────────────────────────────────────────────────────
    Metric                       Before      After     Change
    locality                    28383.2    28250.6  -132.6094
    scaler_U                     1429.4     1429.4     0.0000
    scaler_log_scale             7969.5     7969.5     0.0000
    sigd                         3960.7     3959.0    -1.7283
    simu                        24182.4    24221.1   +38.6211

  geometry (weight: 0.2000)
  ────────────────────────────────────────────────────────────────
    Metric                       Before      After     Change
    angle                      -24645.6   -24645.6     0.0000
    bond                       -18748.0   -18748.0     0.0000
    chiral                    -257.8112  -257.8112     0.0000
    nonbonded                  -54139.0   -54139.0     0.0000
    planarity                  -11540.9   -11540.9     0.0000
    torsion                      7022.9     7022.9     0.0000

  other (weight: 1.0000)
  ────────────────────────────────────────────────────────────────
    Metric                       Before      After     Change
    xray                       149492.6   149494.0    +1.3750

  Group Totals
  ────────────────────────────────────────────────────────────────
    Group                        Before      After     Change
    adp                          1318.5     1316.6    -1.9143
    geometry                   -20461.7   -20461.7     0.0000
    xray                       149492.6   149494.0    +1.3750
────────────────────────────────────────────────────────────────────

============================================================
LBFGS Refinement - Cycle 10/10
============================================================
Refining scales with LBFGS...
Scale refinement complete. rwork: 0.2277, rfree: 0.2527

Final Scale Parameters: 
  c_iso: tensor([-2.0638,  0.1047,  0.1804, -0.1547,  0.1114, -0.0389])
  U: tensor([ 0.0441,  0.2676,  0.0485,  0.0067, -0.0049, -0.0130])
  solvent.log_k_solvent: -0.9210447072982788
  solvent.log_ss_half: -3.7080609798431396
  solvent.log_n_exp: 1.9122116565704346
  solvent.phase_offset: 0.03951115161180496
After scaling: Rwork=0.2277, Rfree=0.2527
  VDW rebuild: max drift 4.35 Å > threshold 1.00 Å

Building VDW (non-bonded) restraints...
  Symmetry expansion: 13 valid (symop, offset) combos
  Grid: [8, 10, 26], 1019/2080 cells occupied, max 175 entries/cell
  Built 208259 VDW restraints, 9428 symmetry contacts

────────────────────────────────────────────────────────────────────
  XYZ Refinement
────────────────────────────────────────────────────────────────────

  adp (weight: 0.0200)
  ────────────────────────────────────────────────────────────────
    Metric                       Before      After     Change
    locality                    28250.6    28250.6     0.0000
    scaler_U                     1489.8     1489.8     0.0000
    scaler_log_scale             8803.9     8803.9     0.0000
    sigd                         3959.0     3959.0     0.0000
    simu                        24221.1    24221.1     0.0000

  geometry (weight: 0.2000)
  ────────────────────────────────────────────────────────────────
    Metric                       Before      After     Change
    angle                      -24645.6   -24625.9   +19.6680
    bond                       -18748.0   -18727.3   +20.6582
    chiral                    -257.8112  -257.0613    +0.7499
    nonbonded                  -54139.0   -54121.4   +17.5664
    planarity                  -11540.9   -11534.2    +6.6953
    torsion                      7022.9     7022.6    -0.2217

  other (weight: 1.0000)
  ────────────────────────────────────────────────────────────────
    Metric                       Before      After     Change
    xray                       149493.2   149432.8   -60.4062

  Group Totals
  ────────────────────────────────────────────────────────────────
    Group                        Before      After     Change
    adp                          1334.5     1334.5     0.0000
    geometry                   -20461.7   -20448.6   +13.0227
    xray                       149493.2   149432.8   -60.4062
────────────────────────────────────────────────────────────────────
  VDW rebuild: max drift 4.35 Å > threshold 1.00 Å

Building VDW (non-bonded) restraints...
  Symmetry expansion: 13 valid (symop, offset) combos
  Grid: [8, 10, 26], 1019/2080 cells occupied, max 175 entries/cell
  Built 208259 VDW restraints, 9428 symmetry contacts

────────────────────────────────────────────────────────────────────
  ADP Refinement
────────────────────────────────────────────────────────────────────

  adp (weight: 0.0200)
  ────────────────────────────────────────────────────────────────
    Metric                       Before      After     Change
    locality                    28254.2    28055.7  -198.4316
    scaler_U                     1489.8     1489.8     0.0000
    scaler_log_scale             8803.9     8803.9     0.0000
    sigd                         3959.0     3957.5    -1.4966
    simu                        24221.1    24244.6   +23.5801

  geometry (weight: 0.2000)
  ────────────────────────────────────────────────────────────────
    Metric                       Before      After     Change
    angle                      -24625.9   -24625.9     0.0000
    bond                       -18727.3   -18727.3     0.0000
    chiral                    -257.0613  -257.0613     0.0000
    nonbonded                  -54121.4   -54121.4     0.0000
    planarity                  -11534.2   -11534.2     0.0000
    torsion                      7022.6     7022.6     0.0000

  other (weight: 1.0000)
  ────────────────────────────────────────────────────────────────
    Metric                       Before      After     Change
    xray                       149432.8   149432.6    -0.2344

  Group Totals
  ────────────────────────────────────────────────────────────────
    Group                        Before      After     Change
    adp                          1334.6     1331.0    -3.5269
    geometry                   -20448.6   -20448.6     0.0000
    xray                       149432.8   149432.6    -0.2344
────────────────────────────────────────────────────────────────────
Calculating initial scale factors using 10 bins.
Refining scales with LBFGS...
Scale refinement complete. rwork: 0.2274, rfree: 0.2533

Final Scale Parameters: 
  c_iso: tensor([-2.0979,  0.0507,  0.1729, -0.1590,  0.1132, -0.0405])
  U: tensor([ 0.0312,  0.2545,  0.0356,  0.0068, -0.0050, -0.0129])
  solvent.log_k_solvent: -0.9188843965530396
  solvent.log_ss_half: -3.7047502994537354
  solvent.log_n_exp: 1.9428614377975464
  solvent.phase_offset: 0.039789654314517975

Refinement completed successfully.

Saving results to /das/work/units/LBR-FEL/p17490/Peter/Library/work_trees_torchref/alignement/alignment_lab/benchmarks/af_mr/runs/dmin3.0/4U7A/refine_torchref_mr...
  Refined structure (PDB): /das/work/units/LBR-FEL/p17490/Peter/Library/work_trees_torchref/alignement/alignment_lab/benchmarks/af_mr/runs/dmin3.0/4U7A/refine_torchref_mr/refined.pdb
  Refined structure (mmCIF): /das/work/units/LBR-FEL/p17490/Peter/Library/work_trees_torchref/alignement/alignment_lab/benchmarks/af_mr/runs/dmin3.0/4U7A/refine_torchref_mr/refined.cif
Added map coefficients:
  2Fo-Fc: FWT, PHWT
  Fo-Fc: DELFWT, PHDELWT
  Resolution range: 1.60 - 79.11 Å
✓ Wrote MTZ file: /das/work/units/LBR-FEL/p17490/Peter/Library/work_trees_torchref/alignement/alignment_lab/benchmarks/af_mr/runs/dmin3.0/4U7A/refine_torchref_mr/refined.mtz
  Reflections: 68912
  Columns: H, K, L, F-obs, SIGF-obs, I-obs, SIGI-obs, R-free-flags, FWT, PHWT, DELFWT, PHDELWT, F-model, PH-model
  Refined structure factors: /das/work/units/LBR-FEL/p17490/Peter/Library/work_trees_torchref/alignement/alignment_lab/benchmarks/af_mr/runs/dmin3.0/4U7A/refine_torchref_mr/refined.mtz
  Refinement history: /das/work/units/LBR-FEL/p17490/Peter/Library/work_trees_torchref/alignement/alignment_lab/benchmarks/af_mr/runs/dmin3.0/4U7A/refine_torchref_mr/refinement_history.json

================================================================================
Refinement Summary
================================================================================
R-work:  0.2274 (66239 reflections)
R-free:  0.2533 (1336 reflections)
NLL work: 149446.00
NLL test: 3176.25
================================================================================

Output files:
  - /das/work/units/LBR-FEL/p17490/Peter/Library/work_trees_torchref/alignement/alignment_lab/benchmarks/af_mr/runs/dmin3.0/4U7A/refine_torchref_mr/refined.pdb
  - /das/work/units/LBR-FEL/p17490/Peter/Library/work_trees_torchref/alignement/alignment_lab/benchmarks/af_mr/runs/dmin3.0/4U7A/refine_torchref_mr/refined.cif
  - /das/work/units/LBR-FEL/p17490/Peter/Library/work_trees_torchref/alignement/alignment_lab/benchmarks/af_mr/runs/dmin3.0/4U7A/refine_torchref_mr/refined.mtz
  - /das/work/units/LBR-FEL/p17490/Peter/Library/work_trees_torchref/alignement/alignment_lab/benchmarks/af_mr/runs/dmin3.0/4U7A/refine_torchref_mr/refinement_history.json

Refinement completed successfully!

Timing: 666.1s wall, 388.6s CPU
