/das/work/units/LBR-FEL/p17490/Peter/Library/work_trees_torchref/alignement/torchref/cli/refine.py:21: UserWarning: TorchRef using user-specified 8 threads from TORCHREF_NUM_THREADS.
  from torchref.cli._common import (
================================================================================
TorchRef LBFGS Refinement
================================================================================
Model:             /das/work/units/LBR-FEL/p17490/Peter/Library/work_trees_torchref/alignement/alignment_lab/benchmarks/af_mr/runs/dmin4.0/4KYQ/torchref_placed.pdb
Structure factor:  /das/work/units/LBR-FEL/p17490/Peter/Library/work_trees_torchref/dev/paper/data/4KYQ/4KYQ.mtz
Output directory:  /das/work/units/LBR-FEL/p17490/Peter/Library/work_trees_torchref/alignement/alignment_lab/benchmarks/af_mr/runs/dmin4.0/4KYQ/refine_torchref_mr
Refinement mode:   separate
X-ray target:      ml
Refinement cycles: 10
Rigid-body step:   on (iterations/cutoff = 30)
Device:            auto
ADP mode:          isotropic
Wavelength:        1 A
Manual weights:    {"adp": 0.02}
================================================================================

Initializing refinement...
found non-finite F values (NaN/Inf):  2621
found non-finite F_sigma values (NaN/Inf):  2621
Wilson outlier rejection: 0/20095 (0.0000%) of tested reflections flagged (0 too strong, 0 too weak)
Loaded 1654 atoms
Building restraints...
Found 109 link definitions

Building VDW (non-bonded) restraints...
  Symmetry expansion: 21 valid (symop, offset) combos
  Grid: [8, 16, 6], 636/768 cells occupied, max 228 entries/cell
  Built 31948 VDW restraints, 4594 symmetry contacts
  Hydrogen topology: 1613 riding H atoms
  H candidate pairs: 76831 (19308 H-H, 57523 H-heavy, 7839 symmetry)
================================================================================
Restraints Summary
================================================================================
CIF file: None
Residue types in dictionary: 20

INTRA-RESIDUE RESTRAINTS:
--------------------------------------------------------------------------------
  Bonds: 1491
  Angles: 1672
  Torsions: 458
  Planes: 335
  Chirals: 237

INTER-RESIDUE RESTRAINTS:
--------------------------------------------------------------------------------
  Peptide bonds: 203
  Peptide angles: 621
  Disulfide bonds: 0
  Disulfide angles: 0
  Disulfide torsions: 0
  LINK bonds: 0

BACKBONE TORSIONS:
--------------------------------------------------------------------------------
  Phi: 203
  Psi: 203
  Omega: 203
  Ramachandran: 202

VDW RESTRAINTS:
--------------------------------------------------------------------------------
  Non-bonded contacts: 31948 (27354 intra-ASU, 4594 symmetry)
================================================================================
Generated 1613 hydrogens
ADP representation: isotropic, 3267 parameters, 6.6 work reflections each
Initialized ScalerBase with 10 bins.
Building restraints...

Building VDW (non-bonded) restraints...
  Symmetry expansion: 23 valid (symop, offset) combos
  Grid: [8, 16, 6], 668/768 cells occupied, max 342 entries/cell
  Built 130473 VDW restraints, 17042 symmetry contacts
================================================================================
Restraints Summary
================================================================================
CIF file: None
Residue types in dictionary: 20

INTRA-RESIDUE RESTRAINTS:
--------------------------------------------------------------------------------
  Bonds: 3104
  Angles: 5146
  Torsions: 657
  Planes: 574
  Chirals: 237

INTER-RESIDUE RESTRAINTS:
--------------------------------------------------------------------------------
  Peptide bonds: 203
  Peptide angles: 812
  Disulfide bonds: 0
  Disulfide angles: 0
  Disulfide torsions: 0
  LINK bonds: 0

BACKBONE TORSIONS:
--------------------------------------------------------------------------------
  Phi: 203
  Psi: 203
  Omega: 203
  Ramachandran: 202

VDW RESTRAINTS:
--------------------------------------------------------------------------------
  Non-bonded contacts: 130473 (113431 intra-ASU, 17042 symmetry)
================================================================================
Initializing TotalGeometryTarget with component targets...
Initializing TotalADPTarget with component targets: simu, locality, sigd
Parametrization built for 5 unique atom types
SfFFT: Using late symmetry (reciprocal space)
Calculating initial scale factors using 10 bins.
Refining scales with LBFGS...
Scale refinement complete. rwork: 0.4339, rfree: 0.4511

Final Scale Parameters: 
  c_iso: tensor([ 2.2569e+00,  3.0198e+00,  5.6829e-01,  3.6085e-02,  1.1971e-02,
        -4.4533e-04])
  U: tensor([ 0.8452,  0.8446,  0.8282, -0.0147,  0.0072, -0.0153])
  solvent.log_k_solvent: -0.9421939253807068
  solvent.log_ss_half: -4.147944927215576
  solvent.log_n_exp: 1.2974538803100586
  solvent.phase_offset: 0.06616672873497009
Initialized targets with xray_mode='ml'
Applied manual group weights: {'xray': 1.0, 'geometry': 0.2, 'geometry/ramachandran': 0.0, 'adp': 0.02, 'adp/sigd': 1.0, 'adp/node_load': 10.0, 'adp/node_smoothness': 0.0}
Refinement initialized successfully.

Starting refinement with 10 macro cycles...

Rigid-body step enabled: one multi-resolution rigid-body pass will run once at the start of refinement.


--- Rigid-body step (once, at start) ---
Switched to rigid-body parametrization: RigidXYZTensor(n_atoms=3267, n_chains=1) (1 chain(s))
Filtering: 569/24529 reflections in range [inf - 6.0] Å (562 valid after all masks)
  Note: Adjusted bins from 10 to 5 (min 100 refl/bin)
Initialized ScalerBase with 5 bins.
Calculating initial scale factors using 5 bins.
Calculating initial scale factors using 5 bins.
Refining scales with LBFGS...
Scale refinement complete. rwork: 0.3742, rfree: 0.4398

Final Scale Parameters: 
  c_iso: tensor([ 0.8738,  0.0401, -1.9177,  0.7341,  2.0521,  1.3102])
  U: tensor([ 0.9860,  1.1438,  1.3587, -0.1336,  0.3344, -0.2857])
  solvent.log_k_solvent: -1.0034091472625732
  solvent.log_ss_half: -3.7663519382476807
  solvent.log_n_exp: 1.805923342704773
  solvent.phase_offset: -0.22706912457942963
  rigid-body d_min=6.00 (lbfgs, iters=30): Rwork=0.5605 Rfree=0.6853
Filtering: 3693/24529 reflections in range [inf - 3.1397725556847704] Å (3668 valid after all masks)
Initialized ScalerBase with 10 bins.
Calculating initial scale factors using 10 bins.
Calculating initial scale factors using 10 bins.
Refining scales with LBFGS...
Scale refinement complete. rwork: 0.3665, rfree: 0.4342

Final Scale Parameters: 
  c_iso: tensor([ 0.7329,  0.3997, -1.0027,  0.0456,  0.4632,  0.3739])
  U: tensor([ 1.1387,  1.1371,  1.1631, -0.0246, -0.0114, -0.0644])
  solvent.log_k_solvent: -1.0114600658416748
  solvent.log_ss_half: -4.249990463256836
  solvent.log_n_exp: 0.9230015873908997
  solvent.phase_offset: -0.11626023799180984
  rigid-body d_min=3.14 (lbfgs, iters=30): Rwork=0.3688 Rfree=0.4095
Filtering: 24529/24529 reflections in range [inf - 1.6430286169052124] Å (21908 valid after all masks)
Initialized ScalerBase with 10 bins.
Calculating initial scale factors using 10 bins.
Calculating initial scale factors using 10 bins.
Refining scales with LBFGS...
Scale refinement complete. rwork: 0.4069, rfree: 0.4170

Final Scale Parameters: 
  c_iso: tensor([2.0655e+00, 2.7768e+00, 5.0985e-01, 3.3297e-02, 4.8389e-03, 2.0205e-03])
  U: tensor([ 0.7703,  0.7738,  0.7581, -0.0169,  0.0110, -0.0129])
  solvent.log_k_solvent: -0.950761079788208
  solvent.log_ss_half: -4.059210777282715
  solvent.log_n_exp: 1.2567764520645142
  solvent.phase_offset: -0.042187005281448364
  rigid-body d_min=1.64 (lbfgs, iters=30): Rwork=0.4111 Rfree=0.4253
Initialized ScalerBase with 10 bins.
Calculating initial scale factors using 10 bins.
Calculating initial scale factors using 10 bins.
Refining scales with LBFGS...
Scale refinement complete. rwork: 0.4056, rfree: 0.4228

Final Scale Parameters: 
  c_iso: tensor([1.9239e+00, 2.6000e+00, 4.7184e-01, 3.3036e-02, 3.4288e-03, 2.5851e-03])
  U: tensor([ 0.7211,  0.7250,  0.7073, -0.0164,  0.0107, -0.0114])
  solvent.log_k_solvent: -0.9402340054512024
  solvent.log_ss_half: -4.027281284332275
  solvent.log_n_exp: 1.3665437698364258
  solvent.phase_offset: -0.04517551511526108
Initialized ScalerBase with 10 bins.
Calculating initial scale factors using 10 bins.
Calculating initial scale factors using 10 bins.
Refining scales with LBFGS...
Scale refinement complete. rwork: 0.4056, rfree: 0.4229

Final Scale Parameters: 
  c_iso: tensor([2.0066, 2.7062, 0.4924, 0.0349, 0.0027, 0.0034])
  U: tensor([ 0.7496,  0.7536,  0.7361, -0.0164,  0.0107, -0.0115])
  solvent.log_k_solvent: -0.9478333592414856
  solvent.log_ss_half: -4.041385173797607
  solvent.log_n_exp: 1.3331100940704346
  solvent.phase_offset: -0.045636992901563644

============================================================
LBFGS Refinement - Cycle 1/10
============================================================
Refining scales with LBFGS...
Scale refinement complete. rwork: 0.4056, rfree: 0.4231

Final Scale Parameters: 
  c_iso: tensor([2.2437e+00, 3.0091e+00, 5.5112e-01, 3.8988e-02, 1.5062e-04, 5.2318e-03])
  U: tensor([ 0.8319,  0.8359,  0.8183, -0.0164,  0.0106, -0.0116])
  solvent.log_k_solvent: -0.9675087332725525
  solvent.log_ss_half: -4.084774494171143
  solvent.log_n_exp: 1.2306606769561768
  solvent.phase_offset: -0.04766635224223137
After scaling: Rwork=0.4056, Rfree=0.4231
  VDW rebuild: max drift 3.28 Å > threshold 1.00 Å

Building VDW (non-bonded) restraints...
  Symmetry expansion: 23 valid (symop, offset) combos
  Grid: [8, 16, 6], 668/768 cells occupied, max 342 entries/cell
  Built 130473 VDW restraints, 17042 symmetry contacts

────────────────────────────────────────────────────────────────────
  XYZ Refinement
────────────────────────────────────────────────────────────────────

  adp (weight: 0.0200)
  ────────────────────────────────────────────────────────────────
    Metric                       Before      After     Change
    locality                     1179.5     1179.5     0.0000
    scaler_U                    25266.9    25266.9     0.0000
    scaler_log_scale           618351.5   618351.5     0.0000
    sigd                         2100.2     2100.2     0.0000
    simu                         5390.4     5390.4     0.0000

  geometry (weight: 0.2000)
  ────────────────────────────────────────────────────────────────
    Metric                       Before      After     Change
    angle                      -13409.3   -12324.9    +1084.4
    bond                       -10168.2    -9978.7  +189.4238
    chiral                    -130.5660  -119.2571   +11.3089
    nonbonded                   59391.7   -32493.9   -91885.7
    planarity                   -6654.0    -6911.4  -257.4341
    torsion                      5487.3     5625.9  +138.5659

  other (weight: 1.0000)
  ────────────────────────────────────────────────────────────────
    Metric                       Before      After     Change
    xray                       114457.8   113133.9    -1323.9

  Group Totals
  ────────────────────────────────────────────────────────────────
    Group                        Before      After     Change
    adp                         13045.8    13045.8     0.0000
    geometry                     6903.4   -11240.5   -18143.9
    xray                       114457.8   113133.9    -1323.9
────────────────────────────────────────────────────────────────────
  VDW rebuild: max drift 3.28 Å > threshold 1.00 Å

Building VDW (non-bonded) restraints...
  Symmetry expansion: 23 valid (symop, offset) combos
  Grid: [8, 16, 6], 668/768 cells occupied, max 342 entries/cell
  Built 130473 VDW restraints, 17042 symmetry contacts

────────────────────────────────────────────────────────────────────
  ADP Refinement
────────────────────────────────────────────────────────────────────

  adp (weight: 0.0200)
  ────────────────────────────────────────────────────────────────
    Metric                       Before      After     Change
    locality                     1168.0    12640.0   +11472.0
    scaler_U                    25266.9    25266.9     0.0000
    scaler_log_scale           618351.5   618351.5     0.0000
    sigd                         2100.2     2240.8  +140.6284
    simu                         5390.4     8907.9    +3517.6

  geometry (weight: 0.2000)
  ────────────────────────────────────────────────────────────────
    Metric                       Before      After     Change
    angle                      -12324.9   -12324.9     0.0000
    bond                        -9978.7    -9978.7     0.0000
    chiral                    -119.2571  -119.2571     0.0000
    nonbonded                  -32493.9   -32493.9     0.0000
    planarity                   -6911.4    -6911.4     0.0000
    torsion                      5625.9     5625.9     0.0000

  other (weight: 1.0000)
  ────────────────────────────────────────────────────────────────
    Metric                       Before      After     Change
    xray                       113133.9   110871.5    -2262.5

  Group Totals
  ────────────────────────────────────────────────────────────────
    Group                        Before      After     Change
    adp                         13045.5    13348.1  +302.6045
    geometry                   -11240.5   -11240.5     0.0000
    xray                       113133.9   110871.5    -2262.5
────────────────────────────────────────────────────────────────────

============================================================
LBFGS Refinement - Cycle 2/10
============================================================
Refining scales with LBFGS...
Scale refinement complete. rwork: 0.3312, rfree: 0.3570

Final Scale Parameters: 
  c_iso: tensor([ 2.2783,  2.8838,  0.5638, -0.0161,  0.0216, -0.0119])
  U: tensor([ 0.8084,  0.8262,  0.8114, -0.0180,  0.0186, -0.0137])
  solvent.log_k_solvent: -0.967789351940155
  solvent.log_ss_half: -4.191946029663086
  solvent.log_n_exp: 0.9894394278526306
  solvent.phase_offset: 0.010074875317513943
After scaling: Rwork=0.3312, Rfree=0.3570
  VDW rebuild: max drift 3.37 Å > threshold 1.00 Å

Building VDW (non-bonded) restraints...
  Symmetry expansion: 23 valid (symop, offset) combos
  Grid: [8, 16, 6], 668/768 cells occupied, max 342 entries/cell
  Built 130473 VDW restraints, 17042 symmetry contacts

────────────────────────────────────────────────────────────────────
  XYZ Refinement
────────────────────────────────────────────────────────────────────

  adp (weight: 0.0200)
  ────────────────────────────────────────────────────────────────
    Metric                       Before      After     Change
    locality                    12640.0    12640.0     0.0000
    scaler_U                    24459.9    24459.9     0.0000
    scaler_log_scale           582300.9   582300.9     0.0000
    sigd                         2240.8     2240.8     0.0000
    simu                         8907.9     8907.9     0.0000

  geometry (weight: 0.2000)
  ────────────────────────────────────────────────────────────────
    Metric                       Before      After     Change
    angle                      -12324.9   -12736.8  -411.9023
    bond                        -9978.7   -10421.7  -442.9365
    chiral                    -119.2571  -119.3090    -0.0519
    nonbonded                  -32493.9   -32566.1   -72.1445
    planarity                   -6911.4    -6993.9   -82.4883
    torsion                      5625.9     5617.6    -8.2573

  other (weight: 1.0000)
  ────────────────────────────────────────────────────────────────
    Metric                       Before      After     Change
    xray                       110932.9   108897.1    -2035.8

  Group Totals
  ────────────────────────────────────────────────────────────────
    Group                        Before      After     Change
    adp                         12611.0    12611.0     0.0000
    geometry                   -11240.5   -11444.0  -203.5562
    xray                       110932.9   108897.1    -2035.8
────────────────────────────────────────────────────────────────────
  VDW rebuild: max drift 3.37 Å > threshold 1.00 Å

Building VDW (non-bonded) restraints...
  Symmetry expansion: 23 valid (symop, offset) combos
  Grid: [8, 16, 6], 668/768 cells occupied, max 342 entries/cell
  Built 130473 VDW restraints, 17042 symmetry contacts

────────────────────────────────────────────────────────────────────
  ADP Refinement
────────────────────────────────────────────────────────────────────

  adp (weight: 0.0200)
  ────────────────────────────────────────────────────────────────
    Metric                       Before      After     Change
    locality                    12635.5    18653.1    +6017.6
    scaler_U                    24459.9    24459.9     0.0000
    scaler_log_scale           582300.9   582300.9     0.0000
    sigd                         2240.8     2270.5   +29.7346
    simu                         8907.9    11148.4    +2240.4

  geometry (weight: 0.2000)
  ────────────────────────────────────────────────────────────────
    Metric                       Before      After     Change
    angle                      -12736.8   -12736.8     0.0000
    bond                       -10421.7   -10421.7     0.0000
    chiral                    -119.3090  -119.3090     0.0000
    nonbonded                  -32566.1   -32566.1     0.0000
    planarity                   -6993.9    -6993.9     0.0000
    torsion                      5617.6     5617.6     0.0000

  other (weight: 1.0000)
  ────────────────────────────────────────────────────────────────
    Metric                       Before      After     Change
    xray                       108897.1   108297.1  -600.0078

  Group Totals
  ────────────────────────────────────────────────────────────────
    Group                        Before      After     Change
    adp                         12610.9    12776.7  +165.7556
    geometry                   -11444.0   -11444.0     0.0000
    xray                       108897.1   108297.1  -600.0078
────────────────────────────────────────────────────────────────────

============================================================
LBFGS Refinement - Cycle 3/10
============================================================
Refining scales with LBFGS...
Scale refinement complete. rwork: 0.2861, rfree: 0.3222

Final Scale Parameters: 
  c_iso: tensor([ 2.2618,  2.8486,  0.5452, -0.0293,  0.0279, -0.0212])
  U: tensor([ 0.7959,  0.8176,  0.8064, -0.0190,  0.0200, -0.0172])
  solvent.log_k_solvent: -0.9773328900337219
  solvent.log_ss_half: -4.2119855880737305
  solvent.log_n_exp: 0.8428257703781128
  solvent.phase_offset: 0.01145341619849205
After scaling: Rwork=0.2861, Rfree=0.3222
  VDW rebuild: max drift 3.39 Å > threshold 1.00 Å

Building VDW (non-bonded) restraints...
  Symmetry expansion: 23 valid (symop, offset) combos
  Grid: [8, 16, 6], 668/768 cells occupied, max 342 entries/cell
  Built 130473 VDW restraints, 17042 symmetry contacts

────────────────────────────────────────────────────────────────────
  XYZ Refinement
────────────────────────────────────────────────────────────────────

  adp (weight: 0.0200)
  ────────────────────────────────────────────────────────────────
    Metric                       Before      After     Change
    locality                    18653.1    18653.1     0.0000
    scaler_U                    23939.3    23939.3     0.0000
    scaler_log_scale           564091.9   564091.9     0.0000
    sigd                         2270.5     2270.5     0.0000
    simu                        11148.4    11148.4     0.0000

  geometry (weight: 0.2000)
  ────────────────────────────────────────────────────────────────
    Metric                       Before      After     Change
    angle                      -12736.8   -12776.1   -39.2939
    bond                       -10421.7   -10455.3   -33.6143
    chiral                    -119.3090  -122.8530    -3.5440
    nonbonded                  -32566.1   -32911.0  -344.8613
    planarity                   -6993.9    -6991.3    +2.6201
    torsion                      5617.6     5650.6   +32.9297

  other (weight: 1.0000)
  ────────────────────────────────────────────────────────────────
    Metric                       Before      After     Change
    xray                       108308.4   107597.5  -710.8906

  Group Totals
  ────────────────────────────────────────────────────────────────
    Group                        Before      After     Change
    adp                         12402.1    12402.1     0.0000
    geometry                   -11444.0   -11521.2   -77.1530
    xray                       108308.4   107597.5  -710.8906
────────────────────────────────────────────────────────────────────
  VDW rebuild: max drift 3.39 Å > threshold 1.00 Å

Building VDW (non-bonded) restraints...
  Symmetry expansion: 23 valid (symop, offset) combos
  Grid: [8, 16, 6], 668/768 cells occupied, max 342 entries/cell
  Built 130473 VDW restraints, 17042 symmetry contacts

────────────────────────────────────────────────────────────────────
  ADP Refinement
────────────────────────────────────────────────────────────────────

  adp (weight: 0.0200)
  ────────────────────────────────────────────────────────────────
    Metric                       Before      After     Change
    locality                    18717.3    18932.1  +214.8281
    scaler_U                    23939.3    23939.3     0.0000
    scaler_log_scale           564091.9   564091.9     0.0000
    sigd                         2270.5     2251.1   -19.4062
    simu                        11148.4    11274.7  +126.3506

  geometry (weight: 0.2000)
  ────────────────────────────────────────────────────────────────
    Metric                       Before      After     Change
    angle                      -12776.1   -12776.1     0.0000
    bond                       -10455.3   -10455.3     0.0000
    chiral                    -122.8530  -122.8530     0.0000
    nonbonded                  -32911.0   -32911.0     0.0000
    planarity                   -6991.3    -6991.3     0.0000
    torsion                      5650.6     5650.6     0.0000

  other (weight: 1.0000)
  ────────────────────────────────────────────────────────────────
    Metric                       Before      After     Change
    xray                       107597.5   107513.1   -84.3750

  Group Totals
  ────────────────────────────────────────────────────────────────
    Group                        Before      After     Change
    adp                         12403.3    12409.8    +6.4355
    geometry                   -11521.2   -11521.2     0.0000
    xray                       107597.5   107513.1   -84.3750
────────────────────────────────────────────────────────────────────

============================================================
LBFGS Refinement - Cycle 4/10
============================================================
Refining scales with LBFGS...
Scale refinement complete. rwork: 0.2700, rfree: 0.3244

Final Scale Parameters: 
  c_iso: tensor([ 2.2544,  2.8376,  0.5449, -0.0349,  0.0323, -0.0264])
  U: tensor([ 0.7946,  0.8165,  0.8071, -0.0199,  0.0193, -0.0188])
  solvent.log_k_solvent: -0.9786394238471985
  solvent.log_ss_half: -4.233071327209473
  solvent.log_n_exp: 0.8134430646896362
  solvent.phase_offset: 0.03364459425210953
After scaling: Rwork=0.2700, Rfree=0.3244
  VDW rebuild: max drift 3.28 Å > threshold 1.00 Å

Building VDW (non-bonded) restraints...
  Symmetry expansion: 23 valid (symop, offset) combos
  Grid: [8, 16, 6], 668/768 cells occupied, max 342 entries/cell
  Built 130473 VDW restraints, 17042 symmetry contacts

────────────────────────────────────────────────────────────────────
  XYZ Refinement
────────────────────────────────────────────────────────────────────

  adp (weight: 0.0200)
  ────────────────────────────────────────────────────────────────
    Metric                       Before      After     Change
    locality                    18932.1    18932.1     0.0000
    scaler_U                    23905.6    23905.6     0.0000
    scaler_log_scale           560397.4   560397.4     0.0000
    sigd                         2251.1     2251.1     0.0000
    simu                        11274.7    11274.7     0.0000

  geometry (weight: 0.2000)
  ────────────────────────────────────────────────────────────────
    Metric                       Before      After     Change
    angle                      -12776.1   -13077.3  -301.1680
    bond                       -10455.3   -10626.9  -171.6270
    chiral                    -122.8530  -126.8482    -3.9952
    nonbonded                  -32911.0   -33072.7  -161.7656
    planarity                   -6991.3    -7035.6   -44.3638
    torsion                      5650.6     5635.0   -15.5933

  other (weight: 1.0000)
  ────────────────────────────────────────────────────────────────
    Metric                       Before      After     Change
    xray                       107543.5   107295.5  -248.0078

  Group Totals
  ────────────────────────────────────────────────────────────────
    Group                        Before      After     Change
    adp                         12335.2    12335.2     0.0000
    geometry                   -11521.2   -11660.9  -139.7025
    xray                       107543.5   107295.5  -248.0078
────────────────────────────────────────────────────────────────────
  VDW rebuild: max drift 3.28 Å > threshold 1.00 Å

Building VDW (non-bonded) restraints...
  Symmetry expansion: 23 valid (symop, offset) combos
  Grid: [8, 16, 6], 668/768 cells occupied, max 342 entries/cell
  Built 130473 VDW restraints, 17042 symmetry contacts

────────────────────────────────────────────────────────────────────
  ADP Refinement
────────────────────────────────────────────────────────────────────

  adp (weight: 0.0200)
  ────────────────────────────────────────────────────────────────
    Metric                       Before      After     Change
    locality                    19013.8    18339.8  -674.0430
    scaler_U                    23905.6    23905.6     0.0000
    scaler_log_scale           560397.4   560397.4     0.0000
    sigd                         2251.1     2232.0   -19.1824
    simu                        11274.7    10890.7  -384.0156

  geometry (weight: 0.2000)
  ────────────────────────────────────────────────────────────────
    Metric                       Before      After     Change
    angle                      -13077.3   -13077.3     0.0000
    bond                       -10626.9   -10626.9     0.0000
    chiral                    -126.8482  -126.8482     0.0000
    nonbonded                  -33072.7   -33072.7     0.0000
    planarity                   -7035.6    -7035.6     0.0000
    torsion                      5635.0     5635.0     0.0000

  other (weight: 1.0000)
  ────────────────────────────────────────────────────────────────
    Metric                       Before      After     Change
    xray                       107295.5   107291.1    -4.4375

  Group Totals
  ────────────────────────────────────────────────────────────────
    Group                        Before      After     Change
    adp                         12336.9    12315.3   -21.5448
    geometry                   -11660.9   -11660.9     0.0000
    xray                       107295.5   107291.1    -4.4375
────────────────────────────────────────────────────────────────────

============================================================
LBFGS Refinement - Cycle 5/10
============================================================
Refining scales with LBFGS...
Scale refinement complete. rwork: 0.2654, rfree: 0.3201

Final Scale Parameters: 
  c_iso: tensor([ 2.2565,  2.8362,  0.5459, -0.0366,  0.0325, -0.0252])
  U: tensor([ 0.7985,  0.8176,  0.8102, -0.0195,  0.0178, -0.0176])
  solvent.log_k_solvent: -0.9736872315406799
  solvent.log_ss_half: -4.225754737854004
  solvent.log_n_exp: 0.8451113104820251
  solvent.phase_offset: 0.027778681367635727
After scaling: Rwork=0.2654, Rfree=0.3201
  VDW rebuild: max drift 3.34 Å > threshold 1.00 Å

Building VDW (non-bonded) restraints...
  Symmetry expansion: 23 valid (symop, offset) combos
  Grid: [8, 16, 6], 668/768 cells occupied, max 342 entries/cell
  Built 130473 VDW restraints, 17042 symmetry contacts

────────────────────────────────────────────────────────────────────
  XYZ Refinement
────────────────────────────────────────────────────────────────────

  adp (weight: 0.0200)
  ────────────────────────────────────────────────────────────────
    Metric                       Before      After     Change
    locality                    18339.8    18339.8     0.0000
    scaler_U                    24066.6    24066.6     0.0000
    scaler_log_scale           560266.6   560266.6     0.0000
    sigd                         2232.0     2232.0     0.0000
    simu                        10890.7    10890.7     0.0000

  geometry (weight: 0.2000)
  ────────────────────────────────────────────────────────────────
    Metric                       Before      After     Change
    angle                      -13077.3   -13024.4   +52.8486
    bond                       -10626.9   -10604.7   +22.1855
    chiral                    -126.8482  -127.7690    -0.9208
    nonbonded                  -33072.7   -33302.9  -230.1914
    planarity                   -7035.6    -7045.6   -10.0225
    torsion                      5635.0     5641.8    +6.8379

  other (weight: 1.0000)
  ────────────────────────────────────────────────────────────────
    Metric                       Before      After     Change
    xray                       107324.0   107067.1  -256.9688

  Group Totals
  ────────────────────────────────────────────────────────────────
    Group                        Before      After     Change
    adp                         12315.9    12315.9     0.0000
    geometry                   -11660.9   -11692.7   -31.8521
    xray                       107324.0   107067.1  -256.9688
────────────────────────────────────────────────────────────────────
  VDW rebuild: max drift 3.34 Å > threshold 1.00 Å

Building VDW (non-bonded) restraints...
  Symmetry expansion: 23 valid (symop, offset) combos
  Grid: [8, 16, 6], 668/768 cells occupied, max 342 entries/cell
  Built 130473 VDW restraints, 17042 symmetry contacts

────────────────────────────────────────────────────────────────────
  ADP Refinement
────────────────────────────────────────────────────────────────────

  adp (weight: 0.0200)
  ────────────────────────────────────────────────────────────────
    Metric                       Before      After     Change
    locality                    18428.7    17906.4  -522.2949
    scaler_U                    24066.6    24066.6     0.0000
    scaler_log_scale           560266.6   560266.6     0.0000
    sigd                         2232.0     2228.2    -3.7720
    simu                        10890.7    10679.3  -211.4355

  geometry (weight: 0.2000)
  ────────────────────────────────────────────────────────────────
    Metric                       Before      After     Change
    angle                      -13024.4   -13024.4     0.0000
    bond                       -10604.7   -10604.7     0.0000
    chiral                    -127.7690  -127.7690     0.0000
    nonbonded                  -33302.9   -33302.9     0.0000
    planarity                   -7045.6    -7045.6     0.0000
    torsion                      5641.8     5641.8     0.0000

  other (weight: 1.0000)
  ────────────────────────────────────────────────────────────────
    Metric                       Before      After     Change
    xray                       107067.1   107106.2   +39.1406

  Group Totals
  ────────────────────────────────────────────────────────────────
    Group                        Before      After     Change
    adp                         12317.7    12302.9   -14.7500
    geometry                   -11692.7   -11692.7     0.0000
    xray                       107067.1   107106.2   +39.1406
────────────────────────────────────────────────────────────────────

============================================================
LBFGS Refinement - Cycle 6/10
============================================================
Refining scales with LBFGS...
Scale refinement complete. rwork: 0.2619, rfree: 0.3218

Final Scale Parameters: 
  c_iso: tensor([ 2.2553,  2.8343,  0.5484, -0.0347,  0.0320, -0.0241])
  U: tensor([ 0.8006,  0.8187,  0.8115, -0.0196,  0.0179, -0.0168])
  solvent.log_k_solvent: -0.9735016226768494
  solvent.log_ss_half: -4.225360870361328
  solvent.log_n_exp: 0.8443465828895569
  solvent.phase_offset: 0.023611092939972878
After scaling: Rwork=0.2619, Rfree=0.3218
  VDW rebuild: max drift 3.42 Å > threshold 1.00 Å

Building VDW (non-bonded) restraints...
  Symmetry expansion: 23 valid (symop, offset) combos
  Grid: [8, 16, 6], 668/768 cells occupied, max 342 entries/cell
  Built 130473 VDW restraints, 17042 symmetry contacts

────────────────────────────────────────────────────────────────────
  XYZ Refinement
────────────────────────────────────────────────────────────────────

  adp (weight: 0.0200)
  ────────────────────────────────────────────────────────────────
    Metric                       Before      After     Change
    locality                    17906.4    17906.4     0.0000
    scaler_U                    24156.2    24156.2     0.0000
    scaler_log_scale           560497.3   560497.3     0.0000
    sigd                         2228.2     2228.2     0.0000
    simu                        10679.3    10679.3     0.0000

  geometry (weight: 0.2000)
  ────────────────────────────────────────────────────────────────
    Metric                       Before      After     Change
    angle                      -13024.4   -13153.0  -128.5967
    bond                       -10604.7   -10683.2   -78.4629
    chiral                    -127.7690  -130.2589    -2.4899
    nonbonded                  -33302.9   -33373.6   -70.6602
    planarity                   -7045.6    -7056.2   -10.5825
    torsion                      5641.8     5644.6    +2.8281

  other (weight: 1.0000)
  ────────────────────────────────────────────────────────────────
    Metric                       Before      After     Change
    xray                       107142.3   107042.0  -100.2969

  Group Totals
  ────────────────────────────────────────────────────────────────
    Group                        Before      After     Change
    adp                         12309.3    12309.3     0.0000
    geometry                   -11692.7   -11750.3   -57.5933
    xray                       107142.3   107042.0  -100.2969
────────────────────────────────────────────────────────────────────
  VDW rebuild: max drift 3.42 Å > threshold 1.00 Å

Building VDW (non-bonded) restraints...
  Symmetry expansion: 23 valid (symop, offset) combos
  Grid: [8, 16, 6], 668/768 cells occupied, max 342 entries/cell
  Built 130473 VDW restraints, 17042 symmetry contacts

────────────────────────────────────────────────────────────────────
  ADP Refinement
────────────────────────────────────────────────────────────────────

  adp (weight: 0.0200)
  ────────────────────────────────────────────────────────────────
    Metric                       Before      After     Change
    locality                    17942.9    17627.0  -315.8848
    scaler_U                    24156.2    24156.2     0.0000
    scaler_log_scale           560497.3   560497.3     0.0000
    sigd                         2228.2     2226.2    -1.9531
    simu                        10679.3    10489.6  -189.6592

  geometry (weight: 0.2000)
  ────────────────────────────────────────────────────────────────
    Metric                       Before      After     Change
    angle                      -13153.0   -13153.0     0.0000
    bond                       -10683.2   -10683.2     0.0000
    chiral                    -130.2589  -130.2589     0.0000
    nonbonded                  -33373.6   -33373.6     0.0000
    planarity                   -7056.2    -7056.2     0.0000
    torsion                      5644.6     5644.6     0.0000

  other (weight: 1.0000)
  ────────────────────────────────────────────────────────────────
    Metric                       Before      After     Change
    xray                       107042.0   107048.9    +6.8906

  Group Totals
  ────────────────────────────────────────────────────────────────
    Group                        Before      After     Change
    adp                         12310.1    12299.9   -10.1499
    geometry                   -11750.3   -11750.3     0.0000
    xray                       107042.0   107048.9    +6.8906
────────────────────────────────────────────────────────────────────

============================================================
LBFGS Refinement - Cycle 7/10
============================================================
Refining scales with LBFGS...
Scale refinement complete. rwork: 0.2606, rfree: 0.3179

Final Scale Parameters: 
  c_iso: tensor([ 2.2511,  2.8294,  0.5485, -0.0353,  0.0321, -0.0241])
  U: tensor([ 0.8035,  0.8203,  0.8129, -0.0199,  0.0176, -0.0155])
  solvent.log_k_solvent: -0.9740561842918396
  solvent.log_ss_half: -4.218014240264893
  solvent.log_n_exp: 0.8557828068733215
  solvent.phase_offset: 0.015998532995581627
After scaling: Rwork=0.2606, Rfree=0.3179
  VDW rebuild: max drift 3.45 Å > threshold 1.00 Å

Building VDW (non-bonded) restraints...
  Symmetry expansion: 23 valid (symop, offset) combos
  Grid: [8, 16, 6], 668/768 cells occupied, max 342 entries/cell
  Built 130473 VDW restraints, 17042 symmetry contacts

────────────────────────────────────────────────────────────────────
  XYZ Refinement
────────────────────────────────────────────────────────────────────

  adp (weight: 0.0200)
  ────────────────────────────────────────────────────────────────
    Metric                       Before      After     Change
    locality                    17627.0    17627.0     0.0000
    scaler_U                    24271.9    24271.9     0.0000
    scaler_log_scale           559006.0   559006.0     0.0000
    sigd                         2226.2     2226.2     0.0000
    simu                        10489.6    10489.6     0.0000

  geometry (weight: 0.2000)
  ────────────────────────────────────────────────────────────────
    Metric                       Before      After     Change
    angle                      -13153.0   -13183.6   -30.5527
    bond                       -10683.2   -10679.7    +3.4795
    chiral                    -130.2589  -133.5065    -3.2476
    nonbonded                  -33373.6   -33478.9  -105.3672
    planarity                   -7056.2    -7065.0    -8.7500
    torsion                      5644.6     5677.9   +33.2954

  other (weight: 1.0000)
  ────────────────────────────────────────────────────────────────
    Metric                       Before      After     Change
    xray                       107101.2   106948.5  -152.7656

  Group Totals
  ────────────────────────────────────────────────────────────────
    Group                        Before      After     Change
    adp                         12272.4    12272.4     0.0000
    geometry                   -11750.3   -11772.6   -22.2285
    xray                       107101.2   106948.5  -152.7656
────────────────────────────────────────────────────────────────────
  VDW rebuild: max drift 3.45 Å > threshold 1.00 Å

Building VDW (non-bonded) restraints...
  Symmetry expansion: 23 valid (symop, offset) combos
  Grid: [8, 16, 6], 668/768 cells occupied, max 342 entries/cell
  Built 130473 VDW restraints, 17042 symmetry contacts

────────────────────────────────────────────────────────────────────
  ADP Refinement
────────────────────────────────────────────────────────────────────

  adp (weight: 0.0200)
  ────────────────────────────────────────────────────────────────
    Metric                       Before      After     Change
    locality                    17655.6    17545.2  -110.3730
    scaler_U                    24271.9    24271.9     0.0000
    scaler_log_scale           559006.0   559006.0     0.0000
    sigd                         2226.2     2230.3    +4.0295
    simu                        10489.6    10404.4   -85.2256

  geometry (weight: 0.2000)
  ────────────────────────────────────────────────────────────────
    Metric                       Before      After     Change
    angle                      -13183.6   -13183.6     0.0000
    bond                       -10679.7   -10679.7     0.0000
    chiral                    -133.5065  -133.5065     0.0000
    nonbonded                  -33478.9   -33478.9     0.0000
    planarity                   -7065.0    -7065.0     0.0000
    torsion                      5677.9     5677.9     0.0000

  other (weight: 1.0000)
  ────────────────────────────────────────────────────────────────
    Metric                       Before      After     Change
    xray                       106948.5   106961.1   +12.6641

  Group Totals
  ────────────────────────────────────────────────────────────────
    Group                        Before      After     Change
    adp                         12273.0    12269.2    -3.8314
    geometry                   -11772.6   -11772.6     0.0000
    xray                       106948.5   106961.1   +12.6641
────────────────────────────────────────────────────────────────────

============================================================
LBFGS Refinement - Cycle 8/10
============================================================
Refining scales with LBFGS...
Scale refinement complete. rwork: 0.2592, rfree: 0.3211

Final Scale Parameters: 
  c_iso: tensor([ 2.2491,  2.8260,  0.5497, -0.0349,  0.0322, -0.0236])
  U: tensor([ 0.8065,  0.8230,  0.8153, -0.0205,  0.0178, -0.0152])
  solvent.log_k_solvent: -0.9731006622314453
  solvent.log_ss_half: -4.2212934494018555
  solvent.log_n_exp: 0.8561214208602905
  solvent.phase_offset: 0.012345396913588047
After scaling: Rwork=0.2592, Rfree=0.3211
  VDW rebuild: max drift 3.49 Å > threshold 1.00 Å

Building VDW (non-bonded) restraints...
  Symmetry expansion: 23 valid (symop, offset) combos
  Grid: [8, 16, 6], 668/768 cells occupied, max 342 entries/cell
  Built 130473 VDW restraints, 17042 symmetry contacts

────────────────────────────────────────────────────────────────────
  XYZ Refinement
────────────────────────────────────────────────────────────────────

  adp (weight: 0.0200)
  ────────────────────────────────────────────────────────────────
    Metric                       Before      After     Change
    locality                    17545.2    17545.2     0.0000
    scaler_U                    24435.6    24435.6     0.0000
    scaler_log_scale           558238.6   558238.6     0.0000
    sigd                         2230.3     2230.3     0.0000
    simu                        10404.4    10404.4     0.0000

  geometry (weight: 0.2000)
  ────────────────────────────────────────────────────────────────
    Metric                       Before      After     Change
    angle                      -13183.6   -13265.7   -82.1172
    bond                       -10679.7   -10712.9   -33.1963
    chiral                    -133.5065  -135.3155    -1.8090
    nonbonded                  -33478.9   -33499.9   -20.9219
    planarity                   -7065.0    -7069.4    -4.4609
    torsion                      5677.9     5697.2   +19.2432

  other (weight: 1.0000)
  ────────────────────────────────────────────────────────────────
    Metric                       Before      After     Change
    xray                       107019.1   106891.0  -128.0703

  Group Totals
  ────────────────────────────────────────────────────────────────
    Group                        Before      After     Change
    adp                         12257.1    12257.1     0.0000
    geometry                   -11772.6   -11797.2   -24.6523
    xray                       107019.1   106891.0  -128.0703
────────────────────────────────────────────────────────────────────
  VDW rebuild: max drift 3.49 Å > threshold 1.00 Å

Building VDW (non-bonded) restraints...
  Symmetry expansion: 23 valid (symop, offset) combos
  Grid: [8, 16, 6], 668/768 cells occupied, max 342 entries/cell
  Built 130473 VDW restraints, 17042 symmetry contacts

────────────────────────────────────────────────────────────────────
  ADP Refinement
────────────────────────────────────────────────────────────────────

  adp (weight: 0.0200)
  ────────────────────────────────────────────────────────────────
    Metric                       Before      After     Change
    locality                    17552.4    17855.9  +303.5117
    scaler_U                    24435.6    24435.6     0.0000
    scaler_log_scale           558238.6   558238.6     0.0000
    sigd                         2230.3     2235.9    +5.6692
    simu                        10404.4    10388.1   -16.3057

  geometry (weight: 0.2000)
  ────────────────────────────────────────────────────────────────
    Metric                       Before      After     Change
    angle                      -13265.7   -13265.7     0.0000
    bond                       -10712.9   -10712.9     0.0000
    chiral                    -135.3155  -135.3155     0.0000
    nonbonded                  -33499.9   -33499.9     0.0000
    planarity                   -7069.4    -7069.4     0.0000
    torsion                      5697.2     5697.2     0.0000

  other (weight: 1.0000)
  ────────────────────────────────────────────────────────────────
    Metric                       Before      After     Change
    xray                       106891.0   106881.2    -9.8594

  Group Totals
  ────────────────────────────────────────────────────────────────
    Group                        Before      After     Change
    adp                         12257.2    12263.1    +5.8575
    geometry                   -11797.2   -11797.2     0.0000
    xray                       106891.0   106881.2    -9.8594
────────────────────────────────────────────────────────────────────

============================================================
LBFGS Refinement - Cycle 9/10
============================================================
Refining scales with LBFGS...
Scale refinement complete. rwork: 0.2582, rfree: 0.3161

Final Scale Parameters: 
  c_iso: tensor([ 2.2443,  2.8151,  0.5498, -0.0373,  0.0322, -0.0251])
  U: tensor([ 0.8086,  0.8244,  0.8163, -0.0209,  0.0178, -0.0145])
  solvent.log_k_solvent: -0.9689299464225769
  solvent.log_ss_half: -4.223412036895752
  solvent.log_n_exp: 0.8464275002479553
  solvent.phase_offset: 0.014615713618695736
After scaling: Rwork=0.2582, Rfree=0.3161
  VDW rebuild: max drift 3.56 Å > threshold 1.00 Å

Building VDW (non-bonded) restraints...
  Symmetry expansion: 23 valid (symop, offset) combos
  Grid: [8, 16, 6], 668/768 cells occupied, max 342 entries/cell
  Built 130473 VDW restraints, 17042 symmetry contacts

────────────────────────────────────────────────────────────────────
  XYZ Refinement
────────────────────────────────────────────────────────────────────

  adp (weight: 0.0200)
  ────────────────────────────────────────────────────────────────
    Metric                       Before      After     Change
    locality                    17855.9    17855.9     0.0000
    scaler_U                    24523.5    24523.5     0.0000
    scaler_log_scale           555104.6   555104.6     0.0000
    sigd                         2235.9     2235.9     0.0000
    simu                        10388.1    10388.1     0.0000

  geometry (weight: 0.2000)
  ────────────────────────────────────────────────────────────────
    Metric                       Before      After     Change
    angle                      -13265.7   -13258.4    +7.3271
    bond                       -10712.9   -10698.0   +14.8740
    chiral                    -135.3155  -136.3015    -0.9860
    nonbonded                  -33499.9   -33551.0   -51.1797
    planarity                   -7069.4    -7073.0    -3.6011
    torsion                      5697.2     5713.2   +16.0142

  other (weight: 1.0000)
  ────────────────────────────────────────────────────────────────
    Metric                       Before      After     Change
    xray                       106934.6   106811.0  -123.5859

  Group Totals
  ────────────────────────────────────────────────────────────────
    Group                        Before      After     Change
    adp                         12202.2    12202.2     0.0000
    geometry                   -11797.2   -11800.7    -3.5102
    xray                       106934.6   106811.0  -123.5859
────────────────────────────────────────────────────────────────────
  VDW rebuild: max drift 3.56 Å > threshold 1.00 Å

Building VDW (non-bonded) restraints...
  Symmetry expansion: 23 valid (symop, offset) combos
  Grid: [8, 16, 6], 668/768 cells occupied, max 342 entries/cell
  Built 130473 VDW restraints, 17042 symmetry contacts

────────────────────────────────────────────────────────────────────
  ADP Refinement
────────────────────────────────────────────────────────────────────

  adp (weight: 0.0200)
  ────────────────────────────────────────────────────────────────
    Metric                       Before      After     Change
    locality                    17908.7    18042.5  +133.7812
    scaler_U                    24523.5    24523.5     0.0000
    scaler_log_scale           555104.6   555104.6     0.0000
    sigd                         2235.9     2241.9    +5.9517
    simu                        10388.1    10328.9   -59.1377

  geometry (weight: 0.2000)
  ────────────────────────────────────────────────────────────────
    Metric                       Before      After     Change
    angle                      -13258.4   -13258.4     0.0000
    bond                       -10698.0   -10698.0     0.0000
    chiral                    -136.3015  -136.3015     0.0000
    nonbonded                  -33551.0   -33551.0     0.0000
    planarity                   -7073.0    -7073.0     0.0000
    torsion                      5713.2     5713.2     0.0000

  other (weight: 1.0000)
  ────────────────────────────────────────────────────────────────
    Metric                       Before      After     Change
    xray                       106811.0   106836.4   +25.3516

  Group Totals
  ────────────────────────────────────────────────────────────────
    Group                        Before      After     Change
    adp                         12203.2    12204.8    +1.6119
    geometry                   -11800.7   -11800.7     0.0000
    xray                       106811.0   106836.4   +25.3516
────────────────────────────────────────────────────────────────────

============================================================
LBFGS Refinement - Cycle 10/10
============================================================
Refining scales with LBFGS...
Scale refinement complete. rwork: 0.2574, rfree: 0.3171

Final Scale Parameters: 
  c_iso: tensor([ 2.2425,  2.8128,  0.5500, -0.0366,  0.0323, -0.0245])
  U: tensor([ 0.8116,  0.8270,  0.8187, -0.0211,  0.0175, -0.0139])
  solvent.log_k_solvent: -0.9708937406539917
  solvent.log_ss_half: -4.225100040435791
  solvent.log_n_exp: 0.8471226692199707
  solvent.phase_offset: 0.01646139658987522
After scaling: Rwork=0.2574, Rfree=0.3171
  VDW rebuild: max drift 3.58 Å > threshold 1.00 Å

Building VDW (non-bonded) restraints...
  Symmetry expansion: 23 valid (symop, offset) combos
  Grid: [8, 16, 6], 668/768 cells occupied, max 342 entries/cell
  Built 130473 VDW restraints, 17042 symmetry contacts

────────────────────────────────────────────────────────────────────
  XYZ Refinement
────────────────────────────────────────────────────────────────────

  adp (weight: 0.0200)
  ────────────────────────────────────────────────────────────────
    Metric                       Before      After     Change
    locality                    18042.5    18042.5     0.0000
    scaler_U                    24687.1    24687.1     0.0000
    scaler_log_scale           554348.9   554348.9     0.0000
    sigd                         2241.9     2241.9     0.0000
    simu                        10328.9    10328.9     0.0000

  geometry (weight: 0.2000)
  ────────────────────────────────────────────────────────────────
    Metric                       Before      After     Change
    angle                      -13258.4   -13427.4  -168.9834
    bond                       -10698.0   -10706.5    -8.4990
    chiral                    -136.3015  -141.3117    -5.0101
    nonbonded                  -33551.0   -33495.3   +55.7773
    planarity                   -7073.0    -7031.6   +41.4512
    torsion                      5713.2     5664.5   -48.6855

  other (weight: 1.0000)
  ────────────────────────────────────────────────────────────────
    Metric                       Before      After     Change
    xray                       106894.0   106805.9   -88.0312

  Group Totals
  ────────────────────────────────────────────────────────────────
    Group                        Before      After     Change
    adp                         12193.0    12193.0     0.0000
    geometry                   -11800.7   -11827.5   -26.7899
    xray                       106894.0   106805.9   -88.0312
────────────────────────────────────────────────────────────────────
  VDW rebuild: max drift 3.58 Å > threshold 1.00 Å

Building VDW (non-bonded) restraints...
  Symmetry expansion: 23 valid (symop, offset) combos
  Grid: [8, 16, 6], 668/768 cells occupied, max 342 entries/cell
  Built 130473 VDW restraints, 17042 symmetry contacts

────────────────────────────────────────────────────────────────────
  ADP Refinement
────────────────────────────────────────────────────────────────────

  adp (weight: 0.0200)
  ────────────────────────────────────────────────────────────────
    Metric                       Before      After     Change
    locality                    18040.9    18270.7  +229.8086
    scaler_U                    24687.1    24687.1     0.0000
    scaler_log_scale           554348.9   554348.9     0.0000
    sigd                         2241.9     2248.3    +6.4705
    simu                        10328.9    10275.7   -53.1953

  geometry (weight: 0.2000)
  ────────────────────────────────────────────────────────────────
    Metric                       Before      After     Change
    angle                      -13427.4   -13427.4     0.0000
    bond                       -10706.5   -10706.5     0.0000
    chiral                    -141.3117  -141.3117     0.0000
    nonbonded                  -33495.3   -33495.3     0.0000
    planarity                   -7031.6    -7031.6     0.0000
    torsion                      5664.5     5664.5     0.0000

  other (weight: 1.0000)
  ────────────────────────────────────────────────────────────────
    Metric                       Before      After     Change
    xray                       106805.9   106820.9   +14.9766

  Group Totals
  ────────────────────────────────────────────────────────────────
    Group                        Before      After     Change
    adp                         12193.0    12196.6    +3.6617
    geometry                   -11827.5   -11827.5     0.0000
    xray                       106805.9   106820.9   +14.9766
────────────────────────────────────────────────────────────────────
Calculating initial scale factors using 10 bins.
Refining scales with LBFGS...
Scale refinement complete. rwork: 0.2570, rfree: 0.3137

Final Scale Parameters: 
  c_iso: tensor([ 1.7357,  2.1731,  0.4208, -0.0425,  0.0352, -0.0275])
  U: tensor([ 0.6408,  0.6560,  0.6474, -0.0212,  0.0173, -0.0134])
  solvent.log_k_solvent: -0.9450427293777466
  solvent.log_ss_half: -4.107205867767334
  solvent.log_n_exp: 0.9829616546630859
  solvent.phase_offset: 0.0234846081584692

Refinement completed successfully.

Saving results to /das/work/units/LBR-FEL/p17490/Peter/Library/work_trees_torchref/alignement/alignment_lab/benchmarks/af_mr/runs/dmin4.0/4KYQ/refine_torchref_mr...
  Refined structure (PDB): /das/work/units/LBR-FEL/p17490/Peter/Library/work_trees_torchref/alignement/alignment_lab/benchmarks/af_mr/runs/dmin4.0/4KYQ/refine_torchref_mr/refined.pdb
  Refined structure (mmCIF): /das/work/units/LBR-FEL/p17490/Peter/Library/work_trees_torchref/alignement/alignment_lab/benchmarks/af_mr/runs/dmin4.0/4KYQ/refine_torchref_mr/refined.cif
Added map coefficients:
  2Fo-Fc: FWT, PHWT
  Fo-Fc: DELFWT, PHDELWT
  Resolution range: 1.64 - 19.63 Å
✓ Wrote MTZ file: /das/work/units/LBR-FEL/p17490/Peter/Library/work_trees_torchref/alignement/alignment_lab/benchmarks/af_mr/runs/dmin4.0/4KYQ/refine_torchref_mr/refined.mtz
  Reflections: 24529
  Columns: H, K, L, F-obs, SIGF-obs, R-free-flags, FWT, PHWT, DELFWT, PHDELWT, F-model, PH-model
  Refined structure factors: /das/work/units/LBR-FEL/p17490/Peter/Library/work_trees_torchref/alignement/alignment_lab/benchmarks/af_mr/runs/dmin4.0/4KYQ/refine_torchref_mr/refined.mtz
  Refinement history: /das/work/units/LBR-FEL/p17490/Peter/Library/work_trees_torchref/alignement/alignment_lab/benchmarks/af_mr/runs/dmin4.0/4KYQ/refine_torchref_mr/refinement_history.json

================================================================================
Refinement Summary
================================================================================
R-work:  0.2570 (21467 reflections)
R-free:  0.3137 (441 reflections)
NLL work: 106876.73
NLL test: 2259.21
================================================================================

Output files:
  - /das/work/units/LBR-FEL/p17490/Peter/Library/work_trees_torchref/alignement/alignment_lab/benchmarks/af_mr/runs/dmin4.0/4KYQ/refine_torchref_mr/refined.pdb
  - /das/work/units/LBR-FEL/p17490/Peter/Library/work_trees_torchref/alignement/alignment_lab/benchmarks/af_mr/runs/dmin4.0/4KYQ/refine_torchref_mr/refined.cif
  - /das/work/units/LBR-FEL/p17490/Peter/Library/work_trees_torchref/alignement/alignment_lab/benchmarks/af_mr/runs/dmin4.0/4KYQ/refine_torchref_mr/refined.mtz
  - /das/work/units/LBR-FEL/p17490/Peter/Library/work_trees_torchref/alignement/alignment_lab/benchmarks/af_mr/runs/dmin4.0/4KYQ/refine_torchref_mr/refinement_history.json

Refinement completed successfully!

Timing: 225.8s wall, 305.7s CPU
