/das/work/units/LBR-FEL/p17490/Peter/Library/work_trees_torchref/alignement/torchref/cli/refine.py:21: UserWarning: TorchRef using user-specified 8 threads from TORCHREF_NUM_THREADS.
  from torchref.cli._common import (
================================================================================
TorchRef LBFGS Refinement
================================================================================
Model:             /das/work/units/LBR-FEL/p17490/Peter/Library/work_trees_torchref/alignement/alignment_lab/benchmarks/af_mr/runs/dmin4.0/1EJ1/torchref_placed.pdb
Structure factor:  /das/work/units/LBR-FEL/p17490/Peter/Library/work_trees_torchref/dev/paper/data/1EJ1/1EJ1.mtz
Output directory:  /das/work/units/LBR-FEL/p17490/Peter/Library/work_trees_torchref/alignement/alignment_lab/benchmarks/af_mr/runs/dmin4.0/1EJ1/refine_torchref_mr
Refinement mode:   separate
X-ray target:      ml
Refinement cycles: 10
Rigid-body step:   on (iterations/cutoff = 30)
Device:            auto
ADP mode:          isotropic
Wavelength:        1 A
Manual weights:    {"adp": 0.02}
================================================================================

Initializing refinement...
found non-finite F values (NaN/Inf):  0
found non-finite F_sigma values (NaN/Inf):  0
Wilson outlier rejection: 0/16327 (0.0000%) of tested reflections flagged (0 too strong, 0 too weak)
Loaded 3100 atoms
Building restraints...
Found 109 link definitions

Building VDW (non-bonded) restraints...
  Symmetry expansion: 47 valid (symop, offset) combos
  Grid: [11, 12, 12], 1338/1584 cells occupied, max 418 entries/cell
  Built 54496 VDW restraints, 4932 symmetry contacts
  Hydrogen topology: 3010 riding H atoms
  H candidate pairs: 128053 (32438 H-H, 95615 H-heavy, 10884 symmetry)
================================================================================
Restraints Summary
================================================================================
CIF file: None
Residue types in dictionary: 20

INTRA-RESIDUE RESTRAINTS:
--------------------------------------------------------------------------------
  Bonds: 2806
  Angles: 3172
  Torsions: 804
  Planes: 632
  Chirals: 452

INTER-RESIDUE RESTRAINTS:
--------------------------------------------------------------------------------
  Peptide bonds: 374
  Peptide angles: 1134
  Disulfide bonds: 0
  Disulfide angles: 0
  Disulfide torsions: 0
  LINK bonds: 0

BACKBONE TORSIONS:
--------------------------------------------------------------------------------
  Phi: 374
  Psi: 374
  Omega: 374
  Ramachandran: 372

VDW RESTRAINTS:
--------------------------------------------------------------------------------
  Non-bonded contacts: 54496 (49564 intra-ASU, 4932 symmetry)
================================================================================
Generated 3010 hydrogens
ADP representation: isotropic, 6110 parameters, 3.2 work reflections each
Initialized ScalerBase with 10 bins.
Building restraints...

Building VDW (non-bonded) restraints...
  Symmetry expansion: 51 valid (symop, offset) combos
  Grid: [11, 12, 12], 1406/1584 cells occupied, max 703 entries/cell
  Built 223605 VDW restraints, 23999 symmetry contacts
================================================================================
Restraints Summary
================================================================================
CIF file: None
Residue types in dictionary: 20

INTRA-RESIDUE RESTRAINTS:
--------------------------------------------------------------------------------
  Bonds: 5816
  Angles: 9618
  Torsions: 1170
  Planes: 1076
  Chirals: 452

INTER-RESIDUE RESTRAINTS:
--------------------------------------------------------------------------------
  Peptide bonds: 374
  Peptide angles: 1496
  Disulfide bonds: 0
  Disulfide angles: 0
  Disulfide torsions: 0
  LINK bonds: 0

BACKBONE TORSIONS:
--------------------------------------------------------------------------------
  Phi: 374
  Psi: 374
  Omega: 374
  Ramachandran: 372

VDW RESTRAINTS:
--------------------------------------------------------------------------------
  Non-bonded contacts: 223605 (199606 intra-ASU, 23999 symmetry)
================================================================================
Initializing TotalGeometryTarget with component targets...
Initializing TotalADPTarget with component targets: simu, locality, sigd
Parametrization built for 5 unique atom types
SfFFT: Using late symmetry (reciprocal space)
Calculating initial scale factors using 10 bins.
Refining scales with LBFGS...
Scale refinement complete. rwork: 0.4259, rfree: 0.4028

Final Scale Parameters: 
  c_iso: tensor([1.3522, 1.8290, 0.3546, 0.0068, 0.0041, 0.0780])
  U: tensor([ 0.9118,  0.9562,  1.0087, -0.0067, -0.0129, -0.0118])
  solvent.log_k_solvent: -1.0422985553741455
  solvent.log_ss_half: -4.236260414123535
  solvent.log_n_exp: 1.32611882686615
  solvent.phase_offset: 0.10551117360591888
Initialized targets with xray_mode='ml'
Applied manual group weights: {'xray': 1.0, 'geometry': 0.2, 'geometry/ramachandran': 0.0, 'adp': 0.02, 'adp/sigd': 1.0, 'adp/node_load': 10.0, 'adp/node_smoothness': 0.0}
Refinement initialized successfully.

Starting refinement with 10 macro cycles...

Rigid-body step enabled: one multi-resolution rigid-body pass will run once at the start of refinement.


--- Rigid-body step (once, at start) ---
Switched to rigid-body parametrization: RigidXYZTensor(n_atoms=6110, n_chains=2) (2 chain(s))
Filtering: 1110/19962 reflections in range [inf - 6.0] Å (1110 valid after all masks)
Initialized ScalerBase with 10 bins.
Calculating initial scale factors using 10 bins.
Calculating initial scale factors using 10 bins.
Refining scales with LBFGS...
Scale refinement complete. rwork: 0.3448, rfree: 0.2451

Final Scale Parameters: 
  c_iso: tensor([  9.1523,   7.6075, -11.1612, -18.0587, -11.4204,  -3.1991])
  U: tensor([ 1.1224,  1.1886,  1.2515, -0.1234, -0.2628, -0.1231])
  solvent.log_k_solvent: -1.0502070188522339
  solvent.log_ss_half: -4.929416179656982
  solvent.log_n_exp: 2.9967360496520996
  solvent.phase_offset: 0.12545828521251678
  rigid-body d_min=6.00 (lbfgs, iters=30): Rwork=0.3354 Rfree=0.2738
Filtering: 4752/19962 reflections in range [inf - 3.6494356868798388] Å (4752 valid after all masks)
Initialized ScalerBase with 10 bins.
Calculating initial scale factors using 10 bins.
Calculating initial scale factors using 10 bins.
Refining scales with LBFGS...
Scale refinement complete. rwork: 0.3696, rfree: 0.3260

Final Scale Parameters: 
  c_iso: tensor([ 0.5337,  0.4494, -0.4917, -0.4993, -0.2187, -0.0052])
  U: tensor([ 0.8160,  0.8484,  0.9439, -0.0541, -0.1038, -0.0449])
  solvent.log_k_solvent: -1.0189939737319946
  solvent.log_ss_half: -4.173214435577393
  solvent.log_n_exp: 1.8753118515014648
  solvent.phase_offset: 0.11603772640228271
  rigid-body d_min=3.65 (lbfgs, iters=30): Rwork=0.3637 Rfree=0.3411
Filtering: 19962/19962 reflections in range [inf - 2.2197301387786865] Å (19962 valid after all masks)
Initialized ScalerBase with 10 bins.
Calculating initial scale factors using 10 bins.
Calculating initial scale factors using 10 bins.
Refining scales with LBFGS...
Scale refinement complete. rwork: 0.4071, rfree: 0.3871

Final Scale Parameters: 
  c_iso: tensor([1.4190, 1.9220, 0.3683, 0.0051, 0.0025, 0.0734])
  U: tensor([ 0.9438,  0.9966,  1.0442, -0.0061, -0.0117, -0.0060])
  solvent.log_k_solvent: -1.0576927661895752
  solvent.log_ss_half: -4.246139049530029
  solvent.log_n_exp: 1.1213222742080688
  solvent.phase_offset: 0.11189646273851395
  rigid-body d_min=2.22 (lbfgs, iters=30): Rwork=0.4062 Rfree=0.3952
Initialized ScalerBase with 10 bins.
Calculating initial scale factors using 10 bins.
Calculating initial scale factors using 10 bins.
Refining scales with LBFGS...
Scale refinement complete. rwork: 0.4052, rfree: 0.3888

Final Scale Parameters: 
  c_iso: tensor([ 1.5701,  2.1227,  0.4011,  0.0093, -0.0022,  0.0711])
  U: tensor([ 1.0378,  1.0943,  1.1476, -0.0052, -0.0154, -0.0062])
  solvent.log_k_solvent: -1.0726921558380127
  solvent.log_ss_half: -4.297296047210693
  solvent.log_n_exp: 1.0003007650375366
  solvent.phase_offset: 0.10976681858301163
Initialized ScalerBase with 10 bins.
Calculating initial scale factors using 10 bins.
Calculating initial scale factors using 10 bins.
Refining scales with LBFGS...
Scale refinement complete. rwork: 0.4052, rfree: 0.3888

Final Scale Parameters: 
  c_iso: tensor([ 1.5737,  2.1271,  0.4019,  0.0093, -0.0023,  0.0711])
  U: tensor([ 1.0400,  1.0966,  1.1498, -0.0052, -0.0154, -0.0062])
  solvent.log_k_solvent: -1.073094367980957
  solvent.log_ss_half: -4.2983717918396
  solvent.log_n_exp: 0.9992846846580505
  solvent.phase_offset: 0.10955637693405151

============================================================
LBFGS Refinement - Cycle 1/10
============================================================
Refining scales with LBFGS...
Scale refinement complete. rwork: 0.4052, rfree: 0.3888

Final Scale Parameters: 
  c_iso: tensor([1.3316e+00, 1.8098e+00, 3.4811e-01, 5.9112e-04, 2.1840e-03, 6.8778e-02])
  U: tensor([ 0.8856,  0.9423,  0.9954, -0.0051, -0.0151, -0.0059])
  solvent.log_k_solvent: -1.044053554534912
  solvent.log_ss_half: -4.221405982971191
  solvent.log_n_exp: 1.1060243844985962
  solvent.phase_offset: 0.11355762183666229
After scaling: Rwork=0.4052, Rfree=0.3888
  VDW rebuild: max drift 2.02 Å > threshold 1.00 Å

Building VDW (non-bonded) restraints...
  Symmetry expansion: 51 valid (symop, offset) combos
  Grid: [11, 12, 12], 1406/1584 cells occupied, max 703 entries/cell
  Built 223605 VDW restraints, 23999 symmetry contacts

────────────────────────────────────────────────────────────────────
  XYZ Refinement
────────────────────────────────────────────────────────────────────

  adp (weight: 0.0200)
  ────────────────────────────────────────────────────────────────
    Metric                       Before      After     Change
    locality                     2182.7     2182.7     0.0000
    scaler_U                    26519.1    26519.1     0.0000
    scaler_log_scale           608550.2   608550.2     0.0000
    sigd                         3881.9     3881.9     0.0000
    simu                        10346.6    10346.6     0.0000

  geometry (weight: 0.2000)
  ────────────────────────────────────────────────────────────────
    Metric                       Before      After     Change
    angle                      -25194.0   -26693.0    -1499.0
    bond                       -19068.4   -20575.2    -1506.7
    chiral                    -256.6626  -285.6936   -29.0310
    nonbonded                    8230.3   -57840.5   -66070.8
    planarity                  -13081.1   -13455.0  -373.8398
    torsion                      9057.9     9087.7   +29.8203

  other (weight: 1.0000)
  ────────────────────────────────────────────────────────────────
    Metric                       Before      After     Change
    xray                       122108.0   120915.3    -1192.7

  Group Totals
  ────────────────────────────────────────────────────────────────
    Group                        Before      After     Change
    adp                         13029.6    13029.6     0.0000
    geometry                    -8062.4   -21952.3   -13889.9
    xray                       122108.0   120915.3    -1192.7
────────────────────────────────────────────────────────────────────
  VDW rebuild: max drift 2.02 Å > threshold 1.00 Å

Building VDW (non-bonded) restraints...
  Symmetry expansion: 51 valid (symop, offset) combos
  Grid: [11, 12, 12], 1406/1584 cells occupied, max 703 entries/cell
  Built 223605 VDW restraints, 23999 symmetry contacts

────────────────────────────────────────────────────────────────────
  ADP Refinement
────────────────────────────────────────────────────────────────────

  adp (weight: 0.0200)
  ────────────────────────────────────────────────────────────────
    Metric                       Before      After     Change
    locality                     2189.0    16478.3   +14289.3
    scaler_U                    26519.1    26519.1     0.0000
    scaler_log_scale           608550.2   608550.2     0.0000
    sigd                         3881.9     4250.3  +368.3733
    simu                        10346.6    13527.5    +3180.9

  geometry (weight: 0.2000)
  ────────────────────────────────────────────────────────────────
    Metric                       Before      After     Change
    angle                      -26693.0   -26693.0     0.0000
    bond                       -20575.2   -20575.2     0.0000
    chiral                    -285.6936  -285.6936     0.0000
    nonbonded                  -57840.5   -57840.5     0.0000
    planarity                  -13455.0   -13455.0     0.0000
    torsion                      9087.7     9087.7     0.0000

  other (weight: 1.0000)
  ────────────────────────────────────────────────────────────────
    Metric                       Before      After     Change
    xray                       120915.3   119557.3    -1358.0

  Group Totals
  ────────────────────────────────────────────────────────────────
    Group                        Before      After     Change
    adp                         13029.7    13386.5  +356.7718
    geometry                   -21952.3   -21952.3     0.0000
    xray                       120915.3   119557.3    -1358.0
────────────────────────────────────────────────────────────────────

============================================================
LBFGS Refinement - Cycle 2/10
============================================================
Refining scales with LBFGS...
Scale refinement complete. rwork: 0.3484, rfree: 0.3591

Final Scale Parameters: 
  c_iso: tensor([ 1.3263e+00,  1.8036e+00,  3.2564e-01, -2.6814e-03,  9.8792e-04,
         6.7144e-02])
  U: tensor([ 8.7878e-01,  9.0952e-01,  9.6282e-01, -1.2902e-02, -1.8125e-02,
         3.1160e-04])
  solvent.log_k_solvent: -1.0550029277801514
  solvent.log_ss_half: -4.259110927581787
  solvent.log_n_exp: 0.9934302568435669
  solvent.phase_offset: 0.11926408857107162
After scaling: Rwork=0.3484, Rfree=0.3591
  VDW rebuild: max drift 2.18 Å > threshold 1.00 Å

Building VDW (non-bonded) restraints...
  Symmetry expansion: 51 valid (symop, offset) combos
  Grid: [11, 12, 12], 1406/1584 cells occupied, max 703 entries/cell
  Built 223605 VDW restraints, 23999 symmetry contacts

────────────────────────────────────────────────────────────────────
  XYZ Refinement
────────────────────────────────────────────────────────────────────

  adp (weight: 0.0200)
  ────────────────────────────────────────────────────────────────
    Metric                       Before      After     Change
    locality                    16478.3    16478.3     0.0000
    scaler_U                    25181.0    25181.0     0.0000
    scaler_log_scale           591804.4   591804.4     0.0000
    sigd                         4250.3     4250.3     0.0000
    simu                        13527.5    13527.5     0.0000

  geometry (weight: 0.2000)
  ────────────────────────────────────────────────────────────────
    Metric                       Before      After     Change
    angle                      -26693.0   -27181.9  -488.9023
    bond                       -20575.2   -20651.3   -76.1348
    chiral                    -285.6936  -284.1049    +1.5887
    nonbonded                  -57840.5   -57973.9  -133.3906
    planarity                  -13455.0   -13499.0   -44.0107
    torsion                      9087.7     9178.6   +90.8975

  other (weight: 1.0000)
  ────────────────────────────────────────────────────────────────
    Metric                       Before      After     Change
    xray                       119695.8   117839.0    -1856.8

  Group Totals
  ────────────────────────────────────────────────────────────────
    Group                        Before      After     Change
    adp                         13024.8    13024.8     0.0000
    geometry                   -21952.3   -22082.3  -129.9898
    xray                       119695.8   117839.0    -1856.8
────────────────────────────────────────────────────────────────────
  VDW rebuild: max drift 2.18 Å > threshold 1.00 Å

Building VDW (non-bonded) restraints...
  Symmetry expansion: 51 valid (symop, offset) combos
  Grid: [11, 12, 12], 1406/1584 cells occupied, max 703 entries/cell
  Built 223605 VDW restraints, 23999 symmetry contacts

────────────────────────────────────────────────────────────────────
  ADP Refinement
────────────────────────────────────────────────────────────────────

  adp (weight: 0.0200)
  ────────────────────────────────────────────────────────────────
    Metric                       Before      After     Change
    locality                    16499.1    23550.0    +7050.9
    scaler_U                    25181.0    25181.0     0.0000
    scaler_log_scale           591804.4   591804.4     0.0000
    sigd                         4250.3     4370.9  +120.6484
    simu                        13527.5    15916.2    +2388.7

  geometry (weight: 0.2000)
  ────────────────────────────────────────────────────────────────
    Metric                       Before      After     Change
    angle                      -27181.9   -27181.9     0.0000
    bond                       -20651.3   -20651.3     0.0000
    chiral                    -284.1049  -284.1049     0.0000
    nonbonded                  -57973.9   -57973.9     0.0000
    planarity                  -13499.0   -13499.0     0.0000
    torsion                      9178.6     9178.6     0.0000

  other (weight: 1.0000)
  ────────────────────────────────────────────────────────────────
    Metric                       Before      After     Change
    xray                       117839.0   117406.9  -432.0703

  Group Totals
  ────────────────────────────────────────────────────────────────
    Group                        Before      After     Change
    adp                         13025.2    13216.4  +191.2039
    geometry                   -22082.3   -22082.3     0.0000
    xray                       117839.0   117406.9  -432.0703
────────────────────────────────────────────────────────────────────

============================================================
LBFGS Refinement - Cycle 3/10
============================================================
Refining scales with LBFGS...
Scale refinement complete. rwork: 0.3061, rfree: 0.3374

Final Scale Parameters: 
  c_iso: tensor([ 1.3341,  1.8308,  0.3152, -0.0020, -0.0019,  0.0705])
  U: tensor([ 0.8690,  0.9012,  0.9499, -0.0144, -0.0131, -0.0012])
  solvent.log_k_solvent: -1.082258939743042
  solvent.log_ss_half: -4.227700233459473
  solvent.log_n_exp: 1.0099502801895142
  solvent.phase_offset: 0.11113004386425018
After scaling: Rwork=0.3061, Rfree=0.3374
  VDW rebuild: max drift 2.42 Å > threshold 1.00 Å

Building VDW (non-bonded) restraints...
  Symmetry expansion: 51 valid (symop, offset) combos
  Grid: [11, 12, 12], 1406/1584 cells occupied, max 703 entries/cell
  Built 223605 VDW restraints, 23999 symmetry contacts

────────────────────────────────────────────────────────────────────
  XYZ Refinement
────────────────────────────────────────────────────────────────────

  adp (weight: 0.0200)
  ────────────────────────────────────────────────────────────────
    Metric                       Before      After     Change
    locality                    23550.0    23550.0     0.0000
    scaler_U                    24615.8    24615.8     0.0000
    scaler_log_scale           600303.8   600303.8     0.0000
    sigd                         4370.9     4370.9     0.0000
    simu                        15916.2    15916.2     0.0000

  geometry (weight: 0.2000)
  ────────────────────────────────────────────────────────────────
    Metric                       Before      After     Change
    angle                      -27181.9   -27138.1   +43.7422
    bond                       -20651.3   -20685.1   -33.7578
    chiral                    -284.1049  -284.3845    -0.2796
    nonbonded                  -57973.9   -58271.0  -297.1211
    planarity                  -13499.0   -13546.4   -47.3623
    torsion                      9178.6     9146.4   -32.2402

  other (weight: 1.0000)
  ────────────────────────────────────────────────────────────────
    Metric                       Before      After     Change
    xray                       117482.4   116446.2    -1036.2

  Group Totals
  ────────────────────────────────────────────────────────────────
    Group                        Before      After     Change
    adp                         13375.1    13375.1     0.0000
    geometry                   -22082.3   -22155.7   -73.4049
    xray                       117482.4   116446.2    -1036.2
────────────────────────────────────────────────────────────────────
  VDW rebuild: max drift 2.42 Å > threshold 1.00 Å

Building VDW (non-bonded) restraints...
  Symmetry expansion: 51 valid (symop, offset) combos
  Grid: [11, 12, 12], 1406/1584 cells occupied, max 703 entries/cell
  Built 223605 VDW restraints, 23999 symmetry contacts

────────────────────────────────────────────────────────────────────
  ADP Refinement
────────────────────────────────────────────────────────────────────

  adp (weight: 0.0200)
  ────────────────────────────────────────────────────────────────
    Metric                       Before      After     Change
    locality                    23671.0    24768.9    +1097.9
    scaler_U                    24615.8    24615.8     0.0000
    scaler_log_scale           600303.8   600303.8     0.0000
    sigd                         4370.9     4348.3   -22.6343
    simu                        15916.2    16859.6  +943.3750

  geometry (weight: 0.2000)
  ────────────────────────────────────────────────────────────────
    Metric                       Before      After     Change
    angle                      -27138.1   -27138.1     0.0000
    bond                       -20685.1   -20685.1     0.0000
    chiral                    -284.3845  -284.3845     0.0000
    nonbonded                  -58271.0   -58271.0     0.0000
    planarity                  -13546.4   -13546.4     0.0000
    torsion                      9146.4     9146.4     0.0000

  other (weight: 1.0000)
  ────────────────────────────────────────────────────────────────
    Metric                       Before      After     Change
    xray                       116446.2   116281.3  -164.8672

  Group Totals
  ────────────────────────────────────────────────────────────────
    Group                        Before      After     Change
    adp                         13377.6    13417.9   +40.3735
    geometry                   -22155.7   -22155.7     0.0000
    xray                       116446.2   116281.3  -164.8672
────────────────────────────────────────────────────────────────────

============================================================
LBFGS Refinement - Cycle 4/10
============================================================
Refining scales with LBFGS...
Scale refinement complete. rwork: 0.2864, rfree: 0.3205

Final Scale Parameters: 
  c_iso: tensor([ 1.3450e+00,  1.8363e+00,  3.1807e-01, -1.4934e-03, -5.2653e-03,
         6.8519e-02])
  U: tensor([ 0.8618,  0.8929,  0.9435, -0.0123, -0.0105, -0.0020])
  solvent.log_k_solvent: -1.0837956666946411
  solvent.log_ss_half: -4.201051235198975
  solvent.log_n_exp: 1.000828504562378
  solvent.phase_offset: 0.11379554867744446
After scaling: Rwork=0.2864, Rfree=0.3205
  VDW rebuild: max drift 2.47 Å > threshold 1.00 Å

Building VDW (non-bonded) restraints...
  Symmetry expansion: 51 valid (symop, offset) combos
  Grid: [11, 12, 12], 1406/1584 cells occupied, max 703 entries/cell
  Built 223605 VDW restraints, 23999 symmetry contacts

────────────────────────────────────────────────────────────────────
  XYZ Refinement
────────────────────────────────────────────────────────────────────

  adp (weight: 0.0200)
  ────────────────────────────────────────────────────────────────
    Metric                       Before      After     Change
    locality                    24768.9    24768.9     0.0000
    scaler_U                    24221.5    24221.5     0.0000
    scaler_log_scale           606966.6   606966.6     0.0000
    sigd                         4348.3     4348.3     0.0000
    simu                        16859.6    16859.6     0.0000

  geometry (weight: 0.2000)
  ────────────────────────────────────────────────────────────────
    Metric                       Before      After     Change
    angle                      -27138.1   -27264.9  -126.7969
    bond                       -20685.1   -20689.5    -4.4395
    chiral                    -284.3845  -283.3034    +1.0811
    nonbonded                  -58271.0   -58280.1    -9.0664
    planarity                  -13546.4   -13571.3   -24.9561
    torsion                      9146.4     9179.7   +33.3340

  other (weight: 1.0000)
  ────────────────────────────────────────────────────────────────
    Metric                       Before      After     Change
    xray                       116319.2   115724.5  -594.6406

  Group Totals
  ────────────────────────────────────────────────────────────────
    Group                        Before      After     Change
    adp                         13543.3    13543.3     0.0000
    geometry                   -22155.7   -22181.9   -26.1682
    xray                       116319.2   115724.5  -594.6406
────────────────────────────────────────────────────────────────────
  VDW rebuild: max drift 2.47 Å > threshold 1.00 Å

Building VDW (non-bonded) restraints...
  Symmetry expansion: 51 valid (symop, offset) combos
  Grid: [11, 12, 12], 1406/1584 cells occupied, max 703 entries/cell
  Built 223605 VDW restraints, 23999 symmetry contacts

────────────────────────────────────────────────────────────────────
  ADP Refinement
────────────────────────────────────────────────────────────────────

  adp (weight: 0.0200)
  ────────────────────────────────────────────────────────────────
    Metric                       Before      After     Change
    locality                    24774.9    24506.2  -268.6328
    scaler_U                    24221.5    24221.5     0.0000
    scaler_log_scale           606966.6   606966.6     0.0000
    sigd                         4348.3     4320.7   -27.5400
    simu                        16859.6    17021.9  +162.3359

  geometry (weight: 0.2000)
  ────────────────────────────────────────────────────────────────
    Metric                       Before      After     Change
    angle                      -27264.9   -27264.9     0.0000
    bond                       -20689.5   -20689.5     0.0000
    chiral                    -283.3034  -283.3034     0.0000
    nonbonded                  -58280.1   -58280.1     0.0000
    planarity                  -13571.3   -13571.3     0.0000
    torsion                      9179.7     9179.7     0.0000

  other (weight: 1.0000)
  ────────────────────────────────────────────────────────────────
    Metric                       Before      After     Change
    xray                       115724.5   115702.6   -21.9219

  Group Totals
  ────────────────────────────────────────────────────────────────
    Group                        Before      After     Change
    adp                         13543.4    13540.7    -2.6768
    geometry                   -22181.9   -22181.9     0.0000
    xray                       115724.5   115702.6   -21.9219
────────────────────────────────────────────────────────────────────

============================================================
LBFGS Refinement - Cycle 5/10
============================================================
Refining scales with LBFGS...
Scale refinement complete. rwork: 0.2762, rfree: 0.3143

Final Scale Parameters: 
  c_iso: tensor([ 1.3536,  1.8325,  0.3258, -0.0068, -0.0046,  0.0653])
  U: tensor([ 0.8593,  0.8925,  0.9410, -0.0126, -0.0076, -0.0036])
  solvent.log_k_solvent: -1.078552484512329
  solvent.log_ss_half: -4.186496734619141
  solvent.log_n_exp: 0.9796778559684753
  solvent.phase_offset: 0.11298402398824692
After scaling: Rwork=0.2762, Rfree=0.3143
  VDW rebuild: max drift 2.66 Å > threshold 1.00 Å

Building VDW (non-bonded) restraints...
  Symmetry expansion: 51 valid (symop, offset) combos
  Grid: [11, 12, 12], 1406/1584 cells occupied, max 703 entries/cell
  Built 223605 VDW restraints, 23999 symmetry contacts

────────────────────────────────────────────────────────────────────
  XYZ Refinement
────────────────────────────────────────────────────────────────────

  adp (weight: 0.0200)
  ────────────────────────────────────────────────────────────────
    Metric                       Before      After     Change
    locality                    24506.2    24506.2     0.0000
    scaler_U                    24125.6    24125.6     0.0000
    scaler_log_scale           611104.5   611104.5     0.0000
    sigd                         4320.7     4320.7     0.0000
    simu                        17021.9    17021.9     0.0000

  geometry (weight: 0.2000)
  ────────────────────────────────────────────────────────────────
    Metric                       Before      After     Change
    angle                      -27264.9   -27304.2   -39.3008
    bond                       -20689.5   -20722.9   -33.4180
    chiral                    -283.3034  -286.6165    -3.3131
    nonbonded                  -58280.1   -58481.3  -201.1875
    planarity                  -13571.3   -13585.4   -14.0850
    torsion                      9179.7     9172.1    -7.5684

  other (weight: 1.0000)
  ────────────────────────────────────────────────────────────────
    Metric                       Before      After     Change
    xray                       115676.8   115347.1  -329.7266

  Group Totals
  ────────────────────────────────────────────────────────────────
    Group                        Before      After     Change
    adp                         13621.6    13621.6     0.0000
    geometry                   -22181.9   -22241.7   -59.7749
    xray                       115676.8   115347.1  -329.7266
────────────────────────────────────────────────────────────────────
  VDW rebuild: max drift 2.66 Å > threshold 1.00 Å

Building VDW (non-bonded) restraints...
  Symmetry expansion: 51 valid (symop, offset) combos
  Grid: [11, 12, 12], 1406/1584 cells occupied, max 703 entries/cell
  Built 223605 VDW restraints, 23999 symmetry contacts

────────────────────────────────────────────────────────────────────
  ADP Refinement
────────────────────────────────────────────────────────────────────

  adp (weight: 0.0200)
  ────────────────────────────────────────────────────────────────
    Metric                       Before      After     Change
    locality                    24559.5    24323.0  -236.5137
    scaler_U                    24125.6    24125.6     0.0000
    scaler_log_scale           611104.5   611104.5     0.0000
    sigd                         4320.7     4296.7   -24.0088
    simu                        17021.9    17161.2  +139.2793

  geometry (weight: 0.2000)
  ────────────────────────────────────────────────────────────────
    Metric                       Before      After     Change
    angle                      -27304.2   -27304.2     0.0000
    bond                       -20722.9   -20722.9     0.0000
    chiral                    -286.6165  -286.6165     0.0000
    nonbonded                  -58481.3   -58481.3     0.0000
    planarity                  -13585.4   -13585.4     0.0000
    torsion                      9172.1     9172.1     0.0000

  other (weight: 1.0000)
  ────────────────────────────────────────────────────────────────
    Metric                       Before      After     Change
    xray                       115347.1   115339.7    -7.3281

  Group Totals
  ────────────────────────────────────────────────────────────────
    Group                        Before      After     Change
    adp                         13622.6    13620.2    -2.4249
    geometry                   -22241.7   -22241.7     0.0000
    xray                       115347.1   115339.7    -7.3281
────────────────────────────────────────────────────────────────────

============================================================
LBFGS Refinement - Cycle 6/10
============================================================
Refining scales with LBFGS...
Scale refinement complete. rwork: 0.2707, rfree: 0.3088

Final Scale Parameters: 
  c_iso: tensor([ 1.3569,  1.8329,  0.3264, -0.0069, -0.0049,  0.0654])
  U: tensor([ 0.8587,  0.8917,  0.9404, -0.0118, -0.0054, -0.0033])
  solvent.log_k_solvent: -1.0785833597183228
  solvent.log_ss_half: -4.180286407470703
  solvent.log_n_exp: 0.9783278107643127
  solvent.phase_offset: 0.1114182099699974
After scaling: Rwork=0.2707, Rfree=0.3088
  VDW rebuild: max drift 2.97 Å > threshold 1.00 Å

Building VDW (non-bonded) restraints...
  Symmetry expansion: 51 valid (symop, offset) combos
  Grid: [11, 12, 12], 1406/1584 cells occupied, max 703 entries/cell
  Built 223605 VDW restraints, 23999 symmetry contacts

────────────────────────────────────────────────────────────────────
  XYZ Refinement
────────────────────────────────────────────────────────────────────

  adp (weight: 0.0200)
  ────────────────────────────────────────────────────────────────
    Metric                       Before      After     Change
    locality                    24323.0    24323.0     0.0000
    scaler_U                    24088.7    24088.7     0.0000
    scaler_log_scale           611807.5   611807.5     0.0000
    sigd                         4296.7     4296.7     0.0000
    simu                        17161.2    17161.2     0.0000

  geometry (weight: 0.2000)
  ────────────────────────────────────────────────────────────────
    Metric                       Before      After     Change
    angle                      -27304.2   -27345.7   -41.4668
    bond                       -20722.9   -20751.2   -28.2930
    chiral                    -286.6165  -285.0022    +1.6143
    nonbonded                  -58481.3   -58463.7   +17.5664
    planarity                  -13585.4   -13603.8   -18.3730
    torsion                      9172.1     9193.0   +20.8945

  other (weight: 1.0000)
  ────────────────────────────────────────────────────────────────
    Metric                       Before      After     Change
    xray                       115332.8   115166.5  -166.2422

  Group Totals
  ────────────────────────────────────────────────────────────────
    Group                        Before      After     Change
    adp                         13633.5    13633.5     0.0000
    geometry                   -22241.7   -22251.3    -9.6113
    xray                       115332.8   115166.5  -166.2422
────────────────────────────────────────────────────────────────────
  VDW rebuild: max drift 2.97 Å > threshold 1.00 Å

Building VDW (non-bonded) restraints...
  Symmetry expansion: 51 valid (symop, offset) combos
  Grid: [11, 12, 12], 1406/1584 cells occupied, max 703 entries/cell
  Built 223605 VDW restraints, 23999 symmetry contacts

────────────────────────────────────────────────────────────────────
  ADP Refinement
────────────────────────────────────────────────────────────────────

  adp (weight: 0.0200)
  ────────────────────────────────────────────────────────────────
    Metric                       Before      After     Change
    locality                    24301.4    23826.8  -474.5742
    scaler_U                    24088.7    24088.7     0.0000
    scaler_log_scale           611807.5   611807.5     0.0000
    sigd                         4296.7     4283.6   -13.1367
    simu                        17161.2    16961.1  -200.1152

  geometry (weight: 0.2000)
  ────────────────────────────────────────────────────────────────
    Metric                       Before      After     Change
    angle                      -27345.7   -27345.7     0.0000
    bond                       -20751.2   -20751.2     0.0000
    chiral                    -285.0022  -285.0022     0.0000
    nonbonded                  -58463.7   -58463.7     0.0000
    planarity                  -13603.8   -13603.8     0.0000
    torsion                      9193.0     9193.0     0.0000

  other (weight: 1.0000)
  ────────────────────────────────────────────────────────────────
    Metric                       Before      After     Change
    xray                       115166.5   115190.4   +23.8438

  Group Totals
  ────────────────────────────────────────────────────────────────
    Group                        Before      After     Change
    adp                         13633.1    13619.4   -13.7565
    geometry                   -22251.3   -22251.3     0.0000
    xray                       115166.5   115190.4   +23.8438
────────────────────────────────────────────────────────────────────

============================================================
LBFGS Refinement - Cycle 7/10
============================================================
Refining scales with LBFGS...
Scale refinement complete. rwork: 0.2676, rfree: 0.3105

Final Scale Parameters: 
  c_iso: tensor([ 1.5921e+00,  2.1433e+00,  3.7764e-01,  2.1430e-03, -9.0026e-03,
         6.9559e-02])
  U: tensor([ 1.0095,  1.0419,  1.0918, -0.0116, -0.0045, -0.0044])
  solvent.log_k_solvent: -1.1100075244903564
  solvent.log_ss_half: -4.2703447341918945
  solvent.log_n_exp: 0.8773159384727478
  solvent.phase_offset: 0.10397879034280777
After scaling: Rwork=0.2676, Rfree=0.3105
  VDW rebuild: max drift 3.15 Å > threshold 1.00 Å

Building VDW (non-bonded) restraints...
  Symmetry expansion: 51 valid (symop, offset) combos
  Grid: [11, 12, 12], 1406/1584 cells occupied, max 703 entries/cell
  Built 223605 VDW restraints, 23999 symmetry contacts

────────────────────────────────────────────────────────────────────
  XYZ Refinement
────────────────────────────────────────────────────────────────────

  adp (weight: 0.0200)
  ────────────────────────────────────────────────────────────────
    Metric                       Before      After     Change
    locality                    23826.8    23826.8     0.0000
    scaler_U                    32870.4    32870.4     0.0000
    scaler_log_scale           835400.6   835400.6     0.0000
    sigd                         4283.6     4283.6     0.0000
    simu                        16961.1    16961.1     0.0000

  geometry (weight: 0.2000)
  ────────────────────────────────────────────────────────────────
    Metric                       Before      After     Change
    angle                      -27345.7   -27375.5   -29.8066
    bond                       -20751.2   -20750.2    +0.9609
    chiral                    -285.0022  -287.4563    -2.4541
    nonbonded                  -58463.7   -58564.7  -100.9375
    planarity                  -13603.8   -13602.3    +1.4756
    torsion                      9193.0     9188.0    -5.0215

  other (weight: 1.0000)
  ────────────────────────────────────────────────────────────────
    Metric                       Before      After     Change
    xray                       115199.7   115069.3  -130.4844

  Group Totals
  ────────────────────────────────────────────────────────────────
    Group                        Before      After     Change
    adp                         18266.8    18266.8     0.0000
    geometry                   -22251.3   -22278.4   -27.1565
    xray                       115199.7   115069.3  -130.4844
────────────────────────────────────────────────────────────────────
  VDW rebuild: max drift 3.15 Å > threshold 1.00 Å

Building VDW (non-bonded) restraints...
  Symmetry expansion: 51 valid (symop, offset) combos
  Grid: [11, 12, 12], 1406/1584 cells occupied, max 703 entries/cell
  Built 223605 VDW restraints, 23999 symmetry contacts

────────────────────────────────────────────────────────────────────
  ADP Refinement
────────────────────────────────────────────────────────────────────

  adp (weight: 0.0200)
  ────────────────────────────────────────────────────────────────
    Metric                       Before      After     Change
    locality                    23840.8    23597.1  -243.7148
    scaler_U                    32870.4    32870.4     0.0000
    scaler_log_scale           835400.6   835400.6     0.0000
    sigd                         4283.6     4272.5   -11.0601
    simu                        16961.1    16910.8   -50.3047

  geometry (weight: 0.2000)
  ────────────────────────────────────────────────────────────────
    Metric                       Before      After     Change
    angle                      -27375.5   -27375.5     0.0000
    bond                       -20750.2   -20750.2     0.0000
    chiral                    -287.4563  -287.4563     0.0000
    nonbonded                  -58564.7   -58564.7     0.0000
    planarity                  -13602.3   -13602.3     0.0000
    torsion                      9188.0     9188.0     0.0000

  other (weight: 1.0000)
  ────────────────────────────────────────────────────────────────
    Metric                       Before      After     Change
    xray                       115069.3   115086.6   +17.3438

  Group Totals
  ────────────────────────────────────────────────────────────────
    Group                        Before      After     Change
    adp                         18267.1    18261.0    -6.1016
    geometry                   -22278.4   -22278.4     0.0000
    xray                       115069.3   115086.6   +17.3438
────────────────────────────────────────────────────────────────────

============================================================
LBFGS Refinement - Cycle 8/10
============================================================
Refining scales with LBFGS...
Scale refinement complete. rwork: 0.2655, rfree: 0.3102

Final Scale Parameters: 
  c_iso: tensor([ 1.5946e+00,  2.1395e+00,  3.8044e-01,  1.1951e-03, -8.0168e-03,
         7.0410e-02])
  U: tensor([ 1.0104,  1.0418,  1.0935, -0.0102, -0.0040, -0.0042])
  solvent.log_k_solvent: -1.109127163887024
  solvent.log_ss_half: -4.2686662673950195
  solvent.log_n_exp: 0.8771238923072815
  solvent.phase_offset: 0.09988345950841904
After scaling: Rwork=0.2655, Rfree=0.3102
  VDW rebuild: max drift 3.23 Å > threshold 1.00 Å

Building VDW (non-bonded) restraints...
  Symmetry expansion: 51 valid (symop, offset) combos
  Grid: [11, 12, 12], 1406/1584 cells occupied, max 703 entries/cell
  Built 223605 VDW restraints, 23999 symmetry contacts

────────────────────────────────────────────────────────────────────
  XYZ Refinement
────────────────────────────────────────────────────────────────────

  adp (weight: 0.0200)
  ────────────────────────────────────────────────────────────────
    Metric                       Before      After     Change
    locality                    23597.1    23597.1     0.0000
    scaler_U                    32922.4    32922.4     0.0000
    scaler_log_scale           834525.3   834525.3     0.0000
    sigd                         4272.5     4272.5     0.0000
    simu                        16910.8    16910.8     0.0000

  geometry (weight: 0.2000)
  ────────────────────────────────────────────────────────────────
    Metric                       Before      After     Change
    angle                      -27375.5   -27388.2   -12.6895
    bond                       -20750.2   -20754.7    -4.4922
    chiral                    -287.4563  -285.9589    +1.4974
    nonbonded                  -58564.7   -58547.3   +17.3984
    planarity                  -13602.3   -13621.3   -19.0459
    torsion                      9188.0     9199.0   +10.9824

  other (weight: 1.0000)
  ────────────────────────────────────────────────────────────────
    Metric                       Before      After     Change
    xray                       115096.0   114991.1  -104.8906

  Group Totals
  ────────────────────────────────────────────────────────────────
    Group                        Before      After     Change
    adp                         18244.6    18244.6     0.0000
    geometry                   -22278.4   -22279.7    -1.2698
    xray                       115096.0   114991.1  -104.8906
────────────────────────────────────────────────────────────────────
  VDW rebuild: max drift 3.23 Å > threshold 1.00 Å

Building VDW (non-bonded) restraints...
  Symmetry expansion: 51 valid (symop, offset) combos
  Grid: [11, 12, 12], 1406/1584 cells occupied, max 703 entries/cell
  Built 223605 VDW restraints, 23999 symmetry contacts

────────────────────────────────────────────────────────────────────
  ADP Refinement
────────────────────────────────────────────────────────────────────

  adp (weight: 0.0200)
  ────────────────────────────────────────────────────────────────
    Metric                       Before      After     Change
    locality                    23575.5    23449.7  -125.7383
    scaler_U                    32922.4    32922.4     0.0000
    scaler_log_scale           834525.3   834525.3     0.0000
    sigd                         4272.5     4266.4    -6.1436
    simu                        16910.8    16786.2  -124.5605

  geometry (weight: 0.2000)
  ────────────────────────────────────────────────────────────────
    Metric                       Before      After     Change
    angle                      -27388.2   -27388.2     0.0000
    bond                       -20754.7   -20754.7     0.0000
    chiral                    -285.9589  -285.9589     0.0000
    nonbonded                  -58547.3   -58547.3     0.0000
    planarity                  -13621.3   -13621.3     0.0000
    torsion                      9199.0     9199.0     0.0000

  other (weight: 1.0000)
  ────────────────────────────────────────────────────────────────
    Metric                       Before      After     Change
    xray                       114991.1   115018.0   +26.8281

  Group Totals
  ────────────────────────────────────────────────────────────────
    Group                        Before      After     Change
    adp                         18244.1    18239.0    -5.1288
    geometry                   -22279.7   -22279.7     0.0000
    xray                       114991.1   115018.0   +26.8281
────────────────────────────────────────────────────────────────────

============================================================
LBFGS Refinement - Cycle 9/10
============================================================
Refining scales with LBFGS...
Scale refinement complete. rwork: 0.2639, rfree: 0.3119

Final Scale Parameters: 
  c_iso: tensor([ 1.5961e+00,  2.1367e+00,  3.8250e-01, -6.0871e-04, -6.7949e-03,
         7.0144e-02])
  U: tensor([ 1.0126,  1.0428,  1.0958, -0.0094, -0.0037, -0.0040])
  solvent.log_k_solvent: -1.1069059371948242
  solvent.log_ss_half: -4.269059181213379
  solvent.log_n_exp: 0.8800153136253357
  solvent.phase_offset: 0.10207702964544296
After scaling: Rwork=0.2639, Rfree=0.3119
  VDW rebuild: max drift 3.31 Å > threshold 1.00 Å

Building VDW (non-bonded) restraints...
  Symmetry expansion: 51 valid (symop, offset) combos
  Grid: [11, 12, 12], 1406/1584 cells occupied, max 703 entries/cell
  Built 223605 VDW restraints, 23999 symmetry contacts

────────────────────────────────────────────────────────────────────
  XYZ Refinement
────────────────────────────────────────────────────────────────────

  adp (weight: 0.0200)
  ────────────────────────────────────────────────────────────────
    Metric                       Before      After     Change
    locality                    23449.7    23449.7     0.0000
    scaler_U                    33036.4    33036.4     0.0000
    scaler_log_scale           834076.6   834076.6     0.0000
    sigd                         4266.4     4266.4     0.0000
    simu                        16786.2    16786.2     0.0000

  geometry (weight: 0.2000)
  ────────────────────────────────────────────────────────────────
    Metric                       Before      After     Change
    angle                      -27388.2   -27390.2    -1.9902
    bond                       -20754.7   -20752.1    +2.6055
    chiral                    -285.9589  -287.2722    -1.3133
    nonbonded                  -58547.3   -58595.0   -47.7578
    planarity                  -13621.3   -13611.0   +10.3584
    torsion                      9199.0     9198.7    -0.2520

  other (weight: 1.0000)
  ────────────────────────────────────────────────────────────────
    Metric                       Before      After     Change
    xray                       115034.7   114918.6  -116.0391

  Group Totals
  ────────────────────────────────────────────────────────────────
    Group                        Before      After     Change
    adp                         18232.3    18232.3     0.0000
    geometry                   -22279.7   -22287.4    -7.6705
    xray                       115034.7   114918.6  -116.0391
────────────────────────────────────────────────────────────────────
  VDW rebuild: max drift 3.31 Å > threshold 1.00 Å

Building VDW (non-bonded) restraints...
  Symmetry expansion: 51 valid (symop, offset) combos
  Grid: [11, 12, 12], 1406/1584 cells occupied, max 703 entries/cell
  Built 223605 VDW restraints, 23999 symmetry contacts

────────────────────────────────────────────────────────────────────
  ADP Refinement
────────────────────────────────────────────────────────────────────

  adp (weight: 0.0200)
  ────────────────────────────────────────────────────────────────
    Metric                       Before      After     Change
    locality                    23452.4    23326.7  -125.7207
    scaler_U                    33036.4    33036.4     0.0000
    scaler_log_scale           834076.6   834076.6     0.0000
    sigd                         4266.4     4258.6    -7.8135
    simu                        16786.2    16747.0   -39.1543

  geometry (weight: 0.2000)
  ────────────────────────────────────────────────────────────────
    Metric                       Before      After     Change
    angle                      -27390.2   -27390.2     0.0000
    bond                       -20752.1   -20752.1     0.0000
    chiral                    -287.2722  -287.2722     0.0000
    nonbonded                  -58595.0   -58595.0     0.0000
    planarity                  -13611.0   -13611.0     0.0000
    torsion                      9198.7     9198.7     0.0000

  other (weight: 1.0000)
  ────────────────────────────────────────────────────────────────
    Metric                       Before      After     Change
    xray                       114918.6   114948.5   +29.8906

  Group Totals
  ────────────────────────────────────────────────────────────────
    Group                        Before      After     Change
    adp                         18232.4    18228.9    -3.4538
    geometry                   -22287.4   -22287.4     0.0000
    xray                       114918.6   114948.5   +29.8906
────────────────────────────────────────────────────────────────────

============================================================
LBFGS Refinement - Cycle 10/10
============================================================
Refining scales with LBFGS...
Scale refinement complete. rwork: 0.2627, rfree: 0.3120

Final Scale Parameters: 
  c_iso: tensor([ 1.5982e+00,  2.1337e+00,  3.8485e-01, -1.5781e-03, -6.6450e-03,
         7.0996e-02])
  U: tensor([ 1.0149,  1.0440,  1.0991, -0.0078, -0.0042, -0.0041])
  solvent.log_k_solvent: -1.1044907569885254
  solvent.log_ss_half: -4.267873287200928
  solvent.log_n_exp: 0.8845264911651611
  solvent.phase_offset: 0.09996632486581802
After scaling: Rwork=0.2627, Rfree=0.3120
  VDW rebuild: max drift 3.53 Å > threshold 1.00 Å

Building VDW (non-bonded) restraints...
  Symmetry expansion: 51 valid (symop, offset) combos
  Grid: [11, 12, 12], 1406/1584 cells occupied, max 703 entries/cell
  Built 223605 VDW restraints, 23999 symmetry contacts

────────────────────────────────────────────────────────────────────
  XYZ Refinement
────────────────────────────────────────────────────────────────────

  adp (weight: 0.0200)
  ────────────────────────────────────────────────────────────────
    Metric                       Before      After     Change
    locality                    23326.7    23326.7     0.0000
    scaler_U                    33180.1    33180.1     0.0000
    scaler_log_scale           833743.9   833743.9     0.0000
    sigd                         4258.6     4258.6     0.0000
    simu                        16747.0    16747.0     0.0000

  geometry (weight: 0.2000)
  ────────────────────────────────────────────────────────────────
    Metric                       Before      After     Change
    angle                      -27390.2   -27397.4    -7.2637
    bond                       -20752.1   -20754.4    -2.2285
    chiral                    -287.2722  -286.0389    +1.2332
    nonbonded                  -58595.0   -58576.7   +18.3281
    planarity                  -13611.0   -13624.9   -13.8857
    torsion                      9198.7     9205.5    +6.7656

  other (weight: 1.0000)
  ────────────────────────────────────────────────────────────────
    Metric                       Before      After     Change
    xray                       114972.4   114887.3   -85.1172

  Group Totals
  ────────────────────────────────────────────────────────────────
    Group                        Before      After     Change
    adp                         18225.1    18225.1     0.0000
    geometry                   -22287.4   -22286.8    +0.5903
    xray                       114972.4   114887.3   -85.1172
────────────────────────────────────────────────────────────────────
  VDW rebuild: max drift 3.53 Å > threshold 1.00 Å

Building VDW (non-bonded) restraints...
  Symmetry expansion: 51 valid (symop, offset) combos
  Grid: [11, 12, 12], 1406/1584 cells occupied, max 703 entries/cell
  Built 223605 VDW restraints, 23999 symmetry contacts

────────────────────────────────────────────────────────────────────
  ADP Refinement
────────────────────────────────────────────────────────────────────

  adp (weight: 0.0200)
  ────────────────────────────────────────────────────────────────
    Metric                       Before      After     Change
    locality                    23308.0    23320.1   +12.0332
    scaler_U                    33180.1    33180.1     0.0000
    scaler_log_scale           833743.9   833743.9     0.0000
    sigd                         4258.6     4257.5    -1.0415
    simu                        16747.0    16605.2  -141.8027

  geometry (weight: 0.2000)
  ────────────────────────────────────────────────────────────────
    Metric                       Before      After     Change
    angle                      -27397.4   -27397.4     0.0000
    bond                       -20754.4   -20754.4     0.0000
    chiral                    -286.0389  -286.0389     0.0000
    nonbonded                  -58576.7   -58576.7     0.0000
    planarity                  -13624.9   -13624.9     0.0000
    torsion                      9205.5     9205.5     0.0000

  other (weight: 1.0000)
  ────────────────────────────────────────────────────────────────
    Metric                       Before      After     Change
    xray                       114887.3   114926.2   +38.8906

  Group Totals
  ────────────────────────────────────────────────────────────────
    Group                        Before      After     Change
    adp                         18224.8    18222.1    -2.6162
    geometry                   -22286.8   -22286.8     0.0000
    xray                       114887.3   114926.2   +38.8906
────────────────────────────────────────────────────────────────────
Calculating initial scale factors using 10 bins.
Refining scales with LBFGS...
Scale refinement complete. rwork: 0.2619, rfree: 0.3138

Final Scale Parameters: 
  c_iso: tensor([ 1.6877e+00,  2.2509e+00,  4.0495e-01,  1.4320e-03, -8.2370e-03,
         7.2621e-02])
  U: tensor([ 1.0754,  1.1032,  1.1597, -0.0071, -0.0044, -0.0041])
  solvent.log_k_solvent: -1.1148875951766968
  solvent.log_ss_half: -4.301064491271973
  solvent.log_n_exp: 0.857171893119812
  solvent.phase_offset: 0.09737825393676758

Refinement completed successfully.

Saving results to /das/work/units/LBR-FEL/p17490/Peter/Library/work_trees_torchref/alignement/alignment_lab/benchmarks/af_mr/runs/dmin4.0/1EJ1/refine_torchref_mr...
  Refined structure (PDB): /das/work/units/LBR-FEL/p17490/Peter/Library/work_trees_torchref/alignement/alignment_lab/benchmarks/af_mr/runs/dmin4.0/1EJ1/refine_torchref_mr/refined.pdb
  Refined structure (mmCIF): /das/work/units/LBR-FEL/p17490/Peter/Library/work_trees_torchref/alignement/alignment_lab/benchmarks/af_mr/runs/dmin4.0/1EJ1/refine_torchref_mr/refined.cif
Added map coefficients:
  2Fo-Fc: FWT, PHWT
  Fo-Fc: DELFWT, PHDELWT
  Resolution range: 2.22 - 24.37 Å
✓ Wrote MTZ file: /das/work/units/LBR-FEL/p17490/Peter/Library/work_trees_torchref/alignement/alignment_lab/benchmarks/af_mr/runs/dmin4.0/1EJ1/refine_torchref_mr/refined.mtz
  Reflections: 19962
  Columns: H, K, L, F-obs, SIGF-obs, R-free-flags, FWT, PHWT, DELFWT, PHDELWT, F-model, PH-model
  Refined structure factors: /das/work/units/LBR-FEL/p17490/Peter/Library/work_trees_torchref/alignement/alignment_lab/benchmarks/af_mr/runs/dmin4.0/1EJ1/refine_torchref_mr/refined.mtz
  Refinement history: /das/work/units/LBR-FEL/p17490/Peter/Library/work_trees_torchref/alignement/alignment_lab/benchmarks/af_mr/runs/dmin4.0/1EJ1/refine_torchref_mr/refinement_history.json

================================================================================
Refinement Summary
================================================================================
R-work:  0.2619 (19582 reflections)
R-free:  0.3138 (380 reflections)
NLL work: 114962.62
NLL test: 2285.53
================================================================================

Output files:
  - /das/work/units/LBR-FEL/p17490/Peter/Library/work_trees_torchref/alignement/alignment_lab/benchmarks/af_mr/runs/dmin4.0/1EJ1/refine_torchref_mr/refined.pdb
  - /das/work/units/LBR-FEL/p17490/Peter/Library/work_trees_torchref/alignement/alignment_lab/benchmarks/af_mr/runs/dmin4.0/1EJ1/refine_torchref_mr/refined.cif
  - /das/work/units/LBR-FEL/p17490/Peter/Library/work_trees_torchref/alignement/alignment_lab/benchmarks/af_mr/runs/dmin4.0/1EJ1/refine_torchref_mr/refined.mtz
  - /das/work/units/LBR-FEL/p17490/Peter/Library/work_trees_torchref/alignement/alignment_lab/benchmarks/af_mr/runs/dmin4.0/1EJ1/refine_torchref_mr/refinement_history.json

Refinement completed successfully!

Timing: 376.4s wall, 703.5s CPU
