/das/work/units/LBR-FEL/p17490/Peter/Library/work_trees_torchref/alignement/torchref/cli/refine.py:21: UserWarning: TorchRef using user-specified 8 threads from TORCHREF_NUM_THREADS.
  from torchref.cli._common import (
================================================================================
TorchRef LBFGS Refinement
================================================================================
Model:             /das/work/units/LBR-FEL/p17490/Peter/Library/work_trees_torchref/alignement/alignment_lab/benchmarks/af_mr/runs/dmin3.0/3LW3/torchref_placed.pdb
Structure factor:  /das/work/units/LBR-FEL/p17490/Peter/Library/work_trees_torchref/dev/paper/data/3LW3/3LW3.mtz
Output directory:  /das/work/units/LBR-FEL/p17490/Peter/Library/work_trees_torchref/alignement/alignment_lab/benchmarks/af_mr/runs/dmin3.0/3LW3/refine_torchref_mr
Refinement mode:   separate
X-ray target:      ml
Refinement cycles: 10
Rigid-body step:   on (iterations/cutoff = 30)
Device:            auto
ADP mode:          isotropic
Wavelength:        1 A
Manual weights:    {"adp": 0.02}
================================================================================

Initializing refinement...
found non-finite F values (NaN/Inf):  0
found non-finite F_sigma values (NaN/Inf):  0
Wilson outlier rejection: 0/32900 (0.0000%) of tested reflections flagged (0 too strong, 0 too weak)
Loaded 1912 atoms
Building restraints...
Found 109 link definitions

Building VDW (non-bonded) restraints...
  Symmetry expansion: 21 valid (symop, offset) combos
  Grid: [11, 11, 8], 790/968 cells occupied, max 168 entries/cell
  Built 31915 VDW restraints, 2018 symmetry contacts
  Hydrogen topology: 1934 riding H atoms
  H candidate pairs: 79417 (19149 H-H, 60268 H-heavy, 4882 symmetry)
================================================================================
Restraints Summary
================================================================================
CIF file: None
Residue types in dictionary: 19

INTRA-RESIDUE RESTRAINTS:
--------------------------------------------------------------------------------
  Bonds: 1692
  Angles: 1866
  Torsions: 468
  Planes: 352
  Chirals: 316

INTER-RESIDUE RESTRAINTS:
--------------------------------------------------------------------------------
  Peptide bonds: 248
  Peptide angles: 750
  Disulfide bonds: 0
  Disulfide angles: 0
  Disulfide torsions: 0
  LINK bonds: 0

BACKBONE TORSIONS:
--------------------------------------------------------------------------------
  Phi: 248
  Psi: 248
  Omega: 248
  Ramachandran: 246

VDW RESTRAINTS:
--------------------------------------------------------------------------------
  Non-bonded contacts: 31915 (29897 intra-ASU, 2018 symmetry)
================================================================================
Generated 1934 hydrogens
ADP representation: isotropic, 3846 parameters, 9.0 work reflections each
Initialized ScalerBase with 10 bins.
Building restraints...

Building VDW (non-bonded) restraints...
  Symmetry expansion: 21 valid (symop, offset) combos
  Grid: [11, 11, 8], 841/968 cells occupied, max 308 entries/cell
  Built 138877 VDW restraints, 10022 symmetry contacts
================================================================================
Restraints Summary
================================================================================
CIF file: None
Residue types in dictionary: 19

INTRA-RESIDUE RESTRAINTS:
--------------------------------------------------------------------------------
  Bonds: 3626
  Angles: 6026
  Torsions: 724
  Planes: 616
  Chirals: 316

INTER-RESIDUE RESTRAINTS:
--------------------------------------------------------------------------------
  Peptide bonds: 248
  Peptide angles: 992
  Disulfide bonds: 0
  Disulfide angles: 0
  Disulfide torsions: 0
  LINK bonds: 0

BACKBONE TORSIONS:
--------------------------------------------------------------------------------
  Phi: 248
  Psi: 248
  Omega: 248
  Ramachandran: 246

VDW RESTRAINTS:
--------------------------------------------------------------------------------
  Non-bonded contacts: 138877 (128855 intra-ASU, 10022 symmetry)
================================================================================
Initializing TotalGeometryTarget with component targets...
Initializing TotalADPTarget with component targets: simu, locality, sigd
Parametrization built for 5 unique atom types
SfFFT: Using late symmetry (reciprocal space)
Calculating initial scale factors using 10 bins.
Refining scales with LBFGS...
Scale refinement complete. rwork: 0.4058, rfree: 0.3608

Final Scale Parameters: 
  c_iso: tensor([ 0.0701,  1.2057,  0.3537, -0.0643,  0.0655, -0.0073])
  U: tensor([ 0.3176,  0.4287,  0.3459, -0.0005, -0.0182, -0.0074])
  solvent.log_k_solvent: -0.9441521763801575
  solvent.log_ss_half: -3.7711167335510254
  solvent.log_n_exp: 2.053511619567871
  solvent.phase_offset: 0.047200094908475876
Initialized targets with xray_mode='ml'
Applied manual group weights: {'xray': 1.0, 'geometry': 0.2, 'geometry/ramachandran': 0.0, 'adp': 0.02, 'adp/sigd': 1.0, 'adp/node_load': 10.0, 'adp/node_smoothness': 0.0}
Refinement initialized successfully.

Starting refinement with 10 macro cycles...

Rigid-body step enabled: one multi-resolution rigid-body pass will run once at the start of refinement.


--- Rigid-body step (once, at start) ---
Switched to rigid-body parametrization: RigidXYZTensor(n_atoms=3846, n_chains=2) (2 chain(s))
Filtering: 769/35378 reflections in range [inf - 6.0] Å (769 valid after all masks)
  Note: Adjusted bins from 10 to 7 (min 100 refl/bin)
Initialized ScalerBase with 7 bins.
Calculating initial scale factors using 7 bins.
Calculating initial scale factors using 7 bins.
Refining scales with LBFGS...
Scale refinement complete. rwork: 0.2920, rfree: 0.1906

Final Scale Parameters: 
  c_iso: tensor([-29.7624, -23.4637,  35.8724,  56.3346,  33.7191,   8.7840])
  U: tensor([ 0.9546,  0.5356,  0.7529, -0.2025, -0.2633,  0.0018])
  solvent.log_k_solvent: -1.0240836143493652
  solvent.log_ss_half: 46.09400177001953
  solvent.log_n_exp: 60.82366180419922
  solvent.phase_offset: 0.05194781720638275
  rigid-body d_min=6.00 (lbfgs, iters=30): Rwork=0.2888 Rfree=0.1924
Filtering: 5198/35378 reflections in range [inf - 3.097813567391593] Å (5198 valid after all masks)
Initialized ScalerBase with 10 bins.
Calculating initial scale factors using 10 bins.
Calculating initial scale factors using 10 bins.
Refining scales with LBFGS...
Scale refinement complete. rwork: 0.3242, rfree: 0.2732

Final Scale Parameters: 
  c_iso: tensor([-0.8105,  0.0189, -0.1930,  0.3902,  0.5494,  0.3760])
  U: tensor([ 0.3860,  0.5106,  0.4326, -0.0072, -0.0461, -0.0264])
  solvent.log_k_solvent: -0.9836071133613586
  solvent.log_ss_half: -3.8335068225860596
  solvent.log_n_exp: 1.6735090017318726
  solvent.phase_offset: 0.0903957337141037
  rigid-body d_min=3.10 (lbfgs, iters=30): Rwork=0.3235 Rfree=0.3049
Filtering: 35378/35378 reflections in range [inf - 1.5994081497192383] Å (35378 valid after all masks)
Initialized ScalerBase with 10 bins.
Calculating initial scale factors using 10 bins.
Calculating initial scale factors using 10 bins.
Refining scales with LBFGS...
Scale refinement complete. rwork: 0.3716, rfree: 0.3557

Final Scale Parameters: 
  c_iso: tensor([-0.2177,  0.8165,  0.2637, -0.0765,  0.0639, -0.0103])
  U: tensor([ 0.2139,  0.3226,  0.2411,  0.0013, -0.0149, -0.0067])
  solvent.log_k_solvent: -0.9172727465629578
  solvent.log_ss_half: -3.733846426010132
  solvent.log_n_exp: 2.598078727722168
  solvent.phase_offset: 0.06310968101024628
  rigid-body d_min=1.60 (lbfgs, iters=30): Rwork=0.3754 Rfree=0.3639
Initialized ScalerBase with 10 bins.
Calculating initial scale factors using 10 bins.
Calculating initial scale factors using 10 bins.
Refining scales with LBFGS...
Scale refinement complete. rwork: 0.3707, rfree: 0.3576

Final Scale Parameters: 
  c_iso: tensor([-0.2148,  0.8298,  0.2607, -0.0698,  0.0613, -0.0071])
  U: tensor([ 0.2151,  0.3229,  0.2414,  0.0016, -0.0145, -0.0060])
  solvent.log_k_solvent: -0.9187306761741638
  solvent.log_ss_half: -3.7342071533203125
  solvent.log_n_exp: 2.646866798400879
  solvent.phase_offset: 0.06179271638393402
Initialized ScalerBase with 10 bins.
Calculating initial scale factors using 10 bins.
Calculating initial scale factors using 10 bins.
Refining scales with LBFGS...
Scale refinement complete. rwork: 0.3707, rfree: 0.3576

Final Scale Parameters: 
  c_iso: tensor([-0.2127,  0.8326,  0.2610, -0.0699,  0.0611, -0.0072])
  U: tensor([ 0.2158,  0.3236,  0.2421,  0.0016, -0.0145, -0.0060])
  solvent.log_k_solvent: -0.9190965294837952
  solvent.log_ss_half: -3.7342326641082764
  solvent.log_n_exp: 2.647714376449585
  solvent.phase_offset: 0.06164265796542168

============================================================
LBFGS Refinement - Cycle 1/10
============================================================
Refining scales with LBFGS...
Scale refinement complete. rwork: 0.3706, rfree: 0.3575

Final Scale Parameters: 
  c_iso: tensor([-0.1751,  0.8834,  0.2708, -0.0681,  0.0605, -0.0064])
  U: tensor([ 0.2285,  0.3361,  0.2548,  0.0017, -0.0146, -0.0059])
  solvent.log_k_solvent: -0.9216492176055908
  solvent.log_ss_half: -3.738586664199829
  solvent.log_n_exp: 2.494135618209839
  solvent.phase_offset: 0.06170426309108734
After scaling: Rwork=0.3706, Rfree=0.3575
  VDW rebuild: max drift 1.73 Å > threshold 1.00 Å

Building VDW (non-bonded) restraints...
  Symmetry expansion: 21 valid (symop, offset) combos
  Grid: [11, 11, 8], 841/968 cells occupied, max 308 entries/cell
  Built 138877 VDW restraints, 10022 symmetry contacts

────────────────────────────────────────────────────────────────────
  XYZ Refinement
────────────────────────────────────────────────────────────────────

  adp (weight: 0.0200)
  ────────────────────────────────────────────────────────────────
    Metric                       Before      After     Change
    locality                     1454.8     1454.8     0.0000
    scaler_U                     3959.2     3959.2     0.0000
    scaler_log_scale            80625.4    80625.4     0.0000
    sigd                         2444.8     2444.8     0.0000
    simu                         6569.4     6569.4     0.0000

  geometry (weight: 0.2000)
  ────────────────────────────────────────────────────────────────
    Metric                       Before      After     Change
    angle                      -16171.2   -16730.9  -559.6641
    bond                       -12067.4   -12688.7  -621.2891
    chiral                    -172.1636  -193.6029   -21.4393
    nonbonded                  -31714.6   -36174.0    -4459.3
    planarity                   -7422.6    -7432.5    -9.8926
    torsion                      2629.0     2669.6   +40.6917

  other (weight: 1.0000)
  ────────────────────────────────────────────────────────────────
    Metric                       Before      After     Change
    xray                       141167.6   137530.6    -3637.0

  Group Totals
  ────────────────────────────────────────────────────────────────
    Group                        Before      After     Change
    adp                          1901.1     1901.1     0.0000
    geometry                   -12983.8   -14110.0    -1126.2
    xray                       141167.6   137530.6    -3637.0
────────────────────────────────────────────────────────────────────
  VDW rebuild: max drift 1.73 Å > threshold 1.00 Å

Building VDW (non-bonded) restraints...
  Symmetry expansion: 21 valid (symop, offset) combos
  Grid: [11, 11, 8], 841/968 cells occupied, max 308 entries/cell
  Built 138877 VDW restraints, 10022 symmetry contacts

────────────────────────────────────────────────────────────────────
  ADP Refinement
────────────────────────────────────────────────────────────────────

  adp (weight: 0.0200)
  ────────────────────────────────────────────────────────────────
    Metric                       Before      After     Change
    locality                     1463.4    14665.8   +13202.4
    scaler_U                     3959.2     3959.2     0.0000
    scaler_log_scale            80625.4    80625.4     0.0000
    sigd                         2444.8     2598.3  +153.4893
    simu                         6569.4    12128.8    +5559.4

  geometry (weight: 0.2000)
  ────────────────────────────────────────────────────────────────
    Metric                       Before      After     Change
    angle                      -16730.9   -16730.9     0.0000
    bond                       -12688.7   -12688.7     0.0000
    chiral                    -193.6029  -193.6029     0.0000
    nonbonded                  -36174.0   -36174.0     0.0000
    planarity                   -7432.5    -7432.5     0.0000
    torsion                      2669.6     2669.6     0.0000

  other (weight: 1.0000)
  ────────────────────────────────────────────────────────────────
    Metric                       Before      After     Change
    xray                       137530.6   132866.8    -4663.8

  Group Totals
  ────────────────────────────────────────────────────────────────
    Group                        Before      After     Change
    adp                          1901.2     2279.6  +378.3062
    geometry                   -14110.0   -14110.0     0.0000
    xray                       137530.6   132866.8    -4663.8
────────────────────────────────────────────────────────────────────

============================================================
LBFGS Refinement - Cycle 2/10
============================================================
Refining scales with LBFGS...
Scale refinement complete. rwork: 0.2748, rfree: 0.2998

Final Scale Parameters: 
  c_iso: tensor([-0.3973,  0.5781,  0.1338, -0.0954,  0.0731, -0.0124])
  U: tensor([ 0.1510,  0.2643,  0.1701,  0.0017, -0.0081, -0.0013])
  solvent.log_k_solvent: -0.9546674489974976
  solvent.log_ss_half: -3.7309303283691406
  solvent.log_n_exp: 3.00577449798584
  solvent.phase_offset: 0.03909704089164734
After scaling: Rwork=0.2748, Rfree=0.2998
  VDW rebuild: max drift 1.73 Å > threshold 1.00 Å

Building VDW (non-bonded) restraints...
  Symmetry expansion: 21 valid (symop, offset) combos
  Grid: [11, 11, 8], 841/968 cells occupied, max 308 entries/cell
  Built 138877 VDW restraints, 10022 symmetry contacts

────────────────────────────────────────────────────────────────────
  XYZ Refinement
────────────────────────────────────────────────────────────────────

  adp (weight: 0.0200)
  ────────────────────────────────────────────────────────────────
    Metric                       Before      After     Change
    locality                    14665.8    14665.8     0.0000
    scaler_U                     2020.3     2020.3     0.0000
    scaler_log_scale            28700.3    28700.3     0.0000
    sigd                         2598.3     2598.3     0.0000
    simu                        12128.8    12128.8     0.0000

  geometry (weight: 0.2000)
  ────────────────────────────────────────────────────────────────
    Metric                       Before      After     Change
    angle                      -16730.9   -17004.8  -273.9805
    bond                       -12688.7   -12804.2  -115.4844
    chiral                    -193.6029  -193.5695    +0.0334
    nonbonded                  -36174.0   -36102.5   +71.4141
    planarity                   -7432.5    -7495.1   -62.5874
    torsion                      2669.6     2655.6   -14.0793

  other (weight: 1.0000)
  ────────────────────────────────────────────────────────────────
    Metric                       Before      After     Change
    xray                       133227.3   131368.0    -1859.4

  Group Totals
  ────────────────────────────────────────────────────────────────
    Group                        Before      After     Change
    adp                          1202.3     1202.3     0.0000
    geometry                   -14110.0   -14188.9   -78.9365
    xray                       133227.3   131368.0    -1859.4
────────────────────────────────────────────────────────────────────
  VDW rebuild: max drift 1.73 Å > threshold 1.00 Å

Building VDW (non-bonded) restraints...
  Symmetry expansion: 21 valid (symop, offset) combos
  Grid: [11, 11, 8], 841/968 cells occupied, max 308 entries/cell
  Built 138877 VDW restraints, 10022 symmetry contacts

────────────────────────────────────────────────────────────────────
  ADP Refinement
────────────────────────────────────────────────────────────────────

  adp (weight: 0.0200)
  ────────────────────────────────────────────────────────────────
    Metric                       Before      After     Change
    locality                    14631.9    18391.4    +3759.5
    scaler_U                     2020.3     2020.3     0.0000
    scaler_log_scale            28700.3    28700.3     0.0000
    sigd                         2598.3     2602.2    +3.8403
    simu                        12128.8    14357.0    +2228.2

  geometry (weight: 0.2000)
  ────────────────────────────────────────────────────────────────
    Metric                       Before      After     Change
    angle                      -17004.8   -17004.8     0.0000
    bond                       -12804.2   -12804.2     0.0000
    chiral                    -193.5695  -193.5695     0.0000
    nonbonded                  -36102.5   -36102.5     0.0000
    planarity                   -7495.1    -7495.1     0.0000
    torsion                      2655.6     2655.6     0.0000

  other (weight: 1.0000)
  ────────────────────────────────────────────────────────────────
    Metric                       Before      After     Change
    xray                       131368.0   131068.9  -299.0703

  Group Totals
  ────────────────────────────────────────────────────────────────
    Group                        Before      After     Change
    adp                          1201.6     1321.4  +119.8320
    geometry                   -14188.9   -14188.9     0.0000
    xray                       131368.0   131068.9  -299.0703
────────────────────────────────────────────────────────────────────

============================================================
LBFGS Refinement - Cycle 3/10
============================================================
Refining scales with LBFGS...
Scale refinement complete. rwork: 0.2565, rfree: 0.2839

Final Scale Parameters: 
  c_iso: tensor([-0.3655,  0.6160,  0.1360, -0.0966,  0.0762, -0.0124])
  U: tensor([ 0.1598,  0.2731,  0.1801,  0.0027, -0.0095, -0.0005])
  solvent.log_k_solvent: -0.968836784362793
  solvent.log_ss_half: -3.7389273643493652
  solvent.log_n_exp: 3.00577449798584
  solvent.phase_offset: 0.023914258927106857
After scaling: Rwork=0.2565, Rfree=0.2839
  VDW rebuild: max drift 1.89 Å > threshold 1.00 Å

Building VDW (non-bonded) restraints...
  Symmetry expansion: 21 valid (symop, offset) combos
  Grid: [11, 11, 8], 841/968 cells occupied, max 308 entries/cell
  Built 138877 VDW restraints, 10022 symmetry contacts

────────────────────────────────────────────────────────────────────
  XYZ Refinement
────────────────────────────────────────────────────────────────────

  adp (weight: 0.0200)
  ────────────────────────────────────────────────────────────────
    Metric                       Before      After     Change
    locality                    18391.4    18391.4     0.0000
    scaler_U                     2216.1     2216.1     0.0000
    scaler_log_scale            31887.3    31887.3     0.0000
    sigd                         2602.2     2602.2     0.0000
    simu                        14357.0    14357.0     0.0000

  geometry (weight: 0.2000)
  ────────────────────────────────────────────────────────────────
    Metric                       Before      After     Change
    angle                      -17004.8   -17097.1   -92.2852
    bond                       -12804.2   -12805.8    -1.5654
    chiral                    -193.5695  -197.8954    -4.3258
    nonbonded                  -36102.5   -36183.4   -80.8398
    planarity                   -7495.1    -7493.4    +1.7305
    torsion                      2655.6     2663.6    +8.0234

  other (weight: 1.0000)
  ────────────────────────────────────────────────────────────────
    Metric                       Before      After     Change
    xray                       131112.9   130688.6  -424.2578

  Group Totals
  ────────────────────────────────────────────────────────────────
    Group                        Before      After     Change
    adp                          1389.1     1389.1     0.0000
    geometry                   -14188.9   -14222.8   -33.8527
    xray                       131112.9   130688.6  -424.2578
────────────────────────────────────────────────────────────────────
  VDW rebuild: max drift 1.89 Å > threshold 1.00 Å

Building VDW (non-bonded) restraints...
  Symmetry expansion: 21 valid (symop, offset) combos
  Grid: [11, 11, 8], 841/968 cells occupied, max 308 entries/cell
  Built 138877 VDW restraints, 10022 symmetry contacts

────────────────────────────────────────────────────────────────────
  ADP Refinement
────────────────────────────────────────────────────────────────────

  adp (weight: 0.0200)
  ────────────────────────────────────────────────────────────────
    Metric                       Before      After     Change
    locality                    18360.5    18739.5  +378.9785
    scaler_U                     2216.1     2216.1     0.0000
    scaler_log_scale            31887.3    31887.3     0.0000
    sigd                         2602.2     2596.8    -5.3843
    simu                        14357.0    14791.1  +434.0176

  geometry (weight: 0.2000)
  ────────────────────────────────────────────────────────────────
    Metric                       Before      After     Change
    angle                      -17097.1   -17097.1     0.0000
    bond                       -12805.8   -12805.8     0.0000
    chiral                    -197.8954  -197.8954     0.0000
    nonbonded                  -36183.4   -36183.4     0.0000
    planarity                   -7493.4    -7493.4     0.0000
    torsion                      2663.6     2663.6     0.0000

  other (weight: 1.0000)
  ────────────────────────────────────────────────────────────────
    Metric                       Before      After     Change
    xray                       130688.6   130662.2   -26.4609

  Group Totals
  ────────────────────────────────────────────────────────────────
    Group                        Before      After     Change
    adp                          1388.5     1404.6   +16.1522
    geometry                   -14222.8   -14222.8     0.0000
    xray                       130688.6   130662.2   -26.4609
────────────────────────────────────────────────────────────────────

============================================================
LBFGS Refinement - Cycle 4/10
============================================================
Refining scales with LBFGS...
Scale refinement complete. rwork: 0.2519, rfree: 0.2740

Final Scale Parameters: 
  c_iso: tensor([-0.4220,  0.5374,  0.1217, -0.0962,  0.0801, -0.0148])
  U: tensor([ 0.1383,  0.2514,  0.1587,  0.0044, -0.0092, -0.0004])
  solvent.log_k_solvent: -0.9656491279602051
  solvent.log_ss_half: -3.735135078430176
  solvent.log_n_exp: 3.00577449798584
  solvent.phase_offset: 0.024531695991754532
After scaling: Rwork=0.2519, Rfree=0.2740
  VDW rebuild: max drift 2.24 Å > threshold 1.00 Å

Building VDW (non-bonded) restraints...
  Symmetry expansion: 21 valid (symop, offset) combos
  Grid: [11, 11, 8], 841/968 cells occupied, max 308 entries/cell
  Built 138877 VDW restraints, 10022 symmetry contacts

────────────────────────────────────────────────────────────────────
  XYZ Refinement
────────────────────────────────────────────────────────────────────

  adp (weight: 0.0200)
  ────────────────────────────────────────────────────────────────
    Metric                       Before      After     Change
    locality                    18739.5    18739.5     0.0000
    scaler_U                     1773.0     1773.0     0.0000
    scaler_log_scale            24063.2    24063.2     0.0000
    sigd                         2596.8     2596.8     0.0000
    simu                        14791.1    14791.1     0.0000

  geometry (weight: 0.2000)
  ────────────────────────────────────────────────────────────────
    Metric                       Before      After     Change
    angle                      -17097.1   -17029.0   +68.0938
    bond                       -12805.8   -12787.8   +17.9424
    chiral                    -197.8954  -195.3075    +2.5878
    nonbonded                  -36183.4   -36171.3   +12.1016
    planarity                   -7493.4    -7484.7    +8.7148
    torsion                      2663.6     2670.9    +7.2854

  other (weight: 1.0000)
  ────────────────────────────────────────────────────────────────
    Metric                       Before      After     Change
    xray                       130697.7   130489.3  -208.4062

  Group Totals
  ────────────────────────────────────────────────────────────────
    Group                        Before      After     Change
    adp                          1239.3     1239.3     0.0000
    geometry                   -14222.8   -14199.5   +23.3451
    xray                       130697.7   130489.3  -208.4062
────────────────────────────────────────────────────────────────────
  VDW rebuild: max drift 2.24 Å > threshold 1.00 Å

Building VDW (non-bonded) restraints...
  Symmetry expansion: 21 valid (symop, offset) combos
  Grid: [11, 11, 8], 841/968 cells occupied, max 308 entries/cell
  Built 138877 VDW restraints, 10022 symmetry contacts

────────────────────────────────────────────────────────────────────
  ADP Refinement
────────────────────────────────────────────────────────────────────

  adp (weight: 0.0200)
  ────────────────────────────────────────────────────────────────
    Metric                       Before      After     Change
    locality                    18717.2    18385.4  -331.7539
    scaler_U                     1773.0     1773.0     0.0000
    scaler_log_scale            24063.2    24063.2     0.0000
    sigd                         2596.8     2591.1    -5.6448
    simu                        14791.1    14680.0  -111.0977

  geometry (weight: 0.2000)
  ────────────────────────────────────────────────────────────────
    Metric                       Before      After     Change
    angle                      -17029.0   -17029.0     0.0000
    bond                       -12787.8   -12787.8     0.0000
    chiral                    -195.3075  -195.3075     0.0000
    nonbonded                  -36171.3   -36171.3     0.0000
    planarity                   -7484.7    -7484.7     0.0000
    torsion                      2670.9     2670.9     0.0000

  other (weight: 1.0000)
  ────────────────────────────────────────────────────────────────
    Metric                       Before      After     Change
    xray                       130489.3   130486.1    -3.1719

  Group Totals
  ────────────────────────────────────────────────────────────────
    Group                        Before      After     Change
    adp                          1238.8     1229.9    -8.9699
    geometry                   -14199.5   -14199.5     0.0000
    xray                       130489.3   130486.1    -3.1719
────────────────────────────────────────────────────────────────────

============================================================
LBFGS Refinement - Cycle 5/10
============================================================
Refining scales with LBFGS...
Scale refinement complete. rwork: 0.2487, rfree: 0.2703

Final Scale Parameters: 
  c_iso: tensor([-0.4193,  0.5352,  0.1230, -0.0992,  0.0807, -0.0157])
  U: tensor([ 0.1390,  0.2533,  0.1597,  0.0040, -0.0095, -0.0010])
  solvent.log_k_solvent: -0.9637916088104248
  solvent.log_ss_half: -3.7369589805603027
  solvent.log_n_exp: 3.00577449798584
  solvent.phase_offset: 0.02683633752167225
After scaling: Rwork=0.2487, Rfree=0.2703
  VDW rebuild: max drift 2.33 Å > threshold 1.00 Å

Building VDW (non-bonded) restraints...
  Symmetry expansion: 21 valid (symop, offset) combos
  Grid: [11, 11, 8], 841/968 cells occupied, max 308 entries/cell
  Built 138877 VDW restraints, 10022 symmetry contacts

────────────────────────────────────────────────────────────────────
  XYZ Refinement
────────────────────────────────────────────────────────────────────

  adp (weight: 0.0200)
  ────────────────────────────────────────────────────────────────
    Metric                       Before      After     Change
    locality                    18385.4    18385.4     0.0000
    scaler_U                     1796.0     1796.0     0.0000
    scaler_log_scale            24063.2    24063.2     0.0000
    sigd                         2591.1     2591.1     0.0000
    simu                        14680.0    14680.0     0.0000

  geometry (weight: 0.2000)
  ────────────────────────────────────────────────────────────────
    Metric                       Before      After     Change
    angle                      -17029.0   -17102.5   -73.4863
    bond                       -12787.8   -12797.8    -9.9443
    chiral                    -195.3075  -196.8145    -1.5070
    nonbonded                  -36171.3   -36152.9   +18.3789
    planarity                   -7484.7    -7495.6   -10.9580
    torsion                      2670.9     2667.9    -3.0110

  other (weight: 1.0000)
  ────────────────────────────────────────────────────────────────
    Metric                       Before      After     Change
    xray                       130506.9   130252.7  -254.1484

  Group Totals
  ────────────────────────────────────────────────────────────────
    Group                        Before      After     Change
    adp                          1230.3     1230.3     0.0000
    geometry                   -14199.5   -14215.6   -16.1058
    xray                       130506.9   130252.7  -254.1484
────────────────────────────────────────────────────────────────────
  VDW rebuild: max drift 2.33 Å > threshold 1.00 Å

Building VDW (non-bonded) restraints...
  Symmetry expansion: 21 valid (symop, offset) combos
  Grid: [11, 11, 8], 841/968 cells occupied, max 308 entries/cell
  Built 138877 VDW restraints, 10022 symmetry contacts

────────────────────────────────────────────────────────────────────
  ADP Refinement
────────────────────────────────────────────────────────────────────

  adp (weight: 0.0200)
  ────────────────────────────────────────────────────────────────
    Metric                       Before      After     Change
    locality                    18374.5    17876.6  -497.9688
    scaler_U                     1796.0     1796.0     0.0000
    scaler_log_scale            24063.2    24063.2     0.0000
    sigd                         2591.1     2589.2    -1.9104
    simu                        14680.0    14330.3  -349.6104

  geometry (weight: 0.2000)
  ────────────────────────────────────────────────────────────────
    Metric                       Before      After     Change
    angle                      -17102.5   -17102.5     0.0000
    bond                       -12797.8   -12797.8     0.0000
    chiral                    -196.8145  -196.8145     0.0000
    nonbonded                  -36152.9   -36152.9     0.0000
    planarity                   -7495.6    -7495.6     0.0000
    torsion                      2667.9     2667.9     0.0000

  other (weight: 1.0000)
  ────────────────────────────────────────────────────────────────
    Metric                       Before      After     Change
    xray                       130252.7   130118.8  -133.9141

  Group Totals
  ────────────────────────────────────────────────────────────────
    Group                        Before      After     Change
    adp                          1230.1     1213.1   -16.9898
    geometry                   -14215.6   -14215.6     0.0000
    xray                       130252.7   130118.8  -133.9141
────────────────────────────────────────────────────────────────────

============================================================
LBFGS Refinement - Cycle 6/10
============================================================
Refining scales with LBFGS...
Scale refinement complete. rwork: 0.2447, rfree: 0.2620

Final Scale Parameters: 
  c_iso: tensor([-0.4141,  0.5354,  0.1276, -0.1008,  0.0818, -0.0170])
  U: tensor([ 1.4036e-01,  2.5308e-01,  1.5947e-01,  2.5086e-03, -9.4553e-03,
        -2.1610e-04])
  solvent.log_k_solvent: -0.9623444080352783
  solvent.log_ss_half: -3.7329258918762207
  solvent.log_n_exp: 3.00577449798584
  solvent.phase_offset: 0.028381923213601112
After scaling: Rwork=0.2447, Rfree=0.2620
  VDW rebuild: max drift 2.75 Å > threshold 1.00 Å

Building VDW (non-bonded) restraints...
  Symmetry expansion: 21 valid (symop, offset) combos
  Grid: [11, 11, 8], 841/968 cells occupied, max 308 entries/cell
  Built 138877 VDW restraints, 10022 symmetry contacts

────────────────────────────────────────────────────────────────────
  XYZ Refinement
────────────────────────────────────────────────────────────────────

  adp (weight: 0.0200)
  ────────────────────────────────────────────────────────────────
    Metric                       Before      After     Change
    locality                    17876.6    17876.6     0.0000
    scaler_U                     1802.5     1802.5     0.0000
    scaler_log_scale            24520.7    24520.7     0.0000
    sigd                         2589.2     2589.2     0.0000
    simu                        14330.3    14330.3     0.0000

  geometry (weight: 0.2000)
  ────────────────────────────────────────────────────────────────
    Metric                       Before      After     Change
    angle                      -17102.5   -17086.9   +15.5977
    bond                       -12797.8   -12773.4   +24.3486
    chiral                    -196.8145  -196.7817    +0.0328
    nonbonded                  -36152.9   -36105.6   +47.3242
    planarity                   -7495.6    -7491.7    +3.9180
    torsion                      2667.9     2672.5    +4.6404

  other (weight: 1.0000)
  ────────────────────────────────────────────────────────────────
    Metric                       Before      After     Change
    xray                       130152.0   129998.8  -153.2031

  Group Totals
  ────────────────────────────────────────────────────────────────
    Group                        Before      After     Change
    adp                          1222.4     1222.4     0.0000
    geometry                   -14215.6   -14196.4   +19.1723
    xray                       130152.0   129998.8  -153.2031
────────────────────────────────────────────────────────────────────
  VDW rebuild: max drift 2.75 Å > threshold 1.00 Å

Building VDW (non-bonded) restraints...
  Symmetry expansion: 21 valid (symop, offset) combos
  Grid: [11, 11, 8], 841/968 cells occupied, max 308 entries/cell
  Built 138877 VDW restraints, 10022 symmetry contacts

────────────────────────────────────────────────────────────────────
  ADP Refinement
────────────────────────────────────────────────────────────────────

  adp (weight: 0.0200)
  ────────────────────────────────────────────────────────────────
    Metric                       Before      After     Change
    locality                    17855.7    17833.9   -21.8457
    scaler_U                     1802.5     1802.5     0.0000
    scaler_log_scale            24520.7    24520.7     0.0000
    sigd                         2589.2     2591.5    +2.2556
    simu                        14330.3    14461.0  +130.6523

  geometry (weight: 0.2000)
  ────────────────────────────────────────────────────────────────
    Metric                       Before      After     Change
    angle                      -17086.9   -17086.9     0.0000
    bond                       -12773.4   -12773.4     0.0000
    chiral                    -196.7817  -196.7817     0.0000
    nonbonded                  -36105.6   -36105.6     0.0000
    planarity                   -7491.7    -7491.7     0.0000
    torsion                      2672.5     2672.5     0.0000

  other (weight: 1.0000)
  ────────────────────────────────────────────────────────────────
    Metric                       Before      After     Change
    xray                       129998.8   129961.7   -37.0469

  Group Totals
  ────────────────────────────────────────────────────────────────
    Group                        Before      After     Change
    adp                          1222.0     1224.2    +2.2213
    geometry                   -14196.4   -14196.4     0.0000
    xray                       129998.8   129961.7   -37.0469
────────────────────────────────────────────────────────────────────

============================================================
LBFGS Refinement - Cycle 7/10
============================================================
Refining scales with LBFGS...
Scale refinement complete. rwork: 0.2432, rfree: 0.2589

Final Scale Parameters: 
  c_iso: tensor([-0.4191,  0.5370,  0.1229, -0.0985,  0.0800, -0.0176])
  U: tensor([ 0.1392,  0.2505,  0.1570,  0.0013, -0.0099,  0.0011])
  solvent.log_k_solvent: -0.9670450091362
  solvent.log_ss_half: -3.7340948581695557
  solvent.log_n_exp: 3.00577449798584
  solvent.phase_offset: 0.02216646447777748
After scaling: Rwork=0.2432, Rfree=0.2589
  VDW rebuild: max drift 2.46 Å > threshold 1.00 Å

Building VDW (non-bonded) restraints...
  Symmetry expansion: 21 valid (symop, offset) combos
  Grid: [11, 11, 8], 841/968 cells occupied, max 308 entries/cell
  Built 138877 VDW restraints, 10022 symmetry contacts

────────────────────────────────────────────────────────────────────
  XYZ Refinement
────────────────────────────────────────────────────────────────────

  adp (weight: 0.0200)
  ────────────────────────────────────────────────────────────────
    Metric                       Before      After     Change
    locality                    17833.9    17833.9     0.0000
    scaler_U                     1762.1     1762.1     0.0000
    scaler_log_scale            24287.1    24287.1     0.0000
    sigd                         2591.5     2591.5     0.0000
    simu                        14461.0    14461.0     0.0000

  geometry (weight: 0.2000)
  ────────────────────────────────────────────────────────────────
    Metric                       Before      After     Change
    angle                      -17086.9   -17050.5   +36.3926
    bond                       -12773.4   -12757.5   +15.9658
    chiral                    -196.7817  -196.4854    +0.2964
    nonbonded                  -36105.6   -36086.0   +19.5703
    planarity                   -7491.7    -7486.9    +4.8208
    torsion                      2672.5     2672.0    -0.5459

  other (weight: 1.0000)
  ────────────────────────────────────────────────────────────────
    Metric                       Before      After     Change
    xray                       130010.7   129921.2   -89.5469

  Group Totals
  ────────────────────────────────────────────────────────────────
    Group                        Before      After     Change
    adp                          1218.7     1218.7     0.0000
    geometry                   -14196.4   -14181.1   +15.3001
    xray                       130010.7   129921.2   -89.5469
────────────────────────────────────────────────────────────────────
  VDW rebuild: max drift 2.46 Å > threshold 1.00 Å

Building VDW (non-bonded) restraints...
  Symmetry expansion: 21 valid (symop, offset) combos
  Grid: [11, 11, 8], 841/968 cells occupied, max 308 entries/cell
  Built 138877 VDW restraints, 10022 symmetry contacts

────────────────────────────────────────────────────────────────────
  ADP Refinement
────────────────────────────────────────────────────────────────────

  adp (weight: 0.0200)
  ────────────────────────────────────────────────────────────────
    Metric                       Before      After     Change
    locality                    17800.0    17595.8  -204.2754
    scaler_U                     1762.1     1762.1     0.0000
    scaler_log_scale            24287.1    24287.1     0.0000
    sigd                         2591.5     2594.4    +2.8896
    simu                        14461.0    14451.9    -9.1250

  geometry (weight: 0.2000)
  ────────────────────────────────────────────────────────────────
    Metric                       Before      After     Change
    angle                      -17050.5   -17050.5     0.0000
    bond                       -12757.5   -12757.5     0.0000
    chiral                    -196.4854  -196.4854     0.0000
    nonbonded                  -36086.0   -36086.0     0.0000
    planarity                   -7486.9    -7486.9     0.0000
    torsion                      2672.0     2672.0     0.0000

  other (weight: 1.0000)
  ────────────────────────────────────────────────────────────────
    Metric                       Before      After     Change
    xray                       129921.2   129925.8    +4.5938

  Group Totals
  ────────────────────────────────────────────────────────────────
    Group                        Before      After     Change
    adp                          1218.0     1213.8    -4.2102
    geometry                   -14181.1   -14181.1     0.0000
    xray                       129921.2   129925.8    +4.5938
────────────────────────────────────────────────────────────────────

============================================================
LBFGS Refinement - Cycle 8/10
============================================================
Refining scales with LBFGS...
Scale refinement complete. rwork: 0.2422, rfree: 0.2593

Final Scale Parameters: 
  c_iso: tensor([-0.4488,  0.4981,  0.1134, -0.0994,  0.0802, -0.0181])
  U: tensor([ 0.1283,  0.2391,  0.1454,  0.0005, -0.0104,  0.0017])
  solvent.log_k_solvent: -0.965232253074646
  solvent.log_ss_half: -3.7321813106536865
  solvent.log_n_exp: 3.00577449798584
  solvent.phase_offset: 0.02278943732380867
After scaling: Rwork=0.2422, Rfree=0.2593
  VDW rebuild: max drift 2.74 Å > threshold 1.00 Å

Building VDW (non-bonded) restraints...
  Symmetry expansion: 21 valid (symop, offset) combos
  Grid: [11, 11, 8], 841/968 cells occupied, max 308 entries/cell
  Built 138877 VDW restraints, 10022 symmetry contacts

────────────────────────────────────────────────────────────────────
  XYZ Refinement
────────────────────────────────────────────────────────────────────

  adp (weight: 0.0200)
  ────────────────────────────────────────────────────────────────
    Metric                       Before      After     Change
    locality                    17595.8    17595.8     0.0000
    scaler_U                     1550.7     1550.7     0.0000
    scaler_log_scale            20676.7    20676.7     0.0000
    sigd                         2594.4     2594.4     0.0000
    simu                        14451.9    14451.9     0.0000

  geometry (weight: 0.2000)
  ────────────────────────────────────────────────────────────────
    Metric                       Before      After     Change
    angle                      -17050.5   -17054.0    -3.4238
    bond                       -12757.5   -12753.2    +4.2998
    chiral                    -196.4854  -196.1149    +0.3705
    nonbonded                  -36086.0   -36096.6   -10.6094
    planarity                   -7486.9    -7489.8    -2.8994
    torsion                      2672.0     2673.7    +1.7012

  other (weight: 1.0000)
  ────────────────────────────────────────────────────────────────
    Metric                       Before      After     Change
    xray                       129965.1   129869.1   -95.9531

  Group Totals
  ────────────────────────────────────────────────────────────────
    Group                        Before      After     Change
    adp                          1137.4     1137.4     0.0000
    geometry                   -14181.1   -14183.2    -2.1121
    xray                       129965.1   129869.1   -95.9531
────────────────────────────────────────────────────────────────────
  VDW rebuild: max drift 2.74 Å > threshold 1.00 Å

Building VDW (non-bonded) restraints...
  Symmetry expansion: 21 valid (symop, offset) combos
  Grid: [11, 11, 8], 841/968 cells occupied, max 308 entries/cell
  Built 138877 VDW restraints, 10022 symmetry contacts

────────────────────────────────────────────────────────────────────
  ADP Refinement
────────────────────────────────────────────────────────────────────

  adp (weight: 0.0200)
  ────────────────────────────────────────────────────────────────
    Metric                       Before      After     Change
    locality                    17593.8    17208.3  -385.4805
    scaler_U                     1550.7     1550.7     0.0000
    scaler_log_scale            20676.7    20676.7     0.0000
    sigd                         2594.4     2594.9    +0.5381
    simu                        14451.9    14337.6  -114.2578

  geometry (weight: 0.2000)
  ────────────────────────────────────────────────────────────────
    Metric                       Before      After     Change
    angle                      -17054.0   -17054.0     0.0000
    bond                       -12753.2   -12753.2     0.0000
    chiral                    -196.1149  -196.1149     0.0000
    nonbonded                  -36096.6   -36096.6     0.0000
    planarity                   -7489.8    -7489.8     0.0000
    torsion                      2673.7     2673.7     0.0000

  other (weight: 1.0000)
  ────────────────────────────────────────────────────────────────
    Metric                       Before      After     Change
    xray                       129869.1   129878.2    +9.0781

  Group Totals
  ────────────────────────────────────────────────────────────────
    Group                        Before      After     Change
    adp                          1137.3     1127.4    -9.9840
    geometry                   -14183.2   -14183.2     0.0000
    xray                       129869.1   129878.2    +9.0781
────────────────────────────────────────────────────────────────────

============================================================
LBFGS Refinement - Cycle 9/10
============================================================
Refining scales with LBFGS...
Scale refinement complete. rwork: 0.2420, rfree: 0.2589

Final Scale Parameters: 
  c_iso: tensor([-0.4513,  0.4991,  0.1120, -0.0977,  0.0795, -0.0176])
  U: tensor([ 1.2608e-01,  2.3690e-01,  1.4270e-01, -6.8895e-05, -1.0553e-02,
         1.7615e-03])
  solvent.log_k_solvent: -0.9680570363998413
  solvent.log_ss_half: -3.7257285118103027
  solvent.log_n_exp: 3.00577449798584
  solvent.phase_offset: 0.02107769437134266
After scaling: Rwork=0.2420, Rfree=0.2589
  VDW rebuild: max drift 2.59 Å > threshold 1.00 Å

Building VDW (non-bonded) restraints...
  Symmetry expansion: 21 valid (symop, offset) combos
  Grid: [11, 11, 8], 841/968 cells occupied, max 308 entries/cell
  Built 138877 VDW restraints, 10022 symmetry contacts

────────────────────────────────────────────────────────────────────
  XYZ Refinement
────────────────────────────────────────────────────────────────────

  adp (weight: 0.0200)
  ────────────────────────────────────────────────────────────────
    Metric                       Before      After     Change
    locality                    17208.3    17208.3     0.0000
    scaler_U                     1507.8     1507.8     0.0000
    scaler_log_scale            20623.4    20623.4     0.0000
    sigd                         2594.9     2594.9     0.0000
    simu                        14337.6    14337.6     0.0000

  geometry (weight: 0.2000)
  ────────────────────────────────────────────────────────────────
    Metric                       Before      After     Change
    angle                      -17054.0   -17039.8   +14.1621
    bond                       -12753.2   -12750.3    +2.8418
    chiral                    -196.1149  -196.2474    -0.1325
    nonbonded                  -36096.6   -36087.6    +9.0234
    planarity                   -7489.8    -7489.7    +0.0913
    torsion                      2673.7     2670.3    -3.4055

  other (weight: 1.0000)
  ────────────────────────────────────────────────────────────────
    Metric                       Before      After     Change
    xray                       129917.9   129851.8   -66.1094

  Group Totals
  ────────────────────────────────────────────────────────────────
    Group                        Before      After     Change
    adp                          1125.4     1125.4     0.0000
    geometry                   -14183.2   -14178.7    +4.5162
    xray                       129917.9   129851.8   -66.1094
────────────────────────────────────────────────────────────────────
  VDW rebuild: max drift 2.59 Å > threshold 1.00 Å

Building VDW (non-bonded) restraints...
  Symmetry expansion: 21 valid (symop, offset) combos
  Grid: [11, 11, 8], 841/968 cells occupied, max 308 entries/cell
  Built 138877 VDW restraints, 10022 symmetry contacts

────────────────────────────────────────────────────────────────────
  ADP Refinement
────────────────────────────────────────────────────────────────────

  adp (weight: 0.0200)
  ────────────────────────────────────────────────────────────────
    Metric                       Before      After     Change
    locality                    17190.0    16835.8  -354.1680
    scaler_U                     1507.8     1507.8     0.0000
    scaler_log_scale            20623.4    20623.4     0.0000
    sigd                         2594.9     2595.9    +0.9910
    simu                        14337.6    14242.2   -95.4561

  geometry (weight: 0.2000)
  ────────────────────────────────────────────────────────────────
    Metric                       Before      After     Change
    angle                      -17039.8   -17039.8     0.0000
    bond                       -12750.3   -12750.3     0.0000
    chiral                    -196.2474  -196.2474     0.0000
    nonbonded                  -36087.6   -36087.6     0.0000
    planarity                   -7489.7    -7489.7     0.0000
    torsion                      2670.3     2670.3     0.0000

  other (weight: 1.0000)
  ────────────────────────────────────────────────────────────────
    Metric                       Before      After     Change
    xray                       129851.8   129847.8    -4.0312

  Group Totals
  ────────────────────────────────────────────────────────────────
    Group                        Before      After     Change
    adp                          1125.1     1116.1    -8.9726
    geometry                   -14178.7   -14178.7     0.0000
    xray                       129851.8   129847.8    -4.0312
────────────────────────────────────────────────────────────────────

============================================================
LBFGS Refinement - Cycle 10/10
============================================================
Refining scales with LBFGS...
Scale refinement complete. rwork: 0.2415, rfree: 0.2585

Final Scale Parameters: 
  c_iso: tensor([-0.4673,  0.4780,  0.1072, -0.0982,  0.0800, -0.0177])
  U: tensor([ 0.1187,  0.2294,  0.1345, -0.0004, -0.0103,  0.0022])
  solvent.log_k_solvent: -0.9676651954650879
  solvent.log_ss_half: -3.7260444164276123
  solvent.log_n_exp: 3.00577449798584
  solvent.phase_offset: 0.019342558458447456
After scaling: Rwork=0.2415, Rfree=0.2585
  VDW rebuild: max drift 2.70 Å > threshold 1.00 Å

Building VDW (non-bonded) restraints...
  Symmetry expansion: 21 valid (symop, offset) combos
  Grid: [11, 11, 8], 841/968 cells occupied, max 308 entries/cell
  Built 138877 VDW restraints, 10022 symmetry contacts

────────────────────────────────────────────────────────────────────
  XYZ Refinement
────────────────────────────────────────────────────────────────────

  adp (weight: 0.0200)
  ────────────────────────────────────────────────────────────────
    Metric                       Before      After     Change
    locality                    16835.8    16835.8     0.0000
    scaler_U                     1373.4     1373.4     0.0000
    scaler_log_scale            18798.6    18798.6     0.0000
    sigd                         2595.9     2595.9     0.0000
    simu                        14242.2    14242.2     0.0000

  geometry (weight: 0.2000)
  ────────────────────────────────────────────────────────────────
    Metric                       Before      After     Change
    angle                      -17039.8   -17056.6   -16.7871
    bond                       -12750.3   -12760.7   -10.3340
    chiral                    -196.2474  -196.1061    +0.1413
    nonbonded                  -36087.6   -36094.0    -6.3945
    planarity                   -7489.7    -7490.9    -1.2031
    torsion                      2670.3     2671.2    +0.9900

  other (weight: 1.0000)
  ────────────────────────────────────────────────────────────────
    Metric                       Before      After     Change
    xray                       129889.0   129832.4   -56.6094

  Group Totals
  ────────────────────────────────────────────────────────────────
    Group                        Before      After     Change
    adp                          1076.9     1076.9     0.0000
    geometry                   -14178.7   -14185.4    -6.7172
    xray                       129889.0   129832.4   -56.6094
────────────────────────────────────────────────────────────────────
  VDW rebuild: max drift 2.70 Å > threshold 1.00 Å

Building VDW (non-bonded) restraints...
  Symmetry expansion: 21 valid (symop, offset) combos
  Grid: [11, 11, 8], 841/968 cells occupied, max 308 entries/cell
  Built 138877 VDW restraints, 10022 symmetry contacts

────────────────────────────────────────────────────────────────────
  ADP Refinement
────────────────────────────────────────────────────────────────────

  adp (weight: 0.0200)
  ────────────────────────────────────────────────────────────────
    Metric                       Before      After     Change
    locality                    16830.8    16624.0  -206.7793
    scaler_U                     1373.4     1373.4     0.0000
    scaler_log_scale            18798.6    18798.6     0.0000
    sigd                         2595.9     2596.2    +0.2512
    simu                        14242.2    14256.6   +14.4834

  geometry (weight: 0.2000)
  ────────────────────────────────────────────────────────────────
    Metric                       Before      After     Change
    angle                      -17056.6   -17056.6     0.0000
    bond                       -12760.7   -12760.7     0.0000
    chiral                    -196.1061  -196.1061     0.0000
    nonbonded                  -36094.0   -36094.0     0.0000
    planarity                   -7490.9    -7490.9     0.0000
    torsion                      2671.2     2671.2     0.0000

  other (weight: 1.0000)
  ────────────────────────────────────────────────────────────────
    Metric                       Before      After     Change
    xray                       129832.4   129820.7   -11.6719

  Group Totals
  ────────────────────────────────────────────────────────────────
    Group                        Before      After     Change
    adp                          1076.8     1073.0    -3.8409
    geometry                   -14185.4   -14185.4     0.0000
    xray                       129832.4   129820.7   -11.6719
────────────────────────────────────────────────────────────────────
Calculating initial scale factors using 10 bins.
Refining scales with LBFGS...
Scale refinement complete. rwork: 0.2413, rfree: 0.2589

Final Scale Parameters: 
  c_iso: tensor([-0.3602,  0.6237,  0.1352, -0.0935,  0.0785, -0.0159])
  U: tensor([ 0.1526,  0.2636,  0.1686, -0.0005, -0.0103,  0.0018])
  solvent.log_k_solvent: -0.9762986302375793
  solvent.log_ss_half: -3.731044054031372
  solvent.log_n_exp: 2.261746406555176
  solvent.phase_offset: 0.016335899010300636

Refinement completed successfully.

Saving results to /das/work/units/LBR-FEL/p17490/Peter/Library/work_trees_torchref/alignement/alignment_lab/benchmarks/af_mr/runs/dmin3.0/3LW3/refine_torchref_mr...
  Refined structure (PDB): /das/work/units/LBR-FEL/p17490/Peter/Library/work_trees_torchref/alignement/alignment_lab/benchmarks/af_mr/runs/dmin3.0/3LW3/refine_torchref_mr/refined.pdb
  Refined structure (mmCIF): /das/work/units/LBR-FEL/p17490/Peter/Library/work_trees_torchref/alignement/alignment_lab/benchmarks/af_mr/runs/dmin3.0/3LW3/refine_torchref_mr/refined.cif
Added map coefficients:
  2Fo-Fc: FWT, PHWT
  Fo-Fc: DELFWT, PHDELWT
  Resolution range: 1.60 - 29.51 Å
✓ Wrote MTZ file: /das/work/units/LBR-FEL/p17490/Peter/Library/work_trees_torchref/alignement/alignment_lab/benchmarks/af_mr/runs/dmin3.0/3LW3/refine_torchref_mr/refined.mtz
  Reflections: 35378
  Columns: H, K, L, F-obs, SIGF-obs, R-free-flags, FWT, PHWT, DELFWT, PHDELWT, F-model, PH-model
  Refined structure factors: /das/work/units/LBR-FEL/p17490/Peter/Library/work_trees_torchref/alignement/alignment_lab/benchmarks/af_mr/runs/dmin3.0/3LW3/refine_torchref_mr/refined.mtz
  Refinement history: /das/work/units/LBR-FEL/p17490/Peter/Library/work_trees_torchref/alignement/alignment_lab/benchmarks/af_mr/runs/dmin3.0/3LW3/refine_torchref_mr/refinement_history.json

================================================================================
Refinement Summary
================================================================================
R-work:  0.2413 (34678 reflections)
R-free:  0.2589 (700 reflections)
NLL work: 129860.29
NLL test: 2697.17
================================================================================

Output files:
  - /das/work/units/LBR-FEL/p17490/Peter/Library/work_trees_torchref/alignement/alignment_lab/benchmarks/af_mr/runs/dmin3.0/3LW3/refine_torchref_mr/refined.pdb
  - /das/work/units/LBR-FEL/p17490/Peter/Library/work_trees_torchref/alignement/alignment_lab/benchmarks/af_mr/runs/dmin3.0/3LW3/refine_torchref_mr/refined.cif
  - /das/work/units/LBR-FEL/p17490/Peter/Library/work_trees_torchref/alignement/alignment_lab/benchmarks/af_mr/runs/dmin3.0/3LW3/refine_torchref_mr/refined.mtz
  - /das/work/units/LBR-FEL/p17490/Peter/Library/work_trees_torchref/alignement/alignment_lab/benchmarks/af_mr/runs/dmin3.0/3LW3/refine_torchref_mr/refinement_history.json

Refinement completed successfully!

Timing: 326.6s wall, 305.6s CPU
