/das/work/units/LBR-FEL/p17490/Peter/Library/work_trees_torchref/alignement/torchref/cli/refine.py:21: UserWarning: TorchRef using user-specified 8 threads from TORCHREF_NUM_THREADS.
  from torchref.cli._common import (
================================================================================
TorchRef LBFGS Refinement
================================================================================
Model:             /das/work/units/LBR-FEL/p17490/Peter/Library/work_trees_torchref/alignement/alignment_lab/benchmarks/af_mr/runs/dmin3.0/3QNM/torchref_placed.pdb
Structure factor:  /das/work/units/LBR-FEL/p17490/Peter/Library/work_trees_torchref/dev/paper/data/3QNM/3QNM.mtz
Output directory:  /das/work/units/LBR-FEL/p17490/Peter/Library/work_trees_torchref/alignement/alignment_lab/benchmarks/af_mr/runs/dmin3.0/3QNM/refine_torchref_mr
Refinement mode:   separate
X-ray target:      ml
Refinement cycles: 10
Rigid-body step:   on (iterations/cutoff = 30)
Device:            auto
ADP mode:          isotropic
Wavelength:        1 A
Manual weights:    {"adp": 0.02}
================================================================================

Initializing refinement...
FrenchWilson initialized:
  Reflections: 29690
  Resolution: 1.70 - 42.85 Å
  Space group: SpaceGroup('P212121', number=19, n_ops=4)
  Centric: 3486 (11.7%)
found non-finite F values (NaN/Inf):  0
found non-finite F_sigma values (NaN/Inf):  0
Wilson outlier rejection: 0/27157 (0.0000%) of tested reflections flagged (0 too strong, 0 too weak)
Loaded 1861 atoms
Building restraints...
Found 109 link definitions

Building VDW (non-bonded) restraints...
  Symmetry expansion: 19 valid (symop, offset) combos
  Grid: [7, 8, 20], 860/1120 cells occupied, max 189 entries/cell
  Built 32734 VDW restraints, 2002 symmetry contacts
  Hydrogen topology: 1776 riding H atoms
  H candidate pairs: 75316 (18453 H-H, 56863 H-heavy, 4325 symmetry)
================================================================================
Restraints Summary
================================================================================
CIF file: None
Residue types in dictionary: 18

INTRA-RESIDUE RESTRAINTS:
--------------------------------------------------------------------------------
  Bonds: 1695
  Angles: 1922
  Torsions: 480
  Planes: 392
  Chirals: 263

INTER-RESIDUE RESTRAINTS:
--------------------------------------------------------------------------------
  Peptide bonds: 216
  Peptide angles: 655
  Disulfide bonds: 0
  Disulfide angles: 0
  Disulfide torsions: 0
  LINK bonds: 0

BACKBONE TORSIONS:
--------------------------------------------------------------------------------
  Phi: 216
  Psi: 216
  Omega: 216
  Ramachandran: 211

VDW RESTRAINTS:
--------------------------------------------------------------------------------
  Non-bonded contacts: 32734 (30732 intra-ASU, 2002 symmetry)
================================================================================
Generated 1776 hydrogens
ADP representation: isotropic, 3637 parameters, 8.0 work reflections each
Initialized ScalerBase with 10 bins.
Building restraints...

Building VDW (non-bonded) restraints...
  Symmetry expansion: 19 valid (symop, offset) combos
  Grid: [7, 8, 20], 902/1120 cells occupied, max 333 entries/cell
  Built 132354 VDW restraints, 9292 symmetry contacts
================================================================================
Restraints Summary
================================================================================
CIF file: None
Residue types in dictionary: 18

INTRA-RESIDUE RESTRAINTS:
--------------------------------------------------------------------------------
  Bonds: 3471
  Angles: 5724
  Torsions: 690
  Planes: 647
  Chirals: 263

INTER-RESIDUE RESTRAINTS:
--------------------------------------------------------------------------------
  Peptide bonds: 216
  Peptide angles: 864
  Disulfide bonds: 0
  Disulfide angles: 0
  Disulfide torsions: 0
  LINK bonds: 0

BACKBONE TORSIONS:
--------------------------------------------------------------------------------
  Phi: 216
  Psi: 216
  Omega: 216
  Ramachandran: 211

VDW RESTRAINTS:
--------------------------------------------------------------------------------
  Non-bonded contacts: 132354 (123062 intra-ASU, 9292 symmetry)
================================================================================
Initializing TotalGeometryTarget with component targets...
Initializing TotalADPTarget with component targets: simu, locality, sigd
Parametrization built for 4 unique atom types
SfFFT: Using late symmetry (reciprocal space)
Calculating initial scale factors using 10 bins.
Refining scales with LBFGS...
Scale refinement complete. rwork: 0.3833, rfree: 0.3939

Final Scale Parameters: 
  c_iso: tensor([ 0.7325,  1.6550,  0.5373, -0.1270,  0.0936, -0.0382])
  U: tensor([ 0.5263,  0.5822,  0.5478, -0.0093, -0.0078,  0.0009])
  solvent.log_k_solvent: -0.9027280211448669
  solvent.log_ss_half: -3.9028263092041016
  solvent.log_n_exp: 1.425879955291748
  solvent.phase_offset: 0.06240371987223625
Initialized targets with xray_mode='ml'
Applied manual group weights: {'xray': 1.0, 'geometry': 0.2, 'geometry/ramachandran': 0.0, 'adp': 0.02, 'adp/sigd': 1.0, 'adp/node_load': 10.0, 'adp/node_smoothness': 0.0}
Refinement initialized successfully.

Starting refinement with 10 macro cycles...

Rigid-body step enabled: one multi-resolution rigid-body pass will run once at the start of refinement.


--- Rigid-body step (once, at start) ---
Switched to rigid-body parametrization: RigidXYZTensor(n_atoms=3637, n_chains=1) (1 chain(s))
Filtering: 794/29690 reflections in range [inf - 6.0] Å (794 valid after all masks)
  Note: Adjusted bins from 10 to 7 (min 100 refl/bin)
Initialized ScalerBase with 7 bins.
Calculating initial scale factors using 7 bins.
Calculating initial scale factors using 7 bins.
Refining scales with LBFGS...
Scale refinement complete. rwork: 0.3182, rfree: 0.2278

Final Scale Parameters: 
  c_iso: tensor([-0.5835, -0.0812, -0.5917,  0.2487,  0.5595,  0.4697])
  U: tensor([ 0.6920,  0.9597,  0.6250, -0.4157,  0.1250, -0.0886])
  solvent.log_k_solvent: -0.9621980786323547
  solvent.log_ss_half: -3.8603391647338867
  solvent.log_n_exp: 1.70195734500885
  solvent.phase_offset: 0.10237382352352142
  rigid-body d_min=6.00 (lbfgs, iters=30): Rwork=0.3209 Rfree=0.2344
Filtering: 4849/29690 reflections in range [inf - 3.193755798931792] Å (4849 valid after all masks)
Initialized ScalerBase with 10 bins.
Calculating initial scale factors using 10 bins.
Calculating initial scale factors using 10 bins.
Refining scales with LBFGS...
Scale refinement complete. rwork: 0.3124, rfree: 0.3273

Final Scale Parameters: 
  c_iso: tensor([-0.0649,  0.5193, -0.8057, -0.1783,  0.1946,  0.3235])
  U: tensor([ 0.8744,  0.9380,  0.8468, -0.0649, -0.0221,  0.0241])
  solvent.log_k_solvent: -1.0420773029327393
  solvent.log_ss_half: -4.091003894805908
  solvent.log_n_exp: 1.2386983633041382
  solvent.phase_offset: -0.03278176113963127
  rigid-body d_min=3.19 (lbfgs, iters=30): Rwork=0.3285 Rfree=0.3660
Filtering: 29690/29690 reflections in range [inf - 1.7000126838684082] Å (29690 valid after all masks)
Initialized ScalerBase with 10 bins.
Calculating initial scale factors using 10 bins.
Calculating initial scale factors using 10 bins.
Refining scales with LBFGS...
Scale refinement complete. rwork: 0.3546, rfree: 0.3518

Final Scale Parameters: 
  c_iso: tensor([ 0.6849,  1.5579,  0.5311, -0.1441,  0.1027, -0.0434])
  U: tensor([ 0.5006,  0.5540,  0.5191, -0.0062, -0.0097,  0.0015])
  solvent.log_k_solvent: -0.8931772112846375
  solvent.log_ss_half: -3.920736312866211
  solvent.log_n_exp: 1.3333775997161865
  solvent.phase_offset: 0.05426901951432228
  rigid-body d_min=1.70 (lbfgs, iters=30): Rwork=0.3557 Rfree=0.3562
Initialized ScalerBase with 10 bins.
Calculating initial scale factors using 10 bins.
Calculating initial scale factors using 10 bins.
Refining scales with LBFGS...
Scale refinement complete. rwork: 0.3527, rfree: 0.3491

Final Scale Parameters: 
  c_iso: tensor([ 0.7156,  1.6091,  0.5351, -0.1382,  0.0993, -0.0401])
  U: tensor([ 0.5128,  0.5680,  0.5311, -0.0070, -0.0086,  0.0008])
  solvent.log_k_solvent: -0.8960329294204712
  solvent.log_ss_half: -3.9171853065490723
  solvent.log_n_exp: 1.3940850496292114
  solvent.phase_offset: 0.057225652039051056
Initialized ScalerBase with 10 bins.
Calculating initial scale factors using 10 bins.
Calculating initial scale factors using 10 bins.
Refining scales with LBFGS...
Scale refinement complete. rwork: 0.3527, rfree: 0.3491

Final Scale Parameters: 
  c_iso: tensor([ 0.7104,  1.6001,  0.5343, -0.1394,  0.0998, -0.0407])
  U: tensor([ 0.5107,  0.5659,  0.5290, -0.0070, -0.0087,  0.0008])
  solvent.log_k_solvent: -0.8951437473297119
  solvent.log_ss_half: -3.9165844917297363
  solvent.log_n_exp: 1.3915398120880127
  solvent.phase_offset: 0.05702335014939308

============================================================
LBFGS Refinement - Cycle 1/10
============================================================
Refining scales with LBFGS...
Scale refinement complete. rwork: 0.3527, rfree: 0.3491

Final Scale Parameters: 
  c_iso: tensor([ 0.7332,  1.6331,  0.5397, -0.1378,  0.0989, -0.0401])
  U: tensor([ 0.5197,  0.5749,  0.5380, -0.0070, -0.0087,  0.0008])
  solvent.log_k_solvent: -0.8971679210662842
  solvent.log_ss_half: -3.921689987182617
  solvent.log_n_exp: 1.3815780878067017
  solvent.phase_offset: 0.05759609863162041
After scaling: Rwork=0.3527, Rfree=0.3491
  VDW rebuild: max drift 1.66 Å > threshold 1.00 Å

Building VDW (non-bonded) restraints...
  Symmetry expansion: 19 valid (symop, offset) combos
  Grid: [7, 8, 20], 902/1120 cells occupied, max 333 entries/cell
  Built 132354 VDW restraints, 9292 symmetry contacts

────────────────────────────────────────────────────────────────────
  XYZ Refinement
────────────────────────────────────────────────────────────────────

  adp (weight: 0.0200)
  ────────────────────────────────────────────────────────────────
    Metric                       Before      After     Change
    locality                   387.9792   387.9792     0.0000
    scaler_U                    13188.2    13188.2     0.0000
    scaler_log_scale           310576.0   310576.0     0.0000
    sigd                         2347.9     2347.9     0.0000
    simu                         5963.5     5963.5     0.0000

  geometry (weight: 0.2000)
  ────────────────────────────────────────────────────────────────
    Metric                       Before      After     Change
    angle                      -14848.7   -15712.7  -864.0039
    bond                       -11165.8   -12077.8  -912.0508
    chiral                    -146.1586  -163.9462   -17.7876
    nonbonded                  -24081.9   -34282.0   -10200.1
    planarity                   -7624.7    -8030.4  -405.7007
    torsion                      5307.0     5338.0   +30.9902

  other (weight: 1.0000)
  ────────────────────────────────────────────────────────────────
    Metric                       Before      After     Change
    xray                       134200.4   131560.5    -2639.9

  Group Totals
  ────────────────────────────────────────────────────────────────
    Group                        Before      After     Change
    adp                          6649.3     6649.3     0.0000
    geometry                   -10512.0   -12985.8    -2473.7
    xray                       134200.4   131560.5    -2639.9
────────────────────────────────────────────────────────────────────
  VDW rebuild: max drift 1.66 Å > threshold 1.00 Å

Building VDW (non-bonded) restraints...
  Symmetry expansion: 19 valid (symop, offset) combos
  Grid: [7, 8, 20], 902/1120 cells occupied, max 333 entries/cell
  Built 132354 VDW restraints, 9292 symmetry contacts

────────────────────────────────────────────────────────────────────
  ADP Refinement
────────────────────────────────────────────────────────────────────

  adp (weight: 0.0200)
  ────────────────────────────────────────────────────────────────
    Metric                       Before      After     Change
    locality                   394.5608    10905.2   +10510.6
    scaler_U                    13188.2    13188.2     0.0000
    scaler_log_scale           310576.0   310576.0     0.0000
    sigd                         2347.9     2406.8   +58.9099
    simu                         5963.5     9849.7    +3886.2

  geometry (weight: 0.2000)
  ────────────────────────────────────────────────────────────────
    Metric                       Before      After     Change
    angle                      -15712.7   -15712.7     0.0000
    bond                       -12077.8   -12077.8     0.0000
    chiral                    -163.9462  -163.9462     0.0000
    nonbonded                  -34282.0   -34282.0     0.0000
    planarity                   -8030.4    -8030.4     0.0000
    torsion                      5338.0     5338.0     0.0000

  other (weight: 1.0000)
  ────────────────────────────────────────────────────────────────
    Metric                       Before      After     Change
    xray                       131560.5   128763.0    -2797.5

  Group Totals
  ────────────────────────────────────────────────────────────────
    Group                        Before      After     Change
    adp                          6649.4     6938.5  +289.1140
    geometry                   -12985.8   -12985.8     0.0000
    xray                       131560.5   128763.0    -2797.5
────────────────────────────────────────────────────────────────────

============================================================
LBFGS Refinement - Cycle 2/10
============================================================
Refining scales with LBFGS...
Scale refinement complete. rwork: 0.2887, rfree: 0.3013

Final Scale Parameters: 
  c_iso: tensor([ 0.2999,  1.0714,  0.3803, -0.1655,  0.1030, -0.0538])
  U: tensor([ 0.3517,  0.4060,  0.3739,  0.0009, -0.0095, -0.0077])
  solvent.log_k_solvent: -0.8924331665039062
  solvent.log_ss_half: -3.8301656246185303
  solvent.log_n_exp: 1.4672714471817017
  solvent.phase_offset: 0.06036066263914108
After scaling: Rwork=0.2887, Rfree=0.3013
  VDW rebuild: max drift 1.73 Å > threshold 1.00 Å

Building VDW (non-bonded) restraints...
  Symmetry expansion: 19 valid (symop, offset) combos
  Grid: [7, 8, 20], 902/1120 cells occupied, max 333 entries/cell
  Built 132354 VDW restraints, 9292 symmetry contacts

────────────────────────────────────────────────────────────────────
  XYZ Refinement
────────────────────────────────────────────────────────────────────

  adp (weight: 0.0200)
  ────────────────────────────────────────────────────────────────
    Metric                       Before      After     Change
    locality                    10905.2    10905.2     0.0000
    scaler_U                     6336.8     6336.8     0.0000
    scaler_log_scale           138577.6   138577.6     0.0000
    sigd                         2406.8     2406.8     0.0000
    simu                         9849.7     9849.7     0.0000

  geometry (weight: 0.2000)
  ────────────────────────────────────────────────────────────────
    Metric                       Before      After     Change
    angle                      -15712.7   -15900.1  -187.4424
    bond                       -12077.8   -12176.8   -99.0273
    chiral                    -163.9462  -162.6045    +1.3418
    nonbonded                  -34282.0   -34328.8   -46.8242
    planarity                   -8030.4    -8052.4   -21.9756
    torsion                      5338.0     5331.6    -6.3804

  other (weight: 1.0000)
  ────────────────────────────────────────────────────────────────
    Metric                       Before      After     Change
    xray                       128757.6   127995.7  -761.8906

  Group Totals
  ────────────────────────────────────────────────────────────────
    Group                        Before      After     Change
    adp                          3361.5     3361.5     0.0000
    geometry                   -12985.8   -13057.8   -72.0616
    xray                       128757.6   127995.7  -761.8906
────────────────────────────────────────────────────────────────────
  VDW rebuild: max drift 1.73 Å > threshold 1.00 Å

Building VDW (non-bonded) restraints...
  Symmetry expansion: 19 valid (symop, offset) combos
  Grid: [7, 8, 20], 902/1120 cells occupied, max 333 entries/cell
  Built 132354 VDW restraints, 9292 symmetry contacts

────────────────────────────────────────────────────────────────────
  ADP Refinement
────────────────────────────────────────────────────────────────────

  adp (weight: 0.0200)
  ────────────────────────────────────────────────────────────────
    Metric                       Before      After     Change
    locality                    10862.1    13002.0    +2139.9
    scaler_U                     6336.8     6336.8     0.0000
    scaler_log_scale           138577.6   138577.6     0.0000
    sigd                         2406.8     2421.0   +14.2224
    simu                         9849.7    10746.1  +896.4121

  geometry (weight: 0.2000)
  ────────────────────────────────────────────────────────────────
    Metric                       Before      After     Change
    angle                      -15900.1   -15900.1     0.0000
    bond                       -12176.8   -12176.8     0.0000
    chiral                    -162.6045  -162.6045     0.0000
    nonbonded                  -34328.8   -34328.8     0.0000
    planarity                   -8052.4    -8052.4     0.0000
    torsion                      5331.6     5331.6     0.0000

  other (weight: 1.0000)
  ────────────────────────────────────────────────────────────────
    Metric                       Before      After     Change
    xray                       127995.7   127844.3  -151.3516

  Group Totals
  ────────────────────────────────────────────────────────────────
    Group                        Before      After     Change
    adp                          3360.7     3421.7   +61.0097
    geometry                   -13057.8   -13057.8     0.0000
    xray                       127995.7   127844.3  -151.3516
────────────────────────────────────────────────────────────────────

============================================================
LBFGS Refinement - Cycle 3/10
============================================================
Refining scales with LBFGS...
Scale refinement complete. rwork: 0.2783, rfree: 0.2971

Final Scale Parameters: 
  c_iso: tensor([ 0.2871,  1.0492,  0.3708, -0.1689,  0.0990, -0.0563])
  U: tensor([ 0.3465,  0.4041,  0.3690,  0.0010, -0.0073, -0.0108])
  solvent.log_k_solvent: -0.89443039894104
  solvent.log_ss_half: -3.8113739490509033
  solvent.log_n_exp: 1.432611346244812
  solvent.phase_offset: 0.06045346334576607
After scaling: Rwork=0.2783, Rfree=0.2971
  VDW rebuild: max drift 2.33 Å > threshold 1.00 Å

Building VDW (non-bonded) restraints...
  Symmetry expansion: 19 valid (symop, offset) combos
  Grid: [7, 8, 20], 902/1120 cells occupied, max 333 entries/cell
  Built 132354 VDW restraints, 9292 symmetry contacts

────────────────────────────────────────────────────────────────────
  XYZ Refinement
────────────────────────────────────────────────────────────────────

  adp (weight: 0.0200)
  ────────────────────────────────────────────────────────────────
    Metric                       Before      After     Change
    locality                    13002.0    13002.0     0.0000
    scaler_U                     6203.3     6203.3     0.0000
    scaler_log_scale           133196.2   133196.2     0.0000
    sigd                         2421.0     2421.0     0.0000
    simu                        10746.1    10746.1     0.0000

  geometry (weight: 0.2000)
  ────────────────────────────────────────────────────────────────
    Metric                       Before      After     Change
    angle                      -15900.1   -15992.6   -92.4209
    bond                       -12176.8   -12202.2   -25.3164
    chiral                    -162.6045  -164.7027    -2.0982
    nonbonded                  -34328.8   -34347.1   -18.3125
    planarity                   -8052.4    -8076.9   -24.5024
    torsion                      5331.6     5334.5    +2.8311

  other (weight: 1.0000)
  ────────────────────────────────────────────────────────────────
    Metric                       Before      After     Change
    xray                       127824.5   127651.2  -173.2578

  Group Totals
  ────────────────────────────────────────────────────────────────
    Group                        Before      After     Change
    adp                          3311.4     3311.4     0.0000
    geometry                   -13057.8   -13089.8   -31.9638
    xray                       127824.5   127651.2  -173.2578
────────────────────────────────────────────────────────────────────
  VDW rebuild: max drift 2.33 Å > threshold 1.00 Å

Building VDW (non-bonded) restraints...
  Symmetry expansion: 19 valid (symop, offset) combos
  Grid: [7, 8, 20], 902/1120 cells occupied, max 333 entries/cell
  Built 132354 VDW restraints, 9292 symmetry contacts

────────────────────────────────────────────────────────────────────
  ADP Refinement
────────────────────────────────────────────────────────────────────

  adp (weight: 0.0200)
  ────────────────────────────────────────────────────────────────
    Metric                       Before      After     Change
    locality                    12981.0    12655.6  -325.3662
    scaler_U                     6203.3     6203.3     0.0000
    scaler_log_scale           133196.2   133196.2     0.0000
    sigd                         2421.0     2422.4    +1.3535
    simu                        10746.1    10680.5   -65.5391

  geometry (weight: 0.2000)
  ────────────────────────────────────────────────────────────────
    Metric                       Before      After     Change
    angle                      -15992.6   -15992.6     0.0000
    bond                       -12202.2   -12202.2     0.0000
    chiral                    -164.7027  -164.7027     0.0000
    nonbonded                  -34347.1   -34347.1     0.0000
    planarity                   -8076.9    -8076.9     0.0000
    torsion                      5334.5     5334.5     0.0000

  other (weight: 1.0000)
  ────────────────────────────────────────────────────────────────
    Metric                       Before      After     Change
    xray                       127651.2   127623.1   -28.0547

  Group Totals
  ────────────────────────────────────────────────────────────────
    Group                        Before      After     Change
    adp                          3311.0     3303.2    -7.7910
    geometry                   -13089.8   -13089.8     0.0000
    xray                       127651.2   127623.1   -28.0547
────────────────────────────────────────────────────────────────────

============================================================
LBFGS Refinement - Cycle 4/10
============================================================
Refining scales with LBFGS...
Scale refinement complete. rwork: 0.2759, rfree: 0.2954

Final Scale Parameters: 
  c_iso: tensor([ 0.2838,  1.0505,  0.3681, -0.1683,  0.0996, -0.0555])
  U: tensor([ 0.3455,  0.4034,  0.3687,  0.0032, -0.0070, -0.0118])
  solvent.log_k_solvent: -0.8946672081947327
  solvent.log_ss_half: -3.803734540939331
  solvent.log_n_exp: 1.4308494329452515
  solvent.phase_offset: 0.060276955366134644
After scaling: Rwork=0.2759, Rfree=0.2954
  VDW rebuild: max drift 2.59 Å > threshold 1.00 Å

Building VDW (non-bonded) restraints...
  Symmetry expansion: 19 valid (symop, offset) combos
  Grid: [7, 8, 20], 902/1120 cells occupied, max 333 entries/cell
  Built 132354 VDW restraints, 9292 symmetry contacts

────────────────────────────────────────────────────────────────────
  XYZ Refinement
────────────────────────────────────────────────────────────────────

  adp (weight: 0.0200)
  ────────────────────────────────────────────────────────────────
    Metric                       Before      After     Change
    locality                    12655.6    12655.6     0.0000
    scaler_U                     6180.2     6180.2     0.0000
    scaler_log_scale           132653.7   132653.7     0.0000
    sigd                         2422.4     2422.4     0.0000
    simu                        10680.5    10680.5     0.0000

  geometry (weight: 0.2000)
  ────────────────────────────────────────────────────────────────
    Metric                       Before      After     Change
    angle                      -15992.6   -15943.7   +48.8730
    bond                       -12202.2   -12203.9    -1.7842
    chiral                    -164.7027  -162.5227    +2.1800
    nonbonded                  -34347.1   -34361.8   -14.6367
    planarity                   -8076.9    -8064.5   +12.4497
    torsion                      5334.5     5336.5    +2.0234

  other (weight: 1.0000)
  ────────────────────────────────────────────────────────────────
    Metric                       Before      After     Change
    xray                       127621.3   127477.0  -144.2578

  Group Totals
  ────────────────────────────────────────────────────────────────
    Group                        Before      After     Change
    adp                          3291.8     3291.8     0.0000
    geometry                   -13089.8   -13080.0    +9.8211
    xray                       127621.3   127477.0  -144.2578
────────────────────────────────────────────────────────────────────
  VDW rebuild: max drift 2.59 Å > threshold 1.00 Å

Building VDW (non-bonded) restraints...
  Symmetry expansion: 19 valid (symop, offset) combos
  Grid: [7, 8, 20], 902/1120 cells occupied, max 333 entries/cell
  Built 132354 VDW restraints, 9292 symmetry contacts

────────────────────────────────────────────────────────────────────
  ADP Refinement
────────────────────────────────────────────────────────────────────

  adp (weight: 0.0200)
  ────────────────────────────────────────────────────────────────
    Metric                       Before      After     Change
    locality                    12640.6    12374.3  -266.2324
    scaler_U                     6180.2     6180.2     0.0000
    scaler_log_scale           132653.7   132653.7     0.0000
    sigd                         2422.4     2423.3    +0.9612
    simu                        10680.5    10630.9   -49.6738

  geometry (weight: 0.2000)
  ────────────────────────────────────────────────────────────────
    Metric                       Before      After     Change
    angle                      -15943.7   -15943.7     0.0000
    bond                       -12203.9   -12203.9     0.0000
    chiral                    -162.5227  -162.5227     0.0000
    nonbonded                  -34361.8   -34361.8     0.0000
    planarity                   -8064.5    -8064.5     0.0000
    torsion                      5336.5     5336.5     0.0000

  other (weight: 1.0000)
  ────────────────────────────────────────────────────────────────
    Metric                       Before      After     Change
    xray                       127477.0   127485.4    +8.3750

  Group Totals
  ────────────────────────────────────────────────────────────────
    Group                        Before      After     Change
    adp                          3291.5     3285.2    -6.2989
    geometry                   -13080.0   -13080.0     0.0000
    xray                       127477.0   127485.4    +8.3750
────────────────────────────────────────────────────────────────────

============================================================
LBFGS Refinement - Cycle 5/10
============================================================
Refining scales with LBFGS...
Scale refinement complete. rwork: 0.2745, rfree: 0.2949

Final Scale Parameters: 
  c_iso: tensor([ 0.2699,  1.0107,  0.3727, -0.1762,  0.1035, -0.0586])
  U: tensor([ 0.3375,  0.3958,  0.3614,  0.0037, -0.0067, -0.0122])
  solvent.log_k_solvent: -0.8894307613372803
  solvent.log_ss_half: -3.8059849739074707
  solvent.log_n_exp: 1.4205235242843628
  solvent.phase_offset: 0.057460714131593704
After scaling: Rwork=0.2745, Rfree=0.2949
  VDW rebuild: max drift 3.02 Å > threshold 1.00 Å

Building VDW (non-bonded) restraints...
  Symmetry expansion: 19 valid (symop, offset) combos
  Grid: [7, 8, 20], 902/1120 cells occupied, max 333 entries/cell
  Built 132354 VDW restraints, 9292 symmetry contacts

────────────────────────────────────────────────────────────────────
  XYZ Refinement
────────────────────────────────────────────────────────────────────

  adp (weight: 0.0200)
  ────────────────────────────────────────────────────────────────
    Metric                       Before      After     Change
    locality                    12374.3    12374.3     0.0000
    scaler_U                     5930.5     5930.5     0.0000
    scaler_log_scale           126648.0   126648.0     0.0000
    sigd                         2423.3     2423.3     0.0000
    simu                        10630.9    10630.9     0.0000

  geometry (weight: 0.2000)
  ────────────────────────────────────────────────────────────────
    Metric                       Before      After     Change
    angle                      -15943.7   -15972.2   -28.5059
    bond                       -12203.9   -12212.4    -8.4990
    chiral                    -162.5227  -163.8692    -1.3465
    nonbonded                  -34361.8   -34349.8   +11.9258
    planarity                   -8064.5    -8075.1   -10.6543
    torsion                      5336.5     5337.6    +1.0889

  other (weight: 1.0000)
  ────────────────────────────────────────────────────────────────
    Metric                       Before      After     Change
    xray                       127492.7   127441.3   -51.3359

  Group Totals
  ────────────────────────────────────────────────────────────────
    Group                        Before      After     Change
    adp                          3160.1     3160.1     0.0000
    geometry                   -13080.0   -13087.2    -7.1980
    xray                       127492.7   127441.3   -51.3359
────────────────────────────────────────────────────────────────────
  VDW rebuild: max drift 3.02 Å > threshold 1.00 Å

Building VDW (non-bonded) restraints...
  Symmetry expansion: 19 valid (symop, offset) combos
  Grid: [7, 8, 20], 902/1120 cells occupied, max 333 entries/cell
  Built 132354 VDW restraints, 9292 symmetry contacts

────────────────────────────────────────────────────────────────────
  ADP Refinement
────────────────────────────────────────────────────────────────────

  adp (weight: 0.0200)
  ────────────────────────────────────────────────────────────────
    Metric                       Before      After     Change
    locality                    12367.0    12256.4  -110.5781
    scaler_U                     5930.5     5930.5     0.0000
    scaler_log_scale           126648.0   126648.0     0.0000
    sigd                         2423.3     2423.4    +0.1101
    simu                        10630.9    10613.2   -17.6758

  geometry (weight: 0.2000)
  ────────────────────────────────────────────────────────────────
    Metric                       Before      After     Change
    angle                      -15972.2   -15972.2     0.0000
    bond                       -12212.4   -12212.4     0.0000
    chiral                    -163.8692  -163.8692     0.0000
    nonbonded                  -34349.8   -34349.8     0.0000
    planarity                   -8075.1    -8075.1     0.0000
    torsion                      5337.6     5337.6     0.0000

  other (weight: 1.0000)
  ────────────────────────────────────────────────────────────────
    Metric                       Before      After     Change
    xray                       127441.3   127447.1    +5.7500

  Group Totals
  ────────────────────────────────────────────────────────────────
    Group                        Before      After     Change
    adp                          3160.0     3157.4    -2.5629
    geometry                   -13087.2   -13087.2     0.0000
    xray                       127441.3   127447.1    +5.7500
────────────────────────────────────────────────────────────────────

============================================================
LBFGS Refinement - Cycle 6/10
============================================================
Refining scales with LBFGS...
Scale refinement complete. rwork: 0.2742, rfree: 0.2949

Final Scale Parameters: 
  c_iso: tensor([ 0.2650,  1.0044,  0.3717, -0.1771,  0.1042, -0.0591])
  U: tensor([ 0.3364,  0.3942,  0.3603,  0.0042, -0.0068, -0.0118])
  solvent.log_k_solvent: -0.8894079327583313
  solvent.log_ss_half: -3.803399085998535
  solvent.log_n_exp: 1.437782883644104
  solvent.phase_offset: 0.05719582736492157
After scaling: Rwork=0.2742, Rfree=0.2949
  VDW rebuild: max drift 3.23 Å > threshold 1.00 Å

Building VDW (non-bonded) restraints...
  Symmetry expansion: 19 valid (symop, offset) combos
  Grid: [7, 8, 20], 902/1120 cells occupied, max 333 entries/cell
  Built 132354 VDW restraints, 9292 symmetry contacts

────────────────────────────────────────────────────────────────────
  XYZ Refinement
────────────────────────────────────────────────────────────────────

  adp (weight: 0.0200)
  ────────────────────────────────────────────────────────────────
    Metric                       Before      After     Change
    locality                    12256.4    12256.4     0.0000
    scaler_U                     5889.0     5889.0     0.0000
    scaler_log_scale           125330.8   125330.8     0.0000
    sigd                         2423.4     2423.4     0.0000
    simu                        10613.2    10613.2     0.0000

  geometry (weight: 0.2000)
  ────────────────────────────────────────────────────────────────
    Metric                       Before      After     Change
    angle                      -15972.2   -15946.6   +25.6270
    bond                       -12212.4   -12211.8    +0.6240
    chiral                    -163.8692  -162.4459    +1.4233
    nonbonded                  -34349.8   -34352.8    -2.9844
    planarity                   -8075.1    -8065.2    +9.8745
    torsion                      5337.6     5339.3    +1.7036

  other (weight: 1.0000)
  ────────────────────────────────────────────────────────────────
    Metric                       Before      After     Change
    xray                       127458.2   127387.7   -70.5781

  Group Totals
  ────────────────────────────────────────────────────────────────
    Group                        Before      After     Change
    adp                          3130.3     3130.3     0.0000
    geometry                   -13087.2   -13079.9    +7.2530
    xray                       127458.2   127387.7   -70.5781
────────────────────────────────────────────────────────────────────
  VDW rebuild: max drift 3.23 Å > threshold 1.00 Å

Building VDW (non-bonded) restraints...
  Symmetry expansion: 19 valid (symop, offset) combos
  Grid: [7, 8, 20], 902/1120 cells occupied, max 333 entries/cell
  Built 132354 VDW restraints, 9292 symmetry contacts

────────────────────────────────────────────────────────────────────
  ADP Refinement
────────────────────────────────────────────────────────────────────

  adp (weight: 0.0200)
  ────────────────────────────────────────────────────────────────
    Metric                       Before      After     Change
    locality                    12252.2    12174.3   -77.9014
    scaler_U                     5889.0     5889.0     0.0000
    scaler_log_scale           125330.8   125330.8     0.0000
    sigd                         2423.4     2423.8    +0.3713
    simu                        10613.2    10558.0   -55.2090

  geometry (weight: 0.2000)
  ────────────────────────────────────────────────────────────────
    Metric                       Before      After     Change
    angle                      -15946.6   -15946.6     0.0000
    bond                       -12211.8   -12211.8     0.0000
    chiral                    -162.4459  -162.4459     0.0000
    nonbonded                  -34352.8   -34352.8     0.0000
    planarity                   -8065.2    -8065.2     0.0000
    torsion                      5339.3     5339.3     0.0000

  other (weight: 1.0000)
  ────────────────────────────────────────────────────────────────
    Metric                       Before      After     Change
    xray                       127387.7   127398.7   +11.0000

  Group Totals
  ────────────────────────────────────────────────────────────────
    Group                        Before      After     Change
    adp                          3130.2     3127.5    -2.6548
    geometry                   -13079.9   -13079.9     0.0000
    xray                       127387.7   127398.7   +11.0000
────────────────────────────────────────────────────────────────────

============================================================
LBFGS Refinement - Cycle 7/10
============================================================
Refining scales with LBFGS...
Scale refinement complete. rwork: 0.2734, rfree: 0.2952

Final Scale Parameters: 
  c_iso: tensor([ 0.2684,  0.9993,  0.3758, -0.1803,  0.1053, -0.0597])
  U: tensor([ 0.3370,  0.3950,  0.3618,  0.0047, -0.0067, -0.0124])
  solvent.log_k_solvent: -0.8884465098381042
  solvent.log_ss_half: -3.8051633834838867
  solvent.log_n_exp: 1.4398717880249023
  solvent.phase_offset: 0.056532420217990875
After scaling: Rwork=0.2734, Rfree=0.2952
  VDW rebuild: max drift 3.31 Å > threshold 1.00 Å

Building VDW (non-bonded) restraints...
  Symmetry expansion: 19 valid (symop, offset) combos
  Grid: [7, 8, 20], 902/1120 cells occupied, max 333 entries/cell
  Built 132354 VDW restraints, 9292 symmetry contacts

────────────────────────────────────────────────────────────────────
  XYZ Refinement
────────────────────────────────────────────────────────────────────

  adp (weight: 0.0200)
  ────────────────────────────────────────────────────────────────
    Metric                       Before      After     Change
    locality                    12174.3    12174.3     0.0000
    scaler_U                     5920.9     5920.9     0.0000
    scaler_log_scale           125360.2   125360.2     0.0000
    sigd                         2423.8     2423.8     0.0000
    simu                        10558.0    10558.0     0.0000

  geometry (weight: 0.2000)
  ────────────────────────────────────────────────────────────────
    Metric                       Before      After     Change
    angle                      -15946.6   -15961.5   -14.9424
    bond                       -12211.8   -12221.8    -9.9355
    chiral                    -162.4459  -163.3492    -0.9033
    nonbonded                  -34352.8   -34342.7   +10.0703
    planarity                   -8065.2    -8071.5    -6.2061
    torsion                      5339.3     5339.3    -0.0122

  other (weight: 1.0000)
  ────────────────────────────────────────────────────────────────
    Metric                       Before      After     Change
    xray                       127407.9   127375.0   -32.8672

  Group Totals
  ────────────────────────────────────────────────────────────────
    Group                        Before      After     Change
    adp                          3128.7     3128.7     0.0000
    geometry                   -13079.9   -13084.3    -4.3857
    xray                       127407.9   127375.0   -32.8672
────────────────────────────────────────────────────────────────────
  VDW rebuild: max drift 3.31 Å > threshold 1.00 Å

Building VDW (non-bonded) restraints...
  Symmetry expansion: 19 valid (symop, offset) combos
  Grid: [7, 8, 20], 902/1120 cells occupied, max 333 entries/cell
  Built 132354 VDW restraints, 9292 symmetry contacts

────────────────────────────────────────────────────────────────────
  ADP Refinement
────────────────────────────────────────────────────────────────────

  adp (weight: 0.0200)
  ────────────────────────────────────────────────────────────────
    Metric                       Before      After     Change
    locality                    12167.9    12141.5   -26.3984
    scaler_U                     5920.9     5920.9     0.0000
    scaler_log_scale           125360.2   125360.2     0.0000
    sigd                         2423.8     2424.6    +0.7817
    simu                        10558.0    10545.5   -12.4727

  geometry (weight: 0.2000)
  ────────────────────────────────────────────────────────────────
    Metric                       Before      After     Change
    angle                      -15961.5   -15961.5     0.0000
    bond                       -12221.8   -12221.8     0.0000
    chiral                    -163.3492  -163.3492     0.0000
    nonbonded                  -34342.7   -34342.7     0.0000
    planarity                   -8071.5    -8071.5     0.0000
    torsion                      5339.3     5339.3     0.0000

  other (weight: 1.0000)
  ────────────────────────────────────────────────────────────────
    Metric                       Before      After     Change
    xray                       127375.0   127377.4    +2.4297

  Group Totals
  ────────────────────────────────────────────────────────────────
    Group                        Before      After     Change
    adp                          3128.6     3127.9    -0.7618
    geometry                   -13084.3   -13084.3     0.0000
    xray                       127375.0   127377.4    +2.4297
────────────────────────────────────────────────────────────────────

============================================================
LBFGS Refinement - Cycle 8/10
============================================================
Refining scales with LBFGS...
Scale refinement complete. rwork: 0.2734, rfree: 0.2965

Final Scale Parameters: 
  c_iso: tensor([ 0.2599,  1.0047,  0.3674, -0.1733,  0.1023, -0.0569])
  U: tensor([ 0.3362,  0.3942,  0.3613,  0.0048, -0.0066, -0.0126])
  solvent.log_k_solvent: -0.8916595578193665
  solvent.log_ss_half: -3.805931329727173
  solvent.log_n_exp: 1.4386121034622192
  solvent.phase_offset: 0.05980759486556053
After scaling: Rwork=0.2734, Rfree=0.2965
  VDW rebuild: max drift 3.32 Å > threshold 1.00 Å

Building VDW (non-bonded) restraints...
  Symmetry expansion: 19 valid (symop, offset) combos
  Grid: [7, 8, 20], 902/1120 cells occupied, max 333 entries/cell
  Built 132354 VDW restraints, 9292 symmetry contacts

────────────────────────────────────────────────────────────────────
  XYZ Refinement
────────────────────────────────────────────────────────────────────

  adp (weight: 0.0200)
  ────────────────────────────────────────────────────────────────
    Metric                       Before      After     Change
    locality                    12141.5    12141.5     0.0000
    scaler_U                     5897.7     5897.7     0.0000
    scaler_log_scale           124412.7   124412.7     0.0000
    sigd                         2424.6     2424.6     0.0000
    simu                        10545.5    10545.5     0.0000

  geometry (weight: 0.2000)
  ────────────────────────────────────────────────────────────────
    Metric                       Before      After     Change
    angle                      -15961.5   -15945.2   +16.3047
    bond                       -12221.8   -12218.0    +3.7939
    chiral                    -163.3492  -162.3593    +0.9899
    nonbonded                  -34342.7   -34350.5    -7.7305
    planarity                   -8071.5    -8064.7    +6.7427
    torsion                      5339.3     5340.2    +0.9248

  other (weight: 1.0000)
  ────────────────────────────────────────────────────────────────
    Metric                       Before      After     Change
    xray                       127388.4   127333.4   -54.9844

  Group Totals
  ────────────────────────────────────────────────────────────────
    Group                        Before      After     Change
    adp                          3108.4     3108.4     0.0000
    geometry                   -13084.3   -13080.1    +4.2054
    xray                       127388.4   127333.4   -54.9844
────────────────────────────────────────────────────────────────────
  VDW rebuild: max drift 3.32 Å > threshold 1.00 Å

Building VDW (non-bonded) restraints...
  Symmetry expansion: 19 valid (symop, offset) combos
  Grid: [7, 8, 20], 902/1120 cells occupied, max 333 entries/cell
  Built 132354 VDW restraints, 9292 symmetry contacts

────────────────────────────────────────────────────────────────────
  ADP Refinement
────────────────────────────────────────────────────────────────────

  adp (weight: 0.0200)
  ────────────────────────────────────────────────────────────────
    Metric                       Before      After     Change
    locality                    12134.4    12079.2   -55.2451
    scaler_U                     5897.7     5897.7     0.0000
    scaler_log_scale           124412.7   124412.7     0.0000
    sigd                         2424.6     2425.0    +0.4446
    simu                        10545.5    10527.1   -18.4229

  geometry (weight: 0.2000)
  ────────────────────────────────────────────────────────────────
    Metric                       Before      After     Change
    angle                      -15945.2   -15945.2     0.0000
    bond                       -12218.0   -12218.0     0.0000
    chiral                    -162.3593  -162.3593     0.0000
    nonbonded                  -34350.5   -34350.5     0.0000
    planarity                   -8064.7    -8064.7     0.0000
    torsion                      5340.2     5340.2     0.0000

  other (weight: 1.0000)
  ────────────────────────────────────────────────────────────────
    Metric                       Before      After     Change
    xray                       127333.4   127341.8    +8.3828

  Group Totals
  ────────────────────────────────────────────────────────────────
    Group                        Before      After     Change
    adp                          3108.3     3106.8    -1.4645
    geometry                   -13080.1   -13080.1     0.0000
    xray                       127333.4   127341.8    +8.3828
────────────────────────────────────────────────────────────────────

============================================================
LBFGS Refinement - Cycle 9/10
============================================================
Refining scales with LBFGS...
Scale refinement complete. rwork: 0.2727, rfree: 0.2974

Final Scale Parameters: 
  c_iso: tensor([ 0.2644,  1.0011,  0.3721, -0.1769,  0.1037, -0.0579])
  U: tensor([ 0.3374,  0.3954,  0.3626,  0.0047, -0.0066, -0.0127])
  solvent.log_k_solvent: -0.8895452618598938
  solvent.log_ss_half: -3.8068222999572754
  solvent.log_n_exp: 1.443323016166687
  solvent.phase_offset: 0.0587066225707531
After scaling: Rwork=0.2727, Rfree=0.2974
  VDW rebuild: max drift 3.35 Å > threshold 1.00 Å

Building VDW (non-bonded) restraints...
  Symmetry expansion: 19 valid (symop, offset) combos
  Grid: [7, 8, 20], 902/1120 cells occupied, max 333 entries/cell
  Built 132354 VDW restraints, 9292 symmetry contacts

────────────────────────────────────────────────────────────────────
  XYZ Refinement
────────────────────────────────────────────────────────────────────

  adp (weight: 0.0200)
  ────────────────────────────────────────────────────────────────
    Metric                       Before      After     Change
    locality                    12079.2    12079.2     0.0000
    scaler_U                     5938.2     5938.2     0.0000
    scaler_log_scale           124819.0   124819.0     0.0000
    sigd                         2425.0     2425.0     0.0000
    simu                        10527.1    10527.1     0.0000

  geometry (weight: 0.2000)
  ────────────────────────────────────────────────────────────────
    Metric                       Before      After     Change
    angle                      -15945.2   -15949.1    -3.9502
    bond                       -12218.0   -12220.6    -2.6357
    chiral                    -162.3593  -162.8017    -0.4424
    nonbonded                  -34350.5   -34349.0    +1.5039
    planarity                   -8064.7    -8067.8    -3.0698
    torsion                      5340.2     5340.0    -0.1826

  other (weight: 1.0000)
  ────────────────────────────────────────────────────────────────
    Metric                       Before      After     Change
    xray                       127342.3   127323.4   -18.9219

  Group Totals
  ────────────────────────────────────────────────────────────────
    Group                        Before      After     Change
    adp                          3115.8     3115.8     0.0000
    geometry                   -13080.1   -13081.9    -1.7554
    xray                       127342.3   127323.4   -18.9219
────────────────────────────────────────────────────────────────────
  VDW rebuild: max drift 3.35 Å > threshold 1.00 Å

Building VDW (non-bonded) restraints...
  Symmetry expansion: 19 valid (symop, offset) combos
  Grid: [7, 8, 20], 902/1120 cells occupied, max 333 entries/cell
  Built 132354 VDW restraints, 9292 symmetry contacts

────────────────────────────────────────────────────────────────────
  ADP Refinement
────────────────────────────────────────────────────────────────────

  adp (weight: 0.0200)
  ────────────────────────────────────────────────────────────────
    Metric                       Before      After     Change
    locality                    12070.8    11998.3   -72.4512
    scaler_U                     5938.2     5938.2     0.0000
    scaler_log_scale           124819.0   124819.0     0.0000
    sigd                         2425.0     2425.7    +0.6326
    simu                        10527.1    10488.5   -38.6064

  geometry (weight: 0.2000)
  ────────────────────────────────────────────────────────────────
    Metric                       Before      After     Change
    angle                      -15949.1   -15949.1     0.0000
    bond                       -12220.6   -12220.6     0.0000
    chiral                    -162.8017  -162.8017     0.0000
    nonbonded                  -34349.0   -34349.0     0.0000
    planarity                   -8067.8    -8067.8     0.0000
    torsion                      5340.0     5340.0     0.0000

  other (weight: 1.0000)
  ────────────────────────────────────────────────────────────────
    Metric                       Before      After     Change
    xray                       127323.4   127325.3    +1.9219

  Group Totals
  ────────────────────────────────────────────────────────────────
    Group                        Before      After     Change
    adp                          3115.6     3113.4    -2.2085
    geometry                   -13081.9   -13081.9     0.0000
    xray                       127323.4   127325.3    +1.9219
────────────────────────────────────────────────────────────────────

============================================================
LBFGS Refinement - Cycle 10/10
============================================================
Refining scales with LBFGS...
Scale refinement complete. rwork: 0.2726, rfree: 0.2973

Final Scale Parameters: 
  c_iso: tensor([ 0.2597,  1.0040,  0.3681, -0.1731,  0.1015, -0.0567])
  U: tensor([ 0.3373,  0.3954,  0.3624,  0.0045, -0.0067, -0.0127])
  solvent.log_k_solvent: -0.891721248626709
  solvent.log_ss_half: -3.7983267307281494
  solvent.log_n_exp: 1.4414821863174438
  solvent.phase_offset: 0.060387980192899704
After scaling: Rwork=0.2726, Rfree=0.2973
  VDW rebuild: max drift 3.51 Å > threshold 1.00 Å

Building VDW (non-bonded) restraints...
  Symmetry expansion: 19 valid (symop, offset) combos
  Grid: [7, 8, 20], 902/1120 cells occupied, max 333 entries/cell
  Built 132354 VDW restraints, 9292 symmetry contacts

────────────────────────────────────────────────────────────────────
  XYZ Refinement
────────────────────────────────────────────────────────────────────

  adp (weight: 0.0200)
  ────────────────────────────────────────────────────────────────
    Metric                       Before      After     Change
    locality                    11998.3    11998.3     0.0000
    scaler_U                     5935.4     5935.4     0.0000
    scaler_log_scale           124524.7   124524.7     0.0000
    sigd                         2425.7     2425.7     0.0000
    simu                        10488.5    10488.5     0.0000

  geometry (weight: 0.2000)
  ────────────────────────────────────────────────────────────────
    Metric                       Before      After     Change
    angle                      -15949.1   -15935.7   +13.4668
    bond                       -12220.6   -12219.8    +0.8262
    chiral                    -162.8017  -162.1521    +0.6496
    nonbonded                  -34349.0   -34355.3    -6.3516
    planarity                   -8067.8    -8062.4    +5.3657
    torsion                      5340.0     5339.8    -0.2207

  other (weight: 1.0000)
  ────────────────────────────────────────────────────────────────
    Metric                       Before      After     Change
    xray                       127333.3   127301.8   -31.4375

  Group Totals
  ────────────────────────────────────────────────────────────────
    Group                        Before      After     Change
    adp                          3107.5     3107.5     0.0000
    geometry                   -13081.9   -13079.1    +2.7467
    xray                       127333.3   127301.8   -31.4375
────────────────────────────────────────────────────────────────────
  VDW rebuild: max drift 3.51 Å > threshold 1.00 Å

Building VDW (non-bonded) restraints...
  Symmetry expansion: 19 valid (symop, offset) combos
  Grid: [7, 8, 20], 902/1120 cells occupied, max 333 entries/cell
  Built 132354 VDW restraints, 9292 symmetry contacts

────────────────────────────────────────────────────────────────────
  ADP Refinement
────────────────────────────────────────────────────────────────────

  adp (weight: 0.0200)
  ────────────────────────────────────────────────────────────────
    Metric                       Before      After     Change
    locality                    11996.3    11927.4   -68.8184
    scaler_U                     5935.4     5935.4     0.0000
    scaler_log_scale           124524.7   124524.7     0.0000
    sigd                         2425.7     2425.8    +0.1897
    simu                        10488.5    10477.9   -10.5527

  geometry (weight: 0.2000)
  ────────────────────────────────────────────────────────────────
    Metric                       Before      After     Change
    angle                      -15935.7   -15935.7     0.0000
    bond                       -12219.8   -12219.8     0.0000
    chiral                    -162.1521  -162.1521     0.0000
    nonbonded                  -34355.3   -34355.3     0.0000
    planarity                   -8062.4    -8062.4     0.0000
    torsion                      5339.8     5339.8     0.0000

  other (weight: 1.0000)
  ────────────────────────────────────────────────────────────────
    Metric                       Before      After     Change
    xray                       127301.8   127308.0    +6.1875

  Group Totals
  ────────────────────────────────────────────────────────────────
    Group                        Before      After     Change
    adp                          3107.4     3105.8    -1.5836
    geometry                   -13079.1   -13079.1     0.0000
    xray                       127301.8   127308.0    +6.1875
────────────────────────────────────────────────────────────────────
Calculating initial scale factors using 10 bins.
Refining scales with LBFGS...
Scale refinement complete. rwork: 0.2721, rfree: 0.2989

Final Scale Parameters: 
  c_iso: tensor([ 0.2474,  0.9785,  0.3679, -0.1771,  0.1030, -0.0581])
  U: tensor([ 0.3324,  0.3903,  0.3573,  0.0044, -0.0068, -0.0129])
  solvent.log_k_solvent: -0.8888446092605591
  solvent.log_ss_half: -3.7947025299072266
  solvent.log_n_exp: 1.4501793384552002
  solvent.phase_offset: 0.058676641434431076

Refinement completed successfully.

Saving results to /das/work/units/LBR-FEL/p17490/Peter/Library/work_trees_torchref/alignement/alignment_lab/benchmarks/af_mr/runs/dmin3.0/3QNM/refine_torchref_mr...
  Refined structure (PDB): /das/work/units/LBR-FEL/p17490/Peter/Library/work_trees_torchref/alignement/alignment_lab/benchmarks/af_mr/runs/dmin3.0/3QNM/refine_torchref_mr/refined.pdb
  Refined structure (mmCIF): /das/work/units/LBR-FEL/p17490/Peter/Library/work_trees_torchref/alignement/alignment_lab/benchmarks/af_mr/runs/dmin3.0/3QNM/refine_torchref_mr/refined.cif
Added map coefficients:
  2Fo-Fc: FWT, PHWT
  Fo-Fc: DELFWT, PHDELWT
  Resolution range: 1.70 - 42.85 Å
✓ Wrote MTZ file: /das/work/units/LBR-FEL/p17490/Peter/Library/work_trees_torchref/alignement/alignment_lab/benchmarks/af_mr/runs/dmin3.0/3QNM/refine_torchref_mr/refined.mtz
  Reflections: 29690
  Columns: H, K, L, F-obs, SIGF-obs, I-obs, SIGI-obs, R-free-flags, FWT, PHWT, DELFWT, PHDELWT, F-model, PH-model
  Refined structure factors: /das/work/units/LBR-FEL/p17490/Peter/Library/work_trees_torchref/alignement/alignment_lab/benchmarks/af_mr/runs/dmin3.0/3QNM/refine_torchref_mr/refined.mtz
  Refinement history: /das/work/units/LBR-FEL/p17490/Peter/Library/work_trees_torchref/alignement/alignment_lab/benchmarks/af_mr/runs/dmin3.0/3QNM/refine_torchref_mr/refinement_history.json

================================================================================
Refinement Summary
================================================================================
R-work:  0.2721 (29110 reflections)
R-free:  0.2989 (580 reflections)
NLL work: 127306.37
NLL test: 2593.56
================================================================================

Output files:
  - /das/work/units/LBR-FEL/p17490/Peter/Library/work_trees_torchref/alignement/alignment_lab/benchmarks/af_mr/runs/dmin3.0/3QNM/refine_torchref_mr/refined.pdb
  - /das/work/units/LBR-FEL/p17490/Peter/Library/work_trees_torchref/alignement/alignment_lab/benchmarks/af_mr/runs/dmin3.0/3QNM/refine_torchref_mr/refined.cif
  - /das/work/units/LBR-FEL/p17490/Peter/Library/work_trees_torchref/alignement/alignment_lab/benchmarks/af_mr/runs/dmin3.0/3QNM/refine_torchref_mr/refined.mtz
  - /das/work/units/LBR-FEL/p17490/Peter/Library/work_trees_torchref/alignement/alignment_lab/benchmarks/af_mr/runs/dmin3.0/3QNM/refine_torchref_mr/refinement_history.json

Refinement completed successfully!

Timing: 699.0s wall, 249.5s CPU
