/das/work/units/LBR-FEL/p17490/Peter/Library/work_trees_torchref/alignement/torchref/cli/refine.py:21: UserWarning: TorchRef using user-specified 8 threads from TORCHREF_NUM_THREADS.
  from torchref.cli._common import (
================================================================================
TorchRef LBFGS Refinement
================================================================================
Model:             /das/work/units/LBR-FEL/p17490/Peter/Library/work_trees_torchref/alignement/alignment_lab/benchmarks/af_mr/runs/dmin3.0/6L9F/torchref_placed.pdb
Structure factor:  /das/work/units/LBR-FEL/p17490/Peter/Library/work_trees_torchref/dev/paper/data/6L9F/6L9F.mtz
Output directory:  /das/work/units/LBR-FEL/p17490/Peter/Library/work_trees_torchref/alignement/alignment_lab/benchmarks/af_mr/runs/dmin3.0/6L9F/refine_torchref_mr
Refinement mode:   separate
X-ray target:      ml
Refinement cycles: 10
Rigid-body step:   on (iterations/cutoff = 30)
Device:            auto
ADP mode:          isotropic
Wavelength:        1 A
Manual weights:    {"adp": 0.02}
================================================================================

Initializing refinement...
FrenchWilson initialized:
  Reflections: 21904
  Resolution: 2.55 - 95.27 Å
  Space group: SpaceGroup('P6422', number=181, n_ops=12)
  Centric: 3678 (16.8%)
French-Wilson input guard: 24/21904 (0.1096%) reflections unusable as intensities (absent, or too negative to be a noisy measurement)
found non-finite F values (NaN/Inf):  23
found non-finite F_sigma values (NaN/Inf):  23
Wilson outlier rejection: 0/15923 (0.0000%) of tested reflections flagged (0 too strong, 0 too weak)
Loaded 3800 atoms
Building restraints...
Found 109 link definitions

Building VDW (non-bonded) restraints...
  Symmetry expansion: 247 valid (symop, offset) combos
  Grid: [18, 18, 30], 6240/9720 cells occupied, max 557 entries/cell
  Built 68390 VDW restraints, 12135 symmetry contacts
  Hydrogen topology: 3708 riding H atoms
  H candidate pairs: 162131 (41235 H-H, 120896 H-heavy, 23335 symmetry)
================================================================================
Restraints Summary
================================================================================
CIF file: None
Residue types in dictionary: 20

INTRA-RESIDUE RESTRAINTS:
--------------------------------------------------------------------------------
  Bonds: 3448
  Angles: 3888
  Torsions: 1018
  Planes: 764
  Chirals: 554

INTER-RESIDUE RESTRAINTS:
--------------------------------------------------------------------------------
  Peptide bonds: 448
  Peptide angles: 1366
  Disulfide bonds: 0
  Disulfide angles: 0
  Disulfide torsions: 0
  LINK bonds: 0

BACKBONE TORSIONS:
--------------------------------------------------------------------------------
  Phi: 448
  Psi: 448
  Omega: 448
  Ramachandran: 438

VDW RESTRAINTS:
--------------------------------------------------------------------------------
  Non-bonded contacts: 68390 (56255 intra-ASU, 12135 symmetry)
================================================================================
Generated 3708 hydrogens
ADP representation: isotropic, 7508 parameters, 2.6 work reflections each
Initialized ScalerBase with 10 bins.
Building restraints...

Building VDW (non-bonded) restraints...
  Symmetry expansion: 249 valid (symop, offset) combos
  Grid: [18, 18, 30], 6752/9720 cells occupied, max 948 entries/cell
  Built 279990 VDW restraints, 48975 symmetry contacts
================================================================================
Restraints Summary
================================================================================
CIF file: None
Residue types in dictionary: 20

INTRA-RESIDUE RESTRAINTS:
--------------------------------------------------------------------------------
  Bonds: 7156
  Angles: 11850
  Torsions: 1466
  Planes: 1280
  Chirals: 554

INTER-RESIDUE RESTRAINTS:
--------------------------------------------------------------------------------
  Peptide bonds: 448
  Peptide angles: 1792
  Disulfide bonds: 0
  Disulfide angles: 0
  Disulfide torsions: 0
  LINK bonds: 0

BACKBONE TORSIONS:
--------------------------------------------------------------------------------
  Phi: 448
  Psi: 448
  Omega: 448
  Ramachandran: 438

VDW RESTRAINTS:
--------------------------------------------------------------------------------
  Non-bonded contacts: 279990 (231015 intra-ASU, 48975 symmetry)
================================================================================
Initializing TotalGeometryTarget with component targets...
Initializing TotalADPTarget with component targets: simu, locality, sigd
Parametrization built for 5 unique atom types
SfFFT: Using late symmetry (reciprocal space)
Calculating initial scale factors using 10 bins.
Refining scales with LBFGS...
Scale refinement complete. rwork: 0.4807, rfree: 0.4699

Final Scale Parameters: 
  c_iso: tensor([-1.5461,  5.8882,  0.2809,  0.5731, -0.4028,  0.2084])
  U: tensor([ 3.8633,  3.8653,  3.2119, -0.5246,  0.0467, -0.0932])
  solvent.log_k_solvent: -1.5060168504714966
  solvent.log_ss_half: -5.075467109680176
  solvent.log_n_exp: 0.5699265003204346
  solvent.phase_offset: -0.12377171963453293
Initialized targets with xray_mode='ml'
Applied manual group weights: {'xray': 1.0, 'geometry': 0.2, 'geometry/ramachandran': 0.0, 'adp': 0.02, 'adp/sigd': 1.0, 'adp/node_load': 10.0, 'adp/node_smoothness': 0.0}
Refinement initialized successfully.

Starting refinement with 10 macro cycles...

Rigid-body step enabled: one multi-resolution rigid-body pass will run once at the start of refinement.


--- Rigid-body step (once, at start) ---
Switched to rigid-body parametrization: RigidXYZTensor(n_atoms=7508, n_chains=4) (4 chain(s))
Filtering: 1884/21904 reflections in range [inf - 6.0] Å (1863 valid after all masks)
Initialized ScalerBase with 10 bins.
Calculating initial scale factors using 10 bins.
Calculating initial scale factors using 10 bins.
Refining scales with LBFGS...
Scale refinement complete. rwork: 0.4621, rfree: 0.4198

Final Scale Parameters: 
  c_iso: tensor([-5.6534,  0.4310, -1.1216,  2.1001,  0.9522,  0.9126])
  U: tensor([ 4.5143,  5.4049,  2.6106, -2.4627,  0.8298, -1.0053])
  solvent.log_k_solvent: -1.4234544038772583
  solvent.log_ss_half: -4.975647449493408
  solvent.log_n_exp: 1.1960512399673462
  solvent.phase_offset: 0.24626284837722778
  rigid-body d_min=6.00 (lbfgs, iters=30): Rwork=0.4548 Rfree=0.4420
Filtering: 6362/21904 reflections in range [inf - 3.9150689024726497] Å (6340 valid after all masks)
Initialized ScalerBase with 10 bins.
Calculating initial scale factors using 10 bins.
Calculating initial scale factors using 10 bins.
Refining scales with LBFGS...
Scale refinement complete. rwork: 0.4350, rfree: 0.4083

Final Scale Parameters: 
  c_iso: tensor([-4.1547,  1.8120, -2.2612, -0.4208, -0.8108,  0.2746])
  U: tensor([ 3.4720,  3.4006,  2.4880, -0.7148,  0.0256, -0.0796])
  solvent.log_k_solvent: -1.3765777349472046
  solvent.log_ss_half: -4.888723373413086
  solvent.log_n_exp: 0.607815682888031
  solvent.phase_offset: 0.21306876838207245
  rigid-body d_min=3.92 (lbfgs, iters=30): Rwork=0.4318 Rfree=0.4173
Filtering: 21904/21904 reflections in range [inf - 2.5546274185180664] Å (21880 valid after all masks)
Initialized ScalerBase with 10 bins.
Calculating initial scale factors using 10 bins.
Calculating initial scale factors using 10 bins.
Refining scales with LBFGS...
Scale refinement complete. rwork: 0.4543, rfree: 0.4542

Final Scale Parameters: 
  c_iso: tensor([-2.2468,  4.9278,  0.0647,  0.5751, -0.3955,  0.1985])
  U: tensor([ 3.1611,  3.1708,  2.5832, -0.4551,  0.0475, -0.0915])
  solvent.log_k_solvent: -1.421160101890564
  solvent.log_ss_half: -4.854454517364502
  solvent.log_n_exp: 0.6413931846618652
  solvent.phase_offset: 0.20171763002872467
  rigid-body d_min=2.55 (lbfgs, iters=30): Rwork=0.4553 Rfree=0.4592
Initialized ScalerBase with 10 bins.
Calculating initial scale factors using 10 bins.
Calculating initial scale factors using 10 bins.
Refining scales with LBFGS...
Scale refinement complete. rwork: 0.4511, rfree: 0.4561

Final Scale Parameters: 
  c_iso: tensor([-1.8176,  5.5446,  0.1737,  0.5944, -0.4069,  0.2051])
  U: tensor([ 3.4866,  3.4964,  2.9718, -0.3914,  0.0544, -0.1027])
  solvent.log_k_solvent: -1.4744765758514404
  solvent.log_ss_half: -4.993976593017578
  solvent.log_n_exp: 0.5812022089958191
  solvent.phase_offset: 0.1693745106458664
Initialized ScalerBase with 10 bins.
Calculating initial scale factors using 10 bins.
Calculating initial scale factors using 10 bins.
Refining scales with LBFGS...
Scale refinement complete. rwork: 0.4511, rfree: 0.4561

Final Scale Parameters: 
  c_iso: tensor([-1.8012,  5.5675,  0.1783,  0.5948, -0.4071,  0.2051])
  U: tensor([ 3.5015,  3.5121,  2.9863, -0.3921,  0.0552, -0.1035])
  solvent.log_k_solvent: -1.4761070013046265
  solvent.log_ss_half: -4.999082565307617
  solvent.log_n_exp: 0.5787081122398376
  solvent.phase_offset: 0.16923727095127106

============================================================
LBFGS Refinement - Cycle 1/10
============================================================
Refining scales with LBFGS...
Scale refinement complete. rwork: 0.4511, rfree: 0.4560

Final Scale Parameters: 
  c_iso: tensor([-1.5748,  5.8721,  0.2452,  0.5964, -0.4077,  0.2046])
  U: tensor([ 3.6970,  3.7081,  3.1847, -0.3892,  0.0550, -0.1033])
  solvent.log_k_solvent: -1.4964208602905273
  solvent.log_ss_half: -5.063487529754639
  solvent.log_n_exp: 0.5510852336883545
  solvent.phase_offset: 0.16742226481437683
After scaling: Rwork=0.4511, Rfree=0.4560
  VDW rebuild: max drift 4.13 Å > threshold 1.00 Å

Building VDW (non-bonded) restraints...
  Symmetry expansion: 249 valid (symop, offset) combos
  Grid: [18, 18, 30], 6752/9720 cells occupied, max 948 entries/cell
  Built 279990 VDW restraints, 48975 symmetry contacts

────────────────────────────────────────────────────────────────────
  XYZ Refinement
────────────────────────────────────────────────────────────────────

  adp (weight: 0.0200)
  ────────────────────────────────────────────────────────────────
    Metric                       Before      After     Change
    locality                     7246.7     7246.7     0.0000
    scaler_U                   409400.2   409400.2     0.0000
    scaler_log_scale          8704903.0  8704903.0     0.0000
    sigd                         4798.0     4798.0     0.0000
    simu                        13269.0    13269.0     0.0000

  geometry (weight: 0.2000)
  ────────────────────────────────────────────────────────────────
    Metric                       Before      After     Change
    angle                      -31212.2   -29019.8    +2192.5
    bond                       -23328.7   -23930.1  -601.3926
    chiral                    -307.6319  -301.4042    +6.2277
    nonbonded                  148158.0   -68795.1  -216953.0
    planarity                  -15000.9   -15496.3  -495.4473
    torsion                     11472.5    11616.8  +144.3652

  other (weight: 1.0000)
  ────────────────────────────────────────────────────────────────
    Metric                       Before      After     Change
    xray                        46986.4    46673.2  -313.2344

  Group Totals
  ────────────────────────────────────────────────────────────────
    Group                        Before      After     Change
    adp                        182792.3   182792.3     0.0000
    geometry                    17956.2   -25185.2   -43141.4
    xray                        46986.4    46673.2  -313.2344
────────────────────────────────────────────────────────────────────
  VDW rebuild: max drift 4.13 Å > threshold 1.00 Å

Building VDW (non-bonded) restraints...
  Symmetry expansion: 249 valid (symop, offset) combos
  Grid: [18, 18, 30], 6752/9720 cells occupied, max 948 entries/cell
  Built 279990 VDW restraints, 48975 symmetry contacts

────────────────────────────────────────────────────────────────────
  ADP Refinement
────────────────────────────────────────────────────────────────────

  adp (weight: 0.0200)
  ────────────────────────────────────────────────────────────────
    Metric                       Before      After     Change
    locality                     7301.8    12224.9    +4923.1
    scaler_U                   409400.2   409400.2     0.0000
    scaler_log_scale          8704903.0  8704903.0     0.0000
    sigd                         4798.0     5201.0  +402.9575
    simu                        13269.0    15226.6    +1957.6

  geometry (weight: 0.2000)
  ────────────────────────────────────────────────────────────────
    Metric                       Before      After     Change
    angle                      -29019.8   -29019.8     0.0000
    bond                       -23930.1   -23930.1     0.0000
    chiral                    -301.4042  -301.4042     0.0000
    nonbonded                  -68795.1   -68795.1     0.0000
    planarity                  -15496.3   -15496.3     0.0000
    torsion                     11616.8    11616.8     0.0000

  other (weight: 1.0000)
  ────────────────────────────────────────────────────────────────
    Metric                       Before      After     Change
    xray                        46673.2    45894.2  -778.9336

  Group Totals
  ────────────────────────────────────────────────────────────────
    Group                        Before      After     Change
    adp                        182793.4   182939.1  +145.6723
    geometry                   -25185.2   -25185.2     0.0000
    xray                        46673.2    45894.2  -778.9336
────────────────────────────────────────────────────────────────────

============================================================
LBFGS Refinement - Cycle 2/10
============================================================
Refining scales with LBFGS...
Scale refinement complete. rwork: 0.4188, rfree: 0.4316

Final Scale Parameters: 
  c_iso: tensor([-1.5298,  5.9062,  0.2209,  0.6237, -0.4271,  0.2020])
  U: tensor([ 3.6704,  3.6708,  3.2041, -0.3355,  0.0367, -0.0766])
  solvent.log_k_solvent: -1.5237860679626465
  solvent.log_ss_half: -5.049536228179932
  solvent.log_n_exp: 0.5818447470664978
  solvent.phase_offset: 0.13725854456424713
After scaling: Rwork=0.4188, Rfree=0.4316
  VDW rebuild: max drift 4.55 Å > threshold 1.00 Å

Building VDW (non-bonded) restraints...
  Symmetry expansion: 249 valid (symop, offset) combos
  Grid: [18, 18, 30], 6752/9720 cells occupied, max 948 entries/cell
  Built 279990 VDW restraints, 48975 symmetry contacts

────────────────────────────────────────────────────────────────────
  XYZ Refinement
────────────────────────────────────────────────────────────────────

  adp (weight: 0.0200)
  ────────────────────────────────────────────────────────────────
    Metric                       Before      After     Change
    locality                    12224.9    12224.9     0.0000
    scaler_U                   405971.0   405971.0     0.0000
    scaler_log_scale          8745730.0  8745730.0     0.0000
    sigd                         5201.0     5201.0     0.0000
    simu                        15226.6    15226.6     0.0000

  geometry (weight: 0.2000)
  ────────────────────────────────────────────────────────────────
    Metric                       Before      After     Change
    angle                      -29019.8   -32307.4    -3287.7
    bond                       -23930.1   -25163.0    -1232.9
    chiral                    -301.4042  -338.8114   -37.4072
    nonbonded                  -68795.1   -71925.8    -3130.7
    planarity                  -15496.3   -15869.0  -372.6846
    torsion                     11616.8    11733.2  +116.3633

  other (weight: 1.0000)
  ────────────────────────────────────────────────────────────────
    Metric                       Before      After     Change
    xray                        45946.1    45378.6  -567.5312

  Group Totals
  ────────────────────────────────────────────────────────────────
    Group                        Before      After     Change
    adp                        183687.1   183687.1     0.0000
    geometry                   -25185.2   -26774.2    -1589.0
    xray                        45946.1    45378.6  -567.5312
────────────────────────────────────────────────────────────────────
  VDW rebuild: max drift 4.55 Å > threshold 1.00 Å

Building VDW (non-bonded) restraints...
  Symmetry expansion: 249 valid (symop, offset) combos
  Grid: [18, 18, 30], 6752/9720 cells occupied, max 948 entries/cell
  Built 279990 VDW restraints, 48975 symmetry contacts

────────────────────────────────────────────────────────────────────
  ADP Refinement
────────────────────────────────────────────────────────────────────

  adp (weight: 0.0200)
  ────────────────────────────────────────────────────────────────
    Metric                       Before      After     Change
    locality                    12251.3    13559.7    +1308.4
    scaler_U                   405971.0   405971.0     0.0000
    scaler_log_scale          8745730.0  8745730.0     0.0000
    sigd                         5201.0     5239.2   +38.2476
    simu                        15226.6    15875.4  +648.8447

  geometry (weight: 0.2000)
  ────────────────────────────────────────────────────────────────
    Metric                       Before      After     Change
    angle                      -32307.4   -32307.4     0.0000
    bond                       -25163.0   -25163.0     0.0000
    chiral                    -338.8114  -338.8114     0.0000
    nonbonded                  -71925.8   -71925.8     0.0000
    planarity                  -15869.0   -15869.0     0.0000
    torsion                     11733.2    11733.2     0.0000

  other (weight: 1.0000)
  ────────────────────────────────────────────────────────────────
    Metric                       Before      After     Change
    xray                        45378.6    45240.6  -137.9414

  Group Totals
  ────────────────────────────────────────────────────────────────
    Group                        Before      After     Change
    adp                        183687.6   183727.5   +39.9107
    geometry                   -26774.2   -26774.2     0.0000
    xray                        45378.6    45240.6  -137.9414
────────────────────────────────────────────────────────────────────

============================================================
LBFGS Refinement - Cycle 3/10
============================================================
Refining scales with LBFGS...
Scale refinement complete. rwork: 0.3991, rfree: 0.4213

Final Scale Parameters: 
  c_iso: tensor([-1.4994,  5.9159,  0.2234,  0.6261, -0.4331,  0.2030])
  U: tensor([ 3.6501,  3.6444,  3.2064, -0.3043,  0.0262, -0.0677])
  solvent.log_k_solvent: -1.5271763801574707
  solvent.log_ss_half: -5.053384780883789
  solvent.log_n_exp: 0.587188720703125
  solvent.phase_offset: 0.099729523062706
After scaling: Rwork=0.3991, Rfree=0.4213
  VDW rebuild: max drift 5.07 Å > threshold 1.00 Å

Building VDW (non-bonded) restraints...
  Symmetry expansion: 249 valid (symop, offset) combos
  Grid: [18, 18, 30], 6752/9720 cells occupied, max 948 entries/cell
  Built 279990 VDW restraints, 48975 symmetry contacts

────────────────────────────────────────────────────────────────────
  XYZ Refinement
────────────────────────────────────────────────────────────────────

  adp (weight: 0.0200)
  ────────────────────────────────────────────────────────────────
    Metric                       Before      After     Change
    locality                    13559.7    13559.7     0.0000
    scaler_U                   402552.9   402552.9     0.0000
    scaler_log_scale          8791613.0  8791613.0     0.0000
    sigd                         5239.2     5239.2     0.0000
    simu                        15875.4    15875.4     0.0000

  geometry (weight: 0.2000)
  ────────────────────────────────────────────────────────────────
    Metric                       Before      After     Change
    angle                      -32307.4   -33132.1  -824.6172
    bond                       -25163.0   -25261.3   -98.3418
    chiral                    -338.8114  -350.1947   -11.3833
    nonbonded                  -71925.8   -72718.5  -792.7109
    planarity                  -15869.0   -15946.0   -77.0596
    torsion                     11733.2    11664.2   -69.0283

  other (weight: 1.0000)
  ────────────────────────────────────────────────────────────────
    Metric                       Before      After     Change
    xray                        45257.8    44750.1  -507.6875

  Group Totals
  ────────────────────────────────────────────────────────────────
    Group                        Before      After     Change
    adp                        184576.8   184576.8     0.0000
    geometry                   -26774.2   -27148.8  -374.6282
    xray                        45257.8    44750.1  -507.6875
────────────────────────────────────────────────────────────────────
  VDW rebuild: max drift 5.07 Å > threshold 1.00 Å

Building VDW (non-bonded) restraints...
  Symmetry expansion: 249 valid (symop, offset) combos
  Grid: [18, 18, 30], 6752/9720 cells occupied, max 948 entries/cell
  Built 279990 VDW restraints, 48975 symmetry contacts

────────────────────────────────────────────────────────────────────
  ADP Refinement
────────────────────────────────────────────────────────────────────

  adp (weight: 0.0200)
  ────────────────────────────────────────────────────────────────
    Metric                       Before      After     Change
    locality                    13552.7    14508.4  +955.7168
    scaler_U                   402552.9   402552.9     0.0000
    scaler_log_scale          8791613.0  8791613.0     0.0000
    sigd                         5239.2     5286.2   +46.9883
    simu                        15875.4    16074.5  +199.0781

  geometry (weight: 0.2000)
  ────────────────────────────────────────────────────────────────
    Metric                       Before      After     Change
    angle                      -33132.1   -33132.1     0.0000
    bond                       -25261.3   -25261.3     0.0000
    chiral                    -350.1947  -350.1947     0.0000
    nonbonded                  -72718.5   -72718.5     0.0000
    planarity                  -15946.0   -15946.0     0.0000
    torsion                     11664.2    11664.2     0.0000

  other (weight: 1.0000)
  ────────────────────────────────────────────────────────────────
    Metric                       Before      After     Change
    xray                        44750.1    44691.2   -58.8867

  Group Totals
  ────────────────────────────────────────────────────────────────
    Group                        Before      After     Change
    adp                        184576.7   184600.7   +24.0357
    geometry                   -27148.8   -27148.8     0.0000
    xray                        44750.1    44691.2   -58.8867
────────────────────────────────────────────────────────────────────

============================================================
LBFGS Refinement - Cycle 4/10
============================================================
Refining scales with LBFGS...
Scale refinement complete. rwork: 0.3852, rfree: 0.4173

Final Scale Parameters: 
  c_iso: tensor([-1.5030,  5.9245,  0.2082,  0.6311, -0.4432,  0.2022])
  U: tensor([ 3.6442,  3.6393,  3.1934, -0.3046,  0.0356, -0.0724])
  solvent.log_k_solvent: -1.5336556434631348
  solvent.log_ss_half: -5.048101902008057
  solvent.log_n_exp: 0.6043504476547241
  solvent.phase_offset: 0.07728860527276993
After scaling: Rwork=0.3852, Rfree=0.4173
  VDW rebuild: max drift 5.34 Å > threshold 1.00 Å

Building VDW (non-bonded) restraints...
  Symmetry expansion: 249 valid (symop, offset) combos
  Grid: [18, 18, 30], 6752/9720 cells occupied, max 948 entries/cell
  Built 279990 VDW restraints, 48975 symmetry contacts

────────────────────────────────────────────────────────────────────
  XYZ Refinement
────────────────────────────────────────────────────────────────────

  adp (weight: 0.0200)
  ────────────────────────────────────────────────────────────────
    Metric                       Before      After     Change
    locality                    14508.4    14508.4     0.0000
    scaler_U                   400726.7   400726.7     0.0000
    scaler_log_scale          8779042.0  8779042.0     0.0000
    sigd                         5286.2     5286.2     0.0000
    simu                        16074.5    16074.5     0.0000

  geometry (weight: 0.2000)
  ────────────────────────────────────────────────────────────────
    Metric                       Before      After     Change
    angle                      -33132.1   -33424.7  -292.6016
    bond                       -25261.3   -25401.3  -139.9395
    chiral                    -350.1947  -352.1426    -1.9479
    nonbonded                  -72718.5   -73000.7  -282.1641
    planarity                  -15946.0   -15968.9   -22.8076
    torsion                     11664.2    11673.3    +9.1533

  other (weight: 1.0000)
  ────────────────────────────────────────────────────────────────
    Metric                       Before      After     Change
    xray                        44711.5    44361.3  -350.2539

  Group Totals
  ────────────────────────────────────────────────────────────────
    Group                        Before      After     Change
    adp                        184312.8   184312.8     0.0000
    geometry                   -27148.8   -27294.9  -146.0622
    xray                        44711.5    44361.3  -350.2539
────────────────────────────────────────────────────────────────────
  VDW rebuild: max drift 5.34 Å > threshold 1.00 Å

Building VDW (non-bonded) restraints...
  Symmetry expansion: 249 valid (symop, offset) combos
  Grid: [18, 18, 30], 6752/9720 cells occupied, max 948 entries/cell
  Built 279990 VDW restraints, 48975 symmetry contacts

────────────────────────────────────────────────────────────────────
  ADP Refinement
────────────────────────────────────────────────────────────────────

  adp (weight: 0.0200)
  ────────────────────────────────────────────────────────────────
    Metric                       Before      After     Change
    locality                    14487.0    14871.5  +384.5283
    scaler_U                   400726.7   400726.7     0.0000
    scaler_log_scale          8779042.0  8779042.0     0.0000
    sigd                         5286.2     5303.9   +17.6909
    simu                        16074.5    16233.3  +158.7666

  geometry (weight: 0.2000)
  ────────────────────────────────────────────────────────────────
    Metric                       Before      After     Change
    angle                      -33424.7   -33424.7     0.0000
    bond                       -25401.3   -25401.3     0.0000
    chiral                    -352.1426  -352.1426     0.0000
    nonbonded                  -73000.7   -73000.7     0.0000
    planarity                  -15968.9   -15968.9     0.0000
    torsion                     11673.3    11673.3     0.0000

  other (weight: 1.0000)
  ────────────────────────────────────────────────────────────────
    Metric                       Before      After     Change
    xray                        44361.3    44330.1   -31.1602

  Group Totals
  ────────────────────────────────────────────────────────────────
    Group                        Before      After     Change
    adp                        184312.3   184323.6   +11.2197
    geometry                   -27294.9   -27294.9     0.0000
    xray                        44361.3    44330.1   -31.1602
────────────────────────────────────────────────────────────────────

============================================================
LBFGS Refinement - Cycle 5/10
============================================================
Refining scales with LBFGS...
Scale refinement complete. rwork: 0.3756, rfree: 0.4139

Final Scale Parameters: 
  c_iso: tensor([-1.4981,  5.9273,  0.2101,  0.6295, -0.4451,  0.2018])
  U: tensor([ 3.6430,  3.6371,  3.1917, -0.3040,  0.0337, -0.0673])
  solvent.log_k_solvent: -1.527541995048523
  solvent.log_ss_half: -5.0696306228637695
  solvent.log_n_exp: 0.5817605257034302
  solvent.phase_offset: 0.07984703034162521
After scaling: Rwork=0.3756, Rfree=0.4139
  VDW rebuild: max drift 5.57 Å > threshold 1.00 Å

Building VDW (non-bonded) restraints...
  Symmetry expansion: 249 valid (symop, offset) combos
  Grid: [18, 18, 30], 6752/9720 cells occupied, max 948 entries/cell
  Built 279990 VDW restraints, 48975 symmetry contacts

────────────────────────────────────────────────────────────────────
  XYZ Refinement
────────────────────────────────────────────────────────────────────

  adp (weight: 0.0200)
  ────────────────────────────────────────────────────────────────
    Metric                       Before      After     Change
    locality                    14871.5    14871.5     0.0000
    scaler_U                   400321.8   400321.8     0.0000
    scaler_log_scale          8798305.0  8798305.0     0.0000
    sigd                         5303.9     5303.9     0.0000
    simu                        16233.3    16233.3     0.0000

  geometry (weight: 0.2000)
  ────────────────────────────────────────────────────────────────
    Metric                       Before      After     Change
    angle                      -33424.7   -33605.0  -180.3281
    bond                       -25401.3   -25383.2   +18.0898
    chiral                    -352.1426  -356.4273    -4.2847
    nonbonded                  -73000.7   -73138.8  -138.0859
    planarity                  -15968.9   -16011.0   -42.1211
    torsion                     11673.3    11648.3   -25.0107

  other (weight: 1.0000)
  ────────────────────────────────────────────────────────────────
    Metric                       Before      After     Change
    xray                        44354.5    44075.3  -279.1367

  Group Totals
  ────────────────────────────────────────────────────────────────
    Group                        Before      After     Change
    adp                        184700.7   184700.7     0.0000
    geometry                   -27294.9   -27369.2   -74.3477
    xray                        44354.5    44075.3  -279.1367
────────────────────────────────────────────────────────────────────
  VDW rebuild: max drift 5.57 Å > threshold 1.00 Å

Building VDW (non-bonded) restraints...
  Symmetry expansion: 249 valid (symop, offset) combos
  Grid: [18, 18, 30], 6752/9720 cells occupied, max 948 entries/cell
  Built 279990 VDW restraints, 48975 symmetry contacts

────────────────────────────────────────────────────────────────────
  ADP Refinement
────────────────────────────────────────────────────────────────────

  adp (weight: 0.0200)
  ────────────────────────────────────────────────────────────────
    Metric                       Before      After     Change
    locality                    14864.2    15063.7  +199.4785
    scaler_U                   400321.8   400321.8     0.0000
    scaler_log_scale          8798305.0  8798305.0     0.0000
    sigd                         5303.9     5302.6    -1.2744
    simu                        16233.3    16308.3   +75.0732

  geometry (weight: 0.2000)
  ────────────────────────────────────────────────────────────────
    Metric                       Before      After     Change
    angle                      -33605.0   -33605.0     0.0000
    bond                       -25383.2   -25383.2     0.0000
    chiral                    -356.4273  -356.4273     0.0000
    nonbonded                  -73138.8   -73138.8     0.0000
    planarity                  -16011.0   -16011.0     0.0000
    torsion                     11648.3    11648.3     0.0000

  other (weight: 1.0000)
  ────────────────────────────────────────────────────────────────
    Metric                       Before      After     Change
    xray                        44075.3    44057.6   -17.7227

  Group Totals
  ────────────────────────────────────────────────────────────────
    Group                        Before      After     Change
    adp                        184700.6   184706.0    +5.4656
    geometry                   -27369.2   -27369.2     0.0000
    xray                        44075.3    44057.6   -17.7227
────────────────────────────────────────────────────────────────────

============================================================
LBFGS Refinement - Cycle 6/10
============================================================
Refining scales with LBFGS...
Scale refinement complete. rwork: 0.3690, rfree: 0.4096

Final Scale Parameters: 
  c_iso: tensor([-1.4936,  5.9269,  0.2115,  0.6299, -0.4482,  0.2026])
  U: tensor([ 3.6421,  3.6366,  3.1922, -0.3032,  0.0341, -0.0676])
  solvent.log_k_solvent: -1.5190680027008057
  solvent.log_ss_half: -5.082691669464111
  solvent.log_n_exp: 0.5691006183624268
  solvent.phase_offset: 0.06659353524446487
After scaling: Rwork=0.3690, Rfree=0.4096
  VDW rebuild: max drift 5.68 Å > threshold 1.00 Å

Building VDW (non-bonded) restraints...
  Symmetry expansion: 249 valid (symop, offset) combos
  Grid: [18, 18, 30], 6752/9720 cells occupied, max 948 entries/cell
  Built 279990 VDW restraints, 48975 symmetry contacts

────────────────────────────────────────────────────────────────────
  XYZ Refinement
────────────────────────────────────────────────────────────────────

  adp (weight: 0.0200)
  ────────────────────────────────────────────────────────────────
    Metric                       Before      After     Change
    locality                    15063.7    15063.7     0.0000
    scaler_U                   400266.8   400266.8     0.0000
    scaler_log_scale          8807130.0  8807130.0     0.0000
    sigd                         5302.6     5302.6     0.0000
    simu                        16308.3    16308.3     0.0000

  geometry (weight: 0.2000)
  ────────────────────────────────────────────────────────────────
    Metric                       Before      After     Change
    angle                      -33605.0   -33710.5  -105.4727
    bond                       -25383.2   -25443.9   -60.6777
    chiral                    -356.4273  -356.5737    -0.1464
    nonbonded                  -73138.8   -73242.4  -103.6016
    planarity                  -16011.0   -16018.8    -7.7822
    torsion                     11648.3    11658.3    +9.9365

  other (weight: 1.0000)
  ────────────────────────────────────────────────────────────────
    Metric                       Before      After     Change
    xray                        44080.0    43870.3  -209.7500

  Group Totals
  ────────────────────────────────────────────────────────────────
    Group                        Before      After     Change
    adp                        184881.4   184881.4     0.0000
    geometry                   -27369.2   -27422.8   -53.5486
    xray                        44080.0    43870.3  -209.7500
────────────────────────────────────────────────────────────────────
  VDW rebuild: max drift 5.68 Å > threshold 1.00 Å

Building VDW (non-bonded) restraints...
  Symmetry expansion: 249 valid (symop, offset) combos
  Grid: [18, 18, 30], 6752/9720 cells occupied, max 948 entries/cell
  Built 279990 VDW restraints, 48975 symmetry contacts

────────────────────────────────────────────────────────────────────
  ADP Refinement
────────────────────────────────────────────────────────────────────

  adp (weight: 0.0200)
  ────────────────────────────────────────────────────────────────
    Metric                       Before      After     Change
    locality                    15061.2    15003.7   -57.5186
    scaler_U                   400266.8   400266.8     0.0000
    scaler_log_scale          8807130.0  8807130.0     0.0000
    sigd                         5302.6     5294.2    -8.4341
    simu                        16308.3    16299.5    -8.8525

  geometry (weight: 0.2000)
  ────────────────────────────────────────────────────────────────
    Metric                       Before      After     Change
    angle                      -33710.5   -33710.5     0.0000
    bond                       -25443.9   -25443.9     0.0000
    chiral                    -356.5737  -356.5737     0.0000
    nonbonded                  -73242.4   -73242.4     0.0000
    planarity                  -16018.8   -16018.8     0.0000
    torsion                     11658.3    11658.3     0.0000

  other (weight: 1.0000)
  ────────────────────────────────────────────────────────────────
    Metric                       Before      After     Change
    xray                        43870.3    43869.1    -1.1484

  Group Totals
  ────────────────────────────────────────────────────────────────
    Group                        Before      After     Change
    adp                        184881.4   184879.9    -1.4961
    geometry                   -27422.8   -27422.8     0.0000
    xray                        43870.3    43869.1    -1.1484
────────────────────────────────────────────────────────────────────

============================================================
LBFGS Refinement - Cycle 7/10
============================================================
Refining scales with LBFGS...
Scale refinement complete. rwork: 0.3638, rfree: 0.4069

Final Scale Parameters: 
  c_iso: tensor([-1.4920,  5.9264,  0.2119,  0.6309, -0.4505,  0.2044])
  U: tensor([ 3.6419,  3.6351,  3.1930, -0.3019,  0.0338, -0.0674])
  solvent.log_k_solvent: -1.5182533264160156
  solvent.log_ss_half: -5.087482452392578
  solvent.log_n_exp: 0.5648382306098938
  solvent.phase_offset: 0.06298063695430756
After scaling: Rwork=0.3638, Rfree=0.4069
  VDW rebuild: max drift 5.82 Å > threshold 1.00 Å

Building VDW (non-bonded) restraints...
  Symmetry expansion: 249 valid (symop, offset) combos
  Grid: [18, 18, 30], 6752/9720 cells occupied, max 948 entries/cell
  Built 279990 VDW restraints, 48975 symmetry contacts

────────────────────────────────────────────────────────────────────
  XYZ Refinement
────────────────────────────────────────────────────────────────────

  adp (weight: 0.0200)
  ────────────────────────────────────────────────────────────────
    Metric                       Before      After     Change
    locality                    15003.7    15003.7     0.0000
    scaler_U                   400191.1   400191.1     0.0000
    scaler_log_scale          8809476.0  8809476.0     0.0000
    sigd                         5294.2     5294.2     0.0000
    simu                        16299.5    16299.5     0.0000

  geometry (weight: 0.2000)
  ────────────────────────────────────────────────────────────────
    Metric                       Before      After     Change
    angle                      -33710.5   -33772.1   -61.6641
    bond                       -25443.9   -25445.7    -1.8750
    chiral                    -356.5737  -358.4357    -1.8620
    nonbonded                  -73242.4   -73303.1   -60.7031
    planarity                  -16018.8   -16040.5   -21.7676
    torsion                     11658.3    11633.4   -24.8711

  other (weight: 1.0000)
  ────────────────────────────────────────────────────────────────
    Metric                       Before      After     Change
    xray                        43885.1    43708.7  -176.3867

  Group Totals
  ────────────────────────────────────────────────────────────────
    Group                        Before      After     Change
    adp                        184925.3   184925.3     0.0000
    geometry                   -27422.8   -27457.3   -34.5487
    xray                        43885.1    43708.7  -176.3867
────────────────────────────────────────────────────────────────────
  VDW rebuild: max drift 5.82 Å > threshold 1.00 Å

Building VDW (non-bonded) restraints...
  Symmetry expansion: 249 valid (symop, offset) combos
  Grid: [18, 18, 30], 6752/9720 cells occupied, max 948 entries/cell
  Built 279990 VDW restraints, 48975 symmetry contacts

────────────────────────────────────────────────────────────────────
  ADP Refinement
────────────────────────────────────────────────────────────────────

  adp (weight: 0.0200)
  ────────────────────────────────────────────────────────────────
    Metric                       Before      After     Change
    locality                    14994.1    14981.0   -13.0928
    scaler_U                   400191.1   400191.1     0.0000
    scaler_log_scale          8809476.0  8809476.0     0.0000
    sigd                         5294.2     5286.8    -7.4102
    simu                        16299.5    16278.1   -21.3516

  geometry (weight: 0.2000)
  ────────────────────────────────────────────────────────────────
    Metric                       Before      After     Change
    angle                      -33772.1   -33772.1     0.0000
    bond                       -25445.7   -25445.7     0.0000
    chiral                    -358.4357  -358.4357     0.0000
    nonbonded                  -73303.1   -73303.1     0.0000
    planarity                  -16040.5   -16040.5     0.0000
    torsion                     11633.4    11633.4     0.0000

  other (weight: 1.0000)
  ────────────────────────────────────────────────────────────────
    Metric                       Before      After     Change
    xray                        43708.7    43712.7    +4.0039

  Group Totals
  ────────────────────────────────────────────────────────────────
    Group                        Before      After     Change
    adp                        184925.1   184924.3    -0.8371
    geometry                   -27457.3   -27457.3     0.0000
    xray                        43708.7    43712.7    +4.0039
────────────────────────────────────────────────────────────────────

============================================================
LBFGS Refinement - Cycle 8/10
============================================================
Refining scales with LBFGS...
Scale refinement complete. rwork: 0.3594, rfree: 0.4034

Final Scale Parameters: 
  c_iso: tensor([-1.4943,  5.9300,  0.2074,  0.6318, -0.4509,  0.2041])
  U: tensor([ 3.6398,  3.6287,  3.1928, -0.2963,  0.0334, -0.0673])
  solvent.log_k_solvent: -1.5288565158843994
  solvent.log_ss_half: -5.076613903045654
  solvent.log_n_exp: 0.5771569013595581
  solvent.phase_offset: 0.06602939963340759
After scaling: Rwork=0.3594, Rfree=0.4034
  VDW rebuild: max drift 5.88 Å > threshold 1.00 Å

Building VDW (non-bonded) restraints...
  Symmetry expansion: 249 valid (symop, offset) combos
  Grid: [18, 18, 30], 6752/9720 cells occupied, max 948 entries/cell
  Built 279990 VDW restraints, 48975 symmetry contacts

────────────────────────────────────────────────────────────────────
  XYZ Refinement
────────────────────────────────────────────────────────────────────

  adp (weight: 0.0200)
  ────────────────────────────────────────────────────────────────
    Metric                       Before      After     Change
    locality                    14981.0    14981.0     0.0000
    scaler_U                   399520.4   399520.4     0.0000
    scaler_log_scale          8803512.0  8803512.0     0.0000
    sigd                         5286.8     5286.8     0.0000
    simu                        16278.1    16278.1     0.0000

  geometry (weight: 0.2000)
  ────────────────────────────────────────────────────────────────
    Metric                       Before      After     Change
    angle                      -33772.1   -33861.0   -88.8438
    bond                       -25445.7   -25488.1   -42.3105
    chiral                    -358.4357  -358.4451    -0.0094
    nonbonded                  -73303.1   -73359.7   -56.6250
    planarity                  -16040.5   -16041.2    -0.6562
    torsion                     11633.4    11639.1    +5.7393

  other (weight: 1.0000)
  ────────────────────────────────────────────────────────────────
    Metric                       Before      After     Change
    xray                        43729.1    43596.1  -132.9453

  Group Totals
  ────────────────────────────────────────────────────────────────
    Group                        Before      After     Change
    adp                        184791.6   184791.6     0.0000
    geometry                   -27457.3   -27493.8   -36.5412
    xray                        43729.1    43596.1  -132.9453
────────────────────────────────────────────────────────────────────
  VDW rebuild: max drift 5.88 Å > threshold 1.00 Å

Building VDW (non-bonded) restraints...
  Symmetry expansion: 249 valid (symop, offset) combos
  Grid: [18, 18, 30], 6752/9720 cells occupied, max 948 entries/cell
  Built 279990 VDW restraints, 48975 symmetry contacts

────────────────────────────────────────────────────────────────────
  ADP Refinement
────────────────────────────────────────────────────────────────────

  adp (weight: 0.0200)
  ────────────────────────────────────────────────────────────────
    Metric                       Before      After     Change
    locality                    14977.7    14805.1  -172.5898
    scaler_U                   399520.4   399520.4     0.0000
    scaler_log_scale          8803512.0  8803512.0     0.0000
    sigd                         5286.8     5273.0   -13.8198
    simu                        16278.1    16192.2   -85.9570

  geometry (weight: 0.2000)
  ────────────────────────────────────────────────────────────────
    Metric                       Before      After     Change
    angle                      -33861.0   -33861.0     0.0000
    bond                       -25488.1   -25488.1     0.0000
    chiral                    -358.4451  -358.4451     0.0000
    nonbonded                  -73359.7   -73359.7     0.0000
    planarity                  -16041.2   -16041.2     0.0000
    torsion                     11639.1    11639.1     0.0000

  other (weight: 1.0000)
  ────────────────────────────────────────────────────────────────
    Metric                       Before      After     Change
    xray                        43596.1    43610.5   +14.3203

  Group Totals
  ────────────────────────────────────────────────────────────────
    Group                        Before      After     Change
    adp                        184791.5   184786.0    -5.4474
    geometry                   -27493.8   -27493.8     0.0000
    xray                        43596.1    43610.5   +14.3203
────────────────────────────────────────────────────────────────────

============================================================
LBFGS Refinement - Cycle 9/10
============================================================
Refining scales with LBFGS...
Scale refinement complete. rwork: 0.3565, rfree: 0.4020

Final Scale Parameters: 
  c_iso: tensor([-1.4948,  5.9279,  0.2068,  0.6343, -0.4529,  0.2065])
  U: tensor([ 3.6385,  3.6261,  3.1924, -0.2945,  0.0346, -0.0673])
  solvent.log_k_solvent: -1.524158239364624
  solvent.log_ss_half: -5.080850124359131
  solvent.log_n_exp: 0.5721950531005859
  solvent.phase_offset: 0.055987775325775146
After scaling: Rwork=0.3565, Rfree=0.4020
  VDW rebuild: max drift 5.98 Å > threshold 1.00 Å

Building VDW (non-bonded) restraints...
  Symmetry expansion: 249 valid (symop, offset) combos
  Grid: [18, 18, 30], 6752/9720 cells occupied, max 948 entries/cell
  Built 279990 VDW restraints, 48975 symmetry contacts

────────────────────────────────────────────────────────────────────
  XYZ Refinement
────────────────────────────────────────────────────────────────────

  adp (weight: 0.0200)
  ────────────────────────────────────────────────────────────────
    Metric                       Before      After     Change
    locality                    14805.1    14805.1     0.0000
    scaler_U                   399198.3   399198.3     0.0000
    scaler_log_scale          8796221.0  8796221.0     0.0000
    sigd                         5273.0     5273.0     0.0000
    simu                        16192.2    16192.2     0.0000

  geometry (weight: 0.2000)
  ────────────────────────────────────────────────────────────────
    Metric                       Before      After     Change
    angle                      -33861.0   -33873.9   -12.9062
    bond                       -25488.1   -25484.2    +3.8633
    chiral                    -358.4451  -359.5112    -1.0661
    nonbonded                  -73359.7   -73401.8   -42.1094
    planarity                  -16041.2   -16053.0   -11.8457
    torsion                     11639.1    11620.4   -18.7031

  other (weight: 1.0000)
  ────────────────────────────────────────────────────────────────
    Metric                       Before      After     Change
    xray                        43627.7    43494.8  -132.9297

  Group Totals
  ────────────────────────────────────────────────────────────────
    Group                        Before      After     Change
    adp                        184633.8   184633.8     0.0000
    geometry                   -27493.8   -27510.4   -16.5533
    xray                        43627.7    43494.8  -132.9297
────────────────────────────────────────────────────────────────────
  VDW rebuild: max drift 5.98 Å > threshold 1.00 Å

Building VDW (non-bonded) restraints...
  Symmetry expansion: 249 valid (symop, offset) combos
  Grid: [18, 18, 30], 6752/9720 cells occupied, max 948 entries/cell
  Built 279990 VDW restraints, 48975 symmetry contacts

────────────────────────────────────────────────────────────────────
  ADP Refinement
────────────────────────────────────────────────────────────────────

  adp (weight: 0.0200)
  ────────────────────────────────────────────────────────────────
    Metric                       Before      After     Change
    locality                    14803.6    14773.6   -30.0176
    scaler_U                   399198.3   399198.3     0.0000
    scaler_log_scale          8796221.0  8796221.0     0.0000
    sigd                         5273.0     5266.9    -6.0742
    simu                        16192.2    16135.0   -57.1553

  geometry (weight: 0.2000)
  ────────────────────────────────────────────────────────────────
    Metric                       Before      After     Change
    angle                      -33873.9   -33873.9     0.0000
    bond                       -25484.2   -25484.2     0.0000
    chiral                    -359.5112  -359.5112     0.0000
    nonbonded                  -73401.8   -73401.8     0.0000
    planarity                  -16053.0   -16053.0     0.0000
    torsion                     11620.4    11620.4     0.0000

  other (weight: 1.0000)
  ────────────────────────────────────────────────────────────────
    Metric                       Before      After     Change
    xray                        43494.8    43499.0    +4.2305

  Group Totals
  ────────────────────────────────────────────────────────────────
    Group                        Before      After     Change
    adp                        184633.8   184631.9    -1.8649
    geometry                   -27510.4   -27510.4     0.0000
    xray                        43494.8    43499.0    +4.2305
────────────────────────────────────────────────────────────────────

============================================================
LBFGS Refinement - Cycle 10/10
============================================================
Refining scales with LBFGS...
Scale refinement complete. rwork: 0.3534, rfree: 0.3987

Final Scale Parameters: 
  c_iso: tensor([-1.4952,  5.9238,  0.2087,  0.6331, -0.4520,  0.2079])
  U: tensor([ 3.6395,  3.6226,  3.1919, -0.2935,  0.0347, -0.0665])
  solvent.log_k_solvent: -1.5205689668655396
  solvent.log_ss_half: -5.08891487121582
  solvent.log_n_exp: 0.5626945495605469
  solvent.phase_offset: 0.058055054396390915
After scaling: Rwork=0.3534, Rfree=0.3987
  VDW rebuild: max drift 6.02 Å > threshold 1.00 Å

Building VDW (non-bonded) restraints...
  Symmetry expansion: 249 valid (symop, offset) combos
  Grid: [18, 18, 30], 6752/9720 cells occupied, max 948 entries/cell
  Built 279990 VDW restraints, 48975 symmetry contacts

────────────────────────────────────────────────────────────────────
  XYZ Refinement
────────────────────────────────────────────────────────────────────

  adp (weight: 0.0200)
  ────────────────────────────────────────────────────────────────
    Metric                       Before      After     Change
    locality                    14773.6    14773.6     0.0000
    scaler_U                   398967.4   398967.4     0.0000
    scaler_log_scale          8788725.0  8788725.0     0.0000
    sigd                         5266.9     5266.9     0.0000
    simu                        16135.0    16135.0     0.0000

  geometry (weight: 0.2000)
  ────────────────────────────────────────────────────────────────
    Metric                       Before      After     Change
    angle                      -33873.9   -33925.7   -51.8359
    bond                       -25484.2   -25472.4   +11.7656
    chiral                    -359.5112  -359.6763    -0.1651
    nonbonded                  -73401.8   -73438.3   -36.4453
    planarity                  -16053.0   -16054.4    -1.3584
    torsion                     11620.4    11623.9    +3.4482

  other (weight: 1.0000)
  ────────────────────────────────────────────────────────────────
    Metric                       Before      After     Change
    xray                        43514.5    43381.6  -132.8477

  Group Totals
  ────────────────────────────────────────────────────────────────
    Group                        Before      After     Change
    adp                        184477.4   184477.4     0.0000
    geometry                   -27510.4   -27525.3   -14.9185
    xray                        43514.5    43381.6  -132.8477
────────────────────────────────────────────────────────────────────
  VDW rebuild: max drift 6.02 Å > threshold 1.00 Å

Building VDW (non-bonded) restraints...
  Symmetry expansion: 249 valid (symop, offset) combos
  Grid: [18, 18, 30], 6752/9720 cells occupied, max 948 entries/cell
  Built 279990 VDW restraints, 48975 symmetry contacts

────────────────────────────────────────────────────────────────────
  ADP Refinement
────────────────────────────────────────────────────────────────────

  adp (weight: 0.0200)
  ────────────────────────────────────────────────────────────────
    Metric                       Before      After     Change
    locality                    14783.2    14644.4  -138.8555
    scaler_U                   398967.4   398967.4     0.0000
    scaler_log_scale          8788725.0  8788725.0     0.0000
    sigd                         5266.9     5254.0   -12.8428
    simu                        16135.0    16082.4   -52.6572

  geometry (weight: 0.2000)
  ────────────────────────────────────────────────────────────────
    Metric                       Before      After     Change
    angle                      -33925.7   -33925.7     0.0000
    bond                       -25472.4   -25472.4     0.0000
    chiral                    -359.6763  -359.6763     0.0000
    nonbonded                  -73438.3   -73438.3     0.0000
    planarity                  -16054.4   -16054.4     0.0000
    torsion                     11623.9    11623.9     0.0000

  other (weight: 1.0000)
  ────────────────────────────────────────────────────────────────
    Metric                       Before      After     Change
    xray                        43381.6    43393.4   +11.7500

  Group Totals
  ────────────────────────────────────────────────────────────────
    Group                        Before      After     Change
    adp                        184477.6   184473.5    -4.0871
    geometry                   -27525.3   -27525.3     0.0000
    xray                        43381.6    43393.4   +11.7500
────────────────────────────────────────────────────────────────────
Calculating initial scale factors using 10 bins.
Refining scales with LBFGS...
Scale refinement complete. rwork: 0.3506, rfree: 0.3965

Final Scale Parameters: 
  c_iso: tensor([-1.8715,  5.4089,  0.1001,  0.6274, -0.4498,  0.2081])
  U: tensor([ 3.3041,  3.2901,  2.8618, -0.2899,  0.0361, -0.0680])
  solvent.log_k_solvent: -1.4934331178665161
  solvent.log_ss_half: -4.975149154663086
  solvent.log_n_exp: 0.6244707703590393
  solvent.phase_offset: 0.051289889961481094

Refinement completed successfully.

Saving results to /das/work/units/LBR-FEL/p17490/Peter/Library/work_trees_torchref/alignement/alignment_lab/benchmarks/af_mr/runs/dmin3.0/6L9F/refine_torchref_mr...
  Refined structure (PDB): /das/work/units/LBR-FEL/p17490/Peter/Library/work_trees_torchref/alignement/alignment_lab/benchmarks/af_mr/runs/dmin3.0/6L9F/refine_torchref_mr/refined.pdb
  Refined structure (mmCIF): /das/work/units/LBR-FEL/p17490/Peter/Library/work_trees_torchref/alignement/alignment_lab/benchmarks/af_mr/runs/dmin3.0/6L9F/refine_torchref_mr/refined.cif
Added map coefficients:
  2Fo-Fc: FWT, PHWT
  Fo-Fc: DELFWT, PHDELWT
  Resolution range: 2.55 - 95.27 Å
✓ Wrote MTZ file: /das/work/units/LBR-FEL/p17490/Peter/Library/work_trees_torchref/alignement/alignment_lab/benchmarks/af_mr/runs/dmin3.0/6L9F/refine_torchref_mr/refined.mtz
  Reflections: 21904
  Columns: H, K, L, F-obs, SIGF-obs, I-obs, SIGI-obs, R-free-flags, FWT, PHWT, DELFWT, PHDELWT, F-model, PH-model
  Refined structure factors: /das/work/units/LBR-FEL/p17490/Peter/Library/work_trees_torchref/alignement/alignment_lab/benchmarks/af_mr/runs/dmin3.0/6L9F/refine_torchref_mr/refined.mtz
  Refinement history: /das/work/units/LBR-FEL/p17490/Peter/Library/work_trees_torchref/alignement/alignment_lab/benchmarks/af_mr/runs/dmin3.0/6L9F/refine_torchref_mr/refinement_history.json

================================================================================
Refinement Summary
================================================================================
R-work:  0.3506 (19881 reflections)
R-free:  0.3965 (1999 reflections)
NLL work: 43416.83
NLL test: 4577.12
================================================================================

Output files:
  - /das/work/units/LBR-FEL/p17490/Peter/Library/work_trees_torchref/alignement/alignment_lab/benchmarks/af_mr/runs/dmin3.0/6L9F/refine_torchref_mr/refined.pdb
  - /das/work/units/LBR-FEL/p17490/Peter/Library/work_trees_torchref/alignement/alignment_lab/benchmarks/af_mr/runs/dmin3.0/6L9F/refine_torchref_mr/refined.cif
  - /das/work/units/LBR-FEL/p17490/Peter/Library/work_trees_torchref/alignement/alignment_lab/benchmarks/af_mr/runs/dmin3.0/6L9F/refine_torchref_mr/refined.mtz
  - /das/work/units/LBR-FEL/p17490/Peter/Library/work_trees_torchref/alignement/alignment_lab/benchmarks/af_mr/runs/dmin3.0/6L9F/refine_torchref_mr/refinement_history.json

Refinement completed successfully!

Timing: 480.6s wall, 1671.3s CPU
