/das/work/units/LBR-FEL/p17490/Peter/Library/work_trees_torchref/alignement/torchref/cli/refine.py:21: UserWarning: TorchRef using user-specified 8 threads from TORCHREF_NUM_THREADS.
  from torchref.cli._common import (
================================================================================
TorchRef LBFGS Refinement
================================================================================
Model:             /das/work/units/LBR-FEL/p17490/Peter/Library/work_trees_torchref/dev/paper/figure2_alphafold_start/placed/3QNM_af.pdb
Structure factor:  /das/work/units/LBR-FEL/p17490/Peter/Library/work_trees_torchref/dev/paper/data/3QNM/3QNM.mtz
Output directory:  /das/work/units/LBR-FEL/p17490/Peter/Library/work_trees_torchref/alignement/alignment_lab/benchmarks/af_mr/runs/dmin3.0/3QNM/refine_phaser_mr
Refinement mode:   separate
X-ray target:      ml
Refinement cycles: 10
Rigid-body step:   on (iterations/cutoff = 30)
Device:            auto
ADP mode:          isotropic
Wavelength:        1 A
Manual weights:    {"adp": 0.02}
================================================================================

Initializing refinement...
FrenchWilson initialized:
  Reflections: 29690
  Resolution: 1.70 - 42.85 Å
  Space group: SpaceGroup('P212121', number=19, n_ops=4)
  Centric: 3486 (11.7%)
found non-finite F values (NaN/Inf):  0
found non-finite F_sigma values (NaN/Inf):  0
Wilson outlier rejection: 0/27157 (0.0000%) of tested reflections flagged (0 too strong, 0 too weak)
Loaded 1861 atoms
Building restraints...
Found 109 link definitions

Building VDW (non-bonded) restraints...
  Symmetry expansion: 19 valid (symop, offset) combos
  Grid: [7, 8, 20], 848/1120 cells occupied, max 180 entries/cell
  Built 32794 VDW restraints, 2048 symmetry contacts
  Hydrogen topology: 1776 riding H atoms
  H candidate pairs: 75474 (18502 H-H, 56972 H-heavy, 4415 symmetry)
================================================================================
Restraints Summary
================================================================================
CIF file: None
Residue types in dictionary: 18

INTRA-RESIDUE RESTRAINTS:
--------------------------------------------------------------------------------
  Bonds: 1695
  Angles: 1922
  Torsions: 480
  Planes: 390
  Chirals: 263

INTER-RESIDUE RESTRAINTS:
--------------------------------------------------------------------------------
  Peptide bonds: 214
  Peptide angles: 649
  Disulfide bonds: 0
  Disulfide angles: 0
  Disulfide torsions: 0
  LINK bonds: 0

BACKBONE TORSIONS:
--------------------------------------------------------------------------------
  Phi: 214
  Psi: 214
  Omega: 214
  Ramachandran: 207

VDW RESTRAINTS:
--------------------------------------------------------------------------------
  Non-bonded contacts: 32794 (30746 intra-ASU, 2048 symmetry)
================================================================================
Generated 1778 hydrogens
ADP representation: isotropic, 3639 parameters, 8.0 work reflections each
Initialized ScalerBase with 10 bins.
Building restraints...

Building VDW (non-bonded) restraints...
  Symmetry expansion: 19 valid (symop, offset) combos
  Grid: [7, 8, 20], 906/1120 cells occupied, max 324 entries/cell
  Built 132793 VDW restraints, 9498 symmetry contacts
================================================================================
Restraints Summary
================================================================================
CIF file: None
Residue types in dictionary: 18

INTRA-RESIDUE RESTRAINTS:
--------------------------------------------------------------------------------
  Bonds: 3473
  Angles: 5728
  Torsions: 692
  Planes: 643
  Chirals: 263

INTER-RESIDUE RESTRAINTS:
--------------------------------------------------------------------------------
  Peptide bonds: 214
  Peptide angles: 856
  Disulfide bonds: 0
  Disulfide angles: 0
  Disulfide torsions: 0
  LINK bonds: 0

BACKBONE TORSIONS:
--------------------------------------------------------------------------------
  Phi: 214
  Psi: 214
  Omega: 214
  Ramachandran: 207

VDW RESTRAINTS:
--------------------------------------------------------------------------------
  Non-bonded contacts: 132793 (123295 intra-ASU, 9498 symmetry)
================================================================================
Initializing TotalGeometryTarget with component targets...
Initializing TotalADPTarget with component targets: simu, locality, sigd
Parametrization built for 4 unique atom types
SfFFT: Using late symmetry (reciprocal space)
Calculating initial scale factors using 10 bins.
Refining scales with LBFGS...
Scale refinement complete. rwork: 0.3529, rfree: 0.3491

Final Scale Parameters: 
  c_iso: tensor([ 0.7342,  1.6433,  0.5367, -0.1352,  0.0975, -0.0388])
  U: tensor([ 0.4697,  0.5249,  0.4881, -0.0070, -0.0088,  0.0007])
  solvent.log_k_solvent: -0.9006929397583008
  solvent.log_ss_half: -3.923161745071411
  solvent.log_n_exp: 1.3762761354446411
  solvent.phase_offset: 0.0586121492087841
Initialized targets with xray_mode='ml'
Applied manual group weights: {'xray': 1.0, 'geometry': 0.2, 'geometry/ramachandran': 0.0, 'adp': 0.02, 'adp/sigd': 1.0, 'adp/node_load': 10.0, 'adp/node_smoothness': 0.0}
Refinement initialized successfully.

Starting refinement with 10 macro cycles...

Rigid-body step enabled: one multi-resolution rigid-body pass will run once at the start of refinement.


--- Rigid-body step (once, at start) ---
Switched to rigid-body parametrization: RigidXYZTensor(n_atoms=3639, n_chains=2) (2 chain(s))
Filtering: 794/29690 reflections in range [inf - 6.0] Å (794 valid after all masks)
  Note: Adjusted bins from 10 to 7 (min 100 refl/bin)
Initialized ScalerBase with 7 bins.
Calculating initial scale factors using 7 bins.
Calculating initial scale factors using 7 bins.
Refining scales with LBFGS...
Scale refinement complete. rwork: 0.3134, rfree: 0.2640

Final Scale Parameters: 
  c_iso: tensor([-0.5788, -0.0730, -0.5709,  0.2243,  0.5595,  0.4801])
  U: tensor([ 0.5974,  0.8006,  0.4918, -0.4190,  0.0671,  0.0024])
  solvent.log_k_solvent: -0.9452448487281799
  solvent.log_ss_half: -3.5267670154571533
  solvent.log_n_exp: 2.0648317337036133
  solvent.phase_offset: 0.10666158050298691
  rigid-body d_min=6.00 (lbfgs, iters=30): Rwork=0.3131 Rfree=0.2703
Filtering: 4849/29690 reflections in range [inf - 3.193755798931792] Å (4849 valid after all masks)
Initialized ScalerBase with 10 bins.
Calculating initial scale factors using 10 bins.
Calculating initial scale factors using 10 bins.
Refining scales with LBFGS...
Scale refinement complete. rwork: 0.3027, rfree: 0.3124

Final Scale Parameters: 
  c_iso: tensor([-0.0449,  0.5533, -0.7824, -0.1459,  0.2240,  0.3390])
  U: tensor([ 0.8388,  0.8944,  0.8069, -0.0642, -0.0267,  0.0276])
  solvent.log_k_solvent: -1.044408917427063
  solvent.log_ss_half: -4.117574691772461
  solvent.log_n_exp: 1.1491341590881348
  solvent.phase_offset: -0.049442727118730545
  rigid-body d_min=3.19 (lbfgs, iters=30): Rwork=0.3182 Rfree=0.3487
Filtering: 29690/29690 reflections in range [inf - 1.7000126838684082] Å (29690 valid after all masks)
Initialized ScalerBase with 10 bins.
Calculating initial scale factors using 10 bins.
Calculating initial scale factors using 10 bins.
Refining scales with LBFGS...
Scale refinement complete. rwork: 0.3534, rfree: 0.3508

Final Scale Parameters: 
  c_iso: tensor([ 0.6746,  1.5558,  0.5237, -0.1412,  0.1007, -0.0414])
  U: tensor([ 4.4484e-01,  5.0111e-01,  4.6521e-01, -5.9010e-03, -8.6102e-03,
         2.6563e-04])
  solvent.log_k_solvent: -0.8983215093612671
  solvent.log_ss_half: -3.9059739112854004
  solvent.log_n_exp: 1.401220440864563
  solvent.phase_offset: 0.05624804273247719
  rigid-body d_min=1.70 (lbfgs, iters=30): Rwork=0.3550 Rfree=0.3555
Initialized ScalerBase with 10 bins.
Calculating initial scale factors using 10 bins.
Calculating initial scale factors using 10 bins.
Refining scales with LBFGS...
Scale refinement complete. rwork: 0.3522, rfree: 0.3494

Final Scale Parameters: 
  c_iso: tensor([ 0.6921,  1.5885,  0.5239, -0.1351,  0.0977, -0.0380])
  U: tensor([ 4.5260e-01,  5.0931e-01,  4.7258e-01, -6.7156e-03, -8.3371e-03,
        -4.0516e-04])
  solvent.log_k_solvent: -0.8990098834037781
  solvent.log_ss_half: -3.912780284881592
  solvent.log_n_exp: 1.438569188117981
  solvent.phase_offset: 0.058386821299791336
Initialized ScalerBase with 10 bins.
Calculating initial scale factors using 10 bins.
Calculating initial scale factors using 10 bins.
Refining scales with LBFGS...
Scale refinement complete. rwork: 0.3522, rfree: 0.3494

Final Scale Parameters: 
  c_iso: tensor([ 0.6922,  1.5882,  0.5241, -0.1355,  0.0978, -0.0381])
  U: tensor([ 4.5261e-01,  5.0930e-01,  4.7257e-01, -6.7251e-03, -8.3631e-03,
        -3.9000e-04])
  solvent.log_k_solvent: -0.8989947438240051
  solvent.log_ss_half: -3.9127233028411865
  solvent.log_n_exp: 1.437294840812683
  solvent.phase_offset: 0.058350011706352234

============================================================
LBFGS Refinement - Cycle 1/10
============================================================
Refining scales with LBFGS...
Scale refinement complete. rwork: 0.3522, rfree: 0.3494

Final Scale Parameters: 
  c_iso: tensor([ 0.7347,  1.6474,  0.5354, -0.1334,  0.0971, -0.0375])
  U: tensor([ 4.6907e-01,  5.2578e-01,  4.8912e-01, -6.7004e-03, -8.3065e-03,
        -4.0807e-04])
  solvent.log_k_solvent: -0.9022205471992493
  solvent.log_ss_half: -3.922330379486084
  solvent.log_n_exp: 1.4116756916046143
  solvent.phase_offset: 0.058890387415885925
After scaling: Rwork=0.3522, Rfree=0.3494
  VDW rebuild: max drift 1.94 Å > threshold 1.00 Å

Building VDW (non-bonded) restraints...
  Symmetry expansion: 19 valid (symop, offset) combos
  Grid: [7, 8, 20], 906/1120 cells occupied, max 324 entries/cell
  Built 132793 VDW restraints, 9498 symmetry contacts

────────────────────────────────────────────────────────────────────
  XYZ Refinement
────────────────────────────────────────────────────────────────────

  adp (weight: 0.0200)
  ────────────────────────────────────────────────────────────────
    Metric                       Before      After     Change
    locality                   266.0209   266.0209     0.0000
    scaler_U                    10896.9    10896.9     0.0000
    scaler_log_scale           312839.3   312839.3     0.0000
    sigd                         2348.8     2348.8     0.0000
    simu                         5963.5     5963.5     0.0000

  geometry (weight: 0.2000)
  ────────────────────────────────────────────────────────────────
    Metric                       Before      After     Change
    angle                      -14836.2   -15600.7  -764.5381
    bond                       -11154.2   -11937.0  -782.8125
    chiral                    -146.0767  -162.8967   -16.8200
    nonbonded                  -23026.5   -34306.2   -11279.7
    planarity                   -7579.2    -7963.9  -384.7505
    torsion                      5335.8     5367.4   +31.5669

  other (weight: 1.0000)
  ────────────────────────────────────────────────────────────────
    Metric                       Before      After     Change
    xray                       134093.6   131564.2    -2529.3

  Group Totals
  ────────────────────────────────────────────────────────────────
    Group                        Before      After     Change
    adp                          6646.3     6646.3     0.0000
    geometry                   -10281.3   -12920.7    -2639.4
    xray                       134093.6   131564.2    -2529.3
────────────────────────────────────────────────────────────────────
  VDW rebuild: max drift 1.94 Å > threshold 1.00 Å

Building VDW (non-bonded) restraints...
  Symmetry expansion: 19 valid (symop, offset) combos
  Grid: [7, 8, 20], 906/1120 cells occupied, max 324 entries/cell
  Built 132793 VDW restraints, 9498 symmetry contacts

────────────────────────────────────────────────────────────────────
  ADP Refinement
────────────────────────────────────────────────────────────────────

  adp (weight: 0.0200)
  ────────────────────────────────────────────────────────────────
    Metric                       Before      After     Change
    locality                   270.3214     8875.6    +8605.3
    scaler_U                    10896.9    10896.9     0.0000
    scaler_log_scale           312839.3   312839.3     0.0000
    sigd                         2348.8     2387.1   +38.3547
    simu                         5963.5    10217.0    +4253.5

  geometry (weight: 0.2000)
  ────────────────────────────────────────────────────────────────
    Metric                       Before      After     Change
    angle                      -15600.7   -15600.7     0.0000
    bond                       -11937.0   -11937.0     0.0000
    chiral                    -162.8967  -162.8967     0.0000
    nonbonded                  -34306.2   -34306.2     0.0000
    planarity                   -7963.9    -7963.9     0.0000
    torsion                      5367.4     5367.4     0.0000

  other (weight: 1.0000)
  ────────────────────────────────────────────────────────────────
    Metric                       Before      After     Change
    xray                       131564.2   128742.1    -2822.2

  Group Totals
  ────────────────────────────────────────────────────────────────
    Group                        Before      After     Change
    adp                          6646.4     6904.3  +257.9439
    geometry                   -12920.7   -12920.7     0.0000
    xray                       131564.2   128742.1    -2822.2
────────────────────────────────────────────────────────────────────

============================================================
LBFGS Refinement - Cycle 2/10
============================================================
Refining scales with LBFGS...
Scale refinement complete. rwork: 0.2885, rfree: 0.3038

Final Scale Parameters: 
  c_iso: tensor([ 0.3210,  1.1030,  0.3815, -0.1636,  0.1019, -0.0531])
  U: tensor([ 0.3090,  0.3646,  0.3318,  0.0009, -0.0094, -0.0088])
  solvent.log_k_solvent: -0.8931313157081604
  solvent.log_ss_half: -3.848924398422241
  solvent.log_n_exp: 1.4234066009521484
  solvent.phase_offset: 0.06133725121617317
After scaling: Rwork=0.2885, Rfree=0.3038
  VDW rebuild: max drift 1.91 Å > threshold 1.00 Å

Building VDW (non-bonded) restraints...
  Symmetry expansion: 19 valid (symop, offset) combos
  Grid: [7, 8, 20], 906/1120 cells occupied, max 324 entries/cell
  Built 132793 VDW restraints, 9498 symmetry contacts

────────────────────────────────────────────────────────────────────
  XYZ Refinement
────────────────────────────────────────────────────────────────────

  adp (weight: 0.0200)
  ────────────────────────────────────────────────────────────────
    Metric                       Before      After     Change
    locality                     8875.6     8875.6     0.0000
    scaler_U                     5002.4     5002.4     0.0000
    scaler_log_scale           144668.7   144668.7     0.0000
    sigd                         2387.1     2387.1     0.0000
    simu                        10217.0    10217.0     0.0000

  geometry (weight: 0.2000)
  ────────────────────────────────────────────────────────────────
    Metric                       Before      After     Change
    angle                      -15600.7   -15848.1  -247.4326
    bond                       -11937.0   -12170.8  -233.7920
    chiral                    -162.8967  -162.1309    +0.7658
    nonbonded                  -34306.2   -34312.5    -6.2305
    planarity                   -7963.9    -8013.8   -49.8379
    torsion                      5367.4     5352.6   -14.7520

  other (weight: 1.0000)
  ────────────────────────────────────────────────────────────────
    Metric                       Before      After     Change
    xray                       128714.8   128006.9  -707.8984

  Group Totals
  ────────────────────────────────────────────────────────────────
    Group                        Before      After     Change
    adp                          3423.0     3423.0     0.0000
    geometry                   -12920.7   -13030.9  -110.2558
    xray                       128714.8   128006.9  -707.8984
────────────────────────────────────────────────────────────────────
  VDW rebuild: max drift 1.91 Å > threshold 1.00 Å

Building VDW (non-bonded) restraints...
  Symmetry expansion: 19 valid (symop, offset) combos
  Grid: [7, 8, 20], 906/1120 cells occupied, max 324 entries/cell
  Built 132793 VDW restraints, 9498 symmetry contacts

────────────────────────────────────────────────────────────────────
  ADP Refinement
────────────────────────────────────────────────────────────────────

  adp (weight: 0.0200)
  ────────────────────────────────────────────────────────────────
    Metric                       Before      After     Change
    locality                     8844.8    10860.2    +2015.4
    scaler_U                     5002.4     5002.4     0.0000
    scaler_log_scale           144668.7   144668.7     0.0000
    sigd                         2387.1     2394.8    +7.7256
    simu                        10217.0    11288.7    +1071.7

  geometry (weight: 0.2000)
  ────────────────────────────────────────────────────────────────
    Metric                       Before      After     Change
    angle                      -15848.1   -15848.1     0.0000
    bond                       -12170.8   -12170.8     0.0000
    chiral                    -162.1309  -162.1309     0.0000
    nonbonded                  -34312.5   -34312.5     0.0000
    planarity                   -8013.8    -8013.8     0.0000
    torsion                      5352.6     5352.6     0.0000

  other (weight: 1.0000)
  ────────────────────────────────────────────────────────────────
    Metric                       Before      After     Change
    xray                       128006.9   127845.6  -161.3125

  Group Totals
  ────────────────────────────────────────────────────────────────
    Group                        Before      After     Change
    adp                          3422.4     3484.3   +61.8953
    geometry                   -13030.9   -13030.9     0.0000
    xray                       128006.9   127845.6  -161.3125
────────────────────────────────────────────────────────────────────

============================================================
LBFGS Refinement - Cycle 3/10
============================================================
Refining scales with LBFGS...
Scale refinement complete. rwork: 0.2783, rfree: 0.2979

Final Scale Parameters: 
  c_iso: tensor([ 0.3079,  1.0740,  0.3752, -0.1702,  0.1000, -0.0572])
  U: tensor([ 0.3033,  0.3623,  0.3266,  0.0009, -0.0074, -0.0119])
  solvent.log_k_solvent: -0.8945654630661011
  solvent.log_ss_half: -3.826784133911133
  solvent.log_n_exp: 1.387704610824585
  solvent.phase_offset: 0.05931982770562172
After scaling: Rwork=0.2783, Rfree=0.2979
  VDW rebuild: max drift 2.54 Å > threshold 1.00 Å

Building VDW (non-bonded) restraints...
  Symmetry expansion: 19 valid (symop, offset) combos
  Grid: [7, 8, 20], 906/1120 cells occupied, max 324 entries/cell
  Built 132793 VDW restraints, 9498 symmetry contacts

────────────────────────────────────────────────────────────────────
  XYZ Refinement
────────────────────────────────────────────────────────────────────

  adp (weight: 0.0200)
  ────────────────────────────────────────────────────────────────
    Metric                       Before      After     Change
    locality                    10860.2    10860.2     0.0000
    scaler_U                     4871.3     4871.3     0.0000
    scaler_log_scale           138620.4   138620.4     0.0000
    sigd                         2394.8     2394.8     0.0000
    simu                        11288.7    11288.7     0.0000

  geometry (weight: 0.2000)
  ────────────────────────────────────────────────────────────────
    Metric                       Before      After     Change
    angle                      -15848.1   -15944.8   -96.6230
    bond                       -12170.8   -12204.9   -34.1250
    chiral                    -162.1309  -164.1797    -2.0488
    nonbonded                  -34312.5   -34371.6   -59.1211
    planarity                   -8013.8    -8030.0   -16.2188
    torsion                      5352.6     5359.8    +7.1636

  other (weight: 1.0000)
  ────────────────────────────────────────────────────────────────
    Metric                       Before      After     Change
    xray                       127836.5   127683.3  -153.2500

  Group Totals
  ────────────────────────────────────────────────────────────────
    Group                        Before      After     Change
    adp                          3360.7     3360.7     0.0000
    geometry                   -13030.9   -13071.1   -40.1943
    xray                       127836.5   127683.3  -153.2500
────────────────────────────────────────────────────────────────────
  VDW rebuild: max drift 2.54 Å > threshold 1.00 Å

Building VDW (non-bonded) restraints...
  Symmetry expansion: 19 valid (symop, offset) combos
  Grid: [7, 8, 20], 906/1120 cells occupied, max 324 entries/cell
  Built 132793 VDW restraints, 9498 symmetry contacts

────────────────────────────────────────────────────────────────────
  ADP Refinement
────────────────────────────────────────────────────────────────────

  adp (weight: 0.0200)
  ────────────────────────────────────────────────────────────────
    Metric                       Before      After     Change
    locality                    10839.6    10698.0  -141.5186
    scaler_U                     4871.3     4871.3     0.0000
    scaler_log_scale           138620.4   138620.4     0.0000
    sigd                         2394.8     2394.9    +0.1060
    simu                        11288.7    11254.2   -34.4912

  geometry (weight: 0.2000)
  ────────────────────────────────────────────────────────────────
    Metric                       Before      After     Change
    angle                      -15944.8   -15944.8     0.0000
    bond                       -12204.9   -12204.9     0.0000
    chiral                    -164.1797  -164.1797     0.0000
    nonbonded                  -34371.6   -34371.6     0.0000
    planarity                   -8030.0    -8030.0     0.0000
    torsion                      5359.8     5359.8     0.0000

  other (weight: 1.0000)
  ────────────────────────────────────────────────────────────────
    Metric                       Before      After     Change
    xray                       127683.3   127665.0   -18.3047

  Group Totals
  ────────────────────────────────────────────────────────────────
    Group                        Before      After     Change
    adp                          3360.3     3356.8    -3.5181
    geometry                   -13071.1   -13071.1     0.0000
    xray                       127683.3   127665.0   -18.3047
────────────────────────────────────────────────────────────────────

============================================================
LBFGS Refinement - Cycle 4/10
============================================================
Refining scales with LBFGS...
Scale refinement complete. rwork: 0.2757, rfree: 0.2967

Final Scale Parameters: 
  c_iso: tensor([ 0.3005,  1.0741,  0.3695, -0.1672,  0.0992, -0.0555])
  U: tensor([ 0.3017,  0.3615,  0.3252,  0.0026, -0.0065, -0.0126])
  solvent.log_k_solvent: -0.8957669734954834
  solvent.log_ss_half: -3.815601110458374
  solvent.log_n_exp: 1.3833351135253906
  solvent.phase_offset: 0.05884892866015434
After scaling: Rwork=0.2757, Rfree=0.2967
  VDW rebuild: max drift 2.63 Å > threshold 1.00 Å

Building VDW (non-bonded) restraints...
  Symmetry expansion: 19 valid (symop, offset) combos
  Grid: [7, 8, 20], 906/1120 cells occupied, max 324 entries/cell
  Built 132793 VDW restraints, 9498 symmetry contacts

────────────────────────────────────────────────────────────────────
  XYZ Refinement
────────────────────────────────────────────────────────────────────

  adp (weight: 0.0200)
  ────────────────────────────────────────────────────────────────
    Metric                       Before      After     Change
    locality                    10698.0    10698.0     0.0000
    scaler_U                     4834.0     4834.0     0.0000
    scaler_log_scale           137195.8   137195.8     0.0000
    sigd                         2394.9     2394.9     0.0000
    simu                        11254.2    11254.2     0.0000

  geometry (weight: 0.2000)
  ────────────────────────────────────────────────────────────────
    Metric                       Before      After     Change
    angle                      -15944.8   -15909.2   +35.5654
    bond                       -12204.9   -12200.6    +4.3340
    chiral                    -164.1797  -161.9086    +2.2710
    nonbonded                  -34371.6   -34368.8    +2.7656
    planarity                   -8030.0    -8024.2    +5.7563
    torsion                      5359.8     5359.3    -0.4858

  other (weight: 1.0000)
  ────────────────────────────────────────────────────────────────
    Metric                       Before      After     Change
    xray                       127666.6   127512.2  -154.4219

  Group Totals
  ────────────────────────────────────────────────────────────────
    Group                        Before      After     Change
    adp                          3327.5     3327.5     0.0000
    geometry                   -13071.1   -13061.1   +10.0412
    xray                       127666.6   127512.2  -154.4219
────────────────────────────────────────────────────────────────────
  VDW rebuild: max drift 2.63 Å > threshold 1.00 Å

Building VDW (non-bonded) restraints...
  Symmetry expansion: 19 valid (symop, offset) combos
  Grid: [7, 8, 20], 906/1120 cells occupied, max 324 entries/cell
  Built 132793 VDW restraints, 9498 symmetry contacts

────────────────────────────────────────────────────────────────────
  ADP Refinement
────────────────────────────────────────────────────────────────────

  adp (weight: 0.0200)
  ────────────────────────────────────────────────────────────────
    Metric                       Before      After     Change
    locality                    10695.6    10553.6  -142.0225
    scaler_U                     4834.0     4834.0     0.0000
    scaler_log_scale           137195.8   137195.8     0.0000
    sigd                         2394.9     2395.7    +0.7993
    simu                        11254.2    11176.8   -77.3398

  geometry (weight: 0.2000)
  ────────────────────────────────────────────────────────────────
    Metric                       Before      After     Change
    angle                      -15909.2   -15909.2     0.0000
    bond                       -12200.6   -12200.6     0.0000
    chiral                    -161.9086  -161.9086     0.0000
    nonbonded                  -34368.8   -34368.8     0.0000
    planarity                   -8024.2    -8024.2     0.0000
    torsion                      5359.3     5359.3     0.0000

  other (weight: 1.0000)
  ────────────────────────────────────────────────────────────────
    Metric                       Before      After     Change
    xray                       127512.2   127513.4    +1.2031

  Group Totals
  ────────────────────────────────────────────────────────────────
    Group                        Before      After     Change
    adp                          3327.5     3323.1    -4.3713
    geometry                   -13061.1   -13061.1     0.0000
    xray                       127512.2   127513.4    +1.2031
────────────────────────────────────────────────────────────────────

============================================================
LBFGS Refinement - Cycle 5/10
============================================================
Refining scales with LBFGS...
Scale refinement complete. rwork: 0.2742, rfree: 0.2952

Final Scale Parameters: 
  c_iso: tensor([ 0.3001,  1.0639,  0.3726, -0.1701,  0.0995, -0.0565])
  U: tensor([ 0.3009,  0.3611,  0.3255,  0.0035, -0.0064, -0.0131])
  solvent.log_k_solvent: -0.894573450088501
  solvent.log_ss_half: -3.810102701187134
  solvent.log_n_exp: 1.4270811080932617
  solvent.phase_offset: 0.05906450003385544
After scaling: Rwork=0.2742, Rfree=0.2952
  VDW rebuild: max drift 2.88 Å > threshold 1.00 Å

Building VDW (non-bonded) restraints...
  Symmetry expansion: 19 valid (symop, offset) combos
  Grid: [7, 8, 20], 906/1120 cells occupied, max 324 entries/cell
  Built 132793 VDW restraints, 9498 symmetry contacts

────────────────────────────────────────────────────────────────────
  XYZ Refinement
────────────────────────────────────────────────────────────────────

  adp (weight: 0.0200)
  ────────────────────────────────────────────────────────────────
    Metric                       Before      After     Change
    locality                    10553.6    10553.6     0.0000
    scaler_U                     4825.5     4825.5     0.0000
    scaler_log_scale           136208.9   136208.9     0.0000
    sigd                         2395.7     2395.7     0.0000
    simu                        11176.8    11176.8     0.0000

  geometry (weight: 0.2000)
  ────────────────────────────────────────────────────────────────
    Metric                       Before      After     Change
    angle                      -15909.2   -15909.5    -0.3486
    bond                       -12200.6   -12205.7    -5.1162
    chiral                    -161.9086  -162.9188    -1.0102
    nonbonded                  -34368.8   -34364.6    +4.2148
    planarity                   -8024.2    -8027.2    -2.9380
    torsion                      5359.3     5362.2    +2.9302

  other (weight: 1.0000)
  ────────────────────────────────────────────────────────────────
    Metric                       Before      After     Change
    xray                       127520.8   127450.6   -70.1328

  Group Totals
  ────────────────────────────────────────────────────────────────
    Group                        Before      After     Change
    adp                          3303.2     3303.2     0.0000
    geometry                   -13061.1   -13061.5    -0.4540
    xray                       127520.8   127450.6   -70.1328
────────────────────────────────────────────────────────────────────
  VDW rebuild: max drift 2.88 Å > threshold 1.00 Å

Building VDW (non-bonded) restraints...
  Symmetry expansion: 19 valid (symop, offset) combos
  Grid: [7, 8, 20], 906/1120 cells occupied, max 324 entries/cell
  Built 132793 VDW restraints, 9498 symmetry contacts

────────────────────────────────────────────────────────────────────
  ADP Refinement
────────────────────────────────────────────────────────────────────

  adp (weight: 0.0200)
  ────────────────────────────────────────────────────────────────
    Metric                       Before      After     Change
    locality                    10540.0    10446.1   -93.9717
    scaler_U                     4825.5     4825.5     0.0000
    scaler_log_scale           136208.9   136208.9     0.0000
    sigd                         2395.7     2397.0    +1.2339
    simu                        11176.8    11166.0   -10.8877

  geometry (weight: 0.2000)
  ────────────────────────────────────────────────────────────────
    Metric                       Before      After     Change
    angle                      -15909.5   -15909.5     0.0000
    bond                       -12205.7   -12205.7     0.0000
    chiral                    -162.9188  -162.9188     0.0000
    nonbonded                  -34364.6   -34364.6     0.0000
    planarity                   -8027.2    -8027.2     0.0000
    torsion                      5362.2     5362.2     0.0000

  other (weight: 1.0000)
  ────────────────────────────────────────────────────────────────
    Metric                       Before      After     Change
    xray                       127450.6   127452.7    +2.0312

  Group Totals
  ────────────────────────────────────────────────────────────────
    Group                        Before      After     Change
    adp                          3302.9     3300.9    -2.0725
    geometry                   -13061.5   -13061.5     0.0000
    xray                       127450.6   127452.7    +2.0312
────────────────────────────────────────────────────────────────────

============================================================
LBFGS Refinement - Cycle 6/10
============================================================
Refining scales with LBFGS...
Scale refinement complete. rwork: 0.2737, rfree: 0.2965

Final Scale Parameters: 
  c_iso: tensor([ 0.2862,  1.0394,  0.3714, -0.1739,  0.1012, -0.0584])
  U: tensor([ 0.2964,  0.3561,  0.3207,  0.0039, -0.0065, -0.0127])
  solvent.log_k_solvent: -0.8924096822738647
  solvent.log_ss_half: -3.806366443634033
  solvent.log_n_exp: 1.417487382888794
  solvent.phase_offset: 0.05809126794338226
After scaling: Rwork=0.2737, Rfree=0.2965
  VDW rebuild: max drift 3.03 Å > threshold 1.00 Å

Building VDW (non-bonded) restraints...
  Symmetry expansion: 19 valid (symop, offset) combos
  Grid: [7, 8, 20], 906/1120 cells occupied, max 324 entries/cell
  Built 132793 VDW restraints, 9498 symmetry contacts

────────────────────────────────────────────────────────────────────
  XYZ Refinement
────────────────────────────────────────────────────────────────────

  adp (weight: 0.0200)
  ────────────────────────────────────────────────────────────────
    Metric                       Before      After     Change
    locality                    10446.1    10446.1     0.0000
    scaler_U                     4687.3     4687.3     0.0000
    scaler_log_scale           131588.1   131588.1     0.0000
    sigd                         2397.0     2397.0     0.0000
    simu                        11166.0    11166.0     0.0000

  geometry (weight: 0.2000)
  ────────────────────────────────────────────────────────────────
    Metric                       Before      After     Change
    angle                      -15909.5   -15893.2   +16.3047
    bond                       -12205.7   -12207.3    -1.6582
    chiral                    -162.9188  -161.3902    +1.5286
    nonbonded                  -34364.6   -34360.2    +4.4023
    planarity                   -8027.2    -8020.5    +6.6323
    torsion                      5362.2     5362.5    +0.2568

  other (weight: 1.0000)
  ────────────────────────────────────────────────────────────────
    Metric                       Before      After     Change
    xray                       127472.5   127404.4   -68.1016

  Group Totals
  ────────────────────────────────────────────────────────────────
    Group                        Before      After     Change
    adp                          3205.7     3205.7     0.0000
    geometry                   -13061.5   -13056.0    +5.4935
    xray                       127472.5   127404.4   -68.1016
────────────────────────────────────────────────────────────────────
  VDW rebuild: max drift 3.03 Å > threshold 1.00 Å

Building VDW (non-bonded) restraints...
  Symmetry expansion: 19 valid (symop, offset) combos
  Grid: [7, 8, 20], 906/1120 cells occupied, max 324 entries/cell
  Built 132793 VDW restraints, 9498 symmetry contacts

────────────────────────────────────────────────────────────────────
  ADP Refinement
────────────────────────────────────────────────────────────────────

  adp (weight: 0.0200)
  ────────────────────────────────────────────────────────────────
    Metric                       Before      After     Change
    locality                    10446.8    10281.9  -164.8721
    scaler_U                     4687.3     4687.3     0.0000
    scaler_log_scale           131588.1   131588.1     0.0000
    sigd                         2397.0     2398.4    +1.4607
    simu                        11166.0    11103.7   -62.2734

  geometry (weight: 0.2000)
  ────────────────────────────────────────────────────────────────
    Metric                       Before      After     Change
    angle                      -15893.2   -15893.2     0.0000
    bond                       -12207.3   -12207.3     0.0000
    chiral                    -161.3902  -161.3902     0.0000
    nonbonded                  -34360.2   -34360.2     0.0000
    planarity                   -8020.5    -8020.5     0.0000
    torsion                      5362.5     5362.5     0.0000

  other (weight: 1.0000)
  ────────────────────────────────────────────────────────────────
    Metric                       Before      After     Change
    xray                       127404.4   127418.5   +14.0859

  Group Totals
  ────────────────────────────────────────────────────────────────
    Group                        Before      After     Change
    adp                          3205.7     3201.2    -4.5137
    geometry                   -13056.0   -13056.0     0.0000
    xray                       127404.4   127418.5   +14.0859
────────────────────────────────────────────────────────────────────

============================================================
LBFGS Refinement - Cycle 7/10
============================================================
Refining scales with LBFGS...
Scale refinement complete. rwork: 0.2731, rfree: 0.2960

Final Scale Parameters: 
  c_iso: tensor([ 0.2889,  1.0331,  0.3757, -0.1771,  0.1025, -0.0590])
  U: tensor([ 0.2975,  0.3577,  0.3225,  0.0041, -0.0062, -0.0132])
  solvent.log_k_solvent: -0.8916823863983154
  solvent.log_ss_half: -3.8085696697235107
  solvent.log_n_exp: 1.4216105937957764
  solvent.phase_offset: 0.056524358689785004
After scaling: Rwork=0.2731, Rfree=0.2960
  VDW rebuild: max drift 3.33 Å > threshold 1.00 Å

Building VDW (non-bonded) restraints...
  Symmetry expansion: 19 valid (symop, offset) combos
  Grid: [7, 8, 20], 906/1120 cells occupied, max 324 entries/cell
  Built 132793 VDW restraints, 9498 symmetry contacts

────────────────────────────────────────────────────────────────────
  XYZ Refinement
────────────────────────────────────────────────────────────────────

  adp (weight: 0.0200)
  ────────────────────────────────────────────────────────────────
    Metric                       Before      After     Change
    locality                    10281.9    10281.9     0.0000
    scaler_U                     4730.5     4730.5     0.0000
    scaler_log_scale           131417.0   131417.0     0.0000
    sigd                         2398.4     2398.4     0.0000
    simu                        11103.7    11103.7     0.0000

  geometry (weight: 0.2000)
  ────────────────────────────────────────────────────────────────
    Metric                       Before      After     Change
    angle                      -15893.2   -15915.0   -21.7139
    bond                       -12207.3   -12212.5    -5.1475
    chiral                    -161.3902  -162.6322    -1.2420
    nonbonded                  -34360.2   -34360.4    -0.2109
    planarity                   -8020.5    -8026.3    -5.7974
    torsion                      5362.5     5363.7    +1.2471

  other (weight: 1.0000)
  ────────────────────────────────────────────────────────────────
    Metric                       Before      After     Change
    xray                       127434.9   127385.6   -49.2969

  Group Totals
  ────────────────────────────────────────────────────────────────
    Group                        Before      After     Change
    adp                          3198.6     3198.6     0.0000
    geometry                   -13056.0   -13062.6    -6.5729
    xray                       127434.9   127385.6   -49.2969
────────────────────────────────────────────────────────────────────
  VDW rebuild: max drift 3.33 Å > threshold 1.00 Å

Building VDW (non-bonded) restraints...
  Symmetry expansion: 19 valid (symop, offset) combos
  Grid: [7, 8, 20], 906/1120 cells occupied, max 324 entries/cell
  Built 132793 VDW restraints, 9498 symmetry contacts

────────────────────────────────────────────────────────────────────
  ADP Refinement
────────────────────────────────────────────────────────────────────

  adp (weight: 0.0200)
  ────────────────────────────────────────────────────────────────
    Metric                       Before      After     Change
    locality                    10280.4    10232.8   -47.5967
    scaler_U                     4730.5     4730.5     0.0000
    scaler_log_scale           131417.0   131417.0     0.0000
    sigd                         2398.4     2399.4    +0.9739
    simu                        11103.7    11086.6   -17.0684

  geometry (weight: 0.2000)
  ────────────────────────────────────────────────────────────────
    Metric                       Before      After     Change
    angle                      -15915.0   -15915.0     0.0000
    bond                       -12212.5   -12212.5     0.0000
    chiral                    -162.6322  -162.6322     0.0000
    nonbonded                  -34360.4   -34360.4     0.0000
    planarity                   -8026.3    -8026.3     0.0000
    torsion                      5363.7     5363.7     0.0000

  other (weight: 1.0000)
  ────────────────────────────────────────────────────────────────
    Metric                       Before      After     Change
    xray                       127385.6   127389.7    +4.1406

  Group Totals
  ────────────────────────────────────────────────────────────────
    Group                        Before      After     Change
    adp                          3198.6     3197.3    -1.2738
    geometry                   -13062.6   -13062.6     0.0000
    xray                       127385.6   127389.7    +4.1406
────────────────────────────────────────────────────────────────────

============================================================
LBFGS Refinement - Cycle 8/10
============================================================
Refining scales with LBFGS...
Scale refinement complete. rwork: 0.2727, rfree: 0.2977

Final Scale Parameters: 
  c_iso: tensor([ 0.2817,  1.0362,  0.3693, -0.1727,  0.1004, -0.0573])
  U: tensor([ 0.2978,  0.3576,  0.3230,  0.0043, -0.0066, -0.0130])
  solvent.log_k_solvent: -0.895151674747467
  solvent.log_ss_half: -3.806717872619629
  solvent.log_n_exp: 1.4210498332977295
  solvent.phase_offset: 0.05838971957564354
After scaling: Rwork=0.2727, Rfree=0.2977
  VDW rebuild: max drift 3.49 Å > threshold 1.00 Å

Building VDW (non-bonded) restraints...
  Symmetry expansion: 19 valid (symop, offset) combos
  Grid: [7, 8, 20], 906/1120 cells occupied, max 324 entries/cell
  Built 132793 VDW restraints, 9498 symmetry contacts

────────────────────────────────────────────────────────────────────
  XYZ Refinement
────────────────────────────────────────────────────────────────────

  adp (weight: 0.0200)
  ────────────────────────────────────────────────────────────────
    Metric                       Before      After     Change
    locality                    10232.8    10232.8     0.0000
    scaler_U                     4736.7     4736.7     0.0000
    scaler_log_scale           130549.8   130549.8     0.0000
    sigd                         2399.4     2399.4     0.0000
    simu                        11086.6    11086.6     0.0000

  geometry (weight: 0.2000)
  ────────────────────────────────────────────────────────────────
    Metric                       Before      After     Change
    angle                      -15915.0   -15896.0   +18.9482
    bond                       -12212.5   -12212.1    +0.4229
    chiral                    -162.6322  -161.4056    +1.2266
    nonbonded                  -34360.4   -34364.2    -3.8281
    planarity                   -8026.3    -8014.7   +11.6455
    torsion                      5363.7     5363.3    -0.4863

  other (weight: 1.0000)
  ────────────────────────────────────────────────────────────────
    Metric                       Before      After     Change
    xray                       127400.3   127332.1   -68.2422

  Group Totals
  ────────────────────────────────────────────────────────────────
    Group                        Before      After     Change
    adp                          3180.1     3180.1     0.0000
    geometry                   -13062.6   -13057.0    +5.5857
    xray                       127400.3   127332.1   -68.2422
────────────────────────────────────────────────────────────────────
  VDW rebuild: max drift 3.49 Å > threshold 1.00 Å

Building VDW (non-bonded) restraints...
  Symmetry expansion: 19 valid (symop, offset) combos
  Grid: [7, 8, 20], 906/1120 cells occupied, max 324 entries/cell
  Built 132793 VDW restraints, 9498 symmetry contacts

────────────────────────────────────────────────────────────────────
  ADP Refinement
────────────────────────────────────────────────────────────────────

  adp (weight: 0.0200)
  ────────────────────────────────────────────────────────────────
    Metric                       Before      After     Change
    locality                    10222.8    10177.7   -45.1416
    scaler_U                     4736.7     4736.7     0.0000
    scaler_log_scale           130549.8   130549.8     0.0000
    sigd                         2399.4     2400.4    +0.9509
    simu                        11086.6    11033.0   -53.5625

  geometry (weight: 0.2000)
  ────────────────────────────────────────────────────────────────
    Metric                       Before      After     Change
    angle                      -15896.0   -15896.0     0.0000
    bond                       -12212.1   -12212.1     0.0000
    chiral                    -161.4056  -161.4056     0.0000
    nonbonded                  -34364.2   -34364.2     0.0000
    planarity                   -8014.7    -8014.7     0.0000
    torsion                      5363.3     5363.3     0.0000

  other (weight: 1.0000)
  ────────────────────────────────────────────────────────────────
    Metric                       Before      After     Change
    xray                       127332.1   127343.3   +11.2344

  Group Totals
  ────────────────────────────────────────────────────────────────
    Group                        Before      After     Change
    adp                          3179.9     3178.0    -1.9551
    geometry                   -13057.0   -13057.0     0.0000
    xray                       127332.1   127343.3   +11.2344
────────────────────────────────────────────────────────────────────

============================================================
LBFGS Refinement - Cycle 9/10
============================================================
Refining scales with LBFGS...
Scale refinement complete. rwork: 0.2722, rfree: 0.2992

Final Scale Parameters: 
  c_iso: tensor([ 0.2843,  1.0331,  0.3721, -0.1744,  0.1014, -0.0572])
  U: tensor([ 0.2992,  0.3592,  0.3247,  0.0043, -0.0065, -0.0131])
  solvent.log_k_solvent: -0.8933206796646118
  solvent.log_ss_half: -3.814068078994751
  solvent.log_n_exp: 1.424324631690979
  solvent.phase_offset: 0.057888731360435486
After scaling: Rwork=0.2722, Rfree=0.2992
  VDW rebuild: max drift 3.60 Å > threshold 1.00 Å

Building VDW (non-bonded) restraints...
  Symmetry expansion: 19 valid (symop, offset) combos
  Grid: [7, 8, 20], 906/1120 cells occupied, max 324 entries/cell
  Built 132793 VDW restraints, 9498 symmetry contacts

────────────────────────────────────────────────────────────────────
  XYZ Refinement
────────────────────────────────────────────────────────────────────

  adp (weight: 0.0200)
  ────────────────────────────────────────────────────────────────
    Metric                       Before      After     Change
    locality                    10177.7    10177.7     0.0000
    scaler_U                     4781.9     4781.9     0.0000
    scaler_log_scale           130535.4   130535.4     0.0000
    sigd                         2400.4     2400.4     0.0000
    simu                        11033.0    11033.0     0.0000

  geometry (weight: 0.2000)
  ────────────────────────────────────────────────────────────────
    Metric                       Before      After     Change
    angle                      -15896.0   -15909.3   -13.2695
    bond                       -12212.1   -12219.8    -7.7871
    chiral                    -161.4056  -162.1511    -0.7455
    nonbonded                  -34364.2   -34364.2    +0.0117
    planarity                   -8014.7    -8022.3    -7.6396
    torsion                      5363.3     5363.7    +0.4170

  other (weight: 1.0000)
  ────────────────────────────────────────────────────────────────
    Metric                       Before      After     Change
    xray                       127358.8   127337.8   -21.0781

  Group Totals
  ────────────────────────────────────────────────────────────────
    Group                        Before      After     Change
    adp                          3178.6     3178.6     0.0000
    geometry                   -13057.0   -13062.8    -5.8024
    xray                       127358.8   127337.8   -21.0781
────────────────────────────────────────────────────────────────────
  VDW rebuild: max drift 3.60 Å > threshold 1.00 Å

Building VDW (non-bonded) restraints...
  Symmetry expansion: 19 valid (symop, offset) combos
  Grid: [7, 8, 20], 906/1120 cells occupied, max 324 entries/cell
  Built 132793 VDW restraints, 9498 symmetry contacts

────────────────────────────────────────────────────────────────────
  ADP Refinement
────────────────────────────────────────────────────────────────────

  adp (weight: 0.0200)
  ────────────────────────────────────────────────────────────────
    Metric                       Before      After     Change
    locality                    10168.2    10165.6    -2.5986
    scaler_U                     4781.9     4781.9     0.0000
    scaler_log_scale           130535.4   130535.4     0.0000
    sigd                         2400.4     2401.2    +0.8232
    simu                        11033.0    10995.7   -37.3115

  geometry (weight: 0.2000)
  ────────────────────────────────────────────────────────────────
    Metric                       Before      After     Change
    angle                      -15909.3   -15909.3     0.0000
    bond                       -12219.8   -12219.8     0.0000
    chiral                    -162.1511  -162.1511     0.0000
    nonbonded                  -34364.2   -34364.2     0.0000
    planarity                   -8022.3    -8022.3     0.0000
    torsion                      5363.7     5363.7     0.0000

  other (weight: 1.0000)
  ────────────────────────────────────────────────────────────────
    Metric                       Before      After     Change
    xray                       127337.8   127331.5    -6.2422

  Group Totals
  ────────────────────────────────────────────────────────────────
    Group                        Before      After     Change
    adp                          3178.4     3177.6    -0.7817
    geometry                   -13062.8   -13062.8     0.0000
    xray                       127337.8   127331.5    -6.2422
────────────────────────────────────────────────────────────────────

============================================================
LBFGS Refinement - Cycle 10/10
============================================================
Refining scales with LBFGS...
Scale refinement complete. rwork: 0.2721, rfree: 0.2997

Final Scale Parameters: 
  c_iso: tensor([ 0.2825,  1.0339,  0.3708, -0.1734,  0.1008, -0.0571])
  U: tensor([ 0.3004,  0.3606,  0.3260,  0.0042, -0.0065, -0.0133])
  solvent.log_k_solvent: -0.893831193447113
  solvent.log_ss_half: -3.8116207122802734
  solvent.log_n_exp: 1.4250813722610474
  solvent.phase_offset: 0.05873194709420204
After scaling: Rwork=0.2721, Rfree=0.2997
  VDW rebuild: max drift 3.63 Å > threshold 1.00 Å

Building VDW (non-bonded) restraints...
  Symmetry expansion: 19 valid (symop, offset) combos
  Grid: [7, 8, 20], 906/1120 cells occupied, max 324 entries/cell
  Built 132793 VDW restraints, 9498 symmetry contacts

────────────────────────────────────────────────────────────────────
  XYZ Refinement
────────────────────────────────────────────────────────────────────

  adp (weight: 0.0200)
  ────────────────────────────────────────────────────────────────
    Metric                       Before      After     Change
    locality                    10165.6    10165.6     0.0000
    scaler_U                     4820.6     4820.6     0.0000
    scaler_log_scale           130420.6   130420.6     0.0000
    sigd                         2401.2     2401.2     0.0000
    simu                        10995.7    10995.7     0.0000

  geometry (weight: 0.2000)
  ────────────────────────────────────────────────────────────────
    Metric                       Before      After     Change
    angle                      -15909.3   -15892.2   +17.0469
    bond                       -12219.8   -12214.3    +5.5459
    chiral                    -162.1511  -161.3331    +0.8180
    nonbonded                  -34364.2   -34368.5    -4.2422
    planarity                   -8022.3    -8014.9    +7.3940
    torsion                      5363.7     5363.3    -0.4053

  other (weight: 1.0000)
  ────────────────────────────────────────────────────────────────
    Metric                       Before      After     Change
    xray                       127344.7   127310.5   -34.2266

  Group Totals
  ────────────────────────────────────────────────────────────────
    Group                        Before      After     Change
    adp                          3176.1     3176.1     0.0000
    geometry                   -13062.8   -13057.6    +5.2313
    xray                       127344.7   127310.5   -34.2266
────────────────────────────────────────────────────────────────────
  VDW rebuild: max drift 3.63 Å > threshold 1.00 Å

Building VDW (non-bonded) restraints...
  Symmetry expansion: 19 valid (symop, offset) combos
  Grid: [7, 8, 20], 906/1120 cells occupied, max 324 entries/cell
  Built 132793 VDW restraints, 9498 symmetry contacts

────────────────────────────────────────────────────────────────────
  ADP Refinement
────────────────────────────────────────────────────────────────────

  adp (weight: 0.0200)
  ────────────────────────────────────────────────────────────────
    Metric                       Before      After     Change
    locality                    10161.5    10070.3   -91.2686
    scaler_U                     4820.6     4820.6     0.0000
    scaler_log_scale           130420.6   130420.6     0.0000
    sigd                         2401.2     2401.7    +0.5479
    simu                        10995.7    10939.1   -56.6338

  geometry (weight: 0.2000)
  ────────────────────────────────────────────────────────────────
    Metric                       Before      After     Change
    angle                      -15892.2   -15892.2     0.0000
    bond                       -12214.3   -12214.3     0.0000
    chiral                    -161.3331  -161.3331     0.0000
    nonbonded                  -34368.5   -34368.5     0.0000
    planarity                   -8014.9    -8014.9     0.0000
    torsion                      5363.3     5363.3     0.0000

  other (weight: 1.0000)
  ────────────────────────────────────────────────────────────────
    Metric                       Before      After     Change
    xray                       127310.5   127315.9    +5.3828

  Group Totals
  ────────────────────────────────────────────────────────────────
    Group                        Before      After     Change
    adp                          3176.0     3173.0    -2.9471
    geometry                   -13057.6   -13057.6     0.0000
    xray                       127310.5   127315.9    +5.3828
────────────────────────────────────────────────────────────────────
Calculating initial scale factors using 10 bins.
Refining scales with LBFGS...
Scale refinement complete. rwork: 0.2717, rfree: 0.3001

Final Scale Parameters: 
  c_iso: tensor([ 0.2764,  1.0219,  0.3710, -0.1750,  0.1014, -0.0573])
  U: tensor([ 0.2990,  0.3594,  0.3247,  0.0040, -0.0064, -0.0136])
  solvent.log_k_solvent: -0.892863929271698
  solvent.log_ss_half: -3.809377908706665
  solvent.log_n_exp: 1.4215831756591797
  solvent.phase_offset: 0.05838087201118469

Refinement completed successfully.

Saving results to /das/work/units/LBR-FEL/p17490/Peter/Library/work_trees_torchref/alignement/alignment_lab/benchmarks/af_mr/runs/dmin3.0/3QNM/refine_phaser_mr...
  Refined structure (PDB): /das/work/units/LBR-FEL/p17490/Peter/Library/work_trees_torchref/alignement/alignment_lab/benchmarks/af_mr/runs/dmin3.0/3QNM/refine_phaser_mr/refined.pdb
  Refined structure (mmCIF): /das/work/units/LBR-FEL/p17490/Peter/Library/work_trees_torchref/alignement/alignment_lab/benchmarks/af_mr/runs/dmin3.0/3QNM/refine_phaser_mr/refined.cif
Added map coefficients:
  2Fo-Fc: FWT, PHWT
  Fo-Fc: DELFWT, PHDELWT
  Resolution range: 1.70 - 42.85 Å
✓ Wrote MTZ file: /das/work/units/LBR-FEL/p17490/Peter/Library/work_trees_torchref/alignement/alignment_lab/benchmarks/af_mr/runs/dmin3.0/3QNM/refine_phaser_mr/refined.mtz
  Reflections: 29690
  Columns: H, K, L, F-obs, SIGF-obs, I-obs, SIGI-obs, R-free-flags, FWT, PHWT, DELFWT, PHDELWT, F-model, PH-model
  Refined structure factors: /das/work/units/LBR-FEL/p17490/Peter/Library/work_trees_torchref/alignement/alignment_lab/benchmarks/af_mr/runs/dmin3.0/3QNM/refine_phaser_mr/refined.mtz
  Refinement history: /das/work/units/LBR-FEL/p17490/Peter/Library/work_trees_torchref/alignement/alignment_lab/benchmarks/af_mr/runs/dmin3.0/3QNM/refine_phaser_mr/refinement_history.json

================================================================================
Refinement Summary
================================================================================
R-work:  0.2717 (29110 reflections)
R-free:  0.3001 (580 reflections)
NLL work: 127328.30
NLL test: 2593.59
================================================================================

Output files:
  - /das/work/units/LBR-FEL/p17490/Peter/Library/work_trees_torchref/alignement/alignment_lab/benchmarks/af_mr/runs/dmin3.0/3QNM/refine_phaser_mr/refined.pdb
  - /das/work/units/LBR-FEL/p17490/Peter/Library/work_trees_torchref/alignement/alignment_lab/benchmarks/af_mr/runs/dmin3.0/3QNM/refine_phaser_mr/refined.cif
  - /das/work/units/LBR-FEL/p17490/Peter/Library/work_trees_torchref/alignement/alignment_lab/benchmarks/af_mr/runs/dmin3.0/3QNM/refine_phaser_mr/refined.mtz
  - /das/work/units/LBR-FEL/p17490/Peter/Library/work_trees_torchref/alignement/alignment_lab/benchmarks/af_mr/runs/dmin3.0/3QNM/refine_phaser_mr/refinement_history.json

Refinement completed successfully!

Timing: 189.8s wall, 243.7s CPU
