/das/work/units/LBR-FEL/p17490/Peter/Library/work_trees_torchref/alignement/torchref/cli/refine.py:21: UserWarning: TorchRef using user-specified 8 threads from TORCHREF_NUM_THREADS.
  from torchref.cli._common import (
================================================================================
TorchRef LBFGS Refinement
================================================================================
Model:             /das/work/units/LBR-FEL/p17490/Peter/Library/work_trees_torchref/dev/paper/figure2_alphafold_start/placed/3W3W_af.pdb
Structure factor:  /das/work/units/LBR-FEL/p17490/Peter/Library/work_trees_torchref/dev/paper/data/3W3W/3W3W.mtz
Output directory:  /das/work/units/LBR-FEL/p17490/Peter/Library/work_trees_torchref/alignement/alignment_lab/benchmarks/af_mr/runs/dmin3.0/3W3W/refine_phaser_mr
Refinement mode:   separate
X-ray target:      ml
Refinement cycles: 10
Rigid-body step:   on (iterations/cutoff = 30)
Device:            auto
ADP mode:          isotropic
Wavelength:        1 A
Manual weights:    {"adp": 0.02}
================================================================================

Initializing refinement...
FrenchWilson initialized:
  Reflections: 65864
  Resolution: 2.20 - 90.80 Å
  Space group: SpaceGroup('P212121', number=19, n_ops=4)
  Centric: 5841 (8.9%)
French-Wilson input guard: 2990/65864 (4.5397%) reflections unusable as intensities (absent, or too negative to be a noisy measurement)
found non-finite F values (NaN/Inf):  2972
found non-finite F_sigma values (NaN/Inf):  2972
Wilson outlier rejection: 7/51708 (0.0135%) of tested reflections flagged (0 too strong, 7 too weak)
Loaded 8044 atoms
Building restraints...
Found 109 link definitions

Building VDW (non-bonded) restraints...
  Symmetry expansion: 27 valid (symop, offset) combos
  Grid: [12, 21, 21], 3730/5292 cells occupied, max 192 entries/cell
  Built 137663 VDW restraints, 5072 symmetry contacts
  Hydrogen topology: 8084 riding H atoms
  H candidate pairs: 343823 (89233 H-H, 254590 H-heavy, 9757 symmetry)
================================================================================
Restraints Summary
================================================================================
CIF file: None
Residue types in dictionary: 20

INTRA-RESIDUE RESTRAINTS:
--------------------------------------------------------------------------------
  Bonds: 7167
  Angles: 8025
  Torsions: 2033
  Planes: 1519
  Chirals: 1329

INTER-RESIDUE RESTRAINTS:
--------------------------------------------------------------------------------
  Peptide bonds: 1011
  Peptide angles: 3074
  Disulfide bonds: 0
  Disulfide angles: 0
  Disulfide torsions: 0
  LINK bonds: 0

BACKBONE TORSIONS:
--------------------------------------------------------------------------------
  Phi: 1011
  Psi: 1011
  Omega: 1011
  Ramachandran: 994

VDW RESTRAINTS:
--------------------------------------------------------------------------------
  Non-bonded contacts: 137663 (132591 intra-ASU, 5072 symmetry)
================================================================================
Generated 8087 hydrogens
ADP representation: isotropic, 16131 parameters, 3.8 work reflections each
Initialized ScalerBase with 10 bins.
Building restraints...

Building VDW (non-bonded) restraints...
  Symmetry expansion: 27 valid (symop, offset) combos
  Grid: [12, 21, 21], 3954/5292 cells occupied, max 312 entries/cell
  Built 586850 VDW restraints, 21842 symmetry contacts
================================================================================
Restraints Summary
================================================================================
CIF file: None
Residue types in dictionary: 20

INTRA-RESIDUE RESTRAINTS:
--------------------------------------------------------------------------------
  Bonds: 15254
  Angles: 25400
  Torsions: 3146
  Planes: 2642
  Chirals: 1329

INTER-RESIDUE RESTRAINTS:
--------------------------------------------------------------------------------
  Peptide bonds: 1011
  Peptide angles: 4044
  Disulfide bonds: 0
  Disulfide angles: 0
  Disulfide torsions: 0
  LINK bonds: 0

BACKBONE TORSIONS:
--------------------------------------------------------------------------------
  Phi: 1011
  Psi: 1011
  Omega: 1011
  Ramachandran: 994

VDW RESTRAINTS:
--------------------------------------------------------------------------------
  Non-bonded contacts: 586850 (565008 intra-ASU, 21842 symmetry)
================================================================================
Initializing TotalGeometryTarget with component targets...
Initializing TotalADPTarget with component targets: simu, locality, sigd
Parametrization built for 5 unique atom types
SfFFT: Using late symmetry (reciprocal space)
Calculating initial scale factors using 10 bins.
Refining scales with LBFGS...
Scale refinement complete. rwork: 0.4081, rfree: 0.4102

Final Scale Parameters: 
  c_iso: tensor([-0.9770,  1.3379,  0.0911,  0.2166, -0.1455,  0.1796])
  U: tensor([ 0.5513,  0.8192,  0.7344,  0.0210, -0.0418,  0.0073])
  solvent.log_k_solvent: -1.0790867805480957
  solvent.log_ss_half: -4.168346405029297
  solvent.log_n_exp: 1.0054324865341187
  solvent.phase_offset: 0.028019612655043602
Initialized targets with xray_mode='ml'
Applied manual group weights: {'xray': 1.0, 'geometry': 0.2, 'geometry/ramachandran': 0.0, 'adp': 0.02, 'adp/sigd': 1.0, 'adp/node_load': 10.0, 'adp/node_smoothness': 0.0}
Refinement initialized successfully.

Starting refinement with 10 macro cycles...

Rigid-body step enabled: one multi-resolution rigid-body pass will run once at the start of refinement.


--- Rigid-body step (once, at start) ---
Switched to rigid-body parametrization: RigidXYZTensor(n_atoms=16131, n_chains=3) (3 chain(s))
Filtering: 3477/65864 reflections in range [inf - 6.0] Å (3367 valid after all masks)
Initialized ScalerBase with 10 bins.
Calculating initial scale factors using 10 bins.
Calculating initial scale factors using 10 bins.
Refining scales with LBFGS...
Scale refinement complete. rwork: 0.3442, rfree: 0.3272

Final Scale Parameters: 
  c_iso: tensor([-4.6153, -2.3029,  1.7918,  7.3188,  5.0672,  2.3250])
  U: tensor([ 3.1858,  3.6128,  3.3939,  0.1088, -0.2785, -0.0648])
  solvent.log_k_solvent: -1.3509258031845093
  solvent.log_ss_half: -5.330952167510986
  solvent.log_n_exp: 0.43821510672569275
  solvent.phase_offset: 0.03836279734969139
  rigid-body d_min=6.00 (lbfgs, iters=30): Rwork=0.3339 Rfree=0.3409
Filtering: 15021/65864 reflections in range [inf - 3.6332401147019038] Å (14851 valid after all masks)
Initialized ScalerBase with 10 bins.
Calculating initial scale factors using 10 bins.
Calculating initial scale factors using 10 bins.
Refining scales with LBFGS...
Scale refinement complete. rwork: 0.3674, rfree: 0.3671

Final Scale Parameters: 
  c_iso: tensor([-0.8672,  1.2226, -1.4738, -0.5720, -0.5700,  0.2207])
  U: tensor([ 1.6685,  1.9586,  1.8699,  0.0554, -0.0459,  0.0275])
  solvent.log_k_solvent: -1.2567743062973022
  solvent.log_ss_half: -4.785081386566162
  solvent.log_n_exp: 0.5491259098052979
  solvent.phase_offset: -0.03542504832148552
  rigid-body d_min=3.63 (lbfgs, iters=30): Rwork=0.3696 Rfree=0.3706
Filtering: 65862/65864 reflections in range [inf - 2.2000722885131836] Å (62874 valid after all masks)
Initialized ScalerBase with 10 bins.
Calculating initial scale factors using 10 bins.
Calculating initial scale factors using 10 bins.
Refining scales with LBFGS...
Scale refinement complete. rwork: 0.4046, rfree: 0.4039

Final Scale Parameters: 
  c_iso: tensor([-0.5546,  2.0804,  0.1399,  0.2972, -0.1815,  0.2049])
  U: tensor([ 0.8614,  1.1336,  1.0424,  0.0196, -0.0395,  0.0061])
  solvent.log_k_solvent: -1.1587971448898315
  solvent.log_ss_half: -4.314643859863281
  solvent.log_n_exp: 0.9288365244865417
  solvent.phase_offset: -0.03218220919370651
  rigid-body d_min=2.20 (lbfgs, iters=30): Rwork=0.4185 Rfree=0.4181
Initialized ScalerBase with 10 bins.
Calculating initial scale factors using 10 bins.
Calculating initial scale factors using 10 bins.
Refining scales with LBFGS...
Scale refinement complete. rwork: 0.3993, rfree: 0.4009

Final Scale Parameters: 
  c_iso: tensor([-0.5985,  2.0075,  0.1362,  0.2861, -0.1775,  0.1992])
  U: tensor([ 0.8273,  1.0965,  1.0061,  0.0227, -0.0401,  0.0075])
  solvent.log_k_solvent: -1.1513557434082031
  solvent.log_ss_half: -4.294807434082031
  solvent.log_n_exp: 0.9098413586616516
  solvent.phase_offset: 0.02479405328631401
Initialized ScalerBase with 10 bins.
Calculating initial scale factors using 10 bins.
Calculating initial scale factors using 10 bins.
Refining scales with LBFGS...
Scale refinement complete. rwork: 0.3993, rfree: 0.4009

Final Scale Parameters: 
  c_iso: tensor([-0.5819,  2.0317,  0.1403,  0.2871, -0.1779,  0.1995])
  U: tensor([ 0.8384,  1.1077,  1.0171,  0.0226, -0.0399,  0.0076])
  solvent.log_k_solvent: -1.1527588367462158
  solvent.log_ss_half: -4.301675796508789
  solvent.log_n_exp: 0.9015250205993652
  solvent.phase_offset: 0.024524476379156113

============================================================
LBFGS Refinement - Cycle 1/10
============================================================
Refining scales with LBFGS...
Scale refinement complete. rwork: 0.3993, rfree: 0.4009

Final Scale Parameters: 
  c_iso: tensor([-0.6029,  1.9997,  0.1355,  0.2854, -0.1771,  0.1990])
  U: tensor([ 0.8239,  1.0934,  1.0028,  0.0227, -0.0399,  0.0075])
  solvent.log_k_solvent: -1.1506506204605103
  solvent.log_ss_half: -4.293392658233643
  solvent.log_n_exp: 0.9105569124221802
  solvent.phase_offset: 0.024891525506973267
After scaling: Rwork=0.3993, Rfree=0.4009
  VDW rebuild: max drift 2.00 Å > threshold 1.00 Å

Building VDW (non-bonded) restraints...
  Symmetry expansion: 27 valid (symop, offset) combos
  Grid: [12, 21, 21], 3954/5292 cells occupied, max 312 entries/cell
  Built 586850 VDW restraints, 21842 symmetry contacts

────────────────────────────────────────────────────────────────────
  XYZ Refinement
────────────────────────────────────────────────────────────────────

  adp (weight: 0.0200)
  ────────────────────────────────────────────────────────────────
    Metric                       Before      After     Change
    locality                     4780.5     4780.5     0.0000
    scaler_U                    93602.7    93602.7     0.0000
    scaler_log_scale          1718788.2  1718788.2     0.0000
    sigd                        10331.7    10331.7     0.0000
    simu                        29105.7    29105.7     0.0000

  geometry (weight: 0.2000)
  ────────────────────────────────────────────────────────────────
    Metric                       Before      After     Change
    angle                      -66110.8   -72469.6    -6358.7
    bond                       -49973.2   -54287.8    -4314.6
    chiral                    -715.6151  -865.3750  -149.7599
    nonbonded                 -136131.6  -154869.2   -18737.6
    planarity                  -31034.7   -32304.1    -1269.4
    torsion                     16698.4    16847.0  +148.5859

  other (weight: 1.0000)
  ────────────────────────────────────────────────────────────────
    Metric                       Before      After     Change
    xray                       268049.0   265918.2    -2130.8

  Group Totals
  ────────────────────────────────────────────────────────────────
    Group                        Before      After     Change
    adp                         37132.2    37132.2     0.0000
    geometry                   -53453.5   -59589.8    -6136.3
    xray                       268049.0   265918.2    -2130.8
────────────────────────────────────────────────────────────────────
  VDW rebuild: max drift 2.00 Å > threshold 1.00 Å

Building VDW (non-bonded) restraints...
  Symmetry expansion: 27 valid (symop, offset) combos
  Grid: [12, 21, 21], 3954/5292 cells occupied, max 312 entries/cell
  Built 586850 VDW restraints, 21842 symmetry contacts

────────────────────────────────────────────────────────────────────
  ADP Refinement
────────────────────────────────────────────────────────────────────

  adp (weight: 0.0200)
  ────────────────────────────────────────────────────────────────
    Metric                       Before      After     Change
    locality                     4779.9    25764.9   +20985.0
    scaler_U                    93602.7    93602.7     0.0000
    scaler_log_scale          1718788.2  1718788.2     0.0000
    sigd                        10331.7    13059.4    +2727.7
    simu                        29105.7    38563.4    +9457.7

  geometry (weight: 0.2000)
  ────────────────────────────────────────────────────────────────
    Metric                       Before      After     Change
    angle                      -72469.6   -72469.6     0.0000
    bond                       -54287.8   -54287.8     0.0000
    chiral                    -865.3750  -865.3750     0.0000
    nonbonded                 -154869.2  -154869.2     0.0000
    planarity                  -32304.1   -32304.1     0.0000
    torsion                     16847.0    16847.0     0.0000

  other (weight: 1.0000)
  ────────────────────────────────────────────────────────────────
    Metric                       Before      After     Change
    xray                       265918.2   258760.2    -7158.0

  Group Totals
  ────────────────────────────────────────────────────────────────
    Group                        Before      After     Change
    adp                         37132.2    37795.6  +663.4086
    geometry                   -59589.8   -59589.8     0.0000
    xray                       265918.2   258760.2    -7158.0
────────────────────────────────────────────────────────────────────

============================================================
LBFGS Refinement - Cycle 2/10
============================================================
Refining scales with LBFGS...
Scale refinement complete. rwork: 0.3329, rfree: 0.3522

Final Scale Parameters: 
  c_iso: tensor([-1.1133,  1.2340, -0.0617,  0.2221, -0.1454,  0.2033])
  U: tensor([ 0.4880,  0.7447,  0.6579,  0.0240, -0.0298,  0.0042])
  solvent.log_k_solvent: -1.1287323236465454
  solvent.log_ss_half: -4.19766092300415
  solvent.log_n_exp: 1.0121811628341675
  solvent.phase_offset: 0.024093402549624443
After scaling: Rwork=0.3329, Rfree=0.3522
  VDW rebuild: max drift 1.79 Å > threshold 1.00 Å

Building VDW (non-bonded) restraints...
  Symmetry expansion: 27 valid (symop, offset) combos
  Grid: [12, 21, 21], 3954/5292 cells occupied, max 312 entries/cell
  Built 586850 VDW restraints, 21842 symmetry contacts

────────────────────────────────────────────────────────────────────
  XYZ Refinement
────────────────────────────────────────────────────────────────────

  adp (weight: 0.0200)
  ────────────────────────────────────────────────────────────────
    Metric                       Before      After     Change
    locality                    25764.9    25764.9     0.0000
    scaler_U                    39236.6    39236.6     0.0000
    scaler_log_scale           465773.2   465773.2     0.0000
    sigd                        13059.4    13059.4     0.0000
    simu                        38563.4    38563.4     0.0000

  geometry (weight: 0.2000)
  ────────────────────────────────────────────────────────────────
    Metric                       Before      After     Change
    angle                      -72469.6   -72806.2  -336.6250
    bond                       -54287.8   -54213.5   +74.3086
    chiral                    -865.3750  -850.3640   +15.0110
    nonbonded                 -154869.2  -154801.2   +67.9844
    planarity                  -32304.1   -32176.7  +127.4160
    torsion                     16847.0    16927.1   +80.1523

  other (weight: 1.0000)
  ────────────────────────────────────────────────────────────────
    Metric                       Before      After     Change
    xray                       259208.0   254904.6    -4303.4

  Group Totals
  ────────────────────────────────────────────────────────────────
    Group                        Before      After     Change
    adp                         11647.9    11647.9     0.0000
    geometry                   -59589.8   -59584.2    +5.6484
    xray                       259208.0   254904.6    -4303.4
────────────────────────────────────────────────────────────────────
  VDW rebuild: max drift 1.79 Å > threshold 1.00 Å

Building VDW (non-bonded) restraints...
  Symmetry expansion: 27 valid (symop, offset) combos
  Grid: [12, 21, 21], 3954/5292 cells occupied, max 312 entries/cell
  Built 586850 VDW restraints, 21842 symmetry contacts

────────────────────────────────────────────────────────────────────
  ADP Refinement
────────────────────────────────────────────────────────────────────

  adp (weight: 0.0200)
  ────────────────────────────────────────────────────────────────
    Metric                       Before      After     Change
    locality                    25814.7    38795.4   +12980.7
    scaler_U                    39236.6    39236.6     0.0000
    scaler_log_scale           465773.2   465773.2     0.0000
    sigd                        13059.4    14657.1    +1597.7
    simu                        38563.4    45130.7    +6567.3

  geometry (weight: 0.2000)
  ────────────────────────────────────────────────────────────────
    Metric                       Before      After     Change
    angle                      -72806.2   -72806.2     0.0000
    bond                       -54213.5   -54213.5     0.0000
    chiral                    -850.3640  -850.3640     0.0000
    nonbonded                 -154801.2  -154801.2     0.0000
    planarity                  -32176.7   -32176.7     0.0000
    torsion                     16927.1    16927.1     0.0000

  other (weight: 1.0000)
  ────────────────────────────────────────────────────────────────
    Metric                       Before      After     Change
    xray                       254904.6   253507.3    -1397.3

  Group Totals
  ────────────────────────────────────────────────────────────────
    Group                        Before      After     Change
    adp                         11648.9    12071.9  +422.9134
    geometry                   -59584.2   -59584.2     0.0000
    xray                       254904.6   253507.3    -1397.3
────────────────────────────────────────────────────────────────────

============================================================
LBFGS Refinement - Cycle 3/10
============================================================
Refining scales with LBFGS...
Scale refinement complete. rwork: 0.2987, rfree: 0.3336

Final Scale Parameters: 
  c_iso: tensor([-1.1505,  1.2360, -0.1213,  0.2387, -0.1534,  0.2148])
  U: tensor([ 0.4719,  0.7320,  0.6432,  0.0217, -0.0234, -0.0010])
  solvent.log_k_solvent: -1.1544495820999146
  solvent.log_ss_half: -4.218450546264648
  solvent.log_n_exp: 0.9169153571128845
  solvent.phase_offset: 0.006713657174259424
After scaling: Rwork=0.2987, Rfree=0.3336
  VDW rebuild: max drift 2.23 Å > threshold 1.00 Å

Building VDW (non-bonded) restraints...
  Symmetry expansion: 27 valid (symop, offset) combos
  Grid: [12, 21, 21], 3954/5292 cells occupied, max 312 entries/cell
  Built 586850 VDW restraints, 21842 symmetry contacts

────────────────────────────────────────────────────────────────────
  XYZ Refinement
────────────────────────────────────────────────────────────────────

  adp (weight: 0.0200)
  ────────────────────────────────────────────────────────────────
    Metric                       Before      After     Change
    locality                    38795.4    38795.4     0.0000
    scaler_U                    37453.4    37453.4     0.0000
    scaler_log_scale           403023.3   403023.3     0.0000
    sigd                        14657.1    14657.1     0.0000
    simu                        45130.7    45130.7     0.0000

  geometry (weight: 0.2000)
  ────────────────────────────────────────────────────────────────
    Metric                       Before      After     Change
    angle                      -72806.2   -73113.6  -307.4453
    bond                       -54213.5   -54433.2  -219.7148
    chiral                    -850.3640  -867.3879   -17.0240
    nonbonded                 -154801.2  -155237.5  -436.3125
    planarity                  -32176.7   -32353.9  -177.1855
    torsion                     16927.1    16924.7    -2.3965

  other (weight: 1.0000)
  ────────────────────────────────────────────────────────────────
    Metric                       Before      After     Change
    xray                       253542.3   251503.8    -2038.6

  Group Totals
  ────────────────────────────────────────────────────────────────
    Group                        Before      After     Change
    adp                         10781.2    10781.2     0.0000
    geometry                   -59584.2   -59816.2  -232.0156
    xray                       253542.3   251503.8    -2038.6
────────────────────────────────────────────────────────────────────
  VDW rebuild: max drift 2.23 Å > threshold 1.00 Å

Building VDW (non-bonded) restraints...
  Symmetry expansion: 27 valid (symop, offset) combos
  Grid: [12, 21, 21], 3954/5292 cells occupied, max 312 entries/cell
  Built 586850 VDW restraints, 21842 symmetry contacts

────────────────────────────────────────────────────────────────────
  ADP Refinement
────────────────────────────────────────────────────────────────────

  adp (weight: 0.0200)
  ────────────────────────────────────────────────────────────────
    Metric                       Before      After     Change
    locality                    38797.2    41093.9    +2296.7
    scaler_U                    37453.4    37453.4     0.0000
    scaler_log_scale           403023.3   403023.3     0.0000
    sigd                        14657.1    15180.5  +523.4609
    simu                        45130.7    46770.2    +1639.5

  geometry (weight: 0.2000)
  ────────────────────────────────────────────────────────────────
    Metric                       Before      After     Change
    angle                      -73113.6   -73113.6     0.0000
    bond                       -54433.2   -54433.2     0.0000
    chiral                    -867.3879  -867.3879     0.0000
    nonbonded                 -155237.5  -155237.5     0.0000
    planarity                  -32353.9   -32353.9     0.0000
    torsion                     16924.7    16924.7     0.0000

  other (weight: 1.0000)
  ────────────────────────────────────────────────────────────────
    Metric                       Before      After     Change
    xray                       251503.8   251337.8  -165.9375

  Group Totals
  ────────────────────────────────────────────────────────────────
    Group                        Before      After     Change
    adp                         10781.2    10870.4   +89.1926
    geometry                   -59816.2   -59816.2     0.0000
    xray                       251503.8   251337.8  -165.9375
────────────────────────────────────────────────────────────────────

============================================================
LBFGS Refinement - Cycle 4/10
============================================================
Refining scales with LBFGS...
Scale refinement complete. rwork: 0.2848, rfree: 0.3229

Final Scale Parameters: 
  c_iso: tensor([-1.1519,  1.2413, -0.1240,  0.2479, -0.1528,  0.2118])
  U: tensor([ 0.4711,  0.7299,  0.6416,  0.0220, -0.0206,  0.0015])
  solvent.log_k_solvent: -1.1605969667434692
  solvent.log_ss_half: -4.200755596160889
  solvent.log_n_exp: 0.9122992157936096
  solvent.phase_offset: 0.014030441641807556
After scaling: Rwork=0.2848, Rfree=0.3229
  VDW rebuild: max drift 2.37 Å > threshold 1.00 Å

Building VDW (non-bonded) restraints...
  Symmetry expansion: 27 valid (symop, offset) combos
  Grid: [12, 21, 21], 3954/5292 cells occupied, max 312 entries/cell
  Built 586850 VDW restraints, 21842 symmetry contacts

────────────────────────────────────────────────────────────────────
  XYZ Refinement
────────────────────────────────────────────────────────────────────

  adp (weight: 0.0200)
  ────────────────────────────────────────────────────────────────
    Metric                       Before      After     Change
    locality                    41093.9    41093.9     0.0000
    scaler_U                    37271.0    37271.0     0.0000
    scaler_log_scale           404864.0   404864.0     0.0000
    sigd                        15180.5    15180.5     0.0000
    simu                        46770.2    46770.2     0.0000

  geometry (weight: 0.2000)
  ────────────────────────────────────────────────────────────────
    Metric                       Before      After     Change
    angle                      -73113.6   -73432.4  -318.8203
    bond                       -54433.2   -54470.9   -37.6914
    chiral                    -867.3879  -857.6224    +9.7656
    nonbonded                 -155237.5  -155216.8   +20.7969
    planarity                  -32353.9   -32412.5   -58.6348
    torsion                     16924.7    16909.4   -15.3320

  other (weight: 1.0000)
  ────────────────────────────────────────────────────────────────
    Metric                       Before      After     Change
    xray                       251401.8   250279.6    -1122.2

  Group Totals
  ────────────────────────────────────────────────────────────────
    Group                        Before      After     Change
    adp                         10903.6    10903.6     0.0000
    geometry                   -59816.2   -59896.2   -79.9819
    xray                       251401.8   250279.6    -1122.2
────────────────────────────────────────────────────────────────────
  VDW rebuild: max drift 2.37 Å > threshold 1.00 Å

Building VDW (non-bonded) restraints...
  Symmetry expansion: 27 valid (symop, offset) combos
  Grid: [12, 21, 21], 3954/5292 cells occupied, max 312 entries/cell
  Built 586850 VDW restraints, 21842 symmetry contacts

────────────────────────────────────────────────────────────────────
  ADP Refinement
────────────────────────────────────────────────────────────────────

  adp (weight: 0.0200)
  ────────────────────────────────────────────────────────────────
    Metric                       Before      After     Change
    locality                    41100.2    41348.6  +248.3984
    scaler_U                    37271.0    37271.0     0.0000
    scaler_log_scale           404864.0   404864.0     0.0000
    sigd                        15180.5    15455.1  +274.5938
    simu                        46770.2    46238.5  -531.7148

  geometry (weight: 0.2000)
  ────────────────────────────────────────────────────────────────
    Metric                       Before      After     Change
    angle                      -73432.4   -73432.4     0.0000
    bond                       -54470.9   -54470.9     0.0000
    chiral                    -857.6224  -857.6224     0.0000
    nonbonded                 -155216.8  -155216.8     0.0000
    planarity                  -32412.5   -32412.5     0.0000
    torsion                     16909.4    16909.4     0.0000

  other (weight: 1.0000)
  ────────────────────────────────────────────────────────────────
    Metric                       Before      After     Change
    xray                       250279.6   250290.3   +10.7500

  Group Totals
  ────────────────────────────────────────────────────────────────
    Group                        Before      After     Change
    adp                         10903.7    10903.5    -0.1744
    geometry                   -59896.2   -59896.2     0.0000
    xray                       250279.6   250290.3   +10.7500
────────────────────────────────────────────────────────────────────

============================================================
LBFGS Refinement - Cycle 5/10
============================================================
Refining scales with LBFGS...
Scale refinement complete. rwork: 0.2780, rfree: 0.3185

Final Scale Parameters: 
  c_iso: tensor([-1.1576,  1.2437, -0.1314,  0.2519, -0.1553,  0.2109])
  U: tensor([ 4.7390e-01,  7.3169e-01,  6.4425e-01,  2.2096e-02, -1.9433e-02,
         1.2956e-04])
  solvent.log_k_solvent: -1.1648951768875122
  solvent.log_ss_half: -4.2005510330200195
  solvent.log_n_exp: 0.9108282923698425
  solvent.phase_offset: 0.014496684074401855
After scaling: Rwork=0.2780, Rfree=0.3185
  VDW rebuild: max drift 2.55 Å > threshold 1.00 Å

Building VDW (non-bonded) restraints...
  Symmetry expansion: 27 valid (symop, offset) combos
  Grid: [12, 21, 21], 3954/5292 cells occupied, max 312 entries/cell
  Built 586850 VDW restraints, 21842 symmetry contacts

────────────────────────────────────────────────────────────────────
  XYZ Refinement
────────────────────────────────────────────────────────────────────

  adp (weight: 0.0200)
  ────────────────────────────────────────────────────────────────
    Metric                       Before      After     Change
    locality                    41348.6    41348.6     0.0000
    scaler_U                    37563.3    37563.3     0.0000
    scaler_log_scale           400573.8   400573.8     0.0000
    sigd                        15455.1    15455.1     0.0000
    simu                        46238.5    46238.5     0.0000

  geometry (weight: 0.2000)
  ────────────────────────────────────────────────────────────────
    Metric                       Before      After     Change
    angle                      -73432.4   -73500.3   -67.8906
    bond                       -54470.9   -54557.9   -86.9648
    chiral                    -857.6224  -868.3673   -10.7449
    nonbonded                 -155216.8  -155300.5   -83.7188
    planarity                  -32412.5   -32459.9   -47.3730
    torsion                     16909.4    16927.0   +17.5664

  other (weight: 1.0000)
  ────────────────────────────────────────────────────────────────
    Metric                       Before      After     Change
    xray                       250409.8   249445.7  -964.0469

  Group Totals
  ────────────────────────────────────────────────────────────────
    Group                        Before      After     Change
    adp                         10823.6    10823.6     0.0000
    geometry                   -59896.2   -59952.0   -55.8260
    xray                       250409.8   249445.7  -964.0469
────────────────────────────────────────────────────────────────────
  VDW rebuild: max drift 2.55 Å > threshold 1.00 Å

Building VDW (non-bonded) restraints...
  Symmetry expansion: 27 valid (symop, offset) combos
  Grid: [12, 21, 21], 3954/5292 cells occupied, max 312 entries/cell
  Built 586850 VDW restraints, 21842 symmetry contacts

────────────────────────────────────────────────────────────────────
  ADP Refinement
────────────────────────────────────────────────────────────────────

  adp (weight: 0.0200)
  ────────────────────────────────────────────────────────────────
    Metric                       Before      After     Change
    locality                    41317.4    42420.9    +1103.5
    scaler_U                    37563.3    37563.3     0.0000
    scaler_log_scale           400573.8   400573.8     0.0000
    sigd                        15455.1    15520.9   +65.8027
    simu                        46238.5    46556.1  +317.6484

  geometry (weight: 0.2000)
  ────────────────────────────────────────────────────────────────
    Metric                       Before      After     Change
    angle                      -73500.3   -73500.3     0.0000
    bond                       -54557.9   -54557.9     0.0000
    chiral                    -868.3673  -868.3673     0.0000
    nonbonded                 -155300.5  -155300.5     0.0000
    planarity                  -32459.9   -32459.9     0.0000
    torsion                     16927.0    16927.0     0.0000

  other (weight: 1.0000)
  ────────────────────────────────────────────────────────────────
    Metric                       Before      After     Change
    xray                       249445.7   249430.9   -14.7969

  Group Totals
  ────────────────────────────────────────────────────────────────
    Group                        Before      After     Change
    adp                         10823.0    10852.7   +29.7385
    geometry                   -59952.0   -59952.0     0.0000
    xray                       249445.7   249430.9   -14.7969
────────────────────────────────────────────────────────────────────

============================================================
LBFGS Refinement - Cycle 6/10
============================================================
Refining scales with LBFGS...
Scale refinement complete. rwork: 0.2730, rfree: 0.3120

Final Scale Parameters: 
  c_iso: tensor([-1.1597,  1.2429, -0.1319,  0.2512, -0.1546,  0.2105])
  U: tensor([ 4.7562e-01,  7.3324e-01,  6.4654e-01,  2.2833e-02, -1.8905e-02,
         3.7773e-04])
  solvent.log_k_solvent: -1.166359782218933
  solvent.log_ss_half: -4.202350616455078
  solvent.log_n_exp: 0.9124966263771057
  solvent.phase_offset: 0.012656155042350292
After scaling: Rwork=0.2730, Rfree=0.3120
  VDW rebuild: max drift 2.73 Å > threshold 1.00 Å

Building VDW (non-bonded) restraints...
  Symmetry expansion: 27 valid (symop, offset) combos
  Grid: [12, 21, 21], 3954/5292 cells occupied, max 312 entries/cell
  Built 586850 VDW restraints, 21842 symmetry contacts

────────────────────────────────────────────────────────────────────
  XYZ Refinement
────────────────────────────────────────────────────────────────────

  adp (weight: 0.0200)
  ────────────────────────────────────────────────────────────────
    Metric                       Before      After     Change
    locality                    42420.9    42420.9     0.0000
    scaler_U                    37789.5    37789.5     0.0000
    scaler_log_scale           399220.8   399220.8     0.0000
    sigd                        15520.9    15520.9     0.0000
    simu                        46556.1    46556.1     0.0000

  geometry (weight: 0.2000)
  ────────────────────────────────────────────────────────────────
    Metric                       Before      After     Change
    angle                      -73500.3   -73555.8   -55.4922
    bond                       -54557.9   -54530.2   +27.7070
    chiral                    -868.3673  -859.6261    +8.7412
    nonbonded                 -155300.5  -155239.1   +61.3438
    planarity                  -32459.9   -32410.8   +49.0352
    torsion                     16927.0    16924.0    -2.9238

  other (weight: 1.0000)
  ────────────────────────────────────────────────────────────────
    Metric                       Before      After     Change
    xray                       249510.2   248842.7  -667.5938

  Group Totals
  ────────────────────────────────────────────────────────────────
    Group                        Before      After     Change
    adp                         10830.2    10830.2     0.0000
    geometry                   -59952.0   -59934.3   +17.6816
    xray                       249510.2   248842.7  -667.5938
────────────────────────────────────────────────────────────────────
  VDW rebuild: max drift 2.73 Å > threshold 1.00 Å

Building VDW (non-bonded) restraints...
  Symmetry expansion: 27 valid (symop, offset) combos
  Grid: [12, 21, 21], 3954/5292 cells occupied, max 312 entries/cell
  Built 586850 VDW restraints, 21842 symmetry contacts

────────────────────────────────────────────────────────────────────
  ADP Refinement
────────────────────────────────────────────────────────────────────

  adp (weight: 0.0200)
  ────────────────────────────────────────────────────────────────
    Metric                       Before      After     Change
    locality                    42392.2    42669.2  +276.9883
    scaler_U                    37789.5    37789.5     0.0000
    scaler_log_scale           399220.8   399220.8     0.0000
    sigd                        15520.9    15543.9   +22.9307
    simu                        46556.1    46390.7  -165.4492

  geometry (weight: 0.2000)
  ────────────────────────────────────────────────────────────────
    Metric                       Before      After     Change
    angle                      -73555.8   -73555.8     0.0000
    bond                       -54530.2   -54530.2     0.0000
    chiral                    -859.6261  -859.6261     0.0000
    nonbonded                 -155239.1  -155239.1     0.0000
    planarity                  -32410.8   -32410.8     0.0000
    torsion                     16924.0    16924.0     0.0000

  other (weight: 1.0000)
  ────────────────────────────────────────────────────────────────
    Metric                       Before      After     Change
    xray                       248842.7   248852.6    +9.9375

  Group Totals
  ────────────────────────────────────────────────────────────────
    Group                        Before      After     Change
    adp                         10829.6    10832.3    +2.6894
    geometry                   -59934.3   -59934.3     0.0000
    xray                       248842.7   248852.6    +9.9375
────────────────────────────────────────────────────────────────────

============================================================
LBFGS Refinement - Cycle 7/10
============================================================
Refining scales with LBFGS...
Scale refinement complete. rwork: 0.2690, rfree: 0.3089

Final Scale Parameters: 
  c_iso: tensor([-1.1627,  1.2424, -0.1339,  0.2529, -0.1561,  0.2115])
  U: tensor([ 4.7728e-01,  7.3464e-01,  6.4811e-01,  2.3686e-02, -1.8691e-02,
         1.9226e-04])
  solvent.log_k_solvent: -1.1667976379394531
  solvent.log_ss_half: -4.204876899719238
  solvent.log_n_exp: 0.9120025038719177
  solvent.phase_offset: 0.01954239420592785
After scaling: Rwork=0.2690, Rfree=0.3089
  VDW rebuild: max drift 2.95 Å > threshold 1.00 Å

Building VDW (non-bonded) restraints...
  Symmetry expansion: 27 valid (symop, offset) combos
  Grid: [12, 21, 21], 3954/5292 cells occupied, max 312 entries/cell
  Built 586850 VDW restraints, 21842 symmetry contacts

────────────────────────────────────────────────────────────────────
  XYZ Refinement
────────────────────────────────────────────────────────────────────

  adp (weight: 0.0200)
  ────────────────────────────────────────────────────────────────
    Metric                       Before      After     Change
    locality                    42669.2    42669.2     0.0000
    scaler_U                    37978.7    37978.7     0.0000
    scaler_log_scale           397227.6   397227.6     0.0000
    sigd                        15543.9    15543.9     0.0000
    simu                        46390.7    46390.7     0.0000

  geometry (weight: 0.2000)
  ────────────────────────────────────────────────────────────────
    Metric                       Before      After     Change
    angle                      -73555.8   -73466.4   +89.3906
    bond                       -54530.2   -54408.2  +121.9141
    chiral                    -859.6261  -864.6083    -4.9822
    nonbonded                 -155239.1  -155216.3   +22.8281
    planarity                  -32410.8   -32373.7   +37.1758
    torsion                     16924.0    16950.1   +26.1055

  other (weight: 1.0000)
  ────────────────────────────────────────────────────────────────
    Metric                       Before      After     Change
    xray                       248930.1   248007.5  -922.5156

  Group Totals
  ────────────────────────────────────────────────────────────────
    Group                        Before      After     Change
    adp                         10796.2    10796.2     0.0000
    geometry                   -59934.3   -59875.8   +58.4867
    xray                       248930.1   248007.5  -922.5156
────────────────────────────────────────────────────────────────────
  VDW rebuild: max drift 2.95 Å > threshold 1.00 Å

Building VDW (non-bonded) restraints...
  Symmetry expansion: 27 valid (symop, offset) combos
  Grid: [12, 21, 21], 3954/5292 cells occupied, max 312 entries/cell
  Built 586850 VDW restraints, 21842 symmetry contacts

────────────────────────────────────────────────────────────────────
  ADP Refinement
────────────────────────────────────────────────────────────────────

  adp (weight: 0.0200)
  ────────────────────────────────────────────────────────────────
    Metric                       Before      After     Change
    locality                    42624.7    43614.1  +989.3906
    scaler_U                    37978.7    37978.7     0.0000
    scaler_log_scale           397227.6   397227.6     0.0000
    sigd                        15543.9    15356.0  -187.8340
    simu                        46390.7    46716.6  +325.9453

  geometry (weight: 0.2000)
  ────────────────────────────────────────────────────────────────
    Metric                       Before      After     Change
    angle                      -73466.4   -73466.4     0.0000
    bond                       -54408.2   -54408.2     0.0000
    chiral                    -864.6083  -864.6083     0.0000
    nonbonded                 -155216.3  -155216.3     0.0000
    planarity                  -32373.7   -32373.7     0.0000
    torsion                     16950.1    16950.1     0.0000

  other (weight: 1.0000)
  ────────────────────────────────────────────────────────────────
    Metric                       Before      After     Change
    xray                       248007.5   247988.3   -19.2656

  Group Totals
  ────────────────────────────────────────────────────────────────
    Group                        Before      After     Change
    adp                         10795.3    10817.9   +22.5500
    geometry                   -59875.8   -59875.8     0.0000
    xray                       248007.5   247988.3   -19.2656
────────────────────────────────────────────────────────────────────

============================================================
LBFGS Refinement - Cycle 8/10
============================================================
Refining scales with LBFGS...
Scale refinement complete. rwork: 0.2636, rfree: 0.3022

Final Scale Parameters: 
  c_iso: tensor([-1.1600,  1.2269, -0.1242,  0.2455, -0.1534,  0.2098])
  U: tensor([ 4.7767e-01,  7.3576e-01,  6.4922e-01,  2.4207e-02, -1.8554e-02,
         3.7868e-04])
  solvent.log_k_solvent: -1.1606329679489136
  solvent.log_ss_half: -4.206257343292236
  solvent.log_n_exp: 0.8964981436729431
  solvent.phase_offset: 0.009901022538542747
After scaling: Rwork=0.2636, Rfree=0.3022
  VDW rebuild: max drift 3.07 Å > threshold 1.00 Å

Building VDW (non-bonded) restraints...
  Symmetry expansion: 27 valid (symop, offset) combos
  Grid: [12, 21, 21], 3954/5292 cells occupied, max 312 entries/cell
  Built 586850 VDW restraints, 21842 symmetry contacts

────────────────────────────────────────────────────────────────────
  XYZ Refinement
────────────────────────────────────────────────────────────────────

  adp (weight: 0.0200)
  ────────────────────────────────────────────────────────────────
    Metric                       Before      After     Change
    locality                    43614.1    43614.1     0.0000
    scaler_U                    38085.4    38085.4     0.0000
    scaler_log_scale           394923.7   394923.7     0.0000
    sigd                        15356.0    15356.0     0.0000
    simu                        46716.6    46716.6     0.0000

  geometry (weight: 0.2000)
  ────────────────────────────────────────────────────────────────
    Metric                       Before      After     Change
    angle                      -73466.4   -73605.2  -138.7344
    bond                       -54408.2   -54579.2  -170.9922
    chiral                    -864.6083  -861.8718    +2.7366
    nonbonded                 -155216.3  -155198.6   +17.7031
    planarity                  -32373.7   -32493.9  -120.2598
    torsion                     16950.1    16951.7    +1.5820

  other (weight: 1.0000)
  ────────────────────────────────────────────────────────────────
    Metric                       Before      After     Change
    xray                       248063.0   247677.1  -385.9062

  Group Totals
  ────────────────────────────────────────────────────────────────
    Group                        Before      After     Change
    adp                         10773.9    10773.9     0.0000
    geometry                   -59875.8   -59957.4   -81.5914
    xray                       248063.0   247677.1  -385.9062
────────────────────────────────────────────────────────────────────
  VDW rebuild: max drift 3.07 Å > threshold 1.00 Å

Building VDW (non-bonded) restraints...
  Symmetry expansion: 27 valid (symop, offset) combos
  Grid: [12, 21, 21], 3954/5292 cells occupied, max 312 entries/cell
  Built 586850 VDW restraints, 21842 symmetry contacts

────────────────────────────────────────────────────────────────────
  ADP Refinement
────────────────────────────────────────────────────────────────────

  adp (weight: 0.0200)
  ────────────────────────────────────────────────────────────────
    Metric                       Before      After     Change
    locality                    43595.6    43744.9  +149.2617
    scaler_U                    38085.4    38085.4     0.0000
    scaler_log_scale           394923.7   394923.7     0.0000
    sigd                        15356.0    15268.0   -87.9990
    simu                        46716.6    46537.5  -179.0742

  geometry (weight: 0.2000)
  ────────────────────────────────────────────────────────────────
    Metric                       Before      After     Change
    angle                      -73605.2   -73605.2     0.0000
    bond                       -54579.2   -54579.2     0.0000
    chiral                    -861.8718  -861.8718     0.0000
    nonbonded                 -155198.6  -155198.6     0.0000
    planarity                  -32493.9   -32493.9     0.0000
    torsion                     16951.7    16951.7     0.0000

  other (weight: 1.0000)
  ────────────────────────────────────────────────────────────────
    Metric                       Before      After     Change
    xray                       247677.1   247679.0    +1.8438

  Group Totals
  ────────────────────────────────────────────────────────────────
    Group                        Before      After     Change
    adp                         10773.5    10771.2    -2.3562
    geometry                   -59957.4   -59957.4     0.0000
    xray                       247677.1   247679.0    +1.8438
────────────────────────────────────────────────────────────────────

============================================================
LBFGS Refinement - Cycle 9/10
============================================================
Refining scales with LBFGS...
Scale refinement complete. rwork: 0.2613, rfree: 0.3009

Final Scale Parameters: 
  c_iso: tensor([-1.1619,  1.2369, -0.1284,  0.2490, -0.1560,  0.2104])
  U: tensor([ 4.8176e-01,  7.4096e-01,  6.5491e-01,  2.4515e-02, -1.9147e-02,
        -5.7389e-04])
  solvent.log_k_solvent: -1.1648515462875366
  solvent.log_ss_half: -4.190579891204834
  solvent.log_n_exp: 0.9326298832893372
  solvent.phase_offset: -0.0062056430615484715
After scaling: Rwork=0.2613, Rfree=0.3009
  VDW rebuild: max drift 3.15 Å > threshold 1.00 Å

Building VDW (non-bonded) restraints...
  Symmetry expansion: 27 valid (symop, offset) combos
  Grid: [12, 21, 21], 3954/5292 cells occupied, max 312 entries/cell
  Built 586850 VDW restraints, 21842 symmetry contacts

────────────────────────────────────────────────────────────────────
  XYZ Refinement
────────────────────────────────────────────────────────────────────

  adp (weight: 0.0200)
  ────────────────────────────────────────────────────────────────
    Metric                       Before      After     Change
    locality                    43744.9    43744.9     0.0000
    scaler_U                    38700.9    38700.9     0.0000
    scaler_log_scale           399161.4   399161.4     0.0000
    sigd                        15268.0    15268.0     0.0000
    simu                        46537.5    46537.5     0.0000

  geometry (weight: 0.2000)
  ────────────────────────────────────────────────────────────────
    Metric                       Before      After     Change
    angle                      -73605.2   -73609.8    -4.6328
    bond                       -54579.2   -54520.4   +58.8555
    chiral                    -861.8718  -866.0780    -4.2062
    nonbonded                 -155198.6  -155178.8   +19.7812
    planarity                  -32493.9   -32464.3   +29.6621
    torsion                     16951.7    16959.2    +7.4590

  other (weight: 1.0000)
  ────────────────────────────────────────────────────────────────
    Metric                       Before      After     Change
    xray                       247738.5   247285.7  -452.8281

  Group Totals
  ────────────────────────────────────────────────────────────────
    Group                        Before      After     Change
    adp                         10868.3    10868.3     0.0000
    geometry                   -59957.4   -59936.0   +21.3821
    xray                       247738.5   247285.7  -452.8281
────────────────────────────────────────────────────────────────────
  VDW rebuild: max drift 3.15 Å > threshold 1.00 Å

Building VDW (non-bonded) restraints...
  Symmetry expansion: 27 valid (symop, offset) combos
  Grid: [12, 21, 21], 3954/5292 cells occupied, max 312 entries/cell
  Built 586850 VDW restraints, 21842 symmetry contacts

────────────────────────────────────────────────────────────────────
  ADP Refinement
────────────────────────────────────────────────────────────────────

  adp (weight: 0.0200)
  ────────────────────────────────────────────────────────────────
    Metric                       Before      After     Change
    locality                    43696.0    44312.1  +616.1094
    scaler_U                    38700.9    38700.9     0.0000
    scaler_log_scale           399161.4   399161.4     0.0000
    sigd                        15268.0    15161.0  -107.0088
    simu                        46537.5    46614.7   +77.1523

  geometry (weight: 0.2000)
  ────────────────────────────────────────────────────────────────
    Metric                       Before      After     Change
    angle                      -73609.8   -73609.8     0.0000
    bond                       -54520.4   -54520.4     0.0000
    chiral                    -866.0780  -866.0780     0.0000
    nonbonded                 -155178.8  -155178.8     0.0000
    planarity                  -32464.3   -32464.3     0.0000
    torsion                     16959.2    16959.2     0.0000

  other (weight: 1.0000)
  ────────────────────────────────────────────────────────────────
    Metric                       Before      After     Change
    xray                       247285.7   247315.8   +30.0781

  Group Totals
  ────────────────────────────────────────────────────────────────
    Group                        Before      After     Change
    adp                         10867.3    10879.0   +11.7251
    geometry                   -59936.0   -59936.0     0.0000
    xray                       247285.7   247315.8   +30.0781
────────────────────────────────────────────────────────────────────

============================================================
LBFGS Refinement - Cycle 10/10
============================================================
Refining scales with LBFGS...
Scale refinement complete. rwork: 0.2591, rfree: 0.2977

Final Scale Parameters: 
  c_iso: tensor([-1.1611,  1.2257, -0.1219,  0.2443, -0.1540,  0.2098])
  U: tensor([ 4.8224e-01,  7.4206e-01,  6.5605e-01,  2.4961e-02, -1.9079e-02,
        -1.5868e-04])
  solvent.log_k_solvent: -1.1601122617721558
  solvent.log_ss_half: -4.193265438079834
  solvent.log_n_exp: 0.9185791015625
  solvent.phase_offset: -0.013807184994220734
After scaling: Rwork=0.2591, Rfree=0.2977
  VDW rebuild: max drift 3.27 Å > threshold 1.00 Å

Building VDW (non-bonded) restraints...
  Symmetry expansion: 27 valid (symop, offset) combos
  Grid: [12, 21, 21], 3954/5292 cells occupied, max 312 entries/cell
  Built 586850 VDW restraints, 21842 symmetry contacts

────────────────────────────────────────────────────────────────────
  XYZ Refinement
────────────────────────────────────────────────────────────────────

  adp (weight: 0.0200)
  ────────────────────────────────────────────────────────────────
    Metric                       Before      After     Change
    locality                    44312.1    44312.1     0.0000
    scaler_U                    38812.7    38812.7     0.0000
    scaler_log_scale           396738.2   396738.2     0.0000
    sigd                        15161.0    15161.0     0.0000
    simu                        46614.7    46614.7     0.0000

  geometry (weight: 0.2000)
  ────────────────────────────────────────────────────────────────
    Metric                       Before      After     Change
    angle                      -73609.8   -73582.8   +26.9688
    bond                       -54520.4   -54559.9   -39.4805
    chiral                    -866.0780  -862.5065    +3.5715
    nonbonded                 -155178.8  -155194.5   -15.6406
    planarity                  -32464.3   -32484.6   -20.3555
    torsion                     16959.2    16964.1    +4.8730

  other (weight: 1.0000)
  ────────────────────────────────────────────────────────────────
    Metric                       Before      After     Change
    xray                       247399.8   247099.6  -300.1562

  Group Totals
  ────────────────────────────────────────────────────────────────
    Group                        Before      After     Change
    adp                         10832.8    10832.8     0.0000
    geometry                   -59936.0   -59944.0    -8.0113
    xray                       247399.8   247099.6  -300.1562
────────────────────────────────────────────────────────────────────
  VDW rebuild: max drift 3.27 Å > threshold 1.00 Å

Building VDW (non-bonded) restraints...
  Symmetry expansion: 27 valid (symop, offset) combos
  Grid: [12, 21, 21], 3954/5292 cells occupied, max 312 entries/cell
  Built 586850 VDW restraints, 21842 symmetry contacts

────────────────────────────────────────────────────────────────────
  ADP Refinement
────────────────────────────────────────────────────────────────────

  adp (weight: 0.0200)
  ────────────────────────────────────────────────────────────────
    Metric                       Before      After     Change
    locality                    44313.9    44160.0  -153.9492
    scaler_U                    38812.7    38812.7     0.0000
    scaler_log_scale           396738.2   396738.2     0.0000
    sigd                        15161.0    15099.6   -61.4258
    simu                        46614.7    46249.2  -365.5273

  geometry (weight: 0.2000)
  ────────────────────────────────────────────────────────────────
    Metric                       Before      After     Change
    angle                      -73582.8   -73582.8     0.0000
    bond                       -54559.9   -54559.9     0.0000
    chiral                    -862.5065  -862.5065     0.0000
    nonbonded                 -155194.5  -155194.5     0.0000
    planarity                  -32484.6   -32484.6     0.0000
    torsion                     16964.1    16964.1     0.0000

  other (weight: 1.0000)
  ────────────────────────────────────────────────────────────────
    Metric                       Before      After     Change
    xray                       247099.6   247119.2   +19.5469

  Group Totals
  ────────────────────────────────────────────────────────────────
    Group                        Before      After     Change
    adp                         10832.8    10821.2   -11.6180
    geometry                   -59944.0   -59944.0     0.0000
    xray                       247099.6   247119.2   +19.5469
────────────────────────────────────────────────────────────────────
Calculating initial scale factors using 10 bins.
Refining scales with LBFGS...
Scale refinement complete. rwork: 0.2576, rfree: 0.2960

Final Scale Parameters: 
  c_iso: tensor([-1.2375,  1.1126, -0.1399,  0.2393, -0.1521,  0.2088])
  U: tensor([ 0.4343,  0.6948,  0.6089,  0.0249, -0.0194, -0.0010])
  solvent.log_k_solvent: -1.152689814567566
  solvent.log_ss_half: -4.156850814819336
  solvent.log_n_exp: 0.9628332257270813
  solvent.phase_offset: -0.013937145471572876

Refinement completed successfully.

Saving results to /das/work/units/LBR-FEL/p17490/Peter/Library/work_trees_torchref/alignement/alignment_lab/benchmarks/af_mr/runs/dmin3.0/3W3W/refine_phaser_mr...
  Refined structure (PDB): /das/work/units/LBR-FEL/p17490/Peter/Library/work_trees_torchref/alignement/alignment_lab/benchmarks/af_mr/runs/dmin3.0/3W3W/refine_phaser_mr/refined.pdb
  Refined structure (mmCIF): /das/work/units/LBR-FEL/p17490/Peter/Library/work_trees_torchref/alignement/alignment_lab/benchmarks/af_mr/runs/dmin3.0/3W3W/refine_phaser_mr/refined.cif
Added map coefficients:
  2Fo-Fc: FWT, PHWT
  Fo-Fc: DELFWT, PHDELWT
  Resolution range: 2.20 - 90.80 Å
✓ Wrote MTZ file: /das/work/units/LBR-FEL/p17490/Peter/Library/work_trees_torchref/alignement/alignment_lab/benchmarks/af_mr/runs/dmin3.0/3W3W/refine_phaser_mr/refined.mtz
  Reflections: 65864
  Columns: H, K, L, F-obs, SIGF-obs, I-obs, SIGI-obs, R-free-flags, FWT, PHWT, DELFWT, PHDELWT, F-model, PH-model
  Refined structure factors: /das/work/units/LBR-FEL/p17490/Peter/Library/work_trees_torchref/alignement/alignment_lab/benchmarks/af_mr/runs/dmin3.0/3W3W/refine_phaser_mr/refined.mtz
  Refinement history: /das/work/units/LBR-FEL/p17490/Peter/Library/work_trees_torchref/alignement/alignment_lab/benchmarks/af_mr/runs/dmin3.0/3W3W/refine_phaser_mr/refinement_history.json

================================================================================
Refinement Summary
================================================================================
R-work:  0.2576 (61636 reflections)
R-free:  0.2960 (1238 reflections)
NLL work: 247211.48
NLL test: 5116.98
================================================================================

Output files:
  - /das/work/units/LBR-FEL/p17490/Peter/Library/work_trees_torchref/alignement/alignment_lab/benchmarks/af_mr/runs/dmin3.0/3W3W/refine_phaser_mr/refined.pdb
  - /das/work/units/LBR-FEL/p17490/Peter/Library/work_trees_torchref/alignement/alignment_lab/benchmarks/af_mr/runs/dmin3.0/3W3W/refine_phaser_mr/refined.cif
  - /das/work/units/LBR-FEL/p17490/Peter/Library/work_trees_torchref/alignement/alignment_lab/benchmarks/af_mr/runs/dmin3.0/3W3W/refine_phaser_mr/refined.mtz
  - /das/work/units/LBR-FEL/p17490/Peter/Library/work_trees_torchref/alignement/alignment_lab/benchmarks/af_mr/runs/dmin3.0/3W3W/refine_phaser_mr/refinement_history.json

Refinement completed successfully!

Timing: 383.9s wall, 730.4s CPU
