/das/work/units/LBR-FEL/p17490/Peter/Library/work_trees_torchref/alignement/torchref/cli/refine.py:21: UserWarning: TorchRef using user-specified 8 threads from TORCHREF_NUM_THREADS.
  from torchref.cli._common import (
================================================================================
TorchRef LBFGS Refinement
================================================================================
Model:             /das/work/units/LBR-FEL/p17490/Peter/Library/work_trees_torchref/dev/paper/figure2_alphafold_start/placed/5VIA_af.pdb
Structure factor:  /das/work/units/LBR-FEL/p17490/Peter/Library/work_trees_torchref/dev/paper/data/5VIA/5VIA.mtz
Output directory:  /das/work/units/LBR-FEL/p17490/Peter/Library/work_trees_torchref/alignement/alignment_lab/benchmarks/af_mr/runs/dmin3.0/5VIA/refine_phaser_mr
Refinement mode:   separate
X-ray target:      ml
Refinement cycles: 10
Rigid-body step:   on (iterations/cutoff = 30)
Device:            auto
ADP mode:          isotropic
Wavelength:        1 A
Manual weights:    {"adp": 0.02}
================================================================================

Initializing refinement...
FrenchWilson initialized:
  Reflections: 31804
  Resolution: 1.76 - 58.76 Å
  Space group: SpaceGroup('P41212', number=92, n_ops=8)
  Centric: 4617 (14.5%)
French-Wilson input guard: 636/31804 (1.9997%) reflections unusable as intensities (absent, or too negative to be a noisy measurement)
found non-finite F values (NaN/Inf):  568
found non-finite F_sigma values (NaN/Inf):  568
Wilson outlier rejection: 39/28280 (0.1379%) of tested reflections flagged (1 too strong, 38 too weak)
Loaded 2205 atoms
Building restraints...
Found 109 link definitions

Building VDW (non-bonded) restraints...
  Symmetry expansion: 34 valid (symop, offset) combos
  Grid: [10, 10, 25], 2006/2500 cells occupied, max 132 entries/cell
  Built 37648 VDW restraints, 2446 symmetry contacts
  Hydrogen topology: 2175 riding H atoms
  H candidate pairs: 89872 (22294 H-H, 67578 H-heavy, 5106 symmetry)
================================================================================
Restraints Summary
================================================================================
CIF file: None
Residue types in dictionary: 20

INTRA-RESIDUE RESTRAINTS:
--------------------------------------------------------------------------------
  Bonds: 1976
  Angles: 2216
  Torsions: 568
  Planes: 444
  Chirals: 340

INTER-RESIDUE RESTRAINTS:
--------------------------------------------------------------------------------
  Peptide bonds: 276
  Peptide angles: 841
  Disulfide bonds: 0
  Disulfide angles: 0
  Disulfide torsions: 0
  LINK bonds: 0

BACKBONE TORSIONS:
--------------------------------------------------------------------------------
  Phi: 276
  Psi: 276
  Omega: 276
  Ramachandran: 274

VDW RESTRAINTS:
--------------------------------------------------------------------------------
  Non-bonded contacts: 37648 (35202 intra-ASU, 2446 symmetry)
================================================================================
Generated 2175 hydrogens
ADP representation: isotropic, 4380 parameters, 7.0 work reflections each
Initialized ScalerBase with 10 bins.
Building restraints...

Building VDW (non-bonded) restraints...
  Symmetry expansion: 34 valid (symop, offset) combos
  Grid: [10, 10, 25], 2128/2500 cells occupied, max 228 entries/cell
  Built 156543 VDW restraints, 10993 symmetry contacts
================================================================================
Restraints Summary
================================================================================
CIF file: None
Residue types in dictionary: 20

INTRA-RESIDUE RESTRAINTS:
--------------------------------------------------------------------------------
  Bonds: 4151
  Angles: 6857
  Torsions: 863
  Planes: 773
  Chirals: 340

INTER-RESIDUE RESTRAINTS:
--------------------------------------------------------------------------------
  Peptide bonds: 276
  Peptide angles: 1104
  Disulfide bonds: 0
  Disulfide angles: 0
  Disulfide torsions: 0
  LINK bonds: 0

BACKBONE TORSIONS:
--------------------------------------------------------------------------------
  Phi: 276
  Psi: 276
  Omega: 276
  Ramachandran: 274

VDW RESTRAINTS:
--------------------------------------------------------------------------------
  Non-bonded contacts: 156543 (145550 intra-ASU, 10993 symmetry)
================================================================================
Initializing TotalGeometryTarget with component targets...
Initializing TotalADPTarget with component targets: simu, locality, sigd
Parametrization built for 5 unique atom types
SfFFT: Using late symmetry (reciprocal space)
Calculating initial scale factors using 10 bins.
Refining scales with LBFGS...
Scale refinement complete. rwork: 0.3436, rfree: 0.3375

Final Scale Parameters: 
  c_iso: tensor([-0.4524,  1.1483,  0.2618,  0.0961,  0.0302,  0.0956])
  U: tensor([ 0.5698,  0.7538,  0.4004, -0.0763,  0.0071, -0.0034])
  solvent.log_k_solvent: -0.9084654450416565
  solvent.log_ss_half: -3.943610668182373
  solvent.log_n_exp: 1.4327919483184814
  solvent.phase_offset: -0.04976553097367287
Initialized targets with xray_mode='ml'
Applied manual group weights: {'xray': 1.0, 'geometry': 0.2, 'geometry/ramachandran': 0.0, 'adp': 0.02, 'adp/sigd': 1.0, 'adp/node_load': 10.0, 'adp/node_smoothness': 0.0}
Refinement initialized successfully.

Starting refinement with 10 macro cycles...

Rigid-body step enabled: one multi-resolution rigid-body pass will run once at the start of refinement.


--- Rigid-body step (once, at start) ---
Switched to rigid-body parametrization: RigidXYZTensor(n_atoms=4380, n_chains=1) (1 chain(s))
Filtering: 942/31804 reflections in range [inf - 6.0] Å (933 valid after all masks)
  Note: Adjusted bins from 10 to 9 (min 100 refl/bin)
Initialized ScalerBase with 9 bins.
Calculating initial scale factors using 9 bins.
Calculating initial scale factors using 9 bins.
Refining scales with LBFGS...
Scale refinement complete. rwork: 0.2968, rfree: 0.3320

Final Scale Parameters: 
  c_iso: tensor([-1.3871,  0.0403, -0.3230,  0.3126,  0.1639,  0.3199])
  U: tensor([ 0.4461,  0.8809,  0.2907,  0.1021,  0.0103, -0.0699])
  solvent.log_k_solvent: -0.9178578853607178
  solvent.log_ss_half: -4.578097343444824
  solvent.log_n_exp: 1.5534425973892212
  solvent.phase_offset: -0.07600630819797516
  rigid-body d_min=6.00 (lbfgs, iters=30): Rwork=0.3379 Rfree=0.4385
Filtering: 5381/31804 reflections in range [inf - 3.2533482763528294] Å (5372 valid after all masks)
Initialized ScalerBase with 10 bins.
Calculating initial scale factors using 10 bins.
Calculating initial scale factors using 10 bins.
Refining scales with LBFGS...
Scale refinement complete. rwork: 0.2991, rfree: 0.3067

Final Scale Parameters: 
  c_iso: tensor([-1.1990,  0.2426, -0.5599,  0.3491,  0.2914,  0.4558])
  U: tensor([ 0.7706,  0.9205,  0.5795, -0.0787, -0.0142,  0.0293])
  solvent.log_k_solvent: -0.9701100587844849
  solvent.log_ss_half: -4.0563130378723145
  solvent.log_n_exp: 1.1379776000976562
  solvent.phase_offset: -0.0595993734896183
  rigid-body d_min=3.25 (lbfgs, iters=30): Rwork=0.3001 Rfree=0.3106
Filtering: 31802/31804 reflections in range [inf - 1.7640458345413208] Å (31161 valid after all masks)
Initialized ScalerBase with 10 bins.
Calculating initial scale factors using 10 bins.
Calculating initial scale factors using 10 bins.
Refining scales with LBFGS...
Scale refinement complete. rwork: 0.3449, rfree: 0.3398

Final Scale Parameters: 
  c_iso: tensor([-0.4738,  1.1215,  0.2570,  0.0963,  0.0312,  0.0957])
  U: tensor([ 0.5608,  0.7415,  0.3921, -0.0747,  0.0068, -0.0031])
  solvent.log_k_solvent: -0.9079241752624512
  solvent.log_ss_half: -3.9334521293640137
  solvent.log_n_exp: 1.4461559057235718
  solvent.phase_offset: -0.05228673294186592
  rigid-body d_min=1.76 (lbfgs, iters=30): Rwork=0.3470 Rfree=0.3410
Initialized ScalerBase with 10 bins.
Calculating initial scale factors using 10 bins.
Calculating initial scale factors using 10 bins.
Refining scales with LBFGS...
Scale refinement complete. rwork: 0.3439, rfree: 0.3381

Final Scale Parameters: 
  c_iso: tensor([-0.4720,  1.1230,  0.2568,  0.0958,  0.0307,  0.0961])
  U: tensor([ 0.5623,  0.7480,  0.3920, -0.0781,  0.0072, -0.0023])
  solvent.log_k_solvent: -0.9060626029968262
  solvent.log_ss_half: -3.9385111331939697
  solvent.log_n_exp: 1.4273239374160767
  solvent.phase_offset: -0.050271619111299515
Initialized ScalerBase with 10 bins.
Calculating initial scale factors using 10 bins.
Calculating initial scale factors using 10 bins.
Refining scales with LBFGS...
Scale refinement complete. rwork: 0.3439, rfree: 0.3381

Final Scale Parameters: 
  c_iso: tensor([-0.4664,  1.1309,  0.2584,  0.0961,  0.0306,  0.0962])
  U: tensor([ 0.5647,  0.7518,  0.3942, -0.0786,  0.0073, -0.0025])
  solvent.log_k_solvent: -0.9065803289413452
  solvent.log_ss_half: -3.939807415008545
  solvent.log_n_exp: 1.4243226051330566
  solvent.phase_offset: -0.05013110488653183

============================================================
LBFGS Refinement - Cycle 1/10
============================================================
Refining scales with LBFGS...
Scale refinement complete. rwork: 0.3439, rfree: 0.3382

Final Scale Parameters: 
  c_iso: tensor([-0.4576,  1.1478,  0.2603,  0.0994,  0.0303,  0.0975])
  U: tensor([ 0.5687,  0.7539,  0.3983, -0.0781,  0.0069, -0.0019])
  solvent.log_k_solvent: -0.9080294370651245
  solvent.log_ss_half: -3.94136381149292
  solvent.log_n_exp: 1.4263933897018433
  solvent.phase_offset: -0.05022479593753815
After scaling: Rwork=0.3439, Rfree=0.3382
  VDW rebuild: max drift 1.62 Å > threshold 1.00 Å

Building VDW (non-bonded) restraints...
  Symmetry expansion: 34 valid (symop, offset) combos
  Grid: [10, 10, 25], 2128/2500 cells occupied, max 228 entries/cell
  Built 156543 VDW restraints, 10993 symmetry contacts

────────────────────────────────────────────────────────────────────
  XYZ Refinement
────────────────────────────────────────────────────────────────────

  adp (weight: 0.0200)
  ────────────────────────────────────────────────────────────────
    Metric                       Before      After     Change
    locality                   919.5375   919.5375     0.0000
    scaler_U                    15697.9    15697.9     0.0000
    scaler_log_scale           145208.2   145208.2     0.0000
    sigd                         2811.3     2811.3     0.0000
    simu                         7331.6     7331.6     0.0000

  geometry (weight: 0.2000)
  ────────────────────────────────────────────────────────────────
    Metric                       Before      After     Change
    angle                      -18071.0   -19254.1    -1183.1
    bond                       -13611.9   -14625.8    -1013.9
    chiral                    -192.1928  -217.1803   -24.9875
    nonbonded                  -39390.4   -41114.4    -1724.1
    planarity                   -9249.2    -9421.6  -172.3877
    torsion                      7441.6     7474.7   +33.0610

  other (weight: 1.0000)
  ────────────────────────────────────────────────────────────────
    Metric                       Before      After     Change
    xray                       115473.7   113598.9    -1874.9

  Group Totals
  ────────────────────────────────────────────────────────────────
    Group                        Before      After     Change
    adp                          3439.4     3439.4     0.0000
    geometry                   -14614.6   -15431.7  -817.0694
    xray                       115473.7   113598.9    -1874.9
────────────────────────────────────────────────────────────────────
  VDW rebuild: max drift 1.62 Å > threshold 1.00 Å

Building VDW (non-bonded) restraints...
  Symmetry expansion: 34 valid (symop, offset) combos
  Grid: [10, 10, 25], 2128/2500 cells occupied, max 228 entries/cell
  Built 156543 VDW restraints, 10993 symmetry contacts

────────────────────────────────────────────────────────────────────
  ADP Refinement
────────────────────────────────────────────────────────────────────

  adp (weight: 0.0200)
  ────────────────────────────────────────────────────────────────
    Metric                       Before      After     Change
    locality                   917.0220    13411.5   +12494.4
    scaler_U                    15697.9    15697.9     0.0000
    scaler_log_scale           145208.2   145208.2     0.0000
    sigd                         2811.3     3025.8  +214.4937
    simu                         7331.6    13514.7    +6183.2

  geometry (weight: 0.2000)
  ────────────────────────────────────────────────────────────────
    Metric                       Before      After     Change
    angle                      -19254.1   -19254.1     0.0000
    bond                       -14625.8   -14625.8     0.0000
    chiral                    -217.1803  -217.1803     0.0000
    nonbonded                  -41114.4   -41114.4     0.0000
    planarity                   -9421.6    -9421.6     0.0000
    torsion                      7474.7     7474.7     0.0000

  other (weight: 1.0000)
  ────────────────────────────────────────────────────────────────
    Metric                       Before      After     Change
    xray                       113598.9   110350.4    -3248.4

  Group Totals
  ────────────────────────────────────────────────────────────────
    Group                        Before      After     Change
    adp                          3439.3     3817.2  +377.8421
    geometry                   -15431.7   -15431.7     0.0000
    xray                       113598.9   110350.4    -3248.4
────────────────────────────────────────────────────────────────────

============================================================
LBFGS Refinement - Cycle 2/10
============================================================
Refining scales with LBFGS...
Scale refinement complete. rwork: 0.2834, rfree: 0.2988

Final Scale Parameters: 
  c_iso: tensor([-0.8467,  0.6405,  0.0936,  0.0753,  0.0555,  0.0968])
  U: tensor([ 0.4160,  0.5705,  0.2410, -0.0734,  0.0117,  0.0013])
  solvent.log_k_solvent: -0.9110802412033081
  solvent.log_ss_half: -3.902127265930176
  solvent.log_n_exp: 1.3553380966186523
  solvent.phase_offset: -0.049870654940605164
After scaling: Rwork=0.2834, Rfree=0.2988
  VDW rebuild: max drift 1.45 Å > threshold 1.00 Å

Building VDW (non-bonded) restraints...
  Symmetry expansion: 34 valid (symop, offset) combos
  Grid: [10, 10, 25], 2128/2500 cells occupied, max 228 entries/cell
  Built 156543 VDW restraints, 10993 symmetry contacts

────────────────────────────────────────────────────────────────────
  XYZ Refinement
────────────────────────────────────────────────────────────────────

  adp (weight: 0.0200)
  ────────────────────────────────────────────────────────────────
    Metric                       Before      After     Change
    locality                    13411.5    13411.5     0.0000
    scaler_U                     7986.8     7986.8     0.0000
    scaler_log_scale            32881.3    32881.3     0.0000
    sigd                         3025.8     3025.8     0.0000
    simu                        13514.7    13514.7     0.0000

  geometry (weight: 0.2000)
  ────────────────────────────────────────────────────────────────
    Metric                       Before      After     Change
    angle                      -19254.1   -19481.2  -227.0645
    bond                       -14625.8   -14657.3   -31.5107
    chiral                    -217.1803  -213.6688    +3.5114
    nonbonded                  -41114.4   -41074.2   +40.2578
    planarity                   -9421.6    -9497.5   -75.8584
    torsion                      7474.7     7455.6   -19.1099

  other (weight: 1.0000)
  ────────────────────────────────────────────────────────────────
    Metric                       Before      After     Change
    xray                       110455.8   109526.9  -928.9219

  Group Totals
  ────────────────────────────────────────────────────────────────
    Group                        Before      After     Change
    adp                          1416.4     1416.4     0.0000
    geometry                   -15431.7   -15493.6   -61.9547
    xray                       110455.8   109526.9  -928.9219
────────────────────────────────────────────────────────────────────
  VDW rebuild: max drift 1.45 Å > threshold 1.00 Å

Building VDW (non-bonded) restraints...
  Symmetry expansion: 34 valid (symop, offset) combos
  Grid: [10, 10, 25], 2128/2500 cells occupied, max 228 entries/cell
  Built 156543 VDW restraints, 10993 symmetry contacts

────────────────────────────────────────────────────────────────────
  ADP Refinement
────────────────────────────────────────────────────────────────────

  adp (weight: 0.0200)
  ────────────────────────────────────────────────────────────────
    Metric                       Before      After     Change
    locality                    13424.5    17611.4    +4186.9
    scaler_U                     7986.8     7986.8     0.0000
    scaler_log_scale            32881.3    32881.3     0.0000
    sigd                         3025.8     3114.5   +88.6750
    simu                        13514.7    15559.6    +2044.9

  geometry (weight: 0.2000)
  ────────────────────────────────────────────────────────────────
    Metric                       Before      After     Change
    angle                      -19481.2   -19481.2     0.0000
    bond                       -14657.3   -14657.3     0.0000
    chiral                    -213.6688  -213.6688     0.0000
    nonbonded                  -41074.2   -41074.2     0.0000
    planarity                   -9497.5    -9497.5     0.0000
    torsion                      7455.6     7455.6     0.0000

  other (weight: 1.0000)
  ────────────────────────────────────────────────────────────────
    Metric                       Before      After     Change
    xray                       109526.9   109288.4  -238.4688

  Group Totals
  ────────────────────────────────────────────────────────────────
    Group                        Before      After     Change
    adp                          1416.7     1543.1  +126.4088
    geometry                   -15493.6   -15493.6     0.0000
    xray                       109526.9   109288.4  -238.4688
────────────────────────────────────────────────────────────────────

============================================================
LBFGS Refinement - Cycle 3/10
============================================================
Refining scales with LBFGS...
Scale refinement complete. rwork: 0.2696, rfree: 0.2884

Final Scale Parameters: 
  c_iso: tensor([-0.9105,  0.5549,  0.0616,  0.0734,  0.0587,  0.0975])
  U: tensor([ 0.3926,  0.5521,  0.2168, -0.0749,  0.0110,  0.0011])
  solvent.log_k_solvent: -0.9173312783241272
  solvent.log_ss_half: -3.889744997024536
  solvent.log_n_exp: 1.3804274797439575
  solvent.phase_offset: -0.04788339138031006
After scaling: Rwork=0.2696, Rfree=0.2884
  VDW rebuild: max drift 1.52 Å > threshold 1.00 Å

Building VDW (non-bonded) restraints...
  Symmetry expansion: 34 valid (symop, offset) combos
  Grid: [10, 10, 25], 2128/2500 cells occupied, max 228 entries/cell
  Built 156543 VDW restraints, 10993 symmetry contacts

────────────────────────────────────────────────────────────────────
  XYZ Refinement
────────────────────────────────────────────────────────────────────

  adp (weight: 0.0200)
  ────────────────────────────────────────────────────────────────
    Metric                       Before      After     Change
    locality                    17611.4    17611.4     0.0000
    scaler_U                     7150.8     7150.8     0.0000
    scaler_log_scale            21412.5    21412.5     0.0000
    sigd                         3114.5     3114.5     0.0000
    simu                        15559.6    15559.6     0.0000

  geometry (weight: 0.2000)
  ────────────────────────────────────────────────────────────────
    Metric                       Before      After     Change
    angle                      -19481.2   -19478.5    +2.6230
    bond                       -14657.3   -14667.8   -10.4561
    chiral                    -213.6688  -216.1432    -2.4744
    nonbonded                  -41074.2   -41130.5   -56.3477
    planarity                   -9497.5    -9511.4   -13.9414
    torsion                      7455.6     7465.0    +9.3911

  other (weight: 1.0000)
  ────────────────────────────────────────────────────────────────
    Metric                       Before      After     Change
    xray                       109300.3   109036.7  -263.5938

  Group Totals
  ────────────────────────────────────────────────────────────────
    Group                        Before      After     Change
    adp                          1297.0     1297.0     0.0000
    geometry                   -15493.6   -15507.9   -14.2413
    xray                       109300.3   109036.7  -263.5938
────────────────────────────────────────────────────────────────────
  VDW rebuild: max drift 1.52 Å > threshold 1.00 Å

Building VDW (non-bonded) restraints...
  Symmetry expansion: 34 valid (symop, offset) combos
  Grid: [10, 10, 25], 2128/2500 cells occupied, max 228 entries/cell
  Built 156543 VDW restraints, 10993 symmetry contacts

────────────────────────────────────────────────────────────────────
  ADP Refinement
────────────────────────────────────────────────────────────────────

  adp (weight: 0.0200)
  ────────────────────────────────────────────────────────────────
    Metric                       Before      After     Change
    locality                    17613.2    17614.4    +1.2344
    scaler_U                     7150.8     7150.8     0.0000
    scaler_log_scale            21412.5    21412.5     0.0000
    sigd                         3114.5     3130.4   +15.9053
    simu                        15559.6    15490.9   -68.6992

  geometry (weight: 0.2000)
  ────────────────────────────────────────────────────────────────
    Metric                       Before      After     Change
    angle                      -19478.5   -19478.5     0.0000
    bond                       -14667.8   -14667.8     0.0000
    chiral                    -216.1432  -216.1432     0.0000
    nonbonded                  -41130.5   -41130.5     0.0000
    planarity                   -9511.4    -9511.4     0.0000
    torsion                      7465.0     7465.0     0.0000

  other (weight: 1.0000)
  ────────────────────────────────────────────────────────────────
    Metric                       Before      After     Change
    xray                       109036.7   108984.3   -52.4297

  Group Totals
  ────────────────────────────────────────────────────────────────
    Group                        Before      After     Change
    adp                          1297.0     1296.0    -1.0312
    geometry                   -15507.9   -15507.9     0.0000
    xray                       109036.7   108984.3   -52.4297
────────────────────────────────────────────────────────────────────

============================================================
LBFGS Refinement - Cycle 4/10
============================================================
Refining scales with LBFGS...
Scale refinement complete. rwork: 0.2656, rfree: 0.2896

Final Scale Parameters: 
  c_iso: tensor([-0.9208,  0.5256,  0.0656,  0.0706,  0.0651,  0.0969])
  U: tensor([ 0.3863,  0.5414,  0.2127, -0.0709,  0.0108, -0.0012])
  solvent.log_k_solvent: -0.920227587223053
  solvent.log_ss_half: -3.8951656818389893
  solvent.log_n_exp: 1.3437602519989014
  solvent.phase_offset: -0.040893517434597015
After scaling: Rwork=0.2656, Rfree=0.2896
  VDW rebuild: max drift 1.46 Å > threshold 1.00 Å

Building VDW (non-bonded) restraints...
  Symmetry expansion: 34 valid (symop, offset) combos
  Grid: [10, 10, 25], 2128/2500 cells occupied, max 228 entries/cell
  Built 156543 VDW restraints, 10993 symmetry contacts

────────────────────────────────────────────────────────────────────
  XYZ Refinement
────────────────────────────────────────────────────────────────────

  adp (weight: 0.0200)
  ────────────────────────────────────────────────────────────────
    Metric                       Before      After     Change
    locality                    17614.4    17614.4     0.0000
    scaler_U                     6893.1     6893.1     0.0000
    scaler_log_scale            19278.4    19278.4     0.0000
    sigd                         3130.4     3130.4     0.0000
    simu                        15490.9    15490.9     0.0000

  geometry (weight: 0.2000)
  ────────────────────────────────────────────────────────────────
    Metric                       Before      After     Change
    angle                      -19478.5   -19424.7   +53.8750
    bond                       -14667.8   -14583.1   +84.6992
    chiral                    -216.1432  -211.6890    +4.4542
    nonbonded                  -41130.5   -41044.3   +86.2773
    planarity                   -9511.4    -9515.7    -4.3311
    torsion                      7465.0     7464.9    -0.0225

  other (weight: 1.0000)
  ────────────────────────────────────────────────────────────────
    Metric                       Before      After     Change
    xray                       109044.4   108805.1  -239.3281

  Group Totals
  ────────────────────────────────────────────────────────────────
    Group                        Before      After     Change
    adp                          1248.1     1248.1     0.0000
    geometry                   -15507.9   -15462.9   +44.9911
    xray                       109044.4   108805.1  -239.3281
────────────────────────────────────────────────────────────────────
  VDW rebuild: max drift 1.46 Å > threshold 1.00 Å

Building VDW (non-bonded) restraints...
  Symmetry expansion: 34 valid (symop, offset) combos
  Grid: [10, 10, 25], 2128/2500 cells occupied, max 228 entries/cell
  Built 156543 VDW restraints, 10993 symmetry contacts

────────────────────────────────────────────────────────────────────
  ADP Refinement
────────────────────────────────────────────────────────────────────

  adp (weight: 0.0200)
  ────────────────────────────────────────────────────────────────
    Metric                       Before      After     Change
    locality                    17640.9    18103.8  +462.9102
    scaler_U                     6893.1     6893.1     0.0000
    scaler_log_scale            19278.4    19278.4     0.0000
    sigd                         3130.4     3167.0   +36.5676
    simu                        15490.9    15503.5   +12.6094

  geometry (weight: 0.2000)
  ────────────────────────────────────────────────────────────────
    Metric                       Before      After     Change
    angle                      -19424.7   -19424.7     0.0000
    bond                       -14583.1   -14583.1     0.0000
    chiral                    -211.6890  -211.6890     0.0000
    nonbonded                  -41044.3   -41044.3     0.0000
    planarity                   -9515.7    -9515.7     0.0000
    torsion                      7464.9     7464.9     0.0000

  other (weight: 1.0000)
  ────────────────────────────────────────────────────────────────
    Metric                       Before      After     Change
    xray                       108805.1   108738.9   -66.1719

  Group Totals
  ────────────────────────────────────────────────────────────────
    Group                        Before      After     Change
    adp                          1248.7     1258.9   +10.2418
    geometry                   -15462.9   -15462.9     0.0000
    xray                       108805.1   108738.9   -66.1719
────────────────────────────────────────────────────────────────────

============================================================
LBFGS Refinement - Cycle 5/10
============================================================
Refining scales with LBFGS...
Scale refinement complete. rwork: 0.2622, rfree: 0.2867

Final Scale Parameters: 
  c_iso: tensor([-0.9958,  0.4241,  0.0420,  0.0678,  0.0673,  0.0973])
  U: tensor([ 0.3547,  0.5074,  0.1833, -0.0669,  0.0128, -0.0033])
  solvent.log_k_solvent: -0.9215463995933533
  solvent.log_ss_half: -3.8832690715789795
  solvent.log_n_exp: 1.3836110830307007
  solvent.phase_offset: -0.03846430405974388
After scaling: Rwork=0.2622, Rfree=0.2867
  VDW rebuild: max drift 1.61 Å > threshold 1.00 Å

Building VDW (non-bonded) restraints...
  Symmetry expansion: 34 valid (symop, offset) combos
  Grid: [10, 10, 25], 2128/2500 cells occupied, max 228 entries/cell
  Built 156543 VDW restraints, 10993 symmetry contacts

────────────────────────────────────────────────────────────────────
  XYZ Refinement
────────────────────────────────────────────────────────────────────

  adp (weight: 0.0200)
  ────────────────────────────────────────────────────────────────
    Metric                       Before      After     Change
    locality                    18103.8    18103.8     0.0000
    scaler_U                     5792.1     5792.1     0.0000
    scaler_log_scale            10589.7    10589.7     0.0000
    sigd                         3167.0     3167.0     0.0000
    simu                        15503.5    15503.5     0.0000

  geometry (weight: 0.2000)
  ────────────────────────────────────────────────────────────────
    Metric                       Before      After     Change
    angle                      -19424.7   -19467.7   -43.0156
    bond                       -14583.1   -14620.6   -37.4971
    chiral                    -211.6890  -214.3357    -2.6467
    nonbonded                  -41044.3   -41098.3   -54.0898
    planarity                   -9515.7    -9522.2    -6.4092
    torsion                      7464.9     7469.8    +4.8140

  other (weight: 1.0000)
  ────────────────────────────────────────────────────────────────
    Metric                       Before      After     Change
    xray                       108787.2   108710.8   -76.3438

  Group Totals
  ────────────────────────────────────────────────────────────────
    Group                        Before      After     Change
    adp                          1063.1     1063.1     0.0000
    geometry                   -15462.9   -15490.7   -27.7696
    xray                       108787.2   108710.8   -76.3438
────────────────────────────────────────────────────────────────────
  VDW rebuild: max drift 1.61 Å > threshold 1.00 Å

Building VDW (non-bonded) restraints...
  Symmetry expansion: 34 valid (symop, offset) combos
  Grid: [10, 10, 25], 2128/2500 cells occupied, max 228 entries/cell
  Built 156543 VDW restraints, 10993 symmetry contacts

────────────────────────────────────────────────────────────────────
  ADP Refinement
────────────────────────────────────────────────────────────────────

  adp (weight: 0.0200)
  ────────────────────────────────────────────────────────────────
    Metric                       Before      After     Change
    locality                    18113.5    18082.6   -30.9004
    scaler_U                     5792.1     5792.1     0.0000
    scaler_log_scale            10589.7    10589.7     0.0000
    sigd                         3167.0     3174.0    +6.9673
    simu                        15503.5    15442.4   -61.1943

  geometry (weight: 0.2000)
  ────────────────────────────────────────────────────────────────
    Metric                       Before      After     Change
    angle                      -19467.7   -19467.7     0.0000
    bond                       -14620.6   -14620.6     0.0000
    chiral                    -214.3357  -214.3357     0.0000
    nonbonded                  -41098.3   -41098.3     0.0000
    planarity                   -9522.2    -9522.2     0.0000
    torsion                      7469.8     7469.8     0.0000

  other (weight: 1.0000)
  ────────────────────────────────────────────────────────────────
    Metric                       Before      After     Change
    xray                       108710.8   108708.4    -2.4766

  Group Totals
  ────────────────────────────────────────────────────────────────
    Group                        Before      After     Change
    adp                          1063.3     1061.6    -1.7025
    geometry                   -15490.7   -15490.7     0.0000
    xray                       108710.8   108708.4    -2.4766
────────────────────────────────────────────────────────────────────

============================================================
LBFGS Refinement - Cycle 6/10
============================================================
Refining scales with LBFGS...
Scale refinement complete. rwork: 0.2614, rfree: 0.2849

Final Scale Parameters: 
  c_iso: tensor([-0.9945,  0.4196,  0.0443,  0.0653,  0.0687,  0.0961])
  U: tensor([ 0.3558,  0.5079,  0.1852, -0.0660,  0.0134, -0.0044])
  solvent.log_k_solvent: -0.9213559031486511
  solvent.log_ss_half: -3.8856301307678223
  solvent.log_n_exp: 1.3844845294952393
  solvent.phase_offset: -0.03743042051792145
After scaling: Rwork=0.2614, Rfree=0.2849
  VDW rebuild: max drift 1.79 Å > threshold 1.00 Å

Building VDW (non-bonded) restraints...
  Symmetry expansion: 34 valid (symop, offset) combos
  Grid: [10, 10, 25], 2128/2500 cells occupied, max 228 entries/cell
  Built 156543 VDW restraints, 10993 symmetry contacts

────────────────────────────────────────────────────────────────────
  XYZ Refinement
────────────────────────────────────────────────────────────────────

  adp (weight: 0.0200)
  ────────────────────────────────────────────────────────────────
    Metric                       Before      After     Change
    locality                    18082.6    18082.6     0.0000
    scaler_U                     5832.1     5832.1     0.0000
    scaler_log_scale            10487.1    10487.1     0.0000
    sigd                         3174.0     3174.0     0.0000
    simu                        15442.4    15442.4     0.0000

  geometry (weight: 0.2000)
  ────────────────────────────────────────────────────────────────
    Metric                       Before      After     Change
    angle                      -19467.7   -19472.7    -5.0742
    bond                       -14620.6   -14620.7    -0.0986
    chiral                    -214.3357  -212.3936    +1.9422
    nonbonded                  -41098.3   -41084.3   +14.0703
    planarity                   -9522.2    -9530.9    -8.7734
    torsion                      7469.8     7471.3    +1.5723

  other (weight: 1.0000)
  ────────────────────────────────────────────────────────────────
    Metric                       Before      After     Change
    xray                       108750.6   108719.0   -31.5938

  Group Totals
  ────────────────────────────────────────────────────────────────
    Group                        Before      After     Change
    adp                          1060.4     1060.4     0.0000
    geometry                   -15490.7   -15489.9    +0.7285
    xray                       108750.6   108719.0   -31.5938
────────────────────────────────────────────────────────────────────
  VDW rebuild: max drift 1.79 Å > threshold 1.00 Å

Building VDW (non-bonded) restraints...
  Symmetry expansion: 34 valid (symop, offset) combos
  Grid: [10, 10, 25], 2128/2500 cells occupied, max 228 entries/cell
  Built 156543 VDW restraints, 10993 symmetry contacts

────────────────────────────────────────────────────────────────────
  ADP Refinement
────────────────────────────────────────────────────────────────────

  adp (weight: 0.0200)
  ────────────────────────────────────────────────────────────────
    Metric                       Before      After     Change
    locality                    18089.0    18043.4   -45.5996
    scaler_U                     5832.1     5832.1     0.0000
    scaler_log_scale            10487.1    10487.1     0.0000
    sigd                         3174.0     3180.8    +6.8054
    simu                        15442.4    15299.7  -142.6602

  geometry (weight: 0.2000)
  ────────────────────────────────────────────────────────────────
    Metric                       Before      After     Change
    angle                      -19472.7   -19472.7     0.0000
    bond                       -14620.7   -14620.7     0.0000
    chiral                    -212.3936  -212.3936     0.0000
    nonbonded                  -41084.3   -41084.3     0.0000
    planarity                   -9530.9    -9530.9     0.0000
    torsion                      7471.3     7471.3     0.0000

  other (weight: 1.0000)
  ────────────────────────────────────────────────────────────────
    Metric                       Before      After     Change
    xray                       108719.0   108722.3    +3.2969

  Group Totals
  ────────────────────────────────────────────────────────────────
    Group                        Before      After     Change
    adp                          1060.5     1056.9    -3.6291
    geometry                   -15489.9   -15489.9     0.0000
    xray                       108719.0   108722.3    +3.2969
────────────────────────────────────────────────────────────────────

============================================================
LBFGS Refinement - Cycle 7/10
============================================================
Refining scales with LBFGS...
Scale refinement complete. rwork: 0.2609, rfree: 0.2851

Final Scale Parameters: 
  c_iso: tensor([-0.9941,  0.4166,  0.0443,  0.0649,  0.0682,  0.0951])
  U: tensor([ 0.3571,  0.5095,  0.1869, -0.0654,  0.0143, -0.0050])
  solvent.log_k_solvent: -0.9217447638511658
  solvent.log_ss_half: -3.889782667160034
  solvent.log_n_exp: 1.3847919702529907
  solvent.phase_offset: -0.03636721521615982
After scaling: Rwork=0.2609, Rfree=0.2851
  VDW rebuild: max drift 1.88 Å > threshold 1.00 Å

Building VDW (non-bonded) restraints...
  Symmetry expansion: 34 valid (symop, offset) combos
  Grid: [10, 10, 25], 2128/2500 cells occupied, max 228 entries/cell
  Built 156543 VDW restraints, 10993 symmetry contacts

────────────────────────────────────────────────────────────────────
  XYZ Refinement
────────────────────────────────────────────────────────────────────

  adp (weight: 0.0200)
  ────────────────────────────────────────────────────────────────
    Metric                       Before      After     Change
    locality                    18043.4    18043.4     0.0000
    scaler_U                     5883.3     5883.3     0.0000
    scaler_log_scale            10377.6    10377.6     0.0000
    sigd                         3180.8     3180.8     0.0000
    simu                        15299.7    15299.7     0.0000

  geometry (weight: 0.2000)
  ────────────────────────────────────────────────────────────────
    Metric                       Before      After     Change
    angle                      -19472.7   -19490.1   -17.3691
    bond                       -14620.7   -14632.2   -11.4932
    chiral                    -212.3936  -214.1783    -1.7848
    nonbonded                  -41084.3   -41094.6   -10.3555
    planarity                   -9530.9    -9531.6    -0.6807
    torsion                      7471.3     7474.7    +3.3999

  other (weight: 1.0000)
  ────────────────────────────────────────────────────────────────
    Metric                       Before      After     Change
    xray                       108754.3   108714.3   -39.9531

  Group Totals
  ────────────────────────────────────────────────────────────────
    Group                        Before      After     Change
    adp                          1055.7     1055.7     0.0000
    geometry                   -15489.9   -15497.6    -7.6571
    xray                       108754.3   108714.3   -39.9531
────────────────────────────────────────────────────────────────────
  VDW rebuild: max drift 1.88 Å > threshold 1.00 Å

Building VDW (non-bonded) restraints...
  Symmetry expansion: 34 valid (symop, offset) combos
  Grid: [10, 10, 25], 2128/2500 cells occupied, max 228 entries/cell
  Built 156543 VDW restraints, 10993 symmetry contacts

────────────────────────────────────────────────────────────────────
  ADP Refinement
────────────────────────────────────────────────────────────────────

  adp (weight: 0.0200)
  ────────────────────────────────────────────────────────────────
    Metric                       Before      After     Change
    locality                    18042.3    18003.3   -38.9453
    scaler_U                     5883.3     5883.3     0.0000
    scaler_log_scale            10377.6    10377.6     0.0000
    sigd                         3180.8     3185.4    +4.6650
    simu                        15299.7    15204.8   -94.8711

  geometry (weight: 0.2000)
  ────────────────────────────────────────────────────────────────
    Metric                       Before      After     Change
    angle                      -19490.1   -19490.1     0.0000
    bond                       -14632.2   -14632.2     0.0000
    chiral                    -214.1783  -214.1783     0.0000
    nonbonded                  -41094.6   -41094.6     0.0000
    planarity                   -9531.6    -9531.6     0.0000
    torsion                      7474.7     7474.7     0.0000

  other (weight: 1.0000)
  ────────────────────────────────────────────────────────────────
    Metric                       Before      After     Change
    xray                       108714.3   108714.1    -0.2656

  Group Totals
  ────────────────────────────────────────────────────────────────
    Group                        Before      After     Change
    adp                          1055.7     1053.1    -2.5830
    geometry                   -15497.6   -15497.6     0.0000
    xray                       108714.3   108714.1    -0.2656
────────────────────────────────────────────────────────────────────

============================================================
LBFGS Refinement - Cycle 8/10
============================================================
Refining scales with LBFGS...
Scale refinement complete. rwork: 0.2611, rfree: 0.2862

Final Scale Parameters: 
  c_iso: tensor([-1.0256,  0.3721,  0.0365,  0.0637,  0.0702,  0.0959])
  U: tensor([ 0.3448,  0.4989,  0.1747, -0.0653,  0.0153, -0.0057])
  solvent.log_k_solvent: -0.9172948002815247
  solvent.log_ss_half: -3.8864002227783203
  solvent.log_n_exp: 1.418130874633789
  solvent.phase_offset: -0.037957075983285904
After scaling: Rwork=0.2611, Rfree=0.2862
  VDW rebuild: max drift 1.99 Å > threshold 1.00 Å

Building VDW (non-bonded) restraints...
  Symmetry expansion: 34 valid (symop, offset) combos
  Grid: [10, 10, 25], 2128/2500 cells occupied, max 228 entries/cell
  Built 156543 VDW restraints, 10993 symmetry contacts

────────────────────────────────────────────────────────────────────
  XYZ Refinement
────────────────────────────────────────────────────────────────────

  adp (weight: 0.0200)
  ────────────────────────────────────────────────────────────────
    Metric                       Before      After     Change
    locality                    18003.3    18003.3     0.0000
    scaler_U                     5497.8     5497.8     0.0000
    scaler_log_scale             7519.2     7519.2     0.0000
    sigd                         3185.4     3185.4     0.0000
    simu                        15204.8    15204.8     0.0000

  geometry (weight: 0.2000)
  ────────────────────────────────────────────────────────────────
    Metric                       Before      After     Change
    angle                      -19490.1   -19475.7   +14.4395
    bond                       -14632.2   -14616.3   +15.8662
    chiral                    -214.1783  -212.7907    +1.3876
    nonbonded                  -41094.6   -41078.7   +15.9180
    planarity                   -9531.6    -9532.1    -0.5039
    torsion                      7474.7     7472.8    -1.8789

  other (weight: 1.0000)
  ────────────────────────────────────────────────────────────────
    Metric                       Before      After     Change
    xray                       108747.4   108717.8   -29.5781

  Group Totals
  ────────────────────────────────────────────────────────────────
    Group                        Before      After     Change
    adp                        988.2121   988.2121     0.0000
    geometry                   -15497.6   -15488.6    +9.0458
    xray                       108747.4   108717.8   -29.5781
────────────────────────────────────────────────────────────────────
  VDW rebuild: max drift 1.99 Å > threshold 1.00 Å

Building VDW (non-bonded) restraints...
  Symmetry expansion: 34 valid (symop, offset) combos
  Grid: [10, 10, 25], 2128/2500 cells occupied, max 228 entries/cell
  Built 156543 VDW restraints, 10993 symmetry contacts

────────────────────────────────────────────────────────────────────
  ADP Refinement
────────────────────────────────────────────────────────────────────

  adp (weight: 0.0200)
  ────────────────────────────────────────────────────────────────
    Metric                       Before      After     Change
    locality                    18017.0    17942.3   -74.6406
    scaler_U                     5497.8     5497.8     0.0000
    scaler_log_scale             7519.2     7519.2     0.0000
    sigd                         3185.4     3189.8    +4.3796
    simu                        15204.8    15094.5  -110.3594

  geometry (weight: 0.2000)
  ────────────────────────────────────────────────────────────────
    Metric                       Before      After     Change
    angle                      -19475.7   -19475.7     0.0000
    bond                       -14616.3   -14616.3     0.0000
    chiral                    -212.7907  -212.7907     0.0000
    nonbonded                  -41078.7   -41078.7     0.0000
    planarity                   -9532.1    -9532.1     0.0000
    torsion                      7472.8     7472.8     0.0000

  other (weight: 1.0000)
  ────────────────────────────────────────────────────────────────
    Metric                       Before      After     Change
    xray                       108717.8   108718.9    +1.0078

  Group Totals
  ────────────────────────────────────────────────────────────────
    Group                        Before      After     Change
    adp                        988.4856   984.8732    -3.6124
    geometry                   -15488.6   -15488.6     0.0000
    xray                       108717.8   108718.9    +1.0078
────────────────────────────────────────────────────────────────────

============================================================
LBFGS Refinement - Cycle 9/10
============================================================
Refining scales with LBFGS...
Scale refinement complete. rwork: 0.2607, rfree: 0.2857

Final Scale Parameters: 
  c_iso: tensor([-1.0241,  0.3715,  0.0378,  0.0646,  0.0698,  0.0968])
  U: tensor([ 0.3466,  0.5004,  0.1761, -0.0655,  0.0155, -0.0048])
  solvent.log_k_solvent: -0.9162263870239258
  solvent.log_ss_half: -3.8894846439361572
  solvent.log_n_exp: 1.4333964586257935
  solvent.phase_offset: -0.038845472037792206
After scaling: Rwork=0.2607, Rfree=0.2857
  VDW rebuild: max drift 2.04 Å > threshold 1.00 Å

Building VDW (non-bonded) restraints...
  Symmetry expansion: 34 valid (symop, offset) combos
  Grid: [10, 10, 25], 2128/2500 cells occupied, max 228 entries/cell
  Built 156543 VDW restraints, 10993 symmetry contacts

────────────────────────────────────────────────────────────────────
  XYZ Refinement
────────────────────────────────────────────────────────────────────

  adp (weight: 0.0200)
  ────────────────────────────────────────────────────────────────
    Metric                       Before      After     Change
    locality                    17942.3    17942.3     0.0000
    scaler_U                     5548.5     5548.5     0.0000
    scaler_log_scale             7568.2     7568.2     0.0000
    sigd                         3189.8     3189.8     0.0000
    simu                        15094.5    15094.5     0.0000

  geometry (weight: 0.2000)
  ────────────────────────────────────────────────────────────────
    Metric                       Before      After     Change
    angle                      -19475.7   -19498.4   -22.7070
    bond                       -14616.3   -14633.7   -17.3740
    chiral                    -212.7907  -214.2119    -1.4212
    nonbonded                  -41078.7   -41090.8   -12.0664
    planarity                   -9532.1    -9537.5    -5.4189
    torsion                      7472.8     7474.8    +2.0005

  other (weight: 1.0000)
  ────────────────────────────────────────────────────────────────
    Metric                       Before      After     Change
    xray                       108736.3   108700.4   -35.9062

  Group Totals
  ────────────────────────────────────────────────────────────────
    Group                        Before      After     Change
    adp                        986.8660   986.8660     0.0000
    geometry                   -15488.6   -15499.9   -11.3974
    xray                       108736.3   108700.4   -35.9062
────────────────────────────────────────────────────────────────────
  VDW rebuild: max drift 2.04 Å > threshold 1.00 Å

Building VDW (non-bonded) restraints...
  Symmetry expansion: 34 valid (symop, offset) combos
  Grid: [10, 10, 25], 2128/2500 cells occupied, max 228 entries/cell
  Built 156543 VDW restraints, 10993 symmetry contacts

────────────────────────────────────────────────────────────────────
  ADP Refinement
────────────────────────────────────────────────────────────────────

  adp (weight: 0.0200)
  ────────────────────────────────────────────────────────────────
    Metric                       Before      After     Change
    locality                    17944.8    17981.2   +36.4199
    scaler_U                     5548.5     5548.5     0.0000
    scaler_log_scale             7568.2     7568.2     0.0000
    sigd                         3189.8     3195.2    +5.4167
    simu                        15094.5    15100.7    +6.2510

  geometry (weight: 0.2000)
  ────────────────────────────────────────────────────────────────
    Metric                       Before      After     Change
    angle                      -19498.4   -19498.4     0.0000
    bond                       -14633.7   -14633.7     0.0000
    chiral                    -214.2119  -214.2119     0.0000
    nonbonded                  -41090.8   -41090.8     0.0000
    planarity                   -9537.5    -9537.5     0.0000
    torsion                      7474.8     7474.8     0.0000

  other (weight: 1.0000)
  ────────────────────────────────────────────────────────────────
    Metric                       Before      After     Change
    xray                       108700.4   108703.1    +2.6797

  Group Totals
  ────────────────────────────────────────────────────────────────
    Group                        Before      After     Change
    adp                        986.9151   987.8769    +0.9618
    geometry                   -15499.9   -15499.9     0.0000
    xray                       108700.4   108703.1    +2.6797
────────────────────────────────────────────────────────────────────

============================================================
LBFGS Refinement - Cycle 10/10
============================================================
Refining scales with LBFGS...
Scale refinement complete. rwork: 0.2608, rfree: 0.2863

Final Scale Parameters: 
  c_iso: tensor([-1.0225,  0.3690,  0.0394,  0.0630,  0.0707,  0.0967])
  U: tensor([ 0.3489,  0.5021,  0.1774, -0.0663,  0.0152, -0.0036])
  solvent.log_k_solvent: -0.9145161509513855
  solvent.log_ss_half: -3.894212007522583
  solvent.log_n_exp: 1.436320185661316
  solvent.phase_offset: -0.03925534337759018
After scaling: Rwork=0.2608, Rfree=0.2863
  VDW rebuild: max drift 2.12 Å > threshold 1.00 Å

Building VDW (non-bonded) restraints...
  Symmetry expansion: 34 valid (symop, offset) combos
  Grid: [10, 10, 25], 2128/2500 cells occupied, max 228 entries/cell
  Built 156543 VDW restraints, 10993 symmetry contacts

────────────────────────────────────────────────────────────────────
  XYZ Refinement
────────────────────────────────────────────────────────────────────

  adp (weight: 0.0200)
  ────────────────────────────────────────────────────────────────
    Metric                       Before      After     Change
    locality                    17981.2    17981.2     0.0000
    scaler_U                     5607.1     5607.1     0.0000
    scaler_log_scale             7525.8     7525.8     0.0000
    sigd                         3195.2     3195.2     0.0000
    simu                        15100.7    15100.7     0.0000

  geometry (weight: 0.2000)
  ────────────────────────────────────────────────────────────────
    Metric                       Before      After     Change
    angle                      -19498.4   -19475.6   +22.7910
    bond                       -14633.7   -14617.9   +15.7715
    chiral                    -214.2119  -213.2035    +1.0084
    nonbonded                  -41090.8   -41078.1   +12.6836
    planarity                   -9537.5    -9535.1    +2.3955
    torsion                      7474.8     7472.4    -2.4717

  other (weight: 1.0000)
  ────────────────────────────────────────────────────────────────
    Metric                       Before      After     Change
    xray                       108714.9   108680.0   -34.9297

  Group Totals
  ────────────────────────────────────────────────────────────────
    Group                        Before      After     Change
    adp                        988.2010   988.2010     0.0000
    geometry                   -15499.9   -15489.5   +10.4350
    xray                       108714.9   108680.0   -34.9297
────────────────────────────────────────────────────────────────────
  VDW rebuild: max drift 2.12 Å > threshold 1.00 Å

Building VDW (non-bonded) restraints...
  Symmetry expansion: 34 valid (symop, offset) combos
  Grid: [10, 10, 25], 2128/2500 cells occupied, max 228 entries/cell
  Built 156543 VDW restraints, 10993 symmetry contacts

────────────────────────────────────────────────────────────────────
  ADP Refinement
────────────────────────────────────────────────────────────────────

  adp (weight: 0.0200)
  ────────────────────────────────────────────────────────────────
    Metric                       Before      After     Change
    locality                    17997.3    17987.8    -9.4824
    scaler_U                     5607.1     5607.1     0.0000
    scaler_log_scale             7525.8     7525.8     0.0000
    sigd                         3195.2     3199.8    +4.5625
    simu                        15100.7    15036.4   -64.3242

  geometry (weight: 0.2000)
  ────────────────────────────────────────────────────────────────
    Metric                       Before      After     Change
    angle                      -19475.6   -19475.6     0.0000
    bond                       -14617.9   -14617.9     0.0000
    chiral                    -213.2035  -213.2035     0.0000
    nonbonded                  -41078.1   -41078.1     0.0000
    planarity                   -9535.1    -9535.1     0.0000
    torsion                      7472.4     7472.4     0.0000

  other (weight: 1.0000)
  ────────────────────────────────────────────────────────────────
    Metric                       Before      After     Change
    xray                       108680.0   108677.9    -2.0781

  Group Totals
  ────────────────────────────────────────────────────────────────
    Group                        Before      After     Change
    adp                        988.5221   987.1372    -1.3849
    geometry                   -15489.5   -15489.5     0.0000
    xray                       108680.0   108677.9    -2.0781
────────────────────────────────────────────────────────────────────
Calculating initial scale factors using 10 bins.
Refining scales with LBFGS...
Scale refinement complete. rwork: 0.2600, rfree: 0.2858

Final Scale Parameters: 
  c_iso: tensor([-1.0068,  0.3846,  0.0454,  0.0620,  0.0711,  0.0961])
  U: tensor([ 0.3563,  0.5099,  0.1841, -0.0667,  0.0153, -0.0026])
  solvent.log_k_solvent: -0.9148169755935669
  solvent.log_ss_half: -3.9025771617889404
  solvent.log_n_exp: 1.441933512687683
  solvent.phase_offset: -0.039346903562545776

Refinement completed successfully.

Saving results to /das/work/units/LBR-FEL/p17490/Peter/Library/work_trees_torchref/alignement/alignment_lab/benchmarks/af_mr/runs/dmin3.0/5VIA/refine_phaser_mr...
  Refined structure (PDB): /das/work/units/LBR-FEL/p17490/Peter/Library/work_trees_torchref/alignement/alignment_lab/benchmarks/af_mr/runs/dmin3.0/5VIA/refine_phaser_mr/refined.pdb
  Refined structure (mmCIF): /das/work/units/LBR-FEL/p17490/Peter/Library/work_trees_torchref/alignement/alignment_lab/benchmarks/af_mr/runs/dmin3.0/5VIA/refine_phaser_mr/refined.cif
Added map coefficients:
  2Fo-Fc: FWT, PHWT
  Fo-Fc: DELFWT, PHDELWT
  Resolution range: 1.76 - 58.76 Å
✓ Wrote MTZ file: /das/work/units/LBR-FEL/p17490/Peter/Library/work_trees_torchref/alignement/alignment_lab/benchmarks/af_mr/runs/dmin3.0/5VIA/refine_phaser_mr/refined.mtz
  Reflections: 31804
  Columns: H, K, L, F-obs, SIGF-obs, I-obs, SIGI-obs, R-free-flags, FWT, PHWT, DELFWT, PHDELWT, F-model, PH-model
  Refined structure factors: /das/work/units/LBR-FEL/p17490/Peter/Library/work_trees_torchref/alignement/alignment_lab/benchmarks/af_mr/runs/dmin3.0/5VIA/refine_phaser_mr/refined.mtz
  Refinement history: /das/work/units/LBR-FEL/p17490/Peter/Library/work_trees_torchref/alignement/alignment_lab/benchmarks/af_mr/runs/dmin3.0/5VIA/refine_phaser_mr/refinement_history.json

================================================================================
Refinement Summary
================================================================================
R-work:  0.2600 (30558 reflections)
R-free:  0.2858 (603 reflections)
NLL work: 108683.12
NLL test: 2189.92
================================================================================

Output files:
  - /das/work/units/LBR-FEL/p17490/Peter/Library/work_trees_torchref/alignement/alignment_lab/benchmarks/af_mr/runs/dmin3.0/5VIA/refine_phaser_mr/refined.pdb
  - /das/work/units/LBR-FEL/p17490/Peter/Library/work_trees_torchref/alignement/alignment_lab/benchmarks/af_mr/runs/dmin3.0/5VIA/refine_phaser_mr/refined.cif
  - /das/work/units/LBR-FEL/p17490/Peter/Library/work_trees_torchref/alignement/alignment_lab/benchmarks/af_mr/runs/dmin3.0/5VIA/refine_phaser_mr/refined.mtz
  - /das/work/units/LBR-FEL/p17490/Peter/Library/work_trees_torchref/alignement/alignment_lab/benchmarks/af_mr/runs/dmin3.0/5VIA/refine_phaser_mr/refinement_history.json

Refinement completed successfully!

Timing: 191.3s wall, 318.4s CPU
