/das/work/units/LBR-FEL/p17490/Peter/Library/work_trees_torchref/alignement/torchref/cli/refine.py:21: UserWarning: TorchRef using user-specified 8 threads from TORCHREF_NUM_THREADS.
  from torchref.cli._common import (
================================================================================
TorchRef LBFGS Refinement
================================================================================
Model:             /das/work/units/LBR-FEL/p17490/Peter/Library/work_trees_torchref/dev/paper/figure2_alphafold_start/placed/5GKV_af.pdb
Structure factor:  /das/work/units/LBR-FEL/p17490/Peter/Library/work_trees_torchref/dev/paper/data/5GKV/5GKV.mtz
Output directory:  /das/work/units/LBR-FEL/p17490/Peter/Library/work_trees_torchref/alignement/alignment_lab/benchmarks/af_mr/runs/dmin3.0/5GKV/refine_phaser_mr
Refinement mode:   separate
X-ray target:      ml
Refinement cycles: 10
Rigid-body step:   on (iterations/cutoff = 30)
Device:            auto
ADP mode:          isotropic
Wavelength:        1 A
Manual weights:    {"adp": 0.02}
================================================================================

Initializing refinement...
found non-finite F values (NaN/Inf):  62
found non-finite F_sigma values (NaN/Inf):  62
/das/work/units/LBR-FEL/p17490/Peter/Library/work_trees_torchref/alignement/torchref/io/datasets/reflection_data.py:2280: UserWarning: Found 364 non-positive F values, masking them out. This really should not happen!
  warnings.warn(
Wilson outlier rejection: 0/25473 (0.0000%) of tested reflections flagged (0 too strong, 0 too weak)
Loaded 2799 atoms
Building restraints...
Found 109 link definitions

Building VDW (non-bonded) restraints...
  Symmetry expansion: 17 valid (symop, offset) combos
  Grid: [9, 11, 15], 1173/1485 cells occupied, max 105 entries/cell
  Built 49965 VDW restraints, 2210 symmetry contacts
  Hydrogen topology: 2704 riding H atoms
  H candidate pairs: 120772 (30064 H-H, 90708 H-heavy, 5001 symmetry)
================================================================================
Restraints Summary
================================================================================
CIF file: None
Residue types in dictionary: 20

INTRA-RESIDUE RESTRAINTS:
--------------------------------------------------------------------------------
  Bonds: 2503
  Angles: 2778
  Torsions: 685
  Planes: 574
  Chirals: 417

INTER-RESIDUE RESTRAINTS:
--------------------------------------------------------------------------------
  Peptide bonds: 369
  Peptide angles: 1131
  Disulfide bonds: 0
  Disulfide angles: 0
  Disulfide torsions: 0
  LINK bonds: 0

BACKBONE TORSIONS:
--------------------------------------------------------------------------------
  Phi: 369
  Psi: 369
  Omega: 369
  Ramachandran: 367

VDW RESTRAINTS:
--------------------------------------------------------------------------------
  Non-bonded contacts: 49965 (47755 intra-ASU, 2210 symmetry)
================================================================================
Generated 2704 hydrogens
ADP representation: isotropic, 5503 parameters, 5.1 work reflections each
Initialized ScalerBase with 10 bins.
Building restraints...

Building VDW (non-bonded) restraints...
  Symmetry expansion: 17 valid (symop, offset) combos
  Grid: [9, 11, 15], 1234/1485 cells occupied, max 200 entries/cell
  Built 206603 VDW restraints, 10514 symmetry contacts
================================================================================
Restraints Summary
================================================================================
CIF file: None
Residue types in dictionary: 20

INTRA-RESIDUE RESTRAINTS:
--------------------------------------------------------------------------------
  Bonds: 5207
  Angles: 8568
  Torsions: 1056
  Planes: 982
  Chirals: 417

INTER-RESIDUE RESTRAINTS:
--------------------------------------------------------------------------------
  Peptide bonds: 369
  Peptide angles: 1476
  Disulfide bonds: 0
  Disulfide angles: 0
  Disulfide torsions: 0
  LINK bonds: 0

BACKBONE TORSIONS:
--------------------------------------------------------------------------------
  Phi: 369
  Psi: 369
  Omega: 369
  Ramachandran: 367

VDW RESTRAINTS:
--------------------------------------------------------------------------------
  Non-bonded contacts: 206603 (196089 intra-ASU, 10514 symmetry)
================================================================================
Initializing TotalGeometryTarget with component targets...
Initializing TotalADPTarget with component targets: simu, locality, sigd
Parametrization built for 5 unique atom types
SfFFT: Using late symmetry (reciprocal space)
Calculating initial scale factors using 10 bins.
Refining scales with LBFGS...
Scale refinement complete. rwork: 0.3796, rfree: 0.3935

Final Scale Parameters: 
  c_iso: tensor([-2.2494,  0.4460,  0.3422, -0.0665,  0.0476,  0.0128])
  U: tensor([ 0.3107,  0.1461,  0.1329, -0.0362,  0.0091, -0.0024])
  solvent.log_k_solvent: -0.8836348056793213
  solvent.log_ss_half: -3.6611199378967285
  solvent.log_n_exp: 2.1457598209381104
  solvent.phase_offset: -0.007346645928919315
Initialized targets with xray_mode='ml'
Applied manual group weights: {'xray': 1.0, 'geometry': 0.2, 'geometry/ramachandran': 0.0, 'adp': 0.02, 'adp/sigd': 1.0, 'adp/node_load': 10.0, 'adp/node_smoothness': 0.0}
Refinement initialized successfully.

Starting refinement with 10 macro cycles...

Rigid-body step enabled: one multi-resolution rigid-body pass will run once at the start of refinement.


--- Rigid-body step (once, at start) ---
Switched to rigid-body parametrization: RigidXYZTensor(n_atoms=5503, n_chains=1) (1 chain(s))
Filtering: 1033/29202 reflections in range [inf - 6.0] Å (1019 valid after all masks)
Initialized ScalerBase with 10 bins.
Calculating initial scale factors using 10 bins.
Calculating initial scale factors using 10 bins.
Refining scales with LBFGS...
Scale refinement complete. rwork: 0.2591, rfree: 0.2613

Final Scale Parameters: 
  c_iso: tensor([ 2.2687,  4.0552, -5.7316, -9.6478, -5.9905, -1.6639])
  U: tensor([ 0.3178,  0.3626,  0.2521, -0.0864,  0.0689, -0.0792])
  solvent.log_k_solvent: -0.8971701264381409
  solvent.log_ss_half: 16.35726547241211
  solvent.log_n_exp: 25.514236450195312
  solvent.phase_offset: -0.013169688172638416
  rigid-body d_min=6.00 (lbfgs, iters=30): Rwork=0.2692 Rfree=0.3003
Filtering: 5424/29202 reflections in range [inf - 3.3770385519577197] Å (5375 valid after all masks)
Initialized ScalerBase with 10 bins.
Calculating initial scale factors using 10 bins.
Calculating initial scale factors using 10 bins.
Refining scales with LBFGS...
Scale refinement complete. rwork: 0.3119, rfree: 0.3250

Final Scale Parameters: 
  c_iso: tensor([-2.3660,  0.2658, -0.0064, -0.2441, -0.0840,  0.0210])
  U: tensor([ 0.3919,  0.1931,  0.1732, -0.0413,  0.0137, -0.0021])
  solvent.log_k_solvent: -0.8911636471748352
  solvent.log_ss_half: -3.5462565422058105
  solvent.log_n_exp: 0.9893252849578857
  solvent.phase_offset: -0.012987145222723484
  rigid-body d_min=3.38 (lbfgs, iters=30): Rwork=0.3151 Rfree=0.3267
Filtering: 29202/29202 reflections in range [inf - 1.9007315635681152] Å (28776 valid after all masks)
Initialized ScalerBase with 10 bins.
Calculating initial scale factors using 10 bins.
Calculating initial scale factors using 10 bins.
Refining scales with LBFGS...
Scale refinement complete. rwork: 0.3800, rfree: 0.3918

Final Scale Parameters: 
  c_iso: tensor([-2.2442,  0.4647,  0.3381, -0.0598,  0.0449,  0.0159])
  U: tensor([ 0.3142,  0.1490,  0.1377, -0.0356,  0.0086, -0.0023])
  solvent.log_k_solvent: -0.8838772773742676
  solvent.log_ss_half: -3.6753766536712646
  solvent.log_n_exp: 1.9985322952270508
  solvent.phase_offset: 0.00045348546700552106
  rigid-body d_min=1.90 (lbfgs, iters=30): Rwork=0.3883 Rfree=0.4102
Initialized ScalerBase with 10 bins.
Calculating initial scale factors using 10 bins.
Calculating initial scale factors using 10 bins.
Refining scales with LBFGS...
Scale refinement complete. rwork: 0.3793, rfree: 0.3920

Final Scale Parameters: 
  c_iso: tensor([-2.2240,  0.4759,  0.3506, -0.0669,  0.0482,  0.0121])
  U: tensor([ 0.3222,  0.1571,  0.1444, -0.0358,  0.0090, -0.0022])
  solvent.log_k_solvent: -0.8843638896942139
  solvent.log_ss_half: -3.664517641067505
  solvent.log_n_exp: 2.0065994262695312
  solvent.phase_offset: -0.0076263840310275555
Initialized ScalerBase with 10 bins.
Calculating initial scale factors using 10 bins.
Calculating initial scale factors using 10 bins.
Refining scales with LBFGS...
Scale refinement complete. rwork: 0.3793, rfree: 0.3920

Final Scale Parameters: 
  c_iso: tensor([-2.2243,  0.4762,  0.3503, -0.0666,  0.0481,  0.0122])
  U: tensor([ 0.3220,  0.1569,  0.1445, -0.0356,  0.0088, -0.0022])
  solvent.log_k_solvent: -0.8843886256217957
  solvent.log_ss_half: -3.6641602516174316
  solvent.log_n_exp: 2.0061609745025635
  solvent.phase_offset: -0.007601656951010227

============================================================
LBFGS Refinement - Cycle 1/10
============================================================
Refining scales with LBFGS...
Scale refinement complete. rwork: 0.3793, rfree: 0.3919

Final Scale Parameters: 
  c_iso: tensor([-2.2485,  0.4453,  0.3428, -0.0669,  0.0481,  0.0126])
  U: tensor([ 0.3106,  0.1456,  0.1330, -0.0359,  0.0090, -0.0022])
  solvent.log_k_solvent: -0.8832890391349792
  solvent.log_ss_half: -3.664036750793457
  solvent.log_n_exp: 2.145369291305542
  solvent.phase_offset: -0.007628236431628466
After scaling: Rwork=0.3793, Rfree=0.3919
  VDW rebuild: max drift 1.55 Å > threshold 1.00 Å

Building VDW (non-bonded) restraints...
  Symmetry expansion: 17 valid (symop, offset) combos
  Grid: [9, 11, 15], 1234/1485 cells occupied, max 200 entries/cell
  Built 206603 VDW restraints, 10514 symmetry contacts

────────────────────────────────────────────────────────────────────
  XYZ Refinement
────────────────────────────────────────────────────────────────────

  adp (weight: 0.0200)
  ────────────────────────────────────────────────────────────────
    Metric                       Before      After     Change
    locality                   363.1674   363.1674     0.0000
    scaler_U                     1689.7     1689.7     0.0000
    scaler_log_scale            67230.1    67230.1     0.0000
    sigd                         3550.5     3550.5     0.0000
    simu                         9029.6     9029.6     0.0000

  geometry (weight: 0.2000)
  ────────────────────────────────────────────────────────────────
    Metric                       Before      After     Change
    angle                      -22732.1   -24025.7    -1293.6
    bond                       -17208.7   -18364.7    -1156.0
    chiral                    -229.9404  -259.5951   -29.6546
    nonbonded                  -50034.7   -54049.0    -4014.3
    planarity                  -11851.6   -12035.6  -183.9619
    torsion                      7505.5     7601.7   +96.2388

  other (weight: 1.0000)
  ────────────────────────────────────────────────────────────────
    Metric                       Before      After     Change
    xray                        81913.9    78564.5    -3349.5

  Group Totals
  ────────────────────────────────────────────────────────────────
    Group                        Before      After     Change
    adp                          1637.3     1637.3     0.0000
    geometry                   -18910.3   -20226.6    -1316.3
    xray                        81913.9    78564.5    -3349.5
────────────────────────────────────────────────────────────────────
  VDW rebuild: max drift 1.55 Å > threshold 1.00 Å

Building VDW (non-bonded) restraints...
  Symmetry expansion: 17 valid (symop, offset) combos
  Grid: [9, 11, 15], 1234/1485 cells occupied, max 200 entries/cell
  Built 206603 VDW restraints, 10514 symmetry contacts

────────────────────────────────────────────────────────────────────
  ADP Refinement
────────────────────────────────────────────────────────────────────

  adp (weight: 0.0200)
  ────────────────────────────────────────────────────────────────
    Metric                       Before      After     Change
    locality                   361.9424    14037.3   +13675.3
    scaler_U                     1689.7     1689.7     0.0000
    scaler_log_scale            67230.1    67230.1     0.0000
    sigd                         3550.5     3655.0  +104.5276
    simu                         9029.6    16712.8    +7683.2

  geometry (weight: 0.2000)
  ────────────────────────────────────────────────────────────────
    Metric                       Before      After     Change
    angle                      -24025.7   -24025.7     0.0000
    bond                       -18364.7   -18364.7     0.0000
    chiral                    -259.5951  -259.5951     0.0000
    nonbonded                  -54049.0   -54049.0     0.0000
    planarity                  -12035.6   -12035.6     0.0000
    torsion                      7601.7     7601.7     0.0000

  other (weight: 1.0000)
  ────────────────────────────────────────────────────────────────
    Metric                       Before      After     Change
    xray                        78564.5    75265.4    -3299.0

  Group Totals
  ────────────────────────────────────────────────────────────────
    Group                        Before      After     Change
    adp                          1637.2     2066.5  +429.2611
    geometry                   -20226.6   -20226.6     0.0000
    xray                        78564.5    75265.4    -3299.0
────────────────────────────────────────────────────────────────────

============================================================
LBFGS Refinement - Cycle 2/10
============================================================
Refining scales with LBFGS...
Scale refinement complete. rwork: 0.2889, rfree: 0.3302

Final Scale Parameters: 
  c_iso: tensor([-2.5585,  0.0937,  0.2027, -0.0677,  0.0634,  0.0260])
  U: tensor([ 0.1685,  0.0007, -0.0038, -0.0256,  0.0042,  0.0036])
  solvent.log_k_solvent: -0.8862355351448059
  solvent.log_ss_half: -3.6461236476898193
  solvent.log_n_exp: 2.2613537311553955
  solvent.phase_offset: -0.009350097738206387
After scaling: Rwork=0.2889, Rfree=0.3302
  VDW rebuild: max drift 1.48 Å > threshold 1.00 Å

Building VDW (non-bonded) restraints...
  Symmetry expansion: 17 valid (symop, offset) combos
  Grid: [9, 11, 15], 1234/1485 cells occupied, max 200 entries/cell
  Built 206603 VDW restraints, 10514 symmetry contacts

────────────────────────────────────────────────────────────────────
  XYZ Refinement
────────────────────────────────────────────────────────────────────

  adp (weight: 0.0200)
  ────────────────────────────────────────────────────────────────
    Metric                       Before      After     Change
    locality                    14037.3    14037.3     0.0000
    scaler_U                   133.1072   133.1072     0.0000
    scaler_log_scale             8738.0     8738.0     0.0000
    sigd                         3655.0     3655.0     0.0000
    simu                        16712.8    16712.8     0.0000

  geometry (weight: 0.2000)
  ────────────────────────────────────────────────────────────────
    Metric                       Before      After     Change
    angle                      -24025.7   -24315.2  -289.5078
    bond                       -18364.7   -18501.0  -136.2910
    chiral                    -259.5951  -256.4078    +3.1873
    nonbonded                  -54049.0   -53955.5   +93.5273
    planarity                  -12035.6   -12102.3   -66.7266
    torsion                      7601.7     7567.1   -34.6328

  other (weight: 1.0000)
  ────────────────────────────────────────────────────────────────
    Metric                       Before      After     Change
    xray                        75269.3    72207.0    -3062.3

  Group Totals
  ────────────────────────────────────────────────────────────────
    Group                        Before      After     Change
    adp                        865.5228   865.5228     0.0000
    geometry                   -20226.6   -20312.7   -86.0889
    xray                        75269.3    72207.0    -3062.3
────────────────────────────────────────────────────────────────────
  VDW rebuild: max drift 1.48 Å > threshold 1.00 Å

Building VDW (non-bonded) restraints...
  Symmetry expansion: 17 valid (symop, offset) combos
  Grid: [9, 11, 15], 1234/1485 cells occupied, max 200 entries/cell
  Built 206603 VDW restraints, 10514 symmetry contacts

────────────────────────────────────────────────────────────────────
  ADP Refinement
────────────────────────────────────────────────────────────────────

  adp (weight: 0.0200)
  ────────────────────────────────────────────────────────────────
    Metric                       Before      After     Change
    locality                    14003.8    19062.9    +5059.1
    scaler_U                   133.1072   133.1072     0.0000
    scaler_log_scale             8738.0     8738.0     0.0000
    sigd                         3655.0     3680.7   +25.7075
    simu                        16712.8    20058.1    +3345.3

  geometry (weight: 0.2000)
  ────────────────────────────────────────────────────────────────
    Metric                       Before      After     Change
    angle                      -24315.2   -24315.2     0.0000
    bond                       -18501.0   -18501.0     0.0000
    chiral                    -256.4078  -256.4078     0.0000
    nonbonded                  -53955.5   -53955.5     0.0000
    planarity                  -12102.3   -12102.3     0.0000
    torsion                      7567.1     7567.1     0.0000

  other (weight: 1.0000)
  ────────────────────────────────────────────────────────────────
    Metric                       Before      After     Change
    xray                        72207.0    71583.1  -623.8750

  Group Totals
  ────────────────────────────────────────────────────────────────
    Group                        Before      After     Change
    adp                        864.8539     1033.5  +168.6011
    geometry                   -20312.7   -20312.7     0.0000
    xray                        72207.0    71583.1  -623.8750
────────────────────────────────────────────────────────────────────

============================================================
LBFGS Refinement - Cycle 3/10
============================================================
Refining scales with LBFGS...
Scale refinement complete. rwork: 0.2510, rfree: 0.3064

Final Scale Parameters: 
  c_iso: tensor([-2.5833,  0.0627,  0.1812, -0.0669,  0.0579,  0.0260])
  U: tensor([ 0.1615, -0.0106, -0.0099, -0.0214,  0.0005,  0.0055])
  solvent.log_k_solvent: -0.8891561627388
  solvent.log_ss_half: -3.649643898010254
  solvent.log_n_exp: 2.4225785732269287
  solvent.phase_offset: -0.01228721346706152
After scaling: Rwork=0.2510, Rfree=0.3064
  VDW rebuild: max drift 2.06 Å > threshold 1.00 Å

Building VDW (non-bonded) restraints...
  Symmetry expansion: 17 valid (symop, offset) combos
  Grid: [9, 11, 15], 1234/1485 cells occupied, max 200 entries/cell
  Built 206603 VDW restraints, 10514 symmetry contacts

────────────────────────────────────────────────────────────────────
  XYZ Refinement
────────────────────────────────────────────────────────────────────

  adp (weight: 0.0200)
  ────────────────────────────────────────────────────────────────
    Metric                       Before      After     Change
    locality                    19062.9    19062.9     0.0000
    scaler_U                    96.7544    96.7544     0.0000
    scaler_log_scale             5886.4     5886.4     0.0000
    sigd                         3680.7     3680.7     0.0000
    simu                        20058.1    20058.1     0.0000

  geometry (weight: 0.2000)
  ────────────────────────────────────────────────────────────────
    Metric                       Before      After     Change
    angle                      -24315.2   -24419.3  -104.0488
    bond                       -18501.0   -18517.3   -16.3535
    chiral                    -256.4078  -259.0202    -2.6124
    nonbonded                  -53955.5   -54015.5   -60.0156
    planarity                  -12102.3   -12135.8   -33.4746
    torsion                      7567.1     7593.4   +26.3833

  other (weight: 1.0000)
  ────────────────────────────────────────────────────────────────
    Metric                       Before      After     Change
    xray                        71634.3    70235.3    -1399.0

  Group Totals
  ────────────────────────────────────────────────────────────────
    Group                        Before      After     Change
    adp                        975.6969   975.6969     0.0000
    geometry                   -20312.7   -20350.7   -38.0244
    xray                        71634.3    70235.3    -1399.0
────────────────────────────────────────────────────────────────────
  VDW rebuild: max drift 2.06 Å > threshold 1.00 Å

Building VDW (non-bonded) restraints...
  Symmetry expansion: 17 valid (symop, offset) combos
  Grid: [9, 11, 15], 1234/1485 cells occupied, max 200 entries/cell
  Built 206603 VDW restraints, 10514 symmetry contacts

────────────────────────────────────────────────────────────────────
  ADP Refinement
────────────────────────────────────────────────────────────────────

  adp (weight: 0.0200)
  ────────────────────────────────────────────────────────────────
    Metric                       Before      After     Change
    locality                    19021.2    19231.6  +210.3262
    scaler_U                    96.7544    96.7544     0.0000
    scaler_log_scale             5886.4     5886.4     0.0000
    sigd                         3680.7     3676.4    -4.2747
    simu                        20058.1    20085.8   +27.7793

  geometry (weight: 0.2000)
  ────────────────────────────────────────────────────────────────
    Metric                       Before      After     Change
    angle                      -24419.3   -24419.3     0.0000
    bond                       -18517.3   -18517.3     0.0000
    chiral                    -259.0202  -259.0202     0.0000
    nonbonded                  -54015.5   -54015.5     0.0000
    planarity                  -12135.8   -12135.8     0.0000
    torsion                      7593.4     7593.4     0.0000

  other (weight: 1.0000)
  ────────────────────────────────────────────────────────────────
    Metric                       Before      After     Change
    xray                        70235.3    70001.1  -234.1172

  Group Totals
  ────────────────────────────────────────────────────────────────
    Group                        Before      After     Change
    adp                        974.8638   979.5405    +4.6766
    geometry                   -20350.7   -20350.7     0.0000
    xray                        70235.3    70001.1  -234.1172
────────────────────────────────────────────────────────────────────

============================================================
LBFGS Refinement - Cycle 4/10
============================================================
Refining scales with LBFGS...
Scale refinement complete. rwork: 0.2367, rfree: 0.2944

Final Scale Parameters: 
  c_iso: tensor([-2.6077,  0.0404,  0.1686, -0.0717,  0.0586,  0.0244])
  U: tensor([ 0.1565, -0.0172, -0.0145, -0.0196,  0.0014,  0.0085])
  solvent.log_k_solvent: -0.8865837454795837
  solvent.log_ss_half: -3.6593809127807617
  solvent.log_n_exp: 2.4218342304229736
  solvent.phase_offset: -0.009230700321495533
After scaling: Rwork=0.2367, Rfree=0.2944
  VDW rebuild: max drift 2.85 Å > threshold 1.00 Å

Building VDW (non-bonded) restraints...
  Symmetry expansion: 17 valid (symop, offset) combos
  Grid: [9, 11, 15], 1234/1485 cells occupied, max 200 entries/cell
  Built 206603 VDW restraints, 10514 symmetry contacts

────────────────────────────────────────────────────────────────────
  XYZ Refinement
────────────────────────────────────────────────────────────────────

  adp (weight: 0.0200)
  ────────────────────────────────────────────────────────────────
    Metric                       Before      After     Change
    locality                    19231.6    19231.6     0.0000
    scaler_U                    75.9038    75.9038     0.0000
    scaler_log_scale             4245.5     4245.5     0.0000
    sigd                         3676.4     3676.4     0.0000
    simu                        20085.8    20085.8     0.0000

  geometry (weight: 0.2000)
  ────────────────────────────────────────────────────────────────
    Metric                       Before      After     Change
    angle                      -24419.3   -24545.5  -126.1738
    bond                       -18517.3   -18554.2   -36.8418
    chiral                    -259.0202  -257.8567    +1.1635
    nonbonded                  -54015.5   -54060.7   -45.1602
    planarity                  -12135.8   -12152.6   -16.8584
    torsion                      7593.4     7587.5    -5.9297

  other (weight: 1.0000)
  ────────────────────────────────────────────────────────────────
    Metric                       Before      After     Change
    xray                        70234.5    69436.6  -797.8906

  Group Totals
  ────────────────────────────────────────────────────────────────
    Group                        Before      After     Change
    adp                        946.3053   946.3053     0.0000
    geometry                   -20350.7   -20396.7   -45.9601
    xray                        70234.5    69436.6  -797.8906
────────────────────────────────────────────────────────────────────
  VDW rebuild: max drift 2.85 Å > threshold 1.00 Å

Building VDW (non-bonded) restraints...
  Symmetry expansion: 17 valid (symop, offset) combos
  Grid: [9, 11, 15], 1234/1485 cells occupied, max 200 entries/cell
  Built 206603 VDW restraints, 10514 symmetry contacts

────────────────────────────────────────────────────────────────────
  ADP Refinement
────────────────────────────────────────────────────────────────────

  adp (weight: 0.0200)
  ────────────────────────────────────────────────────────────────
    Metric                       Before      After     Change
    locality                    19215.8    19679.4  +463.5547
    scaler_U                    75.9038    75.9038     0.0000
    scaler_log_scale             4245.5     4245.5     0.0000
    sigd                         3676.4     3677.0    +0.5962
    simu                        20085.8    20124.1   +38.2637

  geometry (weight: 0.2000)
  ────────────────────────────────────────────────────────────────
    Metric                       Before      After     Change
    angle                      -24545.5   -24545.5     0.0000
    bond                       -18554.2   -18554.2     0.0000
    chiral                    -257.8567  -257.8567     0.0000
    nonbonded                  -54060.7   -54060.7     0.0000
    planarity                  -12152.6   -12152.6     0.0000
    torsion                      7587.5     7587.5     0.0000

  other (weight: 1.0000)
  ────────────────────────────────────────────────────────────────
    Metric                       Before      After     Change
    xray                        69436.6    69285.8  -150.8672

  Group Totals
  ────────────────────────────────────────────────────────────────
    Group                        Before      After     Change
    adp                        945.9897   956.0380   +10.0483
    geometry                   -20396.7   -20396.7     0.0000
    xray                        69436.6    69285.8  -150.8672
────────────────────────────────────────────────────────────────────

============================================================
LBFGS Refinement - Cycle 5/10
============================================================
Refining scales with LBFGS...
Scale refinement complete. rwork: 0.2303, rfree: 0.2848

Final Scale Parameters: 
  c_iso: tensor([-2.6087,  0.0363,  0.1647, -0.0724,  0.0554,  0.0248])
  U: tensor([ 0.1632, -0.0101, -0.0081, -0.0199,  0.0022,  0.0101])
  solvent.log_k_solvent: -0.8870472311973572
  solvent.log_ss_half: -3.656393051147461
  solvent.log_n_exp: 2.4200470447540283
  solvent.phase_offset: -0.007327671628445387
After scaling: Rwork=0.2303, Rfree=0.2848
  VDW rebuild: max drift 3.28 Å > threshold 1.00 Å

Building VDW (non-bonded) restraints...
  Symmetry expansion: 17 valid (symop, offset) combos
  Grid: [9, 11, 15], 1234/1485 cells occupied, max 200 entries/cell
  Built 206603 VDW restraints, 10514 symmetry contacts

────────────────────────────────────────────────────────────────────
  XYZ Refinement
────────────────────────────────────────────────────────────────────

  adp (weight: 0.0200)
  ────────────────────────────────────────────────────────────────
    Metric                       Before      After     Change
    locality                    19679.4    19679.4     0.0000
    scaler_U                   102.2450   102.2450     0.0000
    scaler_log_scale             3967.2     3967.2     0.0000
    sigd                         3677.0     3677.0     0.0000
    simu                        20124.1    20124.1     0.0000

  geometry (weight: 0.2000)
  ────────────────────────────────────────────────────────────────
    Metric                       Before      After     Change
    angle                      -24545.5   -24475.6   +69.8223
    bond                       -18554.2   -18515.1   +39.1230
    chiral                    -257.8567  -260.0728    -2.2160
    nonbonded                  -54060.7   -54088.0   -27.3320
    planarity                  -12152.6   -12157.1    -4.5107
    torsion                      7587.5     7596.8    +9.2505

  other (weight: 1.0000)
  ────────────────────────────────────────────────────────────────
    Metric                       Before      After     Change
    xray                        69567.7    68798.4  -769.2812

  Group Totals
  ────────────────────────────────────────────────────────────────
    Group                        Before      After     Change
    adp                        950.9980   950.9980     0.0000
    geometry                   -20396.7   -20379.8   +16.8271
    xray                        69567.7    68798.4  -769.2812
────────────────────────────────────────────────────────────────────
  VDW rebuild: max drift 3.28 Å > threshold 1.00 Å

Building VDW (non-bonded) restraints...
  Symmetry expansion: 17 valid (symop, offset) combos
  Grid: [9, 11, 15], 1234/1485 cells occupied, max 200 entries/cell
  Built 206603 VDW restraints, 10514 symmetry contacts

────────────────────────────────────────────────────────────────────
  ADP Refinement
────────────────────────────────────────────────────────────────────

  adp (weight: 0.0200)
  ────────────────────────────────────────────────────────────────
    Metric                       Before      After     Change
    locality                    19630.8    19953.8  +322.9277
    scaler_U                   102.2450   102.2450     0.0000
    scaler_log_scale             3967.2     3967.2     0.0000
    sigd                         3677.0     3682.0    +4.9607
    simu                        20124.1    20234.8  +110.6758

  geometry (weight: 0.2000)
  ────────────────────────────────────────────────────────────────
    Metric                       Before      After     Change
    angle                      -24475.6   -24475.6     0.0000
    bond                       -18515.1   -18515.1     0.0000
    chiral                    -260.0728  -260.0728     0.0000
    nonbonded                  -54088.0   -54088.0     0.0000
    planarity                  -12157.1   -12157.1     0.0000
    torsion                      7596.8     7596.8     0.0000

  other (weight: 1.0000)
  ────────────────────────────────────────────────────────────────
    Metric                       Before      After     Change
    xray                        68798.4    68765.0   -33.3594

  Group Totals
  ────────────────────────────────────────────────────────────────
    Group                        Before      After     Change
    adp                        950.0278   958.7991    +8.7713
    geometry                   -20379.8   -20379.8     0.0000
    xray                        68798.4    68765.0   -33.3594
────────────────────────────────────────────────────────────────────

============================================================
LBFGS Refinement - Cycle 6/10
============================================================
Refining scales with LBFGS...
Scale refinement complete. rwork: 0.2262, rfree: 0.2788

Final Scale Parameters: 
  c_iso: tensor([-2.5607,  0.0944,  0.1811, -0.0724,  0.0568,  0.0236])
  U: tensor([ 0.1918,  0.0188,  0.0198, -0.0207,  0.0028,  0.0105])
  solvent.log_k_solvent: -0.8891593217849731
  solvent.log_ss_half: -3.669544219970703
  solvent.log_n_exp: 2.2070271968841553
  solvent.phase_offset: -0.007640644907951355
After scaling: Rwork=0.2262, Rfree=0.2788
  VDW rebuild: max drift 3.12 Å > threshold 1.00 Å

Building VDW (non-bonded) restraints...
  Symmetry expansion: 17 valid (symop, offset) combos
  Grid: [9, 11, 15], 1234/1485 cells occupied, max 200 entries/cell
  Built 206603 VDW restraints, 10514 symmetry contacts

────────────────────────────────────────────────────────────────────
  XYZ Refinement
────────────────────────────────────────────────────────────────────

  adp (weight: 0.0200)
  ────────────────────────────────────────────────────────────────
    Metric                       Before      After     Change
    locality                    19953.8    19953.8     0.0000
    scaler_U                   258.4526   258.4526     0.0000
    scaler_log_scale             7523.3     7523.3     0.0000
    sigd                         3682.0     3682.0     0.0000
    simu                        20234.8    20234.8     0.0000

  geometry (weight: 0.2000)
  ────────────────────────────────────────────────────────────────
    Metric                       Before      After     Change
    angle                      -24475.6   -24499.4   -23.8066
    bond                       -18515.1   -18538.5   -23.4316
    chiral                    -260.0728  -258.7448    +1.3279
    nonbonded                  -54088.0   -54091.8    -3.7578
    planarity                  -12157.1   -12166.9    -9.8047
    torsion                      7596.8     7593.3    -3.4307

  other (weight: 1.0000)
  ────────────────────────────────────────────────────────────────
    Metric                       Before      After     Change
    xray                        68972.2    68497.2  -475.0625

  Group Totals
  ────────────────────────────────────────────────────────────────
    Group                        Before      After     Change
    adp                          1033.0     1033.0     0.0000
    geometry                   -20379.8   -20392.4   -12.5800
    xray                        68972.2    68497.2  -475.0625
────────────────────────────────────────────────────────────────────
  VDW rebuild: max drift 3.12 Å > threshold 1.00 Å

Building VDW (non-bonded) restraints...
  Symmetry expansion: 17 valid (symop, offset) combos
  Grid: [9, 11, 15], 1234/1485 cells occupied, max 200 entries/cell
  Built 206603 VDW restraints, 10514 symmetry contacts

────────────────────────────────────────────────────────────────────
  ADP Refinement
────────────────────────────────────────────────────────────────────

  adp (weight: 0.0200)
  ────────────────────────────────────────────────────────────────
    Metric                       Before      After     Change
    locality                    19960.6    20252.0  +291.4551
    scaler_U                   258.4526   258.4526     0.0000
    scaler_log_scale             7523.3     7523.3     0.0000
    sigd                         3682.0     3686.6    +4.6594
    simu                        20234.8    20227.3    -7.4414

  geometry (weight: 0.2000)
  ────────────────────────────────────────────────────────────────
    Metric                       Before      After     Change
    angle                      -24499.4   -24499.4     0.0000
    bond                       -18538.5   -18538.5     0.0000
    chiral                    -258.7448  -258.7448     0.0000
    nonbonded                  -54091.8   -54091.8     0.0000
    planarity                  -12166.9   -12166.9     0.0000
    torsion                      7593.3     7593.3     0.0000

  other (weight: 1.0000)
  ────────────────────────────────────────────────────────────────
    Metric                       Before      After     Change
    xray                        68497.2    68503.6    +6.4531

  Group Totals
  ────────────────────────────────────────────────────────────────
    Group                        Before      After     Change
    adp                          1033.2     1039.0    +5.7735
    geometry                   -20392.4   -20392.4     0.0000
    xray                        68497.2    68503.6    +6.4531
────────────────────────────────────────────────────────────────────

============================================================
LBFGS Refinement - Cycle 7/10
============================================================
Refining scales with LBFGS...
Scale refinement complete. rwork: 0.2242, rfree: 0.2755

Final Scale Parameters: 
  c_iso: tensor([-2.5600,  0.1050,  0.1779, -0.0676,  0.0544,  0.0260])
  U: tensor([ 0.2010,  0.0274,  0.0282, -0.0213,  0.0024,  0.0109])
  solvent.log_k_solvent: -0.8916377425193787
  solvent.log_ss_half: -3.6667165756225586
  solvent.log_n_exp: 2.2022745609283447
  solvent.phase_offset: -0.009794795885682106
After scaling: Rwork=0.2242, Rfree=0.2755
  VDW rebuild: max drift 3.22 Å > threshold 1.00 Å

Building VDW (non-bonded) restraints...
  Symmetry expansion: 17 valid (symop, offset) combos
  Grid: [9, 11, 15], 1234/1485 cells occupied, max 200 entries/cell
  Built 206603 VDW restraints, 10514 symmetry contacts

────────────────────────────────────────────────────────────────────
  XYZ Refinement
────────────────────────────────────────────────────────────────────

  adp (weight: 0.0200)
  ────────────────────────────────────────────────────────────────
    Metric                       Before      After     Change
    locality                    20252.0    20252.0     0.0000
    scaler_U                   320.4818   320.4818     0.0000
    scaler_log_scale             7871.4     7871.4     0.0000
    sigd                         3686.6     3686.6     0.0000
    simu                        20227.3    20227.3     0.0000

  geometry (weight: 0.2000)
  ────────────────────────────────────────────────────────────────
    Metric                       Before      After     Change
    angle                      -24499.4   -24460.5   +38.9844
    bond                       -18538.5   -18499.2   +39.3164
    chiral                    -258.7448  -259.6907    -0.9459
    nonbonded                  -54091.8   -54084.6    +7.1445
    planarity                  -12166.9   -12168.3    -1.3262
    torsion                      7593.3     7595.4    +2.0767

  other (weight: 1.0000)
  ────────────────────────────────────────────────────────────────
    Metric                       Before      After     Change
    xray                        68744.5    68323.2  -421.2578

  Group Totals
  ────────────────────────────────────────────────────────────────
    Group                        Before      After     Change
    adp                          1047.2     1047.2     0.0000
    geometry                   -20392.4   -20375.4   +17.0500
    xray                        68744.5    68323.2  -421.2578
────────────────────────────────────────────────────────────────────
  VDW rebuild: max drift 3.22 Å > threshold 1.00 Å

Building VDW (non-bonded) restraints...
  Symmetry expansion: 17 valid (symop, offset) combos
  Grid: [9, 11, 15], 1234/1485 cells occupied, max 200 entries/cell
  Built 206603 VDW restraints, 10514 symmetry contacts

────────────────────────────────────────────────────────────────────
  ADP Refinement
────────────────────────────────────────────────────────────────────

  adp (weight: 0.0200)
  ────────────────────────────────────────────────────────────────
    Metric                       Before      After     Change
    locality                    20249.8    20237.1   -12.7090
    scaler_U                   320.4818   320.4818     0.0000
    scaler_log_scale             7871.4     7871.4     0.0000
    sigd                         3686.6     3691.7    +5.0391
    simu                        20227.3    19982.5  -244.8770

  geometry (weight: 0.2000)
  ────────────────────────────────────────────────────────────────
    Metric                       Before      After     Change
    angle                      -24460.5   -24460.5     0.0000
    bond                       -18499.2   -18499.2     0.0000
    chiral                    -259.6907  -259.6907     0.0000
    nonbonded                  -54084.6   -54084.6     0.0000
    planarity                  -12168.3   -12168.3     0.0000
    torsion                      7595.4     7595.4     0.0000

  other (weight: 1.0000)
  ────────────────────────────────────────────────────────────────
    Metric                       Before      After     Change
    xray                        68323.2    68347.8   +24.5625

  Group Totals
  ────────────────────────────────────────────────────────────────
    Group                        Before      After     Change
    adp                          1047.1     1042.1    -5.0509
    geometry                   -20375.4   -20375.4     0.0000
    xray                        68323.2    68347.8   +24.5625
────────────────────────────────────────────────────────────────────

============================================================
LBFGS Refinement - Cycle 8/10
============================================================
Refining scales with LBFGS...
Scale refinement complete. rwork: 0.2222, rfree: 0.2777

Final Scale Parameters: 
  c_iso: tensor([-2.5150,  0.1641,  0.1907, -0.0670,  0.0535,  0.0254])
  U: tensor([ 0.2294,  0.0564,  0.0571, -0.0219,  0.0022,  0.0100])
  solvent.log_k_solvent: -0.8921342492103577
  solvent.log_ss_half: -3.6782846450805664
  solvent.log_n_exp: 2.039247989654541
  solvent.phase_offset: -0.009053022600710392
After scaling: Rwork=0.2222, Rfree=0.2777
  VDW rebuild: max drift 3.17 Å > threshold 1.00 Å

Building VDW (non-bonded) restraints...
  Symmetry expansion: 17 valid (symop, offset) combos
  Grid: [9, 11, 15], 1234/1485 cells occupied, max 200 entries/cell
  Built 206603 VDW restraints, 10514 symmetry contacts

────────────────────────────────────────────────────────────────────
  XYZ Refinement
────────────────────────────────────────────────────────────────────

  adp (weight: 0.0200)
  ────────────────────────────────────────────────────────────────
    Metric                       Before      After     Change
    locality                    20237.1    20237.1     0.0000
    scaler_U                   572.2381   572.2381     0.0000
    scaler_log_scale            12470.1    12470.1     0.0000
    sigd                         3691.7     3691.7     0.0000
    simu                        19982.5    19982.5     0.0000

  geometry (weight: 0.2000)
  ────────────────────────────────────────────────────────────────
    Metric                       Before      After     Change
    angle                      -24460.5   -24500.6   -40.1914
    bond                       -18499.2   -18530.4   -31.1934
    chiral                    -259.6907  -259.7115    -0.0208
    nonbonded                  -54084.6   -54109.3   -24.6758
    planarity                  -12168.3   -12168.1    +0.1221
    torsion                      7595.4     7598.3    +2.9180

  other (weight: 1.0000)
  ────────────────────────────────────────────────────────────────
    Metric                       Before      After     Change
    xray                        68555.5    68273.7  -281.7422

  Group Totals
  ────────────────────────────────────────────────────────────────
    Group                        Before      After     Change
    adp                          1139.1     1139.1     0.0000
    geometry                   -20375.4   -20394.0   -18.6090
    xray                        68555.5    68273.7  -281.7422
────────────────────────────────────────────────────────────────────
  VDW rebuild: max drift 3.17 Å > threshold 1.00 Å

Building VDW (non-bonded) restraints...
  Symmetry expansion: 17 valid (symop, offset) combos
  Grid: [9, 11, 15], 1234/1485 cells occupied, max 200 entries/cell
  Built 206603 VDW restraints, 10514 symmetry contacts

────────────────────────────────────────────────────────────────────
  ADP Refinement
────────────────────────────────────────────────────────────────────

  adp (weight: 0.0200)
  ────────────────────────────────────────────────────────────────
    Metric                       Before      After     Change
    locality                    20269.1    20320.2   +51.1055
    scaler_U                   572.2381   572.2381     0.0000
    scaler_log_scale            12470.1    12470.1     0.0000
    sigd                         3691.7     3696.8    +5.1418
    simu                        19982.5    19699.1  -283.3281

  geometry (weight: 0.2000)
  ────────────────────────────────────────────────────────────────
    Metric                       Before      After     Change
    angle                      -24500.6   -24500.6     0.0000
    bond                       -18530.4   -18530.4     0.0000
    chiral                    -259.7115  -259.7115     0.0000
    nonbonded                  -54109.3   -54109.3     0.0000
    planarity                  -12168.1   -12168.1     0.0000
    torsion                      7598.3     7598.3     0.0000

  other (weight: 1.0000)
  ────────────────────────────────────────────────────────────────
    Metric                       Before      After     Change
    xray                        68273.7    68269.5    -4.2891

  Group Totals
  ────────────────────────────────────────────────────────────────
    Group                        Before      After     Change
    adp                          1139.7     1135.2    -4.5416
    geometry                   -20394.0   -20394.0     0.0000
    xray                        68273.7    68269.5    -4.2891
────────────────────────────────────────────────────────────────────

============================================================
LBFGS Refinement - Cycle 9/10
============================================================
Refining scales with LBFGS...
Scale refinement complete. rwork: 0.2220, rfree: 0.2754

Final Scale Parameters: 
  c_iso: tensor([-2.5233,  0.1626,  0.1852, -0.0633,  0.0510,  0.0259])
  U: tensor([ 0.2348,  0.0614,  0.0620, -0.0228,  0.0018,  0.0095])
  solvent.log_k_solvent: -0.8926165103912354
  solvent.log_ss_half: -3.6730756759643555
  solvent.log_n_exp: 2.034869909286499
  solvent.phase_offset: -0.011901653371751308
After scaling: Rwork=0.2220, Rfree=0.2754
  VDW rebuild: max drift 3.21 Å > threshold 1.00 Å

Building VDW (non-bonded) restraints...
  Symmetry expansion: 17 valid (symop, offset) combos
  Grid: [9, 11, 15], 1234/1485 cells occupied, max 200 entries/cell
  Built 206603 VDW restraints, 10514 symmetry contacts

────────────────────────────────────────────────────────────────────
  XYZ Refinement
────────────────────────────────────────────────────────────────────

  adp (weight: 0.0200)
  ────────────────────────────────────────────────────────────────
    Metric                       Before      After     Change
    locality                    20320.2    20320.2     0.0000
    scaler_U                   624.7198   624.7198     0.0000
    scaler_log_scale            11970.7    11970.7     0.0000
    sigd                         3696.8     3696.8     0.0000
    simu                        19699.1    19699.1     0.0000

  geometry (weight: 0.2000)
  ────────────────────────────────────────────────────────────────
    Metric                       Before      After     Change
    angle                      -24500.6   -24504.5    -3.8438
    bond                       -18530.4   -18528.5    +1.8691
    chiral                    -259.7115  -260.7188    -1.0072
    nonbonded                  -54109.3   -54084.1   +25.2188
    planarity                  -12168.1   -12171.0    -2.8877
    torsion                      7598.3     7600.5    +2.1953

  other (weight: 1.0000)
  ────────────────────────────────────────────────────────────────
    Metric                       Before      After     Change
    xray                        68509.7    68201.8  -307.8906

  Group Totals
  ────────────────────────────────────────────────────────────────
    Group                        Before      After     Change
    adp                          1126.2     1126.2     0.0000
    geometry                   -20394.0   -20389.7    +4.3091
    xray                        68509.7    68201.8  -307.8906
────────────────────────────────────────────────────────────────────
  VDW rebuild: max drift 3.21 Å > threshold 1.00 Å

Building VDW (non-bonded) restraints...
  Symmetry expansion: 17 valid (symop, offset) combos
  Grid: [9, 11, 15], 1234/1485 cells occupied, max 200 entries/cell
  Built 206603 VDW restraints, 10514 symmetry contacts

────────────────────────────────────────────────────────────────────
  ADP Refinement
────────────────────────────────────────────────────────────────────

  adp (weight: 0.0200)
  ────────────────────────────────────────────────────────────────
    Metric                       Before      After     Change
    locality                    20327.0    20656.6  +329.6016
    scaler_U                   624.7198   624.7198     0.0000
    scaler_log_scale            11970.7    11970.7     0.0000
    sigd                         3696.8     3704.6    +7.7844
    simu                        19699.1    19580.1  -119.0156

  geometry (weight: 0.2000)
  ────────────────────────────────────────────────────────────────
    Metric                       Before      After     Change
    angle                      -24504.5   -24504.5     0.0000
    bond                       -18528.5   -18528.5     0.0000
    chiral                    -260.7188  -260.7188     0.0000
    nonbonded                  -54084.1   -54084.1     0.0000
    planarity                  -12171.0   -12171.0     0.0000
    torsion                      7600.5     7600.5     0.0000

  other (weight: 1.0000)
  ────────────────────────────────────────────────────────────────
    Metric                       Before      After     Change
    xray                        68201.8    68220.5   +18.7031

  Group Totals
  ────────────────────────────────────────────────────────────────
    Group                        Before      After     Change
    adp                          1126.4     1130.7    +4.3674
    geometry                   -20389.7   -20389.7     0.0000
    xray                        68201.8    68220.5   +18.7031
────────────────────────────────────────────────────────────────────

============================================================
LBFGS Refinement - Cycle 10/10
============================================================
Refining scales with LBFGS...
Scale refinement complete. rwork: 0.2215, rfree: 0.2760

Final Scale Parameters: 
  c_iso: tensor([-2.5283,  0.1600,  0.1834, -0.0637,  0.0516,  0.0254])
  U: tensor([ 0.2397,  0.0670,  0.0676, -0.0228,  0.0017,  0.0088])
  solvent.log_k_solvent: -0.8921112418174744
  solvent.log_ss_half: -3.6766557693481445
  solvent.log_n_exp: 2.0346126556396484
  solvent.phase_offset: -0.011288764886558056
After scaling: Rwork=0.2215, Rfree=0.2760
  VDW rebuild: max drift 3.18 Å > threshold 1.00 Å

Building VDW (non-bonded) restraints...
  Symmetry expansion: 17 valid (symop, offset) combos
  Grid: [9, 11, 15], 1234/1485 cells occupied, max 200 entries/cell
  Built 206603 VDW restraints, 10514 symmetry contacts

────────────────────────────────────────────────────────────────────
  XYZ Refinement
────────────────────────────────────────────────────────────────────

  adp (weight: 0.0200)
  ────────────────────────────────────────────────────────────────
    Metric                       Before      After     Change
    locality                    20656.6    20656.6     0.0000
    scaler_U                   681.7606   681.7606     0.0000
    scaler_log_scale            11635.9    11635.9     0.0000
    sigd                         3704.6     3704.6     0.0000
    simu                        19580.1    19580.1     0.0000

  geometry (weight: 0.2000)
  ────────────────────────────────────────────────────────────────
    Metric                       Before      After     Change
    angle                      -24504.5   -24530.7   -26.1797
    bond                       -18528.5   -18536.2    -7.6738
    chiral                    -260.7188  -260.7168    +0.0020
    nonbonded                  -54084.1   -54082.4    +1.6836
    planarity                  -12171.0   -12166.4    +4.6494
    torsion                      7600.5     7606.8    +6.2539

  other (weight: 1.0000)
  ────────────────────────────────────────────────────────────────
    Metric                       Before      After     Change
    xray                        68460.7    68203.5  -257.1953

  Group Totals
  ────────────────────────────────────────────────────────────────
    Group                        Before      After     Change
    adp                          1125.2     1125.2     0.0000
    geometry                   -20389.7   -20393.9    -4.2524
    xray                        68460.7    68203.5  -257.1953
────────────────────────────────────────────────────────────────────
  VDW rebuild: max drift 3.18 Å > threshold 1.00 Å

Building VDW (non-bonded) restraints...
  Symmetry expansion: 17 valid (symop, offset) combos
  Grid: [9, 11, 15], 1234/1485 cells occupied, max 200 entries/cell
  Built 206603 VDW restraints, 10514 symmetry contacts

────────────────────────────────────────────────────────────────────
  ADP Refinement
────────────────────────────────────────────────────────────────────

  adp (weight: 0.0200)
  ────────────────────────────────────────────────────────────────
    Metric                       Before      After     Change
    locality                    20698.7    20942.2  +243.4746
    scaler_U                   681.7606   681.7606     0.0000
    scaler_log_scale            11635.9    11635.9     0.0000
    sigd                         3704.6     3712.0    +7.3948
    simu                        19580.1    19349.8  -230.3047

  geometry (weight: 0.2000)
  ────────────────────────────────────────────────────────────────
    Metric                       Before      After     Change
    angle                      -24530.7   -24530.7     0.0000
    bond                       -18536.2   -18536.2     0.0000
    chiral                    -260.7168  -260.7168     0.0000
    nonbonded                  -54082.4   -54082.4     0.0000
    planarity                  -12166.4   -12166.4     0.0000
    torsion                      7606.8     7606.8     0.0000

  other (weight: 1.0000)
  ────────────────────────────────────────────────────────────────
    Metric                       Before      After     Change
    xray                        68203.5    68227.3   +23.7969

  Group Totals
  ────────────────────────────────────────────────────────────────
    Group                        Before      After     Change
    adp                          1126.0     1126.4    +0.4113
    geometry                   -20393.9   -20393.9     0.0000
    xray                        68203.5    68227.3   +23.7969
────────────────────────────────────────────────────────────────────
Calculating initial scale factors using 10 bins.
Refining scales with LBFGS...
Scale refinement complete. rwork: 0.2213, rfree: 0.2741

Final Scale Parameters: 
  c_iso: tensor([-2.5130,  0.1859,  0.1854, -0.0599,  0.0492,  0.0272])
  U: tensor([ 0.2547,  0.0822,  0.0827, -0.0229,  0.0016,  0.0086])
  solvent.log_k_solvent: -0.8929210305213928
  solvent.log_ss_half: -3.682429313659668
  solvent.log_n_exp: 2.008065938949585
  solvent.phase_offset: -0.011246752925217152

Refinement completed successfully.

Saving results to /das/work/units/LBR-FEL/p17490/Peter/Library/work_trees_torchref/alignement/alignment_lab/benchmarks/af_mr/runs/dmin3.0/5GKV/refine_phaser_mr...
  Refined structure (PDB): /das/work/units/LBR-FEL/p17490/Peter/Library/work_trees_torchref/alignement/alignment_lab/benchmarks/af_mr/runs/dmin3.0/5GKV/refine_phaser_mr/refined.pdb
  Refined structure (mmCIF): /das/work/units/LBR-FEL/p17490/Peter/Library/work_trees_torchref/alignement/alignment_lab/benchmarks/af_mr/runs/dmin3.0/5GKV/refine_phaser_mr/refined.cif
Added map coefficients:
  2Fo-Fc: FWT, PHWT
  Fo-Fc: DELFWT, PHDELWT
  Resolution range: 1.90 - 54.34 Å
✓ Wrote MTZ file: /das/work/units/LBR-FEL/p17490/Peter/Library/work_trees_torchref/alignement/alignment_lab/benchmarks/af_mr/runs/dmin3.0/5GKV/refine_phaser_mr/refined.mtz
  Reflections: 29202
  Columns: H, K, L, F-obs, SIGF-obs, R-free-flags, FWT, PHWT, DELFWT, PHDELWT, F-model, PH-model
  Refined structure factors: /das/work/units/LBR-FEL/p17490/Peter/Library/work_trees_torchref/alignement/alignment_lab/benchmarks/af_mr/runs/dmin3.0/5GKV/refine_phaser_mr/refined.mtz
  Refinement history: /das/work/units/LBR-FEL/p17490/Peter/Library/work_trees_torchref/alignement/alignment_lab/benchmarks/af_mr/runs/dmin3.0/5GKV/refine_phaser_mr/refinement_history.json

================================================================================
Refinement Summary
================================================================================
R-work:  0.2213 (28207 reflections)
R-free:  0.2741 (569 reflections)
NLL work: 68454.00
NLL test: 1457.64
================================================================================

Output files:
  - /das/work/units/LBR-FEL/p17490/Peter/Library/work_trees_torchref/alignement/alignment_lab/benchmarks/af_mr/runs/dmin3.0/5GKV/refine_phaser_mr/refined.pdb
  - /das/work/units/LBR-FEL/p17490/Peter/Library/work_trees_torchref/alignement/alignment_lab/benchmarks/af_mr/runs/dmin3.0/5GKV/refine_phaser_mr/refined.cif
  - /das/work/units/LBR-FEL/p17490/Peter/Library/work_trees_torchref/alignement/alignment_lab/benchmarks/af_mr/runs/dmin3.0/5GKV/refine_phaser_mr/refined.mtz
  - /das/work/units/LBR-FEL/p17490/Peter/Library/work_trees_torchref/alignement/alignment_lab/benchmarks/af_mr/runs/dmin3.0/5GKV/refine_phaser_mr/refinement_history.json

Refinement completed successfully!

Timing: 193.4s wall, 296.5s CPU
