/das/work/units/LBR-FEL/p17490/Peter/Library/work_trees_torchref/alignement/torchref/cli/refine.py:21: UserWarning: TorchRef using user-specified 8 threads from TORCHREF_NUM_THREADS.
  from torchref.cli._common import (
================================================================================
TorchRef LBFGS Refinement
================================================================================
Model:             /das/work/units/LBR-FEL/p17490/Peter/Library/work_trees_torchref/alignement/alignment_lab/benchmarks/af_mr/runs/dmin3.0/5E15/torchref_placed.pdb
Structure factor:  /das/work/units/LBR-FEL/p17490/Peter/Library/work_trees_torchref/dev/paper/data/5E15/5E15.mtz
Output directory:  /das/work/units/LBR-FEL/p17490/Peter/Library/work_trees_torchref/alignement/alignment_lab/benchmarks/af_mr/runs/dmin3.0/5E15/refine_torchref_mr
Refinement mode:   separate
X-ray target:      ml
Refinement cycles: 10
Rigid-body step:   on (iterations/cutoff = 30)
Device:            auto
ADP mode:          isotropic
Wavelength:        1 A
Manual weights:    {"adp": 0.02}
================================================================================

Initializing refinement...
found non-finite F values (NaN/Inf):  0
found non-finite F_sigma values (NaN/Inf):  0
/das/work/units/LBR-FEL/p17490/Peter/Library/work_trees_torchref/alignement/torchref/io/datasets/reflection_data.py:2280: UserWarning: Found 1410 non-positive F values, masking them out. This really should not happen!
  warnings.warn(
Wilson outlier rejection: 0/19061 (0.0000%) of tested reflections flagged (0 too strong, 0 too weak)
Loaded 3948 atoms
Building restraints...
Found 109 link definitions

Building VDW (non-bonded) restraints...
  Symmetry expansion: 54 valid (symop, offset) combos
  Grid: [8, 12, 9], 804/864 cells occupied, max 594 entries/cell
  Built 76184 VDW restraints, 12970 symmetry contacts
  Hydrogen topology: 4076 riding H atoms
  H candidate pairs: 200072 (55547 H-H, 144525 H-heavy, 28952 symmetry)
================================================================================
Restraints Summary
================================================================================
CIF file: None
Residue types in dictionary: 20

INTRA-RESIDUE RESTRAINTS:
--------------------------------------------------------------------------------
  Bonds: 3530
  Angles: 3944
  Torsions: 1048
  Planes: 746
  Chirals: 644

INTER-RESIDUE RESTRAINTS:
--------------------------------------------------------------------------------
  Peptide bonds: 484
  Peptide angles: 1468
  Disulfide bonds: 0
  Disulfide angles: 0
  Disulfide torsions: 0
  LINK bonds: 0

BACKBONE TORSIONS:
--------------------------------------------------------------------------------
  Phi: 484
  Psi: 484
  Omega: 484
  Ramachandran: 474

VDW RESTRAINTS:
--------------------------------------------------------------------------------
  Non-bonded contacts: 76184 (63214 intra-ASU, 12970 symmetry)
================================================================================
Generated 4094 hydrogens
ADP representation: isotropic, 8042 parameters, 2.7 work reflections each
Initialized ScalerBase with 10 bins.
Building restraints...

Building VDW (non-bonded) restraints...
  Symmetry expansion: 54 valid (symop, offset) combos
  Grid: [8, 12, 9], 824/864 cells occupied, max 1053 entries/cell
  Built 332500 VDW restraints, 57532 symmetry contacts
================================================================================
Restraints Summary
================================================================================
CIF file: None
Residue types in dictionary: 20

INTRA-RESIDUE RESTRAINTS:
--------------------------------------------------------------------------------
  Bonds: 7624
  Angles: 12770
  Torsions: 1604
  Planes: 1296
  Chirals: 644

INTER-RESIDUE RESTRAINTS:
--------------------------------------------------------------------------------
  Peptide bonds: 484
  Peptide angles: 1936
  Disulfide bonds: 0
  Disulfide angles: 0
  Disulfide torsions: 0
  LINK bonds: 0

BACKBONE TORSIONS:
--------------------------------------------------------------------------------
  Phi: 484
  Psi: 484
  Omega: 484
  Ramachandran: 474

VDW RESTRAINTS:
--------------------------------------------------------------------------------
  Non-bonded contacts: 332500 (274968 intra-ASU, 57532 symmetry)
================================================================================
Initializing TotalGeometryTarget with component targets...
Initializing TotalADPTarget with component targets: simu, locality, sigd
Parametrization built for 5 unique atom types
SfFFT: Using late symmetry (reciprocal space)
