/das/work/units/LBR-FEL/p17490/Peter/Library/work_trees_torchref/alignement/torchref/cli/refine.py:21: UserWarning: TorchRef using user-specified 8 threads from TORCHREF_NUM_THREADS.
  from torchref.cli._common import (
================================================================================
TorchRef LBFGS Refinement
================================================================================
Model:             /das/work/units/LBR-FEL/p17490/Peter/Library/work_trees_torchref/alignement/alignment_lab/benchmarks/af_mr/runs/dmin3.0/6IIW/torchref_placed.pdb
Structure factor:  /das/work/units/LBR-FEL/p17490/Peter/Library/work_trees_torchref/dev/paper/data/6IIW/6IIW.mtz
Output directory:  /das/work/units/LBR-FEL/p17490/Peter/Library/work_trees_torchref/alignement/alignment_lab/benchmarks/af_mr/runs/dmin3.0/6IIW/refine_torchref_mr
Refinement mode:   separate
X-ray target:      ml
Refinement cycles: 10
Rigid-body step:   on (iterations/cutoff = 30)
Device:            auto
ADP mode:          isotropic
Wavelength:        1 A
Manual weights:    {"adp": 0.02}
================================================================================

Initializing refinement...
FrenchWilson initialized:
  Reflections: 10662
  Resolution: 1.70 - 36.69 Å
  Space group: SpaceGroup('P6122', number=178, n_ops=12)
  Centric: 2996 (28.1%)
French-Wilson input guard: 4/10662 (0.0375%) reflections unusable as intensities (absent, or too negative to be a noisy measurement)
found non-finite F values (NaN/Inf):  3
found non-finite F_sigma values (NaN/Inf):  3
Wilson outlier rejection: 0/9701 (0.0000%) of tested reflections flagged (0 too strong, 0 too weak)
Loaded 482 atoms
Building restraints...
Found 109 link definitions

Building VDW (non-bonded) restraints...
  Symmetry expansion: 35 valid (symop, offset) combos
  Grid: [6, 6, 36], 435/1296 cells occupied, max 178 entries/cell
  Built 8056 VDW restraints, 2000 symmetry contacts
  Hydrogen topology: 455 riding H atoms
  H candidate pairs: 19583 (5157 H-H, 14426 H-heavy, 4685 symmetry)
================================================================================
Restraints Summary
================================================================================
CIF file: None
Residue types in dictionary: 20

INTRA-RESIDUE RESTRAINTS:
--------------------------------------------------------------------------------
  Bonds: 432
  Angles: 481
  Torsions: 134
  Planes: 98
  Chirals: 70

INTER-RESIDUE RESTRAINTS:
--------------------------------------------------------------------------------
  Peptide bonds: 58
  Peptide angles: 178
  Disulfide bonds: 0
  Disulfide angles: 0
  Disulfide torsions: 0
  LINK bonds: 0

BACKBONE TORSIONS:
--------------------------------------------------------------------------------
  Phi: 58
  Psi: 58
  Omega: 58
  Ramachandran: 55

VDW RESTRAINTS:
--------------------------------------------------------------------------------
  Non-bonded contacts: 8056 (6056 intra-ASU, 2000 symmetry)
================================================================================
Generated 455 hydrogens
ADP representation: isotropic, 937 parameters, 11.2 work reflections each
Initialized ScalerBase with 10 bins.
Building restraints...

Building VDW (non-bonded) restraints...
  Symmetry expansion: 35 valid (symop, offset) combos
  Grid: [6, 6, 36], 469/1296 cells occupied, max 338 entries/cell
  Built 32908 VDW restraints, 8915 symmetry contacts
================================================================================
Restraints Summary
================================================================================
CIF file: None
Residue types in dictionary: 20

INTRA-RESIDUE RESTRAINTS:
--------------------------------------------------------------------------------
  Bonds: 887
  Angles: 1459
  Torsions: 193
  Planes: 165
  Chirals: 70

INTER-RESIDUE RESTRAINTS:
--------------------------------------------------------------------------------
  Peptide bonds: 58
  Peptide angles: 232
  Disulfide bonds: 0
  Disulfide angles: 0
  Disulfide torsions: 0
  LINK bonds: 0

BACKBONE TORSIONS:
--------------------------------------------------------------------------------
  Phi: 58
  Psi: 58
  Omega: 58
  Ramachandran: 55

VDW RESTRAINTS:
--------------------------------------------------------------------------------
  Non-bonded contacts: 32908 (23993 intra-ASU, 8915 symmetry)
================================================================================
Initializing TotalGeometryTarget with component targets...
Initializing TotalADPTarget with component targets: simu, locality, sigd
Parametrization built for 5 unique atom types
SfFFT: Using late symmetry (reciprocal space)
Calculating initial scale factors using 10 bins.
Refining scales with LBFGS...
Scale refinement complete. rwork: 0.5408, rfree: 0.5126

Final Scale Parameters: 
  c_iso: tensor([-0.9299,  2.3837,  0.1296,  0.1523, -0.0997,  0.0412])
  U: tensor([ 1.0834,  0.9892,  0.5693, -0.4206, -0.0347,  0.0030])
  solvent.log_k_solvent: -0.8500493168830872
  solvent.log_ss_half: -3.6462223529815674
  solvent.log_n_exp: 1.6139048337936401
  solvent.phase_offset: -0.5267142057418823
Initialized targets with xray_mode='ml'
Applied manual group weights: {'xray': 1.0, 'geometry': 0.2, 'geometry/ramachandran': 0.0, 'adp': 0.02, 'adp/sigd': 1.0, 'adp/node_load': 10.0, 'adp/node_smoothness': 0.0}
Refinement initialized successfully.

Starting refinement with 10 macro cycles...

Rigid-body step enabled: one multi-resolution rigid-body pass will run once at the start of refinement.


--- Rigid-body step (once, at start) ---
Switched to rigid-body parametrization: RigidXYZTensor(n_atoms=937, n_chains=2) (2 chain(s))
Filtering: 319/10662 reflections in range [inf - 6.0] Å (319 valid after all masks)
  Note: Adjusted bins from 10 to 3 (min 100 refl/bin)
Initialized ScalerBase with 3 bins.
Calculating initial scale factors using 3 bins.
Calculating initial scale factors using 3 bins.
Refining scales with LBFGS...
Scale refinement complete. rwork: 0.5051, rfree: 0.3307

Final Scale Parameters: 
  c_iso: tensor([ 33.9272,  29.0400, -47.1976, -70.3111, -40.6232,  -9.5106])
  U: tensor([-1.9904, -1.5871,  0.6544,  2.0979,  0.5374, -1.6231])
  solvent.log_k_solvent: -0.7182750701904297
  solvent.log_ss_half: 0.022550608962774277
  solvent.log_n_exp: 6.136189937591553
  solvent.phase_offset: 0.3500155210494995
  rigid-body d_min=6.00 (lbfgs, iters=30): Rwork=0.4995 Rfree=0.1592
Filtering: 1794/10662 reflections in range [inf - 3.19251888308396] Å (1792 valid after all masks)
Initialized ScalerBase with 10 bins.
Calculating initial scale factors using 10 bins.
Calculating initial scale factors using 10 bins.
Refining scales with LBFGS...
Scale refinement complete. rwork: 0.5056, rfree: 0.4164

Final Scale Parameters: 
  c_iso: tensor([-2.6833,  0.0214, -0.0794,  1.3133,  1.0323,  0.6400])
  U: tensor([ 1.9476,  1.7408,  0.3585, -1.4848,  0.0315, -0.0199])
  solvent.log_k_solvent: -0.8402366638183594
  solvent.log_ss_half: -3.1632282733917236
  solvent.log_n_exp: 1.8933708667755127
  solvent.phase_offset: -0.5148164629936218
  rigid-body d_min=3.19 (lbfgs, iters=30): Rwork=0.4904 Rfree=0.4137
Filtering: 10662/10662 reflections in range [inf - 1.6986961364746094] Å (10658 valid after all masks)
Initialized ScalerBase with 10 bins.
Calculating initial scale factors using 10 bins.
Calculating initial scale factors using 10 bins.
Refining scales with LBFGS...
Scale refinement complete. rwork: 0.5149, rfree: 0.4724

Final Scale Parameters: 
  c_iso: tensor([-1.1382,  2.0204,  0.0895,  0.1272, -0.0761,  0.0273])
  U: tensor([ 0.8167,  0.8392,  0.4492, -0.3216,  0.0101, -0.0038])
  solvent.log_k_solvent: -0.8959959745407104
  solvent.log_ss_half: -3.597193956375122
  solvent.log_n_exp: 1.8005075454711914
  solvent.phase_offset: 0.4077196419239044
  rigid-body d_min=1.70 (lbfgs, iters=30): Rwork=0.5305 Rfree=0.4945
Initialized ScalerBase with 10 bins.
Calculating initial scale factors using 10 bins.
Calculating initial scale factors using 10 bins.
Refining scales with LBFGS...
Scale refinement complete. rwork: 0.5135, rfree: 0.4878

Final Scale Parameters: 
  c_iso: tensor([-1.3492,  1.7537,  0.0204,  0.1291, -0.0746,  0.0275])
  U: tensor([ 7.7847e-01,  7.9965e-01,  3.6965e-01, -3.5889e-01,  1.7448e-04,
         1.0563e-03])
  solvent.log_k_solvent: -0.8524135947227478
  solvent.log_ss_half: -3.5588576793670654
  solvent.log_n_exp: 1.8337222337722778
  solvent.phase_offset: 0.422932505607605
Initialized ScalerBase with 10 bins.
Calculating initial scale factors using 10 bins.
Calculating initial scale factors using 10 bins.
Refining scales with LBFGS...
Scale refinement complete. rwork: 0.5135, rfree: 0.4878

Final Scale Parameters: 
  c_iso: tensor([-1.3404,  1.7652,  0.0231,  0.1288, -0.0749,  0.0274])
  U: tensor([ 7.7318e-01,  7.9480e-01,  3.7305e-01, -3.5011e-01,  5.6756e-04,
         6.8734e-04])
  solvent.log_k_solvent: -0.8546607494354248
  solvent.log_ss_half: -3.5597124099731445
  solvent.log_n_exp: 1.8431122303009033
  solvent.phase_offset: 0.42304879426956177

============================================================
LBFGS Refinement - Cycle 1/10
============================================================
Refining scales with LBFGS...
Scale refinement complete. rwork: 0.5123, rfree: 0.4810

Final Scale Parameters: 
  c_iso: tensor([-1.3436,  1.7599,  0.0228,  0.1398, -0.0806,  0.0401])
  U: tensor([ 0.7511,  0.7614,  0.3719, -0.3229, -0.0033,  0.0031])
  solvent.log_k_solvent: -0.821305513381958
  solvent.log_ss_half: -3.566112518310547
  solvent.log_n_exp: 1.7745578289031982
  solvent.phase_offset: -0.436208575963974
After scaling: Rwork=0.5123, Rfree=0.4810
  VDW rebuild: max drift 1.46 Å > threshold 1.00 Å

Building VDW (non-bonded) restraints...
  Symmetry expansion: 35 valid (symop, offset) combos
  Grid: [6, 6, 36], 469/1296 cells occupied, max 338 entries/cell
  Built 32908 VDW restraints, 8915 symmetry contacts

────────────────────────────────────────────────────────────────────
  XYZ Refinement
────────────────────────────────────────────────────────────────────

  adp (weight: 0.0200)
  ────────────────────────────────────────────────────────────────
    Metric                       Before      After     Change
    locality                     6081.5     6081.5     0.0000
    scaler_U                     6310.3     6310.3     0.0000
    scaler_log_scale            70257.0    70257.0     0.0000
    sigd                       673.0171   673.0171     0.0000
    simu                         2230.5     2230.5     0.0000

  geometry (weight: 0.2000)
  ────────────────────────────────────────────────────────────────
    Metric                       Before      After     Change
    angle                       -3673.5    -3815.5  -141.9692
    bond                        -2858.9    -3070.2  -211.2781
    chiral                     -38.9510   -39.7094    -0.7584
    nonbonded                   -8747.9    -8673.2   +74.6357
    planarity                   -1966.1    -1931.3   +34.8861
    torsion                      1469.4     1486.8   +17.4135

  other (weight: 1.0000)
  ────────────────────────────────────────────────────────────────
    Metric                       Before      After     Change
    xray                        35172.4    34555.1  -617.3086

  Group Totals
  ────────────────────────────────────────────────────────────────
    Group                        Before      After     Change
    adp                          1711.0     1711.0     0.0000
    geometry                    -3163.2    -3208.6   -45.4141
    xray                        35172.4    34555.1  -617.3086
────────────────────────────────────────────────────────────────────
  VDW rebuild: max drift 1.46 Å > threshold 1.00 Å

Building VDW (non-bonded) restraints...
  Symmetry expansion: 35 valid (symop, offset) combos
  Grid: [6, 6, 36], 469/1296 cells occupied, max 338 entries/cell
  Built 32908 VDW restraints, 8915 symmetry contacts

────────────────────────────────────────────────────────────────────
  ADP Refinement
────────────────────────────────────────────────────────────────────

  adp (weight: 0.0200)
  ────────────────────────────────────────────────────────────────
    Metric                       Before      After     Change
    locality                     6147.4     6347.1  +199.6611
    scaler_U                     6310.3     6310.3     0.0000
    scaler_log_scale            70257.0    70257.0     0.0000
    sigd                       673.0171   674.0217    +1.0046
    simu                         2230.5     3988.9    +1758.4

  geometry (weight: 0.2000)
  ────────────────────────────────────────────────────────────────
    Metric                       Before      After     Change
    angle                       -3815.5    -3815.5     0.0000
    bond                        -3070.2    -3070.2     0.0000
    chiral                     -39.7094   -39.7094     0.0000
    nonbonded                   -8673.2    -8673.2     0.0000
    planarity                   -1931.3    -1931.3     0.0000
    torsion                      1486.8     1486.8     0.0000

  other (weight: 1.0000)
  ────────────────────────────────────────────────────────────────
    Metric                       Before      After     Change
    xray                        34555.1    33909.3  -645.7383

  Group Totals
  ────────────────────────────────────────────────────────────────
    Group                        Before      After     Change
    adp                          1712.4     1751.5   +39.1812
    geometry                    -3208.6    -3208.6     0.0000
    xray                        34555.1    33909.3  -645.7383
────────────────────────────────────────────────────────────────────

============================================================
LBFGS Refinement - Cycle 2/10
============================================================
Refining scales with LBFGS...
Scale refinement complete. rwork: 0.4449, rfree: 0.4263

Final Scale Parameters: 
  c_iso: tensor([-1.5333,  1.4813, -0.0818,  0.1146, -0.0673,  0.0478])
  U: tensor([ 0.6609,  0.6540,  0.2732, -0.3154, -0.0096,  0.0094])
  solvent.log_k_solvent: -0.8129188418388367
  solvent.log_ss_half: -3.6787569522857666
  solvent.log_n_exp: 1.6876018047332764
  solvent.phase_offset: -0.4258331060409546
After scaling: Rwork=0.4449, Rfree=0.4263
  VDW rebuild: max drift 1.73 Å > threshold 1.00 Å

Building VDW (non-bonded) restraints...
  Symmetry expansion: 35 valid (symop, offset) combos
  Grid: [6, 6, 36], 469/1296 cells occupied, max 338 entries/cell
  Built 32908 VDW restraints, 8915 symmetry contacts

────────────────────────────────────────────────────────────────────
  XYZ Refinement
────────────────────────────────────────────────────────────────────

  adp (weight: 0.0200)
  ────────────────────────────────────────────────────────────────
    Metric                       Before      After     Change
    locality                     6347.1     6347.1     0.0000
    scaler_U                     4482.4     4482.4     0.0000
    scaler_log_scale            41383.4    41383.4     0.0000
    sigd                       674.0217   674.0217     0.0000
    simu                         3988.9     3988.9     0.0000

  geometry (weight: 0.2000)
  ────────────────────────────────────────────────────────────────
    Metric                       Before      After     Change
    angle                       -3815.5    -3759.1   +56.3887
    bond                        -3070.2    -3089.1   -18.8479
    chiral                     -39.7094   -34.6678    +5.0416
    nonbonded                   -8673.2    -8643.3   +29.9824
    planarity                   -1931.3    -1949.5   -18.2842
    torsion                      1486.8     1501.7   +14.9183

  other (weight: 1.0000)
  ────────────────────────────────────────────────────────────────
    Metric                       Before      After     Change
    xray                        34150.1    33338.9  -811.1289

  Group Totals
  ────────────────────────────────────────────────────────────────
    Group                        Before      After     Change
    adp                          1137.5     1137.5     0.0000
    geometry                    -3208.6    -3194.8   +13.8399
    xray                        34150.1    33338.9  -811.1289
────────────────────────────────────────────────────────────────────
  VDW rebuild: max drift 1.73 Å > threshold 1.00 Å

Building VDW (non-bonded) restraints...
  Symmetry expansion: 35 valid (symop, offset) combos
  Grid: [6, 6, 36], 469/1296 cells occupied, max 338 entries/cell
  Built 32908 VDW restraints, 8915 symmetry contacts

────────────────────────────────────────────────────────────────────
  ADP Refinement
────────────────────────────────────────────────────────────────────

  adp (weight: 0.0200)
  ────────────────────────────────────────────────────────────────
    Metric                       Before      After     Change
    locality                     6417.1     7832.8    +1415.7
    scaler_U                     4482.4     4482.4     0.0000
    scaler_log_scale            41383.4    41383.4     0.0000
    sigd                       674.0217   701.9333   +27.9117
    simu                         3988.9     4681.0  +692.1206

  geometry (weight: 0.2000)
  ────────────────────────────────────────────────────────────────
    Metric                       Before      After     Change
    angle                       -3759.1    -3759.1     0.0000
    bond                        -3089.1    -3089.1     0.0000
    chiral                     -34.6678   -34.6678     0.0000
    nonbonded                   -8643.3    -8643.3     0.0000
    planarity                   -1949.5    -1949.5     0.0000
    torsion                      1501.7     1501.7     0.0000

  other (weight: 1.0000)
  ────────────────────────────────────────────────────────────────
    Metric                       Before      After     Change
    xray                        33338.9    33160.5  -178.4297

  Group Totals
  ────────────────────────────────────────────────────────────────
    Group                        Before      After     Change
    adp                          1138.9     1181.6   +42.7137
    geometry                    -3194.8    -3194.8     0.0000
    xray                        33338.9    33160.5  -178.4297
────────────────────────────────────────────────────────────────────

============================================================
LBFGS Refinement - Cycle 3/10
============================================================
Refining scales with LBFGS...
Scale refinement complete. rwork: 0.4145, rfree: 0.4096

Final Scale Parameters: 
  c_iso: tensor([-1.9071,  0.9926, -0.2139,  0.0976, -0.0760,  0.0304])
  U: tensor([ 0.5460,  0.4984,  0.1260, -0.3362, -0.0399,  0.0326])
  solvent.log_k_solvent: -0.7836660146713257
  solvent.log_ss_half: -3.684584140777588
  solvent.log_n_exp: 1.8241784572601318
  solvent.phase_offset: -0.4226951003074646
After scaling: Rwork=0.4145, Rfree=0.4096
  VDW rebuild: max drift 1.84 Å > threshold 1.00 Å

Building VDW (non-bonded) restraints...
  Symmetry expansion: 35 valid (symop, offset) combos
  Grid: [6, 6, 36], 469/1296 cells occupied, max 338 entries/cell
  Built 32908 VDW restraints, 8915 symmetry contacts

────────────────────────────────────────────────────────────────────
  XYZ Refinement
────────────────────────────────────────────────────────────────────

  adp (weight: 0.0200)
  ────────────────────────────────────────────────────────────────
    Metric                       Before      After     Change
    locality                     7832.8     7832.8     0.0000
    scaler_U                     2433.9     2433.9     0.0000
    scaler_log_scale            11981.6    11981.6     0.0000
    sigd                       701.9333   701.9333     0.0000
    simu                         4681.0     4681.0     0.0000

  geometry (weight: 0.2000)
  ────────────────────────────────────────────────────────────────
    Metric                       Before      After     Change
    angle                       -3759.1    -3764.3    -5.2341
    bond                        -3089.1    -3058.1   +30.9290
    chiral                     -34.6678   -39.3407    -4.6729
    nonbonded                   -8643.3    -8632.1   +11.1270
    planarity                   -1949.5    -1937.4   +12.1714
    torsion                      1501.7     1501.6    -0.1306

  other (weight: 1.0000)
  ────────────────────────────────────────────────────────────────
    Metric                       Before      After     Change
    xray                        33396.6    32874.6  -521.9883

  Group Totals
  ────────────────────────────────────────────────────────────────
    Group                        Before      After     Change
    adp                        552.6246   552.6246     0.0000
    geometry                    -3194.8    -3185.9    +8.8379
    xray                        33396.6    32874.6  -521.9883
────────────────────────────────────────────────────────────────────
  VDW rebuild: max drift 1.84 Å > threshold 1.00 Å

Building VDW (non-bonded) restraints...
  Symmetry expansion: 35 valid (symop, offset) combos
  Grid: [6, 6, 36], 469/1296 cells occupied, max 338 entries/cell
  Built 32908 VDW restraints, 8915 symmetry contacts

────────────────────────────────────────────────────────────────────
  ADP Refinement
────────────────────────────────────────────────────────────────────

  adp (weight: 0.0200)
  ────────────────────────────────────────────────────────────────
    Metric                       Before      After     Change
    locality                     7852.2     7444.4  -407.8232
    scaler_U                     2433.9     2433.9     0.0000
    scaler_log_scale            11981.6    11981.6     0.0000
    sigd                       701.9333   683.9001   -18.0332
    simu                         4681.0     4847.9  +166.8364

  geometry (weight: 0.2000)
  ────────────────────────────────────────────────────────────────
    Metric                       Before      After     Change
    angle                       -3764.3    -3764.3     0.0000
    bond                        -3058.1    -3058.1     0.0000
    chiral                     -39.3407   -39.3407     0.0000
    nonbonded                   -8632.1    -8632.1     0.0000
    planarity                   -1937.4    -1937.4     0.0000
    torsion                      1501.6     1501.6     0.0000

  other (weight: 1.0000)
  ────────────────────────────────────────────────────────────────
    Metric                       Before      After     Change
    xray                        32874.6    32763.7  -110.8535

  Group Totals
  ────────────────────────────────────────────────────────────────
    Group                        Before      After     Change
    adp                        553.0125   547.8321    -5.1804
    geometry                    -3185.9    -3185.9     0.0000
    xray                        32874.6    32763.7  -110.8535
────────────────────────────────────────────────────────────────────

============================================================
LBFGS Refinement - Cycle 4/10
============================================================
Refining scales with LBFGS...
Scale refinement complete. rwork: 0.4048, rfree: 0.4121

Final Scale Parameters: 
  c_iso: tensor([-2.0394,  0.8277, -0.2462,  0.0988, -0.0776,  0.0168])
  U: tensor([ 0.4898,  0.4212,  0.0613, -0.3359, -0.0505,  0.0506])
  solvent.log_k_solvent: -0.7911431789398193
  solvent.log_ss_half: -3.6136794090270996
  solvent.log_n_exp: 1.886425495147705
  solvent.phase_offset: -0.41954806447029114
After scaling: Rwork=0.4048, Rfree=0.4121
  VDW rebuild: max drift 1.85 Å > threshold 1.00 Å

Building VDW (non-bonded) restraints...
  Symmetry expansion: 35 valid (symop, offset) combos
  Grid: [6, 6, 36], 469/1296 cells occupied, max 338 entries/cell
  Built 32908 VDW restraints, 8915 symmetry contacts

────────────────────────────────────────────────────────────────────
  XYZ Refinement
────────────────────────────────────────────────────────────────────

  adp (weight: 0.0200)
  ────────────────────────────────────────────────────────────────
    Metric                       Before      After     Change
    locality                     7444.4     7444.4     0.0000
    scaler_U                     1680.0     1680.0     0.0000
    scaler_log_scale             6444.1     6444.1     0.0000
    sigd                       683.9001   683.9001     0.0000
    simu                         4847.9     4847.9     0.0000

  geometry (weight: 0.2000)
  ────────────────────────────────────────────────────────────────
    Metric                       Before      After     Change
    angle                       -3764.3    -3895.0  -130.6655
    bond                        -3058.1    -3102.1   -43.9780
    chiral                     -39.3407   -40.2296    -0.8889
    nonbonded                   -8632.1    -8680.9   -48.7520
    planarity                   -1937.4    -1967.4   -29.9941
    torsion                      1501.6     1500.7    -0.9183

  other (weight: 1.0000)
  ────────────────────────────────────────────────────────────────
    Metric                       Before      After     Change
    xray                        32878.4    32707.9  -170.5000

  Group Totals
  ────────────────────────────────────────────────────────────────
    Group                        Before      After     Change
    adp                        422.0048   422.0048     0.0000
    geometry                    -3185.9    -3237.0   -51.0393
    xray                        32878.4    32707.9  -170.5000
────────────────────────────────────────────────────────────────────
  VDW rebuild: max drift 1.85 Å > threshold 1.00 Å

Building VDW (non-bonded) restraints...
  Symmetry expansion: 35 valid (symop, offset) combos
  Grid: [6, 6, 36], 469/1296 cells occupied, max 338 entries/cell
  Built 32908 VDW restraints, 8915 symmetry contacts

────────────────────────────────────────────────────────────────────
  ADP Refinement
────────────────────────────────────────────────────────────────────

  adp (weight: 0.0200)
  ────────────────────────────────────────────────────────────────
    Metric                       Before      After     Change
    locality                     7469.6     7241.0  -228.5981
    scaler_U                     1680.0     1680.0     0.0000
    scaler_log_scale             6444.1     6444.1     0.0000
    sigd                       683.9001   677.6354    -6.2647
    simu                         4847.9     5033.0  +185.1445

  geometry (weight: 0.2000)
  ────────────────────────────────────────────────────────────────
    Metric                       Before      After     Change
    angle                       -3895.0    -3895.0     0.0000
    bond                        -3102.1    -3102.1     0.0000
    chiral                     -40.2296   -40.2296     0.0000
    nonbonded                   -8680.9    -8680.9     0.0000
    planarity                   -1967.4    -1967.4     0.0000
    torsion                      1500.7     1500.7     0.0000

  other (weight: 1.0000)
  ────────────────────────────────────────────────────────────────
    Metric                       Before      After     Change
    xray                        32707.9    32650.6   -57.2383

  Group Totals
  ────────────────────────────────────────────────────────────────
    Group                        Before      After     Change
    adp                        422.5099   421.5155    -0.9944
    geometry                    -3237.0    -3237.0     0.0000
    xray                        32707.9    32650.6   -57.2383
────────────────────────────────────────────────────────────────────

============================================================
LBFGS Refinement - Cycle 5/10
============================================================
Refining scales with LBFGS...
Scale refinement complete. rwork: 0.3995, rfree: 0.4053

Final Scale Parameters: 
  c_iso: tensor([-2.0379,  0.8306, -0.2461,  0.1000, -0.0768,  0.0155])
  U: tensor([ 0.4624,  0.3783,  0.0480, -0.3083, -0.0544,  0.0639])
  solvent.log_k_solvent: -0.8062759637832642
  solvent.log_ss_half: -3.586853504180908
  solvent.log_n_exp: 1.9271941184997559
  solvent.phase_offset: -0.41965511441230774
After scaling: Rwork=0.3995, Rfree=0.4053
  VDW rebuild: max drift 1.88 Å > threshold 1.00 Å

Building VDW (non-bonded) restraints...
  Symmetry expansion: 35 valid (symop, offset) combos
  Grid: [6, 6, 36], 469/1296 cells occupied, max 338 entries/cell
  Built 32908 VDW restraints, 8915 symmetry contacts

────────────────────────────────────────────────────────────────────
  XYZ Refinement
────────────────────────────────────────────────────────────────────

  adp (weight: 0.0200)
  ────────────────────────────────────────────────────────────────
    Metric                       Before      After     Change
    locality                     7241.0     7241.0     0.0000
    scaler_U                     1403.5     1403.5     0.0000
    scaler_log_scale             6511.8     6511.8     0.0000
    sigd                       677.6354   677.6354     0.0000
    simu                         5033.0     5033.0     0.0000

  geometry (weight: 0.2000)
  ────────────────────────────────────────────────────────────────
    Metric                       Before      After     Change
    angle                       -3895.0    -3886.7    +8.2852
    bond                        -3102.1    -3096.7    +5.3750
    chiral                     -40.2296   -41.5751    -1.3455
    nonbonded                   -8680.9    -8641.9   +39.0088
    planarity                   -1967.4    -1957.9    +9.4666
    torsion                      1500.7     1492.1    -8.6079

  other (weight: 1.0000)
  ────────────────────────────────────────────────────────────────
    Metric                       Before      After     Change
    xray                        32666.1    32571.7   -94.4453

  Group Totals
  ────────────────────────────────────────────────────────────────
    Group                        Before      After     Change
    adp                        417.3387   417.3387     0.0000
    geometry                    -3237.0    -3226.5   +10.4364
    xray                        32666.1    32571.7   -94.4453
────────────────────────────────────────────────────────────────────
  VDW rebuild: max drift 1.88 Å > threshold 1.00 Å

Building VDW (non-bonded) restraints...
  Symmetry expansion: 35 valid (symop, offset) combos
  Grid: [6, 6, 36], 469/1296 cells occupied, max 338 entries/cell
  Built 32908 VDW restraints, 8915 symmetry contacts

────────────────────────────────────────────────────────────────────
  ADP Refinement
────────────────────────────────────────────────────────────────────

  adp (weight: 0.0200)
  ────────────────────────────────────────────────────────────────
    Metric                       Before      After     Change
    locality                     7262.9     7070.4  -192.4771
    scaler_U                     1403.5     1403.5     0.0000
    scaler_log_scale             6511.8     6511.8     0.0000
    sigd                       677.6354   676.9030    -0.7324
    simu                         5033.0     5187.0  +153.9434

  geometry (weight: 0.2000)
  ────────────────────────────────────────────────────────────────
    Metric                       Before      After     Change
    angle                       -3886.7    -3886.7     0.0000
    bond                        -3096.7    -3096.7     0.0000
    chiral                     -41.5751   -41.5751     0.0000
    nonbonded                   -8641.9    -8641.9     0.0000
    planarity                   -1957.9    -1957.9     0.0000
    torsion                      1492.1     1492.1     0.0000

  other (weight: 1.0000)
  ────────────────────────────────────────────────────────────────
    Metric                       Before      After     Change
    xray                        32571.7    32530.8   -40.8945

  Group Totals
  ────────────────────────────────────────────────────────────────
    Group                        Before      After     Change
    adp                        417.7755   416.9901    -0.7853
    geometry                    -3226.5    -3226.5     0.0000
    xray                        32571.7    32530.8   -40.8945
────────────────────────────────────────────────────────────────────

============================================================
LBFGS Refinement - Cycle 6/10
============================================================
Refining scales with LBFGS...
Scale refinement complete. rwork: 0.3958, rfree: 0.3992

Final Scale Parameters: 
  c_iso: tensor([-2.1124,  0.7258, -0.2734,  0.0958, -0.0788,  0.0133])
  U: tensor([ 0.4385,  0.3548,  0.0099, -0.3223, -0.0496,  0.0649])
  solvent.log_k_solvent: -0.8074168562889099
  solvent.log_ss_half: -3.558194637298584
  solvent.log_n_exp: 1.969274640083313
  solvent.phase_offset: -0.4177580177783966
After scaling: Rwork=0.3958, Rfree=0.3992
  VDW rebuild: max drift 1.96 Å > threshold 1.00 Å

Building VDW (non-bonded) restraints...
  Symmetry expansion: 35 valid (symop, offset) combos
  Grid: [6, 6, 36], 469/1296 cells occupied, max 338 entries/cell
  Built 32908 VDW restraints, 8915 symmetry contacts

────────────────────────────────────────────────────────────────────
  XYZ Refinement
────────────────────────────────────────────────────────────────────

  adp (weight: 0.0200)
  ────────────────────────────────────────────────────────────────
    Metric                       Before      After     Change
    locality                     7070.4     7070.4     0.0000
    scaler_U                     1146.6     1146.6     0.0000
    scaler_log_scale             3681.4     3681.4     0.0000
    sigd                       676.9030   676.9030     0.0000
    simu                         5187.0     5187.0     0.0000

  geometry (weight: 0.2000)
  ────────────────────────────────────────────────────────────────
    Metric                       Before      After     Change
    angle                       -3886.7    -3913.1   -26.4055
    bond                        -3096.7    -3099.7    -2.9331
    chiral                     -41.5751   -41.4503    +0.1248
    nonbonded                   -8641.9    -8657.6   -15.7256
    planarity                   -1957.9    -1964.6    -6.7109
    torsion                      1492.1     1490.0    -2.0813

  other (weight: 1.0000)
  ────────────────────────────────────────────────────────────────
    Metric                       Before      After     Change
    xray                        32576.9    32495.3   -81.6133

  Group Totals
  ────────────────────────────────────────────────────────────────
    Group                        Before      After     Change
    adp                        355.2450   355.2450     0.0000
    geometry                    -3226.5    -3237.3   -10.7464
    xray                        32576.9    32495.3   -81.6133
────────────────────────────────────────────────────────────────────
  VDW rebuild: max drift 1.96 Å > threshold 1.00 Å

Building VDW (non-bonded) restraints...
  Symmetry expansion: 35 valid (symop, offset) combos
  Grid: [6, 6, 36], 469/1296 cells occupied, max 338 entries/cell
  Built 32908 VDW restraints, 8915 symmetry contacts

────────────────────────────────────────────────────────────────────
  ADP Refinement
────────────────────────────────────────────────────────────────────

  adp (weight: 0.0200)
  ────────────────────────────────────────────────────────────────
    Metric                       Before      After     Change
    locality                     7068.8     6619.4  -449.3896
    scaler_U                     1146.6     1146.6     0.0000
    scaler_log_scale             3681.4     3681.4     0.0000
    sigd                       676.9030   669.1224    -7.7806
    simu                         5187.0     5120.8   -66.1016

  geometry (weight: 0.2000)
  ────────────────────────────────────────────────────────────────
    Metric                       Before      After     Change
    angle                       -3913.1    -3913.1     0.0000
    bond                        -3099.7    -3099.7     0.0000
    chiral                     -41.4503   -41.4503     0.0000
    nonbonded                   -8657.6    -8657.6     0.0000
    planarity                   -1964.6    -1964.6     0.0000
    torsion                      1490.0     1490.0     0.0000

  other (weight: 1.0000)
  ────────────────────────────────────────────────────────────────
    Metric                       Before      After     Change
    xray                        32495.3    32478.6   -16.6855

  Group Totals
  ────────────────────────────────────────────────────────────────
    Group                        Before      After     Change
    adp                        355.2135   344.7481   -10.4654
    geometry                    -3237.3    -3237.3     0.0000
    xray                        32495.3    32478.6   -16.6855
────────────────────────────────────────────────────────────────────

============================================================
LBFGS Refinement - Cycle 7/10
============================================================
Refining scales with LBFGS...
Scale refinement complete. rwork: 0.3940, rfree: 0.4025

Final Scale Parameters: 
  c_iso: tensor([-2.1113,  0.7283, -0.2729,  0.0959, -0.0805,  0.0115])
  U: tensor([ 0.4348,  0.3556,  0.0043, -0.3261, -0.0481,  0.0642])
  solvent.log_k_solvent: -0.8112580180168152
  solvent.log_ss_half: -3.543766498565674
  solvent.log_n_exp: 1.969272494316101
  solvent.phase_offset: -0.4213050305843353
After scaling: Rwork=0.3940, Rfree=0.4025
  VDW rebuild: max drift 2.10 Å > threshold 1.00 Å

Building VDW (non-bonded) restraints...
  Symmetry expansion: 35 valid (symop, offset) combos
  Grid: [6, 6, 36], 469/1296 cells occupied, max 338 entries/cell
  Built 32908 VDW restraints, 8915 symmetry contacts

────────────────────────────────────────────────────────────────────
  XYZ Refinement
────────────────────────────────────────────────────────────────────

  adp (weight: 0.0200)
  ────────────────────────────────────────────────────────────────
    Metric                       Before      After     Change
    locality                     6619.4     6619.4     0.0000
    scaler_U                     1122.5     1122.5     0.0000
    scaler_log_scale             3770.1     3770.1     0.0000
    sigd                       669.1224   669.1224     0.0000
    simu                         5120.8     5120.8     0.0000

  geometry (weight: 0.2000)
  ────────────────────────────────────────────────────────────────
    Metric                       Before      After     Change
    angle                       -3913.1    -3918.6    -5.4717
    bond                        -3099.7    -3100.0    -0.3779
    chiral                     -41.4503   -41.8228    -0.3725
    nonbonded                   -8657.6    -8642.2   +15.3477
    planarity                   -1964.6    -1961.6    +2.9873
    torsion                      1490.0     1485.9    -4.1195

  other (weight: 1.0000)
  ────────────────────────────────────────────────────────────────
    Metric                       Before      After     Change
    xray                        32505.0    32453.9   -51.1348

  Group Totals
  ────────────────────────────────────────────────────────────────
    Group                        Before      After     Change
    adp                        346.0388   346.0388     0.0000
    geometry                    -3237.3    -3235.7    +1.5988
    xray                        32505.0    32453.9   -51.1348
────────────────────────────────────────────────────────────────────
  VDW rebuild: max drift 2.10 Å > threshold 1.00 Å

Building VDW (non-bonded) restraints...
  Symmetry expansion: 35 valid (symop, offset) combos
  Grid: [6, 6, 36], 469/1296 cells occupied, max 338 entries/cell
  Built 32908 VDW restraints, 8915 symmetry contacts

────────────────────────────────────────────────────────────────────
  ADP Refinement
────────────────────────────────────────────────────────────────────

  adp (weight: 0.0200)
  ────────────────────────────────────────────────────────────────
    Metric                       Before      After     Change
    locality                     6632.3     6347.6  -284.7407
    scaler_U                     1122.5     1122.5     0.0000
    scaler_log_scale             3770.1     3770.1     0.0000
    sigd                       669.1224   665.6309    -3.4915
    simu                         5120.8     5098.1   -22.7812

  geometry (weight: 0.2000)
  ────────────────────────────────────────────────────────────────
    Metric                       Before      After     Change
    angle                       -3918.6    -3918.6     0.0000
    bond                        -3100.0    -3100.0     0.0000
    chiral                     -41.8228   -41.8228     0.0000
    nonbonded                   -8642.2    -8642.2     0.0000
    planarity                   -1961.6    -1961.6     0.0000
    torsion                      1485.9     1485.9     0.0000

  other (weight: 1.0000)
  ────────────────────────────────────────────────────────────────
    Metric                       Before      After     Change
    xray                        32453.9    32439.3   -14.5801

  Group Totals
  ────────────────────────────────────────────────────────────────
    Group                        Before      After     Change
    adp                        346.2967   340.0764    -6.2203
    geometry                    -3235.7    -3235.7     0.0000
    xray                        32453.9    32439.3   -14.5801
────────────────────────────────────────────────────────────────────

============================================================
LBFGS Refinement - Cycle 8/10
============================================================
Refining scales with LBFGS...
Scale refinement complete. rwork: 0.3929, rfree: 0.3994

Final Scale Parameters: 
  c_iso: tensor([-2.1617,  0.6550, -0.2845,  0.0952, -0.0767,  0.0110])
  U: tensor([ 0.4191,  0.3478, -0.0204, -0.3401, -0.0438,  0.0606])
  solvent.log_k_solvent: -0.8088669180870056
  solvent.log_ss_half: -3.5452771186828613
  solvent.log_n_exp: 1.904491901397705
  solvent.phase_offset: -0.4136420786380768
After scaling: Rwork=0.3929, Rfree=0.3994
  VDW rebuild: max drift 2.33 Å > threshold 1.00 Å

Building VDW (non-bonded) restraints...
  Symmetry expansion: 35 valid (symop, offset) combos
  Grid: [6, 6, 36], 469/1296 cells occupied, max 338 entries/cell
  Built 32908 VDW restraints, 8915 symmetry contacts

────────────────────────────────────────────────────────────────────
  XYZ Refinement
────────────────────────────────────────────────────────────────────

  adp (weight: 0.0200)
  ────────────────────────────────────────────────────────────────
    Metric                       Before      After     Change
    locality                     6347.6     6347.6     0.0000
    scaler_U                   990.2155   990.2155     0.0000
    scaler_log_scale             2320.0     2320.0     0.0000
    sigd                       665.6309   665.6309     0.0000
    simu                         5098.1     5098.1     0.0000

  geometry (weight: 0.2000)
  ────────────────────────────────────────────────────────────────
    Metric                       Before      After     Change
    angle                       -3918.6    -3937.4   -18.8496
    bond                        -3100.0    -3103.7    -3.7056
    chiral                     -41.8228   -41.6789    +0.1439
    nonbonded                   -8642.2    -8643.6    -1.3936
    planarity                   -1961.6    -1965.8    -4.2134
    torsion                      1485.9     1484.6    -1.2783

  other (weight: 1.0000)
  ────────────────────────────────────────────────────────────────
    Metric                       Before      After     Change
    xray                        32461.9    32412.9   -48.9590

  Group Totals
  ────────────────────────────────────────────────────────────────
    Group                        Before      After     Change
    adp                        308.4297   308.4297     0.0000
    geometry                    -3235.7    -3241.6    -5.8594
    xray                        32461.9    32412.9   -48.9590
────────────────────────────────────────────────────────────────────
  VDW rebuild: max drift 2.33 Å > threshold 1.00 Å

Building VDW (non-bonded) restraints...
  Symmetry expansion: 35 valid (symop, offset) combos
  Grid: [6, 6, 36], 469/1296 cells occupied, max 338 entries/cell
  Built 32908 VDW restraints, 8915 symmetry contacts

────────────────────────────────────────────────────────────────────
  ADP Refinement
────────────────────────────────────────────────────────────────────

  adp (weight: 0.0200)
  ────────────────────────────────────────────────────────────────
    Metric                       Before      After     Change
    locality                     6355.5     6018.6  -336.8374
    scaler_U                   990.2155   990.2155     0.0000
    scaler_log_scale             2320.0     2320.0     0.0000
    sigd                       665.6309   660.3387    -5.2922
    simu                         5098.1     5011.8   -86.2578

  geometry (weight: 0.2000)
  ────────────────────────────────────────────────────────────────
    Metric                       Before      After     Change
    angle                       -3937.4    -3937.4     0.0000
    bond                        -3103.7    -3103.7     0.0000
    chiral                     -41.6789   -41.6789     0.0000
    nonbonded                   -8643.6    -8643.6     0.0000
    planarity                   -1965.8    -1965.8     0.0000
    torsion                      1484.6     1484.6     0.0000

  other (weight: 1.0000)
  ────────────────────────────────────────────────────────────────
    Metric                       Before      After     Change
    xray                        32412.9    32401.5   -11.4688

  Group Totals
  ────────────────────────────────────────────────────────────────
    Group                        Before      After     Change
    adp                        308.5873   300.0195    -8.5677
    geometry                    -3241.6    -3241.6     0.0000
    xray                        32412.9    32401.5   -11.4688
────────────────────────────────────────────────────────────────────

============================================================
LBFGS Refinement - Cycle 9/10
============================================================
Refining scales with LBFGS...
Scale refinement complete. rwork: 0.3920, rfree: 0.4057

Final Scale Parameters: 
  c_iso: tensor([-2.1635,  0.6575, -0.2832,  0.0962, -0.0740,  0.0113])
  U: tensor([ 0.4143,  0.3491, -0.0259, -0.3421, -0.0394,  0.0569])
  solvent.log_k_solvent: -0.8141005039215088
  solvent.log_ss_half: -3.542137384414673
  solvent.log_n_exp: 1.9066307544708252
  solvent.phase_offset: -0.41544201970100403
After scaling: Rwork=0.3920, Rfree=0.4057
  VDW rebuild: max drift 2.44 Å > threshold 1.00 Å

Building VDW (non-bonded) restraints...
  Symmetry expansion: 35 valid (symop, offset) combos
  Grid: [6, 6, 36], 469/1296 cells occupied, max 338 entries/cell
  Built 32908 VDW restraints, 8915 symmetry contacts

────────────────────────────────────────────────────────────────────
  XYZ Refinement
────────────────────────────────────────────────────────────────────

  adp (weight: 0.0200)
  ────────────────────────────────────────────────────────────────
    Metric                       Before      After     Change
    locality                     6018.6     6018.6     0.0000
    scaler_U                   966.3458   966.3458     0.0000
    scaler_log_scale             2349.4     2349.4     0.0000
    sigd                       660.3387   660.3387     0.0000
    simu                         5011.8     5011.8     0.0000

  geometry (weight: 0.2000)
  ────────────────────────────────────────────────────────────────
    Metric                       Before      After     Change
    angle                       -3937.4    -3956.1   -18.6990
    bond                        -3103.7    -3108.4    -4.6472
    chiral                     -41.6789   -42.1115    -0.4326
    nonbonded                   -8643.6    -8641.9    +1.7275
    planarity                   -1965.8    -1968.0    -2.1516
    torsion                      1484.6     1483.0    -1.5873

  other (weight: 1.0000)
  ────────────────────────────────────────────────────────────────
    Metric                       Before      After     Change
    xray                        32413.3    32386.8   -26.4180

  Group Totals
  ────────────────────────────────────────────────────────────────
    Group                        Before      After     Change
    adp                        300.1310   300.1310     0.0000
    geometry                    -3241.6    -3246.7    -5.1580
    xray                        32413.3    32386.8   -26.4180
────────────────────────────────────────────────────────────────────
  VDW rebuild: max drift 2.44 Å > threshold 1.00 Å

Building VDW (non-bonded) restraints...
  Symmetry expansion: 35 valid (symop, offset) combos
  Grid: [6, 6, 36], 469/1296 cells occupied, max 338 entries/cell
  Built 32908 VDW restraints, 8915 symmetry contacts

────────────────────────────────────────────────────────────────────
  ADP Refinement
────────────────────────────────────────────────────────────────────

  adp (weight: 0.0200)
  ────────────────────────────────────────────────────────────────
    Metric                       Before      After     Change
    locality                     6030.2     5789.0  -241.1973
    scaler_U                   966.3458   966.3458     0.0000
    scaler_log_scale             2349.4     2349.4     0.0000
    sigd                       660.3387   657.1893    -3.1494
    simu                         5011.8     4959.3   -52.5063

  geometry (weight: 0.2000)
  ────────────────────────────────────────────────────────────────
    Metric                       Before      After     Change
    angle                       -3956.1    -3956.1     0.0000
    bond                        -3108.4    -3108.4     0.0000
    chiral                     -42.1115   -42.1115     0.0000
    nonbonded                   -8641.9    -8641.9     0.0000
    planarity                   -1968.0    -1968.0     0.0000
    torsion                      1483.0     1483.0     0.0000

  other (weight: 1.0000)
  ────────────────────────────────────────────────────────────────
    Metric                       Before      After     Change
    xray                        32386.8    32386.9    +0.0117

  Group Totals
  ────────────────────────────────────────────────────────────────
    Group                        Before      After     Change
    adp                        300.3629   294.4258    -5.9371
    geometry                    -3246.7    -3246.7     0.0000
    xray                        32386.8    32386.9    +0.0117
────────────────────────────────────────────────────────────────────

============================================================
LBFGS Refinement - Cycle 10/10
============================================================
Refining scales with LBFGS...
Scale refinement complete. rwork: 0.3914, rfree: 0.4071

Final Scale Parameters: 
  c_iso: tensor([-2.1549,  0.6640, -0.2793,  0.0961, -0.0735,  0.0106])
  U: tensor([ 0.3946,  0.3362, -0.0273, -0.3261, -0.0349,  0.0532])
  solvent.log_k_solvent: -0.8201497793197632
  solvent.log_ss_half: -3.5593338012695312
  solvent.log_n_exp: 1.9786248207092285
  solvent.phase_offset: -0.4111155867576599
After scaling: Rwork=0.3914, Rfree=0.4071
  VDW rebuild: max drift 2.51 Å > threshold 1.00 Å

Building VDW (non-bonded) restraints...
  Symmetry expansion: 35 valid (symop, offset) combos
  Grid: [6, 6, 36], 469/1296 cells occupied, max 338 entries/cell
  Built 32908 VDW restraints, 8915 symmetry contacts

────────────────────────────────────────────────────────────────────
  XYZ Refinement
────────────────────────────────────────────────────────────────────

  adp (weight: 0.0200)
  ────────────────────────────────────────────────────────────────
    Metric                       Before      After     Change
    locality                     5789.0     5789.0     0.0000
    scaler_U                   879.3823   879.3823     0.0000
    scaler_log_scale             2515.7     2515.7     0.0000
    sigd                       657.1893   657.1893     0.0000
    simu                         4959.3     4959.3     0.0000

  geometry (weight: 0.2000)
  ────────────────────────────────────────────────────────────────
    Metric                       Before      After     Change
    angle                       -3956.1    -3958.8    -2.6240
    bond                        -3108.4    -3110.1    -1.6819
    chiral                     -42.1115   -41.9218    +0.1897
    nonbonded                   -8641.9    -8640.9    +0.9922
    planarity                   -1968.0    -1968.0    -0.0548
    torsion                      1483.0     1483.0    -0.0276

  other (weight: 1.0000)
  ────────────────────────────────────────────────────────────────
    Metric                       Before      After     Change
    xray                        32400.0    32369.5   -30.5293

  Group Totals
  ────────────────────────────────────────────────────────────────
    Group                        Before      After     Change
    adp                        296.0112   296.0112     0.0000
    geometry                    -3246.7    -3247.4    -0.6414
    xray                        32400.0    32369.5   -30.5293
────────────────────────────────────────────────────────────────────
  VDW rebuild: max drift 2.51 Å > threshold 1.00 Å

Building VDW (non-bonded) restraints...
  Symmetry expansion: 35 valid (symop, offset) combos
  Grid: [6, 6, 36], 469/1296 cells occupied, max 338 entries/cell
  Built 32908 VDW restraints, 8915 symmetry contacts

────────────────────────────────────────────────────────────────────
  ADP Refinement
────────────────────────────────────────────────────────────────────

  adp (weight: 0.0200)
  ────────────────────────────────────────────────────────────────
    Metric                       Before      After     Change
    locality                     5796.4     5549.4  -247.0767
    scaler_U                   879.3823   879.3823     0.0000
    scaler_log_scale             2515.7     2515.7     0.0000
    sigd                       657.1893   653.7911    -3.3982
    simu                         4959.3     4820.7  -138.6392

  geometry (weight: 0.2000)
  ────────────────────────────────────────────────────────────────
    Metric                       Before      After     Change
    angle                       -3958.8    -3958.8     0.0000
    bond                        -3110.1    -3110.1     0.0000
    chiral                     -41.9218   -41.9218     0.0000
    nonbonded                   -8640.9    -8640.9     0.0000
    planarity                   -1968.0    -1968.0     0.0000
    torsion                      1483.0     1483.0     0.0000

  other (weight: 1.0000)
  ────────────────────────────────────────────────────────────────
    Metric                       Before      After     Change
    xray                        32369.5    32371.1    +1.6211

  Group Totals
  ────────────────────────────────────────────────────────────────
    Group                        Before      After     Change
    adp                        296.1597   288.3774    -7.7823
    geometry                    -3247.4    -3247.4     0.0000
    xray                        32369.5    32371.1    +1.6211
────────────────────────────────────────────────────────────────────
Calculating initial scale factors using 10 bins.
Refining scales with LBFGS...
Scale refinement complete. rwork: 0.3910, rfree: 0.4126

Final Scale Parameters: 
  c_iso: tensor([-2.1489,  0.6765, -0.2782,  0.0968, -0.0733,  0.0109])
  U: tensor([ 0.4036,  0.3469, -0.0286, -0.3365, -0.0320,  0.0515])
  solvent.log_k_solvent: -0.8171426653862
  solvent.log_ss_half: -3.5684618949890137
  solvent.log_n_exp: 2.0722389221191406
  solvent.phase_offset: -0.41499078273773193

Refinement completed successfully.

Saving results to /das/work/units/LBR-FEL/p17490/Peter/Library/work_trees_torchref/alignement/alignment_lab/benchmarks/af_mr/runs/dmin3.0/6IIW/refine_torchref_mr...
  Refined structure (PDB): /das/work/units/LBR-FEL/p17490/Peter/Library/work_trees_torchref/alignement/alignment_lab/benchmarks/af_mr/runs/dmin3.0/6IIW/refine_torchref_mr/refined.pdb
  Refined structure (mmCIF): /das/work/units/LBR-FEL/p17490/Peter/Library/work_trees_torchref/alignement/alignment_lab/benchmarks/af_mr/runs/dmin3.0/6IIW/refine_torchref_mr/refined.cif
Added map coefficients:
  2Fo-Fc: FWT, PHWT
  Fo-Fc: DELFWT, PHDELWT
  Resolution range: 1.70 - 36.69 Å
✓ Wrote MTZ file: /das/work/units/LBR-FEL/p17490/Peter/Library/work_trees_torchref/alignement/alignment_lab/benchmarks/af_mr/runs/dmin3.0/6IIW/refine_torchref_mr/refined.mtz
  Reflections: 10662
  Columns: H, K, L, F-obs, SIGF-obs, I-obs, SIGI-obs, R-free-flags, FWT, PHWT, DELFWT, PHDELWT, F-model, PH-model
  Refined structure factors: /das/work/units/LBR-FEL/p17490/Peter/Library/work_trees_torchref/alignement/alignment_lab/benchmarks/af_mr/runs/dmin3.0/6IIW/refine_torchref_mr/refined.mtz
  Refinement history: /das/work/units/LBR-FEL/p17490/Peter/Library/work_trees_torchref/alignement/alignment_lab/benchmarks/af_mr/runs/dmin3.0/6IIW/refine_torchref_mr/refinement_history.json

================================================================================
Refinement Summary
================================================================================
R-work:  0.3910 (10458 reflections)
R-free:  0.4126 (200 reflections)
NLL work: 32378.31
NLL test: 629.29
================================================================================

Output files:
  - /das/work/units/LBR-FEL/p17490/Peter/Library/work_trees_torchref/alignement/alignment_lab/benchmarks/af_mr/runs/dmin3.0/6IIW/refine_torchref_mr/refined.pdb
  - /das/work/units/LBR-FEL/p17490/Peter/Library/work_trees_torchref/alignement/alignment_lab/benchmarks/af_mr/runs/dmin3.0/6IIW/refine_torchref_mr/refined.cif
  - /das/work/units/LBR-FEL/p17490/Peter/Library/work_trees_torchref/alignement/alignment_lab/benchmarks/af_mr/runs/dmin3.0/6IIW/refine_torchref_mr/refined.mtz
  - /das/work/units/LBR-FEL/p17490/Peter/Library/work_trees_torchref/alignement/alignment_lab/benchmarks/af_mr/runs/dmin3.0/6IIW/refine_torchref_mr/refinement_history.json

Refinement completed successfully!

Timing: 285.8s wall, 134.5s CPU
