/das/work/units/LBR-FEL/p17490/Peter/Library/work_trees_torchref/alignement/torchref/cli/refine.py:21: UserWarning: TorchRef using user-specified 8 threads from TORCHREF_NUM_THREADS.
  from torchref.cli._common import (
================================================================================
TorchRef LBFGS Refinement
================================================================================
Model:             /das/work/units/LBR-FEL/p17490/Peter/Library/work_trees_torchref/alignement/alignment_lab/benchmarks/af_mr/runs/dmin4.0/3T0Q/torchref_placed.pdb
Structure factor:  /das/work/units/LBR-FEL/p17490/Peter/Library/work_trees_torchref/dev/paper/data/3T0Q/3T0Q.mtz
Output directory:  /das/work/units/LBR-FEL/p17490/Peter/Library/work_trees_torchref/alignement/alignment_lab/benchmarks/af_mr/runs/dmin4.0/3T0Q/refine_torchref_mr
Refinement mode:   separate
X-ray target:      ml
Refinement cycles: 10
Rigid-body step:   on (iterations/cutoff = 30)
Device:            auto
ADP mode:          isotropic
Wavelength:        1 A
Manual weights:    {"adp": 0.02}
================================================================================

Initializing refinement...
found non-finite F values (NaN/Inf):  0
found non-finite F_sigma values (NaN/Inf):  0
Wilson outlier rejection: 0/12799 (0.0000%) of tested reflections flagged (0 too strong, 0 too weak)
Loaded 2343 atoms
Building restraints...
Found 109 link definitions

Building VDW (non-bonded) restraints...
  Symmetry expansion: 11 valid (symop, offset) combos
  Grid: [7, 14, 16], 837/1568 cells occupied, max 84 entries/cell
  Built 37653 VDW restraints, 866 symmetry contacts
  Hydrogen topology: 2322 riding H atoms
  H candidate pairs: 89346 (22407 H-H, 66939 H-heavy, 1764 symmetry)
================================================================================
Restraints Summary
================================================================================
CIF file: None
Residue types in dictionary: 20

INTRA-RESIDUE RESTRAINTS:
--------------------------------------------------------------------------------
  Bonds: 2100
  Angles: 2352
  Torsions: 615
  Planes: 462
  Chirals: 360

INTER-RESIDUE RESTRAINTS:
--------------------------------------------------------------------------------
  Peptide bonds: 283
  Peptide angles: 858
  Disulfide bonds: 0
  Disulfide angles: 0
  Disulfide torsions: 0
  LINK bonds: 0

BACKBONE TORSIONS:
--------------------------------------------------------------------------------
  Phi: 283
  Psi: 283
  Omega: 283
  Ramachandran: 276

VDW RESTRAINTS:
--------------------------------------------------------------------------------
  Non-bonded contacts: 37653 (36787 intra-ASU, 866 symmetry)
================================================================================
Generated 2322 hydrogens
ADP representation: isotropic, 4665 parameters, 3.4 work reflections each
Initialized ScalerBase with 10 bins.
Building restraints...

Building VDW (non-bonded) restraints...
  Symmetry expansion: 11 valid (symop, offset) combos
  Grid: [7, 14, 16], 907/1568 cells occupied, max 148 entries/cell
  Built 157641 VDW restraints, 3822 symmetry contacts
================================================================================
Restraints Summary
================================================================================
CIF file: None
Residue types in dictionary: 20

INTRA-RESIDUE RESTRAINTS:
--------------------------------------------------------------------------------
  Bonds: 4422
  Angles: 7314
  Torsions: 936
  Planes: 803
  Chirals: 360

INTER-RESIDUE RESTRAINTS:
--------------------------------------------------------------------------------
  Peptide bonds: 283
  Peptide angles: 1132
  Disulfide bonds: 0
  Disulfide angles: 0
  Disulfide torsions: 0
  LINK bonds: 0

BACKBONE TORSIONS:
--------------------------------------------------------------------------------
  Phi: 283
  Psi: 283
  Omega: 283
  Ramachandran: 276

VDW RESTRAINTS:
--------------------------------------------------------------------------------
  Non-bonded contacts: 157641 (153819 intra-ASU, 3822 symmetry)
================================================================================
Initializing TotalGeometryTarget with component targets...
Initializing TotalADPTarget with component targets: simu, locality, sigd
Parametrization built for 5 unique atom types
SfFFT: Using late symmetry (reciprocal space)
Calculating initial scale factors using 10 bins.
Refining scales with LBFGS...
Scale refinement complete. rwork: 0.4838, rfree: 0.4925

Final Scale Parameters: 
  c_iso: tensor([-1.9143,  1.2014, -0.0367,  0.1996, -0.1339,  0.1403])
  U: tensor([ 0.7995,  0.5131,  0.5131, -0.0378, -0.0647,  0.0423])
  solvent.log_k_solvent: -0.9961385130882263
  solvent.log_ss_half: -4.101419925689697
  solvent.log_n_exp: 1.858232021331787
  solvent.phase_offset: -0.028593845665454865
Initialized targets with xray_mode='ml'
Applied manual group weights: {'xray': 1.0, 'geometry': 0.2, 'geometry/ramachandran': 0.0, 'adp': 0.02, 'adp/sigd': 1.0, 'adp/node_load': 10.0, 'adp/node_smoothness': 0.0}
Refinement initialized successfully.

Starting refinement with 10 macro cycles...

Rigid-body step enabled: one multi-resolution rigid-body pass will run once at the start of refinement.


--- Rigid-body step (once, at start) ---
Switched to rigid-body parametrization: RigidXYZTensor(n_atoms=4665, n_chains=1) (1 chain(s))
Filtering: 977/16036 reflections in range [inf - 6.0] Å (977 valid after all masks)
  Note: Adjusted bins from 10 to 9 (min 100 refl/bin)
Initialized ScalerBase with 9 bins.
Calculating initial scale factors using 9 bins.
Calculating initial scale factors using 9 bins.
Refining scales with LBFGS...
Scale refinement complete. rwork: 0.4352, rfree: 0.3232

Final Scale Parameters: 
  c_iso: tensor([-7.8679, -4.4398,  5.3177, 10.9464,  7.2157,  2.6392])
  U: tensor([ 0.7973,  0.4004,  1.8478,  0.0282, -0.5618, -0.4202])
  solvent.log_k_solvent: -0.9791292548179626
  solvent.log_ss_half: -3.1222167015075684
  solvent.log_n_exp: 2.503359794616699
  solvent.phase_offset: -0.05511186271905899
  rigid-body d_min=6.00 (lbfgs, iters=30): Rwork=0.4333 Rfree=0.3839
Filtering: 3938/16036 reflections in range [inf - 3.748419046932975] Å (3938 valid after all masks)
Initialized ScalerBase with 10 bins.
Calculating initial scale factors using 10 bins.
Calculating initial scale factors using 10 bins.
Refining scales with LBFGS...
Scale refinement complete. rwork: 0.4336, rfree: 0.4249

Final Scale Parameters: 
  c_iso: tensor([-2.2845,  0.7180, -0.6351,  0.0334, -0.2554,  0.2019])
  U: tensor([ 0.9911,  0.5821,  0.5669, -0.0767, -0.1329,  0.1049])
  solvent.log_k_solvent: -1.033324122428894
  solvent.log_ss_half: -4.181697845458984
  solvent.log_n_exp: 2.022289752960205
  solvent.phase_offset: -0.0362163707613945
  rigid-body d_min=3.75 (lbfgs, iters=30): Rwork=0.4338 Rfree=0.4305
Filtering: 16036/16036 reflections in range [inf - 2.3417742252349854] Å (16036 valid after all masks)
Initialized ScalerBase with 10 bins.
Calculating initial scale factors using 10 bins.
Calculating initial scale factors using 10 bins.
Refining scales with LBFGS...
Scale refinement complete. rwork: 0.4679, rfree: 0.4669

Final Scale Parameters: 
  c_iso: tensor([-2.0065,  1.0247, -0.0407,  0.1822, -0.1187,  0.1399])
  U: tensor([ 0.7246,  0.4124,  0.4155, -0.0435, -0.0578,  0.0564])
  solvent.log_k_solvent: -0.9749082922935486
  solvent.log_ss_half: -4.071041584014893
  solvent.log_n_exp: 1.6970186233520508
  solvent.phase_offset: -0.039246171712875366
  rigid-body d_min=2.34 (lbfgs, iters=30): Rwork=0.4763 Rfree=0.4750
Initialized ScalerBase with 10 bins.
Calculating initial scale factors using 10 bins.
Calculating initial scale factors using 10 bins.
Refining scales with LBFGS...
Scale refinement complete. rwork: 0.4662, rfree: 0.4634

Final Scale Parameters: 
  c_iso: tensor([-1.9642,  1.0880, -0.0328,  0.1850, -0.1229,  0.1361])
  U: tensor([ 0.7574,  0.4420,  0.4498, -0.0392, -0.0603,  0.0543])
  solvent.log_k_solvent: -0.9807143807411194
  solvent.log_ss_half: -4.05999231338501
  solvent.log_n_exp: 1.6701494455337524
  solvent.phase_offset: -0.03194079175591469
Initialized ScalerBase with 10 bins.
Calculating initial scale factors using 10 bins.
Calculating initial scale factors using 10 bins.
Refining scales with LBFGS...
Scale refinement complete. rwork: 0.4662, rfree: 0.4633

Final Scale Parameters: 
  c_iso: tensor([-1.9486,  1.1163, -0.0318,  0.1884, -0.1245,  0.1370])
  U: tensor([ 0.7708,  0.4550,  0.4630, -0.0392, -0.0607,  0.0542])
  solvent.log_k_solvent: -0.9831641912460327
  solvent.log_ss_half: -4.065307140350342
  solvent.log_n_exp: 1.642214059829712
  solvent.phase_offset: -0.032421376556158066

============================================================
LBFGS Refinement - Cycle 1/10
============================================================
Refining scales with LBFGS...
Scale refinement complete. rwork: 0.4662, rfree: 0.4633

Final Scale Parameters: 
  c_iso: tensor([-1.9396,  1.1292, -0.0298,  0.1890, -0.1248,  0.1372])
  U: tensor([ 0.7773,  0.4617,  0.4696, -0.0391, -0.0606,  0.0542])
  solvent.log_k_solvent: -0.9844014644622803
  solvent.log_ss_half: -4.067955017089844
  solvent.log_n_exp: 1.6386222839355469
  solvent.phase_offset: -0.03226454183459282
After scaling: Rwork=0.4662, Rfree=0.4633
  VDW rebuild: max drift 1.52 Å > threshold 1.00 Å

Building VDW (non-bonded) restraints...
  Symmetry expansion: 11 valid (symop, offset) combos
  Grid: [7, 14, 16], 907/1568 cells occupied, max 148 entries/cell
  Built 157641 VDW restraints, 3822 symmetry contacts

────────────────────────────────────────────────────────────────────
  XYZ Refinement
────────────────────────────────────────────────────────────────────

  adp (weight: 0.0200)
  ────────────────────────────────────────────────────────────────
    Metric                       Before      After     Change
    locality                     3670.4     3670.4     0.0000
    scaler_U                     7803.1     7803.1     0.0000
    scaler_log_scale           139768.5   139768.5     0.0000
    sigd                         3003.7     3003.7     0.0000
    simu                         8250.3     8250.3     0.0000

  geometry (weight: 0.2000)
  ────────────────────────────────────────────────────────────────
    Metric                       Before      After     Change
    angle                      -18845.2   -20732.1    -1886.9
    bond                       -14300.8   -15731.2    -1430.4
    chiral                    -194.6640  -230.5551   -35.8911
    nonbonded                  -35322.8   -41318.7    -5995.9
    planarity                   -9522.4    -9802.3  -279.8887
    torsion                      8297.1     8262.3   -34.8076

  other (weight: 1.0000)
  ────────────────────────────────────────────────────────────────
    Metric                       Before      After     Change
    xray                        54270.6    53904.5  -366.0938

  Group Totals
  ────────────────────────────────────────────────────────────────
    Group                        Before      After     Change
    adp                          3249.9     3249.9     0.0000
    geometry                   -13977.8   -15910.5    -1932.8
    xray                        54270.6    53904.5  -366.0938
────────────────────────────────────────────────────────────────────
  VDW rebuild: max drift 1.52 Å > threshold 1.00 Å

Building VDW (non-bonded) restraints...
  Symmetry expansion: 11 valid (symop, offset) combos
  Grid: [7, 14, 16], 907/1568 cells occupied, max 148 entries/cell
  Built 157641 VDW restraints, 3822 symmetry contacts

────────────────────────────────────────────────────────────────────
  ADP Refinement
────────────────────────────────────────────────────────────────────

  adp (weight: 0.0200)
  ────────────────────────────────────────────────────────────────
    Metric                       Before      After     Change
    locality                     3652.9    10306.1    +6653.2
    scaler_U                     7803.1     7803.1     0.0000
    scaler_log_scale           139768.5   139768.5     0.0000
    sigd                         3003.7     3396.1  +392.4373
    simu                         8250.3    11536.8    +3286.5

  geometry (weight: 0.2000)
  ────────────────────────────────────────────────────────────────
    Metric                       Before      After     Change
    angle                      -20732.1   -20732.1     0.0000
    bond                       -15731.2   -15731.2     0.0000
    chiral                    -230.5551  -230.5551     0.0000
    nonbonded                  -41318.7   -41318.7     0.0000
    planarity                   -9802.3    -9802.3     0.0000
    torsion                      8262.3     8262.3     0.0000

  other (weight: 1.0000)
  ────────────────────────────────────────────────────────────────
    Metric                       Before      After     Change
    xray                        53904.5    52976.4  -928.0625

  Group Totals
  ────────────────────────────────────────────────────────────────
    Group                        Before      After     Change
    adp                          3249.6     3456.2  +206.6427
    geometry                   -15910.5   -15910.5     0.0000
    xray                        53904.5    52976.4  -928.0625
────────────────────────────────────────────────────────────────────

============================================================
LBFGS Refinement - Cycle 2/10
============================================================
Refining scales with LBFGS...
Scale refinement complete. rwork: 0.4208, rfree: 0.4393

Final Scale Parameters: 
  c_iso: tensor([-2.1165,  0.8767, -0.0978,  0.1596, -0.1151,  0.1461])
  U: tensor([ 0.6489,  0.3573,  0.3360, -0.0435, -0.0516,  0.0397])
  solvent.log_k_solvent: -0.9790990948677063
  solvent.log_ss_half: -4.078910827636719
  solvent.log_n_exp: 1.6503313779830933
  solvent.phase_offset: -0.03824877738952637
After scaling: Rwork=0.4208, Rfree=0.4393
  VDW rebuild: max drift 1.67 Å > threshold 1.00 Å

Building VDW (non-bonded) restraints...
  Symmetry expansion: 11 valid (symop, offset) combos
  Grid: [7, 14, 16], 907/1568 cells occupied, max 148 entries/cell
  Built 157641 VDW restraints, 3822 symmetry contacts

────────────────────────────────────────────────────────────────────
  XYZ Refinement
────────────────────────────────────────────────────────────────────

  adp (weight: 0.0200)
  ────────────────────────────────────────────────────────────────
    Metric                       Before      After     Change
    locality                    10306.1    10306.1     0.0000
    scaler_U                     4814.5     4814.5     0.0000
    scaler_log_scale            64821.1    64821.1     0.0000
    sigd                         3396.1     3396.1     0.0000
    simu                        11536.8    11536.8     0.0000

  geometry (weight: 0.2000)
  ────────────────────────────────────────────────────────────────
    Metric                       Before      After     Change
    angle                      -20732.1   -20857.8  -125.6953
    bond                       -15731.2   -15729.3    +1.9189
    chiral                    -230.5551  -230.1653    +0.3898
    nonbonded                  -41318.7   -41350.1   -31.4297
    planarity                   -9802.3    -9791.3   +11.0557
    torsion                      8262.3     8288.0   +25.7305

  other (weight: 1.0000)
  ────────────────────────────────────────────────────────────────
    Metric                       Before      After     Change
    xray                        53008.2    52304.5  -703.7305

  Group Totals
  ────────────────────────────────────────────────────────────────
    Group                        Before      After     Change
    adp                          1897.5     1897.5     0.0000
    geometry                   -15910.5   -15934.1   -23.6064
    xray                        53008.2    52304.5  -703.7305
────────────────────────────────────────────────────────────────────
  VDW rebuild: max drift 1.67 Å > threshold 1.00 Å

Building VDW (non-bonded) restraints...
  Symmetry expansion: 11 valid (symop, offset) combos
  Grid: [7, 14, 16], 907/1568 cells occupied, max 148 entries/cell
  Built 157641 VDW restraints, 3822 symmetry contacts

────────────────────────────────────────────────────────────────────
  ADP Refinement
────────────────────────────────────────────────────────────────────

  adp (weight: 0.0200)
  ────────────────────────────────────────────────────────────────
    Metric                       Before      After     Change
    locality                    10327.6    14866.4    +4538.8
    scaler_U                     4814.5     4814.5     0.0000
    scaler_log_scale            64821.1    64821.1     0.0000
    sigd                         3396.1     3594.8  +198.7009
    simu                        11536.8    13457.7    +1920.9

  geometry (weight: 0.2000)
  ────────────────────────────────────────────────────────────────
    Metric                       Before      After     Change
    angle                      -20857.8   -20857.8     0.0000
    bond                       -15729.3   -15729.3     0.0000
    chiral                    -230.1653  -230.1653     0.0000
    nonbonded                  -41350.1   -41350.1     0.0000
    planarity                   -9791.3    -9791.3     0.0000
    torsion                      8288.0     8288.0     0.0000

  other (weight: 1.0000)
  ────────────────────────────────────────────────────────────────
    Metric                       Before      After     Change
    xray                        52304.5    52063.7  -240.8125

  Group Totals
  ────────────────────────────────────────────────────────────────
    Group                        Before      After     Change
    adp                          1897.9     2031.1  +133.1666
    geometry                   -15934.1   -15934.1     0.0000
    xray                        52304.5    52063.7  -240.8125
────────────────────────────────────────────────────────────────────

============================================================
LBFGS Refinement - Cycle 3/10
============================================================
Refining scales with LBFGS...
Scale refinement complete. rwork: 0.3922, rfree: 0.4154

Final Scale Parameters: 
  c_iso: tensor([-2.2931,  0.5818, -0.1416,  0.1351, -0.1076,  0.1460])
  U: tensor([ 0.4955,  0.2205,  0.1909, -0.0368, -0.0455,  0.0318])
  solvent.log_k_solvent: -0.9611499309539795
  solvent.log_ss_half: -4.0317511558532715
  solvent.log_n_exp: 1.6655700206756592
  solvent.phase_offset: -0.03262612223625183
After scaling: Rwork=0.3922, Rfree=0.4154
  VDW rebuild: max drift 1.98 Å > threshold 1.00 Å

Building VDW (non-bonded) restraints...
  Symmetry expansion: 11 valid (symop, offset) combos
  Grid: [7, 14, 16], 907/1568 cells occupied, max 148 entries/cell
  Built 157641 VDW restraints, 3822 symmetry contacts

────────────────────────────────────────────────────────────────────
  XYZ Refinement
────────────────────────────────────────────────────────────────────

  adp (weight: 0.0200)
  ────────────────────────────────────────────────────────────────
    Metric                       Before      After     Change
    locality                    14866.4    14866.4     0.0000
    scaler_U                     2197.8     2197.8     0.0000
    scaler_log_scale            17850.9    17850.9     0.0000
    sigd                         3594.8     3594.8     0.0000
    simu                        13457.7    13457.7     0.0000

  geometry (weight: 0.2000)
  ────────────────────────────────────────────────────────────────
    Metric                       Before      After     Change
    angle                      -20857.8   -20923.7   -65.9121
    bond                       -15729.3   -15774.1   -44.7637
    chiral                    -230.1653  -230.8045    -0.6392
    nonbonded                  -41350.1   -41379.5   -29.4023
    planarity                   -9791.3    -9822.7   -31.4521
    torsion                      8288.0     8293.5    +5.4883

  other (weight: 1.0000)
  ────────────────────────────────────────────────────────────────
    Metric                       Before      After     Change
    xray                        52077.4    51664.2  -413.2578

  Group Totals
  ────────────────────────────────────────────────────────────────
    Group                        Before      After     Change
    adp                          1039.4     1039.4     0.0000
    geometry                   -15934.1   -15967.5   -33.3365
    xray                        52077.4    51664.2  -413.2578
────────────────────────────────────────────────────────────────────
  VDW rebuild: max drift 1.98 Å > threshold 1.00 Å

Building VDW (non-bonded) restraints...
  Symmetry expansion: 11 valid (symop, offset) combos
  Grid: [7, 14, 16], 907/1568 cells occupied, max 148 entries/cell
  Built 157641 VDW restraints, 3822 symmetry contacts

────────────────────────────────────────────────────────────────────
  ADP Refinement
────────────────────────────────────────────────────────────────────

  adp (weight: 0.0200)
  ────────────────────────────────────────────────────────────────
    Metric                       Before      After     Change
    locality                    14849.2    17184.2    +2335.0
    scaler_U                     2197.8     2197.8     0.0000
    scaler_log_scale            17850.9    17850.9     0.0000
    sigd                         3594.8     3657.9   +63.0676
    simu                        13457.7    14409.7  +952.0156

  geometry (weight: 0.2000)
  ────────────────────────────────────────────────────────────────
    Metric                       Before      After     Change
    angle                      -20923.7   -20923.7     0.0000
    bond                       -15774.1   -15774.1     0.0000
    chiral                    -230.8045  -230.8045     0.0000
    nonbonded                  -41379.5   -41379.5     0.0000
    planarity                   -9822.7    -9822.7     0.0000
    torsion                      8293.5     8293.5     0.0000

  other (weight: 1.0000)
  ────────────────────────────────────────────────────────────────
    Metric                       Before      After     Change
    xray                        51664.2    51562.1  -102.0508

  Group Totals
  ────────────────────────────────────────────────────────────────
    Group                        Before      After     Change
    adp                          1039.0     1106.0   +67.0013
    geometry                   -15967.5   -15967.5     0.0000
    xray                        51664.2    51562.1  -102.0508
────────────────────────────────────────────────────────────────────

============================================================
LBFGS Refinement - Cycle 4/10
============================================================
Refining scales with LBFGS...
Scale refinement complete. rwork: 0.3765, rfree: 0.3997

Final Scale Parameters: 
  c_iso: tensor([-2.3151,  0.5982, -0.1688,  0.1486, -0.1179,  0.1548])
  U: tensor([ 0.4841,  0.2134,  0.1793, -0.0356, -0.0396,  0.0307])
  solvent.log_k_solvent: -0.9686372876167297
  solvent.log_ss_half: -4.032671928405762
  solvent.log_n_exp: 1.66494882106781
  solvent.phase_offset: -0.04000226408243179
After scaling: Rwork=0.3765, Rfree=0.3997
  VDW rebuild: max drift 2.13 Å > threshold 1.00 Å

Building VDW (non-bonded) restraints...
  Symmetry expansion: 11 valid (symop, offset) combos
  Grid: [7, 14, 16], 907/1568 cells occupied, max 148 entries/cell
  Built 157641 VDW restraints, 3822 symmetry contacts

────────────────────────────────────────────────────────────────────
  XYZ Refinement
────────────────────────────────────────────────────────────────────

  adp (weight: 0.0200)
  ────────────────────────────────────────────────────────────────
    Metric                       Before      After     Change
    locality                    17184.2    17184.2     0.0000
    scaler_U                     2054.6     2054.6     0.0000
    scaler_log_scale            16309.6    16309.6     0.0000
    sigd                         3657.9     3657.9     0.0000
    simu                        14409.7    14409.7     0.0000

  geometry (weight: 0.2000)
  ────────────────────────────────────────────────────────────────
    Metric                       Before      After     Change
    angle                      -20923.7   -20890.2   +33.4961
    bond                       -15774.1   -15740.8   +33.2520
    chiral                    -230.8045  -231.2245    -0.4200
    nonbonded                  -41379.5   -41366.3   +13.1992
    planarity                   -9822.7    -9810.2   +12.4805
    torsion                      8293.5     8297.1    +3.6201

  other (weight: 1.0000)
  ────────────────────────────────────────────────────────────────
    Metric                       Before      After     Change
    xray                        51572.2    51202.4  -369.8125

  Group Totals
  ────────────────────────────────────────────────────────────────
    Group                        Before      After     Change
    adp                          1072.3     1072.3     0.0000
    geometry                   -15967.5   -15948.3   +19.1254
    xray                        51572.2    51202.4  -369.8125
────────────────────────────────────────────────────────────────────
  VDW rebuild: max drift 2.13 Å > threshold 1.00 Å

Building VDW (non-bonded) restraints...
  Symmetry expansion: 11 valid (symop, offset) combos
  Grid: [7, 14, 16], 907/1568 cells occupied, max 148 entries/cell
  Built 157641 VDW restraints, 3822 symmetry contacts

────────────────────────────────────────────────────────────────────
  ADP Refinement
────────────────────────────────────────────────────────────────────

  adp (weight: 0.0200)
  ────────────────────────────────────────────────────────────────
    Metric                       Before      After     Change
    locality                    17166.7    18026.2  +859.4980
    scaler_U                     2054.6     2054.6     0.0000
    scaler_log_scale            16309.6    16309.6     0.0000
    sigd                         3657.9     3666.0    +8.1304
    simu                        14409.7    14828.8  +419.1719

  geometry (weight: 0.2000)
  ────────────────────────────────────────────────────────────────
    Metric                       Before      After     Change
    angle                      -20890.2   -20890.2     0.0000
    bond                       -15740.8   -15740.8     0.0000
    chiral                    -231.2245  -231.2245     0.0000
    nonbonded                  -41366.3   -41366.3     0.0000
    planarity                   -9810.2    -9810.2     0.0000
    torsion                      8297.1     8297.1     0.0000

  other (weight: 1.0000)
  ────────────────────────────────────────────────────────────────
    Metric                       Before      After     Change
    xray                        51202.4    51166.8   -35.6133

  Group Totals
  ────────────────────────────────────────────────────────────────
    Group                        Before      After     Change
    adp                          1072.0     1097.7   +25.7360
    geometry                   -15948.3   -15948.3     0.0000
    xray                        51202.4    51166.8   -35.6133
────────────────────────────────────────────────────────────────────

============================================================
LBFGS Refinement - Cycle 5/10
============================================================
Refining scales with LBFGS...
Scale refinement complete. rwork: 0.3649, rfree: 0.3889

Final Scale Parameters: 
  c_iso: tensor([-2.2305,  0.7799, -0.1812,  0.1822, -0.1349,  0.1663])
  U: tensor([ 0.5594,  0.2897,  0.2563, -0.0367, -0.0397,  0.0321])
  solvent.log_k_solvent: -0.9888108968734741
  solvent.log_ss_half: -4.046145915985107
  solvent.log_n_exp: 1.5941252708435059
  solvent.phase_offset: -0.052259474992752075
After scaling: Rwork=0.3649, Rfree=0.3889
  VDW rebuild: max drift 2.20 Å > threshold 1.00 Å

Building VDW (non-bonded) restraints...
  Symmetry expansion: 11 valid (symop, offset) combos
  Grid: [7, 14, 16], 907/1568 cells occupied, max 148 entries/cell
  Built 157641 VDW restraints, 3822 symmetry contacts

────────────────────────────────────────────────────────────────────
  XYZ Refinement
────────────────────────────────────────────────────────────────────

  adp (weight: 0.0200)
  ────────────────────────────────────────────────────────────────
    Metric                       Before      After     Change
    locality                    18026.2    18026.2     0.0000
    scaler_U                     3265.3     3265.3     0.0000
    scaler_log_scale            34322.4    34322.4     0.0000
    sigd                         3666.0     3666.0     0.0000
    simu                        14828.8    14828.8     0.0000

  geometry (weight: 0.2000)
  ────────────────────────────────────────────────────────────────
    Metric                       Before      After     Change
    angle                      -20890.2   -20979.4   -89.2031
    bond                       -15740.8   -15776.5   -35.6172
    chiral                    -231.2245  -232.0233    -0.7989
    nonbonded                  -41366.3   -41355.0   +11.3555
    planarity                   -9810.2    -9844.2   -33.9805
    torsion                      8297.1     8299.1    +1.9873

  other (weight: 1.0000)
  ────────────────────────────────────────────────────────────────
    Metric                       Before      After     Change
    xray                        51185.5    50956.8  -228.6562

  Group Totals
  ────────────────────────────────────────────────────────────────
    Group                        Before      After     Change
    adp                          1482.2     1482.2     0.0000
    geometry                   -15948.3   -15977.6   -29.2511
    xray                        51185.5    50956.8  -228.6562
────────────────────────────────────────────────────────────────────
  VDW rebuild: max drift 2.20 Å > threshold 1.00 Å

Building VDW (non-bonded) restraints...
  Symmetry expansion: 11 valid (symop, offset) combos
  Grid: [7, 14, 16], 907/1568 cells occupied, max 148 entries/cell
  Built 157641 VDW restraints, 3822 symmetry contacts

────────────────────────────────────────────────────────────────────
  ADP Refinement
────────────────────────────────────────────────────────────────────

  adp (weight: 0.0200)
  ────────────────────────────────────────────────────────────────
    Metric                       Before      After     Change
    locality                    18031.7    18324.3  +292.6211
    scaler_U                     3265.3     3265.3     0.0000
    scaler_log_scale            34322.4    34322.4     0.0000
    sigd                         3666.0     3662.7    -3.2871
    simu                        14828.8    14817.6   -11.2393

  geometry (weight: 0.2000)
  ────────────────────────────────────────────────────────────────
    Metric                       Before      After     Change
    angle                      -20979.4   -20979.4     0.0000
    bond                       -15776.5   -15776.5     0.0000
    chiral                    -232.0233  -232.0233     0.0000
    nonbonded                  -41355.0   -41355.0     0.0000
    planarity                   -9844.2    -9844.2     0.0000
    torsion                      8299.1     8299.1     0.0000

  other (weight: 1.0000)
  ────────────────────────────────────────────────────────────────
    Metric                       Before      After     Change
    xray                        50956.8    50935.3   -21.5391

  Group Totals
  ────────────────────────────────────────────────────────────────
    Group                        Before      After     Change
    adp                          1482.3     1487.8    +5.5619
    geometry                   -15977.6   -15977.6     0.0000
    xray                        50956.8    50935.3   -21.5391
────────────────────────────────────────────────────────────────────

============================================================
LBFGS Refinement - Cycle 6/10
============================================================
Refining scales with LBFGS...
Scale refinement complete. rwork: 0.3574, rfree: 0.3827

Final Scale Parameters: 
  c_iso: tensor([-2.2258,  0.7819, -0.1770,  0.1803, -0.1340,  0.1682])
  U: tensor([ 0.5623,  0.2918,  0.2566, -0.0384, -0.0377,  0.0348])
  solvent.log_k_solvent: -0.9883037209510803
  solvent.log_ss_half: -4.049992084503174
  solvent.log_n_exp: 1.606093168258667
  solvent.phase_offset: -0.053441762924194336
After scaling: Rwork=0.3574, Rfree=0.3827
  VDW rebuild: max drift 2.24 Å > threshold 1.00 Å

Building VDW (non-bonded) restraints...
  Symmetry expansion: 11 valid (symop, offset) combos
  Grid: [7, 14, 16], 907/1568 cells occupied, max 148 entries/cell
  Built 157641 VDW restraints, 3822 symmetry contacts

────────────────────────────────────────────────────────────────────
  XYZ Refinement
────────────────────────────────────────────────────────────────────

  adp (weight: 0.0200)
  ────────────────────────────────────────────────────────────────
    Metric                       Before      After     Change
    locality                    18324.3    18324.3     0.0000
    scaler_U                     3297.2     3297.2     0.0000
    scaler_log_scale            35108.4    35108.4     0.0000
    sigd                         3662.7     3662.7     0.0000
    simu                        14817.6    14817.6     0.0000

  geometry (weight: 0.2000)
  ────────────────────────────────────────────────────────────────
    Metric                       Before      After     Change
    angle                      -20979.4   -20897.8   +81.6172
    bond                       -15776.5   -15720.6   +55.8750
    chiral                    -232.0233  -231.4286    +0.5947
    nonbonded                  -41355.0   -41329.5   +25.4180
    planarity                   -9844.2    -9822.7   +21.5264
    torsion                      8299.1     8301.0    +1.9365

  other (weight: 1.0000)
  ────────────────────────────────────────────────────────────────
    Metric                       Before      After     Change
    xray                        50939.6    50664.5  -275.1133

  Group Totals
  ────────────────────────────────────────────────────────────────
    Group                        Before      After     Change
    adp                          1504.2     1504.2     0.0000
    geometry                   -15977.6   -15940.2   +37.3943
    xray                        50939.6    50664.5  -275.1133
────────────────────────────────────────────────────────────────────
  VDW rebuild: max drift 2.24 Å > threshold 1.00 Å

Building VDW (non-bonded) restraints...
  Symmetry expansion: 11 valid (symop, offset) combos
  Grid: [7, 14, 16], 907/1568 cells occupied, max 148 entries/cell
  Built 157641 VDW restraints, 3822 symmetry contacts

────────────────────────────────────────────────────────────────────
  ADP Refinement
────────────────────────────────────────────────────────────────────

  adp (weight: 0.0200)
  ────────────────────────────────────────────────────────────────
    Metric                       Before      After     Change
    locality                    18295.1    18687.2  +392.0508
    scaler_U                     3297.2     3297.2     0.0000
    scaler_log_scale            35108.4    35108.4     0.0000
    sigd                         3662.7     3658.6    -4.1060
    simu                        14817.6    14898.9   +81.3086

  geometry (weight: 0.2000)
  ────────────────────────────────────────────────────────────────
    Metric                       Before      After     Change
    angle                      -20897.8   -20897.8     0.0000
    bond                       -15720.6   -15720.6     0.0000
    chiral                    -231.4286  -231.4286     0.0000
    nonbonded                  -41329.5   -41329.5     0.0000
    planarity                   -9822.7    -9822.7     0.0000
    torsion                      8301.0     8301.0     0.0000

  other (weight: 1.0000)
  ────────────────────────────────────────────────────────────────
    Metric                       Before      After     Change
    xray                        50664.5    50653.8   -10.6406

  Group Totals
  ────────────────────────────────────────────────────────────────
    Group                        Before      After     Change
    adp                          1503.6     1513.0    +9.3850
    geometry                   -15940.2   -15940.2     0.0000
    xray                        50664.5    50653.8   -10.6406
────────────────────────────────────────────────────────────────────

============================================================
LBFGS Refinement - Cycle 7/10
============================================================
Refining scales with LBFGS...
Scale refinement complete. rwork: 0.3486, rfree: 0.3755

Final Scale Parameters: 
  c_iso: tensor([-2.1440,  0.9790, -0.1946,  0.2187, -0.1531,  0.1783])
  U: tensor([ 0.6414,  0.3720,  0.3354, -0.0385, -0.0355,  0.0380])
  solvent.log_k_solvent: -1.018934965133667
  solvent.log_ss_half: -4.063041687011719
  solvent.log_n_exp: 1.589428186416626
  solvent.phase_offset: -0.05920518934726715
After scaling: Rwork=0.3486, Rfree=0.3755
  VDW rebuild: max drift 2.30 Å > threshold 1.00 Å

Building VDW (non-bonded) restraints...
  Symmetry expansion: 11 valid (symop, offset) combos
  Grid: [7, 14, 16], 907/1568 cells occupied, max 148 entries/cell
  Built 157641 VDW restraints, 3822 symmetry contacts

────────────────────────────────────────────────────────────────────
  XYZ Refinement
────────────────────────────────────────────────────────────────────

  adp (weight: 0.0200)
  ────────────────────────────────────────────────────────────────
    Metric                       Before      After     Change
    locality                    18687.2    18687.2     0.0000
    scaler_U                     4862.1     4862.1     0.0000
    scaler_log_scale            61665.3    61665.3     0.0000
    sigd                         3658.6     3658.6     0.0000
    simu                        14898.9    14898.9     0.0000

  geometry (weight: 0.2000)
  ────────────────────────────────────────────────────────────────
    Metric                       Before      After     Change
    angle                      -20897.8   -21000.0  -102.2441
    bond                       -15720.6   -15789.3   -68.7402
    chiral                    -231.4286  -232.3085    -0.8798
    nonbonded                  -41329.5   -41322.6    +6.9062
    planarity                   -9822.7    -9855.7   -33.0107
    torsion                      8301.0     8306.4    +5.3643

  other (weight: 1.0000)
  ────────────────────────────────────────────────────────────────
    Metric                       Before      After     Change
    xray                        50670.1    50506.0  -164.0938

  Group Totals
  ────────────────────────────────────────────────────────────────
    Group                        Before      After     Change
    adp                          2075.4     2075.4     0.0000
    geometry                   -15940.2   -15978.7   -38.5217
    xray                        50670.1    50506.0  -164.0938
────────────────────────────────────────────────────────────────────
  VDW rebuild: max drift 2.30 Å > threshold 1.00 Å

Building VDW (non-bonded) restraints...
  Symmetry expansion: 11 valid (symop, offset) combos
  Grid: [7, 14, 16], 907/1568 cells occupied, max 148 entries/cell
  Built 157641 VDW restraints, 3822 symmetry contacts

────────────────────────────────────────────────────────────────────
  ADP Refinement
────────────────────────────────────────────────────────────────────

  adp (weight: 0.0200)
  ────────────────────────────────────────────────────────────────
    Metric                       Before      After     Change
    locality                    18687.1    19035.4  +348.3066
    scaler_U                     4862.1     4862.1     0.0000
    scaler_log_scale            61665.3    61665.3     0.0000
    sigd                         3658.6     3662.5    +3.8594
    simu                        14898.9    14943.8   +44.9180

  geometry (weight: 0.2000)
  ────────────────────────────────────────────────────────────────
    Metric                       Before      After     Change
    angle                      -21000.0   -21000.0     0.0000
    bond                       -15789.3   -15789.3     0.0000
    chiral                    -232.3085  -232.3085     0.0000
    nonbonded                  -41322.6   -41322.6     0.0000
    planarity                   -9855.7    -9855.7     0.0000
    torsion                      8306.4     8306.4     0.0000

  other (weight: 1.0000)
  ────────────────────────────────────────────────────────────────
    Metric                       Before      After     Change
    xray                        50506.0    50487.4   -18.5625

  Group Totals
  ────────────────────────────────────────────────────────────────
    Group                        Before      After     Change
    adp                          2075.4     2083.4    +7.9417
    geometry                   -15978.7   -15978.7     0.0000
    xray                        50506.0    50487.4   -18.5625
────────────────────────────────────────────────────────────────────

============================================================
LBFGS Refinement - Cycle 8/10
============================================================
Refining scales with LBFGS...
Scale refinement complete. rwork: 0.3443, rfree: 0.3719

Final Scale Parameters: 
  c_iso: tensor([-2.1469,  1.0024, -0.2052,  0.2288, -0.1592,  0.1834])
  U: tensor([ 0.6467,  0.3765,  0.3392, -0.0391, -0.0329,  0.0402])
  solvent.log_k_solvent: -1.02615225315094
  solvent.log_ss_half: -4.062187194824219
  solvent.log_n_exp: 1.6031802892684937
  solvent.phase_offset: -0.06532096862792969
After scaling: Rwork=0.3443, Rfree=0.3719
  VDW rebuild: max drift 2.38 Å > threshold 1.00 Å

Building VDW (non-bonded) restraints...
  Symmetry expansion: 11 valid (symop, offset) combos
  Grid: [7, 14, 16], 907/1568 cells occupied, max 148 entries/cell
  Built 157641 VDW restraints, 3822 symmetry contacts

────────────────────────────────────────────────────────────────────
  XYZ Refinement
────────────────────────────────────────────────────────────────────

  adp (weight: 0.0200)
  ────────────────────────────────────────────────────────────────
    Metric                       Before      After     Change
    locality                    19035.4    19035.4     0.0000
    scaler_U                     4960.8     4960.8     0.0000
    scaler_log_scale            63484.8    63484.8     0.0000
    sigd                         3662.5     3662.5     0.0000
    simu                        14943.8    14943.8     0.0000

  geometry (weight: 0.2000)
  ────────────────────────────────────────────────────────────────
    Metric                       Before      After     Change
    angle                      -21000.0   -20845.3  +154.6641
    bond                       -15789.3   -15690.6   +98.7100
    chiral                    -232.3085  -230.6210    +1.6874
    nonbonded                  -41322.6   -41291.5   +31.1562
    planarity                   -9855.7    -9804.8   +50.8662
    torsion                      8306.4     8313.0    +6.6338

  other (weight: 1.0000)
  ────────────────────────────────────────────────────────────────
    Metric                       Before      After     Change
    xray                        50505.9    50231.4  -274.5312

  Group Totals
  ────────────────────────────────────────────────────────────────
    Group                        Before      After     Change
    adp                          2121.7     2121.7     0.0000
    geometry                   -15978.7   -15910.0   +68.7440
    xray                        50505.9    50231.4  -274.5312
────────────────────────────────────────────────────────────────────
  VDW rebuild: max drift 2.38 Å > threshold 1.00 Å

Building VDW (non-bonded) restraints...
  Symmetry expansion: 11 valid (symop, offset) combos
  Grid: [7, 14, 16], 907/1568 cells occupied, max 148 entries/cell
  Built 157641 VDW restraints, 3822 symmetry contacts

────────────────────────────────────────────────────────────────────
  ADP Refinement
────────────────────────────────────────────────────────────────────

  adp (weight: 0.0200)
  ────────────────────────────────────────────────────────────────
    Metric                       Before      After     Change
    locality                    19024.4    18825.3  -199.0312
    scaler_U                     4960.8     4960.8     0.0000
    scaler_log_scale            63484.8    63484.8     0.0000
    sigd                         3662.5     3636.3   -26.2207
    simu                        14943.8    14826.1  -117.6895

  geometry (weight: 0.2000)
  ────────────────────────────────────────────────────────────────
    Metric                       Before      After     Change
    angle                      -20845.3   -20845.3     0.0000
    bond                       -15690.6   -15690.6     0.0000
    chiral                    -230.6210  -230.6210     0.0000
    nonbonded                  -41291.5   -41291.5     0.0000
    planarity                   -9804.8    -9804.8     0.0000
    torsion                      8313.0     8313.0     0.0000

  other (weight: 1.0000)
  ────────────────────────────────────────────────────────────────
    Metric                       Before      After     Change
    xray                        50231.4    50232.4    +1.0742

  Group Totals
  ────────────────────────────────────────────────────────────────
    Group                        Before      After     Change
    adp                          2121.5     2114.7    -6.8588
    geometry                   -15910.0   -15910.0     0.0000
    xray                        50231.4    50232.4    +1.0742
────────────────────────────────────────────────────────────────────

============================================================
LBFGS Refinement - Cycle 9/10
============================================================
Refining scales with LBFGS...
Scale refinement complete. rwork: 0.3369, rfree: 0.3659

Final Scale Parameters: 
  c_iso: tensor([-2.1458,  0.9991, -0.2039,  0.2300, -0.1590,  0.1864])
  U: tensor([ 0.6456,  0.3777,  0.3378, -0.0383, -0.0291,  0.0431])
  solvent.log_k_solvent: -1.0259581804275513
  solvent.log_ss_half: -4.080018520355225
  solvent.log_n_exp: 1.6040945053100586
  solvent.phase_offset: -0.06427406519651413
After scaling: Rwork=0.3369, Rfree=0.3659
  VDW rebuild: max drift 2.40 Å > threshold 1.00 Å

Building VDW (non-bonded) restraints...
  Symmetry expansion: 11 valid (symop, offset) combos
  Grid: [7, 14, 16], 907/1568 cells occupied, max 148 entries/cell
  Built 157641 VDW restraints, 3822 symmetry contacts

────────────────────────────────────────────────────────────────────
  XYZ Refinement
────────────────────────────────────────────────────────────────────

  adp (weight: 0.0200)
  ────────────────────────────────────────────────────────────────
    Metric                       Before      After     Change
    locality                    18825.3    18825.3     0.0000
    scaler_U                     4951.1     4951.1     0.0000
    scaler_log_scale            62919.9    62919.9     0.0000
    sigd                         3636.3     3636.3     0.0000
    simu                        14826.1    14826.1     0.0000

  geometry (weight: 0.2000)
  ────────────────────────────────────────────────────────────────
    Metric                       Before      After     Change
    angle                      -20845.3   -20986.6  -141.2109
    bond                       -15690.6   -15791.0  -100.3779
    chiral                    -230.6210  -231.8414    -1.2203
    nonbonded                  -41291.5   -41283.1    +8.4336
    planarity                   -9804.8    -9854.6   -49.7949
    torsion                      8313.0     8319.6    +6.5801

  other (weight: 1.0000)
  ────────────────────────────────────────────────────────────────
    Metric                       Before      After     Change
    xray                        50263.0    50115.1  -147.9609

  Group Totals
  ────────────────────────────────────────────────────────────────
    Group                        Before      After     Change
    adp                          2103.2     2103.2     0.0000
    geometry                   -15910.0   -15965.5   -55.5184
    xray                        50263.0    50115.1  -147.9609
────────────────────────────────────────────────────────────────────
  VDW rebuild: max drift 2.40 Å > threshold 1.00 Å

Building VDW (non-bonded) restraints...
  Symmetry expansion: 11 valid (symop, offset) combos
  Grid: [7, 14, 16], 907/1568 cells occupied, max 148 entries/cell
  Built 157641 VDW restraints, 3822 symmetry contacts

────────────────────────────────────────────────────────────────────
  ADP Refinement
────────────────────────────────────────────────────────────────────

  adp (weight: 0.0200)
  ────────────────────────────────────────────────────────────────
    Metric                       Before      After     Change
    locality                    18843.2    19007.7  +164.4082
    scaler_U                     4951.1     4951.1     0.0000
    scaler_log_scale            62919.9    62919.9     0.0000
    sigd                         3636.3     3637.0    +0.7551
    simu                        14826.1    14800.8   -25.3037

  geometry (weight: 0.2000)
  ────────────────────────────────────────────────────────────────
    Metric                       Before      After     Change
    angle                      -20986.6   -20986.6     0.0000
    bond                       -15791.0   -15791.0     0.0000
    chiral                    -231.8414  -231.8414     0.0000
    nonbonded                  -41283.1   -41283.1     0.0000
    planarity                   -9854.6    -9854.6     0.0000
    torsion                      8319.6     8319.6     0.0000

  other (weight: 1.0000)
  ────────────────────────────────────────────────────────────────
    Metric                       Before      After     Change
    xray                        50115.1    50108.3    -6.8125

  Group Totals
  ────────────────────────────────────────────────────────────────
    Group                        Before      After     Change
    adp                          2103.5     2106.3    +2.7972
    geometry                   -15965.5   -15965.5     0.0000
    xray                        50115.1    50108.3    -6.8125
────────────────────────────────────────────────────────────────────

============================================================
LBFGS Refinement - Cycle 10/10
============================================================
Refining scales with LBFGS...
Scale refinement complete. rwork: 0.3342, rfree: 0.3624

Final Scale Parameters: 
  c_iso: tensor([-2.1501,  1.0134, -0.2124,  0.2375, -0.1630,  0.1884])
  U: tensor([ 0.6472,  0.3796,  0.3393, -0.0381, -0.0264,  0.0447])
  solvent.log_k_solvent: -1.0317801237106323
  solvent.log_ss_half: -4.087269306182861
  solvent.log_n_exp: 1.643860101699829
  solvent.phase_offset: -0.06684763729572296
After scaling: Rwork=0.3342, Rfree=0.3624
  VDW rebuild: max drift 2.48 Å > threshold 1.00 Å

Building VDW (non-bonded) restraints...
  Symmetry expansion: 11 valid (symop, offset) combos
  Grid: [7, 14, 16], 907/1568 cells occupied, max 148 entries/cell
  Built 157641 VDW restraints, 3822 symmetry contacts

────────────────────────────────────────────────────────────────────
  XYZ Refinement
────────────────────────────────────────────────────────────────────

  adp (weight: 0.0200)
  ────────────────────────────────────────────────────────────────
    Metric                       Before      After     Change
    locality                    19007.7    19007.7     0.0000
    scaler_U                     4988.1     4988.1     0.0000
    scaler_log_scale            63665.3    63665.3     0.0000
    sigd                         3637.0     3637.0     0.0000
    simu                        14800.8    14800.8     0.0000

  geometry (weight: 0.2000)
  ────────────────────────────────────────────────────────────────
    Metric                       Before      After     Change
    angle                      -20986.6   -20766.2  +220.3613
    bond                       -15791.0   -15621.6  +169.4209
    chiral                    -231.8414  -230.7025    +1.1388
    nonbonded                  -41283.1   -41216.2   +66.8906
    planarity                   -9854.6    -9805.5   +49.0957
    torsion                      8319.6     8347.9   +28.2646

  other (weight: 1.0000)
  ────────────────────────────────────────────────────────────────
    Metric                       Before      After     Change
    xray                        50123.5    49758.4  -365.1133

  Group Totals
  ────────────────────────────────────────────────────────────────
    Group                        Before      After     Change
    adp                          2122.0     2122.0     0.0000
    geometry                   -15965.5   -15858.5  +107.0343
    xray                        50123.5    49758.4  -365.1133
────────────────────────────────────────────────────────────────────
  VDW rebuild: max drift 2.48 Å > threshold 1.00 Å

Building VDW (non-bonded) restraints...
  Symmetry expansion: 11 valid (symop, offset) combos
  Grid: [7, 14, 16], 907/1568 cells occupied, max 148 entries/cell
  Built 157641 VDW restraints, 3822 symmetry contacts

────────────────────────────────────────────────────────────────────
  ADP Refinement
────────────────────────────────────────────────────────────────────

  adp (weight: 0.0200)
  ────────────────────────────────────────────────────────────────
    Metric                       Before      After     Change
    locality                    18988.9    18153.0  -835.9277
    scaler_U                     4988.1     4988.1     0.0000
    scaler_log_scale            63665.3    63665.3     0.0000
    sigd                         3637.0     3580.7   -56.3330
    simu                        14800.8    14430.8  -370.0469

  geometry (weight: 0.2000)
  ────────────────────────────────────────────────────────────────
    Metric                       Before      After     Change
    angle                      -20766.2   -20766.2     0.0000
    bond                       -15621.6   -15621.6     0.0000
    chiral                    -230.7025  -230.7025     0.0000
    nonbonded                  -41216.2   -41216.2     0.0000
    planarity                   -9805.5    -9805.5     0.0000
    torsion                      8347.9     8347.9     0.0000

  other (weight: 1.0000)
  ────────────────────────────────────────────────────────────────
    Metric                       Before      After     Change
    xray                        49758.4    49734.3   -24.0977

  Group Totals
  ────────────────────────────────────────────────────────────────
    Group                        Before      After     Change
    adp                          2121.6     2096.4   -25.2461
    geometry                   -15858.5   -15858.5     0.0000
    xray                        49758.4    49734.3   -24.0977
────────────────────────────────────────────────────────────────────
Calculating initial scale factors using 10 bins.
Refining scales with LBFGS...
Scale refinement complete. rwork: 0.3236, rfree: 0.3591

Final Scale Parameters: 
  c_iso: tensor([-2.1143,  1.0661, -0.2047,  0.2414, -0.1645,  0.1932])
  U: tensor([ 0.6742,  0.4081,  0.3637, -0.0400, -0.0236,  0.0471])
  solvent.log_k_solvent: -1.0365432500839233
  solvent.log_ss_half: -4.122581481933594
  solvent.log_n_exp: 1.5820484161376953
  solvent.phase_offset: -0.06709359586238861

Refinement completed successfully.

Saving results to /das/work/units/LBR-FEL/p17490/Peter/Library/work_trees_torchref/alignement/alignment_lab/benchmarks/af_mr/runs/dmin4.0/3T0Q/refine_torchref_mr...
  Refined structure (PDB): /das/work/units/LBR-FEL/p17490/Peter/Library/work_trees_torchref/alignement/alignment_lab/benchmarks/af_mr/runs/dmin4.0/3T0Q/refine_torchref_mr/refined.pdb
  Refined structure (mmCIF): /das/work/units/LBR-FEL/p17490/Peter/Library/work_trees_torchref/alignement/alignment_lab/benchmarks/af_mr/runs/dmin4.0/3T0Q/refine_torchref_mr/refined.cif
Added map coefficients:
  2Fo-Fc: FWT, PHWT
  Fo-Fc: DELFWT, PHDELWT
  Resolution range: 2.34 - 43.41 Å
✓ Wrote MTZ file: /das/work/units/LBR-FEL/p17490/Peter/Library/work_trees_torchref/alignement/alignment_lab/benchmarks/af_mr/runs/dmin4.0/3T0Q/refine_torchref_mr/refined.mtz
  Reflections: 16036
  Columns: H, K, L, F-obs, SIGF-obs, R-free-flags, FWT, PHWT, DELFWT, PHDELWT, F-model, PH-model
  Refined structure factors: /das/work/units/LBR-FEL/p17490/Peter/Library/work_trees_torchref/alignement/alignment_lab/benchmarks/af_mr/runs/dmin4.0/3T0Q/refine_torchref_mr/refined.mtz
  Refinement history: /das/work/units/LBR-FEL/p17490/Peter/Library/work_trees_torchref/alignement/alignment_lab/benchmarks/af_mr/runs/dmin4.0/3T0Q/refine_torchref_mr/refinement_history.json

================================================================================
Refinement Summary
================================================================================
R-work:  0.3236 (15716 reflections)
R-free:  0.3591 (320 reflections)
NLL work: 49760.36
NLL test: 1048.55
================================================================================

Output files:
  - /das/work/units/LBR-FEL/p17490/Peter/Library/work_trees_torchref/alignement/alignment_lab/benchmarks/af_mr/runs/dmin4.0/3T0Q/refine_torchref_mr/refined.pdb
  - /das/work/units/LBR-FEL/p17490/Peter/Library/work_trees_torchref/alignement/alignment_lab/benchmarks/af_mr/runs/dmin4.0/3T0Q/refine_torchref_mr/refined.cif
  - /das/work/units/LBR-FEL/p17490/Peter/Library/work_trees_torchref/alignement/alignment_lab/benchmarks/af_mr/runs/dmin4.0/3T0Q/refine_torchref_mr/refined.mtz
  - /das/work/units/LBR-FEL/p17490/Peter/Library/work_trees_torchref/alignement/alignment_lab/benchmarks/af_mr/runs/dmin4.0/3T0Q/refine_torchref_mr/refinement_history.json

Refinement completed successfully!

Timing: 439.4s wall, 195.7s CPU
