/das/work/units/LBR-FEL/p17490/Peter/Library/work_trees_torchref/alignement/torchref/cli/refine.py:21: UserWarning: TorchRef using user-specified 8 threads from TORCHREF_NUM_THREADS.
  from torchref.cli._common import (
================================================================================
TorchRef LBFGS Refinement
================================================================================
Model:             /das/work/units/LBR-FEL/p17490/Peter/Library/work_trees_torchref/dev/paper/figure2_alphafold_start/placed/6IIW_af.pdb
Structure factor:  /das/work/units/LBR-FEL/p17490/Peter/Library/work_trees_torchref/dev/paper/data/6IIW/6IIW.mtz
Output directory:  /das/work/units/LBR-FEL/p17490/Peter/Library/work_trees_torchref/alignement/alignment_lab/benchmarks/af_mr/runs/dmin4.0/6IIW/refine_phaser_mr
Refinement mode:   separate
X-ray target:      ml
Refinement cycles: 10
Rigid-body step:   on (iterations/cutoff = 30)
Device:            auto
ADP mode:          isotropic
Wavelength:        1 A
Manual weights:    {"adp": 0.02}
================================================================================

Initializing refinement...
FrenchWilson initialized:
  Reflections: 10662
  Resolution: 1.70 - 36.69 Å
  Space group: SpaceGroup('P6122', number=178, n_ops=12)
  Centric: 2996 (28.1%)
French-Wilson input guard: 4/10662 (0.0375%) reflections unusable as intensities (absent, or too negative to be a noisy measurement)
found non-finite F values (NaN/Inf):  3
found non-finite F_sigma values (NaN/Inf):  3
Wilson outlier rejection: 0/9701 (0.0000%) of tested reflections flagged (0 too strong, 0 too weak)
Loaded 443 atoms
Building restraints...
Found 109 link definitions

Building VDW (non-bonded) restraints...
  Symmetry expansion: 26 valid (symop, offset) combos
  Grid: [6, 6, 36], 352/1296 cells occupied, max 119 entries/cell
  Built 6831 VDW restraints, 972 symmetry contacts
  Hydrogen topology: 408 riding H atoms
  H candidate pairs: 14704 (3436 H-H, 11268 H-heavy, 1708 symmetry)
================================================================================
Restraints Summary
================================================================================
CIF file: None
Residue types in dictionary: 19

INTRA-RESIDUE RESTRAINTS:
--------------------------------------------------------------------------------
  Bonds: 398
  Angles: 444
  Torsions: 123
  Planes: 91
  Chirals: 63

INTER-RESIDUE RESTRAINTS:
--------------------------------------------------------------------------------
  Peptide bonds: 54
  Peptide angles: 166
  Disulfide bonds: 0
  Disulfide angles: 0
  Disulfide torsions: 0
  LINK bonds: 0

BACKBONE TORSIONS:
--------------------------------------------------------------------------------
  Phi: 54
  Psi: 54
  Omega: 54
  Ramachandran: 52

VDW RESTRAINTS:
--------------------------------------------------------------------------------
  Non-bonded contacts: 6831 (5859 intra-ASU, 972 symmetry)
================================================================================
Generated 408 hydrogens
ADP representation: isotropic, 851 parameters, 12.3 work reflections each
Initialized ScalerBase with 10 bins.
Building restraints...

Building VDW (non-bonded) restraints...
  Symmetry expansion: 26 valid (symop, offset) combos
  Grid: [6, 6, 36], 389/1296 cells occupied, max 196 entries/cell
  Built 26882 VDW restraints, 3969 symmetry contacts
================================================================================
Restraints Summary
================================================================================
CIF file: None
Residue types in dictionary: 19

INTRA-RESIDUE RESTRAINTS:
--------------------------------------------------------------------------------
  Bonds: 806
  Angles: 1323
  Torsions: 174
  Planes: 152
  Chirals: 63

INTER-RESIDUE RESTRAINTS:
--------------------------------------------------------------------------------
  Peptide bonds: 54
  Peptide angles: 216
  Disulfide bonds: 0
  Disulfide angles: 0
  Disulfide torsions: 0
  LINK bonds: 0

BACKBONE TORSIONS:
--------------------------------------------------------------------------------
  Phi: 54
  Psi: 54
  Omega: 54
  Ramachandran: 52

VDW RESTRAINTS:
--------------------------------------------------------------------------------
  Non-bonded contacts: 26882 (22913 intra-ASU, 3969 symmetry)
================================================================================
Initializing TotalGeometryTarget with component targets...
Initializing TotalADPTarget with component targets: simu, locality, sigd
Parametrization built for 5 unique atom types
SfFFT: Using late symmetry (reciprocal space)
Calculating initial scale factors using 10 bins.
Refining scales with LBFGS...
Scale refinement complete. rwork: 0.5151, rfree: 0.4727

Final Scale Parameters: 
  c_iso: tensor([-1.2417,  0.5264,  0.4908, -0.3111,  0.1001, -0.1148])
  U: tensor([ 0.7023,  0.7021,  0.2618, -0.3825, -0.0042, -0.0024])
  solvent.log_k_solvent: -0.8713176846504211
  solvent.log_ss_half: -3.4923512935638428
  solvent.log_n_exp: 2.0456199645996094
  solvent.phase_offset: -0.03933703526854515
Initialized targets with xray_mode='ml'
Applied manual group weights: {'xray': 1.0, 'geometry': 0.2, 'geometry/ramachandran': 0.0, 'adp': 0.02, 'adp/sigd': 1.0, 'adp/node_load': 10.0, 'adp/node_smoothness': 0.0}
Refinement initialized successfully.

Starting refinement with 10 macro cycles...

Rigid-body step enabled: one multi-resolution rigid-body pass will run once at the start of refinement.


--- Rigid-body step (once, at start) ---
Switched to rigid-body parametrization: RigidXYZTensor(n_atoms=851, n_chains=1) (1 chain(s))
Filtering: 319/10662 reflections in range [inf - 6.0] Å (319 valid after all masks)
  Note: Adjusted bins from 10 to 3 (min 100 refl/bin)
Initialized ScalerBase with 3 bins.
Calculating initial scale factors using 3 bins.
Calculating initial scale factors using 3 bins.
Refining scales with LBFGS...
Scale refinement complete. rwork: 0.5089, rfree: 0.3687

Final Scale Parameters: 
  c_iso: tensor([-1.1589, -0.4114, -0.4771, -0.0719,  0.9373,  0.0485])
  U: tensor([ 1.5377,  2.8322,  0.7441, -0.8155,  1.4554, -1.0138])
  solvent.log_k_solvent: -0.8932662606239319
  solvent.log_ss_half: -5.023802757263184
  solvent.log_n_exp: 0.5317268967628479
  solvent.phase_offset: -0.02149522863328457
  rigid-body d_min=6.00 (lbfgs, iters=30): Rwork=0.5328 Rfree=0.6030
Filtering: 1794/10662 reflections in range [inf - 3.19251888308396] Å (1792 valid after all masks)
Initialized ScalerBase with 10 bins.
Calculating initial scale factors using 10 bins.
Calculating initial scale factors using 10 bins.
Refining scales with LBFGS...
Scale refinement complete. rwork: 0.4873, rfree: 0.3750

Final Scale Parameters: 
  c_iso: tensor([-2.3621, -0.1956,  0.0881,  1.0835,  0.9220,  0.5715])
  U: tensor([ 1.9596,  2.0554,  0.4109, -1.5609,  0.0398, -0.1271])
  solvent.log_k_solvent: -0.878156304359436
  solvent.log_ss_half: -3.359851598739624
  solvent.log_n_exp: 1.7432036399841309
  solvent.phase_offset: -0.2763970196247101
  rigid-body d_min=3.19 (lbfgs, iters=30): Rwork=0.4891 Rfree=0.3698
Filtering: 10662/10662 reflections in range [inf - 1.6986961364746094] Å (10658 valid after all masks)
Initialized ScalerBase with 10 bins.
Calculating initial scale factors using 10 bins.
Calculating initial scale factors using 10 bins.
Refining scales with LBFGS...
Scale refinement complete. rwork: 0.5144, rfree: 0.4644

Final Scale Parameters: 
  c_iso: tensor([-1.0557,  0.7537,  0.5512, -0.3123,  0.0990, -0.1101])
  U: tensor([ 7.6139e-01,  7.5930e-01,  3.3232e-01, -3.6958e-01, -1.0649e-02,
        -2.9230e-04])
  solvent.log_k_solvent: -0.8776999115943909
  solvent.log_ss_half: -3.5438292026519775
  solvent.log_n_exp: 2.0208988189697266
  solvent.phase_offset: -0.03851459175348282
  rigid-body d_min=1.70 (lbfgs, iters=30): Rwork=0.5276 Rfree=0.4745
Initialized ScalerBase with 10 bins.
Calculating initial scale factors using 10 bins.
Calculating initial scale factors using 10 bins.
Refining scales with LBFGS...
Scale refinement complete. rwork: 0.5141, rfree: 0.4756

Final Scale Parameters: 
  c_iso: tensor([-1.1149,  0.6743,  0.5374, -0.3142,  0.1032, -0.1128])
  U: tensor([ 0.7492,  0.7435,  0.3092, -0.3787, -0.0140,  0.0031])
  solvent.log_k_solvent: -0.8755441904067993
  solvent.log_ss_half: -3.510280132293701
  solvent.log_n_exp: 1.7846087217330933
  solvent.phase_offset: -0.03922686353325844
Initialized ScalerBase with 10 bins.
Calculating initial scale factors using 10 bins.
Calculating initial scale factors using 10 bins.
Refining scales with LBFGS...
Scale refinement complete. rwork: 0.5141, rfree: 0.4755

Final Scale Parameters: 
  c_iso: tensor([-1.1258,  0.6583,  0.5338, -0.3162,  0.1035, -0.1140])
  U: tensor([ 0.7419,  0.7364,  0.3053, -0.3753, -0.0138,  0.0029])
  solvent.log_k_solvent: -0.8754279017448425
  solvent.log_ss_half: -3.508458375930786
  solvent.log_n_exp: 1.7753311395645142
  solvent.phase_offset: -0.03898046538233757

============================================================
LBFGS Refinement - Cycle 1/10
============================================================
Refining scales with LBFGS...
Scale refinement complete. rwork: 0.5141, rfree: 0.4757

Final Scale Parameters: 
  c_iso: tensor([-1.1084,  0.6819,  0.5395, -0.3147,  0.1032, -0.1132])
  U: tensor([ 0.7521,  0.7471,  0.3116, -0.3796, -0.0136,  0.0027])
  solvent.log_k_solvent: -0.8756868243217468
  solvent.log_ss_half: -3.512342691421509
  solvent.log_n_exp: 1.763944387435913
  solvent.phase_offset: -0.039139311760663986
After scaling: Rwork=0.5141, Rfree=0.4757
  VDW rebuild: max drift 1.23 Å > threshold 1.00 Å

Building VDW (non-bonded) restraints...
  Symmetry expansion: 26 valid (symop, offset) combos
  Grid: [6, 6, 36], 389/1296 cells occupied, max 196 entries/cell
  Built 26882 VDW restraints, 3969 symmetry contacts

────────────────────────────────────────────────────────────────────
  XYZ Refinement
────────────────────────────────────────────────────────────────────

  adp (weight: 0.0200)
  ────────────────────────────────────────────────────────────────
    Metric                       Before      After     Change
    locality                     4686.3     4686.3     0.0000
    scaler_U                     5827.3     5827.3     0.0000
    scaler_log_scale            40912.9    40912.9     0.0000
    sigd                       610.2819   610.2819     0.0000
    simu                         1934.9     1934.9     0.0000

  geometry (weight: 0.2000)
  ────────────────────────────────────────────────────────────────
    Metric                       Before      After     Change
    angle                       -3312.4    -3484.7  -172.3286
    bond                        -2595.2    -2785.0  -189.7766
    chiral                     -35.2237   -35.8256    -0.6019
    nonbonded                   -6284.2    -6994.1  -709.9165
    planarity                   -1823.7    -1805.9   +17.8115
    torsion                      1260.3     1277.0   +16.7484

  other (weight: 1.0000)
  ────────────────────────────────────────────────────────────────
    Metric                       Before      After     Change
    xray                        35235.7    34476.1  -759.5508

  Group Totals
  ────────────────────────────────────────────────────────────────
    Group                        Before      After     Change
    adp                          1079.4     1079.4     0.0000
    geometry                    -2558.1    -2765.7  -207.6127
    xray                        35235.7    34476.1  -759.5508
────────────────────────────────────────────────────────────────────
  VDW rebuild: max drift 1.23 Å > threshold 1.00 Å

Building VDW (non-bonded) restraints...
  Symmetry expansion: 26 valid (symop, offset) combos
  Grid: [6, 6, 36], 389/1296 cells occupied, max 196 entries/cell
  Built 26882 VDW restraints, 3969 symmetry contacts

────────────────────────────────────────────────────────────────────
  ADP Refinement
────────────────────────────────────────────────────────────────────

  adp (weight: 0.0200)
  ────────────────────────────────────────────────────────────────
    Metric                       Before      After     Change
    locality                     4744.6     4133.7  -610.9150
    scaler_U                     5827.3     5827.3     0.0000
    scaler_log_scale            40912.9    40912.9     0.0000
    sigd                       610.2819   576.9914   -33.2905
    simu                         1934.9     2988.6    +1053.7

  geometry (weight: 0.2000)
  ────────────────────────────────────────────────────────────────
    Metric                       Before      After     Change
    angle                       -3484.7    -3484.7     0.0000
    bond                        -2785.0    -2785.0     0.0000
    chiral                     -35.8256   -35.8256     0.0000
    nonbonded                   -6994.1    -6994.1     0.0000
    planarity                   -1805.9    -1805.9     0.0000
    torsion                      1277.0     1277.0     0.0000

  other (weight: 1.0000)
  ────────────────────────────────────────────────────────────────
    Metric                       Before      After     Change
    xray                        34476.1    34062.4  -413.7422

  Group Totals
  ────────────────────────────────────────────────────────────────
    Group                        Before      After     Change
    adp                          1080.6     1088.8    +8.1899
    geometry                    -2765.7    -2765.7     0.0000
    xray                        34476.1    34062.4  -413.7422
────────────────────────────────────────────────────────────────────

============================================================
LBFGS Refinement - Cycle 2/10
============================================================
Refining scales with LBFGS...
Scale refinement complete. rwork: 0.4564, rfree: 0.4295

Final Scale Parameters: 
  c_iso: tensor([-1.5000,  0.2583,  0.3567, -0.2945,  0.1045, -0.1031])
  U: tensor([ 0.5544,  0.5098,  0.1545, -0.3127, -0.0287,  0.0211])
  solvent.log_k_solvent: -0.8733919858932495
  solvent.log_ss_half: -3.6435399055480957
  solvent.log_n_exp: 1.8258144855499268
  solvent.phase_offset: -0.04463958740234375
After scaling: Rwork=0.4564, Rfree=0.4295
  VDW rebuild: max drift 1.21 Å > threshold 1.00 Å

Building VDW (non-bonded) restraints...
  Symmetry expansion: 26 valid (symop, offset) combos
  Grid: [6, 6, 36], 389/1296 cells occupied, max 196 entries/cell
  Built 26882 VDW restraints, 3969 symmetry contacts

────────────────────────────────────────────────────────────────────
  XYZ Refinement
────────────────────────────────────────────────────────────────────

  adp (weight: 0.0200)
  ────────────────────────────────────────────────────────────────
    Metric                       Before      After     Change
    locality                     4133.7     4133.7     0.0000
    scaler_U                     2639.3     2639.3     0.0000
    scaler_log_scale            11055.1    11055.1     0.0000
    sigd                       576.9914   576.9914     0.0000
    simu                         2988.6     2988.6     0.0000

  geometry (weight: 0.2000)
  ────────────────────────────────────────────────────────────────
    Metric                       Before      After     Change
    angle                       -3484.7    -3547.5   -62.7334
    bond                        -2785.0    -2830.0   -44.9583
    chiral                     -35.8256   -34.0071    +1.8185
    nonbonded                   -6994.1    -6987.5    +6.5640
    planarity                   -1805.9    -1822.2   -16.2449
    torsion                      1277.0     1293.4   +16.3508

  other (weight: 1.0000)
  ────────────────────────────────────────────────────────────────
    Metric                       Before      After     Change
    xray                        34127.1    33775.4  -351.7500

  Group Totals
  ────────────────────────────────────────────────────────────────
    Group                        Before      After     Change
    adp                        427.8710   427.8710     0.0000
    geometry                    -2765.7    -2785.5   -19.8406
    xray                        34127.1    33775.4  -351.7500
────────────────────────────────────────────────────────────────────
  VDW rebuild: max drift 1.21 Å > threshold 1.00 Å

Building VDW (non-bonded) restraints...
  Symmetry expansion: 26 valid (symop, offset) combos
  Grid: [6, 6, 36], 389/1296 cells occupied, max 196 entries/cell
  Built 26882 VDW restraints, 3969 symmetry contacts

────────────────────────────────────────────────────────────────────
  ADP Refinement
────────────────────────────────────────────────────────────────────

  adp (weight: 0.0200)
  ────────────────────────────────────────────────────────────────
    Metric                       Before      After     Change
    locality                     4183.6     5263.1    +1079.5
    scaler_U                     2639.3     2639.3     0.0000
    scaler_log_scale            11055.1    11055.1     0.0000
    sigd                       576.9914   582.0219    +5.0305
    simu                         2988.6     3568.8  +580.2800

  geometry (weight: 0.2000)
  ────────────────────────────────────────────────────────────────
    Metric                       Before      After     Change
    angle                       -3547.5    -3547.5     0.0000
    bond                        -2830.0    -2830.0     0.0000
    chiral                     -34.0071   -34.0071     0.0000
    nonbonded                   -6987.5    -6987.5     0.0000
    planarity                   -1822.2    -1822.2     0.0000
    torsion                      1293.4     1293.4     0.0000

  other (weight: 1.0000)
  ────────────────────────────────────────────────────────────────
    Metric                       Before      After     Change
    xray                        33775.4    33733.7   -41.6523

  Group Totals
  ────────────────────────────────────────────────────────────────
    Group                        Before      After     Change
    adp                        428.8698   462.1667   +33.2969
    geometry                    -2785.5    -2785.5     0.0000
    xray                        33775.4    33733.7   -41.6523
────────────────────────────────────────────────────────────────────

============================================================
LBFGS Refinement - Cycle 3/10
============================================================
Refining scales with LBFGS...
Scale refinement complete. rwork: 0.4378, rfree: 0.4147

Final Scale Parameters: 
  c_iso: tensor([-1.6545,  0.0513,  0.2994, -0.3249,  0.0986, -0.1295])
  U: tensor([ 0.5256,  0.4646,  0.1046, -0.3341, -0.0528,  0.0303])
  solvent.log_k_solvent: -0.8665141463279724
  solvent.log_ss_half: -3.693746566772461
  solvent.log_n_exp: 2.1123714447021484
  solvent.phase_offset: -0.04185805469751358
After scaling: Rwork=0.4378, Rfree=0.4147
  VDW rebuild: max drift 1.61 Å > threshold 1.00 Å

Building VDW (non-bonded) restraints...
  Symmetry expansion: 26 valid (symop, offset) combos
  Grid: [6, 6, 36], 389/1296 cells occupied, max 196 entries/cell
  Built 26882 VDW restraints, 3969 symmetry contacts

────────────────────────────────────────────────────────────────────
  XYZ Refinement
────────────────────────────────────────────────────────────────────

  adp (weight: 0.0200)
  ────────────────────────────────────────────────────────────────
    Metric                       Before      After     Change
    locality                     5263.1     5263.1     0.0000
    scaler_U                     2129.6     2129.6     0.0000
    scaler_log_scale             4468.3     4468.3     0.0000
    sigd                       582.0219   582.0219     0.0000
    simu                         3568.8     3568.8     0.0000

  geometry (weight: 0.2000)
  ────────────────────────────────────────────────────────────────
    Metric                       Before      After     Change
    angle                       -3547.5    -3511.4   +36.0437
    bond                        -2830.0    -2805.1   +24.8447
    chiral                     -34.0071   -37.0925    -3.0854
    nonbonded                   -6987.5    -6948.9   +38.5757
    planarity                   -1822.2    -1814.5    +7.6868
    torsion                      1293.4     1297.0    +3.6514

  other (weight: 1.0000)
  ────────────────────────────────────────────────────────────────
    Metric                       Before      After     Change
    xray                        33811.4    33452.1  -359.2734

  Group Totals
  ────────────────────────────────────────────────────────────────
    Group                        Before      After     Change
    adp                        320.2382   320.2382     0.0000
    geometry                    -2785.5    -2764.0   +21.5434
    xray                        33811.4    33452.1  -359.2734
────────────────────────────────────────────────────────────────────
  VDW rebuild: max drift 1.61 Å > threshold 1.00 Å

Building VDW (non-bonded) restraints...
  Symmetry expansion: 26 valid (symop, offset) combos
  Grid: [6, 6, 36], 389/1296 cells occupied, max 196 entries/cell
  Built 26882 VDW restraints, 3969 symmetry contacts

────────────────────────────────────────────────────────────────────
  ADP Refinement
────────────────────────────────────────────────────────────────────

  adp (weight: 0.0200)
  ────────────────────────────────────────────────────────────────
    Metric                       Before      After     Change
    locality                     5290.5     5299.8    +9.2964
    scaler_U                     2129.6     2129.6     0.0000
    scaler_log_scale             4468.3     4468.3     0.0000
    sigd                       582.0219   581.5595    -0.4623
    simu                         3568.8     3739.4  +170.5706

  geometry (weight: 0.2000)
  ────────────────────────────────────────────────────────────────
    Metric                       Before      After     Change
    angle                       -3511.4    -3511.4     0.0000
    bond                        -2805.1    -2805.1     0.0000
    chiral                     -37.0925   -37.0925     0.0000
    nonbonded                   -6948.9    -6948.9     0.0000
    planarity                   -1814.5    -1814.5     0.0000
    torsion                      1297.0     1297.0     0.0000

  other (weight: 1.0000)
  ────────────────────────────────────────────────────────────────
    Metric                       Before      After     Change
    xray                        33452.1    33399.3   -52.8164

  Group Totals
  ────────────────────────────────────────────────────────────────
    Group                        Before      After     Change
    adp                        320.7849   324.3729    +3.5881
    geometry                    -2764.0    -2764.0     0.0000
    xray                        33452.1    33399.3   -52.8164
────────────────────────────────────────────────────────────────────

============================================================
LBFGS Refinement - Cycle 4/10
============================================================
Refining scales with LBFGS...
Scale refinement complete. rwork: 0.4301, rfree: 0.4292

Final Scale Parameters: 
  c_iso: tensor([-1.7606, -0.0503,  0.2524, -0.3038,  0.0743, -0.1297])
  U: tensor([ 0.4699,  0.3956,  0.0603, -0.3152, -0.0613,  0.0449])
  solvent.log_k_solvent: -0.8554878234863281
  solvent.log_ss_half: -3.5635926723480225
  solvent.log_n_exp: 2.093688726425171
  solvent.phase_offset: -0.04673385247588158
After scaling: Rwork=0.4301, Rfree=0.4292
  VDW rebuild: max drift 1.93 Å > threshold 1.00 Å

Building VDW (non-bonded) restraints...
  Symmetry expansion: 26 valid (symop, offset) combos
  Grid: [6, 6, 36], 389/1296 cells occupied, max 196 entries/cell
  Built 26882 VDW restraints, 3969 symmetry contacts

────────────────────────────────────────────────────────────────────
  XYZ Refinement
────────────────────────────────────────────────────────────────────

  adp (weight: 0.0200)
  ────────────────────────────────────────────────────────────────
    Metric                       Before      After     Change
    locality                     5299.8     5299.8     0.0000
    scaler_U                     1522.7     1522.7     0.0000
    scaler_log_scale             2049.7     2049.7     0.0000
    sigd                       581.5595   581.5595     0.0000
    simu                         3739.4     3739.4     0.0000

  geometry (weight: 0.2000)
  ────────────────────────────────────────────────────────────────
    Metric                       Before      After     Change
    angle                       -3511.4    -3580.9   -69.4404
    bond                        -2805.1    -2837.3   -32.2297
    chiral                     -37.0925   -36.1666    +0.9258
    nonbonded                   -6948.9    -6976.2   -27.2100
    planarity                   -1814.5    -1823.9    -9.4376
    torsion                      1297.0     1291.5    -5.5745

  other (weight: 1.0000)
  ────────────────────────────────────────────────────────────────
    Metric                       Before      After     Change
    xray                        33429.1    33291.5  -137.6680

  Group Totals
  ────────────────────────────────────────────────────────────────
    Group                        Before      After     Change
    adp                        263.8634   263.8634     0.0000
    geometry                    -2764.0    -2792.6   -28.5933
    xray                        33429.1    33291.5  -137.6680
────────────────────────────────────────────────────────────────────
  VDW rebuild: max drift 1.93 Å > threshold 1.00 Å

Building VDW (non-bonded) restraints...
  Symmetry expansion: 26 valid (symop, offset) combos
  Grid: [6, 6, 36], 389/1296 cells occupied, max 196 entries/cell
  Built 26882 VDW restraints, 3969 symmetry contacts

────────────────────────────────────────────────────────────────────
  ADP Refinement
────────────────────────────────────────────────────────────────────

  adp (weight: 0.0200)
  ────────────────────────────────────────────────────────────────
    Metric                       Before      After     Change
    locality                     5334.3     4963.0  -371.2617
    scaler_U                     1522.7     1522.7     0.0000
    scaler_log_scale             2049.7     2049.7     0.0000
    sigd                       581.5595   579.1125    -2.4470
    simu                         3739.4     3621.6  -117.8137

  geometry (weight: 0.2000)
  ────────────────────────────────────────────────────────────────
    Metric                       Before      After     Change
    angle                       -3580.9    -3580.9     0.0000
    bond                        -2837.3    -2837.3     0.0000
    chiral                     -36.1666   -36.1666     0.0000
    nonbonded                   -6976.2    -6976.2     0.0000
    planarity                   -1823.9    -1823.9     0.0000
    torsion                      1291.5     1291.5     0.0000

  other (weight: 1.0000)
  ────────────────────────────────────────────────────────────────
    Metric                       Before      After     Change
    xray                        33291.5    33269.9   -21.5312

  Group Totals
  ────────────────────────────────────────────────────────────────
    Group                        Before      After     Change
    adp                        264.5535   254.7230    -9.8304
    geometry                    -2792.6    -2792.6     0.0000
    xray                        33291.5    33269.9   -21.5312
────────────────────────────────────────────────────────────────────

============================================================
LBFGS Refinement - Cycle 5/10
============================================================
Refining scales with LBFGS...
Scale refinement complete. rwork: 0.4276, rfree: 0.4282

Final Scale Parameters: 
  c_iso: tensor([-1.8558, -0.1440,  0.2213, -0.2926,  0.0706, -0.1299])
  U: tensor([ 0.4240,  0.3446,  0.0221, -0.3014, -0.0622,  0.0545])
  solvent.log_k_solvent: -0.8563444018363953
  solvent.log_ss_half: -3.511089563369751
  solvent.log_n_exp: 2.3026576042175293
  solvent.phase_offset: -0.04933706670999527
After scaling: Rwork=0.4276, Rfree=0.4282
  VDW rebuild: max drift 2.05 Å > threshold 1.00 Å

Building VDW (non-bonded) restraints...
  Symmetry expansion: 26 valid (symop, offset) combos
  Grid: [6, 6, 36], 389/1296 cells occupied, max 196 entries/cell
  Built 26882 VDW restraints, 3969 symmetry contacts

────────────────────────────────────────────────────────────────────
  XYZ Refinement
────────────────────────────────────────────────────────────────────

  adp (weight: 0.0200)
  ────────────────────────────────────────────────────────────────
    Metric                       Before      After     Change
    locality                     4963.0     4963.0     0.0000
    scaler_U                     1110.9     1110.9     0.0000
    scaler_log_scale           672.6414   672.6414     0.0000
    sigd                       579.1125   579.1125     0.0000
    simu                         3621.6     3621.6     0.0000

  geometry (weight: 0.2000)
  ────────────────────────────────────────────────────────────────
    Metric                       Before      After     Change
    angle                       -3580.9    -3612.1   -31.2297
    bond                        -2837.3    -2846.0    -8.6521
    chiral                     -36.1666   -39.1584    -2.9918
    nonbonded                   -6976.2    -6963.0   +13.1523
    planarity                   -1823.9    -1831.8    -7.8500
    torsion                      1291.5     1286.0    -5.4102

  other (weight: 1.0000)
  ────────────────────────────────────────────────────────────────
    Metric                       Before      After     Change
    xray                        33272.7    33234.5   -38.2500

  Group Totals
  ────────────────────────────────────────────────────────────────
    Group                        Before      After     Change
    adp                        218.9443   218.9443     0.0000
    geometry                    -2792.6    -2801.2    -8.5962
    xray                        33272.7    33234.5   -38.2500
────────────────────────────────────────────────────────────────────
  VDW rebuild: max drift 2.05 Å > threshold 1.00 Å

Building VDW (non-bonded) restraints...
  Symmetry expansion: 26 valid (symop, offset) combos
  Grid: [6, 6, 36], 389/1296 cells occupied, max 196 entries/cell
  Built 26882 VDW restraints, 3969 symmetry contacts

────────────────────────────────────────────────────────────────────
  ADP Refinement
────────────────────────────────────────────────────────────────────

  adp (weight: 0.0200)
  ────────────────────────────────────────────────────────────────
    Metric                       Before      After     Change
    locality                     4979.5     4842.4  -137.1104
    scaler_U                     1110.9     1110.9     0.0000
    scaler_log_scale           672.6414   672.6414     0.0000
    sigd                       579.1125   577.0134    -2.0992
    simu                         3621.6     3646.6   +24.9897

  geometry (weight: 0.2000)
  ────────────────────────────────────────────────────────────────
    Metric                       Before      After     Change
    angle                       -3612.1    -3612.1     0.0000
    bond                        -2846.0    -2846.0     0.0000
    chiral                     -39.1584   -39.1584     0.0000
    nonbonded                   -6963.0    -6963.0     0.0000
    planarity                   -1831.8    -1831.8     0.0000
    torsion                      1286.0     1286.0     0.0000

  other (weight: 1.0000)
  ────────────────────────────────────────────────────────────────
    Metric                       Before      After     Change
    xray                        33234.5    33214.9   -19.6016

  Group Totals
  ────────────────────────────────────────────────────────────────
    Group                        Before      After     Change
    adp                        219.2746   216.9902    -2.2844
    geometry                    -2801.2    -2801.2     0.0000
    xray                        33234.5    33214.9   -19.6016
────────────────────────────────────────────────────────────────────

============================================================
LBFGS Refinement - Cycle 6/10
============================================================
Refining scales with LBFGS...
Scale refinement complete. rwork: 0.4253, rfree: 0.4240

Final Scale Parameters: 
  c_iso: tensor([-1.8301, -0.1023,  0.2246, -0.2843,  0.0699, -0.1228])
  U: tensor([ 0.4094,  0.3266,  0.0320, -0.2734, -0.0638,  0.0574])
  solvent.log_k_solvent: -0.8556984663009644
  solvent.log_ss_half: -3.530325412750244
  solvent.log_n_exp: 2.332925796508789
  solvent.phase_offset: -0.049808066338300705
After scaling: Rwork=0.4253, Rfree=0.4240
  VDW rebuild: max drift 2.05 Å > threshold 1.00 Å

Building VDW (non-bonded) restraints...
  Symmetry expansion: 26 valid (symop, offset) combos
  Grid: [6, 6, 36], 389/1296 cells occupied, max 196 entries/cell
  Built 26882 VDW restraints, 3969 symmetry contacts

────────────────────────────────────────────────────────────────────
  XYZ Refinement
────────────────────────────────────────────────────────────────────

  adp (weight: 0.0200)
  ────────────────────────────────────────────────────────────────
    Metric                       Before      After     Change
    locality                     4842.4     4842.4     0.0000
    scaler_U                     1048.0     1048.0     0.0000
    scaler_log_scale             1034.7     1034.7     0.0000
    sigd                       577.0134   577.0134     0.0000
    simu                         3646.6     3646.6     0.0000

  geometry (weight: 0.2000)
  ────────────────────────────────────────────────────────────────
    Metric                       Before      After     Change
    angle                       -3612.1    -3598.0   +14.1306
    bond                        -2846.0    -2834.2   +11.7935
    chiral                     -39.1584   -37.4651    +1.6933
    nonbonded                   -6963.0    -6961.7    +1.2671
    planarity                   -1831.8    -1821.9    +9.9205
    torsion                      1286.0     1285.5    -0.5105

  other (weight: 1.0000)
  ────────────────────────────────────────────────────────────────
    Metric                       Before      After     Change
    xray                        33209.1    33152.5   -56.5742

  Group Totals
  ────────────────────────────────────────────────────────────────
    Group                        Before      After     Change
    adp                        222.9743   222.9743     0.0000
    geometry                    -2801.2    -2793.5    +7.6589
    xray                        33209.1    33152.5   -56.5742
────────────────────────────────────────────────────────────────────
  VDW rebuild: max drift 2.05 Å > threshold 1.00 Å

Building VDW (non-bonded) restraints...
  Symmetry expansion: 26 valid (symop, offset) combos
  Grid: [6, 6, 36], 389/1296 cells occupied, max 196 entries/cell
  Built 26882 VDW restraints, 3969 symmetry contacts

────────────────────────────────────────────────────────────────────
  ADP Refinement
────────────────────────────────────────────────────────────────────

  adp (weight: 0.0200)
  ────────────────────────────────────────────────────────────────
    Metric                       Before      After     Change
    locality                     4848.0     4782.5   -65.5664
    scaler_U                     1048.0     1048.0     0.0000
    scaler_log_scale             1034.7     1034.7     0.0000
    sigd                       577.0134   575.4019    -1.6115
    simu                         3646.6     3577.2   -69.3872

  geometry (weight: 0.2000)
  ────────────────────────────────────────────────────────────────
    Metric                       Before      After     Change
    angle                       -3598.0    -3598.0     0.0000
    bond                        -2834.2    -2834.2     0.0000
    chiral                     -37.4651   -37.4651     0.0000
    nonbonded                   -6961.7    -6961.7     0.0000
    planarity                   -1821.9    -1821.9     0.0000
    torsion                      1285.5     1285.5     0.0000

  other (weight: 1.0000)
  ────────────────────────────────────────────────────────────────
    Metric                       Before      After     Change
    xray                        33152.5    33140.7   -11.8281

  Group Totals
  ────────────────────────────────────────────────────────────────
    Group                        Before      After     Change
    adp                        223.0868   220.3555    -2.7313
    geometry                    -2793.5    -2793.5     0.0000
    xray                        33152.5    33140.7   -11.8281
────────────────────────────────────────────────────────────────────

============================================================
LBFGS Refinement - Cycle 7/10
============================================================
Refining scales with LBFGS...
Scale refinement complete. rwork: 0.4240, rfree: 0.4133

Final Scale Parameters: 
  c_iso: tensor([-1.7846,  0.0064,  0.2228, -0.2607,  0.0589, -0.1129])
  U: tensor([ 0.4498,  0.3806,  0.0576, -0.2949, -0.0598,  0.0548])
  solvent.log_k_solvent: -0.8609472513198853
  solvent.log_ss_half: -3.5286545753479004
  solvent.log_n_exp: 2.3477251529693604
  solvent.phase_offset: -0.056494854390621185
After scaling: Rwork=0.4240, Rfree=0.4133
  VDW rebuild: max drift 2.10 Å > threshold 1.00 Å

Building VDW (non-bonded) restraints...
  Symmetry expansion: 26 valid (symop, offset) combos
  Grid: [6, 6, 36], 389/1296 cells occupied, max 196 entries/cell
  Built 26882 VDW restraints, 3969 symmetry contacts

────────────────────────────────────────────────────────────────────
  XYZ Refinement
────────────────────────────────────────────────────────────────────

  adp (weight: 0.0200)
  ────────────────────────────────────────────────────────────────
    Metric                       Before      After     Change
    locality                     4782.5     4782.5     0.0000
    scaler_U                     1401.3     1401.3     0.0000
    scaler_log_scale             2288.5     2288.5     0.0000
    sigd                       575.4019   575.4019     0.0000
    simu                         3577.2     3577.2     0.0000

  geometry (weight: 0.2000)
  ────────────────────────────────────────────────────────────────
    Metric                       Before      After     Change
    angle                       -3598.0    -3634.6   -36.6245
    bond                        -2834.2    -2853.7   -19.4941
    chiral                     -37.4651   -38.9200    -1.4549
    nonbonded                   -6961.7    -6951.7   +10.0166
    planarity                   -1821.9    -1831.1    -9.2388
    torsion                      1285.5     1282.5    -3.0836

  other (weight: 1.0000)
  ────────────────────────────────────────────────────────────────
    Metric                       Before      After     Change
    xray                        33157.1    33137.4   -19.7539

  Group Totals
  ────────────────────────────────────────────────────────────────
    Group                        Before      After     Change
    adp                        252.4966   252.4966     0.0000
    geometry                    -2793.5    -2805.5   -11.9759
    xray                        33157.1    33137.4   -19.7539
────────────────────────────────────────────────────────────────────
  VDW rebuild: max drift 2.10 Å > threshold 1.00 Å

Building VDW (non-bonded) restraints...
  Symmetry expansion: 26 valid (symop, offset) combos
  Grid: [6, 6, 36], 389/1296 cells occupied, max 196 entries/cell
  Built 26882 VDW restraints, 3969 symmetry contacts

────────────────────────────────────────────────────────────────────
  ADP Refinement
────────────────────────────────────────────────────────────────────

  adp (weight: 0.0200)
  ────────────────────────────────────────────────────────────────
    Metric                       Before      After     Change
    locality                     4787.0     4751.7   -35.2983
    scaler_U                     1401.3     1401.3     0.0000
    scaler_log_scale             2288.5     2288.5     0.0000
    sigd                       575.4019   575.4824    +0.0804
    simu                         3577.2     3522.4   -54.8013

  geometry (weight: 0.2000)
  ────────────────────────────────────────────────────────────────
    Metric                       Before      After     Change
    angle                       -3634.6    -3634.6     0.0000
    bond                        -2853.7    -2853.7     0.0000
    chiral                     -38.9200   -38.9200     0.0000
    nonbonded                   -6951.7    -6951.7     0.0000
    planarity                   -1831.1    -1831.1     0.0000
    torsion                      1282.5     1282.5     0.0000

  other (weight: 1.0000)
  ────────────────────────────────────────────────────────────────
    Metric                       Before      After     Change
    xray                        33137.4    33136.5    -0.8203

  Group Totals
  ────────────────────────────────────────────────────────────────
    Group                        Before      After     Change
    adp                        252.5868   250.7865    -1.8004
    geometry                    -2805.5    -2805.5     0.0000
    xray                        33137.4    33136.5    -0.8203
────────────────────────────────────────────────────────────────────

============================================================
LBFGS Refinement - Cycle 8/10
============================================================
Refining scales with LBFGS...
Scale refinement complete. rwork: 0.4235, rfree: 0.4132

Final Scale Parameters: 
  c_iso: tensor([-1.7862,  0.0090,  0.2212, -0.2606,  0.0597, -0.1127])
  U: tensor([ 0.4499,  0.3825,  0.0619, -0.2921, -0.0600,  0.0552])
  solvent.log_k_solvent: -0.8625897169113159
  solvent.log_ss_half: -3.5221707820892334
  solvent.log_n_exp: 2.3473751544952393
  solvent.phase_offset: -0.05571217089891434
After scaling: Rwork=0.4235, Rfree=0.4132
  VDW rebuild: max drift 2.15 Å > threshold 1.00 Å

Building VDW (non-bonded) restraints...
  Symmetry expansion: 26 valid (symop, offset) combos
  Grid: [6, 6, 36], 389/1296 cells occupied, max 196 entries/cell
  Built 26882 VDW restraints, 3969 symmetry contacts

────────────────────────────────────────────────────────────────────
  XYZ Refinement
────────────────────────────────────────────────────────────────────

  adp (weight: 0.0200)
  ────────────────────────────────────────────────────────────────
    Metric                       Before      After     Change
    locality                     4751.7     4751.7     0.0000
    scaler_U                     1421.3     1421.3     0.0000
    scaler_log_scale             2285.8     2285.8     0.0000
    sigd                       575.4824   575.4824     0.0000
    simu                         3522.4     3522.4     0.0000

  geometry (weight: 0.2000)
  ────────────────────────────────────────────────────────────────
    Metric                       Before      After     Change
    angle                       -3634.6    -3614.4   +20.1829
    bond                        -2853.7    -2845.8    +7.8955
    chiral                     -38.9200   -37.8513    +1.0687
    nonbonded                   -6951.7    -6952.1    -0.3535
    planarity                   -1831.1    -1828.6    +2.4922
    torsion                      1282.5     1282.7    +0.2916

  other (weight: 1.0000)
  ────────────────────────────────────────────────────────────────
    Metric                       Before      After     Change
    xray                        33151.6    33107.9   -43.6914

  Group Totals
  ────────────────────────────────────────────────────────────────
    Group                        Before      After     Change
    adp                        251.1323   251.1323     0.0000
    geometry                    -2805.5    -2799.2    +6.3155
    xray                        33151.6    33107.9   -43.6914
────────────────────────────────────────────────────────────────────
  VDW rebuild: max drift 2.15 Å > threshold 1.00 Å

Building VDW (non-bonded) restraints...
  Symmetry expansion: 26 valid (symop, offset) combos
  Grid: [6, 6, 36], 389/1296 cells occupied, max 196 entries/cell
  Built 26882 VDW restraints, 3969 symmetry contacts

────────────────────────────────────────────────────────────────────
  ADP Refinement
────────────────────────────────────────────────────────────────────

  adp (weight: 0.0200)
  ────────────────────────────────────────────────────────────────
    Metric                       Before      After     Change
    locality                     4753.3     4692.1   -61.2393
    scaler_U                     1421.3     1421.3     0.0000
    scaler_log_scale             2285.8     2285.8     0.0000
    sigd                       575.4824   575.5192    +0.0368
    simu                         3522.4     3419.8  -102.6182

  geometry (weight: 0.2000)
  ────────────────────────────────────────────────────────────────
    Metric                       Before      After     Change
    angle                       -3614.4    -3614.4     0.0000
    bond                        -2845.8    -2845.8     0.0000
    chiral                     -37.8513   -37.8513     0.0000
    nonbonded                   -6952.1    -6952.1     0.0000
    planarity                   -1828.6    -1828.6     0.0000
    torsion                      1282.7     1282.7     0.0000

  other (weight: 1.0000)
  ────────────────────────────────────────────────────────────────
    Metric                       Before      After     Change
    xray                        33107.9    33102.5    -5.3633

  Group Totals
  ────────────────────────────────────────────────────────────────
    Group                        Before      After     Change
    adp                        251.1649   247.8885    -3.2764
    geometry                    -2799.2    -2799.2     0.0000
    xray                        33107.9    33102.5    -5.3633
────────────────────────────────────────────────────────────────────

============================================================
LBFGS Refinement - Cycle 9/10
============================================================
Refining scales with LBFGS...
Scale refinement complete. rwork: 0.4231, rfree: 0.4092

Final Scale Parameters: 
  c_iso: tensor([-1.8359, -0.0438,  0.2057, -0.2562,  0.0609, -0.1135])
  U: tensor([ 0.4403,  0.3763,  0.0482, -0.2982, -0.0579,  0.0533])
  solvent.log_k_solvent: -0.8620145916938782
  solvent.log_ss_half: -3.529540538787842
  solvent.log_n_exp: 2.2821524143218994
  solvent.phase_offset: -0.056609418243169785
After scaling: Rwork=0.4231, Rfree=0.4092
  VDW rebuild: max drift 2.24 Å > threshold 1.00 Å

Building VDW (non-bonded) restraints...
  Symmetry expansion: 26 valid (symop, offset) combos
  Grid: [6, 6, 36], 389/1296 cells occupied, max 196 entries/cell
  Built 26882 VDW restraints, 3969 symmetry contacts

────────────────────────────────────────────────────────────────────
  XYZ Refinement
────────────────────────────────────────────────────────────────────

  adp (weight: 0.0200)
  ────────────────────────────────────────────────────────────────
    Metric                       Before      After     Change
    locality                     4692.1     4692.1     0.0000
    scaler_U                     1329.0     1329.0     0.0000
    scaler_log_scale             1373.6     1373.6     0.0000
    sigd                       575.5192   575.5192     0.0000
    simu                         3419.8     3419.8     0.0000

  geometry (weight: 0.2000)
  ────────────────────────────────────────────────────────────────
    Metric                       Before      After     Change
    angle                       -3614.4    -3640.3   -25.8894
    bond                        -2845.8    -2855.1    -9.3430
    chiral                     -37.8513   -38.8131    -0.9617
    nonbonded                   -6952.1    -6950.3    +1.7891
    planarity                   -1828.6    -1830.3    -1.7502
    torsion                      1282.7     1280.6    -2.1071

  other (weight: 1.0000)
  ────────────────────────────────────────────────────────────────
    Metric                       Before      After     Change
    xray                        33122.6    33115.1    -7.4570

  Group Totals
  ────────────────────────────────────────────────────────────────
    Group                        Before      After     Change
    adp                        227.7992   227.7992     0.0000
    geometry                    -2799.2    -2806.8    -7.6525
    xray                        33122.6    33115.1    -7.4570
────────────────────────────────────────────────────────────────────
  VDW rebuild: max drift 2.24 Å > threshold 1.00 Å

Building VDW (non-bonded) restraints...
  Symmetry expansion: 26 valid (symop, offset) combos
  Grid: [6, 6, 36], 389/1296 cells occupied, max 196 entries/cell
  Built 26882 VDW restraints, 3969 symmetry contacts

────────────────────────────────────────────────────────────────────
  ADP Refinement
────────────────────────────────────────────────────────────────────

  adp (weight: 0.0200)
  ────────────────────────────────────────────────────────────────
    Metric                       Before      After     Change
    locality                     4696.8     4669.0   -27.8501
    scaler_U                     1329.0     1329.0     0.0000
    scaler_log_scale             1373.6     1373.6     0.0000
    sigd                       575.5192   575.8038    +0.2847
    simu                         3419.8     3383.1   -36.6685

  geometry (weight: 0.2000)
  ────────────────────────────────────────────────────────────────
    Metric                       Before      After     Change
    angle                       -3640.3    -3640.3     0.0000
    bond                        -2855.1    -2855.1     0.0000
    chiral                     -38.8131   -38.8131     0.0000
    nonbonded                   -6950.3    -6950.3     0.0000
    planarity                   -1830.3    -1830.3     0.0000
    torsion                      1280.6     1280.6     0.0000

  other (weight: 1.0000)
  ────────────────────────────────────────────────────────────────
    Metric                       Before      After     Change
    xray                        33115.1    33114.4    -0.7227

  Group Totals
  ────────────────────────────────────────────────────────────────
    Group                        Before      After     Change
    adp                        227.8946   226.6099    -1.2847
    geometry                    -2806.8    -2806.8     0.0000
    xray                        33115.1    33114.4    -0.7227
────────────────────────────────────────────────────────────────────

============================================================
LBFGS Refinement - Cycle 10/10
============================================================
Refining scales with LBFGS...
Scale refinement complete. rwork: 0.4231, rfree: 0.4105

Final Scale Parameters: 
  c_iso: tensor([-1.8403, -0.0433,  0.2038, -0.2503,  0.0610, -0.1107])
  U: tensor([ 0.4398,  0.3762,  0.0501, -0.2967, -0.0587,  0.0536])
  solvent.log_k_solvent: -0.8611060380935669
  solvent.log_ss_half: -3.546041965484619
  solvent.log_n_exp: 2.2810328006744385
  solvent.phase_offset: -0.057354800403118134
After scaling: Rwork=0.4231, Rfree=0.4105
  VDW rebuild: max drift 2.30 Å > threshold 1.00 Å

Building VDW (non-bonded) restraints...
  Symmetry expansion: 26 valid (symop, offset) combos
  Grid: [6, 6, 36], 389/1296 cells occupied, max 196 entries/cell
  Built 26882 VDW restraints, 3969 symmetry contacts

────────────────────────────────────────────────────────────────────
  XYZ Refinement
────────────────────────────────────────────────────────────────────

  adp (weight: 0.0200)
  ────────────────────────────────────────────────────────────────
    Metric                       Before      After     Change
    locality                     4669.0     4669.0     0.0000
    scaler_U                     1333.1     1333.1     0.0000
    scaler_log_scale             1331.9     1331.9     0.0000
    sigd                       575.8038   575.8038     0.0000
    simu                         3383.1     3383.1     0.0000

  geometry (weight: 0.2000)
  ────────────────────────────────────────────────────────────────
    Metric                       Before      After     Change
    angle                       -3640.3    -3612.7   +27.5811
    bond                        -2855.1    -2845.5    +9.6077
    chiral                     -38.8131   -37.9504    +0.8626
    nonbonded                   -6950.3    -6950.0    +0.2534
    planarity                   -1830.3    -1827.9    +2.4170
    torsion                      1280.6     1280.6    -0.0693

  other (weight: 1.0000)
  ────────────────────────────────────────────────────────────────
    Metric                       Before      After     Change
    xray                        33123.4    33090.8   -32.6094

  Group Totals
  ────────────────────────────────────────────────────────────────
    Group                        Before      After     Change
    adp                        225.8576   225.8576     0.0000
    geometry                    -2806.8    -2798.7    +8.1305
    xray                        33123.4    33090.8   -32.6094
────────────────────────────────────────────────────────────────────
  VDW rebuild: max drift 2.30 Å > threshold 1.00 Å

Building VDW (non-bonded) restraints...
  Symmetry expansion: 26 valid (symop, offset) combos
  Grid: [6, 6, 36], 389/1296 cells occupied, max 196 entries/cell
  Built 26882 VDW restraints, 3969 symmetry contacts

────────────────────────────────────────────────────────────────────
  ADP Refinement
────────────────────────────────────────────────────────────────────

  adp (weight: 0.0200)
  ────────────────────────────────────────────────────────────────
    Metric                       Before      After     Change
    locality                     4672.3     4686.3   +14.0254
    scaler_U                     1333.1     1333.1     0.0000
    scaler_log_scale             1331.9     1331.9     0.0000
    sigd                       575.8038   576.3161    +0.5123
    simu                         3383.1     3318.1   -64.9773

  geometry (weight: 0.2000)
  ────────────────────────────────────────────────────────────────
    Metric                       Before      After     Change
    angle                       -3612.7    -3612.7     0.0000
    bond                        -2845.5    -2845.5     0.0000
    chiral                     -37.9504   -37.9504     0.0000
    nonbonded                   -6950.0    -6950.0     0.0000
    planarity                   -1827.9    -1827.9     0.0000
    torsion                      1280.6     1280.6     0.0000

  other (weight: 1.0000)
  ────────────────────────────────────────────────────────────────
    Metric                       Before      After     Change
    xray                        33090.8    33091.6    +0.7695

  Group Totals
  ────────────────────────────────────────────────────────────────
    Group                        Before      After     Change
    adp                        225.9228   224.9141    -1.0088
    geometry                    -2798.7    -2798.7     0.0000
    xray                        33090.8    33091.6    +0.7695
────────────────────────────────────────────────────────────────────
Calculating initial scale factors using 10 bins.
Refining scales with LBFGS...
Scale refinement complete. rwork: 0.4222, rfree: 0.4087

Final Scale Parameters: 
  c_iso: tensor([-1.8200, -0.0068,  0.2055, -0.2429,  0.0596, -0.1085])
  U: tensor([ 0.4396,  0.3776,  0.0616, -0.2854, -0.0581,  0.0533])
  solvent.log_k_solvent: -0.8610818982124329
  solvent.log_ss_half: -3.579394578933716
  solvent.log_n_exp: 1.929799199104309
  solvent.phase_offset: -0.05933342128992081

Refinement completed successfully.

Saving results to /das/work/units/LBR-FEL/p17490/Peter/Library/work_trees_torchref/alignement/alignment_lab/benchmarks/af_mr/runs/dmin4.0/6IIW/refine_phaser_mr...
  Refined structure (PDB): /das/work/units/LBR-FEL/p17490/Peter/Library/work_trees_torchref/alignement/alignment_lab/benchmarks/af_mr/runs/dmin4.0/6IIW/refine_phaser_mr/refined.pdb
  Refined structure (mmCIF): /das/work/units/LBR-FEL/p17490/Peter/Library/work_trees_torchref/alignement/alignment_lab/benchmarks/af_mr/runs/dmin4.0/6IIW/refine_phaser_mr/refined.cif
Added map coefficients:
  2Fo-Fc: FWT, PHWT
  Fo-Fc: DELFWT, PHDELWT
  Resolution range: 1.70 - 36.69 Å
✓ Wrote MTZ file: /das/work/units/LBR-FEL/p17490/Peter/Library/work_trees_torchref/alignement/alignment_lab/benchmarks/af_mr/runs/dmin4.0/6IIW/refine_phaser_mr/refined.mtz
  Reflections: 10662
  Columns: H, K, L, F-obs, SIGF-obs, I-obs, SIGI-obs, R-free-flags, FWT, PHWT, DELFWT, PHDELWT, F-model, PH-model
  Refined structure factors: /das/work/units/LBR-FEL/p17490/Peter/Library/work_trees_torchref/alignement/alignment_lab/benchmarks/af_mr/runs/dmin4.0/6IIW/refine_phaser_mr/refined.mtz
  Refinement history: /das/work/units/LBR-FEL/p17490/Peter/Library/work_trees_torchref/alignement/alignment_lab/benchmarks/af_mr/runs/dmin4.0/6IIW/refine_phaser_mr/refinement_history.json

================================================================================
Refinement Summary
================================================================================
R-work:  0.4222 (10458 reflections)
R-free:  0.4087 (200 reflections)
NLL work: 33099.83
NLL test: 632.32
================================================================================

Output files:
  - /das/work/units/LBR-FEL/p17490/Peter/Library/work_trees_torchref/alignement/alignment_lab/benchmarks/af_mr/runs/dmin4.0/6IIW/refine_phaser_mr/refined.pdb
  - /das/work/units/LBR-FEL/p17490/Peter/Library/work_trees_torchref/alignement/alignment_lab/benchmarks/af_mr/runs/dmin4.0/6IIW/refine_phaser_mr/refined.cif
  - /das/work/units/LBR-FEL/p17490/Peter/Library/work_trees_torchref/alignement/alignment_lab/benchmarks/af_mr/runs/dmin4.0/6IIW/refine_phaser_mr/refined.mtz
  - /das/work/units/LBR-FEL/p17490/Peter/Library/work_trees_torchref/alignement/alignment_lab/benchmarks/af_mr/runs/dmin4.0/6IIW/refine_phaser_mr/refinement_history.json

Refinement completed successfully!

Timing: 384.0s wall, 120.1s CPU
