/das/work/units/LBR-FEL/p17490/Peter/Library/work_trees_torchref/alignement/torchref/cli/refine.py:21: UserWarning: TorchRef using user-specified 8 threads from TORCHREF_NUM_THREADS.
  from torchref.cli._common import (
================================================================================
TorchRef LBFGS Refinement
================================================================================
Model:             /das/work/units/LBR-FEL/p17490/Peter/Library/work_trees_torchref/alignement/alignment_lab/benchmarks/af_mr/runs/dmin3.0/3MQ2/torchref_placed.pdb
Structure factor:  /das/work/units/LBR-FEL/p17490/Peter/Library/work_trees_torchref/dev/paper/data/3MQ2/3MQ2.mtz
Output directory:  /das/work/units/LBR-FEL/p17490/Peter/Library/work_trees_torchref/alignement/alignment_lab/benchmarks/af_mr/runs/dmin3.0/3MQ2/refine_torchref_mr
Refinement mode:   separate
X-ray target:      ml
Refinement cycles: 10
Rigid-body step:   on (iterations/cutoff = 30)
Device:            auto
ADP mode:          isotropic
Wavelength:        1 A
Manual weights:    {"adp": 0.02}
================================================================================

Initializing refinement...
FrenchWilson initialized:
  Reflections: 47779
  Resolution: 1.69 - 46.74 Å
  Space group: SpaceGroup('P21', number=4, n_ops=2)
  Centric: 1848 (3.9%)
French-Wilson input guard: 224/47779 (0.4688%) reflections unusable as intensities (absent, or too negative to be a noisy measurement)
found non-finite F values (NaN/Inf):  224
found non-finite F_sigma values (NaN/Inf):  224
Wilson outlier rejection: 0/43896 (0.0000%) of tested reflections flagged (0 too strong, 0 too weak)
Loaded 3106 atoms
Building restraints...
Found 109 link definitions

Building VDW (non-bonded) restraints...
  Symmetry expansion: 39 valid (symop, offset) combos
  Grid: [8, 10, 12], 742/960 cells occupied, max 540 entries/cell
  Built 51376 VDW restraints, 1560 symmetry contacts
  Hydrogen topology: 3094 riding H atoms
  H candidate pairs: 126985 (32474 H-H, 94511 H-heavy, 3581 symmetry)
================================================================================
Restraints Summary
================================================================================
CIF file: None
Residue types in dictionary: 20

INTRA-RESIDUE RESTRAINTS:
--------------------------------------------------------------------------------
  Bonds: 2778
  Angles: 3086
  Torsions: 844
  Planes: 608
  Chirals: 474

INTER-RESIDUE RESTRAINTS:
--------------------------------------------------------------------------------
  Peptide bonds: 402
  Peptide angles: 1240
  Disulfide bonds: 0
  Disulfide angles: 0
  Disulfide torsions: 0
  LINK bonds: 0

BACKBONE TORSIONS:
--------------------------------------------------------------------------------
  Phi: 402
  Psi: 402
  Omega: 402
  Ramachandran: 398

VDW RESTRAINTS:
--------------------------------------------------------------------------------
  Non-bonded contacts: 51376 (49816 intra-ASU, 1560 symmetry)
================================================================================
Generated 3094 hydrogens
ADP representation: isotropic, 6200 parameters, 7.5 work reflections each
Initialized ScalerBase with 10 bins.
Building restraints...

Building VDW (non-bonded) restraints...
  Symmetry expansion: 39 valid (symop, offset) combos
  Grid: [8, 10, 12], 796/960 cells occupied, max 918 entries/cell
  Built 216549 VDW restraints, 7572 symmetry contacts
================================================================================
Restraints Summary
================================================================================
CIF file: None
Residue types in dictionary: 20

INTRA-RESIDUE RESTRAINTS:
--------------------------------------------------------------------------------
  Bonds: 5872
  Angles: 9774
  Torsions: 1254
  Planes: 1046
  Chirals: 474

INTER-RESIDUE RESTRAINTS:
--------------------------------------------------------------------------------
  Peptide bonds: 402
  Peptide angles: 1608
  Disulfide bonds: 0
  Disulfide angles: 0
  Disulfide torsions: 0
  LINK bonds: 0

BACKBONE TORSIONS:
--------------------------------------------------------------------------------
  Phi: 402
  Psi: 402
  Omega: 402
  Ramachandran: 398

VDW RESTRAINTS:
--------------------------------------------------------------------------------
  Non-bonded contacts: 216549 (208977 intra-ASU, 7572 symmetry)
================================================================================
Initializing TotalGeometryTarget with component targets...
Initializing TotalADPTarget with component targets: simu, locality, sigd
Parametrization built for 5 unique atom types
SfFFT: Using late symmetry (reciprocal space)
Calculating initial scale factors using 10 bins.
Refining scales with LBFGS...
Scale refinement complete. rwork: 0.4621, rfree: 0.4582

Final Scale Parameters: 
  c_iso: tensor([-0.5143,  2.2646,  0.6675, -0.0705,  0.0409, -0.0220])
  U: tensor([ 0.7586,  0.7239,  0.7055,  0.0048,  0.0181, -0.0128])
  solvent.log_k_solvent: -0.9053672552108765
  solvent.log_ss_half: -4.0640387535095215
  solvent.log_n_exp: 1.2342867851257324
  solvent.phase_offset: -0.04643947258591652
Initialized targets with xray_mode='ml'
Applied manual group weights: {'xray': 1.0, 'geometry': 0.2, 'geometry/ramachandran': 0.0, 'adp': 0.02, 'adp/sigd': 1.0, 'adp/node_load': 10.0, 'adp/node_smoothness': 0.0}
Refinement initialized successfully.

Starting refinement with 10 macro cycles...

Rigid-body step enabled: one multi-resolution rigid-body pass will run once at the start of refinement.


--- Rigid-body step (once, at start) ---
Switched to rigid-body parametrization: RigidXYZTensor(n_atoms=6200, n_chains=2) (2 chain(s))
Filtering: 1120/47779 reflections in range [inf - 6.0] Å (1104 valid after all masks)
Initialized ScalerBase with 10 bins.
Calculating initial scale factors using 10 bins.
Calculating initial scale factors using 10 bins.
Refining scales with LBFGS...
Scale refinement complete. rwork: 0.3476, rfree: 0.4105

Final Scale Parameters: 
  c_iso: tensor([-2.2747,  0.0094, -0.3982,  0.2061,  0.1928,  0.2554])
  U: tensor([ 0.9763,  0.7978,  0.6976,  0.0505,  0.0309, -0.1729])
  solvent.log_k_solvent: -0.9228299260139465
  solvent.log_ss_half: -3.8005008697509766
  solvent.log_n_exp: 1.7656378746032715
  solvent.phase_offset: -0.06416122615337372
  rigid-body d_min=6.00 (lbfgs, iters=30): Rwork=0.3395 Rfree=0.4293
Filtering: 7263/47779 reflections in range [inf - 3.1844984395638307] Å (7237 valid after all masks)
Initialized ScalerBase with 10 bins.
Calculating initial scale factors using 10 bins.
Calculating initial scale factors using 10 bins.
Refining scales with LBFGS...
Scale refinement complete. rwork: 0.3984, rfree: 0.3978

Final Scale Parameters: 
  c_iso: tensor([-2.0012,  0.2353, -0.6620,  0.1077,  0.3340,  0.4077])
  U: tensor([ 0.8140,  0.8047,  0.7516,  0.0083,  0.0188, -0.0323])
  solvent.log_k_solvent: -0.9261484146118164
  solvent.log_ss_half: -4.100866794586182
  solvent.log_n_exp: 1.2234162092208862
  solvent.phase_offset: -0.061541032046079636
  rigid-body d_min=3.18 (lbfgs, iters=30): Rwork=0.3996 Rfree=0.3886
Filtering: 47763/47779 reflections in range [inf - 1.690171718597412] Å (47555 valid after all masks)
Initialized ScalerBase with 10 bins.
Calculating initial scale factors using 10 bins.
Calculating initial scale factors using 10 bins.
Refining scales with LBFGS...
Scale refinement complete. rwork: 0.4479, rfree: 0.4407

Final Scale Parameters: 
  c_iso: tensor([-0.4110,  2.4031,  0.6869, -0.0689,  0.0318, -0.0209])
  U: tensor([ 0.7973,  0.7656,  0.7403,  0.0050,  0.0149, -0.0132])
  solvent.log_k_solvent: -0.91416996717453
  solvent.log_ss_half: -4.036476135253906
  solvent.log_n_exp: 1.1328485012054443
  solvent.phase_offset: -0.038659945130348206
  rigid-body d_min=1.69 (lbfgs, iters=30): Rwork=0.4540 Rfree=0.4503
Initialized ScalerBase with 10 bins.
Calculating initial scale factors using 10 bins.
Calculating initial scale factors using 10 bins.
Refining scales with LBFGS...
Scale refinement complete. rwork: 0.4464, rfree: 0.4366

Final Scale Parameters: 
  c_iso: tensor([-0.5353,  2.2308,  0.6560, -0.0765,  0.0382, -0.0239])
  U: tensor([ 0.7487,  0.7152,  0.6915,  0.0043,  0.0155, -0.0122])
  solvent.log_k_solvent: -0.9066936373710632
  solvent.log_ss_half: -4.038028240203857
  solvent.log_n_exp: 1.1573768854141235
  solvent.phase_offset: -0.04004865139722824
Initialized ScalerBase with 10 bins.
Calculating initial scale factors using 10 bins.
Calculating initial scale factors using 10 bins.
Refining scales with LBFGS...
Scale refinement complete. rwork: 0.4464, rfree: 0.4366

Final Scale Parameters: 
  c_iso: tensor([-0.5219,  2.2523,  0.6581, -0.0747,  0.0373, -0.0232])
  U: tensor([ 0.7542,  0.7207,  0.6969,  0.0042,  0.0155, -0.0122])
  solvent.log_k_solvent: -0.9080047607421875
  solvent.log_ss_half: -4.042131423950195
  solvent.log_n_exp: 1.1533174514770508
  solvent.phase_offset: -0.04052882641553879

============================================================
LBFGS Refinement - Cycle 1/10
============================================================
Refining scales with LBFGS...
Scale refinement complete. rwork: 0.4464, rfree: 0.4366

Final Scale Parameters: 
  c_iso: tensor([-0.5238,  2.2491,  0.6581, -0.0749,  0.0375, -0.0233])
  U: tensor([ 0.7534,  0.7199,  0.6962,  0.0042,  0.0155, -0.0123])
  solvent.log_k_solvent: -0.9078552722930908
  solvent.log_ss_half: -4.041214942932129
  solvent.log_n_exp: 1.1526775360107422
  solvent.phase_offset: -0.04062705114483833
After scaling: Rwork=0.4464, Rfree=0.4366
  VDW rebuild: max drift 3.57 Å > threshold 1.00 Å

Building VDW (non-bonded) restraints...
  Symmetry expansion: 39 valid (symop, offset) combos
  Grid: [8, 10, 12], 796/960 cells occupied, max 918 entries/cell
  Built 216549 VDW restraints, 7572 symmetry contacts

────────────────────────────────────────────────────────────────────
  XYZ Refinement
────────────────────────────────────────────────────────────────────

  adp (weight: 0.0200)
  ────────────────────────────────────────────────────────────────
    Metric                       Before      After     Change
    locality                     6605.9     6605.9     0.0000
    scaler_U                    37480.4    37480.4     0.0000
    scaler_log_scale           884670.2   884670.2     0.0000
    sigd                         3960.2     3960.2     0.0000
    simu                        10371.9    10371.9     0.0000

  geometry (weight: 0.2000)
  ────────────────────────────────────────────────────────────────
    Metric                       Before      After     Change
    angle                      -25668.6   -26960.3    -1291.7
    bond                       -19467.6   -20636.8    -1169.2
    chiral                    -251.4007  -292.6976   -41.2968
    nonbonded                  -38044.4   -56634.6   -18590.2
    planarity                  -12406.8   -12655.7  -248.9092
    torsion                      8199.6     8268.4   +68.8154

  other (weight: 1.0000)
  ────────────────────────────────────────────────────────────────
    Metric                       Before      After     Change
    xray                       147054.8   144565.0    -2489.8

  Group Totals
  ────────────────────────────────────────────────────────────────
    Group                        Before      After     Change
    adp                         18861.8    18861.8     0.0000
    geometry                   -17527.8   -21782.3    -4254.5
    xray                       147054.8   144565.0    -2489.8
────────────────────────────────────────────────────────────────────
  VDW rebuild: max drift 3.57 Å > threshold 1.00 Å

Building VDW (non-bonded) restraints...
  Symmetry expansion: 39 valid (symop, offset) combos
  Grid: [8, 10, 12], 796/960 cells occupied, max 918 entries/cell
  Built 216549 VDW restraints, 7572 symmetry contacts

────────────────────────────────────────────────────────────────────
  ADP Refinement
────────────────────────────────────────────────────────────────────

  adp (weight: 0.0200)
  ────────────────────────────────────────────────────────────────
    Metric                       Before      After     Change
    locality                     6555.7    30096.2   +23540.5
    scaler_U                    37480.4    37480.4     0.0000
    scaler_log_scale           884670.2   884670.2     0.0000
    sigd                         3960.2     4655.5  +695.2058
    simu                        10371.9    15133.5    +4761.6

  geometry (weight: 0.2000)
  ────────────────────────────────────────────────────────────────
    Metric                       Before      After     Change
    angle                      -26960.3   -26960.3     0.0000
    bond                       -20636.8   -20636.8     0.0000
    chiral                    -292.6976  -292.6976     0.0000
    nonbonded                  -56634.6   -56634.6     0.0000
    planarity                  -12655.7   -12655.7     0.0000
    torsion                      8268.4     8268.4     0.0000

  other (weight: 1.0000)
  ────────────────────────────────────────────────────────────────
    Metric                       Before      After     Change
    xray                       144565.0   141501.1    -3063.9

  Group Totals
  ────────────────────────────────────────────────────────────────
    Group                        Before      After     Change
    adp                         18860.8    19440.7  +579.9452
    geometry                   -21782.3   -21782.3     0.0000
    xray                       144565.0   141501.1    -3063.9
────────────────────────────────────────────────────────────────────

============================================================
LBFGS Refinement - Cycle 2/10
============================================================
Refining scales with LBFGS...
Scale refinement complete. rwork: 0.3794, rfree: 0.4040

Final Scale Parameters: 
  c_iso: tensor([-0.5495,  2.1880,  0.6170, -0.1026,  0.0608, -0.0292])
  U: tensor([ 0.7425,  0.7052,  0.6848,  0.0024,  0.0172, -0.0083])
  solvent.log_k_solvent: -0.9125300645828247
  solvent.log_ss_half: -4.147318363189697
  solvent.log_n_exp: 1.0166875123977661
  solvent.phase_offset: -0.03379322588443756
After scaling: Rwork=0.3794, Rfree=0.4040
  VDW rebuild: max drift 3.65 Å > threshold 1.00 Å

Building VDW (non-bonded) restraints...
  Symmetry expansion: 39 valid (symop, offset) combos
  Grid: [8, 10, 12], 796/960 cells occupied, max 918 entries/cell
  Built 216549 VDW restraints, 7572 symmetry contacts

────────────────────────────────────────────────────────────────────
  XYZ Refinement
────────────────────────────────────────────────────────────────────

  adp (weight: 0.0200)
  ────────────────────────────────────────────────────────────────
    Metric                       Before      After     Change
    locality                    30096.2    30096.2     0.0000
    scaler_U                    36211.3    36211.3     0.0000
    scaler_log_scale           812356.8   812356.8     0.0000
    sigd                         4655.5     4655.5     0.0000
    simu                        15133.5    15133.5     0.0000

  geometry (weight: 0.2000)
  ────────────────────────────────────────────────────────────────
    Metric                       Before      After     Change
    angle                      -26960.3   -27276.8  -316.5039
    bond                       -20636.8   -20659.7   -22.8906
    chiral                    -292.6976  -284.8129    +7.8846
    nonbonded                  -56634.6   -56624.0   +10.6016
    planarity                  -12655.7   -12762.2  -106.4775
    torsion                      8268.4     8330.2   +61.7363

  other (weight: 1.0000)
  ────────────────────────────────────────────────────────────────
    Metric                       Before      After     Change
    xray                       141444.3   137967.1    -3477.3

  Group Totals
  ────────────────────────────────────────────────────────────────
    Group                        Before      After     Change
    adp                         17969.1    17969.1     0.0000
    geometry                   -21782.3   -21855.5   -73.1300
    xray                       141444.3   137967.1    -3477.3
────────────────────────────────────────────────────────────────────
  VDW rebuild: max drift 3.65 Å > threshold 1.00 Å

Building VDW (non-bonded) restraints...
  Symmetry expansion: 39 valid (symop, offset) combos
  Grid: [8, 10, 12], 796/960 cells occupied, max 918 entries/cell
  Built 216549 VDW restraints, 7572 symmetry contacts

────────────────────────────────────────────────────────────────────
  ADP Refinement
────────────────────────────────────────────────────────────────────

  adp (weight: 0.0200)
  ────────────────────────────────────────────────────────────────
    Metric                       Before      After     Change
    locality                    30029.9    39572.6    +9542.7
    scaler_U                    36211.3    36211.3     0.0000
    scaler_log_scale           812356.8   812356.8     0.0000
    sigd                         4655.5     4881.9  +226.4932
    simu                        15133.5    16823.3    +1689.9

  geometry (weight: 0.2000)
  ────────────────────────────────────────────────────────────────
    Metric                       Before      After     Change
    angle                      -27276.8   -27276.8     0.0000
    bond                       -20659.7   -20659.7     0.0000
    chiral                    -284.8129  -284.8129     0.0000
    nonbonded                  -56624.0   -56624.0     0.0000
    planarity                  -12762.2   -12762.2     0.0000
    torsion                      8330.2     8330.2     0.0000

  other (weight: 1.0000)
  ────────────────────────────────────────────────────────────────
    Metric                       Before      After     Change
    xray                       137967.1   137215.8  -751.2812

  Group Totals
  ────────────────────────────────────────────────────────────────
    Group                        Before      After     Change
    adp                         17967.7    18196.9  +229.1822
    geometry                   -21855.5   -21855.5     0.0000
    xray                       137967.1   137215.8  -751.2812
────────────────────────────────────────────────────────────────────

============================================================
LBFGS Refinement - Cycle 3/10
============================================================
Refining scales with LBFGS...
Scale refinement complete. rwork: 0.3377, rfree: 0.3769

Final Scale Parameters: 
  c_iso: tensor([-1.1628,  1.3219,  0.4458, -0.1372,  0.0784, -0.0426])
  U: tensor([ 0.5082,  0.4681,  0.4513,  0.0027,  0.0175, -0.0076])
  solvent.log_k_solvent: -0.8795487284660339
  solvent.log_ss_half: -4.020791530609131
  solvent.log_n_exp: 1.2579152584075928
  solvent.phase_offset: -0.0227613877505064
After scaling: Rwork=0.3377, Rfree=0.3769
  VDW rebuild: max drift 4.08 Å > threshold 1.00 Å

Building VDW (non-bonded) restraints...
  Symmetry expansion: 39 valid (symop, offset) combos
  Grid: [8, 10, 12], 796/960 cells occupied, max 918 entries/cell
  Built 216549 VDW restraints, 7572 symmetry contacts

────────────────────────────────────────────────────────────────────
  XYZ Refinement
────────────────────────────────────────────────────────────────────

  adp (weight: 0.0200)
  ────────────────────────────────────────────────────────────────
    Metric                       Before      After     Change
    locality                    39572.6    39572.6     0.0000
    scaler_U                    16229.2    16229.2     0.0000
    scaler_log_scale           324462.8   324462.8     0.0000
    sigd                         4881.9     4881.9     0.0000
    simu                        16823.3    16823.3     0.0000

  geometry (weight: 0.2000)
  ────────────────────────────────────────────────────────────────
    Metric                       Before      After     Change
    angle                      -27276.8   -27637.5  -360.7285
    bond                       -20659.7   -20772.1  -112.4004
    chiral                    -284.8129  -292.6006    -7.7877
    nonbonded                  -56624.0   -56678.2   -54.1406
    planarity                  -12762.2   -12789.3   -27.0996
    torsion                      8330.2     8364.3   +34.1816

  other (weight: 1.0000)
  ────────────────────────────────────────────────────────────────
    Metric                       Before      After     Change
    xray                       137251.8   135263.4    -1988.3

  Group Totals
  ────────────────────────────────────────────────────────────────
    Group                        Before      After     Change
    adp                          8039.4     8039.4     0.0000
    geometry                   -21855.5   -21961.1  -105.5948
    xray                       137251.8   135263.4    -1988.3
────────────────────────────────────────────────────────────────────
  VDW rebuild: max drift 4.08 Å > threshold 1.00 Å

Building VDW (non-bonded) restraints...
  Symmetry expansion: 39 valid (symop, offset) combos
  Grid: [8, 10, 12], 796/960 cells occupied, max 918 entries/cell
  Built 216549 VDW restraints, 7572 symmetry contacts

────────────────────────────────────────────────────────────────────
  ADP Refinement
────────────────────────────────────────────────────────────────────

  adp (weight: 0.0200)
  ────────────────────────────────────────────────────────────────
    Metric                       Before      After     Change
    locality                    39525.8    42696.2    +3170.4
    scaler_U                    16229.2    16229.2     0.0000
    scaler_log_scale           324462.8   324462.8     0.0000
    sigd                         4881.9     4858.5   -23.4263
    simu                        16823.3    17695.2  +871.8965

  geometry (weight: 0.2000)
  ────────────────────────────────────────────────────────────────
    Metric                       Before      After     Change
    angle                      -27637.5   -27637.5     0.0000
    bond                       -20772.1   -20772.1     0.0000
    chiral                    -292.6006  -292.6006     0.0000
    nonbonded                  -56678.2   -56678.2     0.0000
    planarity                  -12789.3   -12789.3     0.0000
    torsion                      8364.3     8364.3     0.0000

  other (weight: 1.0000)
  ────────────────────────────────────────────────────────────────
    Metric                       Before      After     Change
    xray                       135263.4   135083.2  -180.2188

  Group Totals
  ────────────────────────────────────────────────────────────────
    Group                        Before      After     Change
    adp                          8038.5     8118.8   +80.3771
    geometry                   -21961.1   -21961.1     0.0000
    xray                       135263.4   135083.2  -180.2188
────────────────────────────────────────────────────────────────────

============================================================
LBFGS Refinement - Cycle 4/10
============================================================
Refining scales with LBFGS...
Scale refinement complete. rwork: 0.3199, rfree: 0.3612

Final Scale Parameters: 
  c_iso: tensor([-1.1649,  1.3209,  0.4428, -0.1371,  0.0805, -0.0458])
  U: tensor([ 0.5106,  0.4684,  0.4513,  0.0021,  0.0182, -0.0059])
  solvent.log_k_solvent: -0.8809923529624939
  solvent.log_ss_half: -4.028417587280273
  solvent.log_n_exp: 1.2585505247116089
  solvent.phase_offset: -0.016917094588279724
After scaling: Rwork=0.3199, Rfree=0.3612
  VDW rebuild: max drift 4.29 Å > threshold 1.00 Å

Building VDW (non-bonded) restraints...
  Symmetry expansion: 39 valid (symop, offset) combos
  Grid: [8, 10, 12], 796/960 cells occupied, max 918 entries/cell
  Built 216549 VDW restraints, 7572 symmetry contacts

────────────────────────────────────────────────────────────────────
  XYZ Refinement
────────────────────────────────────────────────────────────────────

  adp (weight: 0.0200)
  ────────────────────────────────────────────────────────────────
    Metric                       Before      After     Change
    locality                    42696.2    42696.2     0.0000
    scaler_U                    16290.9    16290.9     0.0000
    scaler_log_scale           322724.8   322724.8     0.0000
    sigd                         4858.5     4858.5     0.0000
    simu                        17695.2    17695.2     0.0000

  geometry (weight: 0.2000)
  ────────────────────────────────────────────────────────────────
    Metric                       Before      After     Change
    angle                      -27637.5   -27535.1  +102.4316
    bond                       -20772.1   -20768.1    +3.9941
    chiral                    -292.6006  -285.9962    +6.6044
    nonbonded                  -56678.2   -56610.5   +67.6328
    planarity                  -12789.3   -12791.8    -2.4473
    torsion                      8364.3     8351.3   -13.0674

  other (weight: 1.0000)
  ────────────────────────────────────────────────────────────────
    Metric                       Before      After     Change
    xray                       135120.6   134094.4    -1026.2

  Group Totals
  ────────────────────────────────────────────────────────────────
    Group                        Before      After     Change
    adp                          8085.3     8085.3     0.0000
    geometry                   -21961.1   -21928.0   +33.0294
    xray                       135120.6   134094.4    -1026.2
────────────────────────────────────────────────────────────────────
  VDW rebuild: max drift 4.29 Å > threshold 1.00 Å

Building VDW (non-bonded) restraints...
  Symmetry expansion: 39 valid (symop, offset) combos
  Grid: [8, 10, 12], 796/960 cells occupied, max 918 entries/cell
  Built 216549 VDW restraints, 7572 symmetry contacts

────────────────────────────────────────────────────────────────────
  ADP Refinement
────────────────────────────────────────────────────────────────────

  adp (weight: 0.0200)
  ────────────────────────────────────────────────────────────────
    Metric                       Before      After     Change
    locality                    42648.9    42658.3    +9.3867
    scaler_U                    16290.9    16290.9     0.0000
    scaler_log_scale           322724.8   322724.8     0.0000
    sigd                         4858.5     4836.9   -21.6377
    simu                        17695.2    17521.8  -173.4531

  geometry (weight: 0.2000)
  ────────────────────────────────────────────────────────────────
    Metric                       Before      After     Change
    angle                      -27535.1   -27535.1     0.0000
    bond                       -20768.1   -20768.1     0.0000
    chiral                    -285.9962  -285.9962     0.0000
    nonbonded                  -56610.5   -56610.5     0.0000
    planarity                  -12791.8   -12791.8     0.0000
    torsion                      8351.3     8351.3     0.0000

  other (weight: 1.0000)
  ────────────────────────────────────────────────────────────────
    Metric                       Before      After     Change
    xray                       134094.4   134089.3    -5.0469

  Group Totals
  ────────────────────────────────────────────────────────────────
    Group                        Before      After     Change
    adp                          8084.4     8080.7    -3.7141
    geometry                   -21928.0   -21928.0     0.0000
    xray                       134094.4   134089.3    -5.0469
────────────────────────────────────────────────────────────────────

============================================================
LBFGS Refinement - Cycle 5/10
============================================================
Refining scales with LBFGS...
Scale refinement complete. rwork: 0.3111, rfree: 0.3535

Final Scale Parameters: 
  c_iso: tensor([-1.1629,  1.3131,  0.4477, -0.1380,  0.0810, -0.0465])
  U: tensor([ 0.5140,  0.4721,  0.4546,  0.0023,  0.0180, -0.0058])
  solvent.log_k_solvent: -0.8792462944984436
  solvent.log_ss_half: -4.0385308265686035
  solvent.log_n_exp: 1.271644949913025
  solvent.phase_offset: -0.013455593027174473
After scaling: Rwork=0.3111, Rfree=0.3535
  VDW rebuild: max drift 4.79 Å > threshold 1.00 Å

Building VDW (non-bonded) restraints...
  Symmetry expansion: 39 valid (symop, offset) combos
  Grid: [8, 10, 12], 796/960 cells occupied, max 918 entries/cell
  Built 216549 VDW restraints, 7572 symmetry contacts

────────────────────────────────────────────────────────────────────
  XYZ Refinement
────────────────────────────────────────────────────────────────────

  adp (weight: 0.0200)
  ────────────────────────────────────────────────────────────────
    Metric                       Before      After     Change
    locality                    42658.3    42658.3     0.0000
    scaler_U                    16527.8    16527.8     0.0000
    scaler_log_scale           322404.6   322404.6     0.0000
    sigd                         4836.9     4836.9     0.0000
    simu                        17521.8    17521.8     0.0000

  geometry (weight: 0.2000)
  ────────────────────────────────────────────────────────────────
    Metric                       Before      After     Change
    angle                      -27535.1   -27681.2  -146.1172
    bond                       -20768.1   -20852.0   -83.9336
    chiral                    -285.9962  -289.0770    -3.0808
    nonbonded                  -56610.5   -56634.0   -23.4688
    planarity                  -12791.8   -12814.5   -22.7539
    torsion                      8351.3     8348.9    -2.4014

  other (weight: 1.0000)
  ────────────────────────────────────────────────────────────────
    Metric                       Before      After     Change
    xray                       134222.8   133351.8  -871.0000

  Group Totals
  ────────────────────────────────────────────────────────────────
    Group                        Before      After     Change
    adp                          8079.0     8079.0     0.0000
    geometry                   -21928.0   -21984.4   -56.3508
    xray                       134222.8   133351.8  -871.0000
────────────────────────────────────────────────────────────────────
  VDW rebuild: max drift 4.79 Å > threshold 1.00 Å

Building VDW (non-bonded) restraints...
  Symmetry expansion: 39 valid (symop, offset) combos
  Grid: [8, 10, 12], 796/960 cells occupied, max 918 entries/cell
  Built 216549 VDW restraints, 7572 symmetry contacts

────────────────────────────────────────────────────────────────────
  ADP Refinement
────────────────────────────────────────────────────────────────────

  adp (weight: 0.0200)
  ────────────────────────────────────────────────────────────────
    Metric                       Before      After     Change
    locality                    42684.0    42511.7  -172.2734
    scaler_U                    16527.8    16527.8     0.0000
    scaler_log_scale           322404.6   322404.6     0.0000
    sigd                         4836.9     4809.1   -27.8130
    simu                        17521.8    17409.8  -111.9473

  geometry (weight: 0.2000)
  ────────────────────────────────────────────────────────────────
    Metric                       Before      After     Change
    angle                      -27681.2   -27681.2     0.0000
    bond                       -20852.0   -20852.0     0.0000
    chiral                    -289.0770  -289.0770     0.0000
    nonbonded                  -56634.0   -56634.0     0.0000
    planarity                  -12814.5   -12814.5     0.0000
    torsion                      8348.9     8348.9     0.0000

  other (weight: 1.0000)
  ────────────────────────────────────────────────────────────────
    Metric                       Before      After     Change
    xray                       133351.8   133367.8   +15.9375

  Group Totals
  ────────────────────────────────────────────────────────────────
    Group                        Before      After     Change
    adp                          8079.5     8073.3    -6.2406
    geometry                   -21984.4   -21984.4     0.0000
    xray                       133351.8   133367.8   +15.9375
────────────────────────────────────────────────────────────────────

============================================================
LBFGS Refinement - Cycle 6/10
============================================================
Refining scales with LBFGS...
Scale refinement complete. rwork: 0.3054, rfree: 0.3483

Final Scale Parameters: 
  c_iso: tensor([-1.3144,  1.1180,  0.4017, -0.1394,  0.0812, -0.0481])
  U: tensor([ 0.4611,  0.4184,  0.4009,  0.0016,  0.0184, -0.0053])
  solvent.log_k_solvent: -0.8710695505142212
  solvent.log_ss_half: -3.9937124252319336
  solvent.log_n_exp: 1.3882614374160767
  solvent.phase_offset: -0.009297836571931839
After scaling: Rwork=0.3054, Rfree=0.3483
  VDW rebuild: max drift 4.61 Å > threshold 1.00 Å

Building VDW (non-bonded) restraints...
  Symmetry expansion: 39 valid (symop, offset) combos
  Grid: [8, 10, 12], 796/960 cells occupied, max 918 entries/cell
  Built 216549 VDW restraints, 7572 symmetry contacts

────────────────────────────────────────────────────────────────────
  XYZ Refinement
────────────────────────────────────────────────────────────────────

  adp (weight: 0.0200)
  ────────────────────────────────────────────────────────────────
    Metric                       Before      After     Change
    locality                    42511.7    42511.7     0.0000
    scaler_U                    13055.2    13055.2     0.0000
    scaler_log_scale           240644.6   240644.6     0.0000
    sigd                         4809.1     4809.1     0.0000
    simu                        17409.8    17409.8     0.0000

  geometry (weight: 0.2000)
  ────────────────────────────────────────────────────────────────
    Metric                       Before      After     Change
    angle                      -27681.2   -27626.2   +55.0391
    bond                       -20852.0   -20838.2   +13.7754
    chiral                    -289.0770  -282.5930    +6.4839
    nonbonded                  -56634.0   -56564.3   +69.7188
    planarity                  -12814.5   -12824.2    -9.6865
    torsion                      8348.9     8332.0   -16.8379

  other (weight: 1.0000)
  ────────────────────────────────────────────────────────────────
    Metric                       Before      After     Change
    xray                       133464.2   132944.4  -519.8281

  Group Totals
  ────────────────────────────────────────────────────────────────
    Group                        Before      After     Change
    adp                          6368.6     6368.6     0.0000
    geometry                   -21984.4   -21960.7   +23.6980
    xray                       133464.2   132944.4  -519.8281
────────────────────────────────────────────────────────────────────
  VDW rebuild: max drift 4.61 Å > threshold 1.00 Å

Building VDW (non-bonded) restraints...
  Symmetry expansion: 39 valid (symop, offset) combos
  Grid: [8, 10, 12], 796/960 cells occupied, max 918 entries/cell
  Built 216549 VDW restraints, 7572 symmetry contacts

────────────────────────────────────────────────────────────────────
  ADP Refinement
────────────────────────────────────────────────────────────────────

  adp (weight: 0.0200)
  ────────────────────────────────────────────────────────────────
    Metric                       Before      After     Change
    locality                    42508.0    42674.8  +166.7891
    scaler_U                    13055.2    13055.2     0.0000
    scaler_log_scale           240644.6   240644.6     0.0000
    sigd                         4809.1     4819.9   +10.8535
    simu                        17409.8    17264.9  -144.9785

  geometry (weight: 0.2000)
  ────────────────────────────────────────────────────────────────
    Metric                       Before      After     Change
    angle                      -27626.2   -27626.2     0.0000
    bond                       -20838.2   -20838.2     0.0000
    chiral                    -282.5930  -282.5930     0.0000
    nonbonded                  -56564.3   -56564.3     0.0000
    planarity                  -12824.2   -12824.2     0.0000
    torsion                      8332.0     8332.0     0.0000

  other (weight: 1.0000)
  ────────────────────────────────────────────────────────────────
    Metric                       Before      After     Change
    xray                       132944.4   132977.8   +33.4531

  Group Totals
  ────────────────────────────────────────────────────────────────
    Group                        Before      After     Change
    adp                          6368.5     6369.2    +0.6533
    geometry                   -21960.7   -21960.7     0.0000
    xray                       132944.4   132977.8   +33.4531
────────────────────────────────────────────────────────────────────

============================================================
LBFGS Refinement - Cycle 7/10
============================================================
Refining scales with LBFGS...
Scale refinement complete. rwork: 0.3023, rfree: 0.3456

Final Scale Parameters: 
  c_iso: tensor([-1.3219,  1.1088,  0.4000, -0.1378,  0.0800, -0.0485])
  U: tensor([ 0.4624,  0.4199,  0.4021,  0.0016,  0.0185, -0.0055])
  solvent.log_k_solvent: -0.8683940768241882
  solvent.log_ss_half: -3.9945285320281982
  solvent.log_n_exp: 1.3637843132019043
  solvent.phase_offset: -0.006800831761211157
After scaling: Rwork=0.3023, Rfree=0.3456
  VDW rebuild: max drift 4.80 Å > threshold 1.00 Å

Building VDW (non-bonded) restraints...
  Symmetry expansion: 39 valid (symop, offset) combos
  Grid: [8, 10, 12], 796/960 cells occupied, max 918 entries/cell
  Built 216549 VDW restraints, 7572 symmetry contacts

────────────────────────────────────────────────────────────────────
  XYZ Refinement
────────────────────────────────────────────────────────────────────

  adp (weight: 0.0200)
  ────────────────────────────────────────────────────────────────
    Metric                       Before      After     Change
    locality                    42674.8    42674.8     0.0000
    scaler_U                    13135.9    13135.9     0.0000
    scaler_log_scale           237558.3   237558.3     0.0000
    sigd                         4819.9     4819.9     0.0000
    simu                        17264.9    17264.9     0.0000

  geometry (weight: 0.2000)
  ────────────────────────────────────────────────────────────────
    Metric                       Before      After     Change
    angle                      -27626.2   -27631.3    -5.0820
    bond                       -20838.2   -20866.0   -27.7559
    chiral                    -282.5930  -282.5504    +0.0426
    nonbonded                  -56564.3   -56553.0   +11.2734
    planarity                  -12824.2   -12819.0    +5.1787
    torsion                      8332.0     8327.4    -4.5986

  other (weight: 1.0000)
  ────────────────────────────────────────────────────────────────
    Metric                       Before      After     Change
    xray                       133112.9   132641.9  -470.9375

  Group Totals
  ────────────────────────────────────────────────────────────────
    Group                        Before      After     Change
    adp                          6309.1     6309.1     0.0000
    geometry                   -21960.7   -21964.9    -4.1881
    xray                       133112.9   132641.9  -470.9375
────────────────────────────────────────────────────────────────────
  VDW rebuild: max drift 4.80 Å > threshold 1.00 Å

Building VDW (non-bonded) restraints...
  Symmetry expansion: 39 valid (symop, offset) combos
  Grid: [8, 10, 12], 796/960 cells occupied, max 918 entries/cell
  Built 216549 VDW restraints, 7572 symmetry contacts

────────────────────────────────────────────────────────────────────
  ADP Refinement
────────────────────────────────────────────────────────────────────

  adp (weight: 0.0200)
  ────────────────────────────────────────────────────────────────
    Metric                       Before      After     Change
    locality                    42696.2    42746.8   +50.5625
    scaler_U                    13135.9    13135.9     0.0000
    scaler_log_scale           237558.3   237558.3     0.0000
    sigd                         4819.9     4828.8    +8.8687
    simu                        17264.9    17175.0   -89.8516

  geometry (weight: 0.2000)
  ────────────────────────────────────────────────────────────────
    Metric                       Before      After     Change
    angle                      -27631.3   -27631.3     0.0000
    bond                       -20866.0   -20866.0     0.0000
    chiral                    -282.5504  -282.5504     0.0000
    nonbonded                  -56553.0   -56553.0     0.0000
    planarity                  -12819.0   -12819.0     0.0000
    torsion                      8327.4     8327.4     0.0000

  other (weight: 1.0000)
  ────────────────────────────────────────────────────────────────
    Metric                       Before      After     Change
    xray                       132641.9   132701.3   +59.4062

  Group Totals
  ────────────────────────────────────────────────────────────────
    Group                        Before      After     Change
    adp                          6309.5     6308.9    -0.6084
    geometry                   -21964.9   -21964.9     0.0000
    xray                       132641.9   132701.3   +59.4062
────────────────────────────────────────────────────────────────────

============================================================
LBFGS Refinement - Cycle 8/10
============================================================
Refining scales with LBFGS...
Scale refinement complete. rwork: 0.2999, rfree: 0.3432

Final Scale Parameters: 
  c_iso: tensor([-1.3255,  1.1069,  0.3979, -0.1368,  0.0789, -0.0482])
  U: tensor([ 0.4651,  0.4224,  0.4047,  0.0015,  0.0187, -0.0058])
  solvent.log_k_solvent: -0.8684014081954956
  solvent.log_ss_half: -3.9737608432769775
  solvent.log_n_exp: 1.3954789638519287
  solvent.phase_offset: -0.009469238109886646
After scaling: Rwork=0.2999, Rfree=0.3432
  VDW rebuild: max drift 4.66 Å > threshold 1.00 Å

Building VDW (non-bonded) restraints...
  Symmetry expansion: 39 valid (symop, offset) combos
  Grid: [8, 10, 12], 796/960 cells occupied, max 918 entries/cell
  Built 216549 VDW restraints, 7572 symmetry contacts

────────────────────────────────────────────────────────────────────
  XYZ Refinement
────────────────────────────────────────────────────────────────────

  adp (weight: 0.0200)
  ────────────────────────────────────────────────────────────────
    Metric                       Before      After     Change
    locality                    42746.8    42746.8     0.0000
    scaler_U                    13297.2    13297.2     0.0000
    scaler_log_scale           236365.6   236365.6     0.0000
    sigd                         4828.8     4828.8     0.0000
    simu                        17175.0    17175.0     0.0000

  geometry (weight: 0.2000)
  ────────────────────────────────────────────────────────────────
    Metric                       Before      After     Change
    angle                      -27631.3   -27537.7   +93.5469
    bond                       -20866.0   -20791.9   +74.1133
    chiral                    -282.5504  -279.6004    +2.9500
    nonbonded                  -56553.0   -56512.6   +40.4531
    planarity                  -12819.0   -12808.5   +10.5303
    torsion                      8327.4     8317.0   -10.4697

  other (weight: 1.0000)
  ────────────────────────────────────────────────────────────────
    Metric                       Before      After     Change
    xray                       132799.6   132377.6  -422.0000

  Group Totals
  ────────────────────────────────────────────────────────────────
    Group                        Before      After     Change
    adp                          6288.3     6288.3     0.0000
    geometry                   -21964.9   -21922.7   +42.2247
    xray                       132799.6   132377.6  -422.0000
────────────────────────────────────────────────────────────────────
  VDW rebuild: max drift 4.66 Å > threshold 1.00 Å

Building VDW (non-bonded) restraints...
  Symmetry expansion: 39 valid (symop, offset) combos
  Grid: [8, 10, 12], 796/960 cells occupied, max 918 entries/cell
  Built 216549 VDW restraints, 7572 symmetry contacts

────────────────────────────────────────────────────────────────────
  ADP Refinement
────────────────────────────────────────────────────────────────────

  adp (weight: 0.0200)
  ────────────────────────────────────────────────────────────────
    Metric                       Before      After     Change
    locality                    42791.8    42446.7  -345.1602
    scaler_U                    13297.2    13297.2     0.0000
    scaler_log_scale           236365.6   236365.6     0.0000
    sigd                         4828.8     4833.4    +4.6021
    simu                        17175.0    16967.1  -207.9062

  geometry (weight: 0.2000)
  ────────────────────────────────────────────────────────────────
    Metric                       Before      After     Change
    angle                      -27537.7   -27537.7     0.0000
    bond                       -20791.9   -20791.9     0.0000
    chiral                    -279.6004  -279.6004     0.0000
    nonbonded                  -56512.6   -56512.6     0.0000
    planarity                  -12808.5   -12808.5     0.0000
    torsion                      8317.0     8317.0     0.0000

  other (weight: 1.0000)
  ────────────────────────────────────────────────────────────────
    Metric                       Before      After     Change
    xray                       132377.6   132455.9   +78.3281

  Group Totals
  ────────────────────────────────────────────────────────────────
    Group                        Before      After     Change
    adp                          6289.2     6278.2   -10.9693
    geometry                   -21922.7   -21922.7     0.0000
    xray                       132377.6   132455.9   +78.3281
────────────────────────────────────────────────────────────────────

============================================================
LBFGS Refinement - Cycle 9/10
============================================================
Refining scales with LBFGS...
Scale refinement complete. rwork: 0.2975, rfree: 0.3426

Final Scale Parameters: 
  c_iso: tensor([-1.3254,  1.1052,  0.3993, -0.1365,  0.0775, -0.0482])
  U: tensor([ 0.4688,  0.4260,  0.4082,  0.0017,  0.0188, -0.0060])
  solvent.log_k_solvent: -0.8658095002174377
  solvent.log_ss_half: -3.9631617069244385
  solvent.log_n_exp: 1.3959842920303345
  solvent.phase_offset: -0.007366890553385019
After scaling: Rwork=0.2975, Rfree=0.3426
  VDW rebuild: max drift 4.80 Å > threshold 1.00 Å

Building VDW (non-bonded) restraints...
  Symmetry expansion: 39 valid (symop, offset) combos
  Grid: [8, 10, 12], 796/960 cells occupied, max 918 entries/cell
  Built 216549 VDW restraints, 7572 symmetry contacts

────────────────────────────────────────────────────────────────────
  XYZ Refinement
────────────────────────────────────────────────────────────────────

  adp (weight: 0.0200)
  ────────────────────────────────────────────────────────────────
    Metric                       Before      After     Change
    locality                    42446.7    42446.7     0.0000
    scaler_U                    13520.4    13520.4     0.0000
    scaler_log_scale           236706.9   236706.9     0.0000
    sigd                         4833.4     4833.4     0.0000
    simu                        16967.1    16967.1     0.0000

  geometry (weight: 0.2000)
  ────────────────────────────────────────────────────────────────
    Metric                       Before      After     Change
    angle                      -27537.7   -27577.9   -40.2363
    bond                       -20791.9   -20851.7   -59.8516
    chiral                    -279.6004  -279.8948    -0.2944
    nonbonded                  -56512.6   -56521.2    -8.6445
    planarity                  -12808.5   -12818.0    -9.4521
    torsion                      8317.0     8316.9    -0.0254

  other (weight: 1.0000)
  ────────────────────────────────────────────────────────────────
    Metric                       Before      After     Change
    xray                       132568.4   132182.3  -386.0312

  Group Totals
  ────────────────────────────────────────────────────────────────
    Group                        Before      After     Change
    adp                          6289.5     6289.5     0.0000
    geometry                   -21922.7   -21946.4   -23.7000
    xray                       132568.4   132182.3  -386.0312
────────────────────────────────────────────────────────────────────
  VDW rebuild: max drift 4.80 Å > threshold 1.00 Å

Building VDW (non-bonded) restraints...
  Symmetry expansion: 39 valid (symop, offset) combos
  Grid: [8, 10, 12], 796/960 cells occupied, max 918 entries/cell
  Built 216549 VDW restraints, 7572 symmetry contacts

────────────────────────────────────────────────────────────────────
  ADP Refinement
────────────────────────────────────────────────────────────────────

  adp (weight: 0.0200)
  ────────────────────────────────────────────────────────────────
    Metric                       Before      After     Change
    locality                    42457.3    42650.0  +192.6406
    scaler_U                    13520.4    13520.4     0.0000
    scaler_log_scale           236706.9   236706.9     0.0000
    sigd                         4833.4     4844.4   +11.0376
    simu                        16967.1    16853.1  -113.9844

  geometry (weight: 0.2000)
  ────────────────────────────────────────────────────────────────
    Metric                       Before      After     Change
    angle                      -27577.9   -27577.9     0.0000
    bond                       -20851.7   -20851.7     0.0000
    chiral                    -279.8948  -279.8948     0.0000
    nonbonded                  -56521.2   -56521.2     0.0000
    planarity                  -12818.0   -12818.0     0.0000
    torsion                      8316.9     8316.9     0.0000

  other (weight: 1.0000)
  ────────────────────────────────────────────────────────────────
    Metric                       Before      After     Change
    xray                       132182.3   132220.1   +37.7344

  Group Totals
  ────────────────────────────────────────────────────────────────
    Group                        Before      After     Change
    adp                          6289.7     6291.5    +1.7939
    geometry                   -21946.4   -21946.4     0.0000
    xray                       132182.3   132220.1   +37.7344
────────────────────────────────────────────────────────────────────

============================================================
LBFGS Refinement - Cycle 10/10
============================================================
Refining scales with LBFGS...
Scale refinement complete. rwork: 0.2962, rfree: 0.3402

Final Scale Parameters: 
  c_iso: tensor([-1.3244,  1.0993,  0.4015, -0.1389,  0.0786, -0.0496])
  U: tensor([ 0.4716,  0.4288,  0.4106,  0.0017,  0.0189, -0.0060])
  solvent.log_k_solvent: -0.8640720248222351
  solvent.log_ss_half: -3.9647433757781982
  solvent.log_n_exp: 1.3962087631225586
  solvent.phase_offset: -0.006197046954184771
After scaling: Rwork=0.2962, Rfree=0.3402
  VDW rebuild: max drift 4.66 Å > threshold 1.00 Å

Building VDW (non-bonded) restraints...
  Symmetry expansion: 39 valid (symop, offset) combos
  Grid: [8, 10, 12], 796/960 cells occupied, max 918 entries/cell
  Built 216549 VDW restraints, 7572 symmetry contacts

────────────────────────────────────────────────────────────────────
  XYZ Refinement
────────────────────────────────────────────────────────────────────

  adp (weight: 0.0200)
  ────────────────────────────────────────────────────────────────
    Metric                       Before      After     Change
    locality                    42650.0    42650.0     0.0000
    scaler_U                    13684.9    13684.9     0.0000
    scaler_log_scale           235853.0   235853.0     0.0000
    sigd                         4844.4     4844.4     0.0000
    simu                        16853.1    16853.1     0.0000

  geometry (weight: 0.2000)
  ────────────────────────────────────────────────────────────────
    Metric                       Before      After     Change
    angle                      -27577.9   -27555.2   +22.7227
    bond                       -20851.7   -20809.7   +42.0176
    chiral                    -279.8948  -277.8342    +2.0605
    nonbonded                  -56521.2   -56495.0   +26.1797
    planarity                  -12818.0   -12819.3    -1.3555
    torsion                      8316.9     8313.8    -3.1035

  other (weight: 1.0000)
  ────────────────────────────────────────────────────────────────
    Metric                       Before      After     Change
    xray                       132310.9   132041.1  -269.8438

  Group Totals
  ────────────────────────────────────────────────────────────────
    Group                        Before      After     Change
    adp                          6277.7     6277.7     0.0000
    geometry                   -21946.4   -21928.7   +17.7035
    xray                       132310.9   132041.1  -269.8438
────────────────────────────────────────────────────────────────────
  VDW rebuild: max drift 4.66 Å > threshold 1.00 Å

Building VDW (non-bonded) restraints...
  Symmetry expansion: 39 valid (symop, offset) combos
  Grid: [8, 10, 12], 796/960 cells occupied, max 918 entries/cell
  Built 216549 VDW restraints, 7572 symmetry contacts

────────────────────────────────────────────────────────────────────
  ADP Refinement
────────────────────────────────────────────────────────────────────

  adp (weight: 0.0200)
  ────────────────────────────────────────────────────────────────
    Metric                       Before      After     Change
    locality                    42633.9    42729.7   +95.7695
    scaler_U                    13684.9    13684.9     0.0000
    scaler_log_scale           235853.0   235853.0     0.0000
    sigd                         4844.4     4853.2    +8.8047
    simu                        16853.1    16690.7  -162.4492

  geometry (weight: 0.2000)
  ────────────────────────────────────────────────────────────────
    Metric                       Before      After     Change
    angle                      -27555.2   -27555.2     0.0000
    bond                       -20809.7   -20809.7     0.0000
    chiral                    -277.8342  -277.8342     0.0000
    nonbonded                  -56495.0   -56495.0     0.0000
    planarity                  -12819.3   -12819.3     0.0000
    torsion                      8313.8     8313.8     0.0000

  other (weight: 1.0000)
  ────────────────────────────────────────────────────────────────
    Metric                       Before      After     Change
    xray                       132041.1   132117.6   +76.5000

  Group Totals
  ────────────────────────────────────────────────────────────────
    Group                        Before      After     Change
    adp                          6277.4     6276.2    -1.1575
    geometry                   -21928.7   -21928.7     0.0000
    xray                       132041.1   132117.6   +76.5000
────────────────────────────────────────────────────────────────────
Calculating initial scale factors using 10 bins.
Refining scales with LBFGS...
Scale refinement complete. rwork: 0.2949, rfree: 0.3396

Final Scale Parameters: 
  c_iso: tensor([-1.2994,  1.1357,  0.4085, -0.1376,  0.0773, -0.0495])
  U: tensor([ 0.4845,  0.4420,  0.4235,  0.0021,  0.0188, -0.0061])
  solvent.log_k_solvent: -0.8647813200950623
  solvent.log_ss_half: -3.9671380519866943
  solvent.log_n_exp: 1.360819697380066
  solvent.phase_offset: -0.007697443477809429

Refinement completed successfully.

Saving results to /das/work/units/LBR-FEL/p17490/Peter/Library/work_trees_torchref/alignement/alignment_lab/benchmarks/af_mr/runs/dmin3.0/3MQ2/refine_torchref_mr...
  Refined structure (PDB): /das/work/units/LBR-FEL/p17490/Peter/Library/work_trees_torchref/alignement/alignment_lab/benchmarks/af_mr/runs/dmin3.0/3MQ2/refine_torchref_mr/refined.pdb
  Refined structure (mmCIF): /das/work/units/LBR-FEL/p17490/Peter/Library/work_trees_torchref/alignement/alignment_lab/benchmarks/af_mr/runs/dmin3.0/3MQ2/refine_torchref_mr/refined.cif
Added map coefficients:
  2Fo-Fc: FWT, PHWT
  Fo-Fc: DELFWT, PHDELWT
  Resolution range: 1.69 - 46.74 Å
✓ Wrote MTZ file: /das/work/units/LBR-FEL/p17490/Peter/Library/work_trees_torchref/alignement/alignment_lab/benchmarks/af_mr/runs/dmin3.0/3MQ2/refine_torchref_mr/refined.mtz
  Reflections: 47779
  Columns: H, K, L, F-obs, SIGF-obs, I-obs, SIGI-obs, R-free-flags, FWT, PHWT, DELFWT, PHDELWT, F-model, PH-model
  Refined structure factors: /das/work/units/LBR-FEL/p17490/Peter/Library/work_trees_torchref/alignement/alignment_lab/benchmarks/af_mr/runs/dmin3.0/3MQ2/refine_torchref_mr/refined.mtz
  Refinement history: /das/work/units/LBR-FEL/p17490/Peter/Library/work_trees_torchref/alignement/alignment_lab/benchmarks/af_mr/runs/dmin3.0/3MQ2/refine_torchref_mr/refinement_history.json

================================================================================
Refinement Summary
================================================================================
R-work:  0.2949 (46620 reflections)
R-free:  0.3396 (935 reflections)
NLL work: 132217.12
NLL test: 2725.47
================================================================================

Output files:
  - /das/work/units/LBR-FEL/p17490/Peter/Library/work_trees_torchref/alignement/alignment_lab/benchmarks/af_mr/runs/dmin3.0/3MQ2/refine_torchref_mr/refined.pdb
  - /das/work/units/LBR-FEL/p17490/Peter/Library/work_trees_torchref/alignement/alignment_lab/benchmarks/af_mr/runs/dmin3.0/3MQ2/refine_torchref_mr/refined.cif
  - /das/work/units/LBR-FEL/p17490/Peter/Library/work_trees_torchref/alignement/alignment_lab/benchmarks/af_mr/runs/dmin3.0/3MQ2/refine_torchref_mr/refined.mtz
  - /das/work/units/LBR-FEL/p17490/Peter/Library/work_trees_torchref/alignement/alignment_lab/benchmarks/af_mr/runs/dmin3.0/3MQ2/refine_torchref_mr/refinement_history.json

Refinement completed successfully!

Timing: 420.4s wall, 1081.6s CPU
