/das/work/units/LBR-FEL/p17490/Peter/Library/work_trees_torchref/alignement/torchref/cli/refine.py:21: UserWarning: TorchRef using user-specified 8 threads from TORCHREF_NUM_THREADS.
  from torchref.cli._common import (
================================================================================
TorchRef LBFGS Refinement
================================================================================
Model:             /das/work/units/LBR-FEL/p17490/Peter/Library/work_trees_torchref/dev/paper/figure2_alphafold_start/placed/2W3X_af.pdb
Structure factor:  /das/work/units/LBR-FEL/p17490/Peter/Library/work_trees_torchref/dev/paper/data/2W3X/2W3X.mtz
Output directory:  /das/work/units/LBR-FEL/p17490/Peter/Library/work_trees_torchref/alignement/alignment_lab/benchmarks/af_mr/runs/dmin3.0/2W3X/refine_phaser_mr
Refinement mode:   separate
X-ray target:      ml
Refinement cycles: 10
Rigid-body step:   on (iterations/cutoff = 30)
Device:            auto
ADP mode:          isotropic
Wavelength:        1 A
Manual weights:    {"adp": 0.02}
================================================================================

Initializing refinement...
found non-finite F values (NaN/Inf):  0
found non-finite F_sigma values (NaN/Inf):  0
Wilson outlier rejection: 3/83255 (0.0036%) of tested reflections flagged (3 too strong, 0 too weak)
Loaded 6852 atoms
Building restraints...
Found 109 link definitions

Building VDW (non-bonded) restraints...
  Symmetry expansion: 38 valid (symop, offset) combos
  Grid: [16, 12, 20], 2940/3840 cells occupied, max 264 entries/cell
  Built 124049 VDW restraints, 11063 symmetry contacts
  Hydrogen topology: 6760 riding H atoms
  H candidate pairs: 295533 (72353 H-H, 223180 H-heavy, 22695 symmetry)
================================================================================
Restraints Summary
================================================================================
CIF file: None
Residue types in dictionary: 20

INTRA-RESIDUE RESTRAINTS:
--------------------------------------------------------------------------------
  Bonds: 6192
  Angles: 6960
  Torsions: 1884
  Planes: 1452
  Chirals: 978

INTER-RESIDUE RESTRAINTS:
--------------------------------------------------------------------------------
  Peptide bonds: 816
  Peptide angles: 2484
  Disulfide bonds: 0
  Disulfide angles: 0
  Disulfide torsions: 0
  LINK bonds: 0

BACKBONE TORSIONS:
--------------------------------------------------------------------------------
  Phi: 816
  Psi: 816
  Omega: 816
  Ramachandran: 804

VDW RESTRAINTS:
--------------------------------------------------------------------------------
  Non-bonded contacts: 124049 (112986 intra-ASU, 11063 symmetry)
================================================================================
Generated 6780 hydrogens
ADP representation: isotropic, 13632 parameters, 6.5 work reflections each
Initialized ScalerBase with 10 bins.
Building restraints...

Building VDW (non-bonded) restraints...
  Symmetry expansion: 38 valid (symop, offset) combos
  Grid: [16, 12, 20], 3116/3840 cells occupied, max 444 entries/cell
  Built 515663 VDW restraints, 47142 symmetry contacts
================================================================================
Restraints Summary
================================================================================
CIF file: None
Residue types in dictionary: 20

INTRA-RESIDUE RESTRAINTS:
--------------------------------------------------------------------------------
  Bonds: 12972
  Angles: 21462
  Torsions: 2796
  Planes: 2496
  Chirals: 978

INTER-RESIDUE RESTRAINTS:
--------------------------------------------------------------------------------
  Peptide bonds: 816
  Peptide angles: 3264
  Disulfide bonds: 0
  Disulfide angles: 0
  Disulfide torsions: 0
  LINK bonds: 0

BACKBONE TORSIONS:
--------------------------------------------------------------------------------
  Phi: 816
  Psi: 816
  Omega: 816
  Ramachandran: 804

VDW RESTRAINTS:
--------------------------------------------------------------------------------
  Non-bonded contacts: 515663 (468521 intra-ASU, 47142 symmetry)
================================================================================
Initializing TotalGeometryTarget with component targets...
Initializing TotalADPTarget with component targets: simu, locality, sigd
Parametrization built for 5 unique atom types
SfFFT: Using late symmetry (reciprocal space)
Calculating initial scale factors using 10 bins.
Refining scales with LBFGS...
Scale refinement complete. rwork: 0.4229, rfree: 0.4345

Final Scale Parameters: 
  c_iso: tensor([ 0.7277,  1.1960,  0.4206, -0.0115,  0.0299, -0.0086])
  U: tensor([ 0.3606,  0.5495,  0.4117,  0.0006,  0.0268, -0.0374])
  solvent.log_k_solvent: -0.8995934724807739
  solvent.log_ss_half: -4.047431468963623
  solvent.log_n_exp: 1.3186943531036377
  solvent.phase_offset: -0.01732766442000866
Initialized targets with xray_mode='ml'
Applied manual group weights: {'xray': 1.0, 'geometry': 0.2, 'geometry/ramachandran': 0.0, 'adp': 0.02, 'adp/sigd': 1.0, 'adp/node_load': 10.0, 'adp/node_smoothness': 0.0}
Refinement initialized successfully.

Starting refinement with 10 macro cycles...

Rigid-body step enabled: one multi-resolution rigid-body pass will run once at the start of refinement.


--- Rigid-body step (once, at start) ---
Switched to rigid-body parametrization: RigidXYZTensor(n_atoms=13632, n_chains=6) (6 chain(s))
Filtering: 2219/90876 reflections in range [inf - 6.0] Å (2219 valid after all masks)
Initialized ScalerBase with 10 bins.
Calculating initial scale factors using 10 bins.
Calculating initial scale factors using 10 bins.
Refining scales with LBFGS...
Scale refinement complete. rwork: 0.3402, rfree: 0.3130

Final Scale Parameters: 
  c_iso: tensor([-0.1776,  0.0182, -0.3768,  0.0636, -0.0256,  0.1923])
  U: tensor([ 0.7317,  0.9345,  0.9110, -0.0832,  0.0799, -0.1395])
  solvent.log_k_solvent: -0.9955084323883057
  solvent.log_ss_half: -4.930066108703613
  solvent.log_n_exp: 2.4221389293670654
  solvent.phase_offset: 0.008044148795306683
  rigid-body d_min=6.00 (lbfgs, iters=30): Rwork=0.3357 Rfree=0.3099
Filtering: 14330/90876 reflections in range [inf - 3.2392255374932466] Å (14330 valid after all masks)
Initialized ScalerBase with 10 bins.
Calculating initial scale factors using 10 bins.
Calculating initial scale factors using 10 bins.
Refining scales with LBFGS...
Scale refinement complete. rwork: 0.3737, rfree: 0.4072

Final Scale Parameters: 
  c_iso: tensor([ 0.0017,  0.0675, -0.3994,  0.2773,  0.4514,  0.3836])
  U: tensor([ 0.6289,  0.9002,  0.7330, -0.0025,  0.0232, -0.0881])
  solvent.log_k_solvent: -0.9555807113647461
  solvent.log_ss_half: -4.246660232543945
  solvent.log_n_exp: 0.8864749670028687
  solvent.phase_offset: -0.011047395877540112
  rigid-body d_min=3.24 (lbfgs, iters=30): Rwork=0.3749 Rfree=0.4108
Filtering: 90876/90876 reflections in range [inf - 1.7487636804580688] Å (90873 valid after all masks)
Initialized ScalerBase with 10 bins.
Calculating initial scale factors using 10 bins.
Calculating initial scale factors using 10 bins.
Refining scales with LBFGS...
Scale refinement complete. rwork: 0.4238, rfree: 0.4399

Final Scale Parameters: 
  c_iso: tensor([ 0.7477,  1.2222,  0.4258, -0.0110,  0.0299, -0.0095])
  U: tensor([ 0.3692,  0.5582,  0.4197,  0.0007,  0.0267, -0.0372])
  solvent.log_k_solvent: -0.901031494140625
  solvent.log_ss_half: -4.048035621643066
  solvent.log_n_exp: 1.3277192115783691
  solvent.phase_offset: -0.014994733035564423
  rigid-body d_min=1.75 (lbfgs, iters=30): Rwork=0.4368 Rfree=0.4559
Initialized ScalerBase with 10 bins.
Calculating initial scale factors using 10 bins.
Calculating initial scale factors using 10 bins.
Refining scales with LBFGS...
Scale refinement complete. rwork: 0.4230, rfree: 0.4371

Final Scale Parameters: 
  c_iso: tensor([ 0.7841,  1.2795,  0.4328, -0.0065,  0.0272, -0.0064])
  U: tensor([ 0.3841,  0.5731,  0.4350,  0.0006,  0.0270, -0.0370])
  solvent.log_k_solvent: -0.9079404473304749
  solvent.log_ss_half: -4.0497822761535645
  solvent.log_n_exp: 1.3073320388793945
  solvent.phase_offset: -0.0134212551638484
Initialized ScalerBase with 10 bins.
Calculating initial scale factors using 10 bins.
Calculating initial scale factors using 10 bins.
Refining scales with LBFGS...
Scale refinement complete. rwork: 0.4230, rfree: 0.4371

Final Scale Parameters: 
  c_iso: tensor([ 0.7814,  1.2762,  0.4317, -0.0067,  0.0270, -0.0064])
  U: tensor([ 3.8315e-01,  5.7225e-01,  4.3410e-01,  5.6378e-04,  2.6994e-02,
        -3.7088e-02])
  solvent.log_k_solvent: -0.9078226089477539
  solvent.log_ss_half: -4.048955917358398
  solvent.log_n_exp: 1.309842586517334
  solvent.phase_offset: -0.013572550378739834

============================================================
LBFGS Refinement - Cycle 1/10
============================================================
Refining scales with LBFGS...
Scale refinement complete. rwork: 0.4230, rfree: 0.4371

Final Scale Parameters: 
  c_iso: tensor([ 0.7325,  1.2118,  0.4192, -0.0076,  0.0279, -0.0067])
  U: tensor([ 3.6346e-01,  5.5219e-01,  4.1416e-01,  5.2333e-04,  2.7036e-02,
        -3.6728e-02])
  solvent.log_k_solvent: -0.904353141784668
  solvent.log_ss_half: -4.037032127380371
  solvent.log_n_exp: 1.342725396156311
  solvent.phase_offset: -0.01443307101726532
After scaling: Rwork=0.4230, Rfree=0.4371
  VDW rebuild: max drift 3.50 Å > threshold 1.00 Å

Building VDW (non-bonded) restraints...
  Symmetry expansion: 38 valid (symop, offset) combos
  Grid: [16, 12, 20], 3116/3840 cells occupied, max 444 entries/cell
  Built 515663 VDW restraints, 47142 symmetry contacts

────────────────────────────────────────────────────────────────────
  XYZ Refinement
────────────────────────────────────────────────────────────────────

  adp (weight: 0.0200)
  ────────────────────────────────────────────────────────────────
    Metric                       Before      After     Change
    locality                     8904.3     8904.3     0.0000
    scaler_U                    26784.2    26784.2     0.0000
    scaler_log_scale           627104.2   627104.2     0.0000
    sigd                         8776.2     8776.2     0.0000
    simu                        24145.3    24145.3     0.0000

  geometry (weight: 0.2000)
  ────────────────────────────────────────────────────────────────
    Metric                       Before      After     Change
    angle                      -56853.1   -58641.1    -1788.0
    bond                       -42427.4   -45303.9    -2876.5
    chiral                    -529.6083  -612.8211   -83.2128
    nonbonded                  -57970.2  -133559.3   -75589.1
    planarity                  -29932.4   -30316.4  -384.0156
    torsion                     29730.1    29894.5  +164.3828

  other (weight: 1.0000)
  ────────────────────────────────────────────────────────────────
    Metric                       Before      After     Change
    xray                       496019.4   490221.5    -5797.9

  Group Totals
  ────────────────────────────────────────────────────────────────
    Group                        Before      After     Change
    adp                         13914.3    13914.3     0.0000
    geometry                   -31596.5   -47707.8   -16111.3
    xray                       496019.4   490221.5    -5797.9
────────────────────────────────────────────────────────────────────
  VDW rebuild: max drift 3.50 Å > threshold 1.00 Å

Building VDW (non-bonded) restraints...
  Symmetry expansion: 38 valid (symop, offset) combos
  Grid: [16, 12, 20], 3116/3840 cells occupied, max 444 entries/cell
  Built 515663 VDW restraints, 47142 symmetry contacts

────────────────────────────────────────────────────────────────────
  ADP Refinement
────────────────────────────────────────────────────────────────────

  adp (weight: 0.0200)
  ────────────────────────────────────────────────────────────────
    Metric                       Before      After     Change
    locality                     8822.2    44413.4   +35591.1
    scaler_U                    26784.2    26784.2     0.0000
    scaler_log_scale           627104.2   627104.2     0.0000
    sigd                         8776.2     9330.6  +554.4102
    simu                        24145.3    46226.0   +22080.8

  geometry (weight: 0.2000)
  ────────────────────────────────────────────────────────────────
    Metric                       Before      After     Change
    angle                      -58641.1   -58641.1     0.0000
    bond                       -45303.9   -45303.9     0.0000
    chiral                    -612.8211  -612.8211     0.0000
    nonbonded                 -133559.3  -133559.3     0.0000
    planarity                  -30316.4   -30316.4     0.0000
    torsion                     29894.5    29894.5     0.0000

  other (weight: 1.0000)
  ────────────────────────────────────────────────────────────────
    Metric                       Before      After     Change
    xray                       490221.5   479984.4   -10237.1

  Group Totals
  ────────────────────────────────────────────────────────────────
    Group                        Before      After     Change
    adp                         13912.6    15077.2    +1164.5
    geometry                   -47707.8   -47707.8     0.0000
    xray                       490221.5   479984.4   -10237.1
────────────────────────────────────────────────────────────────────

============================================================
LBFGS Refinement - Cycle 2/10
============================================================
Refining scales with LBFGS...
Scale refinement complete. rwork: 0.3378, rfree: 0.3702

Final Scale Parameters: 
  c_iso: tensor([ 0.3425,  0.6546,  0.2322, -0.0470,  0.0343, -0.0081])
  U: tensor([ 0.2119,  0.3956,  0.2554,  0.0010,  0.0269, -0.0385])
  solvent.log_k_solvent: -0.898124098777771
  solvent.log_ss_half: -4.0822954177856445
  solvent.log_n_exp: 1.3736507892608643
  solvent.phase_offset: -0.012705829925835133
After scaling: Rwork=0.3378, Rfree=0.3702
  VDW rebuild: max drift 3.07 Å > threshold 1.00 Å

Building VDW (non-bonded) restraints...
  Symmetry expansion: 38 valid (symop, offset) combos
  Grid: [16, 12, 20], 3116/3840 cells occupied, max 444 entries/cell
  Built 515663 VDW restraints, 47142 symmetry contacts

────────────────────────────────────────────────────────────────────
  XYZ Refinement
────────────────────────────────────────────────────────────────────

  adp (weight: 0.0200)
  ────────────────────────────────────────────────────────────────
    Metric                       Before      After     Change
    locality                    44413.4    44413.4     0.0000
    scaler_U                    11278.8    11278.8     0.0000
    scaler_log_scale           182683.6   182683.6     0.0000
    sigd                         9330.6     9330.6     0.0000
    simu                        46226.0    46226.0     0.0000

  geometry (weight: 0.2000)
  ────────────────────────────────────────────────────────────────
    Metric                       Before      After     Change
    angle                      -58641.1   -58902.1  -261.0195
    bond                       -45303.9   -45432.6  -128.6836
    chiral                    -612.8211  -584.8353   +27.9858
    nonbonded                 -133559.3  -133114.3  +444.9375
    planarity                  -30316.4   -30486.0  -169.5977
    torsion                     29894.5    29854.2   -40.2324

  other (weight: 1.0000)
  ────────────────────────────────────────────────────────────────
    Metric                       Before      After     Change
    xray                       480715.8   470109.6   -10606.2

  Group Totals
  ────────────────────────────────────────────────────────────────
    Group                        Before      After     Change
    adp                          5878.6     5878.6     0.0000
    geometry                   -47707.8   -47733.1   -25.3208
    xray                       480715.8   470109.6   -10606.2
────────────────────────────────────────────────────────────────────
  VDW rebuild: max drift 3.07 Å > threshold 1.00 Å

Building VDW (non-bonded) restraints...
  Symmetry expansion: 38 valid (symop, offset) combos
  Grid: [16, 12, 20], 3116/3840 cells occupied, max 444 entries/cell
  Built 515663 VDW restraints, 47142 symmetry contacts

────────────────────────────────────────────────────────────────────
  ADP Refinement
────────────────────────────────────────────────────────────────────

  adp (weight: 0.0200)
  ────────────────────────────────────────────────────────────────
    Metric                       Before      After     Change
    locality                    44492.4    63120.2   +18627.9
    scaler_U                    11278.8    11278.8     0.0000
    scaler_log_scale           182683.6   182683.6     0.0000
    sigd                         9330.6     9481.7  +151.0283
    simu                        46226.0    59307.7   +13081.7

  geometry (weight: 0.2000)
  ────────────────────────────────────────────────────────────────
    Metric                       Before      After     Change
    angle                      -58902.1   -58902.1     0.0000
    bond                       -45432.6   -45432.6     0.0000
    chiral                    -584.8353  -584.8353     0.0000
    nonbonded                 -133114.3  -133114.3     0.0000
    planarity                  -30486.0   -30486.0     0.0000
    torsion                     29854.2    29854.2     0.0000

  other (weight: 1.0000)
  ────────────────────────────────────────────────────────────────
    Metric                       Before      After     Change
    xray                       470109.6   467488.7    -2621.0

  Group Totals
  ────────────────────────────────────────────────────────────────
    Group                        Before      After     Change
    adp                          5880.2     6517.4  +637.2116
    geometry                   -47733.1   -47733.1     0.0000
    xray                       470109.6   467488.7    -2621.0
────────────────────────────────────────────────────────────────────

============================================================
LBFGS Refinement - Cycle 3/10
============================================================
Refining scales with LBFGS...
Scale refinement complete. rwork: 0.2891, rfree: 0.3258

Final Scale Parameters: 
  c_iso: tensor([ 0.2021,  0.4751,  0.1711, -0.0570,  0.0355, -0.0126])
  U: tensor([ 0.1520,  0.3362,  0.1941, -0.0011,  0.0277, -0.0353])
  solvent.log_k_solvent: -0.9038328528404236
  solvent.log_ss_half: -4.050920486450195
  solvent.log_n_exp: 1.440091609954834
  solvent.phase_offset: -0.01049922313541174
After scaling: Rwork=0.2891, Rfree=0.3258
  VDW rebuild: max drift 3.10 Å > threshold 1.00 Å

Building VDW (non-bonded) restraints...
  Symmetry expansion: 38 valid (symop, offset) combos
  Grid: [16, 12, 20], 3116/3840 cells occupied, max 444 entries/cell
  Built 515663 VDW restraints, 47142 symmetry contacts

────────────────────────────────────────────────────────────────────
  XYZ Refinement
────────────────────────────────────────────────────────────────────

  adp (weight: 0.0200)
  ────────────────────────────────────────────────────────────────
    Metric                       Before      After     Change
    locality                    63120.2    63120.2     0.0000
    scaler_U                     7049.7     7049.7     0.0000
    scaler_log_scale            96383.5    96383.5     0.0000
    sigd                         9481.7     9481.7     0.0000
    simu                        59307.7    59307.7     0.0000

  geometry (weight: 0.2000)
  ────────────────────────────────────────────────────────────────
    Metric                       Before      After     Change
    angle                      -58902.1   -58637.9  +264.2578
    bond                       -45432.6   -45475.1   -42.5664
    chiral                    -584.8353  -594.9994   -10.1641
    nonbonded                 -133114.3  -133589.8  -475.4844
    planarity                  -30486.0   -30451.5   +34.4727
    torsion                     29854.2    29915.4   +61.1250

  other (weight: 1.0000)
  ────────────────────────────────────────────────────────────────
    Metric                       Before      After     Change
    xray                       467489.5   461902.5    -5587.0

  Group Totals
  ────────────────────────────────────────────────────────────────
    Group                        Before      After     Change
    adp                          4706.9     4706.9     0.0000
    geometry                   -47733.1   -47766.8   -33.6730
    xray                       467489.5   461902.5    -5587.0
────────────────────────────────────────────────────────────────────
  VDW rebuild: max drift 3.10 Å > threshold 1.00 Å

Building VDW (non-bonded) restraints...
  Symmetry expansion: 38 valid (symop, offset) combos
  Grid: [16, 12, 20], 3116/3840 cells occupied, max 444 entries/cell
  Built 515663 VDW restraints, 47142 symmetry contacts

────────────────────────────────────────────────────────────────────
  ADP Refinement
────────────────────────────────────────────────────────────────────

  adp (weight: 0.0200)
  ────────────────────────────────────────────────────────────────
    Metric                       Before      After     Change
    locality                    63162.5    67581.5    +4419.1
    scaler_U                     7049.7     7049.7     0.0000
    scaler_log_scale            96383.5    96383.5     0.0000
    sigd                         9481.7     9456.5   -25.1348
    simu                        59307.7    63365.0    +4057.3

  geometry (weight: 0.2000)
  ────────────────────────────────────────────────────────────────
    Metric                       Before      After     Change
    angle                      -58637.9   -58637.9     0.0000
    bond                       -45475.1   -45475.1     0.0000
    chiral                    -594.9994  -594.9994     0.0000
    nonbonded                 -133589.8  -133589.8     0.0000
    planarity                  -30451.5   -30451.5     0.0000
    torsion                     29915.4    29915.4     0.0000

  other (weight: 1.0000)
  ────────────────────────────────────────────────────────────────
    Metric                       Before      After     Change
    xray                       461902.5   460834.1    -1068.4

  Group Totals
  ────────────────────────────────────────────────────────────────
    Group                        Before      After     Change
    adp                          4707.7     4876.7  +169.0253
    geometry                   -47766.8   -47766.8     0.0000
    xray                       461902.5   460834.1    -1068.4
────────────────────────────────────────────────────────────────────

============================================================
LBFGS Refinement - Cycle 4/10
============================================================
Refining scales with LBFGS...
Scale refinement complete. rwork: 0.2670, rfree: 0.3030

Final Scale Parameters: 
  c_iso: tensor([ 0.1923,  0.4660,  0.1717, -0.0513,  0.0337, -0.0152])
  U: tensor([ 0.1455,  0.3302,  0.1877, -0.0022,  0.0288, -0.0341])
  solvent.log_k_solvent: -0.9128249287605286
  solvent.log_ss_half: -4.018507480621338
  solvent.log_n_exp: 1.4794998168945312
  solvent.phase_offset: -0.007723995018750429
After scaling: Rwork=0.2670, Rfree=0.3030
  VDW rebuild: max drift 3.01 Å > threshold 1.00 Å

Building VDW (non-bonded) restraints...
  Symmetry expansion: 38 valid (symop, offset) combos
  Grid: [16, 12, 20], 3116/3840 cells occupied, max 444 entries/cell
  Built 515663 VDW restraints, 47142 symmetry contacts

────────────────────────────────────────────────────────────────────
  XYZ Refinement
────────────────────────────────────────────────────────────────────

  adp (weight: 0.0200)
  ────────────────────────────────────────────────────────────────
    Metric                       Before      After     Change
    locality                    67581.5    67581.5     0.0000
    scaler_U                     6666.7     6666.7     0.0000
    scaler_log_scale            94650.9    94650.9     0.0000
    sigd                         9456.5     9456.5     0.0000
    simu                        63365.0    63365.0     0.0000

  geometry (weight: 0.2000)
  ────────────────────────────────────────────────────────────────
    Metric                       Before      After     Change
    angle                      -58637.9   -59284.8  -646.9531
    bond                       -45475.1   -45496.2   -21.0391
    chiral                    -594.9994  -597.3120    -2.3126
    nonbonded                 -133589.8  -133633.8   -43.9688
    planarity                  -30451.5   -30517.7   -66.2109
    torsion                     29915.4    29905.3   -10.0352

  other (weight: 1.0000)
  ────────────────────────────────────────────────────────────────
    Metric                       Before      After     Change
    xray                       460823.9   457996.6    -2827.3

  Group Totals
  ────────────────────────────────────────────────────────────────
    Group                        Before      After     Change
    adp                          4834.4     4834.4     0.0000
    geometry                   -47766.8   -47924.9  -158.1036
    xray                       460823.9   457996.6    -2827.3
────────────────────────────────────────────────────────────────────
  VDW rebuild: max drift 3.01 Å > threshold 1.00 Å

Building VDW (non-bonded) restraints...
  Symmetry expansion: 38 valid (symop, offset) combos
  Grid: [16, 12, 20], 3116/3840 cells occupied, max 444 entries/cell
  Built 515663 VDW restraints, 47142 symmetry contacts

────────────────────────────────────────────────────────────────────
  ADP Refinement
────────────────────────────────────────────────────────────────────

  adp (weight: 0.0200)
  ────────────────────────────────────────────────────────────────
    Metric                       Before      After     Change
    locality                    67637.9    67520.1  -117.8594
    scaler_U                     6666.7     6666.7     0.0000
    scaler_log_scale            94650.9    94650.9     0.0000
    sigd                         9456.5     9402.7   -53.7969
    simu                        63365.0    64247.4  +882.3555

  geometry (weight: 0.2000)
  ────────────────────────────────────────────────────────────────
    Metric                       Before      After     Change
    angle                      -59284.8   -59284.8     0.0000
    bond                       -45496.2   -45496.2     0.0000
    chiral                    -597.3120  -597.3120     0.0000
    nonbonded                 -133633.8  -133633.8     0.0000
    planarity                  -30517.7   -30517.7     0.0000
    torsion                     29905.3    29905.3     0.0000

  other (weight: 1.0000)
  ────────────────────────────────────────────────────────────────
    Metric                       Before      After     Change
    xray                       457996.6   457462.7  -533.8750

  Group Totals
  ────────────────────────────────────────────────────────────────
    Group                        Before      After     Change
    adp                          4835.5     4849.8   +14.2140
    geometry                   -47924.9   -47924.9     0.0000
    xray                       457996.6   457462.7  -533.8750
────────────────────────────────────────────────────────────────────

============================================================
LBFGS Refinement - Cycle 5/10
============================================================
Refining scales with LBFGS...
Scale refinement complete. rwork: 0.2562, rfree: 0.2917

Final Scale Parameters: 
  c_iso: tensor([ 0.1882,  0.4699,  0.1699, -0.0456,  0.0324, -0.0119])
  U: tensor([ 0.1463,  0.3325,  0.1889, -0.0020,  0.0292, -0.0340])
  solvent.log_k_solvent: -0.9168078899383545
  solvent.log_ss_half: -4.007105827331543
  solvent.log_n_exp: 1.4795045852661133
  solvent.phase_offset: -0.00900699757039547
After scaling: Rwork=0.2562, Rfree=0.2917
  VDW rebuild: max drift 3.07 Å > threshold 1.00 Å

Building VDW (non-bonded) restraints...
  Symmetry expansion: 38 valid (symop, offset) combos
  Grid: [16, 12, 20], 3116/3840 cells occupied, max 444 entries/cell
  Built 515663 VDW restraints, 47142 symmetry contacts

────────────────────────────────────────────────────────────────────
  XYZ Refinement
────────────────────────────────────────────────────────────────────

  adp (weight: 0.0200)
  ────────────────────────────────────────────────────────────────
    Metric                       Before      After     Change
    locality                    67520.1    67520.1     0.0000
    scaler_U                     6752.6     6752.6     0.0000
    scaler_log_scale            94795.5    94795.5     0.0000
    sigd                         9402.7     9402.7     0.0000
    simu                        64247.4    64247.4     0.0000

  geometry (weight: 0.2000)
  ────────────────────────────────────────────────────────────────
    Metric                       Before      After     Change
    angle                      -59284.8   -59446.3  -161.5234
    bond                       -45496.2   -45491.3    +4.8867
    chiral                    -597.3120  -599.0197    -1.7077
    nonbonded                 -133633.8  -133800.5  -166.6562
    planarity                  -30517.7   -30501.9   +15.8652
    torsion                     29905.3    29937.8   +32.4961

  other (weight: 1.0000)
  ────────────────────────────────────────────────────────────────
    Metric                       Before      After     Change
    xray                       457560.1   455628.6    -1931.5

  Group Totals
  ────────────────────────────────────────────────────────────────
    Group                        Before      After     Change
    adp                          4854.4     4854.4     0.0000
    geometry                   -47924.9   -47980.2   -55.3284
    xray                       457560.1   455628.6    -1931.5
────────────────────────────────────────────────────────────────────
  VDW rebuild: max drift 3.07 Å > threshold 1.00 Å

Building VDW (non-bonded) restraints...
  Symmetry expansion: 38 valid (symop, offset) combos
  Grid: [16, 12, 20], 3116/3840 cells occupied, max 444 entries/cell
  Built 515663 VDW restraints, 47142 symmetry contacts

────────────────────────────────────────────────────────────────────
  ADP Refinement
────────────────────────────────────────────────────────────────────

  adp (weight: 0.0200)
  ────────────────────────────────────────────────────────────────
    Metric                       Before      After     Change
    locality                    67646.1    67028.5  -617.5391
    scaler_U                     6752.6     6752.6     0.0000
    scaler_log_scale            94795.5    94795.5     0.0000
    sigd                         9402.7     9371.8   -30.8887
    simu                        64247.4    64536.2  +288.8008

  geometry (weight: 0.2000)
  ────────────────────────────────────────────────────────────────
    Metric                       Before      After     Change
    angle                      -59446.3   -59446.3     0.0000
    bond                       -45491.3   -45491.3     0.0000
    chiral                    -599.0197  -599.0197     0.0000
    nonbonded                 -133800.5  -133800.5     0.0000
    planarity                  -30501.9   -30501.9     0.0000
    torsion                     29937.8    29937.8     0.0000

  other (weight: 1.0000)
  ────────────────────────────────────────────────────────────────
    Metric                       Before      After     Change
    xray                       455628.6   455348.4  -280.2188

  Group Totals
  ────────────────────────────────────────────────────────────────
    Group                        Before      After     Change
    adp                          4856.9     4849.7    -7.1925
    geometry                   -47980.2   -47980.2     0.0000
    xray                       455628.6   455348.4  -280.2188
────────────────────────────────────────────────────────────────────

============================================================
LBFGS Refinement - Cycle 6/10
============================================================
Refining scales with LBFGS...
Scale refinement complete. rwork: 0.2493, rfree: 0.2863

Final Scale Parameters: 
  c_iso: tensor([ 0.1876,  0.4693,  0.1681, -0.0473,  0.0301, -0.0121])
  U: tensor([ 0.1490,  0.3357,  0.1922, -0.0027,  0.0303, -0.0341])
  solvent.log_k_solvent: -0.918749988079071
  solvent.log_ss_half: -4.0035858154296875
  solvent.log_n_exp: 1.4807649850845337
  solvent.phase_offset: -0.0066009568981826305
After scaling: Rwork=0.2493, Rfree=0.2863
  VDW rebuild: max drift 2.99 Å > threshold 1.00 Å

Building VDW (non-bonded) restraints...
  Symmetry expansion: 38 valid (symop, offset) combos
  Grid: [16, 12, 20], 3116/3840 cells occupied, max 444 entries/cell
  Built 515663 VDW restraints, 47142 symmetry contacts

────────────────────────────────────────────────────────────────────
  XYZ Refinement
────────────────────────────────────────────────────────────────────

  adp (weight: 0.0200)
  ────────────────────────────────────────────────────────────────
    Metric                       Before      After     Change
    locality                    67028.5    67028.5     0.0000
    scaler_U                     6940.6     6940.6     0.0000
    scaler_log_scale            94481.6    94481.6     0.0000
    sigd                         9371.8     9371.8     0.0000
    simu                        64536.2    64536.2     0.0000

  geometry (weight: 0.2000)
  ────────────────────────────────────────────────────────────────
    Metric                       Before      After     Change
    angle                      -59446.3   -59633.5  -187.1250
    bond                       -45491.3   -45539.4   -48.0820
    chiral                    -599.0197  -600.4623    -1.4427
    nonbonded                 -133800.5  -133695.8  +104.6094
    planarity                  -30501.9   -30534.4   -32.5547
    torsion                     29937.8    29937.5    -0.3613

  other (weight: 1.0000)
  ────────────────────────────────────────────────────────────────
    Metric                       Before      After     Change
    xray                       455485.4   454271.6    -1213.8

  Group Totals
  ────────────────────────────────────────────────────────────────
    Group                        Before      After     Change
    adp                          4847.2     4847.2     0.0000
    geometry                   -47980.2   -48013.2   -32.9907
    xray                       455485.4   454271.6    -1213.8
────────────────────────────────────────────────────────────────────
  VDW rebuild: max drift 2.99 Å > threshold 1.00 Å

Building VDW (non-bonded) restraints...
  Symmetry expansion: 38 valid (symop, offset) combos
  Grid: [16, 12, 20], 3116/3840 cells occupied, max 444 entries/cell
  Built 515663 VDW restraints, 47142 symmetry contacts

────────────────────────────────────────────────────────────────────
  ADP Refinement
────────────────────────────────────────────────────────────────────

  adp (weight: 0.0200)
  ────────────────────────────────────────────────────────────────
    Metric                       Before      After     Change
    locality                    67087.6    66427.6  -660.0156
    scaler_U                     6940.6     6940.6     0.0000
    scaler_log_scale            94481.6    94481.6     0.0000
    sigd                         9371.8     9358.9   -12.8994
    simu                        64536.2    63620.6  -915.6172

  geometry (weight: 0.2000)
  ────────────────────────────────────────────────────────────────
    Metric                       Before      After     Change
    angle                      -59633.5   -59633.5     0.0000
    bond                       -45539.4   -45539.4     0.0000
    chiral                    -600.4623  -600.4623     0.0000
    nonbonded                 -133695.8  -133695.8     0.0000
    planarity                  -30534.4   -30534.4     0.0000
    torsion                     29937.5    29937.5     0.0000

  other (weight: 1.0000)
  ────────────────────────────────────────────────────────────────
    Metric                       Before      After     Change
    xray                       454271.6   454219.0   -52.5938

  Group Totals
  ────────────────────────────────────────────────────────────────
    Group                        Before      After     Change
    adp                          4848.4     4816.6   -31.7706
    geometry                   -48013.2   -48013.2     0.0000
    xray                       454271.6   454219.0   -52.5938
────────────────────────────────────────────────────────────────────

============================================================
LBFGS Refinement - Cycle 7/10
============================================================
Refining scales with LBFGS...
Scale refinement complete. rwork: 0.2453, rfree: 0.2847

Final Scale Parameters: 
  c_iso: tensor([ 0.1845,  0.4732,  0.1642, -0.0450,  0.0278, -0.0110])
  U: tensor([ 0.1517,  0.3386,  0.1956, -0.0028,  0.0307, -0.0346])
  solvent.log_k_solvent: -0.9208688735961914
  solvent.log_ss_half: -4.007690906524658
  solvent.log_n_exp: 1.4842029809951782
  solvent.phase_offset: -0.00615822384133935
After scaling: Rwork=0.2453, Rfree=0.2847
  VDW rebuild: max drift 3.10 Å > threshold 1.00 Å

Building VDW (non-bonded) restraints...
  Symmetry expansion: 38 valid (symop, offset) combos
  Grid: [16, 12, 20], 3116/3840 cells occupied, max 444 entries/cell
  Built 515663 VDW restraints, 47142 symmetry contacts

────────────────────────────────────────────────────────────────────
  XYZ Refinement
────────────────────────────────────────────────────────────────────

  adp (weight: 0.0200)
  ────────────────────────────────────────────────────────────────
    Metric                       Before      After     Change
    locality                    66427.6    66427.6     0.0000
    scaler_U                     7125.9     7125.9     0.0000
    scaler_log_scale            94391.3    94391.3     0.0000
    sigd                         9358.9     9358.9     0.0000
    simu                        63620.6    63620.6     0.0000

  geometry (weight: 0.2000)
  ────────────────────────────────────────────────────────────────
    Metric                       Before      After     Change
    angle                      -59633.5   -59695.5   -62.0430
    bond                       -45539.4   -45543.4    -4.0820
    chiral                    -600.4623  -604.0071    -3.5448
    nonbonded                 -133695.8  -133819.7  -123.8125
    planarity                  -30534.4   -30549.6   -15.1582
    torsion                     29937.5    29940.3    +2.8320

  other (weight: 1.0000)
  ────────────────────────────────────────────────────────────────
    Metric                       Before      After     Change
    xray                       454386.0   453534.7  -851.3125

  Group Totals
  ────────────────────────────────────────────────────────────────
    Group                        Before      After     Change
    adp                          4818.5     4818.5     0.0000
    geometry                   -48013.2   -48054.4   -41.1606
    xray                       454386.0   453534.7  -851.3125
────────────────────────────────────────────────────────────────────
  VDW rebuild: max drift 3.10 Å > threshold 1.00 Å

Building VDW (non-bonded) restraints...
  Symmetry expansion: 38 valid (symop, offset) combos
  Grid: [16, 12, 20], 3116/3840 cells occupied, max 444 entries/cell
  Built 515663 VDW restraints, 47142 symmetry contacts

────────────────────────────────────────────────────────────────────
  ADP Refinement
────────────────────────────────────────────────────────────────────

  adp (weight: 0.0200)
  ────────────────────────────────────────────────────────────────
    Metric                       Before      After     Change
    locality                    66472.7    64971.1    -1501.6
    scaler_U                     7125.9     7125.9     0.0000
    scaler_log_scale            94391.3    94391.3     0.0000
    sigd                         9358.9     9335.2   -23.7559
    simu                        63620.6    63168.5  -452.0977

  geometry (weight: 0.2000)
  ────────────────────────────────────────────────────────────────
    Metric                       Before      After     Change
    angle                      -59695.5   -59695.5     0.0000
    bond                       -45543.4   -45543.4     0.0000
    chiral                    -604.0071  -604.0071     0.0000
    nonbonded                 -133819.7  -133819.7     0.0000
    planarity                  -30549.6   -30549.6     0.0000
    torsion                     29940.3    29940.3     0.0000

  other (weight: 1.0000)
  ────────────────────────────────────────────────────────────────
    Metric                       Before      After     Change
    xray                       453534.7   453540.2    +5.5000

  Group Totals
  ────────────────────────────────────────────────────────────────
    Group                        Before      After     Change
    adp                          4819.4     4779.8   -39.5496
    geometry                   -48054.4   -48054.4     0.0000
    xray                       453534.7   453540.2    +5.5000
────────────────────────────────────────────────────────────────────

============================================================
LBFGS Refinement - Cycle 8/10
============================================================
Refining scales with LBFGS...
Scale refinement complete. rwork: 0.2429, rfree: 0.2821

Final Scale Parameters: 
  c_iso: tensor([ 0.1830,  0.4728,  0.1645, -0.0447,  0.0274, -0.0110])
  U: tensor([ 0.1550,  0.3421,  0.1992, -0.0027,  0.0308, -0.0353])
  solvent.log_k_solvent: -0.9208473563194275
  solvent.log_ss_half: -4.005084991455078
  solvent.log_n_exp: 1.4845786094665527
  solvent.phase_offset: -0.00420721061527729
After scaling: Rwork=0.2429, Rfree=0.2821
  VDW rebuild: max drift 3.02 Å > threshold 1.00 Å

Building VDW (non-bonded) restraints...
  Symmetry expansion: 38 valid (symop, offset) combos
  Grid: [16, 12, 20], 3116/3840 cells occupied, max 444 entries/cell
  Built 515663 VDW restraints, 47142 symmetry contacts

────────────────────────────────────────────────────────────────────
  XYZ Refinement
────────────────────────────────────────────────────────────────────

  adp (weight: 0.0200)
  ────────────────────────────────────────────────────────────────
    Metric                       Before      After     Change
    locality                    64971.1    64971.1     0.0000
    scaler_U                     7344.5     7344.5     0.0000
    scaler_log_scale            94449.9    94449.9     0.0000
    sigd                         9335.2     9335.2     0.0000
    simu                        63168.5    63168.5     0.0000

  geometry (weight: 0.2000)
  ────────────────────────────────────────────────────────────────
    Metric                       Before      After     Change
    angle                      -59695.5   -59743.8   -48.2773
    bond                       -45543.4   -45563.6   -20.1250
    chiral                    -604.0071  -602.9039    +1.1032
    nonbonded                 -133819.7  -133762.8   +56.8438
    planarity                  -30549.6   -30569.0   -19.3652
    torsion                     29940.3    29928.1   -12.1582

  other (weight: 1.0000)
  ────────────────────────────────────────────────────────────────
    Metric                       Before      After     Change
    xray                       453767.9   453056.9  -711.0000

  Group Totals
  ────────────────────────────────────────────────────────────────
    Group                        Before      After     Change
    adp                          4785.4     4785.4     0.0000
    geometry                   -48054.4   -48062.8    -8.3965
    xray                       453767.9   453056.9  -711.0000
────────────────────────────────────────────────────────────────────
  VDW rebuild: max drift 3.02 Å > threshold 1.00 Å

Building VDW (non-bonded) restraints...
  Symmetry expansion: 38 valid (symop, offset) combos
  Grid: [16, 12, 20], 3116/3840 cells occupied, max 444 entries/cell
  Built 515663 VDW restraints, 47142 symmetry contacts

────────────────────────────────────────────────────────────────────
  ADP Refinement
────────────────────────────────────────────────────────────────────

  adp (weight: 0.0200)
  ────────────────────────────────────────────────────────────────
    Metric                       Before      After     Change
    locality                    64985.6    64031.8  -953.7812
    scaler_U                     7344.5     7344.5     0.0000
    scaler_log_scale            94449.9    94449.9     0.0000
    sigd                         9335.2     9323.8   -11.3525
    simu                        63168.5    62420.7  -747.7617

  geometry (weight: 0.2000)
  ────────────────────────────────────────────────────────────────
    Metric                       Before      After     Change
    angle                      -59743.8   -59743.8     0.0000
    bond                       -45563.6   -45563.6     0.0000
    chiral                    -602.9039  -602.9039     0.0000
    nonbonded                 -133762.8  -133762.8     0.0000
    planarity                  -30569.0   -30569.0     0.0000
    torsion                     29928.1    29928.1     0.0000

  other (weight: 1.0000)
  ────────────────────────────────────────────────────────────────
    Metric                       Before      After     Change
    xray                       453056.9   453096.9   +39.9375

  Group Totals
  ────────────────────────────────────────────────────────────────
    Group                        Before      After     Change
    adp                          4785.7     4751.4   -34.2579
    geometry                   -48062.8   -48062.8     0.0000
    xray                       453056.9   453096.9   +39.9375
────────────────────────────────────────────────────────────────────

============================================================
LBFGS Refinement - Cycle 9/10
============================================================
Refining scales with LBFGS...
Scale refinement complete. rwork: 0.2414, rfree: 0.2824

Final Scale Parameters: 
  c_iso: tensor([ 0.1800,  0.4723,  0.1636, -0.0444,  0.0267, -0.0104])
  U: tensor([ 0.1583,  0.3452,  0.2030, -0.0025,  0.0308, -0.0364])
  solvent.log_k_solvent: -0.9215517640113831
  solvent.log_ss_half: -4.004868507385254
  solvent.log_n_exp: 1.4837342500686646
  solvent.phase_offset: -0.005428953096270561
After scaling: Rwork=0.2414, Rfree=0.2824
  VDW rebuild: max drift 3.13 Å > threshold 1.00 Å

Building VDW (non-bonded) restraints...
  Symmetry expansion: 38 valid (symop, offset) combos
  Grid: [16, 12, 20], 3116/3840 cells occupied, max 444 entries/cell
  Built 515663 VDW restraints, 47142 symmetry contacts

────────────────────────────────────────────────────────────────────
  XYZ Refinement
────────────────────────────────────────────────────────────────────

  adp (weight: 0.0200)
  ────────────────────────────────────────────────────────────────
    Metric                       Before      After     Change
    locality                    64031.8    64031.8     0.0000
    scaler_U                     7560.7     7560.7     0.0000
    scaler_log_scale            94032.2    94032.2     0.0000
    sigd                         9323.8     9323.8     0.0000
    simu                        62420.7    62420.7     0.0000

  geometry (weight: 0.2000)
  ────────────────────────────────────────────────────────────────
    Metric                       Before      After     Change
    angle                      -59743.8   -59786.3   -42.5352
    bond                       -45563.6   -45567.6    -4.0352
    chiral                    -602.9039  -603.6680    -0.7641
    nonbonded                 -133762.8  -133832.8   -69.9375
    planarity                  -30569.0   -30587.8   -18.7969
    torsion                     29928.1    29928.2    +0.0977

  other (weight: 1.0000)
  ────────────────────────────────────────────────────────────────
    Metric                       Before      After     Change
    xray                       453366.7   452698.5  -668.1875

  Group Totals
  ────────────────────────────────────────────────────────────────
    Group                        Before      After     Change
    adp                          4747.4     4747.4     0.0000
    geometry                   -48062.8   -48090.0   -27.1943
    xray                       453366.7   452698.5  -668.1875
────────────────────────────────────────────────────────────────────
  VDW rebuild: max drift 3.13 Å > threshold 1.00 Å

Building VDW (non-bonded) restraints...
  Symmetry expansion: 38 valid (symop, offset) combos
  Grid: [16, 12, 20], 3116/3840 cells occupied, max 444 entries/cell
  Built 515663 VDW restraints, 47142 symmetry contacts

────────────────────────────────────────────────────────────────────
  ADP Refinement
────────────────────────────────────────────────────────────────────

  adp (weight: 0.0200)
  ────────────────────────────────────────────────────────────────
    Metric                       Before      After     Change
    locality                    64056.6    63685.4  -371.2227
    scaler_U                     7560.7     7560.7     0.0000
    scaler_log_scale            94032.2    94032.2     0.0000
    sigd                         9323.8     9322.4    -1.4111
    simu                        62420.7    61816.4  -604.3125

  geometry (weight: 0.2000)
  ────────────────────────────────────────────────────────────────
    Metric                       Before      After     Change
    angle                      -59786.3   -59786.3     0.0000
    bond                       -45567.6   -45567.6     0.0000
    chiral                    -603.6680  -603.6680     0.0000
    nonbonded                 -133832.8  -133832.8     0.0000
    planarity                  -30587.8   -30587.8     0.0000
    torsion                     29928.2    29928.2     0.0000

  other (weight: 1.0000)
  ────────────────────────────────────────────────────────────────
    Metric                       Before      After     Change
    xray                       452698.5   452663.6   -34.8438

  Group Totals
  ────────────────────────────────────────────────────────────────
    Group                        Before      After     Change
    adp                          4747.9     4728.3   -19.5390
    geometry                   -48090.0   -48090.0     0.0000
    xray                       452698.5   452663.6   -34.8438
────────────────────────────────────────────────────────────────────

============================================================
LBFGS Refinement - Cycle 10/10
============================================================
Refining scales with LBFGS...
Scale refinement complete. rwork: 0.2403, rfree: 0.2824

Final Scale Parameters: 
  c_iso: tensor([ 0.1774,  0.4728,  0.1620, -0.0429,  0.0253, -0.0093])
  U: tensor([ 0.1613,  0.3489,  0.2067, -0.0024,  0.0307, -0.0372])
  solvent.log_k_solvent: -0.9214291572570801
  solvent.log_ss_half: -3.9995031356811523
  solvent.log_n_exp: 1.4832110404968262
  solvent.phase_offset: -0.007454345468431711
After scaling: Rwork=0.2403, Rfree=0.2824
  VDW rebuild: max drift 3.06 Å > threshold 1.00 Å

Building VDW (non-bonded) restraints...
  Symmetry expansion: 38 valid (symop, offset) combos
  Grid: [16, 12, 20], 3116/3840 cells occupied, max 444 entries/cell
  Built 515663 VDW restraints, 47142 symmetry contacts

────────────────────────────────────────────────────────────────────
  XYZ Refinement
────────────────────────────────────────────────────────────────────

  adp (weight: 0.0200)
  ────────────────────────────────────────────────────────────────
    Metric                       Before      After     Change
    locality                    63685.4    63685.4     0.0000
    scaler_U                     7784.9     7784.9     0.0000
    scaler_log_scale            93689.0    93689.0     0.0000
    sigd                         9322.4     9322.4     0.0000
    simu                        61816.4    61816.4     0.0000

  geometry (weight: 0.2000)
  ────────────────────────────────────────────────────────────────
    Metric                       Before      After     Change
    angle                      -59786.3   -59750.2   +36.0977
    bond                       -45567.6   -45555.5   +12.1250
    chiral                    -603.6680  -602.6189    +1.0491
    nonbonded                 -133832.8  -133790.2   +42.5000
    planarity                  -30587.8   -30560.1   +27.6191
    torsion                     29928.2    29916.5   -11.7656

  other (weight: 1.0000)
  ────────────────────────────────────────────────────────────────
    Metric                       Before      After     Change
    xray                       452917.9   452384.9  -533.0625

  Group Totals
  ────────────────────────────────────────────────────────────────
    Group                        Before      After     Change
    adp                          4726.0     4726.0     0.0000
    geometry                   -48090.0   -48068.4   +21.5248
    xray                       452917.9   452384.9  -533.0625
────────────────────────────────────────────────────────────────────
  VDW rebuild: max drift 3.06 Å > threshold 1.00 Å

Building VDW (non-bonded) restraints...
  Symmetry expansion: 38 valid (symop, offset) combos
  Grid: [16, 12, 20], 3116/3840 cells occupied, max 444 entries/cell
  Built 515663 VDW restraints, 47142 symmetry contacts

────────────────────────────────────────────────────────────────────
  ADP Refinement
────────────────────────────────────────────────────────────────────

  adp (weight: 0.0200)
  ────────────────────────────────────────────────────────────────
    Metric                       Before      After     Change
    locality                    63701.3    62941.8  -759.4453
    scaler_U                     7784.9     7784.9     0.0000
    scaler_log_scale            93689.0    93689.0     0.0000
    sigd                         9322.4     9318.4    -4.0479
    simu                        61816.4    60992.7  -823.7344

  geometry (weight: 0.2000)
  ────────────────────────────────────────────────────────────────
    Metric                       Before      After     Change
    angle                      -59750.2   -59750.2     0.0000
    bond                       -45555.5   -45555.5     0.0000
    chiral                    -602.6189  -602.6189     0.0000
    nonbonded                 -133790.2  -133790.2     0.0000
    planarity                  -30560.1   -30560.1     0.0000
    torsion                     29916.5    29916.5     0.0000

  other (weight: 1.0000)
  ────────────────────────────────────────────────────────────────
    Metric                       Before      After     Change
    xray                       452384.9   452432.3   +47.4375

  Group Totals
  ────────────────────────────────────────────────────────────────
    Group                        Before      After     Change
    adp                          4726.3     4694.5   -31.7445
    geometry                   -48068.4   -48068.4     0.0000
    xray                       452384.9   452432.3   +47.4375
────────────────────────────────────────────────────────────────────
Calculating initial scale factors using 10 bins.
Refining scales with LBFGS...
Scale refinement complete. rwork: 0.2393, rfree: 0.2815

Final Scale Parameters: 
  c_iso: tensor([ 0.1947,  0.4993,  0.1656, -0.0408,  0.0241, -0.0079])
  U: tensor([ 0.1722,  0.3599,  0.2178, -0.0021,  0.0306, -0.0375])
  solvent.log_k_solvent: -0.9235327839851379
  solvent.log_ss_half: -4.009149551391602
  solvent.log_n_exp: 1.4714897871017456
  solvent.phase_offset: -0.006125517655164003

Refinement completed successfully.

Saving results to /das/work/units/LBR-FEL/p17490/Peter/Library/work_trees_torchref/alignement/alignment_lab/benchmarks/af_mr/runs/dmin3.0/2W3X/refine_phaser_mr...
  Refined structure (PDB): /das/work/units/LBR-FEL/p17490/Peter/Library/work_trees_torchref/alignement/alignment_lab/benchmarks/af_mr/runs/dmin3.0/2W3X/refine_phaser_mr/refined.pdb
  Refined structure (mmCIF): /das/work/units/LBR-FEL/p17490/Peter/Library/work_trees_torchref/alignement/alignment_lab/benchmarks/af_mr/runs/dmin3.0/2W3X/refine_phaser_mr/refined.cif
Added map coefficients:
  2Fo-Fc: FWT, PHWT
  Fo-Fc: DELFWT, PHDELWT
  Resolution range: 1.75 - 29.68 Å
✓ Wrote MTZ file: /das/work/units/LBR-FEL/p17490/Peter/Library/work_trees_torchref/alignement/alignment_lab/benchmarks/af_mr/runs/dmin3.0/2W3X/refine_phaser_mr/refined.mtz
  Reflections: 90876
  Columns: H, K, L, F-obs, SIGF-obs, R-free-flags, FWT, PHWT, DELFWT, PHDELWT, F-model, PH-model
  Refined structure factors: /das/work/units/LBR-FEL/p17490/Peter/Library/work_trees_torchref/alignement/alignment_lab/benchmarks/af_mr/runs/dmin3.0/2W3X/refine_phaser_mr/refined.mtz
  Refinement history: /das/work/units/LBR-FEL/p17490/Peter/Library/work_trees_torchref/alignement/alignment_lab/benchmarks/af_mr/runs/dmin3.0/2W3X/refine_phaser_mr/refinement_history.json

================================================================================
Refinement Summary
================================================================================
R-work:  0.2393 (89074 reflections)
R-free:  0.2815 (1799 reflections)
NLL work: 452659.00
NLL test: 9399.55
================================================================================

Output files:
  - /das/work/units/LBR-FEL/p17490/Peter/Library/work_trees_torchref/alignement/alignment_lab/benchmarks/af_mr/runs/dmin3.0/2W3X/refine_phaser_mr/refined.pdb
  - /das/work/units/LBR-FEL/p17490/Peter/Library/work_trees_torchref/alignement/alignment_lab/benchmarks/af_mr/runs/dmin3.0/2W3X/refine_phaser_mr/refined.cif
  - /das/work/units/LBR-FEL/p17490/Peter/Library/work_trees_torchref/alignement/alignment_lab/benchmarks/af_mr/runs/dmin3.0/2W3X/refine_phaser_mr/refined.mtz
  - /das/work/units/LBR-FEL/p17490/Peter/Library/work_trees_torchref/alignement/alignment_lab/benchmarks/af_mr/runs/dmin3.0/2W3X/refine_phaser_mr/refinement_history.json

Refinement completed successfully!

Timing: 491.8s wall, 1017.3s CPU
