/das/work/units/LBR-FEL/p17490/Peter/Library/work_trees_torchref/alignement/torchref/cli/refine.py:21: UserWarning: TorchRef using user-specified 8 threads from TORCHREF_NUM_THREADS.
  from torchref.cli._common import (
================================================================================
TorchRef LBFGS Refinement
================================================================================
Model:             /das/work/units/LBR-FEL/p17490/Peter/Library/work_trees_torchref/dev/paper/figure2_alphafold_start/placed/2WDZ_af.pdb
Structure factor:  /das/work/units/LBR-FEL/p17490/Peter/Library/work_trees_torchref/dev/paper/data/2WDZ/2WDZ.mtz
Output directory:  /das/work/units/LBR-FEL/p17490/Peter/Library/work_trees_torchref/alignement/alignment_lab/benchmarks/af_mr/runs/dmin3.0/2WDZ/refine_phaser_mr
Refinement mode:   separate
X-ray target:      ml
Refinement cycles: 10
Rigid-body step:   on (iterations/cutoff = 30)
Device:            auto
ADP mode:          isotropic
Wavelength:        1 A
Manual weights:    {"adp": 0.02}
================================================================================

Initializing refinement...
FrenchWilson initialized:
  Reflections: 63943
  Resolution: 1.95 - 19.87 Å
  Space group: SpaceGroup('C2221', number=20, n_ops=8)
  Centric: 4998 (7.8%)
found non-finite F values (NaN/Inf):  0
found non-finite F_sigma values (NaN/Inf):  0
Wilson outlier rejection: 0/56154 (0.0000%) of tested reflections flagged (0 too strong, 0 too weak)
Loaded 7392 atoms
Building restraints...
Found 109 link definitions

Building VDW (non-bonded) restraints...
  Symmetry expansion: 33 valid (symop, offset) combos
  Grid: [10, 18, 42], 4846/7560 cells occupied, max 207 entries/cell
  Built 142383 VDW restraints, 21104 symmetry contacts
  Hydrogen topology: 7343 riding H atoms
  H candidate pairs: 364013 (97236 H-H, 266777 H-heavy, 44980 symmetry)
================================================================================
Restraints Summary
================================================================================
CIF file: None
Residue types in dictionary: 20

INTRA-RESIDUE RESTRAINTS:
--------------------------------------------------------------------------------
  Bonds: 6500
  Angles: 7148
  Torsions: 1632
  Planes: 1476
  Chirals: 1184

INTER-RESIDUE RESTRAINTS:
--------------------------------------------------------------------------------
  Peptide bonds: 1012
  Peptide angles: 3064
  Disulfide bonds: 0
  Disulfide angles: 0
  Disulfide torsions: 0
  LINK bonds: 0

BACKBONE TORSIONS:
--------------------------------------------------------------------------------
  Phi: 1012
  Psi: 1012
  Omega: 1012
  Ramachandran: 1008

VDW RESTRAINTS:
--------------------------------------------------------------------------------
  Non-bonded contacts: 142383 (121279 intra-ASU, 21104 symmetry)
================================================================================
Generated 7356 hydrogens
ADP representation: isotropic, 14748 parameters, 4.3 work reflections each
Initialized ScalerBase with 10 bins.
Building restraints...

Building VDW (non-bonded) restraints...
  Symmetry expansion: 35 valid (symop, offset) combos
  Grid: [10, 18, 42], 5857/7560 cells occupied, max 324 entries/cell
  Built 602067 VDW restraints, 90895 symmetry contacts
================================================================================
Restraints Summary
================================================================================
CIF file: None
Residue types in dictionary: 20

INTRA-RESIDUE RESTRAINTS:
--------------------------------------------------------------------------------
  Bonds: 13856
  Angles: 22716
  Torsions: 2792
  Planes: 2648
  Chirals: 1184

INTER-RESIDUE RESTRAINTS:
--------------------------------------------------------------------------------
  Peptide bonds: 1012
  Peptide angles: 4048
  Disulfide bonds: 0
  Disulfide angles: 0
  Disulfide torsions: 0
  LINK bonds: 0

BACKBONE TORSIONS:
--------------------------------------------------------------------------------
  Phi: 1012
  Psi: 1012
  Omega: 1012
  Ramachandran: 1008

VDW RESTRAINTS:
--------------------------------------------------------------------------------
  Non-bonded contacts: 602067 (511172 intra-ASU, 90895 symmetry)
================================================================================
Initializing TotalGeometryTarget with component targets...
Initializing TotalADPTarget with component targets: simu, locality, sigd
Parametrization built for 5 unique atom types
SfFFT: Using late symmetry (reciprocal space)
Calculating initial scale factors using 10 bins.
Refining scales with LBFGS...
Scale refinement complete. rwork: 0.3807, rfree: 0.3833

Final Scale Parameters: 
  c_iso: tensor([-1.5271,  1.5866,  0.4132, -0.0186,  0.0569,  0.0331])
  U: tensor([ 0.6950,  0.7206,  0.6303, -0.0081,  0.0156, -0.0127])
  solvent.log_k_solvent: -0.9785054326057434
  solvent.log_ss_half: -4.105768203735352
  solvent.log_n_exp: 1.083656907081604
  solvent.phase_offset: 0.04581079259514809
Initialized targets with xray_mode='ml'
Applied manual group weights: {'xray': 1.0, 'geometry': 0.2, 'geometry/ramachandran': 0.0, 'adp': 0.02, 'adp/sigd': 1.0, 'adp/node_load': 10.0, 'adp/node_smoothness': 0.0}
Refinement initialized successfully.

Starting refinement with 10 macro cycles...

Rigid-body step enabled: one multi-resolution rigid-body pass will run once at the start of refinement.


--- Rigid-body step (once, at start) ---
Switched to rigid-body parametrization: RigidXYZTensor(n_atoms=14748, n_chains=4) (4 chain(s))
Filtering: 2335/63943 reflections in range [inf - 6.0] Å (2335 valid after all masks)
Initialized ScalerBase with 10 bins.
Calculating initial scale factors using 10 bins.
Calculating initial scale factors using 10 bins.
Refining scales with LBFGS...
Scale refinement complete. rwork: 0.2935, rfree: 0.2963

Final Scale Parameters: 
  c_iso: tensor([-1.1555, -0.3308, -1.9877,  0.9399,  1.5749,  0.6072])
  U: tensor([ 5.4613,  5.1633,  5.1012,  0.0282, -0.1780,  0.2267])
  solvent.log_k_solvent: -1.1875168085098267
  solvent.log_ss_half: -5.990717887878418
  solvent.log_n_exp: 0.2063378393650055
  solvent.phase_offset: -0.02320140227675438
  rigid-body d_min=6.00 (lbfgs, iters=30): Rwork=0.2880 Rfree=0.2730
Filtering: 12357/63943 reflections in range [inf - 3.4215223574846525] Å (12357 valid after all masks)
Initialized ScalerBase with 10 bins.
Calculating initial scale factors using 10 bins.
Calculating initial scale factors using 10 bins.
Refining scales with LBFGS...
Scale refinement complete. rwork: 0.3400, rfree: 0.3195

Final Scale Parameters: 
  c_iso: tensor([-2.0675,  0.4650, -0.6916, -0.5966, -0.1710,  0.0383])
  U: tensor([ 0.8960,  0.9268,  0.8701, -0.0315,  0.0022, -0.0168])
  solvent.log_k_solvent: -1.0287384986877441
  solvent.log_ss_half: -4.2306671142578125
  solvent.log_n_exp: 1.0266399383544922
  solvent.phase_offset: 0.02557379938662052
  rigid-body d_min=3.42 (lbfgs, iters=30): Rwork=0.3410 Rfree=0.3239
Filtering: 63943/63943 reflections in range [inf - 1.9511358737945557] Å (63943 valid after all masks)
Initialized ScalerBase with 10 bins.
Calculating initial scale factors using 10 bins.
Calculating initial scale factors using 10 bins.
Refining scales with LBFGS...
Scale refinement complete. rwork: 0.3817, rfree: 0.3843

Final Scale Parameters: 
  c_iso: tensor([-1.4962,  1.6236,  0.4204, -0.0189,  0.0571,  0.0323])
  U: tensor([ 0.7081,  0.7365,  0.6466, -0.0065,  0.0148, -0.0122])
  solvent.log_k_solvent: -0.9816979169845581
  solvent.log_ss_half: -4.110457897186279
  solvent.log_n_exp: 1.0876567363739014
  solvent.phase_offset: 0.03365166485309601
  rigid-body d_min=1.95 (lbfgs, iters=30): Rwork=0.3831 Rfree=0.3856
Initialized ScalerBase with 10 bins.
Calculating initial scale factors using 10 bins.
Calculating initial scale factors using 10 bins.
Refining scales with LBFGS...
Scale refinement complete. rwork: 0.3805, rfree: 0.3830

Final Scale Parameters: 
  c_iso: tensor([-1.5259,  1.5913,  0.4121, -0.0178,  0.0559,  0.0331])
  U: tensor([ 0.6961,  0.7224,  0.6317, -0.0080,  0.0156, -0.0133])
  solvent.log_k_solvent: -0.9816717505455017
  solvent.log_ss_half: -4.095373153686523
  solvent.log_n_exp: 1.1032627820968628
  solvent.phase_offset: 0.04261873662471771
Initialized ScalerBase with 10 bins.
Calculating initial scale factors using 10 bins.
Calculating initial scale factors using 10 bins.
Refining scales with LBFGS...
Scale refinement complete. rwork: 0.3805, rfree: 0.3830

Final Scale Parameters: 
  c_iso: tensor([-1.5144,  1.6052,  0.4150, -0.0179,  0.0559,  0.0331])
  U: tensor([ 0.7015,  0.7278,  0.6372, -0.0080,  0.0157, -0.0133])
  solvent.log_k_solvent: -0.9819768667221069
  solvent.log_ss_half: -4.1007843017578125
  solvent.log_n_exp: 1.0930430889129639
  solvent.phase_offset: 0.04225537180900574

============================================================
LBFGS Refinement - Cycle 1/10
============================================================
Refining scales with LBFGS...
Scale refinement complete. rwork: 0.3805, rfree: 0.3830

Final Scale Parameters: 
  c_iso: tensor([-1.5265,  1.5911,  0.4117, -0.0173,  0.0560,  0.0332])
  U: tensor([ 0.6958,  0.7222,  0.6316, -0.0079,  0.0157, -0.0135])
  solvent.log_k_solvent: -0.9816253781318665
  solvent.log_ss_half: -4.096846103668213
  solvent.log_n_exp: 1.0936006307601929
  solvent.phase_offset: 0.04278332740068436
After scaling: Rwork=0.3805, Rfree=0.3830
  VDW rebuild: max drift 1.76 Å > threshold 1.00 Å

Building VDW (non-bonded) restraints...
  Symmetry expansion: 35 valid (symop, offset) combos
  Grid: [10, 18, 42], 5857/7560 cells occupied, max 324 entries/cell
  Built 602067 VDW restraints, 90895 symmetry contacts

────────────────────────────────────────────────────────────────────
  XYZ Refinement
────────────────────────────────────────────────────────────────────

  adp (weight: 0.0200)
  ────────────────────────────────────────────────────────────────
    Metric                       Before      After     Change
    locality                     2080.1     2080.1     0.0000
    scaler_U                    44769.3    44769.3     0.0000
    scaler_log_scale          1010238.7  1010238.7     0.0000
    sigd                         9613.9     9613.9     0.0000
    simu                        24061.6    24061.6     0.0000

  geometry (weight: 0.2000)
  ────────────────────────────────────────────────────────────────
    Metric                       Before      After     Change
    angle                      -61445.7   -65055.0    -3609.3
    bond                       -46309.0   -49124.0    -2815.0
    chiral                    -671.3686  -763.1155   -91.7469
    nonbonded                  -78447.6  -158656.0   -80208.3
    planarity                  -31432.1   -32183.2  -751.1562
    torsion                     20432.2    20471.4   +39.2227

  other (weight: 1.0000)
  ────────────────────────────────────────────────────────────────
    Metric                       Before      After     Change
    xray                       248665.9   245528.3    -3137.5

  Group Totals
  ────────────────────────────────────────────────────────────────
    Group                        Before      After     Change
    adp                         21815.3    21815.3     0.0000
    geometry                   -39574.7   -57062.0   -17487.3
    xray                       248665.9   245528.3    -3137.5
────────────────────────────────────────────────────────────────────
  VDW rebuild: max drift 1.76 Å > threshold 1.00 Å

Building VDW (non-bonded) restraints...
  Symmetry expansion: 35 valid (symop, offset) combos
  Grid: [10, 18, 42], 5857/7560 cells occupied, max 324 entries/cell
  Built 602067 VDW restraints, 90895 symmetry contacts

────────────────────────────────────────────────────────────────────
  ADP Refinement
────────────────────────────────────────────────────────────────────

  adp (weight: 0.0200)
  ────────────────────────────────────────────────────────────────
    Metric                       Before      After     Change
    locality                     2064.9    35994.8   +33930.0
    scaler_U                    44769.3    44769.3     0.0000
    scaler_log_scale          1010238.7  1010238.7     0.0000
    sigd                         9613.9    10663.9    +1050.1
    simu                        24061.6    36026.6   +11964.9

  geometry (weight: 0.2000)
  ────────────────────────────────────────────────────────────────
    Metric                       Before      After     Change
    angle                      -65055.0   -65055.0     0.0000
    bond                       -49124.0   -49124.0     0.0000
    chiral                    -763.1155  -763.1155     0.0000
    nonbonded                 -158656.0  -158656.0     0.0000
    planarity                  -32183.2   -32183.2     0.0000
    torsion                     20471.4    20471.4     0.0000

  other (weight: 1.0000)
  ────────────────────────────────────────────────────────────────
    Metric                       Before      After     Change
    xray                       245528.3   239870.2    -5658.2

  Group Totals
  ────────────────────────────────────────────────────────────────
    Group                        Before      After     Change
    adp                         21815.0    22753.9  +938.8995
    geometry                   -57062.0   -57062.0     0.0000
    xray                       245528.3   239870.2    -5658.2
────────────────────────────────────────────────────────────────────

============================================================
LBFGS Refinement - Cycle 2/10
============================================================
Refining scales with LBFGS...
Scale refinement complete. rwork: 0.3137, rfree: 0.3315

Final Scale Parameters: 
  c_iso: tensor([-1.5598,  1.5269,  0.3512, -0.0327,  0.0645,  0.0198])
  U: tensor([ 0.6698,  0.6971,  0.6016, -0.0111,  0.0214, -0.0019])
  solvent.log_k_solvent: -1.001909613609314
  solvent.log_ss_half: -4.162168979644775
  solvent.log_n_exp: 0.8622176051139832
  solvent.phase_offset: -0.018414702266454697
After scaling: Rwork=0.3137, Rfree=0.3315
  VDW rebuild: max drift 1.69 Å > threshold 1.00 Å

Building VDW (non-bonded) restraints...
  Symmetry expansion: 35 valid (symop, offset) combos
  Grid: [10, 18, 42], 5857/7560 cells occupied, max 324 entries/cell
  Built 602067 VDW restraints, 90895 symmetry contacts

────────────────────────────────────────────────────────────────────
  XYZ Refinement
────────────────────────────────────────────────────────────────────

  adp (weight: 0.0200)
  ────────────────────────────────────────────────────────────────
    Metric                       Before      After     Change
    locality                    35994.8    35994.8     0.0000
    scaler_U                    41293.7    41293.7     0.0000
    scaler_log_scale           882048.7   882048.7     0.0000
    sigd                        10663.9    10663.9     0.0000
    simu                        36026.6    36026.6     0.0000

  geometry (weight: 0.2000)
  ────────────────────────────────────────────────────────────────
    Metric                       Before      After     Change
    angle                      -65055.0   -65901.7  -846.7305
    bond                       -49124.0   -49471.4  -347.3984
    chiral                    -763.1155  -760.1890    +2.9265
    nonbonded                 -158656.0  -158757.1  -101.1875
    planarity                  -32183.2   -32224.6   -41.3203
    torsion                     20471.4    20526.0   +54.6289

  other (weight: 1.0000)
  ────────────────────────────────────────────────────────────────
    Metric                       Before      After     Change
    xray                       240070.7   235539.4    -4531.4

  Group Totals
  ────────────────────────────────────────────────────────────────
    Group                        Before      After     Change
    adp                         20120.6    20120.6     0.0000
    geometry                   -57062.0   -57317.8  -255.8156
    xray                       240070.7   235539.4    -4531.4
────────────────────────────────────────────────────────────────────
  VDW rebuild: max drift 1.69 Å > threshold 1.00 Å

Building VDW (non-bonded) restraints...
  Symmetry expansion: 35 valid (symop, offset) combos
  Grid: [10, 18, 42], 5857/7560 cells occupied, max 324 entries/cell
  Built 602067 VDW restraints, 90895 symmetry contacts

────────────────────────────────────────────────────────────────────
  ADP Refinement
────────────────────────────────────────────────────────────────────

  adp (weight: 0.0200)
  ────────────────────────────────────────────────────────────────
    Metric                       Before      After     Change
    locality                    35865.1    49076.3   +13211.2
    scaler_U                    41293.7    41293.7     0.0000
    scaler_log_scale           882048.7   882048.7     0.0000
    sigd                        10663.9    10948.4  +284.5176
    simu                        36026.6    42395.2    +6368.7

  geometry (weight: 0.2000)
  ────────────────────────────────────────────────────────────────
    Metric                       Before      After     Change
    angle                      -65901.7   -65901.7     0.0000
    bond                       -49471.4   -49471.4     0.0000
    chiral                    -760.1890  -760.1890     0.0000
    nonbonded                 -158757.1  -158757.1     0.0000
    planarity                  -32224.6   -32224.6     0.0000
    torsion                     20526.0    20526.0     0.0000

  other (weight: 1.0000)
  ────────────────────────────────────────────────────────────────
    Metric                       Before      After     Change
    xray                       235539.4   234522.4    -1016.9

  Group Totals
  ────────────────────────────────────────────────────────────────
    Group                        Before      After     Change
    adp                         20118.0    20515.2  +397.2876
    geometry                   -57317.8   -57317.8     0.0000
    xray                       235539.4   234522.4    -1016.9
────────────────────────────────────────────────────────────────────

============================================================
LBFGS Refinement - Cycle 3/10
============================================================
Refining scales with LBFGS...
Scale refinement complete. rwork: 0.2788, rfree: 0.3143

Final Scale Parameters: 
  c_iso: tensor([-2.1621,  0.7541,  0.1995, -0.0556,  0.0726,  0.0130])
  U: tensor([ 3.7552e-01,  4.0333e-01,  3.0451e-01, -1.1457e-02,  2.0793e-02,
        -2.9942e-04])
  solvent.log_k_solvent: -0.9667428731918335
  solvent.log_ss_half: -3.914478063583374
  solvent.log_n_exp: 1.208475112915039
  solvent.phase_offset: -0.01570662297308445
After scaling: Rwork=0.2788, Rfree=0.3143
  VDW rebuild: max drift 2.12 Å > threshold 1.00 Å

Building VDW (non-bonded) restraints...
  Symmetry expansion: 35 valid (symop, offset) combos
  Grid: [10, 18, 42], 5857/7560 cells occupied, max 324 entries/cell
  Built 602067 VDW restraints, 90895 symmetry contacts

────────────────────────────────────────────────────────────────────
  XYZ Refinement
────────────────────────────────────────────────────────────────────

  adp (weight: 0.0200)
  ────────────────────────────────────────────────────────────────
    Metric                       Before      After     Change
    locality                    49076.3    49076.3     0.0000
    scaler_U                    12508.1    12508.1     0.0000
    scaler_log_scale           219973.7   219973.7     0.0000
    sigd                        10948.4    10948.4     0.0000
    simu                        42395.2    42395.2     0.0000

  geometry (weight: 0.2000)
  ────────────────────────────────────────────────────────────────
    Metric                       Before      After     Change
    angle                      -65901.7   -66251.7  -349.9688
    bond                       -49471.4   -49842.3  -370.8359
    chiral                    -760.1890  -766.9604    -6.7714
    nonbonded                 -158757.1  -159688.2  -931.0781
    planarity                  -32224.6   -32521.2  -296.6387
    torsion                     20526.0    20490.3   -35.7441

  other (weight: 1.0000)
  ────────────────────────────────────────────────────────────────
    Metric                       Before      After     Change
    xray                       234486.8   232634.8    -1852.0

  Group Totals
  ────────────────────────────────────────────────────────────────
    Group                        Before      After     Change
    adp                          6698.0     6698.0     0.0000
    geometry                   -57317.8   -57716.0  -398.2088
    xray                       234486.8   232634.8    -1852.0
────────────────────────────────────────────────────────────────────
  VDW rebuild: max drift 2.12 Å > threshold 1.00 Å

Building VDW (non-bonded) restraints...
  Symmetry expansion: 35 valid (symop, offset) combos
  Grid: [10, 18, 42], 5857/7560 cells occupied, max 324 entries/cell
  Built 602067 VDW restraints, 90895 symmetry contacts

────────────────────────────────────────────────────────────────────
  ADP Refinement
────────────────────────────────────────────────────────────────────

  adp (weight: 0.0200)
  ────────────────────────────────────────────────────────────────
    Metric                       Before      After     Change
    locality                    49103.9    50722.1    +1618.2
    scaler_U                    12508.1    12508.1     0.0000
    scaler_log_scale           219973.7   219973.7     0.0000
    sigd                        10948.4    10852.5   -95.9121
    simu                        42395.2    43605.0    +1209.8

  geometry (weight: 0.2000)
  ────────────────────────────────────────────────────────────────
    Metric                       Before      After     Change
    angle                      -66251.7   -66251.7     0.0000
    bond                       -49842.3   -49842.3     0.0000
    chiral                    -766.9604  -766.9604     0.0000
    nonbonded                 -159688.2  -159688.2     0.0000
    planarity                  -32521.2   -32521.2     0.0000
    torsion                     20490.3    20490.3     0.0000

  other (weight: 1.0000)
  ────────────────────────────────────────────────────────────────
    Metric                       Before      After     Change
    xray                       232634.8   232467.2  -167.5000

  Group Totals
  ────────────────────────────────────────────────────────────────
    Group                        Before      After     Change
    adp                          6698.6     6753.2   +54.6411
    geometry                   -57716.0   -57716.0     0.0000
    xray                       232634.8   232467.2  -167.5000
────────────────────────────────────────────────────────────────────

============================================================
LBFGS Refinement - Cycle 4/10
============================================================
Refining scales with LBFGS...
Scale refinement complete. rwork: 0.2662, rfree: 0.3045

Final Scale Parameters: 
  c_iso: tensor([-2.1634,  0.7583,  0.1990, -0.0541,  0.0707,  0.0102])
  U: tensor([ 0.3787,  0.4026,  0.3044, -0.0113,  0.0192,  0.0012])
  solvent.log_k_solvent: -0.9726448059082031
  solvent.log_ss_half: -3.8846547603607178
  solvent.log_n_exp: 1.2029474973678589
  solvent.phase_offset: -0.009506218135356903
After scaling: Rwork=0.2662, Rfree=0.3045
  VDW rebuild: max drift 2.41 Å > threshold 1.00 Å

Building VDW (non-bonded) restraints...
  Symmetry expansion: 35 valid (symop, offset) combos
  Grid: [10, 18, 42], 5857/7560 cells occupied, max 324 entries/cell
  Built 602067 VDW restraints, 90895 symmetry contacts

────────────────────────────────────────────────────────────────────
  XYZ Refinement
────────────────────────────────────────────────────────────────────

  adp (weight: 0.0200)
  ────────────────────────────────────────────────────────────────
    Metric                       Before      After     Change
    locality                    50722.1    50722.1     0.0000
    scaler_U                    12562.3    12562.3     0.0000
    scaler_log_scale           222588.0   222588.0     0.0000
    sigd                        10852.5    10852.5     0.0000
    simu                        43605.0    43605.0     0.0000

  geometry (weight: 0.2000)
  ────────────────────────────────────────────────────────────────
    Metric                       Before      After     Change
    angle                      -66251.7   -66386.7  -135.0000
    bond                       -49842.3   -49730.5  +111.7070
    chiral                    -766.9604  -763.9014    +3.0590
    nonbonded                 -159688.2  -159650.2   +38.0312
    planarity                  -32521.2   -32454.0   +67.2109
    torsion                     20490.3    20523.3   +33.0137

  other (weight: 1.0000)
  ────────────────────────────────────────────────────────────────
    Metric                       Before      After     Change
    xray                       232481.7   230793.3    -1688.3

  Group Totals
  ────────────────────────────────────────────────────────────────
    Group                        Before      After     Change
    adp                          6806.6     6806.6     0.0000
    geometry                   -57716.0   -57692.4   +23.6059
    xray                       232481.7   230793.3    -1688.3
────────────────────────────────────────────────────────────────────
  VDW rebuild: max drift 2.41 Å > threshold 1.00 Å

Building VDW (non-bonded) restraints...
  Symmetry expansion: 35 valid (symop, offset) combos
  Grid: [10, 18, 42], 5857/7560 cells occupied, max 324 entries/cell
  Built 602067 VDW restraints, 90895 symmetry contacts

────────────────────────────────────────────────────────────────────
  ADP Refinement
────────────────────────────────────────────────────────────────────

  adp (weight: 0.0200)
  ────────────────────────────────────────────────────────────────
    Metric                       Before      After     Change
    locality                    50610.8    50743.1  +132.3516
    scaler_U                    12562.3    12562.3     0.0000
    scaler_log_scale           222588.0   222588.0     0.0000
    sigd                        10852.5    10712.6  -139.9365
    simu                        43605.0    43991.5  +386.4648

  geometry (weight: 0.2000)
  ────────────────────────────────────────────────────────────────
    Metric                       Before      After     Change
    angle                      -66386.7   -66386.7     0.0000
    bond                       -49730.5   -49730.5     0.0000
    chiral                    -763.9014  -763.9014     0.0000
    nonbonded                 -159650.2  -159650.2     0.0000
    planarity                  -32454.0   -32454.0     0.0000
    torsion                     20523.3    20523.3     0.0000

  other (weight: 1.0000)
  ────────────────────────────────────────────────────────────────
    Metric                       Before      After     Change
    xray                       230793.3   230640.2  -153.1562

  Group Totals
  ────────────────────────────────────────────────────────────────
    Group                        Before      After     Change
    adp                          6804.4     6812.0    +7.5776
    geometry                   -57692.4   -57692.4     0.0000
    xray                       230793.3   230640.2  -153.1562
────────────────────────────────────────────────────────────────────

============================================================
LBFGS Refinement - Cycle 5/10
============================================================
Refining scales with LBFGS...
Scale refinement complete. rwork: 0.2562, rfree: 0.2984

Final Scale Parameters: 
  c_iso: tensor([-2.1585,  0.7545,  0.2074, -0.0587,  0.0748,  0.0085])
  U: tensor([ 0.3816,  0.4030,  0.3069, -0.0102,  0.0169,  0.0024])
  solvent.log_k_solvent: -0.9732986092567444
  solvent.log_ss_half: -3.868581771850586
  solvent.log_n_exp: 1.2019050121307373
  solvent.phase_offset: -0.009217004291713238
After scaling: Rwork=0.2562, Rfree=0.2984
  VDW rebuild: max drift 2.75 Å > threshold 1.00 Å

Building VDW (non-bonded) restraints...
  Symmetry expansion: 35 valid (symop, offset) combos
  Grid: [10, 18, 42], 5857/7560 cells occupied, max 324 entries/cell
  Built 602067 VDW restraints, 90895 symmetry contacts

────────────────────────────────────────────────────────────────────
  XYZ Refinement
────────────────────────────────────────────────────────────────────

  adp (weight: 0.0200)
  ────────────────────────────────────────────────────────────────
    Metric                       Before      After     Change
    locality                    50743.1    50743.1     0.0000
    scaler_U                    12695.6    12695.6     0.0000
    scaler_log_scale           224942.8   224942.8     0.0000
    sigd                        10712.6    10712.6     0.0000
    simu                        43991.5    43991.5     0.0000

  geometry (weight: 0.2000)
  ────────────────────────────────────────────────────────────────
    Metric                       Before      After     Change
    angle                      -66386.7   -66393.6    -6.9062
    bond                       -49730.5   -49851.8  -121.2500
    chiral                    -763.9014  -765.3439    -1.4424
    nonbonded                 -159650.2  -159941.9  -291.6875
    planarity                  -32454.0   -32566.6  -112.5918
    torsion                     20523.3    20524.8    +1.5098

  other (weight: 1.0000)
  ────────────────────────────────────────────────────────────────
    Metric                       Before      After     Change
    xray                       230681.6   229901.5  -780.0625

  Group Totals
  ────────────────────────────────────────────────────────────────
    Group                        Before      After     Change
    adp                          6861.7     6861.7     0.0000
    geometry                   -57692.4   -57798.9  -106.4735
    xray                       230681.6   229901.5  -780.0625
────────────────────────────────────────────────────────────────────
  VDW rebuild: max drift 2.75 Å > threshold 1.00 Å

Building VDW (non-bonded) restraints...
  Symmetry expansion: 35 valid (symop, offset) combos
  Grid: [10, 18, 42], 5857/7560 cells occupied, max 324 entries/cell
  Built 602067 VDW restraints, 90895 symmetry contacts

────────────────────────────────────────────────────────────────────
  ADP Refinement
────────────────────────────────────────────────────────────────────

  adp (weight: 0.0200)
  ────────────────────────────────────────────────────────────────
    Metric                       Before      After     Change
    locality                    50663.7    50230.8  -432.8594
    scaler_U                    12695.6    12695.6     0.0000
    scaler_log_scale           224942.8   224942.8     0.0000
    sigd                        10712.6    10626.8   -85.8066
    simu                        43991.5    43792.2  -199.2539

  geometry (weight: 0.2000)
  ────────────────────────────────────────────────────────────────
    Metric                       Before      After     Change
    angle                      -66393.6   -66393.6     0.0000
    bond                       -49851.8   -49851.8     0.0000
    chiral                    -765.3439  -765.3439     0.0000
    nonbonded                 -159941.9  -159941.9     0.0000
    planarity                  -32566.6   -32566.6     0.0000
    torsion                     20524.8    20524.8     0.0000

  other (weight: 1.0000)
  ────────────────────────────────────────────────────────────────
    Metric                       Before      After     Change
    xray                       229901.5   229828.2   -73.3438

  Group Totals
  ────────────────────────────────────────────────────────────────
    Group                        Before      After     Change
    adp                          6860.1     6845.8   -14.3585
    geometry                   -57798.9   -57798.9     0.0000
    xray                       229901.5   229828.2   -73.3438
────────────────────────────────────────────────────────────────────

============================================================
LBFGS Refinement - Cycle 6/10
============================================================
Refining scales with LBFGS...
Scale refinement complete. rwork: 0.2513, rfree: 0.2949

Final Scale Parameters: 
  c_iso: tensor([-2.1532,  0.7721,  0.2069, -0.0551,  0.0732,  0.0089])
  U: tensor([ 0.3892,  0.4080,  0.3126, -0.0106,  0.0159,  0.0038])
  solvent.log_k_solvent: -0.9831972718238831
  solvent.log_ss_half: -3.8500888347625732
  solvent.log_n_exp: 1.243704080581665
  solvent.phase_offset: 0.0017886953428387642
After scaling: Rwork=0.2513, Rfree=0.2949
  VDW rebuild: max drift 3.01 Å > threshold 1.00 Å

Building VDW (non-bonded) restraints...
  Symmetry expansion: 35 valid (symop, offset) combos
  Grid: [10, 18, 42], 5857/7560 cells occupied, max 324 entries/cell
  Built 602067 VDW restraints, 90895 symmetry contacts

────────────────────────────────────────────────────────────────────
  XYZ Refinement
────────────────────────────────────────────────────────────────────

  adp (weight: 0.0200)
  ────────────────────────────────────────────────────────────────
    Metric                       Before      After     Change
    locality                    50230.8    50230.8     0.0000
    scaler_U                    13126.0    13126.0     0.0000
    scaler_log_scale           233146.4   233146.4     0.0000
    sigd                        10626.8    10626.8     0.0000
    simu                        43792.2    43792.2     0.0000

  geometry (weight: 0.2000)
  ────────────────────────────────────────────────────────────────
    Metric                       Before      After     Change
    angle                      -66393.6   -66497.8  -104.2656
    bond                       -49851.8   -49747.0  +104.8047
    chiral                    -765.3439  -764.1893    +1.1545
    nonbonded                 -159941.9  -159977.3   -35.4375
    planarity                  -32566.6   -32516.4   +50.1855
    torsion                     20524.8    20542.9   +18.1602

  other (weight: 1.0000)
  ────────────────────────────────────────────────────────────────
    Metric                       Before      After     Change
    xray                       229876.2   229020.9  -855.2812

  Group Totals
  ────────────────────────────────────────────────────────────────
    Group                        Before      After     Change
    adp                          7018.4     7018.4     0.0000
    geometry                   -57798.9   -57792.0    +6.9194
    xray                       229876.2   229020.9  -855.2812
────────────────────────────────────────────────────────────────────
  VDW rebuild: max drift 3.01 Å > threshold 1.00 Å

Building VDW (non-bonded) restraints...
  Symmetry expansion: 35 valid (symop, offset) combos
  Grid: [10, 18, 42], 5857/7560 cells occupied, max 324 entries/cell
  Built 602067 VDW restraints, 90895 symmetry contacts

────────────────────────────────────────────────────────────────────
  ADP Refinement
────────────────────────────────────────────────────────────────────

  adp (weight: 0.0200)
  ────────────────────────────────────────────────────────────────
    Metric                       Before      After     Change
    locality                    50168.6    50530.4  +361.8477
    scaler_U                    13126.0    13126.0     0.0000
    scaler_log_scale           233146.4   233146.4     0.0000
    sigd                        10626.8    10576.3   -50.4756
    simu                        43792.2    44040.0  +247.7227

  geometry (weight: 0.2000)
  ────────────────────────────────────────────────────────────────
    Metric                       Before      After     Change
    angle                      -66497.8   -66497.8     0.0000
    bond                       -49747.0   -49747.0     0.0000
    chiral                    -764.1893  -764.1893     0.0000
    nonbonded                 -159977.3  -159977.3     0.0000
    planarity                  -32516.4   -32516.4     0.0000
    torsion                     20542.9    20542.9     0.0000

  other (weight: 1.0000)
  ────────────────────────────────────────────────────────────────
    Metric                       Before      After     Change
    xray                       229020.9   228948.3   -72.6250

  Group Totals
  ────────────────────────────────────────────────────────────────
    Group                        Before      After     Change
    adp                          7017.2     7028.4   +11.1819
    geometry                   -57792.0   -57792.0     0.0000
    xray                       229020.9   228948.3   -72.6250
────────────────────────────────────────────────────────────────────

============================================================
LBFGS Refinement - Cycle 7/10
============================================================
Refining scales with LBFGS...
Scale refinement complete. rwork: 0.2472, rfree: 0.2900

Final Scale Parameters: 
  c_iso: tensor([-2.1514,  0.7686,  0.2098, -0.0573,  0.0733,  0.0079])
  U: tensor([ 0.3930,  0.4101,  0.3153, -0.0112,  0.0146,  0.0047])
  solvent.log_k_solvent: -0.9825698733329773
  solvent.log_ss_half: -3.8451502323150635
  solvent.log_n_exp: 1.2446779012680054
  solvent.phase_offset: 0.008106742985546589
After scaling: Rwork=0.2472, Rfree=0.2900
  VDW rebuild: max drift 3.22 Å > threshold 1.00 Å

Building VDW (non-bonded) restraints...
  Symmetry expansion: 35 valid (symop, offset) combos
  Grid: [10, 18, 42], 5857/7560 cells occupied, max 324 entries/cell
  Built 602067 VDW restraints, 90895 symmetry contacts

────────────────────────────────────────────────────────────────────
  XYZ Refinement
────────────────────────────────────────────────────────────────────

  adp (weight: 0.0200)
  ────────────────────────────────────────────────────────────────
    Metric                       Before      After     Change
    locality                    50530.4    50530.4     0.0000
    scaler_U                    13329.5    13329.5     0.0000
    scaler_log_scale           233491.4   233491.4     0.0000
    sigd                        10576.3    10576.3     0.0000
    simu                        44040.0    44040.0     0.0000

  geometry (weight: 0.2000)
  ────────────────────────────────────────────────────────────────
    Metric                       Before      After     Change
    angle                      -66497.8   -66424.4   +73.4922
    bond                       -49747.0   -49843.6   -96.5625
    chiral                    -764.1893  -762.4195    +1.7698
    nonbonded                 -159977.3  -160121.7  -144.3906
    planarity                  -32516.4   -32580.6   -64.2109
    torsion                     20542.9    20543.7    +0.7266

  other (weight: 1.0000)
  ────────────────────────────────────────────────────────────────
    Metric                       Before      After     Change
    xray                       229020.5   228589.0  -431.5000

  Group Totals
  ────────────────────────────────────────────────────────────────
    Group                        Before      After     Change
    adp                          7039.4     7039.4     0.0000
    geometry                   -57792.0   -57837.8   -45.8350
    xray                       229020.5   228589.0  -431.5000
────────────────────────────────────────────────────────────────────
  VDW rebuild: max drift 3.22 Å > threshold 1.00 Å

Building VDW (non-bonded) restraints...
  Symmetry expansion: 35 valid (symop, offset) combos
  Grid: [10, 18, 42], 5857/7560 cells occupied, max 324 entries/cell
  Built 602067 VDW restraints, 90895 symmetry contacts

────────────────────────────────────────────────────────────────────
  ADP Refinement
────────────────────────────────────────────────────────────────────

  adp (weight: 0.0200)
  ────────────────────────────────────────────────────────────────
    Metric                       Before      After     Change
    locality                    50459.5    50307.3  -152.2109
    scaler_U                    13329.5    13329.5     0.0000
    scaler_log_scale           233491.4   233491.4     0.0000
    sigd                        10576.3    10549.2   -27.0742
    simu                        44040.0    43849.6  -190.3906

  geometry (weight: 0.2000)
  ────────────────────────────────────────────────────────────────
    Metric                       Before      After     Change
    angle                      -66424.4   -66424.4     0.0000
    bond                       -49843.6   -49843.6     0.0000
    chiral                    -762.4195  -762.4195     0.0000
    nonbonded                 -160121.7  -160121.7     0.0000
    planarity                  -32580.6   -32580.6     0.0000
    torsion                     20543.7    20543.7     0.0000

  other (weight: 1.0000)
  ────────────────────────────────────────────────────────────────
    Metric                       Before      After     Change
    xray                       228589.0   228574.9   -14.1250

  Group Totals
  ────────────────────────────────────────────────────────────────
    Group                        Before      After     Change
    adp                          7037.9     7030.5    -7.3935
    geometry                   -57837.8   -57837.8     0.0000
    xray                       228589.0   228574.9   -14.1250
────────────────────────────────────────────────────────────────────

============================================================
LBFGS Refinement - Cycle 8/10
============================================================
Refining scales with LBFGS...
Scale refinement complete. rwork: 0.2445, rfree: 0.2873

Final Scale Parameters: 
  c_iso: tensor([-2.1514,  0.7666,  0.2125, -0.0587,  0.0741,  0.0069])
  U: tensor([ 0.3967,  0.4122,  0.3177, -0.0117,  0.0139,  0.0049])
  solvent.log_k_solvent: -0.9798793792724609
  solvent.log_ss_half: -3.8435542583465576
  solvent.log_n_exp: 1.2455971240997314
  solvent.phase_offset: 0.01626564934849739
After scaling: Rwork=0.2445, Rfree=0.2873
  VDW rebuild: max drift 3.46 Å > threshold 1.00 Å

Building VDW (non-bonded) restraints...
  Symmetry expansion: 35 valid (symop, offset) combos
  Grid: [10, 18, 42], 5857/7560 cells occupied, max 324 entries/cell
  Built 602067 VDW restraints, 90895 symmetry contacts

────────────────────────────────────────────────────────────────────
  XYZ Refinement
────────────────────────────────────────────────────────────────────

  adp (weight: 0.0200)
  ────────────────────────────────────────────────────────────────
    Metric                       Before      After     Change
    locality                    50307.3    50307.3     0.0000
    scaler_U                    13526.3    13526.3     0.0000
    scaler_log_scale           234071.8   234071.8     0.0000
    sigd                        10549.2    10549.2     0.0000
    simu                        43849.6    43849.6     0.0000

  geometry (weight: 0.2000)
  ────────────────────────────────────────────────────────────────
    Metric                       Before      After     Change
    angle                      -66424.4   -66521.4   -97.0547
    bond                       -49843.6   -49725.5  +118.0781
    chiral                    -762.4195  -761.7013    +0.7182
    nonbonded                 -160121.7  -160186.2   -64.5156
    planarity                  -32580.6   -32588.5    -7.9336
    torsion                     20543.7    20551.7    +8.0137

  other (weight: 1.0000)
  ────────────────────────────────────────────────────────────────
    Metric                       Before      After     Change
    xray                       228642.1   228145.1  -496.9531

  Group Totals
  ────────────────────────────────────────────────────────────────
    Group                        Before      After     Change
    adp                          7046.1     7046.1     0.0000
    geometry                   -57837.8   -57846.3    -8.5390
    xray                       228642.1   228145.1  -496.9531
────────────────────────────────────────────────────────────────────
  VDW rebuild: max drift 3.46 Å > threshold 1.00 Å

Building VDW (non-bonded) restraints...
  Symmetry expansion: 35 valid (symop, offset) combos
  Grid: [10, 18, 42], 5857/7560 cells occupied, max 324 entries/cell
  Built 602067 VDW restraints, 90895 symmetry contacts

────────────────────────────────────────────────────────────────────
  ADP Refinement
────────────────────────────────────────────────────────────────────

  adp (weight: 0.0200)
  ────────────────────────────────────────────────────────────────
    Metric                       Before      After     Change
    locality                    50277.1    49906.4  -370.6211
    scaler_U                    13526.3    13526.3     0.0000
    scaler_log_scale           234071.8   234071.8     0.0000
    sigd                        10549.2    10517.1   -32.1611
    simu                        43849.6    43680.7  -168.9062

  geometry (weight: 0.2000)
  ────────────────────────────────────────────────────────────────
    Metric                       Before      After     Change
    angle                      -66521.4   -66521.4     0.0000
    bond                       -49725.5   -49725.5     0.0000
    chiral                    -761.7013  -761.7013     0.0000
    nonbonded                 -160186.2  -160186.2     0.0000
    planarity                  -32588.5   -32588.5     0.0000
    torsion                     20551.7    20551.7     0.0000

  other (weight: 1.0000)
  ────────────────────────────────────────────────────────────────
    Metric                       Before      After     Change
    xray                       228145.1   228146.6    +1.4531

  Group Totals
  ────────────────────────────────────────────────────────────────
    Group                        Before      After     Change
    adp                          7045.5     7034.0   -11.4338
    geometry                   -57846.3   -57846.3     0.0000
    xray                       228145.1   228146.6    +1.4531
────────────────────────────────────────────────────────────────────

============================================================
LBFGS Refinement - Cycle 9/10
============================================================
Refining scales with LBFGS...
Scale refinement complete. rwork: 0.2423, rfree: 0.2848

Final Scale Parameters: 
  c_iso: tensor([-2.1419,  0.7741,  0.2179, -0.0602,  0.0749,  0.0068])
  U: tensor([ 0.4042,  0.4190,  0.3242, -0.0126,  0.0136,  0.0053])
  solvent.log_k_solvent: -0.9800033569335938
  solvent.log_ss_half: -3.8411595821380615
  solvent.log_n_exp: 1.2697511911392212
  solvent.phase_offset: 0.016531936824321747
After scaling: Rwork=0.2423, Rfree=0.2848
  VDW rebuild: max drift 3.63 Å > threshold 1.00 Å

Building VDW (non-bonded) restraints...
  Symmetry expansion: 35 valid (symop, offset) combos
  Grid: [10, 18, 42], 5857/7560 cells occupied, max 324 entries/cell
  Built 602067 VDW restraints, 90895 symmetry contacts

────────────────────────────────────────────────────────────────────
  XYZ Refinement
────────────────────────────────────────────────────────────────────

  adp (weight: 0.0200)
  ────────────────────────────────────────────────────────────────
    Metric                       Before      After     Change
    locality                    49906.4    49906.4     0.0000
    scaler_U                    14030.7    14030.7     0.0000
    scaler_log_scale           240727.8   240727.8     0.0000
    sigd                        10517.1    10517.1     0.0000
    simu                        43680.7    43680.7     0.0000

  geometry (weight: 0.2000)
  ────────────────────────────────────────────────────────────────
    Metric                       Before      After     Change
    angle                      -66521.4   -66411.5  +109.8672
    bond                       -49725.5   -49844.3  -118.7812
    chiral                    -761.7013  -758.7491    +2.9521
    nonbonded                 -160186.2  -160238.8   -52.5938
    planarity                  -32588.5   -32583.9    +4.5879
    torsion                     20551.7    20555.5    +3.8301

  other (weight: 1.0000)
  ────────────────────────────────────────────────────────────────
    Metric                       Before      After     Change
    xray                       228223.6   227888.3  -335.3125

  Group Totals
  ────────────────────────────────────────────────────────────────
    Group                        Before      After     Change
    adp                          7177.3     7177.3     0.0000
    geometry                   -57846.3   -57856.4   -10.0273
    xray                       228223.6   227888.3  -335.3125
────────────────────────────────────────────────────────────────────
  VDW rebuild: max drift 3.63 Å > threshold 1.00 Å

Building VDW (non-bonded) restraints...
  Symmetry expansion: 35 valid (symop, offset) combos
  Grid: [10, 18, 42], 5857/7560 cells occupied, max 324 entries/cell
  Built 602067 VDW restraints, 90895 symmetry contacts

────────────────────────────────────────────────────────────────────
  ADP Refinement
────────────────────────────────────────────────────────────────────

  adp (weight: 0.0200)
  ────────────────────────────────────────────────────────────────
    Metric                       Before      After     Change
    locality                    49851.2    49378.4  -472.7656
    scaler_U                    14030.7    14030.7     0.0000
    scaler_log_scale           240727.8   240727.8     0.0000
    sigd                        10517.1    10503.0   -14.0312
    simu                        43680.7    43405.0  -275.6719

  geometry (weight: 0.2000)
  ────────────────────────────────────────────────────────────────
    Metric                       Before      After     Change
    angle                      -66411.5   -66411.5     0.0000
    bond                       -49844.3   -49844.3     0.0000
    chiral                    -758.7491  -758.7491     0.0000
    nonbonded                 -160238.8  -160238.8     0.0000
    planarity                  -32583.9   -32583.9     0.0000
    torsion                     20555.5    20555.5     0.0000

  other (weight: 1.0000)
  ────────────────────────────────────────────────────────────────
    Metric                       Before      After     Change
    xray                       227888.3   227901.6   +13.2969

  Group Totals
  ────────────────────────────────────────────────────────────────
    Group                        Before      After     Change
    adp                          7176.1     7160.9   -15.2494
    geometry                   -57856.4   -57856.4     0.0000
    xray                       227888.3   227901.6   +13.2969
────────────────────────────────────────────────────────────────────

============================================================
LBFGS Refinement - Cycle 10/10
============================================================
Refining scales with LBFGS...
Scale refinement complete. rwork: 0.2404, rfree: 0.2835

Final Scale Parameters: 
  c_iso: tensor([-2.1404,  0.7712,  0.2217, -0.0621,  0.0760,  0.0056])
  U: tensor([ 0.4070,  0.4211,  0.3267, -0.0129,  0.0131,  0.0055])
  solvent.log_k_solvent: -0.9772526025772095
  solvent.log_ss_half: -3.839233875274658
  solvent.log_n_exp: 1.2698642015457153
  solvent.phase_offset: 0.01815793104469776
After scaling: Rwork=0.2404, Rfree=0.2835
  VDW rebuild: max drift 3.76 Å > threshold 1.00 Å

Building VDW (non-bonded) restraints...
  Symmetry expansion: 35 valid (symop, offset) combos
  Grid: [10, 18, 42], 5857/7560 cells occupied, max 324 entries/cell
  Built 602067 VDW restraints, 90895 symmetry contacts

────────────────────────────────────────────────────────────────────
  XYZ Refinement
────────────────────────────────────────────────────────────────────

  adp (weight: 0.0200)
  ────────────────────────────────────────────────────────────────
    Metric                       Before      After     Change
    locality                    49378.4    49378.4     0.0000
    scaler_U                    14211.4    14211.4     0.0000
    scaler_log_scale           241560.9   241560.9     0.0000
    sigd                        10503.0    10503.0     0.0000
    simu                        43405.0    43405.0     0.0000

  geometry (weight: 0.2000)
  ────────────────────────────────────────────────────────────────
    Metric                       Before      After     Change
    angle                      -66411.5   -66508.4   -96.8281
    bond                       -49844.3   -49799.8   +44.4375
    chiral                    -758.7491  -758.1078    +0.6413
    nonbonded                 -160238.8  -160265.4   -26.5469
    planarity                  -32583.9   -32597.6   -13.6875
    torsion                     20555.5    20562.8    +7.2520

  other (weight: 1.0000)
  ────────────────────────────────────────────────────────────────
    Metric                       Before      After     Change
    xray                       227961.8   227631.8  -330.0000

  Group Totals
  ────────────────────────────────────────────────────────────────
    Group                        Before      After     Change
    adp                          7181.2     7181.2     0.0000
    geometry                   -57856.4   -57873.3   -16.9460
    xray                       227961.8   227631.8  -330.0000
────────────────────────────────────────────────────────────────────
  VDW rebuild: max drift 3.76 Å > threshold 1.00 Å

Building VDW (non-bonded) restraints...
  Symmetry expansion: 35 valid (symop, offset) combos
  Grid: [10, 18, 42], 5857/7560 cells occupied, max 324 entries/cell
  Built 602067 VDW restraints, 90895 symmetry contacts

────────────────────────────────────────────────────────────────────
  ADP Refinement
────────────────────────────────────────────────────────────────────

  adp (weight: 0.0200)
  ────────────────────────────────────────────────────────────────
    Metric                       Before      After     Change
    locality                    49364.7    48861.9  -502.8008
    scaler_U                    14211.4    14211.4     0.0000
    scaler_log_scale           241560.9   241560.9     0.0000
    sigd                        10503.0    10489.0   -14.0771
    simu                        43405.0    43189.0  -215.9727

  geometry (weight: 0.2000)
  ────────────────────────────────────────────────────────────────
    Metric                       Before      After     Change
    angle                      -66508.4   -66508.4     0.0000
    bond                       -49799.8   -49799.8     0.0000
    chiral                    -758.1078  -758.1078     0.0000
    nonbonded                 -160265.4  -160265.4     0.0000
    planarity                  -32597.6   -32597.6     0.0000
    torsion                     20562.8    20562.8     0.0000

  other (weight: 1.0000)
  ────────────────────────────────────────────────────────────────
    Metric                       Before      After     Change
    xray                       227631.8   227661.0   +29.1250

  Group Totals
  ────────────────────────────────────────────────────────────────
    Group                        Before      After     Change
    adp                          7180.9     7166.2   -14.6570
    geometry                   -57873.3   -57873.3     0.0000
    xray                       227631.8   227661.0   +29.1250
────────────────────────────────────────────────────────────────────
Calculating initial scale factors using 10 bins.
Refining scales with LBFGS...
Scale refinement complete. rwork: 0.2389, rfree: 0.2822

Final Scale Parameters: 
  c_iso: tensor([-2.0649,  0.8611,  0.2425, -0.0623,  0.0764,  0.0060])
  U: tensor([ 0.4447,  0.4590,  0.3647, -0.0129,  0.0128,  0.0052])
  solvent.log_k_solvent: -0.9811089038848877
  solvent.log_ss_half: -3.8665735721588135
  solvent.log_n_exp: 1.2102190256118774
  solvent.phase_offset: 0.015760863199830055

Refinement completed successfully.

Saving results to /das/work/units/LBR-FEL/p17490/Peter/Library/work_trees_torchref/alignement/alignment_lab/benchmarks/af_mr/runs/dmin3.0/2WDZ/refine_phaser_mr...
  Refined structure (PDB): /das/work/units/LBR-FEL/p17490/Peter/Library/work_trees_torchref/alignement/alignment_lab/benchmarks/af_mr/runs/dmin3.0/2WDZ/refine_phaser_mr/refined.pdb
  Refined structure (mmCIF): /das/work/units/LBR-FEL/p17490/Peter/Library/work_trees_torchref/alignement/alignment_lab/benchmarks/af_mr/runs/dmin3.0/2WDZ/refine_phaser_mr/refined.cif
Added map coefficients:
  2Fo-Fc: FWT, PHWT
  Fo-Fc: DELFWT, PHDELWT
  Resolution range: 1.95 - 19.87 Å
✓ Wrote MTZ file: /das/work/units/LBR-FEL/p17490/Peter/Library/work_trees_torchref/alignement/alignment_lab/benchmarks/af_mr/runs/dmin3.0/2WDZ/refine_phaser_mr/refined.mtz
  Reflections: 63943
  Columns: H, K, L, F-obs, SIGF-obs, I-obs, SIGI-obs, R-free-flags, FWT, PHWT, DELFWT, PHDELWT, F-model, PH-model
  Refined structure factors: /das/work/units/LBR-FEL/p17490/Peter/Library/work_trees_torchref/alignement/alignment_lab/benchmarks/af_mr/runs/dmin3.0/2WDZ/refine_phaser_mr/refined.mtz
  Refinement history: /das/work/units/LBR-FEL/p17490/Peter/Library/work_trees_torchref/alignement/alignment_lab/benchmarks/af_mr/runs/dmin3.0/2WDZ/refine_phaser_mr/refinement_history.json

================================================================================
Refinement Summary
================================================================================
R-work:  0.2389 (62683 reflections)
R-free:  0.2822 (1260 reflections)
NLL work: 227693.91
NLL test: 4722.82
================================================================================

Output files:
  - /das/work/units/LBR-FEL/p17490/Peter/Library/work_trees_torchref/alignement/alignment_lab/benchmarks/af_mr/runs/dmin3.0/2WDZ/refine_phaser_mr/refined.pdb
  - /das/work/units/LBR-FEL/p17490/Peter/Library/work_trees_torchref/alignement/alignment_lab/benchmarks/af_mr/runs/dmin3.0/2WDZ/refine_phaser_mr/refined.cif
  - /das/work/units/LBR-FEL/p17490/Peter/Library/work_trees_torchref/alignement/alignment_lab/benchmarks/af_mr/runs/dmin3.0/2WDZ/refine_phaser_mr/refined.mtz
  - /das/work/units/LBR-FEL/p17490/Peter/Library/work_trees_torchref/alignement/alignment_lab/benchmarks/af_mr/runs/dmin3.0/2WDZ/refine_phaser_mr/refinement_history.json

Refinement completed successfully!

Timing: 601.8s wall, 893.7s CPU
