/das/work/units/LBR-FEL/p17490/Peter/Library/work_trees_torchref/alignement/torchref/cli/refine.py:21: UserWarning: TorchRef using user-specified 8 threads from TORCHREF_NUM_THREADS.
  from torchref.cli._common import (
================================================================================
TorchRef LBFGS Refinement
================================================================================
Model:             /das/work/units/LBR-FEL/p17490/Peter/Library/work_trees_torchref/dev/paper/figure2_alphafold_start/placed/1JN9_af.pdb
Structure factor:  /das/work/units/LBR-FEL/p17490/Peter/Library/work_trees_torchref/dev/paper/data/1JN9/1JN9.mtz
Output directory:  /das/work/units/LBR-FEL/p17490/Peter/Library/work_trees_torchref/alignement/alignment_lab/benchmarks/af_mr/runs/dmin3.0/1JN9/refine_phaser_mr
Refinement mode:   separate
X-ray target:      ml
Refinement cycles: 10
Rigid-body step:   on (iterations/cutoff = 30)
Device:            auto
ADP mode:          isotropic
Wavelength:        1 A
Manual weights:    {"adp": 0.02}
================================================================================

Initializing refinement...
found non-finite F values (NaN/Inf):  0
found non-finite F_sigma values (NaN/Inf):  0
Wilson outlier rejection: 2/23851 (0.0084%) of tested reflections flagged (2 too strong, 0 too weak)
Loaded 4652 atoms
Building restraints...
Found 109 link definitions

Building VDW (non-bonded) restraints...
  Symmetry expansion: 25 valid (symop, offset) combos
  Grid: [10, 11, 24], 1984/2640 cells occupied, max 324 entries/cell
  Built 94065 VDW restraints, 9117 symmetry contacts
  Hydrogen topology: 4316 riding H atoms
  H candidate pairs: 197909 (47149 H-H, 150760 H-heavy, 18370 symmetry)
================================================================================
Restraints Summary
================================================================================
CIF file: None
Residue types in dictionary: 19

INTRA-RESIDUE RESTRAINTS:
--------------------------------------------------------------------------------
  Bonds: 4092
  Angles: 4484
  Torsions: 1152
  Planes: 908
  Chirals: 740

INTER-RESIDUE RESTRAINTS:
--------------------------------------------------------------------------------
  Peptide bonds: 612
  Peptide angles: 1848
  Disulfide bonds: 0
  Disulfide angles: 0
  Disulfide torsions: 0
  LINK bonds: 0

BACKBONE TORSIONS:
--------------------------------------------------------------------------------
  Phi: 612
  Psi: 612
  Omega: 612
  Ramachandran: 604

VDW RESTRAINTS:
--------------------------------------------------------------------------------
  Non-bonded contacts: 94065 (84948 intra-ASU, 9117 symmetry)
================================================================================
Generated 4708 hydrogens
ADP representation: isotropic, 9360 parameters, 3.0 work reflections each
Initialized ScalerBase with 10 bins.
Building restraints...

Building VDW (non-bonded) restraints...
  Symmetry expansion: 25 valid (symop, offset) combos
  Grid: [10, 11, 24], 2130/2640 cells occupied, max 567 entries/cell
  Built 393462 VDW restraints, 39528 symmetry contacts
================================================================================
Restraints Summary
================================================================================
CIF file: None
Residue types in dictionary: 19

INTRA-RESIDUE RESTRAINTS:
--------------------------------------------------------------------------------
  Bonds: 8800
  Angles: 14556
  Torsions: 1840
  Planes: 1628
  Chirals: 740

INTER-RESIDUE RESTRAINTS:
--------------------------------------------------------------------------------
  Peptide bonds: 612
  Peptide angles: 2448
  Disulfide bonds: 0
  Disulfide angles: 0
  Disulfide torsions: 0
  LINK bonds: 0

BACKBONE TORSIONS:
--------------------------------------------------------------------------------
  Phi: 612
  Psi: 612
  Omega: 612
  Ramachandran: 604

VDW RESTRAINTS:
--------------------------------------------------------------------------------
  Non-bonded contacts: 393462 (353934 intra-ASU, 39528 symmetry)
================================================================================
Initializing TotalGeometryTarget with component targets...
Initializing TotalADPTarget with component targets: simu, locality, sigd
Parametrization built for 5 unique atom types
SfFFT: Using late symmetry (reciprocal space)
Calculating initial scale factors using 10 bins.
Refining scales with LBFGS...
Scale refinement complete. rwork: 0.4831, rfree: 0.4822

Final Scale Parameters: 
  c_iso: tensor([ 4.1802,  4.7239,  0.5779, -0.0214,  0.0765,  0.0359])
  U: tensor([ 2.6459,  2.6378,  2.6178, -0.0379, -0.0318, -0.0061])
  solvent.log_k_solvent: -1.3838276863098145
  solvent.log_ss_half: -4.974917888641357
  solvent.log_n_exp: 0.6290928721427917
  solvent.phase_offset: 0.3666878640651703
Initialized targets with xray_mode='ml'
Applied manual group weights: {'xray': 1.0, 'geometry': 0.2, 'geometry/ramachandran': 0.0, 'adp': 0.02, 'adp/sigd': 1.0, 'adp/node_load': 10.0, 'adp/node_smoothness': 0.0}
Refinement initialized successfully.

Starting refinement with 10 macro cycles...

Rigid-body step enabled: one multi-resolution rigid-body pass will run once at the start of refinement.


--- Rigid-body step (once, at start) ---
Switched to rigid-body parametrization: RigidXYZTensor(n_atoms=9360, n_chains=4) (4 chain(s))
Filtering: 1296/28994 reflections in range [inf - 6.0] Å (1296 valid after all masks)
Initialized ScalerBase with 10 bins.
Calculating initial scale factors using 10 bins.
Calculating initial scale factors using 10 bins.
Refining scales with LBFGS...
Scale refinement complete. rwork: 0.4931, rfree: 0.6803

Final Scale Parameters: 
  c_iso: tensor([ 0.7506, -0.4049, -1.2637,  0.7061,  1.3056,  0.6702])
  U: tensor([ 3.3198,  3.1872,  3.2147, -0.5680, -0.8780, -0.3162])
  solvent.log_k_solvent: -1.7720099687576294
  solvent.log_ss_half: -3.458064079284668
  solvent.log_n_exp: 2.1238791942596436
  solvent.phase_offset: 0.5034630298614502
  rigid-body d_min=6.00 (lbfgs, iters=30): Rwork=2.9721 Rfree=2.9333
Filtering: 6623/28994 reflections in range [inf - 3.690562705887828] Å (6623 valid after all masks)
Initialized ScalerBase with 10 bins.
Calculating initial scale factors using 10 bins.
Calculating initial scale factors using 10 bins.
Refining scales with LBFGS...
Scale refinement complete. rwork: 0.5653, rfree: 0.6017

Final Scale Parameters: 
  c_iso: tensor([ 4.3861,  1.9053, -3.6954, -1.9574, -0.0236,  0.3205])
  U: tensor([ 6.0264,  5.9853,  5.7966, -0.1062, -0.1397,  0.0291])
  solvent.log_k_solvent: -2.503532648086548
  solvent.log_ss_half: -5.028418064117432
  solvent.log_n_exp: 0.7781102657318115
  solvent.phase_offset: -0.9517032504081726
  rigid-body d_min=3.69 (lbfgs, iters=30): Rwork=0.7546 Rfree=0.8792
Filtering: 28994/28994 reflections in range [inf - 2.2700421810150146] Å (28992 valid after all masks)
Initialized ScalerBase with 10 bins.
Calculating initial scale factors using 10 bins.
Calculating initial scale factors using 10 bins.
Refining scales with LBFGS...
Scale refinement complete. rwork: 0.5490, rfree: 0.5289

Final Scale Parameters: 
  c_iso: tensor([-0.5706,  0.0770, -0.2160, -0.0642,  0.1162, -0.0343])
  U: tensor([-0.0081,  0.0095, -0.0246, -0.0456, -0.0190, -0.0099])
  solvent.log_k_solvent: -0.43474799394607544
  solvent.log_ss_half: -3.611435651779175
  solvent.log_n_exp: 3.06280517578125
  solvent.phase_offset: 1.2152692079544067
  rigid-body d_min=2.27 (lbfgs, iters=30): Rwork=0.5689 Rfree=0.5708
Initialized ScalerBase with 10 bins.
Calculating initial scale factors using 10 bins.
Calculating initial scale factors using 10 bins.
Refining scales with LBFGS...
Scale refinement complete. rwork: 0.5432, rfree: 0.5284

Final Scale Parameters: 
  c_iso: tensor([ 0.2194,  0.8068, -0.0489, -0.0594,  0.0972, -0.0175])
  U: tensor([ 0.4237,  0.4374,  0.4135, -0.0420, -0.0190, -0.0109])
  solvent.log_k_solvent: -0.7327587008476257
  solvent.log_ss_half: -3.6932077407836914
  solvent.log_n_exp: 1.8376026153564453
  solvent.phase_offset: 1.0266939401626587
Initialized ScalerBase with 10 bins.
Calculating initial scale factors using 10 bins.
Calculating initial scale factors using 10 bins.
Refining scales with LBFGS...
Scale refinement complete. rwork: 0.5432, rfree: 0.5284

Final Scale Parameters: 
  c_iso: tensor([ 0.2322,  0.8202, -0.0466, -0.0594,  0.0972, -0.0173])
  U: tensor([ 0.4312,  0.4446,  0.4208, -0.0420, -0.0192, -0.0108])
  solvent.log_k_solvent: -0.7361422777175903
  solvent.log_ss_half: -3.6969683170318604
  solvent.log_n_exp: 1.817953109741211
  solvent.phase_offset: 1.0263166427612305

============================================================
LBFGS Refinement - Cycle 1/10
============================================================
Refining scales with LBFGS...
Scale refinement complete. rwork: 0.5431, rfree: 0.5283

Final Scale Parameters: 
  c_iso: tensor([ 4.0441e+00,  4.8130e+00,  5.9219e-01, -6.6591e-02,  1.1139e-01,
        -4.7329e-03])
  U: tensor([ 2.6324,  2.6495,  2.6233, -0.0432, -0.0189, -0.0130])
  solvent.log_k_solvent: -1.2920775413513184
  solvent.log_ss_half: -4.857396602630615
  solvent.log_n_exp: 0.5021286010742188
  solvent.phase_offset: 1.0090245008468628
After scaling: Rwork=0.5431, Rfree=0.5283
  VDW rebuild: max drift 18.32 Å > threshold 1.00 Å

Building VDW (non-bonded) restraints...
  Symmetry expansion: 25 valid (symop, offset) combos
  Grid: [10, 11, 24], 2130/2640 cells occupied, max 567 entries/cell
  Built 393462 VDW restraints, 39528 symmetry contacts

────────────────────────────────────────────────────────────────────
  XYZ Refinement
────────────────────────────────────────────────────────────────────

  adp (weight: 0.0200)
  ────────────────────────────────────────────────────────────────
    Metric                       Before      After     Change
    locality                   369697.4   369697.4     0.0000
    scaler_U                   301980.8   301980.8     0.0000
    scaler_log_scale          7421180.5  7421180.5     0.0000
    sigd                        22632.4    22632.4     0.0000
    simu                        15706.4    15706.4     0.0000

  geometry (weight: 0.2000)
  ────────────────────────────────────────────────────────────────
    Metric                       Before      After     Change
    angle                      -39131.7   -21272.1   +17859.6
    bond                       -29366.6   -19122.1   +10244.5
    chiral                    -423.7725  -132.4902  +291.2823
    nonbonded                  425801.6   -70232.1  -496033.7
    planarity                  -19261.4   -17945.3    +1316.1
    torsion                     11557.3    12227.3  +669.9482

  other (weight: 1.0000)
  ────────────────────────────────────────────────────────────────
    Metric                       Before      After     Change
    xray                       182418.8   182392.5   -26.2812

  Group Totals
  ────────────────────────────────────────────────────────────────
    Group                        Before      After     Change
    adp                        162624.0   162624.0     0.0000
    geometry                    69835.1   -23295.4   -93130.5
    xray                       182418.8   182392.5   -26.2812
────────────────────────────────────────────────────────────────────
  VDW rebuild: max drift 18.32 Å > threshold 1.00 Å

Building VDW (non-bonded) restraints...
  Symmetry expansion: 25 valid (symop, offset) combos
  Grid: [10, 11, 24], 2130/2640 cells occupied, max 567 entries/cell
  Built 393462 VDW restraints, 39528 symmetry contacts

────────────────────────────────────────────────────────────────────
  ADP Refinement
────────────────────────────────────────────────────────────────────

  adp (weight: 0.0200)
  ────────────────────────────────────────────────────────────────
    Metric                       Before      After     Change
    locality                   346493.2     6124.5  -340368.6
    scaler_U                   301980.8   301980.8     0.0000
    scaler_log_scale          7421180.5  7421180.5     0.0000
    sigd                        22632.4     8648.4   -13984.0
    simu                        15706.4    16739.3    +1032.9

  geometry (weight: 0.2000)
  ────────────────────────────────────────────────────────────────
    Metric                       Before      After     Change
    angle                      -21272.1   -21272.1     0.0000
    bond                       -19122.1   -19122.1     0.0000
    chiral                    -132.4902  -132.4902     0.0000
    nonbonded                  -70232.1   -70232.1     0.0000
    planarity                  -17945.3   -17945.3     0.0000
    torsion                     12227.3    12227.3     0.0000

  other (weight: 1.0000)
  ────────────────────────────────────────────────────────────────
    Metric                       Before      After     Change
    xray                       182392.5   182181.9  -210.5781

  Group Totals
  ────────────────────────────────────────────────────────────────
    Group                        Before      After     Change
    adp                        162159.9   155093.5    -7066.4
    geometry                   -23295.4   -23295.4     0.0000
    xray                       182392.5   182181.9  -210.5781
────────────────────────────────────────────────────────────────────

============================================================
LBFGS Refinement - Cycle 2/10
============================================================
Refining scales with LBFGS...
Scale refinement complete. rwork: 0.5430, rfree: 0.5408

Final Scale Parameters: 
  c_iso: tensor([ 3.9668,  4.7852,  0.5920, -0.0452,  0.1261, -0.0305])
  U: tensor([ 2.5996,  2.6015,  2.5872, -0.0501, -0.0232, -0.0137])
  solvent.log_k_solvent: -0.689778745174408
  solvent.log_ss_half: -5.476099491119385
  solvent.log_n_exp: 0.07154697924852371
  solvent.phase_offset: 1.1027624607086182
After scaling: Rwork=0.5430, Rfree=0.5408
  VDW rebuild: max drift 18.30 Å > threshold 1.00 Å

Building VDW (non-bonded) restraints...
  Symmetry expansion: 25 valid (symop, offset) combos
  Grid: [10, 11, 24], 2130/2640 cells occupied, max 567 entries/cell
  Built 393462 VDW restraints, 39528 symmetry contacts

────────────────────────────────────────────────────────────────────
  XYZ Refinement
────────────────────────────────────────────────────────────────────

  adp (weight: 0.0200)
  ────────────────────────────────────────────────────────────────
    Metric                       Before      After     Change
    locality                     6124.5     6124.5     0.0000
    scaler_U                   293119.8   293119.8     0.0000
    scaler_log_scale          7321321.5  7321321.5     0.0000
    sigd                         8648.4     8648.4     0.0000
    simu                        16739.3    16739.3     0.0000

  geometry (weight: 0.2000)
  ────────────────────────────────────────────────────────────────
    Metric                       Before      After     Change
    angle                      -21272.1   -31707.8   -10435.7
    bond                       -19122.1   -28420.9    -9298.8
    chiral                    -132.4902  -287.3587  -154.8685
    nonbonded                  -70232.1   -88380.4   -18148.3
    planarity                  -17945.3   -18840.2  -894.9531
    torsion                     12227.3    12350.8  +123.4863

  other (weight: 1.0000)
  ────────────────────────────────────────────────────────────────
    Metric                       Before      After     Change
    xray                       182190.9   182199.2    +8.3594

  Group Totals
  ────────────────────────────────────────────────────────────────
    Group                        Before      After     Change
    adp                        152919.1   152919.1     0.0000
    geometry                   -23295.4   -31057.2    -7761.8
    xray                       182190.9   182199.2    +8.3594
────────────────────────────────────────────────────────────────────
  VDW rebuild: max drift 18.30 Å > threshold 1.00 Å

Building VDW (non-bonded) restraints...
  Symmetry expansion: 25 valid (symop, offset) combos
  Grid: [10, 11, 24], 2130/2640 cells occupied, max 567 entries/cell
  Built 393462 VDW restraints, 39528 symmetry contacts

────────────────────────────────────────────────────────────────────
  ADP Refinement
────────────────────────────────────────────────────────────────────

  adp (weight: 0.0200)
  ────────────────────────────────────────────────────────────────
    Metric                       Before      After     Change
    locality                     6138.7     2229.7    -3908.9
    scaler_U                   293119.8   293119.8     0.0000
    scaler_log_scale          7321321.5  7321321.5     0.0000
    sigd                         8648.4     6191.0    -2457.5
    simu                        16739.3    15653.6    -1085.7

  geometry (weight: 0.2000)
  ────────────────────────────────────────────────────────────────
    Metric                       Before      After     Change
    angle                      -31707.8   -31707.8     0.0000
    bond                       -28420.9   -28420.9     0.0000
    chiral                    -287.3587  -287.3587     0.0000
    nonbonded                  -88380.4   -88380.4     0.0000
    planarity                  -18840.2   -18840.2     0.0000
    torsion                     12350.8    12350.8     0.0000

  other (weight: 1.0000)
  ────────────────────────────────────────────────────────────────
    Metric                       Before      After     Change
    xray                       182199.2   182205.5    +6.2969

  Group Totals
  ────────────────────────────────────────────────────────────────
    Group                        Before      After     Change
    adp                        152919.3   152770.3  -149.0419
    geometry                   -31057.2   -31057.2     0.0000
    xray                       182199.2   182205.5    +6.2969
────────────────────────────────────────────────────────────────────

============================================================
LBFGS Refinement - Cycle 3/10
============================================================
Refining scales with LBFGS...
Scale refinement complete. rwork: 0.5448, rfree: 0.5528

Final Scale Parameters: 
  c_iso: tensor([ 3.9823,  4.8505,  0.6631, -0.0435,  0.1147, -0.0334])
  U: tensor([ 2.6669,  2.6696,  2.6483, -0.0520, -0.0351, -0.0196])
  solvent.log_k_solvent: -0.9251657128334045
  solvent.log_ss_half: -5.1597700119018555
  solvent.log_n_exp: 0.22855927050113678
  solvent.phase_offset: 1.0972633361816406
After scaling: Rwork=0.5448, Rfree=0.5528
  VDW rebuild: max drift 18.29 Å > threshold 1.00 Å

Building VDW (non-bonded) restraints...
  Symmetry expansion: 25 valid (symop, offset) combos
  Grid: [10, 11, 24], 2130/2640 cells occupied, max 567 entries/cell
  Built 393462 VDW restraints, 39528 symmetry contacts

────────────────────────────────────────────────────────────────────
  XYZ Refinement
────────────────────────────────────────────────────────────────────

  adp (weight: 0.0200)
  ────────────────────────────────────────────────────────────────
    Metric                       Before      After     Change
    locality                     2229.7     2229.7     0.0000
    scaler_U                   308092.9   308092.9     0.0000
    scaler_log_scale          7701650.0  7701650.0     0.0000
    sigd                         6191.0     6191.0     0.0000
    simu                        15653.6    15653.6     0.0000

  geometry (weight: 0.2000)
  ────────────────────────────────────────────────────────────────
    Metric                       Before      After     Change
    angle                      -31707.8   -36754.3    -5046.5
    bond                       -28420.9   -29676.6    -1255.8
    chiral                    -287.3587  -341.3201   -53.9614
    nonbonded                  -88380.4   -96154.3    -7773.9
    planarity                  -18840.2   -19169.9  -329.6660
    torsion                     12350.8    12314.2   -36.5928

  other (weight: 1.0000)
  ────────────────────────────────────────────────────────────────
    Metric                       Before      After     Change
    xray                       182263.3   182223.8   -39.5625

  Group Totals
  ────────────────────────────────────────────────────────────────
    Group                        Before      After     Change
    adp                        160676.3   160676.3     0.0000
    geometry                   -31057.2   -33956.5    -2899.3
    xray                       182263.3   182223.8   -39.5625
────────────────────────────────────────────────────────────────────
  VDW rebuild: max drift 18.29 Å > threshold 1.00 Å

Building VDW (non-bonded) restraints...
  Symmetry expansion: 25 valid (symop, offset) combos
  Grid: [10, 11, 24], 2130/2640 cells occupied, max 567 entries/cell
  Built 393462 VDW restraints, 39528 symmetry contacts

────────────────────────────────────────────────────────────────────
  ADP Refinement
────────────────────────────────────────────────────────────────────

  adp (weight: 0.0200)
  ────────────────────────────────────────────────────────────────
    Metric                       Before      After     Change
    locality                     2236.9     1260.4  -976.4801
    scaler_U                   308092.9   308092.9     0.0000
    scaler_log_scale          7701650.0  7701650.0     0.0000
    sigd                         6191.0     6110.4   -80.5649
    simu                        15653.6    15323.5  -330.1240

  geometry (weight: 0.2000)
  ────────────────────────────────────────────────────────────────
    Metric                       Before      After     Change
    angle                      -36754.3   -36754.3     0.0000
    bond                       -29676.6   -29676.6     0.0000
    chiral                    -341.3201  -341.3201     0.0000
    nonbonded                  -96154.3   -96154.3     0.0000
    planarity                  -19169.9   -19169.9     0.0000
    torsion                     12314.2    12314.2     0.0000

  other (weight: 1.0000)
  ────────────────────────────────────────────────────────────────
    Metric                       Before      After     Change
    xray                       182223.8   182238.9   +15.1250

  Group Totals
  ────────────────────────────────────────────────────────────────
    Group                        Before      After     Change
    adp                        160676.5   160648.7   -27.7434
    geometry                   -33956.5   -33956.5     0.0000
    xray                       182223.8   182238.9   +15.1250
────────────────────────────────────────────────────────────────────

============================================================
LBFGS Refinement - Cycle 4/10
============================================================
Refining scales with LBFGS...
Scale refinement complete. rwork: 0.5467, rfree: 0.5521

Final Scale Parameters: 
  c_iso: tensor([ 3.8834,  4.7537,  0.6717, -0.0407,  0.1110, -0.0383])
  U: tensor([ 2.6661,  2.6609,  2.6498, -0.0474, -0.0403, -0.0206])
  solvent.log_k_solvent: -1.0518406629562378
  solvent.log_ss_half: -4.99643087387085
  solvent.log_n_exp: 0.29918941855430603
  solvent.phase_offset: 1.1206024885177612
After scaling: Rwork=0.5467, Rfree=0.5521
  VDW rebuild: max drift 18.28 Å > threshold 1.00 Å

Building VDW (non-bonded) restraints...
  Symmetry expansion: 25 valid (symop, offset) combos
  Grid: [10, 11, 24], 2130/2640 cells occupied, max 567 entries/cell
  Built 393462 VDW restraints, 39528 symmetry contacts

────────────────────────────────────────────────────────────────────
  XYZ Refinement
────────────────────────────────────────────────────────────────────

  adp (weight: 0.0200)
  ────────────────────────────────────────────────────────────────
    Metric                       Before      After     Change
    locality                     1260.4     1260.4     0.0000
    scaler_U                   307482.5   307482.5     0.0000
    scaler_log_scale          7456696.0  7456696.0     0.0000
    sigd                         6110.4     6110.4     0.0000
    simu                        15323.5    15323.5     0.0000

  geometry (weight: 0.2000)
  ────────────────────────────────────────────────────────────────
    Metric                       Before      After     Change
    angle                      -36754.3   -39236.6    -2482.3
    bond                       -29676.6   -30752.4    -1075.8
    chiral                    -341.3201  -396.2242   -54.9041
    nonbonded                  -96154.3   -98476.4    -2322.0
    planarity                  -19169.9   -19366.6  -196.6660
    torsion                     12314.2    12300.0   -14.2090

  other (weight: 1.0000)
  ────────────────────────────────────────────────────────────────
    Metric                       Before      After     Change
    xray                       182273.5   182236.3   -37.1875

  Group Totals
  ────────────────────────────────────────────────────────────────
    Group                        Before      After     Change
    adp                        155737.5   155737.5     0.0000
    geometry                   -33956.5   -35185.6    -1229.2
    xray                       182273.5   182236.3   -37.1875
────────────────────────────────────────────────────────────────────
  VDW rebuild: max drift 18.28 Å > threshold 1.00 Å

Building VDW (non-bonded) restraints...
  Symmetry expansion: 25 valid (symop, offset) combos
  Grid: [10, 11, 24], 2130/2640 cells occupied, max 567 entries/cell
  Built 393462 VDW restraints, 39528 symmetry contacts

────────────────────────────────────────────────────────────────────
  ADP Refinement
────────────────────────────────────────────────────────────────────

  adp (weight: 0.0200)
  ────────────────────────────────────────────────────────────────
    Metric                       Before      After     Change
    locality                     1261.3   819.6164  -441.6600
    scaler_U                   307482.5   307482.5     0.0000
    scaler_log_scale          7456696.0  7456696.0     0.0000
    sigd                         6110.4     6086.9   -23.4961
    simu                        15323.5    15242.3   -81.2197

  geometry (weight: 0.2000)
  ────────────────────────────────────────────────────────────────
    Metric                       Before      After     Change
    angle                      -39236.6   -39236.6     0.0000
    bond                       -30752.4   -30752.4     0.0000
    chiral                    -396.2242  -396.2242     0.0000
    nonbonded                  -98476.4   -98476.4     0.0000
    planarity                  -19366.6   -19366.6     0.0000
    torsion                     12300.0    12300.0     0.0000

  other (weight: 1.0000)
  ────────────────────────────────────────────────────────────────
    Metric                       Before      After     Change
    xray                       182236.3   182238.5    +2.1875

  Group Totals
  ────────────────────────────────────────────────────────────────
    Group                        Before      After     Change
    adp                        155737.5   155726.5   -10.9275
    geometry                   -35185.6   -35185.6     0.0000
    xray                       182236.3   182238.5    +2.1875
────────────────────────────────────────────────────────────────────

============================================================
LBFGS Refinement - Cycle 5/10
============================================================
Refining scales with LBFGS...
Scale refinement complete. rwork: 0.5472, rfree: 0.5469

Final Scale Parameters: 
  c_iso: tensor([ 3.8258,  4.6858,  0.6467, -0.0343,  0.1223, -0.0383])
  U: tensor([ 2.6868,  2.6718,  2.6540, -0.0538, -0.0485, -0.0201])
  solvent.log_k_solvent: -0.9469810724258423
  solvent.log_ss_half: -5.137197017669678
  solvent.log_n_exp: 0.19409674406051636
  solvent.phase_offset: 1.1461937427520752
After scaling: Rwork=0.5472, Rfree=0.5469
  VDW rebuild: max drift 18.27 Å > threshold 1.00 Å

Building VDW (non-bonded) restraints...
  Symmetry expansion: 25 valid (symop, offset) combos
  Grid: [10, 11, 24], 2130/2640 cells occupied, max 567 entries/cell
  Built 393462 VDW restraints, 39528 symmetry contacts

────────────────────────────────────────────────────────────────────
  XYZ Refinement
────────────────────────────────────────────────────────────────────

  adp (weight: 0.0200)
  ────────────────────────────────────────────────────────────────
    Metric                       Before      After     Change
    locality                   819.6164   819.6164     0.0000
    scaler_U                   310240.5   310240.5     0.0000
    scaler_log_scale          7183957.0  7183957.0     0.0000
    sigd                         6086.9     6086.9     0.0000
    simu                        15242.3    15242.3     0.0000

  geometry (weight: 0.2000)
  ────────────────────────────────────────────────────────────────
    Metric                       Before      After     Change
    angle                      -39236.6   -40251.0    -1014.4
    bond                       -30752.4   -30888.4  -135.9629
    chiral                    -396.2242  -431.0550   -34.8308
    nonbonded                  -98476.4  -100326.2    -1849.8
    planarity                  -19366.6   -19502.7  -136.1270
    torsion                     12300.0    12277.5   -22.4756

  other (weight: 1.0000)
  ────────────────────────────────────────────────────────────────
    Metric                       Before      After     Change
    xray                       182254.1   182234.3   -19.8125

  Group Totals
  ────────────────────────────────────────────────────────────────
    Group                        Before      After     Change
    adp                        150326.9   150326.9     0.0000
    geometry                   -35185.6   -35824.4  -638.7301
    xray                       182254.1   182234.3   -19.8125
────────────────────────────────────────────────────────────────────
  VDW rebuild: max drift 18.27 Å > threshold 1.00 Å

Building VDW (non-bonded) restraints...
  Symmetry expansion: 25 valid (symop, offset) combos
  Grid: [10, 11, 24], 2130/2640 cells occupied, max 567 entries/cell
  Built 393462 VDW restraints, 39528 symmetry contacts

────────────────────────────────────────────────────────────────────
  ADP Refinement
────────────────────────────────────────────────────────────────────

  adp (weight: 0.0200)
  ────────────────────────────────────────────────────────────────
    Metric                       Before      After     Change
    locality                   820.6611   477.2453  -343.4157
    scaler_U                   310240.5   310240.5     0.0000
    scaler_log_scale          7183957.0  7183957.0     0.0000
    sigd                         6086.9     6070.9   -16.0044
    simu                        15242.3    15223.2   -19.0117

  geometry (weight: 0.2000)
  ────────────────────────────────────────────────────────────────
    Metric                       Before      After     Change
    angle                      -40251.0   -40251.0     0.0000
    bond                       -30888.4   -30888.4     0.0000
    chiral                    -431.0550  -431.0550     0.0000
    nonbonded                 -100326.2  -100326.2     0.0000
    planarity                  -19502.7   -19502.7     0.0000
    torsion                     12277.5    12277.5     0.0000

  other (weight: 1.0000)
  ────────────────────────────────────────────────────────────────
    Metric                       Before      After     Change
    xray                       182234.3   182240.8    +6.5469

  Group Totals
  ────────────────────────────────────────────────────────────────
    Group                        Before      After     Change
    adp                        150326.9   150319.4    -7.5686
    geometry                   -35824.4   -35824.4     0.0000
    xray                       182234.3   182240.8    +6.5469
────────────────────────────────────────────────────────────────────

============================================================
LBFGS Refinement - Cycle 6/10
============================================================
Refining scales with LBFGS...
Scale refinement complete. rwork: 0.5477, rfree: 0.5498

Final Scale Parameters: 
  c_iso: tensor([ 3.7660,  4.6309,  0.6159, -0.0404,  0.1280, -0.0397])
  U: tensor([ 2.7045,  2.6883,  2.6611, -0.0630, -0.0535, -0.0250])
  solvent.log_k_solvent: -0.8226470351219177
  solvent.log_ss_half: -5.2430596351623535
  solvent.log_n_exp: 0.12793974578380585
  solvent.phase_offset: 1.1863659620285034
After scaling: Rwork=0.5477, Rfree=0.5498
  VDW rebuild: max drift 18.27 Å > threshold 1.00 Å

Building VDW (non-bonded) restraints...
  Symmetry expansion: 25 valid (symop, offset) combos
  Grid: [10, 11, 24], 2130/2640 cells occupied, max 567 entries/cell
  Built 393462 VDW restraints, 39528 symmetry contacts

────────────────────────────────────────────────────────────────────
  XYZ Refinement
────────────────────────────────────────────────────────────────────

  adp (weight: 0.0200)
  ────────────────────────────────────────────────────────────────
    Metric                       Before      After     Change
    locality                   477.2453   477.2453     0.0000
    scaler_U                   313451.7   313451.7     0.0000
    scaler_log_scale          6957706.0  6957706.0     0.0000
    sigd                         6070.9     6070.9     0.0000
    simu                        15223.2    15223.2     0.0000

  geometry (weight: 0.2000)
  ────────────────────────────────────────────────────────────────
    Metric                       Before      After     Change
    angle                      -40251.0   -41118.3  -867.3086
    bond                       -30888.4   -31070.3  -181.9316
    chiral                    -431.0550  -451.7448   -20.6898
    nonbonded                 -100326.2  -101349.2    -1023.0
    planarity                  -19502.7   -19581.2   -78.4883
    torsion                     12277.5    12276.4    -1.0479

  other (weight: 1.0000)
  ────────────────────────────────────────────────────────────────
    Metric                       Before      After     Change
    xray                       182254.1   182242.2   -11.8906

  Group Totals
  ────────────────────────────────────────────────────────────────
    Group                        Before      After     Change
    adp                        145858.6   145858.6     0.0000
    geometry                   -35824.4   -36258.9  -434.5030
    xray                       182254.1   182242.2   -11.8906
────────────────────────────────────────────────────────────────────
  VDW rebuild: max drift 18.27 Å > threshold 1.00 Å

Building VDW (non-bonded) restraints...
  Symmetry expansion: 25 valid (symop, offset) combos
  Grid: [10, 11, 24], 2130/2640 cells occupied, max 567 entries/cell
  Built 393462 VDW restraints, 39528 symmetry contacts

────────────────────────────────────────────────────────────────────
  ADP Refinement
────────────────────────────────────────────────────────────────────

  adp (weight: 0.0200)
  ────────────────────────────────────────────────────────────────
    Metric                       Before      After     Change
    locality                   477.7064   375.4518  -102.2546
    scaler_U                   313451.7   313451.7     0.0000
    scaler_log_scale          6957706.0  6957706.0     0.0000
    sigd                         6070.9     6063.8    -7.1401
    simu                        15223.2    15221.3    -1.9043

  geometry (weight: 0.2000)
  ────────────────────────────────────────────────────────────────
    Metric                       Before      After     Change
    angle                      -41118.3   -41118.3     0.0000
    bond                       -31070.3   -31070.3     0.0000
    chiral                    -451.7448  -451.7448     0.0000
    nonbonded                 -101349.2  -101349.2     0.0000
    planarity                  -19581.2   -19581.2     0.0000
    torsion                     12276.4    12276.4     0.0000

  other (weight: 1.0000)
  ────────────────────────────────────────────────────────────────
    Metric                       Before      After     Change
    xray                       182242.2   182246.0    +3.7812

  Group Totals
  ────────────────────────────────────────────────────────────────
    Group                        Before      After     Change
    adp                        145858.6   145856.4    -2.2260
    geometry                   -36258.9   -36258.9     0.0000
    xray                       182242.2   182246.0    +3.7812
────────────────────────────────────────────────────────────────────

============================================================
LBFGS Refinement - Cycle 7/10
============================================================
Refining scales with LBFGS...
Scale refinement complete. rwork: 0.5480, rfree: 0.5483

Final Scale Parameters: 
  c_iso: tensor([ 3.7482,  4.6103,  0.5993, -0.0463,  0.1283, -0.0398])
  U: tensor([ 2.7203,  2.7005,  2.6668, -0.0687, -0.0561, -0.0250])
  solvent.log_k_solvent: -0.8351823091506958
  solvent.log_ss_half: -5.265424728393555
  solvent.log_n_exp: 0.10945040732622147
  solvent.phase_offset: 1.2248646020889282
After scaling: Rwork=0.5480, Rfree=0.5483
  VDW rebuild: max drift 18.26 Å > threshold 1.00 Å

Building VDW (non-bonded) restraints...
  Symmetry expansion: 25 valid (symop, offset) combos
  Grid: [10, 11, 24], 2130/2640 cells occupied, max 567 entries/cell
  Built 393462 VDW restraints, 39528 symmetry contacts

────────────────────────────────────────────────────────────────────
  XYZ Refinement
────────────────────────────────────────────────────────────────────

  adp (weight: 0.0200)
  ────────────────────────────────────────────────────────────────
    Metric                       Before      After     Change
    locality                   375.4518   375.4518     0.0000
    scaler_U                   316075.2   316075.2     0.0000
    scaler_log_scale          6867423.5  6867423.5     0.0000
    sigd                         6063.8     6063.8     0.0000
    simu                        15221.3    15221.3     0.0000

  geometry (weight: 0.2000)
  ────────────────────────────────────────────────────────────────
    Metric                       Before      After     Change
    angle                      -41118.3   -41501.8  -383.4102
    bond                       -31070.3   -31129.3   -59.0332
    chiral                    -451.7448  -459.2086    -7.4638
    nonbonded                 -101349.2  -102122.2  -772.9531
    planarity                  -19581.2   -19629.6   -48.4453
    torsion                     12276.4    12254.7   -21.7393

  other (weight: 1.0000)
  ────────────────────────────────────────────────────────────────
    Metric                       Before      After     Change
    xray                       182253.6   182247.8    -5.7812

  Group Totals
  ────────────────────────────────────────────────────────────────
    Group                        Before      After     Change
    adp                        144103.2   144103.2     0.0000
    geometry                   -36258.9   -36517.5  -258.6075
    xray                       182253.6   182247.8    -5.7812
────────────────────────────────────────────────────────────────────
  VDW rebuild: max drift 18.26 Å > threshold 1.00 Å

Building VDW (non-bonded) restraints...
  Symmetry expansion: 25 valid (symop, offset) combos
  Grid: [10, 11, 24], 2130/2640 cells occupied, max 567 entries/cell
  Built 393462 VDW restraints, 39528 symmetry contacts

────────────────────────────────────────────────────────────────────
  ADP Refinement
────────────────────────────────────────────────────────────────────

  adp (weight: 0.0200)
  ────────────────────────────────────────────────────────────────
    Metric                       Before      After     Change
    locality                   375.6990   225.7123  -149.9867
    scaler_U                   316075.2   316075.2     0.0000
    scaler_log_scale          6867423.5  6867423.5     0.0000
    sigd                         6063.8     6058.7    -5.0479
    simu                        15221.3    15219.6    -1.7812

  geometry (weight: 0.2000)
  ────────────────────────────────────────────────────────────────
    Metric                       Before      After     Change
    angle                      -41501.8   -41501.8     0.0000
    bond                       -31129.3   -31129.3     0.0000
    chiral                    -459.2086  -459.2086     0.0000
    nonbonded                 -102122.2  -102122.2     0.0000
    planarity                  -19629.6   -19629.6     0.0000
    torsion                     12254.7    12254.7     0.0000

  other (weight: 1.0000)
  ────────────────────────────────────────────────────────────────
    Metric                       Before      After     Change
    xray                       182247.8   182248.5    +0.6562

  Group Totals
  ────────────────────────────────────────────────────────────────
    Group                        Before      After     Change
    adp                        144103.2   144100.1    -3.1363
    geometry                   -36517.5   -36517.5     0.0000
    xray                       182247.8   182248.5    +0.6562
────────────────────────────────────────────────────────────────────

============================================================
LBFGS Refinement - Cycle 8/10
============================================================
Refining scales with LBFGS...
Scale refinement complete. rwork: 0.5477, rfree: 0.5492

Final Scale Parameters: 
  c_iso: tensor([ 3.7258,  4.6132,  0.6049, -0.0473,  0.1327, -0.0450])
  U: tensor([ 2.7252,  2.7029,  2.6638, -0.0720, -0.0563, -0.0226])
  solvent.log_k_solvent: -0.799750030040741
  solvent.log_ss_half: -5.22826623916626
  solvent.log_n_exp: 0.12817750871181488
  solvent.phase_offset: 1.2507374286651611
After scaling: Rwork=0.5477, Rfree=0.5492
  VDW rebuild: max drift 18.25 Å > threshold 1.00 Å

Building VDW (non-bonded) restraints...
  Symmetry expansion: 25 valid (symop, offset) combos
  Grid: [10, 11, 24], 2130/2640 cells occupied, max 567 entries/cell
  Built 393462 VDW restraints, 39528 symmetry contacts

────────────────────────────────────────────────────────────────────
  XYZ Refinement
────────────────────────────────────────────────────────────────────

  adp (weight: 0.0200)
  ────────────────────────────────────────────────────────────────
    Metric                       Before      After     Change
    locality                   225.7123   225.7123     0.0000
    scaler_U                   316412.8   316412.8     0.0000
    scaler_log_scale          6887630.0  6887630.0     0.0000
    sigd                         6058.7     6058.7     0.0000
    simu                        15219.6    15219.6     0.0000

  geometry (weight: 0.2000)
  ────────────────────────────────────────────────────────────────
    Metric                       Before      After     Change
    angle                      -41501.8   -41846.9  -345.1250
    bond                       -31129.3   -31199.1   -69.8125
    chiral                    -459.2086  -467.2707    -8.0620
    nonbonded                 -102122.2  -102506.9  -384.7734
    planarity                  -19629.6   -19655.3   -25.6484
    torsion                     12254.7    12233.2   -21.5518

  other (weight: 1.0000)
  ────────────────────────────────────────────────────────────────
    Metric                       Before      After     Change
    xray                       182252.2   182252.6    +0.4844

  Group Totals
  ────────────────────────────────────────────────────────────────
    Group                        Before      After     Change
    adp                        144510.9   144510.9     0.0000
    geometry                   -36517.5   -36688.5  -170.9955
    xray                       182252.2   182252.6    +0.4844
────────────────────────────────────────────────────────────────────
  VDW rebuild: max drift 18.25 Å > threshold 1.00 Å

Building VDW (non-bonded) restraints...
  Symmetry expansion: 25 valid (symop, offset) combos
  Grid: [10, 11, 24], 2130/2640 cells occupied, max 567 entries/cell
  Built 393462 VDW restraints, 39528 symmetry contacts

────────────────────────────────────────────────────────────────────
  ADP Refinement
────────────────────────────────────────────────────────────────────

  adp (weight: 0.0200)
  ────────────────────────────────────────────────────────────────
    Metric                       Before      After     Change
    locality                   225.7482   127.2928   -98.4554
    scaler_U                   316412.8   316412.8     0.0000
    scaler_log_scale          6887630.0  6887630.0     0.0000
    sigd                         6058.7     6057.4    -1.3350
    simu                        15219.6    15193.2   -26.3525

  geometry (weight: 0.2000)
  ────────────────────────────────────────────────────────────────
    Metric                       Before      After     Change
    angle                      -41846.9   -41846.9     0.0000
    bond                       -31199.1   -31199.1     0.0000
    chiral                    -467.2707  -467.2707     0.0000
    nonbonded                 -102506.9  -102506.9     0.0000
    planarity                  -19655.3   -19655.3     0.0000
    torsion                     12233.2    12233.2     0.0000

  other (weight: 1.0000)
  ────────────────────────────────────────────────────────────────
    Metric                       Before      After     Change
    xray                       182252.6   182252.6     0.0000

  Group Totals
  ────────────────────────────────────────────────────────────────
    Group                        Before      After     Change
    adp                        144510.9   144508.4    -2.5229
    geometry                   -36688.5   -36688.5     0.0000
    xray                       182252.6   182252.6     0.0000
────────────────────────────────────────────────────────────────────

============================================================
LBFGS Refinement - Cycle 9/10
============================================================
Refining scales with LBFGS...
Scale refinement complete. rwork: 0.5476, rfree: 0.5465

Final Scale Parameters: 
  c_iso: tensor([ 3.7123,  4.5803,  0.6051, -0.0459,  0.1306, -0.0436])
  U: tensor([ 2.7237,  2.6960,  2.6563, -0.0740, -0.0582, -0.0190])
  solvent.log_k_solvent: -0.8385064005851746
  solvent.log_ss_half: -5.200676918029785
  solvent.log_n_exp: 0.13541018962860107
  solvent.phase_offset: 1.2240400314331055
After scaling: Rwork=0.5476, Rfree=0.5465
  VDW rebuild: max drift 18.25 Å > threshold 1.00 Å

Building VDW (non-bonded) restraints...
  Symmetry expansion: 25 valid (symop, offset) combos
  Grid: [10, 11, 24], 2130/2640 cells occupied, max 567 entries/cell
  Built 393462 VDW restraints, 39528 symmetry contacts

────────────────────────────────────────────────────────────────────
  XYZ Refinement
────────────────────────────────────────────────────────────────────

  adp (weight: 0.0200)
  ────────────────────────────────────────────────────────────────
    Metric                       Before      After     Change
    locality                   127.2928   127.2928     0.0000
    scaler_U                   315178.1   315178.1     0.0000
    scaler_log_scale          6800556.5  6800556.5     0.0000
    sigd                         6057.4     6057.4     0.0000
    simu                        15193.2    15193.2     0.0000

  geometry (weight: 0.2000)
  ────────────────────────────────────────────────────────────────
    Metric                       Before      After     Change
    angle                      -41846.9   -42027.1  -180.2227
    bond                       -31199.1   -31208.8    -9.6914
    chiral                    -467.2707  -470.6977    -3.4270
    nonbonded                 -102506.9  -102903.8  -396.8594
    planarity                  -19655.3   -19681.7   -26.3848
    torsion                     12233.2    12199.7   -33.4619

  other (weight: 1.0000)
  ────────────────────────────────────────────────────────────────
    Metric                       Before      After     Change
    xray                       182253.9   182240.8   -13.1562

  Group Totals
  ────────────────────────────────────────────────────────────────
    Group                        Before      After     Change
    adp                        142742.2   142742.2     0.0000
    geometry                   -36688.5   -36818.5  -130.0094
    xray                       182253.9   182240.8   -13.1562
────────────────────────────────────────────────────────────────────
  VDW rebuild: max drift 18.25 Å > threshold 1.00 Å

Building VDW (non-bonded) restraints...
  Symmetry expansion: 25 valid (symop, offset) combos
  Grid: [10, 11, 24], 2130/2640 cells occupied, max 567 entries/cell
  Built 393462 VDW restraints, 39528 symmetry contacts

────────────────────────────────────────────────────────────────────
  ADP Refinement
────────────────────────────────────────────────────────────────────

  adp (weight: 0.0200)
  ────────────────────────────────────────────────────────────────
    Metric                       Before      After     Change
    locality                   127.3315   126.2620    -1.0695
    scaler_U                   315178.1   315178.1     0.0000
    scaler_log_scale          6800556.5  6800556.5     0.0000
    sigd                         6057.4     6057.4    -0.0049
    simu                        15193.2    15192.7    -0.4990

  geometry (weight: 0.2000)
  ────────────────────────────────────────────────────────────────
    Metric                       Before      After     Change
    angle                      -42027.1   -42027.1     0.0000
    bond                       -31208.8   -31208.8     0.0000
    chiral                    -470.6977  -470.6977     0.0000
    nonbonded                 -102903.8  -102903.8     0.0000
    planarity                  -19681.7   -19681.7     0.0000
    torsion                     12199.7    12199.7     0.0000

  other (weight: 1.0000)
  ────────────────────────────────────────────────────────────────
    Metric                       Before      After     Change
    xray                       182240.8   182241.4    +0.6406

  Group Totals
  ────────────────────────────────────────────────────────────────
    Group                        Before      After     Change
    adp                        142742.2   142742.2    -0.0315
    geometry                   -36818.5   -36818.5     0.0000
    xray                       182240.8   182241.4    +0.6406
────────────────────────────────────────────────────────────────────

============================================================
LBFGS Refinement - Cycle 10/10
============================================================
Refining scales with LBFGS...
Scale refinement complete. rwork: 0.5475, rfree: 0.5457

Final Scale Parameters: 
  c_iso: tensor([ 3.6951,  4.5647,  0.5961, -0.0491,  0.1314, -0.0440])
  U: tensor([ 2.7200,  2.6964,  2.6541, -0.0741, -0.0584, -0.0223])
  solvent.log_k_solvent: -0.7665888667106628
  solvent.log_ss_half: -5.24329137802124
  solvent.log_n_exp: 0.11489193141460419
  solvent.phase_offset: 1.2157293558120728
After scaling: Rwork=0.5475, Rfree=0.5457
  VDW rebuild: max drift 18.24 Å > threshold 1.00 Å

Building VDW (non-bonded) restraints...
  Symmetry expansion: 25 valid (symop, offset) combos
  Grid: [10, 11, 24], 2130/2640 cells occupied, max 567 entries/cell
  Built 393462 VDW restraints, 39528 symmetry contacts

────────────────────────────────────────────────────────────────────
  XYZ Refinement
────────────────────────────────────────────────────────────────────

  adp (weight: 0.0200)
  ────────────────────────────────────────────────────────────────
    Metric                       Before      After     Change
    locality                   126.2620   126.2620     0.0000
    scaler_U                   314739.6   314739.6     0.0000
    scaler_log_scale          6739433.0  6739433.0     0.0000
    sigd                         6057.4     6057.4     0.0000
    simu                        15192.7    15192.7     0.0000

  geometry (weight: 0.2000)
  ────────────────────────────────────────────────────────────────
    Metric                       Before      After     Change
    angle                      -42027.1   -42199.4  -172.2930
    bond                       -31208.8   -31258.8   -50.0176
    chiral                    -470.6977  -474.0819    -3.3842
    nonbonded                 -102903.8  -103114.6  -210.8281
    planarity                  -19681.7   -19700.4   -18.7266
    torsion                     12199.7    12178.2   -21.4678

  other (weight: 1.0000)
  ────────────────────────────────────────────────────────────────
    Metric                       Before      After     Change
    xray                       182242.4   182237.4    -5.0312

  Group Totals
  ────────────────────────────────────────────────────────────────
    Group                        Before      After     Change
    adp                        141511.0   141511.0     0.0000
    geometry                   -36818.5   -36913.8   -95.3431
    xray                       182242.4   182237.4    -5.0312
────────────────────────────────────────────────────────────────────
  VDW rebuild: max drift 18.24 Å > threshold 1.00 Å

Building VDW (non-bonded) restraints...
  Symmetry expansion: 25 valid (symop, offset) combos
  Grid: [10, 11, 24], 2130/2640 cells occupied, max 567 entries/cell
  Built 393462 VDW restraints, 39528 symmetry contacts

────────────────────────────────────────────────────────────────────
  ADP Refinement
────────────────────────────────────────────────────────────────────

  adp (weight: 0.0200)
  ────────────────────────────────────────────────────────────────
    Metric                       Before      After     Change
    locality                   126.2184   139.1460   +12.9276
    scaler_U                   314739.6   314739.6     0.0000
    scaler_log_scale          6739433.0  6739433.0     0.0000
    sigd                         6057.4     6055.6    -1.7432
    simu                        15192.7    15206.7   +13.9824

  geometry (weight: 0.2000)
  ────────────────────────────────────────────────────────────────
    Metric                       Before      After     Change
    angle                      -42199.4   -42199.4     0.0000
    bond                       -31258.8   -31258.8     0.0000
    chiral                    -474.0819  -474.0819     0.0000
    nonbonded                 -103114.6  -103114.6     0.0000
    planarity                  -19700.4   -19700.4     0.0000
    torsion                     12178.2    12178.2     0.0000

  other (weight: 1.0000)
  ────────────────────────────────────────────────────────────────
    Metric                       Before      After     Change
    xray                       182237.4   182236.0    -1.3594

  Group Totals
  ────────────────────────────────────────────────────────────────
    Group                        Before      After     Change
    adp                        141511.0   141511.5    +0.5034
    geometry                   -36913.8   -36913.8     0.0000
    xray                       182237.4   182236.0    -1.3594
────────────────────────────────────────────────────────────────────
Calculating initial scale factors using 10 bins.
Refining scales with LBFGS...
Scale refinement complete. rwork: 0.5470, rfree: 0.5484

Final Scale Parameters: 
  c_iso: tensor([ 0.3424,  1.0390,  0.0254, -0.0502,  0.1307, -0.0431])
  U: tensor([ 0.7932,  0.7680,  0.7272, -0.0752, -0.0606, -0.0219])
  solvent.log_k_solvent: -0.6097177863121033
  solvent.log_ss_half: -2.69637131690979
  solvent.log_n_exp: 0.5572007298469543
  solvent.phase_offset: 1.2062370777130127

Refinement completed successfully.

Saving results to /das/work/units/LBR-FEL/p17490/Peter/Library/work_trees_torchref/alignement/alignment_lab/benchmarks/af_mr/runs/dmin3.0/1JN9/refine_phaser_mr...
  Refined structure (PDB): /das/work/units/LBR-FEL/p17490/Peter/Library/work_trees_torchref/alignement/alignment_lab/benchmarks/af_mr/runs/dmin3.0/1JN9/refine_phaser_mr/refined.pdb
  Refined structure (mmCIF): /das/work/units/LBR-FEL/p17490/Peter/Library/work_trees_torchref/alignement/alignment_lab/benchmarks/af_mr/runs/dmin3.0/1JN9/refine_phaser_mr/refined.cif
Added map coefficients:
  2Fo-Fc: FWT, PHWT
  Fo-Fc: DELFWT, PHDELWT
  Resolution range: 2.27 - 9.99 Å
✓ Wrote MTZ file: /das/work/units/LBR-FEL/p17490/Peter/Library/work_trees_torchref/alignement/alignment_lab/benchmarks/af_mr/runs/dmin3.0/1JN9/refine_phaser_mr/refined.mtz
  Reflections: 28994
  Columns: H, K, L, F-obs, SIGF-obs, R-free-flags, FWT, PHWT, DELFWT, PHDELWT, F-model, PH-model
  Refined structure factors: /das/work/units/LBR-FEL/p17490/Peter/Library/work_trees_torchref/alignement/alignment_lab/benchmarks/af_mr/runs/dmin3.0/1JN9/refine_phaser_mr/refined.mtz
  Refinement history: /das/work/units/LBR-FEL/p17490/Peter/Library/work_trees_torchref/alignement/alignment_lab/benchmarks/af_mr/runs/dmin3.0/1JN9/refine_phaser_mr/refinement_history.json

================================================================================
Refinement Summary
================================================================================
R-work:  0.5470 (28418 reflections)
R-free:  0.5484 (574 reflections)
NLL work: 182237.00
NLL test: 3642.34
================================================================================

Output files:
  - /das/work/units/LBR-FEL/p17490/Peter/Library/work_trees_torchref/alignement/alignment_lab/benchmarks/af_mr/runs/dmin3.0/1JN9/refine_phaser_mr/refined.pdb
  - /das/work/units/LBR-FEL/p17490/Peter/Library/work_trees_torchref/alignement/alignment_lab/benchmarks/af_mr/runs/dmin3.0/1JN9/refine_phaser_mr/refined.cif
  - /das/work/units/LBR-FEL/p17490/Peter/Library/work_trees_torchref/alignement/alignment_lab/benchmarks/af_mr/runs/dmin3.0/1JN9/refine_phaser_mr/refined.mtz
  - /das/work/units/LBR-FEL/p17490/Peter/Library/work_trees_torchref/alignement/alignment_lab/benchmarks/af_mr/runs/dmin3.0/1JN9/refine_phaser_mr/refinement_history.json

Refinement completed successfully!

Timing: 749.8s wall, 896.0s CPU
