/das/work/units/LBR-FEL/p17490/Peter/Library/work_trees_torchref/alignement/torchref/cli/refine.py:21: UserWarning: TorchRef using user-specified 8 threads from TORCHREF_NUM_THREADS.
  from torchref.cli._common import (
================================================================================
TorchRef LBFGS Refinement
================================================================================
Model:             /das/work/units/LBR-FEL/p17490/Peter/Library/work_trees_torchref/dev/paper/figure2_alphafold_start/placed/3T0Q_af.pdb
Structure factor:  /das/work/units/LBR-FEL/p17490/Peter/Library/work_trees_torchref/dev/paper/data/3T0Q/3T0Q.mtz
Output directory:  /das/work/units/LBR-FEL/p17490/Peter/Library/work_trees_torchref/alignement/alignment_lab/benchmarks/af_mr/runs/dmin3.0/3T0Q/refine_phaser_mr
Refinement mode:   separate
X-ray target:      ml
Refinement cycles: 10
Rigid-body step:   on (iterations/cutoff = 30)
Device:            auto
ADP mode:          isotropic
Wavelength:        1 A
Manual weights:    {"adp": 0.02}
================================================================================

Initializing refinement...
found non-finite F values (NaN/Inf):  0
found non-finite F_sigma values (NaN/Inf):  0
Wilson outlier rejection: 0/12799 (0.0000%) of tested reflections flagged (0 too strong, 0 too weak)
Loaded 2343 atoms
Building restraints...
Found 109 link definitions

Building VDW (non-bonded) restraints...
  Symmetry expansion: 19 valid (symop, offset) combos
  Grid: [7, 14, 16], 1106/1568 cells occupied, max 126 entries/cell
  Built 38535 VDW restraints, 1742 symmetry contacts
  Hydrogen topology: 2322 riding H atoms
  H candidate pairs: 91603 (23070 H-H, 68533 H-heavy, 3205 symmetry)
================================================================================
Restraints Summary
================================================================================
CIF file: None
Residue types in dictionary: 20

INTRA-RESIDUE RESTRAINTS:
--------------------------------------------------------------------------------
  Bonds: 2100
  Angles: 2352
  Torsions: 615
  Planes: 462
  Chirals: 360

INTER-RESIDUE RESTRAINTS:
--------------------------------------------------------------------------------
  Peptide bonds: 283
  Peptide angles: 858
  Disulfide bonds: 0
  Disulfide angles: 0
  Disulfide torsions: 0
  LINK bonds: 0

BACKBONE TORSIONS:
--------------------------------------------------------------------------------
  Phi: 283
  Psi: 283
  Omega: 283
  Ramachandran: 276

VDW RESTRAINTS:
--------------------------------------------------------------------------------
  Non-bonded contacts: 38535 (36793 intra-ASU, 1742 symmetry)
================================================================================
Generated 2322 hydrogens
ADP representation: isotropic, 4665 parameters, 3.4 work reflections each
Initialized ScalerBase with 10 bins.
Building restraints...

Building VDW (non-bonded) restraints...
  Symmetry expansion: 19 valid (symop, offset) combos
  Grid: [7, 14, 16], 1188/1568 cells occupied, max 210 entries/cell
  Built 160861 VDW restraints, 7046 symmetry contacts
================================================================================
Restraints Summary
================================================================================
CIF file: None
Residue types in dictionary: 20

INTRA-RESIDUE RESTRAINTS:
--------------------------------------------------------------------------------
  Bonds: 4422
  Angles: 7314
  Torsions: 936
  Planes: 803
  Chirals: 360

INTER-RESIDUE RESTRAINTS:
--------------------------------------------------------------------------------
  Peptide bonds: 283
  Peptide angles: 1132
  Disulfide bonds: 0
  Disulfide angles: 0
  Disulfide torsions: 0
  LINK bonds: 0

BACKBONE TORSIONS:
--------------------------------------------------------------------------------
  Phi: 283
  Psi: 283
  Omega: 283
  Ramachandran: 276

VDW RESTRAINTS:
--------------------------------------------------------------------------------
  Non-bonded contacts: 160861 (153815 intra-ASU, 7046 symmetry)
================================================================================
Initializing TotalGeometryTarget with component targets...
Initializing TotalADPTarget with component targets: simu, locality, sigd
Parametrization built for 5 unique atom types
SfFFT: Using late symmetry (reciprocal space)
Calculating initial scale factors using 10 bins.
Refining scales with LBFGS...
Scale refinement complete. rwork: 0.4663, rfree: 0.4625

Final Scale Parameters: 
  c_iso: tensor([-1.9158,  1.2191, -0.0460,  0.2114, -0.1372,  0.1439])
  U: tensor([ 0.8221,  0.5115,  0.5151, -0.0417, -0.0572,  0.0539])
  solvent.log_k_solvent: -0.9908336400985718
  solvent.log_ss_half: -4.071484565734863
  solvent.log_n_exp: 1.6781580448150635
  solvent.phase_offset: -0.06151997298002243
Initialized targets with xray_mode='ml'
Applied manual group weights: {'xray': 1.0, 'geometry': 0.2, 'geometry/ramachandran': 0.0, 'adp': 0.02, 'adp/sigd': 1.0, 'adp/node_load': 10.0, 'adp/node_smoothness': 0.0}
Refinement initialized successfully.

Starting refinement with 10 macro cycles...

Rigid-body step enabled: one multi-resolution rigid-body pass will run once at the start of refinement.


--- Rigid-body step (once, at start) ---
Switched to rigid-body parametrization: RigidXYZTensor(n_atoms=4665, n_chains=1) (1 chain(s))
Filtering: 977/16036 reflections in range [inf - 6.0] Å (977 valid after all masks)
  Note: Adjusted bins from 10 to 9 (min 100 refl/bin)
Initialized ScalerBase with 9 bins.
Calculating initial scale factors using 9 bins.
Calculating initial scale factors using 9 bins.
Refining scales with LBFGS...
Scale refinement complete. rwork: 0.4204, rfree: 0.3477

Final Scale Parameters: 
  c_iso: tensor([-7.5592, -4.0852,  4.7771, 10.4329,  6.9261,  2.6765])
  U: tensor([ 1.2149,  0.5699,  1.8439, -0.1641, -0.6521, -0.3595])
  solvent.log_k_solvent: -1.0053631067276
  solvent.log_ss_half: 0.6452727913856506
  solvent.log_n_exp: 6.557531833648682
  solvent.phase_offset: -0.05941291153430939
  rigid-body d_min=6.00 (lbfgs, iters=30): Rwork=0.4243 Rfree=0.3944
Filtering: 3938/16036 reflections in range [inf - 3.748419046932975] Å (3938 valid after all masks)
Initialized ScalerBase with 10 bins.
Calculating initial scale factors using 10 bins.
Calculating initial scale factors using 10 bins.
Refining scales with LBFGS...
Scale refinement complete. rwork: 0.4340, rfree: 0.4272

Final Scale Parameters: 
  c_iso: tensor([-2.3490,  0.7317, -0.6485,  0.0819, -0.2597,  0.2201])
  U: tensor([ 0.9704,  0.5591,  0.5152, -0.0989, -0.1195,  0.1052])
  solvent.log_k_solvent: -1.0381968021392822
  solvent.log_ss_half: -4.166206359863281
  solvent.log_n_exp: 2.1127631664276123
  solvent.phase_offset: -0.07310676574707031
  rigid-body d_min=3.75 (lbfgs, iters=30): Rwork=0.4355 Rfree=0.4364
Filtering: 16036/16036 reflections in range [inf - 2.3417742252349854] Å (16036 valid after all masks)
Initialized ScalerBase with 10 bins.
Calculating initial scale factors using 10 bins.
Calculating initial scale factors using 10 bins.
Refining scales with LBFGS...
Scale refinement complete. rwork: 0.4682, rfree: 0.4694

Final Scale Parameters: 
  c_iso: tensor([-1.9946,  1.0725, -0.0517,  0.1979, -0.1256,  0.1451])
  U: tensor([ 0.7570,  0.4439,  0.4479, -0.0431, -0.0576,  0.0564])
  solvent.log_k_solvent: -0.9805259108543396
  solvent.log_ss_half: -4.076818466186523
  solvent.log_n_exp: 1.6854567527770996
  solvent.phase_offset: -0.04313688352704048
  rigid-body d_min=2.34 (lbfgs, iters=30): Rwork=0.4783 Rfree=0.4773
Initialized ScalerBase with 10 bins.
Calculating initial scale factors using 10 bins.
Calculating initial scale factors using 10 bins.
Refining scales with LBFGS...
Scale refinement complete. rwork: 0.4661, rfree: 0.4618

Final Scale Parameters: 
  c_iso: tensor([-1.9150,  1.1782, -0.0299,  0.1956, -0.1290,  0.1406])
  U: tensor([ 0.8158,  0.5004,  0.5081, -0.0393, -0.0605,  0.0537])
  solvent.log_k_solvent: -0.9873424172401428
  solvent.log_ss_half: -4.08151388168335
  solvent.log_n_exp: 1.643269419670105
  solvent.phase_offset: -0.03770194947719574
Initialized ScalerBase with 10 bins.
Calculating initial scale factors using 10 bins.
Calculating initial scale factors using 10 bins.
Refining scales with LBFGS...
Scale refinement complete. rwork: 0.4661, rfree: 0.4618

Final Scale Parameters: 
  c_iso: tensor([-1.9198,  1.1730, -0.0317,  0.1958, -0.1292,  0.1407])
  U: tensor([ 0.8126,  0.4972,  0.5050, -0.0393, -0.0605,  0.0536])
  solvent.log_k_solvent: -0.9867773056030273
  solvent.log_ss_half: -4.079638957977295
  solvent.log_n_exp: 1.6471805572509766
  solvent.phase_offset: -0.03795480728149414

============================================================
LBFGS Refinement - Cycle 1/10
============================================================
Refining scales with LBFGS...
Scale refinement complete. rwork: 0.4661, rfree: 0.4618

Final Scale Parameters: 
  c_iso: tensor([-1.9105,  1.1916, -0.0316,  0.1986, -0.1305,  0.1415])
  U: tensor([ 0.8205,  0.5053,  0.5130, -0.0393, -0.0604,  0.0536])
  solvent.log_k_solvent: -0.9889431595802307
  solvent.log_ss_half: -4.082960605621338
  solvent.log_n_exp: 1.638590931892395
  solvent.phase_offset: -0.038296934217214584
After scaling: Rwork=0.4661, Rfree=0.4618
  VDW rebuild: max drift 1.44 Å > threshold 1.00 Å

Building VDW (non-bonded) restraints...
  Symmetry expansion: 19 valid (symop, offset) combos
  Grid: [7, 14, 16], 1188/1568 cells occupied, max 210 entries/cell
  Built 160861 VDW restraints, 7046 symmetry contacts

────────────────────────────────────────────────────────────────────
  XYZ Refinement
────────────────────────────────────────────────────────────────────

  adp (weight: 0.0200)
  ────────────────────────────────────────────────────────────────
    Metric                       Before      After     Change
    locality                     3944.8     3944.8     0.0000
    scaler_U                     9036.8     9036.8     0.0000
    scaler_log_scale           155763.1   155763.1     0.0000
    sigd                         3002.5     3002.5     0.0000
    simu                         8250.3     8250.3     0.0000

  geometry (weight: 0.2000)
  ────────────────────────────────────────────────────────────────
    Metric                       Before      After     Change
    angle                      -18843.3   -20684.7    -1841.5
    bond                       -14304.1   -15731.8    -1427.7
    chiral                    -194.3736  -229.6840   -35.3105
    nonbonded                  -33520.9   -42218.1    -8697.2
    planarity                   -9522.4    -9787.3  -264.8711
    torsion                      8266.1     8240.9   -25.2012

  other (weight: 1.0000)
  ────────────────────────────────────────────────────────────────
    Metric                       Before      After     Change
    xray                        54286.3    53869.7  -416.6211

  Group Totals
  ────────────────────────────────────────────────────────────────
    Group                        Before      After     Change
    adp                          3600.0     3600.0     0.0000
    geometry                   -13623.8   -16082.1    -2458.3
    xray                        54286.3    53869.7  -416.6211
────────────────────────────────────────────────────────────────────
  VDW rebuild: max drift 1.44 Å > threshold 1.00 Å

Building VDW (non-bonded) restraints...
  Symmetry expansion: 19 valid (symop, offset) combos
  Grid: [7, 14, 16], 1188/1568 cells occupied, max 210 entries/cell
  Built 160861 VDW restraints, 7046 symmetry contacts

────────────────────────────────────────────────────────────────────
  ADP Refinement
────────────────────────────────────────────────────────────────────

  adp (weight: 0.0200)
  ────────────────────────────────────────────────────────────────
    Metric                       Before      After     Change
    locality                     3929.3    10627.5    +6698.2
    scaler_U                     9036.8     9036.8     0.0000
    scaler_log_scale           155763.1   155763.1     0.0000
    sigd                         3002.5     3429.9  +427.4167
    simu                         8250.3    11408.9    +3158.6

  geometry (weight: 0.2000)
  ────────────────────────────────────────────────────────────────
    Metric                       Before      After     Change
    angle                      -20684.7   -20684.7     0.0000
    bond                       -15731.8   -15731.8     0.0000
    chiral                    -229.6840  -229.6840     0.0000
    nonbonded                  -42218.1   -42218.1     0.0000
    planarity                   -9787.3    -9787.3     0.0000
    torsion                      8240.9     8240.9     0.0000

  other (weight: 1.0000)
  ────────────────────────────────────────────────────────────────
    Metric                       Before      After     Change
    xray                        53869.7    52951.3  -918.3945

  Group Totals
  ────────────────────────────────────────────────────────────────
    Group                        Before      After     Change
    adp                          3599.6     3805.3  +205.6839
    geometry                   -16082.1   -16082.1     0.0000
    xray                        53869.7    52951.3  -918.3945
────────────────────────────────────────────────────────────────────

============================================================
LBFGS Refinement - Cycle 2/10
============================================================
Refining scales with LBFGS...
Scale refinement complete. rwork: 0.4198, rfree: 0.4347

Final Scale Parameters: 
  c_iso: tensor([-2.1430,  0.8317, -0.1010,  0.1571, -0.1142,  0.1456])
  U: tensor([ 0.6417,  0.3491,  0.3288, -0.0395, -0.0523,  0.0418])
  solvent.log_k_solvent: -0.9764915704727173
  solvent.log_ss_half: -4.0789475440979
  solvent.log_n_exp: 1.6455353498458862
  solvent.phase_offset: -0.03415340185165405
After scaling: Rwork=0.4198, Rfree=0.4347
  VDW rebuild: max drift 1.65 Å > threshold 1.00 Å

Building VDW (non-bonded) restraints...
  Symmetry expansion: 19 valid (symop, offset) combos
  Grid: [7, 14, 16], 1188/1568 cells occupied, max 210 entries/cell
  Built 160861 VDW restraints, 7046 symmetry contacts

────────────────────────────────────────────────────────────────────
  XYZ Refinement
────────────────────────────────────────────────────────────────────

  adp (weight: 0.0200)
  ────────────────────────────────────────────────────────────────
    Metric                       Before      After     Change
    locality                    10627.5    10627.5     0.0000
    scaler_U                     4654.2     4654.2     0.0000
    scaler_log_scale            56539.9    56539.9     0.0000
    sigd                         3429.9     3429.9     0.0000
    simu                        11408.9    11408.9     0.0000

  geometry (weight: 0.2000)
  ────────────────────────────────────────────────────────────────
    Metric                       Before      After     Change
    angle                      -20684.7   -20881.7  -196.9727
    bond                       -15731.8   -15720.3   +11.4805
    chiral                    -229.6840  -231.3416    -1.6576
    nonbonded                  -42218.1   -42245.3   -27.2266
    planarity                   -9787.3    -9822.3   -34.9727
    torsion                      8240.9     8266.5   +25.5225

  other (weight: 1.0000)
  ────────────────────────────────────────────────────────────────
    Metric                       Before      After     Change
    xray                        52987.2    52270.1  -717.0703

  Group Totals
  ────────────────────────────────────────────────────────────────
    Group                        Before      After     Change
    adp                          1733.2     1733.2     0.0000
    geometry                   -16082.1   -16126.9   -44.7652
    xray                        52987.2    52270.1  -717.0703
────────────────────────────────────────────────────────────────────
  VDW rebuild: max drift 1.65 Å > threshold 1.00 Å

Building VDW (non-bonded) restraints...
  Symmetry expansion: 19 valid (symop, offset) combos
  Grid: [7, 14, 16], 1188/1568 cells occupied, max 210 entries/cell
  Built 160861 VDW restraints, 7046 symmetry contacts

────────────────────────────────────────────────────────────────────
  ADP Refinement
────────────────────────────────────────────────────────────────────

  adp (weight: 0.0200)
  ────────────────────────────────────────────────────────────────
    Metric                       Before      After     Change
    locality                    10641.2    15480.9    +4839.7
    scaler_U                     4654.2     4654.2     0.0000
    scaler_log_scale            56539.9    56539.9     0.0000
    sigd                         3429.9     3643.7  +213.8088
    simu                        11408.9    13467.1    +2058.1

  geometry (weight: 0.2000)
  ────────────────────────────────────────────────────────────────
    Metric                       Before      After     Change
    angle                      -20881.7   -20881.7     0.0000
    bond                       -15720.3   -15720.3     0.0000
    chiral                    -231.3416  -231.3416     0.0000
    nonbonded                  -42245.3   -42245.3     0.0000
    planarity                   -9822.3    -9822.3     0.0000
    torsion                      8266.5     8266.5     0.0000

  other (weight: 1.0000)
  ────────────────────────────────────────────────────────────────
    Metric                       Before      After     Change
    xray                        52270.1    52011.3  -258.8242

  Group Totals
  ────────────────────────────────────────────────────────────────
    Group                        Before      After     Change
    adp                          1733.5     1875.7  +142.2325
    geometry                   -16126.9   -16126.9     0.0000
    xray                        52270.1    52011.3  -258.8242
────────────────────────────────────────────────────────────────────

============================================================
LBFGS Refinement - Cycle 3/10
============================================================
Refining scales with LBFGS...
Scale refinement complete. rwork: 0.3908, rfree: 0.4143

Final Scale Parameters: 
  c_iso: tensor([-2.2444,  0.6586, -0.1346,  0.1429, -0.1120,  0.1474])
  U: tensor([ 0.5470,  0.2688,  0.2396, -0.0359, -0.0470,  0.0344])
  solvent.log_k_solvent: -0.9647560119628906
  solvent.log_ss_half: -4.045414924621582
  solvent.log_n_exp: 1.6191099882125854
  solvent.phase_offset: -0.034166138619184494
After scaling: Rwork=0.3908, Rfree=0.4143
  VDW rebuild: max drift 1.96 Å > threshold 1.00 Å

Building VDW (non-bonded) restraints...
  Symmetry expansion: 19 valid (symop, offset) combos
  Grid: [7, 14, 16], 1188/1568 cells occupied, max 210 entries/cell
  Built 160861 VDW restraints, 7046 symmetry contacts

────────────────────────────────────────────────────────────────────
  XYZ Refinement
────────────────────────────────────────────────────────────────────

  adp (weight: 0.0200)
  ────────────────────────────────────────────────────────────────
    Metric                       Before      After     Change
    locality                    15480.9    15480.9     0.0000
    scaler_U                     2977.2     2977.2     0.0000
    scaler_log_scale            26739.3    26739.3     0.0000
    sigd                         3643.7     3643.7     0.0000
    simu                        13467.1    13467.1     0.0000

  geometry (weight: 0.2000)
  ────────────────────────────────────────────────────────────────
    Metric                       Before      After     Change
    angle                      -20881.7   -20875.5    +6.2422
    bond                       -15720.3   -15769.0   -48.7373
    chiral                    -231.3416  -230.0405    +1.3011
    nonbonded                  -42245.3   -42252.1    -6.7461
    planarity                   -9822.3    -9826.9    -4.6016
    torsion                      8266.5     8265.2    -1.2422

  other (weight: 1.0000)
  ────────────────────────────────────────────────────────────────
    Metric                       Before      After     Change
    xray                        52023.1    51587.2  -435.9141

  Group Totals
  ────────────────────────────────────────────────────────────────
    Group                        Before      After     Change
    adp                          1246.2     1246.2     0.0000
    geometry                   -16126.9   -16137.7   -10.7571
    xray                        52023.1    51587.2  -435.9141
────────────────────────────────────────────────────────────────────
  VDW rebuild: max drift 1.96 Å > threshold 1.00 Å

Building VDW (non-bonded) restraints...
  Symmetry expansion: 19 valid (symop, offset) combos
  Grid: [7, 14, 16], 1188/1568 cells occupied, max 210 entries/cell
  Built 160861 VDW restraints, 7046 symmetry contacts

────────────────────────────────────────────────────────────────────
  ADP Refinement
────────────────────────────────────────────────────────────────────

  adp (weight: 0.0200)
  ────────────────────────────────────────────────────────────────
    Metric                       Before      After     Change
    locality                    15465.2    17545.0    +2079.8
    scaler_U                     2977.2     2977.2     0.0000
    scaler_log_scale            26739.3    26739.3     0.0000
    sigd                         3643.7     3686.9   +43.1382
    simu                        13467.1    14344.7  +877.6494

  geometry (weight: 0.2000)
  ────────────────────────────────────────────────────────────────
    Metric                       Before      After     Change
    angle                      -20875.5   -20875.5     0.0000
    bond                       -15769.0   -15769.0     0.0000
    chiral                    -230.0405  -230.0405     0.0000
    nonbonded                  -42252.1   -42252.1     0.0000
    planarity                   -9826.9    -9826.9     0.0000
    torsion                      8265.2     8265.2     0.0000

  other (weight: 1.0000)
  ────────────────────────────────────────────────────────────────
    Metric                       Before      After     Change
    xray                        51587.2    51486.3  -100.8906

  Group Totals
  ────────────────────────────────────────────────────────────────
    Group                        Before      After     Change
    adp                          1245.9     1305.9   +60.0110
    geometry                   -16137.7   -16137.7     0.0000
    xray                        51587.2    51486.3  -100.8906
────────────────────────────────────────────────────────────────────

============================================================
LBFGS Refinement - Cycle 4/10
============================================================
Refining scales with LBFGS...
Scale refinement complete. rwork: 0.3749, rfree: 0.3970

Final Scale Parameters: 
  c_iso: tensor([-2.2658,  0.6745, -0.1588,  0.1550, -0.1218,  0.1552])
  U: tensor([ 0.5357,  0.2588,  0.2260, -0.0362, -0.0423,  0.0335])
  solvent.log_k_solvent: -0.9729199409484863
  solvent.log_ss_half: -4.030632019042969
  solvent.log_n_exp: 1.596956491470337
  solvent.phase_offset: -0.0409277118742466
After scaling: Rwork=0.3749, Rfree=0.3970
  VDW rebuild: max drift 2.06 Å > threshold 1.00 Å

Building VDW (non-bonded) restraints...
  Symmetry expansion: 19 valid (symop, offset) combos
  Grid: [7, 14, 16], 1188/1568 cells occupied, max 210 entries/cell
  Built 160861 VDW restraints, 7046 symmetry contacts

────────────────────────────────────────────────────────────────────
  XYZ Refinement
────────────────────────────────────────────────────────────────────

  adp (weight: 0.0200)
  ────────────────────────────────────────────────────────────────
    Metric                       Before      After     Change
    locality                    17545.0    17545.0     0.0000
    scaler_U                     2783.6     2783.6     0.0000
    scaler_log_scale            25238.0    25238.0     0.0000
    sigd                         3686.9     3686.9     0.0000
    simu                        14344.7    14344.7     0.0000

  geometry (weight: 0.2000)
  ────────────────────────────────────────────────────────────────
    Metric                       Before      After     Change
    angle                      -20875.5   -20859.4   +16.0684
    bond                       -15769.0   -15695.1   +73.9131
    chiral                    -230.0405  -231.9976    -1.9571
    nonbonded                  -42252.1   -42254.8    -2.7031
    planarity                   -9826.9    -9812.7   +14.1484
    torsion                      8265.2     8273.9    +8.6631

  other (weight: 1.0000)
  ────────────────────────────────────────────────────────────────
    Metric                       Before      After     Change
    xray                        51497.2    51123.8  -373.3906

  Group Totals
  ────────────────────────────────────────────────────────────────
    Group                        Before      After     Change
    adp                          1272.0     1272.0     0.0000
    geometry                   -16137.7   -16116.0   +21.6259
    xray                        51497.2    51123.8  -373.3906
────────────────────────────────────────────────────────────────────
  VDW rebuild: max drift 2.06 Å > threshold 1.00 Å

Building VDW (non-bonded) restraints...
  Symmetry expansion: 19 valid (symop, offset) combos
  Grid: [7, 14, 16], 1188/1568 cells occupied, max 210 entries/cell
  Built 160861 VDW restraints, 7046 symmetry contacts

────────────────────────────────────────────────────────────────────
  ADP Refinement
────────────────────────────────────────────────────────────────────

  adp (weight: 0.0200)
  ────────────────────────────────────────────────────────────────
    Metric                       Before      After     Change
    locality                    17523.9    18143.1  +619.2227
    scaler_U                     2783.6     2783.6     0.0000
    scaler_log_scale            25238.0    25238.0     0.0000
    sigd                         3686.9     3674.5   -12.3479
    simu                        14344.7    14745.3  +400.6074

  geometry (weight: 0.2000)
  ────────────────────────────────────────────────────────────────
    Metric                       Before      After     Change
    angle                      -20859.4   -20859.4     0.0000
    bond                       -15695.1   -15695.1     0.0000
    chiral                    -231.9976  -231.9976     0.0000
    nonbonded                  -42254.8   -42254.8     0.0000
    planarity                   -9812.7    -9812.7     0.0000
    torsion                      8273.9     8273.9     0.0000

  other (weight: 1.0000)
  ────────────────────────────────────────────────────────────────
    Metric                       Before      After     Change
    xray                        51123.8    51090.6   -33.2031

  Group Totals
  ────────────────────────────────────────────────────────────────
    Group                        Before      After     Change
    adp                          1271.5     1291.7   +20.1497
    geometry                   -16116.0   -16116.0     0.0000
    xray                        51123.8    51090.6   -33.2031
────────────────────────────────────────────────────────────────────

============================================================
LBFGS Refinement - Cycle 5/10
============================================================
Refining scales with LBFGS...
Scale refinement complete. rwork: 0.3631, rfree: 0.3869

Final Scale Parameters: 
  c_iso: tensor([-2.1687,  0.8492, -0.1580,  0.1822, -0.1335,  0.1650])
  U: tensor([ 0.6113,  0.3369,  0.3038, -0.0368, -0.0418,  0.0351])
  solvent.log_k_solvent: -0.9907088875770569
  solvent.log_ss_half: -4.056386470794678
  solvent.log_n_exp: 1.4886504411697388
  solvent.phase_offset: -0.048156656324863434
After scaling: Rwork=0.3631, Rfree=0.3869
  VDW rebuild: max drift 2.10 Å > threshold 1.00 Å

Building VDW (non-bonded) restraints...
  Symmetry expansion: 19 valid (symop, offset) combos
  Grid: [7, 14, 16], 1188/1568 cells occupied, max 210 entries/cell
  Built 160861 VDW restraints, 7046 symmetry contacts

────────────────────────────────────────────────────────────────────
  XYZ Refinement
────────────────────────────────────────────────────────────────────

  adp (weight: 0.0200)
  ────────────────────────────────────────────────────────────────
    Metric                       Before      After     Change
    locality                    18143.1    18143.1     0.0000
    scaler_U                     4189.5     4189.5     0.0000
    scaler_log_scale            47993.8    47993.8     0.0000
    sigd                         3674.5     3674.5     0.0000
    simu                        14745.3    14745.3     0.0000

  geometry (weight: 0.2000)
  ────────────────────────────────────────────────────────────────
    Metric                       Before      After     Change
    angle                      -20859.4   -20983.2  -123.7559
    bond                       -15695.1   -15794.7   -99.5996
    chiral                    -231.9976  -232.0677    -0.0701
    nonbonded                  -42254.8   -42247.9    +6.9141
    planarity                   -9812.7    -9849.3   -36.5322
    torsion                      8273.9     8272.4    -1.4922

  other (weight: 1.0000)
  ────────────────────────────────────────────────────────────────
    Metric                       Before      After     Change
    xray                        51097.6    50892.1  -205.5312

  Group Totals
  ────────────────────────────────────────────────────────────────
    Group                        Before      After     Change
    adp                          1774.9     1774.9     0.0000
    geometry                   -16116.0   -16166.9   -50.9070
    xray                        51097.6    50892.1  -205.5312
────────────────────────────────────────────────────────────────────
  VDW rebuild: max drift 2.10 Å > threshold 1.00 Å

Building VDW (non-bonded) restraints...
  Symmetry expansion: 19 valid (symop, offset) combos
  Grid: [7, 14, 16], 1188/1568 cells occupied, max 210 entries/cell
  Built 160861 VDW restraints, 7046 symmetry contacts

────────────────────────────────────────────────────────────────────
  ADP Refinement
────────────────────────────────────────────────────────────────────

  adp (weight: 0.0200)
  ────────────────────────────────────────────────────────────────
    Metric                       Before      After     Change
    locality                    18165.0    18564.0  +399.0820
    scaler_U                     4189.5     4189.5     0.0000
    scaler_log_scale            47993.8    47993.8     0.0000
    sigd                         3674.5     3673.9    -0.5789
    simu                        14745.3    14773.5   +28.1504

  geometry (weight: 0.2000)
  ────────────────────────────────────────────────────────────────
    Metric                       Before      After     Change
    angle                      -20983.2   -20983.2     0.0000
    bond                       -15794.7   -15794.7     0.0000
    chiral                    -232.0677  -232.0677     0.0000
    nonbonded                  -42247.9   -42247.9     0.0000
    planarity                   -9849.3    -9849.3     0.0000
    torsion                      8272.4     8272.4     0.0000

  other (weight: 1.0000)
  ────────────────────────────────────────────────────────────────
    Metric                       Before      After     Change
    xray                        50892.1    50869.9   -22.2500

  Group Totals
  ────────────────────────────────────────────────────────────────
    Group                        Before      After     Change
    adp                          1775.4     1783.9    +8.5331
    geometry                   -16166.9   -16166.9     0.0000
    xray                        50892.1    50869.9   -22.2500
────────────────────────────────────────────────────────────────────

============================================================
LBFGS Refinement - Cycle 6/10
============================================================
Refining scales with LBFGS...
Scale refinement complete. rwork: 0.3560, rfree: 0.3806

Final Scale Parameters: 
  c_iso: tensor([-2.1750,  0.8953, -0.1804,  0.2016, -0.1442,  0.1726])
  U: tensor([ 0.6164,  0.3413,  0.3072, -0.0372, -0.0392,  0.0384])
  solvent.log_k_solvent: -1.003482460975647
  solvent.log_ss_half: -4.045581340789795
  solvent.log_n_exp: 1.564479112625122
  solvent.phase_offset: -0.057093750685453415
After scaling: Rwork=0.3560, Rfree=0.3806
  VDW rebuild: max drift 2.16 Å > threshold 1.00 Å

Building VDW (non-bonded) restraints...
  Symmetry expansion: 19 valid (symop, offset) combos
  Grid: [7, 14, 16], 1188/1568 cells occupied, max 210 entries/cell
  Built 160861 VDW restraints, 7046 symmetry contacts

────────────────────────────────────────────────────────────────────
  XYZ Refinement
────────────────────────────────────────────────────────────────────

  adp (weight: 0.0200)
  ────────────────────────────────────────────────────────────────
    Metric                       Before      After     Change
    locality                    18564.0    18564.0     0.0000
    scaler_U                     4276.1     4276.1     0.0000
    scaler_log_scale            50871.9    50871.9     0.0000
    sigd                         3673.9     3673.9     0.0000
    simu                        14773.5    14773.5     0.0000

  geometry (weight: 0.2000)
  ────────────────────────────────────────────────────────────────
    Metric                       Before      After     Change
    angle                      -20983.2   -20921.7   +61.4961
    bond                       -15794.7   -15739.4   +55.3076
    chiral                    -232.0677  -231.8736    +0.1941
    nonbonded                  -42247.9   -42234.8   +13.0781
    planarity                   -9849.3    -9839.1   +10.1064
    torsion                      8272.4     8280.2    +7.7627

  other (weight: 1.0000)
  ────────────────────────────────────────────────────────────────
    Metric                       Before      After     Change
    xray                        50872.2    50622.2  -249.9688

  Group Totals
  ────────────────────────────────────────────────────────────────
    Group                        Before      After     Change
    adp                          1843.2     1843.2     0.0000
    geometry                   -16166.9   -16137.3   +29.5896
    xray                        50872.2    50622.2  -249.9688
────────────────────────────────────────────────────────────────────
  VDW rebuild: max drift 2.16 Å > threshold 1.00 Å

Building VDW (non-bonded) restraints...
  Symmetry expansion: 19 valid (symop, offset) combos
  Grid: [7, 14, 16], 1188/1568 cells occupied, max 210 entries/cell
  Built 160861 VDW restraints, 7046 symmetry contacts

────────────────────────────────────────────────────────────────────
  ADP Refinement
────────────────────────────────────────────────────────────────────

  adp (weight: 0.0200)
  ────────────────────────────────────────────────────────────────
    Metric                       Before      After     Change
    locality                    18534.6    18651.8  +117.2559
    scaler_U                     4276.1     4276.1     0.0000
    scaler_log_scale            50871.9    50871.9     0.0000
    sigd                         3673.9     3658.3   -15.6082
    simu                        14773.5    14752.6   -20.8379

  geometry (weight: 0.2000)
  ────────────────────────────────────────────────────────────────
    Metric                       Before      After     Change
    angle                      -20921.7   -20921.7     0.0000
    bond                       -15739.4   -15739.4     0.0000
    chiral                    -231.8736  -231.8736     0.0000
    nonbonded                  -42234.8   -42234.8     0.0000
    planarity                   -9839.1    -9839.1     0.0000
    torsion                      8280.2     8280.2     0.0000

  other (weight: 1.0000)
  ────────────────────────────────────────────────────────────────
    Metric                       Before      After     Change
    xray                        50622.2    50621.1    -1.1289

  Group Totals
  ────────────────────────────────────────────────────────────────
    Group                        Before      After     Change
    adp                          1842.6     1844.2    +1.6162
    geometry                   -16137.3   -16137.3     0.0000
    xray                        50622.2    50621.1    -1.1289
────────────────────────────────────────────────────────────────────

============================================================
LBFGS Refinement - Cycle 7/10
============================================================
Refining scales with LBFGS...
Scale refinement complete. rwork: 0.3481, rfree: 0.3726

Final Scale Parameters: 
  c_iso: tensor([-2.1543,  0.9456, -0.1880,  0.2134, -0.1507,  0.1768])
  U: tensor([ 0.6348,  0.3623,  0.3267, -0.0370, -0.0366,  0.0402])
  solvent.log_k_solvent: -1.0118978023529053
  solvent.log_ss_half: -4.050249099731445
  solvent.log_n_exp: 1.6156566143035889
  solvent.phase_offset: -0.05776892974972725
After scaling: Rwork=0.3481, Rfree=0.3726
  VDW rebuild: max drift 2.19 Å > threshold 1.00 Å

Building VDW (non-bonded) restraints...
  Symmetry expansion: 19 valid (symop, offset) combos
  Grid: [7, 14, 16], 1188/1568 cells occupied, max 210 entries/cell
  Built 160861 VDW restraints, 7046 symmetry contacts

────────────────────────────────────────────────────────────────────
  XYZ Refinement
────────────────────────────────────────────────────────────────────

  adp (weight: 0.0200)
  ────────────────────────────────────────────────────────────────
    Metric                       Before      After     Change
    locality                    18651.8    18651.8     0.0000
    scaler_U                     4684.2     4684.2     0.0000
    scaler_log_scale            57501.2    57501.2     0.0000
    sigd                         3658.3     3658.3     0.0000
    simu                        14752.6    14752.6     0.0000

  geometry (weight: 0.2000)
  ────────────────────────────────────────────────────────────────
    Metric                       Before      After     Change
    angle                      -20921.7   -20978.2   -56.5684
    bond                       -15739.4   -15781.1   -41.7217
    chiral                    -231.8736  -231.8514    +0.0222
    nonbonded                  -42234.8   -42216.9   +17.8398
    planarity                   -9839.1    -9837.3    +1.8154
    torsion                      8280.2     8285.4    +5.2012

  other (weight: 1.0000)
  ────────────────────────────────────────────────────────────────
    Metric                       Before      After     Change
    xray                        50632.0    50429.7  -202.3516

  Group Totals
  ────────────────────────────────────────────────────────────────
    Group                        Before      After     Change
    adp                          1985.0     1985.0     0.0000
    geometry                   -16137.3   -16152.0   -14.6829
    xray                        50632.0    50429.7  -202.3516
────────────────────────────────────────────────────────────────────
  VDW rebuild: max drift 2.19 Å > threshold 1.00 Å

Building VDW (non-bonded) restraints...
  Symmetry expansion: 19 valid (symop, offset) combos
  Grid: [7, 14, 16], 1188/1568 cells occupied, max 210 entries/cell
  Built 160861 VDW restraints, 7046 symmetry contacts

────────────────────────────────────────────────────────────────────
  ADP Refinement
────────────────────────────────────────────────────────────────────

  adp (weight: 0.0200)
  ────────────────────────────────────────────────────────────────
    Metric                       Before      After     Change
    locality                    18662.6    19105.6  +442.9609
    scaler_U                     4684.2     4684.2     0.0000
    scaler_log_scale            57501.2    57501.2     0.0000
    sigd                         3658.3     3655.0    -3.3555
    simu                        14752.6    14932.0  +179.3867

  geometry (weight: 0.2000)
  ────────────────────────────────────────────────────────────────
    Metric                       Before      After     Change
    angle                      -20978.2   -20978.2     0.0000
    bond                       -15781.1   -15781.1     0.0000
    chiral                    -231.8514  -231.8514     0.0000
    nonbonded                  -42216.9   -42216.9     0.0000
    planarity                   -9837.3    -9837.3     0.0000
    torsion                      8285.4     8285.4     0.0000

  other (weight: 1.0000)
  ────────────────────────────────────────────────────────────────
    Metric                       Before      After     Change
    xray                        50429.7    50400.5   -29.1992

  Group Totals
  ────────────────────────────────────────────────────────────────
    Group                        Before      After     Change
    adp                          1985.2     1997.6   +12.3798
    geometry                   -16152.0   -16152.0     0.0000
    xray                        50429.7    50400.5   -29.1992
────────────────────────────────────────────────────────────────────

============================================================
LBFGS Refinement - Cycle 8/10
============================================================
Refining scales with LBFGS...
Scale refinement complete. rwork: 0.3429, rfree: 0.3693

Final Scale Parameters: 
  c_iso: tensor([-2.0955,  1.0902, -0.1993,  0.2390, -0.1647,  0.1862])
  U: tensor([ 0.6902,  0.4185,  0.3813, -0.0378, -0.0326,  0.0421])
  solvent.log_k_solvent: -1.036746621131897
  solvent.log_ss_half: -4.085373878479004
  solvent.log_n_exp: 1.5661966800689697
  solvent.phase_offset: -0.06488080322742462
After scaling: Rwork=0.3429, Rfree=0.3693
  VDW rebuild: max drift 2.30 Å > threshold 1.00 Å

Building VDW (non-bonded) restraints...
  Symmetry expansion: 19 valid (symop, offset) combos
  Grid: [7, 14, 16], 1188/1568 cells occupied, max 210 entries/cell
  Built 160861 VDW restraints, 7046 symmetry contacts

────────────────────────────────────────────────────────────────────
  XYZ Refinement
────────────────────────────────────────────────────────────────────

  adp (weight: 0.0200)
  ────────────────────────────────────────────────────────────────
    Metric                       Before      After     Change
    locality                    19105.6    19105.6     0.0000
    scaler_U                     5933.9     5933.9     0.0000
    scaler_log_scale            81248.1    81248.1     0.0000
    sigd                         3655.0     3655.0     0.0000
    simu                        14932.0    14932.0     0.0000

  geometry (weight: 0.2000)
  ────────────────────────────────────────────────────────────────
    Metric                       Before      After     Change
    angle                      -20978.2   -20869.7  +108.5527
    bond                       -15781.1   -15723.5   +57.5957
    chiral                    -231.8514  -230.9993    +0.8521
    nonbonded                  -42216.9   -42189.1   +27.8242
    planarity                   -9837.3    -9830.8    +6.5703
    torsion                      8285.4     8296.6   +11.2754

  other (weight: 1.0000)
  ────────────────────────────────────────────────────────────────
    Metric                       Before      After     Change
    xray                        50420.2    50196.1  -224.0859

  Group Totals
  ────────────────────────────────────────────────────────────────
    Group                        Before      After     Change
    adp                          2497.5     2497.5     0.0000
    geometry                   -16152.0   -16109.5   +42.5346
    xray                        50420.2    50196.1  -224.0859
────────────────────────────────────────────────────────────────────
  VDW rebuild: max drift 2.30 Å > threshold 1.00 Å

Building VDW (non-bonded) restraints...
  Symmetry expansion: 19 valid (symop, offset) combos
  Grid: [7, 14, 16], 1188/1568 cells occupied, max 210 entries/cell
  Built 160861 VDW restraints, 7046 symmetry contacts

────────────────────────────────────────────────────────────────────
  ADP Refinement
────────────────────────────────────────────────────────────────────

  adp (weight: 0.0200)
  ────────────────────────────────────────────────────────────────
    Metric                       Before      After     Change
    locality                    19078.1    18788.4  -289.6738
    scaler_U                     5933.9     5933.9     0.0000
    scaler_log_scale            81248.1    81248.1     0.0000
    sigd                         3655.0     3629.5   -25.4429
    simu                        14932.0    14764.0  -168.0391

  geometry (weight: 0.2000)
  ────────────────────────────────────────────────────────────────
    Metric                       Before      After     Change
    angle                      -20869.7   -20869.7     0.0000
    bond                       -15723.5   -15723.5     0.0000
    chiral                    -230.9993  -230.9993     0.0000
    nonbonded                  -42189.1   -42189.1     0.0000
    planarity                   -9830.8    -9830.8     0.0000
    torsion                      8296.6     8296.6     0.0000

  other (weight: 1.0000)
  ────────────────────────────────────────────────────────────────
    Metric                       Before      After     Change
    xray                        50196.1    50201.5    +5.4453

  Group Totals
  ────────────────────────────────────────────────────────────────
    Group                        Before      After     Change
    adp                          2496.9     2487.3    -9.6631
    geometry                   -16109.5   -16109.5     0.0000
    xray                        50196.1    50201.5    +5.4453
────────────────────────────────────────────────────────────────────

============================================================
LBFGS Refinement - Cycle 9/10
============================================================
Refining scales with LBFGS...
Scale refinement complete. rwork: 0.3360, rfree: 0.3637

Final Scale Parameters: 
  c_iso: tensor([-2.0963,  1.1171, -0.2110,  0.2500, -0.1697,  0.1904])
  U: tensor([ 0.6941,  0.4257,  0.3850, -0.0374, -0.0284,  0.0444])
  solvent.log_k_solvent: -1.0474451780319214
  solvent.log_ss_half: -4.086670398712158
  solvent.log_n_exp: 1.5956281423568726
  solvent.phase_offset: -0.06259068846702576
After scaling: Rwork=0.3360, Rfree=0.3637
  VDW rebuild: max drift 2.20 Å > threshold 1.00 Å

Building VDW (non-bonded) restraints...
  Symmetry expansion: 19 valid (symop, offset) combos
  Grid: [7, 14, 16], 1188/1568 cells occupied, max 210 entries/cell
  Built 160861 VDW restraints, 7046 symmetry contacts

────────────────────────────────────────────────────────────────────
  XYZ Refinement
────────────────────────────────────────────────────────────────────

  adp (weight: 0.0200)
  ────────────────────────────────────────────────────────────────
    Metric                       Before      After     Change
    locality                    18788.4    18788.4     0.0000
    scaler_U                     6051.7     6051.7     0.0000
    scaler_log_scale            83611.2    83611.2     0.0000
    sigd                         3629.5     3629.5     0.0000
    simu                        14764.0    14764.0     0.0000

  geometry (weight: 0.2000)
  ────────────────────────────────────────────────────────────────
    Metric                       Before      After     Change
    angle                      -20869.7   -20978.7  -109.0176
    bond                       -15723.5   -15783.9   -60.3623
    chiral                    -230.9993  -231.6251    -0.6259
    nonbonded                  -42189.1   -42183.5    +5.6367
    planarity                   -9830.8    -9851.5   -20.7109
    torsion                      8296.6     8299.1    +2.4922

  other (weight: 1.0000)
  ────────────────────────────────────────────────────────────────
    Metric                       Before      After     Change
    xray                        50222.1    50070.4  -151.7891

  Group Totals
  ────────────────────────────────────────────────────────────────
    Group                        Before      After     Change
    adp                          2536.9     2536.9     0.0000
    geometry                   -16109.5   -16146.0   -36.5177
    xray                        50222.1    50070.4  -151.7891
────────────────────────────────────────────────────────────────────
  VDW rebuild: max drift 2.20 Å > threshold 1.00 Å

Building VDW (non-bonded) restraints...
  Symmetry expansion: 19 valid (symop, offset) combos
  Grid: [7, 14, 16], 1188/1568 cells occupied, max 210 entries/cell
  Built 160861 VDW restraints, 7046 symmetry contacts

────────────────────────────────────────────────────────────────────
  ADP Refinement
────────────────────────────────────────────────────────────────────

  adp (weight: 0.0200)
  ────────────────────────────────────────────────────────────────
    Metric                       Before      After     Change
    locality                    18798.6    18898.1   +99.4375
    scaler_U                     6051.7     6051.7     0.0000
    scaler_log_scale            83611.2    83611.2     0.0000
    sigd                         3629.5     3623.8    -5.7314
    simu                        14764.0    14772.3    +8.3643

  geometry (weight: 0.2000)
  ────────────────────────────────────────────────────────────────
    Metric                       Before      After     Change
    angle                      -20978.7   -20978.7     0.0000
    bond                       -15783.9   -15783.9     0.0000
    chiral                    -231.6251  -231.6251     0.0000
    nonbonded                  -42183.5   -42183.5     0.0000
    planarity                   -9851.5    -9851.5     0.0000
    torsion                      8299.1     8299.1     0.0000

  other (weight: 1.0000)
  ────────────────────────────────────────────────────────────────
    Metric                       Before      After     Change
    xray                        50070.4    50061.7    -8.6992

  Group Totals
  ────────────────────────────────────────────────────────────────
    Group                        Before      After     Change
    adp                          2537.1     2539.1    +2.0414
    geometry                   -16146.0   -16146.0     0.0000
    xray                        50070.4    50061.7    -8.6992
────────────────────────────────────────────────────────────────────

============================================================
LBFGS Refinement - Cycle 10/10
============================================================
Refining scales with LBFGS...
Scale refinement complete. rwork: 0.3334, rfree: 0.3624

Final Scale Parameters: 
  c_iso: tensor([-2.1018,  1.1246, -0.2170,  0.2556, -0.1725,  0.1933])
  U: tensor([ 0.6917,  0.4246,  0.3825, -0.0373, -0.0252,  0.0461])
  solvent.log_k_solvent: -1.0499351024627686
  solvent.log_ss_half: -4.100042819976807
  solvent.log_n_exp: 1.6006271839141846
  solvent.phase_offset: -0.07143917679786682
After scaling: Rwork=0.3334, Rfree=0.3624
  VDW rebuild: max drift 2.30 Å > threshold 1.00 Å

Building VDW (non-bonded) restraints...
  Symmetry expansion: 19 valid (symop, offset) combos
  Grid: [7, 14, 16], 1188/1568 cells occupied, max 210 entries/cell
  Built 160861 VDW restraints, 7046 symmetry contacts

────────────────────────────────────────────────────────────────────
  XYZ Refinement
────────────────────────────────────────────────────────────────────

  adp (weight: 0.0200)
  ────────────────────────────────────────────────────────────────
    Metric                       Before      After     Change
    locality                    18898.1    18898.1     0.0000
    scaler_U                     6004.1     6004.1     0.0000
    scaler_log_scale            83551.0    83551.0     0.0000
    sigd                         3623.8     3623.8     0.0000
    simu                        14772.3    14772.3     0.0000

  geometry (weight: 0.2000)
  ────────────────────────────────────────────────────────────────
    Metric                       Before      After     Change
    angle                      -20978.7   -20869.3  +109.3750
    bond                       -15783.9   -15745.4   +38.5420
    chiral                    -231.6251  -230.6879    +0.9373
    nonbonded                  -42183.5   -42162.4   +21.1055
    planarity                   -9851.5    -9832.6   +18.9150
    torsion                      8299.1     8310.4   +11.2373

  other (weight: 1.0000)
  ────────────────────────────────────────────────────────────────
    Metric                       Before      After     Change
    xray                        50077.2    49882.4  -194.7891

  Group Totals
  ────────────────────────────────────────────────────────────────
    Group                        Before      After     Change
    adp                          2537.0     2537.0     0.0000
    geometry                   -16146.0   -16106.0   +40.0230
    xray                        50077.2    49882.4  -194.7891
────────────────────────────────────────────────────────────────────
  VDW rebuild: max drift 2.30 Å > threshold 1.00 Å

Building VDW (non-bonded) restraints...
  Symmetry expansion: 19 valid (symop, offset) combos
  Grid: [7, 14, 16], 1188/1568 cells occupied, max 210 entries/cell
  Built 160861 VDW restraints, 7046 symmetry contacts

────────────────────────────────────────────────────────────────────
  ADP Refinement
────────────────────────────────────────────────────────────────────

  adp (weight: 0.0200)
  ────────────────────────────────────────────────────────────────
    Metric                       Before      After     Change
    locality                    18877.2    18485.6  -391.5859
    scaler_U                     6004.1     6004.1     0.0000
    scaler_log_scale            83551.0    83551.0     0.0000
    sigd                         3623.8     3599.2   -24.5542
    simu                        14772.3    14545.2  -227.1074

  geometry (weight: 0.2000)
  ────────────────────────────────────────────────────────────────
    Metric                       Before      After     Change
    angle                      -20869.3   -20869.3     0.0000
    bond                       -15745.4   -15745.4     0.0000
    chiral                    -230.6879  -230.6879     0.0000
    nonbonded                  -42162.4   -42162.4     0.0000
    planarity                   -9832.6    -9832.6     0.0000
    torsion                      8310.4     8310.4     0.0000

  other (weight: 1.0000)
  ────────────────────────────────────────────────────────────────
    Metric                       Before      After     Change
    xray                        49882.4    49891.7    +9.3672

  Group Totals
  ────────────────────────────────────────────────────────────────
    Group                        Before      After     Change
    adp                          2536.6     2523.7   -12.8650
    geometry                   -16106.0   -16106.0     0.0000
    xray                        49882.4    49891.7    +9.3672
────────────────────────────────────────────────────────────────────
Calculating initial scale factors using 10 bins.
Refining scales with LBFGS...
Scale refinement complete. rwork: 0.3283, rfree: 0.3591

Final Scale Parameters: 
  c_iso: tensor([-2.0677,  1.1774, -0.2106,  0.2600, -0.1745,  0.1960])
  U: tensor([ 0.7207,  0.4542,  0.4097, -0.0393, -0.0246,  0.0477])
  solvent.log_k_solvent: -1.0564736127853394
  solvent.log_ss_half: -4.12277889251709
  solvent.log_n_exp: 1.5341565608978271
  solvent.phase_offset: -0.07008612155914307

Refinement completed successfully.

Saving results to /das/work/units/LBR-FEL/p17490/Peter/Library/work_trees_torchref/alignement/alignment_lab/benchmarks/af_mr/runs/dmin3.0/3T0Q/refine_phaser_mr...
  Refined structure (PDB): /das/work/units/LBR-FEL/p17490/Peter/Library/work_trees_torchref/alignement/alignment_lab/benchmarks/af_mr/runs/dmin3.0/3T0Q/refine_phaser_mr/refined.pdb
  Refined structure (mmCIF): /das/work/units/LBR-FEL/p17490/Peter/Library/work_trees_torchref/alignement/alignment_lab/benchmarks/af_mr/runs/dmin3.0/3T0Q/refine_phaser_mr/refined.cif
Added map coefficients:
  2Fo-Fc: FWT, PHWT
  Fo-Fc: DELFWT, PHDELWT
  Resolution range: 2.34 - 43.41 Å
✓ Wrote MTZ file: /das/work/units/LBR-FEL/p17490/Peter/Library/work_trees_torchref/alignement/alignment_lab/benchmarks/af_mr/runs/dmin3.0/3T0Q/refine_phaser_mr/refined.mtz
  Reflections: 16036
  Columns: H, K, L, F-obs, SIGF-obs, R-free-flags, FWT, PHWT, DELFWT, PHDELWT, F-model, PH-model
  Refined structure factors: /das/work/units/LBR-FEL/p17490/Peter/Library/work_trees_torchref/alignement/alignment_lab/benchmarks/af_mr/runs/dmin3.0/3T0Q/refine_phaser_mr/refined.mtz
  Refinement history: /das/work/units/LBR-FEL/p17490/Peter/Library/work_trees_torchref/alignement/alignment_lab/benchmarks/af_mr/runs/dmin3.0/3T0Q/refine_phaser_mr/refinement_history.json

================================================================================
Refinement Summary
================================================================================
R-work:  0.3283 (15716 reflections)
R-free:  0.3591 (320 reflections)
NLL work: 49918.43
NLL test: 1050.45
================================================================================

Output files:
  - /das/work/units/LBR-FEL/p17490/Peter/Library/work_trees_torchref/alignement/alignment_lab/benchmarks/af_mr/runs/dmin3.0/3T0Q/refine_phaser_mr/refined.pdb
  - /das/work/units/LBR-FEL/p17490/Peter/Library/work_trees_torchref/alignement/alignment_lab/benchmarks/af_mr/runs/dmin3.0/3T0Q/refine_phaser_mr/refined.cif
  - /das/work/units/LBR-FEL/p17490/Peter/Library/work_trees_torchref/alignement/alignment_lab/benchmarks/af_mr/runs/dmin3.0/3T0Q/refine_phaser_mr/refined.mtz
  - /das/work/units/LBR-FEL/p17490/Peter/Library/work_trees_torchref/alignement/alignment_lab/benchmarks/af_mr/runs/dmin3.0/3T0Q/refine_phaser_mr/refinement_history.json

Refinement completed successfully!

Timing: 482.1s wall, 209.9s CPU
