/das/work/units/LBR-FEL/p17490/Peter/Library/work_trees_torchref/alignement/torchref/cli/refine.py:21: UserWarning: TorchRef using user-specified 8 threads from TORCHREF_NUM_THREADS.
  from torchref.cli._common import (
================================================================================
TorchRef LBFGS Refinement
================================================================================
Model:             /das/work/units/LBR-FEL/p17490/Peter/Library/work_trees_torchref/dev/paper/figure2_alphafold_start/placed/1J5W_af.pdb
Structure factor:  /das/work/units/LBR-FEL/p17490/Peter/Library/work_trees_torchref/dev/paper/data/1J5W/1J5W.mtz
Output directory:  /das/work/units/LBR-FEL/p17490/Peter/Library/work_trees_torchref/alignement/alignment_lab/benchmarks/af_mr/runs/dmin4.0/1J5W/refine_phaser_mr
Refinement mode:   separate
X-ray target:      ml
Refinement cycles: 10
Rigid-body step:   on (iterations/cutoff = 30)
Device:            auto
ADP mode:          isotropic
Wavelength:        1 A
Manual weights:    {"adp": 0.02}
================================================================================

Initializing refinement...
found non-finite F values (NaN/Inf):  0
found non-finite F_sigma values (NaN/Inf):  0
Wilson outlier rejection: 0/50556 (0.0000%) of tested reflections flagged (0 too strong, 0 too weak)
Loaded 4534 atoms
Building restraints...
Found 109 link definitions

Building VDW (non-bonded) restraints...
  Symmetry expansion: 15 valid (symop, offset) combos
  Grid: [10, 11, 23], 1938/2530 cells occupied, max 110 entries/cell
  Built 81091 VDW restraints, 2842 symmetry contacts
  Hydrogen topology: 4338 riding H atoms
  H candidate pairs: 188940 (46736 H-H, 142204 H-heavy, 5980 symmetry)
================================================================================
Restraints Summary
================================================================================
CIF file: None
Residue types in dictionary: 19

INTRA-RESIDUE RESTRAINTS:
--------------------------------------------------------------------------------
  Bonds: 4120
  Angles: 4678
  Torsions: 1164
  Planes: 946
  Chirals: 644

INTER-RESIDUE RESTRAINTS:
--------------------------------------------------------------------------------
  Peptide bonds: 530
  Peptide angles: 1612
  Disulfide bonds: 0
  Disulfide angles: 0
  Disulfide torsions: 0
  LINK bonds: 0

BACKBONE TORSIONS:
--------------------------------------------------------------------------------
  Phi: 530
  Psi: 530
  Omega: 530
  Ramachandran: 516

VDW RESTRAINTS:
--------------------------------------------------------------------------------
  Non-bonded contacts: 81091 (78249 intra-ASU, 2842 symmetry)
================================================================================
Generated 4346 hydrogens
ADP representation: isotropic, 8880 parameters, 6.2 work reflections each
Initialized ScalerBase with 10 bins.
Building restraints...

Building VDW (non-bonded) restraints...
  Symmetry expansion: 15 valid (symop, offset) combos
  Grid: [10, 11, 23], 2032/2530 cells occupied, max 179 entries/cell
  Built 329725 VDW restraints, 13034 symmetry contacts
================================================================================
Restraints Summary
================================================================================
CIF file: None
Residue types in dictionary: 19

INTRA-RESIDUE RESTRAINTS:
--------------------------------------------------------------------------------
  Bonds: 8466
  Angles: 13986
  Torsions: 1710
  Planes: 1576
  Chirals: 644

INTER-RESIDUE RESTRAINTS:
--------------------------------------------------------------------------------
  Peptide bonds: 530
  Peptide angles: 2120
  Disulfide bonds: 0
  Disulfide angles: 0
  Disulfide torsions: 0
  LINK bonds: 0

BACKBONE TORSIONS:
--------------------------------------------------------------------------------
  Phi: 530
  Psi: 530
  Omega: 530
  Ramachandran: 516

VDW RESTRAINTS:
--------------------------------------------------------------------------------
  Non-bonded contacts: 329725 (316691 intra-ASU, 13034 symmetry)
================================================================================
Initializing TotalGeometryTarget with component targets...
Initializing TotalADPTarget with component targets: simu, locality, sigd
Parametrization built for 5 unique atom types
SfFFT: Using late symmetry (reciprocal space)
Calculating initial scale factors using 10 bins.
Refining scales with LBFGS...
Scale refinement complete. rwork: 0.4065, rfree: 0.4130

Final Scale Parameters: 
  c_iso: tensor([ 0.6622,  0.8908,  0.3191, -0.0646,  0.0472, -0.0201])
  U: tensor([ 0.5218,  0.3020,  0.3814,  0.0073, -0.0216, -0.0117])
  solvent.log_k_solvent: -0.8772627711296082
  solvent.log_ss_half: -3.9564151763916016
  solvent.log_n_exp: 1.473515510559082
  solvent.phase_offset: 0.015672599896788597
Initialized targets with xray_mode='ml'
Applied manual group weights: {'xray': 1.0, 'geometry': 0.2, 'geometry/ramachandran': 0.0, 'adp': 0.02, 'adp/sigd': 1.0, 'adp/node_load': 10.0, 'adp/node_smoothness': 0.0}
Refinement initialized successfully.

Starting refinement with 10 macro cycles...

Rigid-body step enabled: one multi-resolution rigid-body pass will run once at the start of refinement.


--- Rigid-body step (once, at start) ---
Switched to rigid-body parametrization: RigidXYZTensor(n_atoms=8880, n_chains=2) (2 chain(s))
Filtering: 1649/56032 reflections in range [inf - 6.0] Å (1649 valid after all masks)
Initialized ScalerBase with 10 bins.
Calculating initial scale factors using 10 bins.
Calculating initial scale factors using 10 bins.
Refining scales with LBFGS...
Scale refinement complete. rwork: 0.3299, rfree: 0.4162

Final Scale Parameters: 
  c_iso: tensor([-0.0795, -0.1226, -0.2942,  0.1459,  0.3443,  0.2839])
  U: tensor([ 0.7062,  0.4194,  0.3240, -0.0776,  0.0300, -0.0036])
  solvent.log_k_solvent: -0.9194249510765076
  solvent.log_ss_half: -3.8335704803466797
  solvent.log_n_exp: 1.7347941398620605
  solvent.phase_offset: 0.05216442793607712
  rigid-body d_min=6.00 (lbfgs, iters=30): Rwork=0.3476 Rfree=0.4285
Filtering: 9767/56032 reflections in range [inf - 3.2863356279699913] Å (9767 valid after all masks)
Initialized ScalerBase with 10 bins.
Calculating initial scale factors using 10 bins.
Calculating initial scale factors using 10 bins.
Refining scales with LBFGS...
Scale refinement complete. rwork: 0.3593, rfree: 0.3543

Final Scale Parameters: 
  c_iso: tensor([ 0.2245,  0.1771, -0.2738, -0.1782,  0.0643,  0.0947])
  U: tensor([ 0.6472,  0.4081,  0.4529, -0.0164, -0.0214, -0.0174])
  solvent.log_k_solvent: -0.9019397497177124
  solvent.log_ss_half: -4.004894256591797
  solvent.log_n_exp: 1.3273472785949707
  solvent.phase_offset: 0.03800036013126373
  rigid-body d_min=3.29 (lbfgs, iters=30): Rwork=0.3584 Rfree=0.3683
Filtering: 56032/56032 reflections in range [inf - 1.8000003099441528] Å (56032 valid after all masks)
Initialized ScalerBase with 10 bins.
Calculating initial scale factors using 10 bins.
Calculating initial scale factors using 10 bins.
Refining scales with LBFGS...
Scale refinement complete. rwork: 0.4070, rfree: 0.4107

Final Scale Parameters: 
  c_iso: tensor([ 0.7056,  0.9497,  0.3294, -0.0627,  0.0452, -0.0195])
  U: tensor([ 0.5429,  0.3207,  0.4009,  0.0062, -0.0224, -0.0116])
  solvent.log_k_solvent: -0.881571352481842
  solvent.log_ss_half: -3.9543745517730713
  solvent.log_n_exp: 1.4680300951004028
  solvent.phase_offset: 0.017688916996121407
  rigid-body d_min=1.80 (lbfgs, iters=30): Rwork=0.4225 Rfree=0.4308
Initialized ScalerBase with 10 bins.
Calculating initial scale factors using 10 bins.
Calculating initial scale factors using 10 bins.
Refining scales with LBFGS...
Scale refinement complete. rwork: 0.4066, rfree: 0.4142

Final Scale Parameters: 
  c_iso: tensor([ 0.6980,  0.9424,  0.3266, -0.0615,  0.0453, -0.0187])
  U: tensor([ 0.5387,  0.3177,  0.3978,  0.0068, -0.0219, -0.0119])
  solvent.log_k_solvent: -0.8817717432975769
  solvent.log_ss_half: -3.960907220840454
  solvent.log_n_exp: 1.454193115234375
  solvent.phase_offset: 0.01746227778494358
Initialized ScalerBase with 10 bins.
Calculating initial scale factors using 10 bins.
Calculating initial scale factors using 10 bins.
Refining scales with LBFGS...
Scale refinement complete. rwork: 0.4066, rfree: 0.4142

Final Scale Parameters: 
  c_iso: tensor([ 0.6935,  0.9365,  0.3251, -0.0618,  0.0451, -0.0188])
  U: tensor([ 0.5367,  0.3158,  0.3959,  0.0067, -0.0218, -0.0119])
  solvent.log_k_solvent: -0.8815897107124329
  solvent.log_ss_half: -3.959404706954956
  solvent.log_n_exp: 1.4607576131820679
  solvent.phase_offset: 0.01758025586605072

============================================================
LBFGS Refinement - Cycle 1/10
============================================================
Refining scales with LBFGS...
Scale refinement complete. rwork: 0.4066, rfree: 0.4142

Final Scale Parameters: 
  c_iso: tensor([ 0.6664,  0.9020,  0.3179, -0.0618,  0.0456, -0.0187])
  U: tensor([ 0.5257,  0.3042,  0.3844,  0.0067, -0.0220, -0.0116])
  solvent.log_k_solvent: -0.8799170851707458
  solvent.log_ss_half: -3.9527385234832764
  solvent.log_n_exp: 1.4787919521331787
  solvent.phase_offset: 0.017151841893792152
After scaling: Rwork=0.4066, Rfree=0.4142
  VDW rebuild: max drift 2.31 Å > threshold 1.00 Å

Building VDW (non-bonded) restraints...
  Symmetry expansion: 15 valid (symop, offset) combos
  Grid: [10, 11, 23], 2032/2530 cells occupied, max 179 entries/cell
  Built 329725 VDW restraints, 13034 symmetry contacts

────────────────────────────────────────────────────────────────────
  XYZ Refinement
────────────────────────────────────────────────────────────────────

  adp (weight: 0.0200)
  ────────────────────────────────────────────────────────────────
    Metric                       Before      After     Change
    locality                   523.1553   523.1553     0.0000
    scaler_U                    13771.2    13771.2     0.0000
    scaler_log_scale           240481.9   240481.9     0.0000
    sigd                         5740.5     5740.5     0.0000
    simu                        14524.8    14524.8     0.0000

  geometry (weight: 0.2000)
  ────────────────────────────────────────────────────────────────
    Metric                       Before      After     Change
    angle                      -36644.8   -38433.5    -1788.7
    bond                       -27515.6   -29747.3    -2231.8
    chiral                    -352.0164  -406.1562   -54.1399
    nonbonded                  -48084.4   -85007.9   -36923.6
    planarity                  -18679.6   -19449.9  -770.3125
    torsion                     13352.3    13396.6   +44.3096

  other (weight: 1.0000)
  ────────────────────────────────────────────────────────────────
    Metric                       Before      After     Change
    xray                       292038.6   288221.2    -3817.4

  Group Totals
  ────────────────────────────────────────────────────────────────
    Group                        Before      After     Change
    adp                          5500.8     5500.8     0.0000
    geometry                   -23584.8   -31929.6    -8344.8
    xray                       292038.6   288221.2    -3817.4
────────────────────────────────────────────────────────────────────
  VDW rebuild: max drift 2.31 Å > threshold 1.00 Å

Building VDW (non-bonded) restraints...
  Symmetry expansion: 15 valid (symop, offset) combos
  Grid: [10, 11, 23], 2032/2530 cells occupied, max 179 entries/cell
  Built 329725 VDW restraints, 13034 symmetry contacts

────────────────────────────────────────────────────────────────────
  ADP Refinement
────────────────────────────────────────────────────────────────────

  adp (weight: 0.0200)
  ────────────────────────────────────────────────────────────────
    Metric                       Before      After     Change
    locality                   503.9853    23657.5   +23153.5
    scaler_U                    13771.2    13771.2     0.0000
    scaler_log_scale           240481.9   240481.9     0.0000
    sigd                         5740.5     6020.0  +279.5205
    simu                        14524.8    26749.2   +12224.4

  geometry (weight: 0.2000)
  ────────────────────────────────────────────────────────────────
    Metric                       Before      After     Change
    angle                      -38433.5   -38433.5     0.0000
    bond                       -29747.3   -29747.3     0.0000
    chiral                    -406.1562  -406.1562     0.0000
    nonbonded                  -85007.9   -85007.9     0.0000
    planarity                  -19449.9   -19449.9     0.0000
    torsion                     13396.6    13396.6     0.0000

  other (weight: 1.0000)
  ────────────────────────────────────────────────────────────────
    Metric                       Before      After     Change
    xray                       288221.2   282935.4    -5285.8

  Group Totals
  ────────────────────────────────────────────────────────────────
    Group                        Before      After     Change
    adp                          5500.4     6213.6  +713.1479
    geometry                   -31929.6   -31929.6     0.0000
    xray                       288221.2   282935.4    -5285.8
────────────────────────────────────────────────────────────────────

============================================================
LBFGS Refinement - Cycle 2/10
============================================================
Refining scales with LBFGS...
Scale refinement complete. rwork: 0.3283, rfree: 0.3564

Final Scale Parameters: 
  c_iso: tensor([ 0.4128,  0.5646,  0.1766, -0.0920,  0.0648, -0.0213])
  U: tensor([ 0.4175,  0.1858,  0.2603,  0.0008, -0.0216,  0.0042])
  solvent.log_k_solvent: -0.8945396542549133
  solvent.log_ss_half: -3.9757747650146484
  solvent.log_n_exp: 1.439370036125183
  solvent.phase_offset: -0.0450592003762722
After scaling: Rwork=0.3283, Rfree=0.3564
  VDW rebuild: max drift 2.12 Å > threshold 1.00 Å

Building VDW (non-bonded) restraints...
  Symmetry expansion: 15 valid (symop, offset) combos
  Grid: [10, 11, 23], 2032/2530 cells occupied, max 179 entries/cell
  Built 329725 VDW restraints, 13034 symmetry contacts

────────────────────────────────────────────────────────────────────
  XYZ Refinement
────────────────────────────────────────────────────────────────────

  adp (weight: 0.0200)
  ────────────────────────────────────────────────────────────────
    Metric                       Before      After     Change
    locality                    23657.5    23657.5     0.0000
    scaler_U                     6965.5     6965.5     0.0000
    scaler_log_scale            84283.7    84283.7     0.0000
    sigd                         6020.0     6020.0     0.0000
    simu                        26749.2    26749.2     0.0000

  geometry (weight: 0.2000)
  ────────────────────────────────────────────────────────────────
    Metric                       Before      After     Change
    angle                      -38433.5   -39203.0  -769.5312
    bond                       -29747.3   -29940.7  -193.3359
    chiral                    -406.1562  -400.9144    +5.2418
    nonbonded                  -85007.9   -85108.8  -100.8672
    planarity                  -19449.9   -19659.2  -209.2832
    torsion                     13396.6    13385.4   -11.2080

  other (weight: 1.0000)
  ────────────────────────────────────────────────────────────────
    Metric                       Before      After     Change
    xray                       283472.4   278656.9    -4815.5

  Group Totals
  ────────────────────────────────────────────────────────────────
    Group                        Before      After     Change
    adp                          2953.5     2953.5     0.0000
    geometry                   -31929.6   -32185.4  -255.7968
    xray                       283472.4   278656.9    -4815.5
────────────────────────────────────────────────────────────────────
  VDW rebuild: max drift 2.12 Å > threshold 1.00 Å

Building VDW (non-bonded) restraints...
  Symmetry expansion: 15 valid (symop, offset) combos
  Grid: [10, 11, 23], 2032/2530 cells occupied, max 179 entries/cell
  Built 329725 VDW restraints, 13034 symmetry contacts

────────────────────────────────────────────────────────────────────
  ADP Refinement
────────────────────────────────────────────────────────────────────

  adp (weight: 0.0200)
  ────────────────────────────────────────────────────────────────
    Metric                       Before      After     Change
    locality                    23639.0    31533.9    +7894.9
    scaler_U                     6965.5     6965.5     0.0000
    scaler_log_scale            84283.7    84283.7     0.0000
    sigd                         6020.0     6103.9   +83.9258
    simu                        26749.2    31695.4    +4946.2

  geometry (weight: 0.2000)
  ────────────────────────────────────────────────────────────────
    Metric                       Before      After     Change
    angle                      -39203.0   -39203.0     0.0000
    bond                       -29940.7   -29940.7     0.0000
    chiral                    -400.9144  -400.9144     0.0000
    nonbonded                  -85108.8   -85108.8     0.0000
    planarity                  -19659.2   -19659.2     0.0000
    torsion                     13385.4    13385.4     0.0000

  other (weight: 1.0000)
  ────────────────────────────────────────────────────────────────
    Metric                       Before      After     Change
    xray                       278656.9   277559.3    -1097.5

  Group Totals
  ────────────────────────────────────────────────────────────────
    Group                        Before      After     Change
    adp                          2953.1     3211.6  +258.4991
    geometry                   -32185.4   -32185.4     0.0000
    xray                       278656.9   277559.3    -1097.5
────────────────────────────────────────────────────────────────────

============================================================
LBFGS Refinement - Cycle 3/10
============================================================
Refining scales with LBFGS...
Scale refinement complete. rwork: 0.2895, rfree: 0.3267

Final Scale Parameters: 
  c_iso: tensor([ 0.2555,  0.3440,  0.1232, -0.1051,  0.0658, -0.0231])
  U: tensor([ 0.3476,  0.1109,  0.1858, -0.0027, -0.0230,  0.0054])
  solvent.log_k_solvent: -0.8925687670707703
  solvent.log_ss_half: -3.941450595855713
  solvent.log_n_exp: 1.490321159362793
  solvent.phase_offset: -0.04526118189096451
After scaling: Rwork=0.2895, Rfree=0.3267
  VDW rebuild: max drift 2.59 Å > threshold 1.00 Å

Building VDW (non-bonded) restraints...
  Symmetry expansion: 15 valid (symop, offset) combos
  Grid: [10, 11, 23], 2032/2530 cells occupied, max 179 entries/cell
  Built 329725 VDW restraints, 13034 symmetry contacts

────────────────────────────────────────────────────────────────────
  XYZ Refinement
────────────────────────────────────────────────────────────────────

  adp (weight: 0.0200)
  ────────────────────────────────────────────────────────────────
    Metric                       Before      After     Change
    locality                    31533.9    31533.9     0.0000
    scaler_U                     3876.4     3876.4     0.0000
    scaler_log_scale            32877.2    32877.2     0.0000
    sigd                         6103.9     6103.9     0.0000
    simu                        31695.4    31695.4     0.0000

  geometry (weight: 0.2000)
  ────────────────────────────────────────────────────────────────
    Metric                       Before      After     Change
    angle                      -39203.0   -39296.2   -93.2031
    bond                       -29940.7   -29959.1   -18.4883
    chiral                    -400.9144  -404.9956    -4.0812
    nonbonded                  -85108.8   -85419.5  -310.7500
    planarity                  -19659.2   -19667.8    -8.6523
    torsion                     13385.4    13407.5   +22.1104

  other (weight: 1.0000)
  ────────────────────────────────────────────────────────────────
    Metric                       Before      After     Change
    xray                       277609.9   276043.2    -1566.8

  Group Totals
  ────────────────────────────────────────────────────────────────
    Group                        Before      After     Change
    adp                          2121.7     2121.7     0.0000
    geometry                   -32185.4   -32268.0   -82.6134
    xray                       277609.9   276043.2    -1566.8
────────────────────────────────────────────────────────────────────
  VDW rebuild: max drift 2.59 Å > threshold 1.00 Å

Building VDW (non-bonded) restraints...
  Symmetry expansion: 15 valid (symop, offset) combos
  Grid: [10, 11, 23], 2032/2530 cells occupied, max 179 entries/cell
  Built 329725 VDW restraints, 13034 symmetry contacts

────────────────────────────────────────────────────────────────────
  ADP Refinement
────────────────────────────────────────────────────────────────────

  adp (weight: 0.0200)
  ────────────────────────────────────────────────────────────────
    Metric                       Before      After     Change
    locality                    31523.4    31988.1  +464.7109
    scaler_U                     3876.4     3876.4     0.0000
    scaler_log_scale            32877.2    32877.2     0.0000
    sigd                         6103.9     6092.2   -11.7046
    simu                        31695.4    32107.1  +411.7656

  geometry (weight: 0.2000)
  ────────────────────────────────────────────────────────────────
    Metric                       Before      After     Change
    angle                      -39296.2   -39296.2     0.0000
    bond                       -29959.1   -29959.1     0.0000
    chiral                    -404.9956  -404.9956     0.0000
    nonbonded                  -85419.5   -85419.5     0.0000
    planarity                  -19667.8   -19667.8     0.0000
    torsion                     13407.5    13407.5     0.0000

  other (weight: 1.0000)
  ────────────────────────────────────────────────────────────────
    Metric                       Before      After     Change
    xray                       276043.2   275794.5  -248.6562

  Group Totals
  ────────────────────────────────────────────────────────────────
    Group                        Before      After     Change
    adp                          2121.5     2138.8   +17.2955
    geometry                   -32268.0   -32268.0     0.0000
    xray                       276043.2   275794.5  -248.6562
────────────────────────────────────────────────────────────────────

============================================================
LBFGS Refinement - Cycle 4/10
============================================================
Refining scales with LBFGS...
Scale refinement complete. rwork: 0.2755, rfree: 0.3237

Final Scale Parameters: 
  c_iso: tensor([ 0.2399,  0.3323,  0.1195, -0.0947,  0.0646, -0.0208])
  U: tensor([ 0.3358,  0.1011,  0.1766,  0.0006, -0.0200,  0.0052])
  solvent.log_k_solvent: -0.8912592530250549
  solvent.log_ss_half: -3.935863494873047
  solvent.log_n_exp: 1.466491937637329
  solvent.phase_offset: -0.042076803743839264
After scaling: Rwork=0.2755, Rfree=0.3237
  VDW rebuild: max drift 3.06 Å > threshold 1.00 Å

Building VDW (non-bonded) restraints...
  Symmetry expansion: 15 valid (symop, offset) combos
  Grid: [10, 11, 23], 2032/2530 cells occupied, max 179 entries/cell
  Built 329725 VDW restraints, 13034 symmetry contacts

────────────────────────────────────────────────────────────────────
  XYZ Refinement
────────────────────────────────────────────────────────────────────

  adp (weight: 0.0200)
  ────────────────────────────────────────────────────────────────
    Metric                       Before      After     Change
    locality                    31988.1    31988.1     0.0000
    scaler_U                     3515.1     3515.1     0.0000
    scaler_log_scale            30466.3    30466.3     0.0000
    sigd                         6092.2     6092.2     0.0000
    simu                        32107.1    32107.1     0.0000

  geometry (weight: 0.2000)
  ────────────────────────────────────────────────────────────────
    Metric                       Before      After     Change
    angle                      -39296.2   -39592.6  -296.3828
    bond                       -29959.1   -30027.3   -68.1484
    chiral                    -404.9956  -406.1205    -1.1249
    nonbonded                  -85419.5   -85443.2   -23.6641
    planarity                  -19667.8   -19723.8   -55.9688
    torsion                     13407.5    13399.3    -8.2305

  other (weight: 1.0000)
  ────────────────────────────────────────────────────────────────
    Metric                       Before      After     Change
    xray                       275783.9   275162.3  -621.5625

  Group Totals
  ────────────────────────────────────────────────────────────────
    Group                        Before      After     Change
    adp                          2083.4     2083.4     0.0000
    geometry                   -32268.0   -32358.8   -90.7032
    xray                       275783.9   275162.3  -621.5625
────────────────────────────────────────────────────────────────────
  VDW rebuild: max drift 3.06 Å > threshold 1.00 Å

Building VDW (non-bonded) restraints...
  Symmetry expansion: 15 valid (symop, offset) combos
  Grid: [10, 11, 23], 2032/2530 cells occupied, max 179 entries/cell
  Built 329725 VDW restraints, 13034 symmetry contacts

────────────────────────────────────────────────────────────────────
  ADP Refinement
────────────────────────────────────────────────────────────────────

  adp (weight: 0.0200)
  ────────────────────────────────────────────────────────────────
    Metric                       Before      After     Change
    locality                    31944.3    31142.6  -801.6992
    scaler_U                     3515.1     3515.1     0.0000
    scaler_log_scale            30466.3    30466.3     0.0000
    sigd                         6092.2     6078.2   -14.0225
    simu                        32107.1    31667.1  -440.0742

  geometry (weight: 0.2000)
  ────────────────────────────────────────────────────────────────
    Metric                       Before      After     Change
    angle                      -39592.6   -39592.6     0.0000
    bond                       -30027.3   -30027.3     0.0000
    chiral                    -406.1205  -406.1205     0.0000
    nonbonded                  -85443.2   -85443.2     0.0000
    planarity                  -19723.8   -19723.8     0.0000
    torsion                     13399.3    13399.3     0.0000

  other (weight: 1.0000)
  ────────────────────────────────────────────────────────────────
    Metric                       Before      After     Change
    xray                       275162.3   275180.9   +18.6250

  Group Totals
  ────────────────────────────────────────────────────────────────
    Group                        Before      After     Change
    adp                          2082.5     2057.4   -25.1160
    geometry                   -32358.8   -32358.8     0.0000
    xray                       275162.3   275180.9   +18.6250
────────────────────────────────────────────────────────────────────

============================================================
LBFGS Refinement - Cycle 5/10
============================================================
Refining scales with LBFGS...
Scale refinement complete. rwork: 0.2700, rfree: 0.3232

Final Scale Parameters: 
  c_iso: tensor([ 0.2355,  0.3341,  0.1162, -0.0909,  0.0649, -0.0182])
  U: tensor([ 0.3340,  0.1018,  0.1769,  0.0013, -0.0181,  0.0042])
  solvent.log_k_solvent: -0.895121157169342
  solvent.log_ss_half: -3.932962656021118
  solvent.log_n_exp: 1.4655431509017944
  solvent.phase_offset: -0.04214922711253166
After scaling: Rwork=0.2700, Rfree=0.3232
  VDW rebuild: max drift 3.73 Å > threshold 1.00 Å

Building VDW (non-bonded) restraints...
  Symmetry expansion: 15 valid (symop, offset) combos
  Grid: [10, 11, 23], 2032/2530 cells occupied, max 179 entries/cell
  Built 329725 VDW restraints, 13034 symmetry contacts

────────────────────────────────────────────────────────────────────
  XYZ Refinement
────────────────────────────────────────────────────────────────────

  adp (weight: 0.0200)
  ────────────────────────────────────────────────────────────────
    Metric                       Before      After     Change
    locality                    31142.6    31142.6     0.0000
    scaler_U                     3506.2     3506.2     0.0000
    scaler_log_scale            29904.4    29904.4     0.0000
    sigd                         6078.2     6078.2     0.0000
    simu                        31667.1    31667.1     0.0000

  geometry (weight: 0.2000)
  ────────────────────────────────────────────────────────────────
    Metric                       Before      After     Change
    angle                      -39592.6   -39602.6   -10.0078
    bond                       -30027.3   -30041.6   -14.2793
    chiral                    -406.1205  -406.0216    +0.0989
    nonbonded                  -85443.2   -85555.2  -112.0234
    planarity                  -19723.8   -19731.1    -7.2363
    torsion                     13399.3    13390.4    -8.9053

  other (weight: 1.0000)
  ────────────────────────────────────────────────────────────────
    Metric                       Before      After     Change
    xray                       275232.3   274774.8  -457.5000

  Group Totals
  ────────────────────────────────────────────────────────────────
    Group                        Before      After     Change
    adp                          2046.0     2046.0     0.0000
    geometry                   -32358.8   -32389.2   -30.4707
    xray                       275232.3   274774.8  -457.5000
────────────────────────────────────────────────────────────────────
  VDW rebuild: max drift 3.73 Å > threshold 1.00 Å

Building VDW (non-bonded) restraints...
  Symmetry expansion: 15 valid (symop, offset) combos
  Grid: [10, 11, 23], 2032/2530 cells occupied, max 179 entries/cell
  Built 329725 VDW restraints, 13034 symmetry contacts

────────────────────────────────────────────────────────────────────
  ADP Refinement
────────────────────────────────────────────────────────────────────

  adp (weight: 0.0200)
  ────────────────────────────────────────────────────────────────
    Metric                       Before      After     Change
    locality                    31152.8    30029.1    -1123.8
    scaler_U                     3506.2     3506.2     0.0000
    scaler_log_scale            29904.4    29904.4     0.0000
    sigd                         6078.2     6068.6    -9.6230
    simu                        31667.1    31071.9  -595.1855

  geometry (weight: 0.2000)
  ────────────────────────────────────────────────────────────────
    Metric                       Before      After     Change
    angle                      -39602.6   -39602.6     0.0000
    bond                       -30041.6   -30041.6     0.0000
    chiral                    -406.0216  -406.0216     0.0000
    nonbonded                  -85555.2   -85555.2     0.0000
    planarity                  -19731.1   -19731.1     0.0000
    torsion                     13390.4    13390.4     0.0000

  other (weight: 1.0000)
  ────────────────────────────────────────────────────────────────
    Metric                       Before      After     Change
    xray                       274774.8   274733.2   -41.6250

  Group Totals
  ────────────────────────────────────────────────────────────────
    Group                        Before      After     Change
    adp                          2046.2     2011.6   -34.5719
    geometry                   -32389.2   -32389.2     0.0000
    xray                       274774.8   274733.2   -41.6250
────────────────────────────────────────────────────────────────────

============================================================
LBFGS Refinement - Cycle 6/10
============================================================
Refining scales with LBFGS...
Scale refinement complete. rwork: 0.2662, rfree: 0.3206

Final Scale Parameters: 
  c_iso: tensor([ 0.2410,  0.3486,  0.1142, -0.0888,  0.0619, -0.0175])
  U: tensor([ 0.3379,  0.1071,  0.1817,  0.0022, -0.0165,  0.0038])
  solvent.log_k_solvent: -0.8953593969345093
  solvent.log_ss_half: -3.9272069931030273
  solvent.log_n_exp: 1.487996220588684
  solvent.phase_offset: -0.04234214499592781
After scaling: Rwork=0.2662, Rfree=0.3206
  VDW rebuild: max drift 3.68 Å > threshold 1.00 Å

Building VDW (non-bonded) restraints...
  Symmetry expansion: 15 valid (symop, offset) combos
  Grid: [10, 11, 23], 2032/2530 cells occupied, max 179 entries/cell
  Built 329725 VDW restraints, 13034 symmetry contacts

────────────────────────────────────────────────────────────────────
  XYZ Refinement
────────────────────────────────────────────────────────────────────

  adp (weight: 0.0200)
  ────────────────────────────────────────────────────────────────
    Metric                       Before      After     Change
    locality                    30029.1    30029.1     0.0000
    scaler_U                     3668.4     3668.4     0.0000
    scaler_log_scale            31697.9    31697.9     0.0000
    sigd                         6068.6     6068.6     0.0000
    simu                        31071.9    31071.9     0.0000

  geometry (weight: 0.2000)
  ────────────────────────────────────────────────────────────────
    Metric                       Before      After     Change
    angle                      -39602.6   -39736.5  -133.8398
    bond                       -30041.6   -30105.0   -63.4668
    chiral                    -406.0216  -407.6953    -1.6738
    nonbonded                  -85555.2   -85514.6   +40.6797
    planarity                  -19731.1   -19768.2   -37.1504
    torsion                     13390.4    13388.4    -2.0088

  other (weight: 1.0000)
  ────────────────────────────────────────────────────────────────
    Metric                       Before      After     Change
    xray                       274774.2   274470.8  -303.3438

  Group Totals
  ────────────────────────────────────────────────────────────────
    Group                        Before      After     Change
    adp                          2050.7     2050.7     0.0000
    geometry                   -32389.2   -32428.7   -39.4927
    xray                       274774.2   274470.8  -303.3438
────────────────────────────────────────────────────────────────────
  VDW rebuild: max drift 3.68 Å > threshold 1.00 Å

Building VDW (non-bonded) restraints...
  Symmetry expansion: 15 valid (symop, offset) combos
  Grid: [10, 11, 23], 2032/2530 cells occupied, max 179 entries/cell
  Built 329725 VDW restraints, 13034 symmetry contacts

────────────────────────────────────────────────────────────────────
  ADP Refinement
────────────────────────────────────────────────────────────────────

  adp (weight: 0.0200)
  ────────────────────────────────────────────────────────────────
    Metric                       Before      After     Change
    locality                    30001.9    29560.8  -441.0566
    scaler_U                     3668.4     3668.4     0.0000
    scaler_log_scale            31697.9    31697.9     0.0000
    sigd                         6068.6     6065.2    -3.3682
    simu                        31071.9    30862.2  -209.6348

  geometry (weight: 0.2000)
  ────────────────────────────────────────────────────────────────
    Metric                       Before      After     Change
    angle                      -39736.5   -39736.5     0.0000
    bond                       -30105.0   -30105.0     0.0000
    chiral                    -407.6953  -407.6953     0.0000
    nonbonded                  -85514.6   -85514.6     0.0000
    planarity                  -19768.2   -19768.2     0.0000
    torsion                     13388.4    13388.4     0.0000

  other (weight: 1.0000)
  ────────────────────────────────────────────────────────────────
    Metric                       Before      After     Change
    xray                       274470.8   274490.8   +19.9375

  Group Totals
  ────────────────────────────────────────────────────────────────
    Group                        Before      After     Change
    adp                          2050.2     2037.1   -13.0812
    geometry                   -32428.7   -32428.7     0.0000
    xray                       274470.8   274490.8   +19.9375
────────────────────────────────────────────────────────────────────

============================================================
LBFGS Refinement - Cycle 7/10
============================================================
Refining scales with LBFGS...
Scale refinement complete. rwork: 0.2644, rfree: 0.3193

Final Scale Parameters: 
  c_iso: tensor([ 0.2295,  0.3343,  0.1124, -0.0893,  0.0630, -0.0169])
  U: tensor([ 0.3334,  0.1051,  0.1794,  0.0025, -0.0149,  0.0025])
  solvent.log_k_solvent: -0.8966730833053589
  solvent.log_ss_half: -3.9256627559661865
  solvent.log_n_exp: 1.4761136770248413
  solvent.phase_offset: -0.042974844574928284
After scaling: Rwork=0.2644, Rfree=0.3193
  VDW rebuild: max drift 3.85 Å > threshold 1.00 Å

Building VDW (non-bonded) restraints...
  Symmetry expansion: 15 valid (symop, offset) combos
  Grid: [10, 11, 23], 2032/2530 cells occupied, max 179 entries/cell
  Built 329725 VDW restraints, 13034 symmetry contacts

────────────────────────────────────────────────────────────────────
  XYZ Refinement
────────────────────────────────────────────────────────────────────

  adp (weight: 0.0200)
  ────────────────────────────────────────────────────────────────
    Metric                       Before      After     Change
    locality                    29560.8    29560.8     0.0000
    scaler_U                     3565.5     3565.5     0.0000
    scaler_log_scale            29370.0    29370.0     0.0000
    sigd                         6065.2     6065.2     0.0000
    simu                        30862.2    30862.2     0.0000

  geometry (weight: 0.2000)
  ────────────────────────────────────────────────────────────────
    Metric                       Before      After     Change
    angle                      -39736.5   -39658.7   +77.7305
    bond                       -30105.0   -30050.3   +54.7656
    chiral                    -407.6953  -406.7583    +0.9370
    nonbonded                  -85514.6   -85566.9   -52.3672
    planarity                  -19768.2   -19755.1   +13.0840
    torsion                     13388.4    13385.9    -2.4980

  other (weight: 1.0000)
  ────────────────────────────────────────────────────────────────
    Metric                       Before      After     Change
    xray                       274544.2   274225.8  -318.3750

  Group Totals
  ────────────────────────────────────────────────────────────────
    Group                        Before      After     Change
    adp                          1988.5     1988.5     0.0000
    geometry                   -32428.7   -32410.4   +18.3310
    xray                       274544.2   274225.8  -318.3750
────────────────────────────────────────────────────────────────────
  VDW rebuild: max drift 3.85 Å > threshold 1.00 Å

Building VDW (non-bonded) restraints...
  Symmetry expansion: 15 valid (symop, offset) combos
  Grid: [10, 11, 23], 2032/2530 cells occupied, max 179 entries/cell
  Built 329725 VDW restraints, 13034 symmetry contacts

────────────────────────────────────────────────────────────────────
  ADP Refinement
────────────────────────────────────────────────────────────────────

  adp (weight: 0.0200)
  ────────────────────────────────────────────────────────────────
    Metric                       Before      After     Change
    locality                    29587.3    28632.5  -954.7363
    scaler_U                     3565.5     3565.5     0.0000
    scaler_log_scale            29370.0    29370.0     0.0000
    sigd                         6065.2     6062.6    -2.5869
    simu                        30862.2    30276.1  -586.1895

  geometry (weight: 0.2000)
  ────────────────────────────────────────────────────────────────
    Metric                       Before      After     Change
    angle                      -39658.7   -39658.7     0.0000
    bond                       -30050.3   -30050.3     0.0000
    chiral                    -406.7583  -406.7583     0.0000
    nonbonded                  -85566.9   -85566.9     0.0000
    planarity                  -19755.1   -19755.1     0.0000
    torsion                     13385.9    13385.9     0.0000

  other (weight: 1.0000)
  ────────────────────────────────────────────────────────────────
    Metric                       Before      After     Change
    xray                       274225.8   274193.6   -32.2500

  Group Totals
  ────────────────────────────────────────────────────────────────
    Group                        Before      After     Change
    adp                          1989.0     1958.1   -30.8703
    geometry                   -32410.4   -32410.4     0.0000
    xray                       274225.8   274193.6   -32.2500
────────────────────────────────────────────────────────────────────

============================================================
LBFGS Refinement - Cycle 8/10
============================================================
Refining scales with LBFGS...
Scale refinement complete. rwork: 0.2619, rfree: 0.3171

Final Scale Parameters: 
  c_iso: tensor([ 0.2290,  0.3336,  0.1130, -0.0898,  0.0634, -0.0169])
  U: tensor([ 0.3336,  0.1072,  0.1813,  0.0035, -0.0130,  0.0023])
  solvent.log_k_solvent: -0.8964269161224365
  solvent.log_ss_half: -3.924910068511963
  solvent.log_n_exp: 1.475541591644287
  solvent.phase_offset: -0.0412064753472805
After scaling: Rwork=0.2619, Rfree=0.3171
  VDW rebuild: max drift 3.76 Å > threshold 1.00 Å

Building VDW (non-bonded) restraints...
  Symmetry expansion: 15 valid (symop, offset) combos
  Grid: [10, 11, 23], 2032/2530 cells occupied, max 179 entries/cell
  Built 329725 VDW restraints, 13034 symmetry contacts

────────────────────────────────────────────────────────────────────
  XYZ Refinement
────────────────────────────────────────────────────────────────────

  adp (weight: 0.0200)
  ────────────────────────────────────────────────────────────────
    Metric                       Before      After     Change
    locality                    28632.5    28632.5     0.0000
    scaler_U                     3613.5     3613.5     0.0000
    scaler_log_scale            29355.7    29355.7     0.0000
    sigd                         6062.6     6062.6     0.0000
    simu                        30276.1    30276.1     0.0000

  geometry (weight: 0.2000)
  ────────────────────────────────────────────────────────────────
    Metric                       Before      After     Change
    angle                      -39658.7   -39730.8   -72.0195
    bond                       -30050.3   -30113.0   -62.7363
    chiral                    -406.7583  -407.9420    -1.1837
    nonbonded                  -85566.9   -85544.4   +22.5391
    planarity                  -19755.1   -19775.5   -20.4082
    torsion                     13385.9    13390.0    +4.0508

  other (weight: 1.0000)
  ────────────────────────────────────────────────────────────────
    Metric                       Before      After     Change
    xray                       274250.2   273919.2  -331.0000

  Group Totals
  ────────────────────────────────────────────────────────────────
    Group                        Before      After     Change
    adp                          1958.8     1958.8     0.0000
    geometry                   -32410.4   -32436.3   -25.9516
    xray                       274250.2   273919.2  -331.0000
────────────────────────────────────────────────────────────────────
  VDW rebuild: max drift 3.76 Å > threshold 1.00 Å

Building VDW (non-bonded) restraints...
  Symmetry expansion: 15 valid (symop, offset) combos
  Grid: [10, 11, 23], 2032/2530 cells occupied, max 179 entries/cell
  Built 329725 VDW restraints, 13034 symmetry contacts

────────────────────────────────────────────────────────────────────
  ADP Refinement
────────────────────────────────────────────────────────────────────

  adp (weight: 0.0200)
  ────────────────────────────────────────────────────────────────
    Metric                       Before      After     Change
    locality                    28617.9    28621.5    +3.6133
    scaler_U                     3613.5     3613.5     0.0000
    scaler_log_scale            29355.7    29355.7     0.0000
    sigd                         6062.6     6065.3    +2.7432
    simu                        30276.1    30239.6   -36.4316

  geometry (weight: 0.2000)
  ────────────────────────────────────────────────────────────────
    Metric                       Before      After     Change
    angle                      -39730.8   -39730.8     0.0000
    bond                       -30113.0   -30113.0     0.0000
    chiral                    -407.9420  -407.9420     0.0000
    nonbonded                  -85544.4   -85544.4     0.0000
    planarity                  -19775.5   -19775.5     0.0000
    torsion                     13390.0    13390.0     0.0000

  other (weight: 1.0000)
  ────────────────────────────────────────────────────────────────
    Metric                       Before      After     Change
    xray                       273919.2   273922.4    +3.1250

  Group Totals
  ────────────────────────────────────────────────────────────────
    Group                        Before      After     Change
    adp                          1958.5     1957.9    -0.6015
    geometry                   -32436.3   -32436.3     0.0000
    xray                       273919.2   273922.4    +3.1250
────────────────────────────────────────────────────────────────────

============================================================
LBFGS Refinement - Cycle 9/10
============================================================
Refining scales with LBFGS...
Scale refinement complete. rwork: 0.2602, rfree: 0.3137

Final Scale Parameters: 
  c_iso: tensor([ 0.2254,  0.3257,  0.1130, -0.0915,  0.0639, -0.0177])
  U: tensor([ 0.3324,  0.1073,  0.1811,  0.0040, -0.0116,  0.0019])
  solvent.log_k_solvent: -0.8963271975517273
  solvent.log_ss_half: -3.9282619953155518
  solvent.log_n_exp: 1.4549729824066162
  solvent.phase_offset: -0.042176224291324615
After scaling: Rwork=0.2602, Rfree=0.3137
  VDW rebuild: max drift 3.81 Å > threshold 1.00 Å

Building VDW (non-bonded) restraints...
  Symmetry expansion: 15 valid (symop, offset) combos
  Grid: [10, 11, 23], 2032/2530 cells occupied, max 179 entries/cell
  Built 329725 VDW restraints, 13034 symmetry contacts

────────────────────────────────────────────────────────────────────
  XYZ Refinement
────────────────────────────────────────────────────────────────────

  adp (weight: 0.0200)
  ────────────────────────────────────────────────────────────────
    Metric                       Before      After     Change
    locality                    28621.5    28621.5     0.0000
    scaler_U                     3598.6     3598.6     0.0000
    scaler_log_scale            28360.0    28360.0     0.0000
    sigd                         6065.3     6065.3     0.0000
    simu                        30239.6    30239.6     0.0000

  geometry (weight: 0.2000)
  ────────────────────────────────────────────────────────────────
    Metric                       Before      After     Change
    angle                      -39730.8   -39700.3   +30.4297
    bond                       -30113.0   -30095.2   +17.8379
    chiral                    -407.9420  -407.2927    +0.6493
    nonbonded                  -85544.4   -85592.9   -48.5469
    planarity                  -19775.5   -19769.3    +6.2715
    torsion                     13390.0    13392.9    +2.9424

  other (weight: 1.0000)
  ────────────────────────────────────────────────────────────────
    Metric                       Before      After     Change
    xray                       273959.6   273751.8  -207.7500

  Group Totals
  ────────────────────────────────────────────────────────────────
    Group                        Before      After     Change
    adp                          1937.7     1937.7     0.0000
    geometry                   -32436.3   -32434.4    +1.9170
    xray                       273959.6   273751.8  -207.7500
────────────────────────────────────────────────────────────────────
  VDW rebuild: max drift 3.81 Å > threshold 1.00 Å

Building VDW (non-bonded) restraints...
  Symmetry expansion: 15 valid (symop, offset) combos
  Grid: [10, 11, 23], 2032/2530 cells occupied, max 179 entries/cell
  Built 329725 VDW restraints, 13034 symmetry contacts

────────────────────────────────────────────────────────────────────
  ADP Refinement
────────────────────────────────────────────────────────────────────

  adp (weight: 0.0200)
  ────────────────────────────────────────────────────────────────
    Metric                       Before      After     Change
    locality                    28627.3    28401.0  -226.2930
    scaler_U                     3598.6     3598.6     0.0000
    scaler_log_scale            28360.0    28360.0     0.0000
    sigd                         6065.3     6067.4    +2.0166
    simu                        30239.6    30101.5  -138.0879

  geometry (weight: 0.2000)
  ────────────────────────────────────────────────────────────────
    Metric                       Before      After     Change
    angle                      -39700.3   -39700.3     0.0000
    bond                       -30095.2   -30095.2     0.0000
    chiral                    -407.2927  -407.2927     0.0000
    nonbonded                  -85592.9   -85592.9     0.0000
    planarity                  -19769.3   -19769.3     0.0000
    torsion                     13392.9    13392.9     0.0000

  other (weight: 1.0000)
  ────────────────────────────────────────────────────────────────
    Metric                       Before      After     Change
    xray                       273751.8   273744.4    -7.3750

  Group Totals
  ────────────────────────────────────────────────────────────────
    Group                        Before      After     Change
    adp                          1937.8     1930.6    -7.2473
    geometry                   -32434.4   -32434.4     0.0000
    xray                       273751.8   273744.4    -7.3750
────────────────────────────────────────────────────────────────────

============================================================
LBFGS Refinement - Cycle 10/10
============================================================
Refining scales with LBFGS...
Scale refinement complete. rwork: 0.2592, rfree: 0.3131

Final Scale Parameters: 
  c_iso: tensor([ 0.2245,  0.3261,  0.1124, -0.0907,  0.0630, -0.0176])
  U: tensor([ 0.3339,  0.1096,  0.1831,  0.0042, -0.0113,  0.0019])
  solvent.log_k_solvent: -0.8961975574493408
  solvent.log_ss_half: -3.9267795085906982
  solvent.log_n_exp: 1.4551870822906494
  solvent.phase_offset: -0.042506102472543716
After scaling: Rwork=0.2592, Rfree=0.3131
  VDW rebuild: max drift 3.70 Å > threshold 1.00 Å

Building VDW (non-bonded) restraints...
  Symmetry expansion: 15 valid (symop, offset) combos
  Grid: [10, 11, 23], 2032/2530 cells occupied, max 179 entries/cell
  Built 329725 VDW restraints, 13034 symmetry contacts

────────────────────────────────────────────────────────────────────
  XYZ Refinement
────────────────────────────────────────────────────────────────────

  adp (weight: 0.0200)
  ────────────────────────────────────────────────────────────────
    Metric                       Before      After     Change
    locality                    28401.0    28401.0     0.0000
    scaler_U                     3667.5     3667.5     0.0000
    scaler_log_scale            28381.0    28381.0     0.0000
    sigd                         6067.4     6067.4     0.0000
    simu                        30101.5    30101.5     0.0000

  geometry (weight: 0.2000)
  ────────────────────────────────────────────────────────────────
    Metric                       Before      After     Change
    angle                      -39700.3   -39717.1   -16.7305
    bond                       -30095.2   -30108.2   -13.0078
    chiral                    -407.2927  -407.4762    -0.1835
    nonbonded                  -85592.9   -85549.7   +43.2266
    planarity                  -19769.3   -19773.5    -4.2129
    torsion                     13392.9    13401.3    +8.4004

  other (weight: 1.0000)
  ────────────────────────────────────────────────────────────────
    Metric                       Before      After     Change
    xray                       273795.6   273624.6  -171.0000

  Group Totals
  ────────────────────────────────────────────────────────────────
    Group                        Before      After     Change
    adp                          1932.4     1932.4     0.0000
    geometry                   -32434.4   -32430.9    +3.4975
    xray                       273795.6   273624.6  -171.0000
────────────────────────────────────────────────────────────────────
  VDW rebuild: max drift 3.70 Å > threshold 1.00 Å

Building VDW (non-bonded) restraints...
  Symmetry expansion: 15 valid (symop, offset) combos
  Grid: [10, 11, 23], 2032/2530 cells occupied, max 179 entries/cell
  Built 329725 VDW restraints, 13034 symmetry contacts

────────────────────────────────────────────────────────────────────
  ADP Refinement
────────────────────────────────────────────────────────────────────

  adp (weight: 0.0200)
  ────────────────────────────────────────────────────────────────
    Metric                       Before      After     Change
    locality                    28379.5    28432.2   +52.7129
    scaler_U                     3667.5     3667.5     0.0000
    scaler_log_scale            28381.0    28381.0     0.0000
    sigd                         6067.4     6072.5    +5.1636
    simu                        30101.5    29977.2  -124.3418

  geometry (weight: 0.2000)
  ────────────────────────────────────────────────────────────────
    Metric                       Before      After     Change
    angle                      -39717.1   -39717.1     0.0000
    bond                       -30108.2   -30108.2     0.0000
    chiral                    -407.4762  -407.4762     0.0000
    nonbonded                  -85549.7   -85549.7     0.0000
    planarity                  -19773.5   -19773.5     0.0000
    torsion                     13401.3    13401.3     0.0000

  other (weight: 1.0000)
  ────────────────────────────────────────────────────────────────
    Metric                       Before      After     Change
    xray                       273624.6   273650.7   +26.1250

  Group Totals
  ────────────────────────────────────────────────────────────────
    Group                        Before      After     Change
    adp                          1931.9     1930.6    -1.3293
    geometry                   -32430.9   -32430.9     0.0000
    xray                       273624.6   273650.7   +26.1250
────────────────────────────────────────────────────────────────────
Calculating initial scale factors using 10 bins.
Refining scales with LBFGS...
Scale refinement complete. rwork: 0.2583, rfree: 0.3121

Final Scale Parameters: 
  c_iso: tensor([ 0.2375,  0.3392,  0.1173, -0.0923,  0.0638, -0.0181])
  U: tensor([ 0.3408,  0.1176,  0.1909,  0.0044, -0.0111,  0.0014])
  solvent.log_k_solvent: -0.8960580229759216
  solvent.log_ss_half: -3.9340007305145264
  solvent.log_n_exp: 1.4447283744812012
  solvent.phase_offset: -0.04213343560695648

Refinement completed successfully.

Saving results to /das/work/units/LBR-FEL/p17490/Peter/Library/work_trees_torchref/alignement/alignment_lab/benchmarks/af_mr/runs/dmin4.0/1J5W/refine_phaser_mr...
  Refined structure (PDB): /das/work/units/LBR-FEL/p17490/Peter/Library/work_trees_torchref/alignement/alignment_lab/benchmarks/af_mr/runs/dmin4.0/1J5W/refine_phaser_mr/refined.pdb
  Refined structure (mmCIF): /das/work/units/LBR-FEL/p17490/Peter/Library/work_trees_torchref/alignement/alignment_lab/benchmarks/af_mr/runs/dmin4.0/1J5W/refine_phaser_mr/refined.cif
Added map coefficients:
  2Fo-Fc: FWT, PHWT
  Fo-Fc: DELFWT, PHDELWT
  Resolution range: 1.80 - 29.70 Å
✓ Wrote MTZ file: /das/work/units/LBR-FEL/p17490/Peter/Library/work_trees_torchref/alignement/alignment_lab/benchmarks/af_mr/runs/dmin4.0/1J5W/refine_phaser_mr/refined.mtz
  Reflections: 56032
  Columns: H, K, L, F-obs, SIGF-obs, R-free-flags, FWT, PHWT, DELFWT, PHDELWT, F-model, PH-model
  Refined structure factors: /das/work/units/LBR-FEL/p17490/Peter/Library/work_trees_torchref/alignement/alignment_lab/benchmarks/af_mr/runs/dmin4.0/1J5W/refine_phaser_mr/refined.mtz
  Refinement history: /das/work/units/LBR-FEL/p17490/Peter/Library/work_trees_torchref/alignement/alignment_lab/benchmarks/af_mr/runs/dmin4.0/1J5W/refine_phaser_mr/refinement_history.json

================================================================================
Refinement Summary
================================================================================
R-work:  0.2583 (54912 reflections)
R-free:  0.3121 (1120 reflections)
NLL work: 273707.19
NLL test: 5741.53
================================================================================

Output files:
  - /das/work/units/LBR-FEL/p17490/Peter/Library/work_trees_torchref/alignement/alignment_lab/benchmarks/af_mr/runs/dmin4.0/1J5W/refine_phaser_mr/refined.pdb
  - /das/work/units/LBR-FEL/p17490/Peter/Library/work_trees_torchref/alignement/alignment_lab/benchmarks/af_mr/runs/dmin4.0/1J5W/refine_phaser_mr/refined.cif
  - /das/work/units/LBR-FEL/p17490/Peter/Library/work_trees_torchref/alignement/alignment_lab/benchmarks/af_mr/runs/dmin4.0/1J5W/refine_phaser_mr/refined.mtz
  - /das/work/units/LBR-FEL/p17490/Peter/Library/work_trees_torchref/alignement/alignment_lab/benchmarks/af_mr/runs/dmin4.0/1J5W/refine_phaser_mr/refinement_history.json

Refinement completed successfully!

Timing: 682.0s wall, 446.1s CPU
