/das/work/units/LBR-FEL/p17490/Peter/Library/work_trees_torchref/alignement/torchref/cli/refine.py:21: UserWarning: TorchRef using user-specified 8 threads from TORCHREF_NUM_THREADS.
  from torchref.cli._common import (
================================================================================
TorchRef LBFGS Refinement
================================================================================
Model:             /das/work/units/LBR-FEL/p17490/Peter/Library/work_trees_torchref/dev/paper/figure2_alphafold_start/placed/5IAW_af.pdb
Structure factor:  /das/work/units/LBR-FEL/p17490/Peter/Library/work_trees_torchref/dev/paper/data/5IAW/5IAW.mtz
Output directory:  /das/work/units/LBR-FEL/p17490/Peter/Library/work_trees_torchref/alignement/alignment_lab/benchmarks/af_mr/runs/dmin4.0/5IAW/refine_phaser_mr
Refinement mode:   separate
X-ray target:      ml
Refinement cycles: 10
Rigid-body step:   on (iterations/cutoff = 30)
Device:            auto
ADP mode:          isotropic
Wavelength:        1 A
Manual weights:    {"adp": 0.02}
================================================================================

Initializing refinement...
found non-finite F values (NaN/Inf):  396
found non-finite F_sigma values (NaN/Inf):  396
Wilson outlier rejection: 0/12467 (0.0000%) of tested reflections flagged (0 too strong, 0 too weak)
Loaded 3916 atoms
Building restraints...
Found 109 link definitions

Building VDW (non-bonded) restraints...
  Symmetry expansion: 21 valid (symop, offset) combos
  Grid: [9, 5, 24], 858/1080 cells occupied, max 288 entries/cell
  Built 67750 VDW restraints, 5020 symmetry contacts
  Hydrogen topology: 3909 riding H atoms
  H candidate pairs: 165889 (43165 H-H, 122724 H-heavy, 11581 symmetry)
================================================================================
Restraints Summary
================================================================================
CIF file: None
Residue types in dictionary: 20

INTRA-RESIDUE RESTRAINTS:
--------------------------------------------------------------------------------
  Bonds: 3524
  Angles: 3960
  Torsions: 1080
  Planes: 758
  Chirals: 608

INTER-RESIDUE RESTRAINTS:
--------------------------------------------------------------------------------
  Peptide bonds: 472
  Peptide angles: 1436
  Disulfide bonds: 0
  Disulfide angles: 0
  Disulfide torsions: 0
  LINK bonds: 0

BACKBONE TORSIONS:
--------------------------------------------------------------------------------
  Phi: 472
  Psi: 472
  Omega: 472
  Ramachandran: 468

VDW RESTRAINTS:
--------------------------------------------------------------------------------
  Non-bonded contacts: 67750 (62730 intra-ASU, 5020 symmetry)
================================================================================
Generated 3922 hydrogens
ADP representation: isotropic, 7838 parameters, 2.2 work reflections each
Initialized ScalerBase with 10 bins.
Building restraints...

Building VDW (non-bonded) restraints...
  Symmetry expansion: 21 valid (symop, offset) combos
  Grid: [9, 5, 24], 906/1080 cells occupied, max 480 entries/cell
  Built 286574 VDW restraints, 23913 symmetry contacts
================================================================================
Restraints Summary
================================================================================
CIF file: None
Residue types in dictionary: 20

INTRA-RESIDUE RESTRAINTS:
--------------------------------------------------------------------------------
  Bonds: 7446
  Angles: 12442
  Torsions: 1554
  Planes: 1298
  Chirals: 608

INTER-RESIDUE RESTRAINTS:
--------------------------------------------------------------------------------
  Peptide bonds: 472
  Peptide angles: 1888
  Disulfide bonds: 0
  Disulfide angles: 0
  Disulfide torsions: 0
  LINK bonds: 0

BACKBONE TORSIONS:
--------------------------------------------------------------------------------
  Phi: 472
  Psi: 472
  Omega: 472
  Ramachandran: 468

VDW RESTRAINTS:
--------------------------------------------------------------------------------
  Non-bonded contacts: 286574 (262661 intra-ASU, 23913 symmetry)
================================================================================
Initializing TotalGeometryTarget with component targets...
Initializing TotalADPTarget with component targets: simu, locality, sigd
Parametrization built for 5 unique atom types
SfFFT: Using late symmetry (reciprocal space)
Calculating initial scale factors using 10 bins.
Refining scales with LBFGS...
Scale refinement complete. rwork: 0.4488, rfree: 0.4272

Final Scale Parameters: 
  c_iso: tensor([ 0.5824,  1.4293, -0.0948,  0.2783, -0.2573,  0.1285])
  U: tensor([ 0.6616,  0.6032,  0.6268, -0.0131,  0.0038, -0.0124])
  solvent.log_k_solvent: -1.0819153785705566
  solvent.log_ss_half: -4.2810468673706055
  solvent.log_n_exp: 1.0310777425765991
  solvent.phase_offset: -0.058805953711271286
Initialized targets with xray_mode='ml'
Applied manual group weights: {'xray': 1.0, 'geometry': 0.2, 'geometry/ramachandran': 0.0, 'adp': 0.02, 'adp/sigd': 1.0, 'adp/node_load': 10.0, 'adp/node_smoothness': 0.0}
Refinement initialized successfully.

Starting refinement with 10 macro cycles...

Rigid-body step enabled: one multi-resolution rigid-body pass will run once at the start of refinement.


--- Rigid-body step (once, at start) ---
Switched to rigid-body parametrization: RigidXYZTensor(n_atoms=7838, n_chains=4) (4 chain(s))
Filtering: 1508/17753 reflections in range [inf - 6.0] Å (1496 valid after all masks)
Initialized ScalerBase with 10 bins.
Calculating initial scale factors using 10 bins.
Calculating initial scale factors using 10 bins.
Refining scales with LBFGS...
Scale refinement complete. rwork: 0.3910, rfree: 0.3466

Final Scale Parameters: 
  c_iso: tensor([ 0.0363,  0.5413, -0.7897, -0.0022, -0.4158,  0.0291])
  U: tensor([ 1.2138,  0.9312,  1.1990, -0.0374,  0.0018, -0.3787])
  solvent.log_k_solvent: -1.1349447965621948
  solvent.log_ss_half: -4.892963886260986
  solvent.log_n_exp: 1.4352079629898071
  solvent.phase_offset: -0.06798750162124634
  rigid-body d_min=6.00 (lbfgs, iters=30): Rwork=0.3965 Rfree=0.3861
Filtering: 5137/17753 reflections in range [inf - 3.93450268696538] Å (5121 valid after all masks)
Initialized ScalerBase with 10 bins.
Calculating initial scale factors using 10 bins.
Calculating initial scale factors using 10 bins.
Refining scales with LBFGS...
Scale refinement complete. rwork: 0.4142, rfree: 0.3837

Final Scale Parameters: 
  c_iso: tensor([ 0.0818, -0.8445, -3.2837, -2.1628, -1.2762, -0.1966])
  U: tensor([ 2.8441,  2.7659,  2.8326, -0.0195,  0.0167, -0.0328])
  solvent.log_k_solvent: -1.1064233779907227
  solvent.log_ss_half: -5.535015106201172
  solvent.log_n_exp: 0.12228666245937347
  solvent.phase_offset: 0.01375903282314539
  rigid-body d_min=3.93 (lbfgs, iters=30): Rwork=0.4243 Rfree=0.4131
Filtering: 17753/17753 reflections in range [inf - 2.580051898956299] Å (17357 valid after all masks)
Initialized ScalerBase with 10 bins.
Calculating initial scale factors using 10 bins.
Calculating initial scale factors using 10 bins.
Refining scales with LBFGS...
Scale refinement complete. rwork: 0.4516, rfree: 0.4230

Final Scale Parameters: 
  c_iso: tensor([ 0.5758,  1.3947, -0.0862,  0.2691, -0.2468,  0.1191])
  U: tensor([ 0.6502,  0.5904,  0.6176, -0.0136,  0.0014, -0.0118])
  solvent.log_k_solvent: -1.0941271781921387
  solvent.log_ss_half: -4.228399753570557
  solvent.log_n_exp: 1.0724802017211914
  solvent.phase_offset: 0.01867653988301754
  rigid-body d_min=2.58 (lbfgs, iters=30): Rwork=0.4575 Rfree=0.4493
Initialized ScalerBase with 10 bins.
Calculating initial scale factors using 10 bins.
Calculating initial scale factors using 10 bins.
Refining scales with LBFGS...
Scale refinement complete. rwork: 0.4491, rfree: 0.4290

Final Scale Parameters: 
  c_iso: tensor([ 0.5973,  1.4344, -0.0818,  0.2740, -0.2496,  0.1227])
  U: tensor([ 0.6720,  0.6125,  0.6392, -0.0131,  0.0018, -0.0137])
  solvent.log_k_solvent: -1.0892860889434814
  solvent.log_ss_half: -4.239296913146973
  solvent.log_n_exp: 1.0309076309204102
  solvent.phase_offset: -0.04242394119501114
Initialized ScalerBase with 10 bins.
Calculating initial scale factors using 10 bins.
Calculating initial scale factors using 10 bins.
Refining scales with LBFGS...
Scale refinement complete. rwork: 0.4491, rfree: 0.4290

Final Scale Parameters: 
  c_iso: tensor([ 0.5833,  1.4135, -0.0855,  0.2729, -0.2496,  0.1225])
  U: tensor([ 0.6589,  0.5994,  0.6260, -0.0131,  0.0018, -0.0136])
  solvent.log_k_solvent: -1.0877232551574707
  solvent.log_ss_half: -4.232425689697266
  solvent.log_n_exp: 1.0473129749298096
  solvent.phase_offset: -0.042973779141902924

============================================================
LBFGS Refinement - Cycle 1/10
============================================================
Refining scales with LBFGS...
Scale refinement complete. rwork: 0.4491, rfree: 0.4290

Final Scale Parameters: 
  c_iso: tensor([ 0.5911,  1.4308, -0.0857,  0.2755, -0.2508,  0.1230])
  U: tensor([ 0.6676,  0.6086,  0.6353, -0.0132,  0.0018, -0.0143])
  solvent.log_k_solvent: -1.0893868207931519
  solvent.log_ss_half: -4.237054347991943
  solvent.log_n_exp: 1.0377250909805298
  solvent.phase_offset: -0.043090324848890305
After scaling: Rwork=0.4491, Rfree=0.4290
  VDW rebuild: max drift 2.91 Å > threshold 1.00 Å

Building VDW (non-bonded) restraints...
  Symmetry expansion: 21 valid (symop, offset) combos
  Grid: [9, 5, 24], 906/1080 cells occupied, max 480 entries/cell
  Built 286574 VDW restraints, 23913 symmetry contacts

────────────────────────────────────────────────────────────────────
  XYZ Refinement
────────────────────────────────────────────────────────────────────

  adp (weight: 0.0200)
  ────────────────────────────────────────────────────────────────
    Metric                       Before      After     Change
    locality                    43449.8    43449.8     0.0000
    scaler_U                    10809.9    10809.9     0.0000
    scaler_log_scale           362133.5   362133.5     0.0000
    sigd                         4740.2     4740.2     0.0000
    simu                        46435.1    46435.1     0.0000

  geometry (weight: 0.2000)
  ────────────────────────────────────────────────────────────────
    Metric                       Before      After     Change
    angle                      -32073.9   -34633.7    -2559.8
    bond                       -24329.0   -26343.4    -2014.4
    chiral                    -327.1434  -394.1049   -66.9615
    nonbonded                    1568.0   -74889.7   -76457.6
    planarity                  -14559.2   -15953.2    -1394.0
    torsion                      7709.3     7759.1   +49.7681

  other (weight: 1.0000)
  ────────────────────────────────────────────────────────────────
    Metric                       Before      After     Change
    xray                       101983.2   101557.1  -426.0703

  Group Totals
  ────────────────────────────────────────────────────────────────
    Group                        Before      After     Change
    adp                          9351.4     9351.4     0.0000
    geometry                   -12402.4   -28891.0   -16488.6
    xray                       101983.2   101557.1  -426.0703
────────────────────────────────────────────────────────────────────
  VDW rebuild: max drift 2.91 Å > threshold 1.00 Å

Building VDW (non-bonded) restraints...
  Symmetry expansion: 21 valid (symop, offset) combos
  Grid: [9, 5, 24], 906/1080 cells occupied, max 480 entries/cell
  Built 286574 VDW restraints, 23913 symmetry contacts

────────────────────────────────────────────────────────────────────
  ADP Refinement
────────────────────────────────────────────────────────────────────

  adp (weight: 0.0200)
  ────────────────────────────────────────────────────────────────
    Metric                       Before      After     Change
    locality                    40135.5    17989.1   -22146.4
    scaler_U                    10809.9    10809.9     0.0000
    scaler_log_scale           362133.5   362133.5     0.0000
    sigd                         4740.2     5080.7  +340.5020
    simu                        46435.1    29099.5   -17335.6

  geometry (weight: 0.2000)
  ────────────────────────────────────────────────────────────────
    Metric                       Before      After     Change
    angle                      -34633.7   -34633.7     0.0000
    bond                       -26343.4   -26343.4     0.0000
    chiral                    -394.1049  -394.1049     0.0000
    nonbonded                  -74889.7   -74889.7     0.0000
    planarity                  -15953.2   -15953.2     0.0000
    torsion                      7759.1     7759.1     0.0000

  other (weight: 1.0000)
  ────────────────────────────────────────────────────────────────
    Metric                       Before      After     Change
    xray                       101557.1   100931.1  -626.0312

  Group Totals
  ────────────────────────────────────────────────────────────────
    Group                        Before      After     Change
    adp                          9285.1     8502.3  -782.8308
    geometry                   -28891.0   -28891.0     0.0000
    xray                       101557.1   100931.1  -626.0312
────────────────────────────────────────────────────────────────────

============================================================
LBFGS Refinement - Cycle 2/10
============================================================
Refining scales with LBFGS...
Scale refinement complete. rwork: 0.4142, rfree: 0.4084

Final Scale Parameters: 
  c_iso: tensor([ 0.7012,  1.3206,  0.0391,  0.1701, -0.2033,  0.1018])
  U: tensor([ 0.6588,  0.6116,  0.6321, -0.0090,  0.0008, -0.0201])
  solvent.log_k_solvent: -1.0563697814941406
  solvent.log_ss_half: -4.347564220428467
  solvent.log_n_exp: 1.0874139070510864
  solvent.phase_offset: -0.054751962423324585
After scaling: Rwork=0.4142, Rfree=0.4084
  VDW rebuild: max drift 2.92 Å > threshold 1.00 Å

Building VDW (non-bonded) restraints...
  Symmetry expansion: 21 valid (symop, offset) combos
  Grid: [9, 5, 24], 906/1080 cells occupied, max 480 entries/cell
  Built 286574 VDW restraints, 23913 symmetry contacts

────────────────────────────────────────────────────────────────────
  XYZ Refinement
────────────────────────────────────────────────────────────────────

  adp (weight: 0.0200)
  ────────────────────────────────────────────────────────────────
    Metric                       Before      After     Change
    locality                    17989.1    17989.1     0.0000
    scaler_U                    10710.5    10710.5     0.0000
    scaler_log_scale           382673.2   382673.2     0.0000
    sigd                         5080.7     5080.7     0.0000
    simu                        29099.5    29099.5     0.0000

  geometry (weight: 0.2000)
  ────────────────────────────────────────────────────────────────
    Metric                       Before      After     Change
    angle                      -34633.7   -35573.2  -939.5156
    bond                       -26343.4   -26561.7  -218.3457
    chiral                    -394.1049  -393.7540    +0.3509
    nonbonded                  -74889.7   -75220.9  -331.2344
    planarity                  -15953.2   -15954.8    -1.5674
    torsion                      7759.1     7859.3  +100.2100

  other (weight: 1.0000)
  ────────────────────────────────────────────────────────────────
    Metric                       Before      After     Change
    xray                       101092.4   100307.5  -784.8750

  Group Totals
  ────────────────────────────────────────────────────────────────
    Group                        Before      After     Change
    adp                          8911.1     8911.1     0.0000
    geometry                   -28891.0   -29169.0  -278.0211
    xray                       101092.4   100307.5  -784.8750
────────────────────────────────────────────────────────────────────
  VDW rebuild: max drift 2.92 Å > threshold 1.00 Å

Building VDW (non-bonded) restraints...
  Symmetry expansion: 21 valid (symop, offset) combos
  Grid: [9, 5, 24], 906/1080 cells occupied, max 480 entries/cell
  Built 286574 VDW restraints, 23913 symmetry contacts

────────────────────────────────────────────────────────────────────
  ADP Refinement
────────────────────────────────────────────────────────────────────

  adp (weight: 0.0200)
  ────────────────────────────────────────────────────────────────
    Metric                       Before      After     Change
    locality                    17943.2    14110.1    -3833.2
    scaler_U                    10710.5    10710.5     0.0000
    scaler_log_scale           382673.2   382673.2     0.0000
    sigd                         5080.7     5274.9  +194.1846
    simu                        29099.5    22409.4    -6690.1

  geometry (weight: 0.2000)
  ────────────────────────────────────────────────────────────────
    Metric                       Before      After     Change
    angle                      -35573.2   -35573.2     0.0000
    bond                       -26561.7   -26561.7     0.0000
    chiral                    -393.7540  -393.7540     0.0000
    nonbonded                  -75220.9   -75220.9     0.0000
    planarity                  -15954.8   -15954.8     0.0000
    torsion                      7859.3     7859.3     0.0000

  other (weight: 1.0000)
  ────────────────────────────────────────────────────────────────
    Metric                       Before      After     Change
    xray                       100307.5    99864.6  -442.9141

  Group Totals
  ────────────────────────────────────────────────────────────────
    Group                        Before      After     Change
    adp                          8910.1     8703.6  -206.5805
    geometry                   -29169.0   -29169.0     0.0000
    xray                       100307.5    99864.6  -442.9141
────────────────────────────────────────────────────────────────────

============================================================
LBFGS Refinement - Cycle 3/10
============================================================
Refining scales with LBFGS...
Scale refinement complete. rwork: 0.3830, rfree: 0.4002

Final Scale Parameters: 
  c_iso: tensor([ 0.4980,  0.7397,  0.0803,  0.0486, -0.1532,  0.0771])
  U: tensor([ 0.3646,  0.3254,  0.3466, -0.0086, -0.0015, -0.0276])
  solvent.log_k_solvent: -1.0088711977005005
  solvent.log_ss_half: -4.271012306213379
  solvent.log_n_exp: 1.537879467010498
  solvent.phase_offset: -0.05019119754433632
After scaling: Rwork=0.3830, Rfree=0.4002
  VDW rebuild: max drift 2.98 Å > threshold 1.00 Å

Building VDW (non-bonded) restraints...
  Symmetry expansion: 21 valid (symop, offset) combos
  Grid: [9, 5, 24], 906/1080 cells occupied, max 480 entries/cell
  Built 286574 VDW restraints, 23913 symmetry contacts

────────────────────────────────────────────────────────────────────
  XYZ Refinement
────────────────────────────────────────────────────────────────────

  adp (weight: 0.0200)
  ────────────────────────────────────────────────────────────────
    Metric                       Before      After     Change
    locality                    14110.1    14110.1     0.0000
    scaler_U                     3179.3     3179.3     0.0000
    scaler_log_scale           151129.8   151129.8     0.0000
    sigd                         5274.9     5274.9     0.0000
    simu                        22409.4    22409.4     0.0000

  geometry (weight: 0.2000)
  ────────────────────────────────────────────────────────────────
    Metric                       Before      After     Change
    angle                      -35573.2   -35415.2  +157.9727
    bond                       -26561.7   -26503.7   +58.0078
    chiral                    -393.7540  -399.7465    -5.9926
    nonbonded                  -75220.9   -75716.8  -495.8438
    planarity                  -15954.8   -16014.8   -60.0000
    torsion                      7859.3     7819.8   -39.4390

  other (weight: 1.0000)
  ────────────────────────────────────────────────────────────────
    Metric                       Before      After     Change
    xray                        99976.0    99363.0  -613.0156

  Group Totals
  ────────────────────────────────────────────────────────────────
    Group                        Before      After     Change
    adp                          3922.1     3922.1     0.0000
    geometry                   -29169.0   -29246.1   -77.0590
    xray                        99976.0    99363.0  -613.0156
────────────────────────────────────────────────────────────────────
  VDW rebuild: max drift 2.98 Å > threshold 1.00 Å

Building VDW (non-bonded) restraints...
  Symmetry expansion: 21 valid (symop, offset) combos
  Grid: [9, 5, 24], 906/1080 cells occupied, max 480 entries/cell
  Built 286574 VDW restraints, 23913 symmetry contacts

────────────────────────────────────────────────────────────────────
  ADP Refinement
────────────────────────────────────────────────────────────────────

  adp (weight: 0.0200)
  ────────────────────────────────────────────────────────────────
    Metric                       Before      After     Change
    locality                    14112.8    14562.3  +449.5576
    scaler_U                     3179.3     3179.3     0.0000
    scaler_log_scale           151129.8   151129.8     0.0000
    sigd                         5274.9     5304.3   +29.3677
    simu                        22409.4    22500.6   +91.2363

  geometry (weight: 0.2000)
  ────────────────────────────────────────────────────────────────
    Metric                       Before      After     Change
    angle                      -35415.2   -35415.2     0.0000
    bond                       -26503.7   -26503.7     0.0000
    chiral                    -399.7465  -399.7465     0.0000
    nonbonded                  -75716.8   -75716.8     0.0000
    planarity                  -16014.8   -16014.8     0.0000
    torsion                      7819.8     7819.8     0.0000

  other (weight: 1.0000)
  ────────────────────────────────────────────────────────────────
    Metric                       Before      After     Change
    xray                        99363.0    99281.4   -81.6172

  Group Totals
  ────────────────────────────────────────────────────────────────
    Group                        Before      After     Change
    adp                          3922.1     3933.5   +11.4032
    geometry                   -29246.1   -29246.1     0.0000
    xray                        99363.0    99281.4   -81.6172
────────────────────────────────────────────────────────────────────

============================================================
LBFGS Refinement - Cycle 4/10
============================================================
Refining scales with LBFGS...
Scale refinement complete. rwork: 0.3663, rfree: 0.3965

Final Scale Parameters: 
  c_iso: tensor([ 0.5060,  0.6699,  0.1007,  0.0274, -0.1442,  0.0709])
  U: tensor([ 0.3293,  0.2971,  0.3183, -0.0093, -0.0018, -0.0292])
  solvent.log_k_solvent: -1.0039852857589722
  solvent.log_ss_half: -4.270470142364502
  solvent.log_n_exp: 1.5369876623153687
  solvent.phase_offset: -0.04832220822572708
After scaling: Rwork=0.3663, Rfree=0.3965
  VDW rebuild: max drift 2.99 Å > threshold 1.00 Å

Building VDW (non-bonded) restraints...
  Symmetry expansion: 21 valid (symop, offset) combos
  Grid: [9, 5, 24], 906/1080 cells occupied, max 480 entries/cell
  Built 286574 VDW restraints, 23913 symmetry contacts

────────────────────────────────────────────────────────────────────
  XYZ Refinement
────────────────────────────────────────────────────────────────────

  adp (weight: 0.0200)
  ────────────────────────────────────────────────────────────────
    Metric                       Before      After     Change
    locality                    14562.3    14562.3     0.0000
    scaler_U                     2640.5     2640.5     0.0000
    scaler_log_scale           136882.1   136882.1     0.0000
    sigd                         5304.3     5304.3     0.0000
    simu                        22500.6    22500.6     0.0000

  geometry (weight: 0.2000)
  ────────────────────────────────────────────────────────────────
    Metric                       Before      After     Change
    angle                      -35415.2   -35810.8  -395.5977
    bond                       -26503.7   -26580.3   -76.5898
    chiral                    -399.7465  -398.3998    +1.3467
    nonbonded                  -75716.8   -75669.9   +46.8672
    planarity                  -16014.8   -16045.7   -30.8975
    torsion                      7819.8     7839.2   +19.3594

  other (weight: 1.0000)
  ────────────────────────────────────────────────────────────────
    Metric                       Before      After     Change
    xray                        99322.2    98991.9  -330.3125

  Group Totals
  ────────────────────────────────────────────────────────────────
    Group                        Before      After     Change
    adp                          3637.8     3637.8     0.0000
    geometry                   -29246.1   -29333.2   -87.1016
    xray                        99322.2    98991.9  -330.3125
────────────────────────────────────────────────────────────────────
  VDW rebuild: max drift 2.99 Å > threshold 1.00 Å

Building VDW (non-bonded) restraints...
  Symmetry expansion: 21 valid (symop, offset) combos
  Grid: [9, 5, 24], 906/1080 cells occupied, max 480 entries/cell
  Built 286574 VDW restraints, 23913 symmetry contacts

────────────────────────────────────────────────────────────────────
  ADP Refinement
────────────────────────────────────────────────────────────────────

  adp (weight: 0.0200)
  ────────────────────────────────────────────────────────────────
    Metric                       Before      After     Change
    locality                    14532.7    13931.1  -601.6045
    scaler_U                     2640.5     2640.5     0.0000
    scaler_log_scale           136882.1   136882.1     0.0000
    sigd                         5304.3     5287.1   -17.1841
    simu                        22500.6    22031.0  -469.6699

  geometry (weight: 0.2000)
  ────────────────────────────────────────────────────────────────
    Metric                       Before      After     Change
    angle                      -35810.8   -35810.8     0.0000
    bond                       -26580.3   -26580.3     0.0000
    chiral                    -398.3998  -398.3998     0.0000
    nonbonded                  -75669.9   -75669.9     0.0000
    planarity                  -16045.7   -16045.7     0.0000
    torsion                      7839.2     7839.2     0.0000

  other (weight: 1.0000)
  ────────────────────────────────────────────────────────────────
    Metric                       Before      After     Change
    xray                        98991.9    99009.4   +17.5234

  Group Totals
  ────────────────────────────────────────────────────────────────
    Group                        Before      After     Change
    adp                          3637.2     3615.4   -21.7692
    geometry                   -29333.2   -29333.2     0.0000
    xray                        98991.9    99009.4   +17.5234
────────────────────────────────────────────────────────────────────

============================================================
LBFGS Refinement - Cycle 5/10
============================================================
Refining scales with LBFGS...
Scale refinement complete. rwork: 0.3580, rfree: 0.3971

Final Scale Parameters: 
  c_iso: tensor([ 0.5198,  0.5939,  0.1402, -0.0060, -0.1294,  0.0618])
  U: tensor([ 0.3083,  0.2776,  0.2993, -0.0092, -0.0029, -0.0288])
  solvent.log_k_solvent: -0.9960442781448364
  solvent.log_ss_half: -4.251237392425537
  solvent.log_n_exp: 1.4603328704833984
  solvent.phase_offset: -0.04317386448383331
After scaling: Rwork=0.3580, Rfree=0.3971
  VDW rebuild: max drift 3.10 Å > threshold 1.00 Å

Building VDW (non-bonded) restraints...
  Symmetry expansion: 21 valid (symop, offset) combos
  Grid: [9, 5, 24], 906/1080 cells occupied, max 480 entries/cell
  Built 286574 VDW restraints, 23913 symmetry contacts

────────────────────────────────────────────────────────────────────
  XYZ Refinement
────────────────────────────────────────────────────────────────────

  adp (weight: 0.0200)
  ────────────────────────────────────────────────────────────────
    Metric                       Before      After     Change
    locality                    13931.1    13931.1     0.0000
    scaler_U                     2318.6     2318.6     0.0000
    scaler_log_scale           128576.5   128576.5     0.0000
    sigd                         5287.1     5287.1     0.0000
    simu                        22031.0    22031.0     0.0000

  geometry (weight: 0.2000)
  ────────────────────────────────────────────────────────────────
    Metric                       Before      After     Change
    angle                      -35810.8   -35719.4   +91.4062
    bond                       -26580.3   -26587.3    -7.0098
    chiral                    -398.3998  -400.6937    -2.2939
    nonbonded                  -75669.9   -75861.9  -192.0391
    planarity                  -16045.7   -16066.1   -20.3994
    torsion                      7839.2     7825.8   -13.3667

  other (weight: 1.0000)
  ────────────────────────────────────────────────────────────────
    Metric                       Before      After     Change
    xray                        99034.7    98689.0  -345.7031

  Group Totals
  ────────────────────────────────────────────────────────────────
    Group                        Before      After     Change
    adp                          3442.9     3442.9     0.0000
    geometry                   -29333.2   -29361.9   -28.7410
    xray                        99034.7    98689.0  -345.7031
────────────────────────────────────────────────────────────────────
  VDW rebuild: max drift 3.10 Å > threshold 1.00 Å

Building VDW (non-bonded) restraints...
  Symmetry expansion: 21 valid (symop, offset) combos
  Grid: [9, 5, 24], 906/1080 cells occupied, max 480 entries/cell
  Built 286574 VDW restraints, 23913 symmetry contacts

────────────────────────────────────────────────────────────────────
  ADP Refinement
────────────────────────────────────────────────────────────────────

  adp (weight: 0.0200)
  ────────────────────────────────────────────────────────────────
    Metric                       Before      After     Change
    locality                    13918.5    13880.4   -38.0283
    scaler_U                     2318.6     2318.6     0.0000
    scaler_log_scale           128576.5   128576.5     0.0000
    sigd                         5287.1     5274.6   -12.4976
    simu                        22031.0    22205.8  +174.8555

  geometry (weight: 0.2000)
  ────────────────────────────────────────────────────────────────
    Metric                       Before      After     Change
    angle                      -35719.4   -35719.4     0.0000
    bond                       -26587.3   -26587.3     0.0000
    chiral                    -400.6937  -400.6937     0.0000
    nonbonded                  -75861.9   -75861.9     0.0000
    planarity                  -16066.1   -16066.1     0.0000
    torsion                      7825.8     7825.8     0.0000

  other (weight: 1.0000)
  ────────────────────────────────────────────────────────────────
    Metric                       Before      After     Change
    xray                        98689.0    98687.8    -1.1328

  Group Totals
  ────────────────────────────────────────────────────────────────
    Group                        Before      After     Change
    adp                          3442.6     3445.1    +2.4866
    geometry                   -29361.9   -29361.9     0.0000
    xray                        98689.0    98687.8    -1.1328
────────────────────────────────────────────────────────────────────

============================================================
LBFGS Refinement - Cycle 6/10
============================================================
Refining scales with LBFGS...
Scale refinement complete. rwork: 0.3495, rfree: 0.3945

Final Scale Parameters: 
  c_iso: tensor([ 0.5381,  0.5287,  0.1803, -0.0307, -0.1140,  0.0550])
  U: tensor([ 0.2910,  0.2668,  0.2877, -0.0100, -0.0013, -0.0291])
  solvent.log_k_solvent: -0.9877089262008667
  solvent.log_ss_half: -4.22927713394165
  solvent.log_n_exp: 1.3700265884399414
  solvent.phase_offset: -0.04301556944847107
After scaling: Rwork=0.3495, Rfree=0.3945
  VDW rebuild: max drift 3.10 Å > threshold 1.00 Å

Building VDW (non-bonded) restraints...
  Symmetry expansion: 21 valid (symop, offset) combos
  Grid: [9, 5, 24], 906/1080 cells occupied, max 480 entries/cell
  Built 286574 VDW restraints, 23913 symmetry contacts

────────────────────────────────────────────────────────────────────
  XYZ Refinement
────────────────────────────────────────────────────────────────────

  adp (weight: 0.0200)
  ────────────────────────────────────────────────────────────────
    Metric                       Before      After     Change
    locality                    13880.4    13880.4     0.0000
    scaler_U                     2114.9     2114.9     0.0000
    scaler_log_scale           123522.1   123522.1     0.0000
    sigd                         5274.6     5274.6     0.0000
    simu                        22205.8    22205.8     0.0000

  geometry (weight: 0.2000)
  ────────────────────────────────────────────────────────────────
    Metric                       Before      After     Change
    angle                      -35719.4   -35869.1  -149.6953
    bond                       -26587.3   -26569.2   +18.1523
    chiral                    -400.6937  -400.0494    +0.6443
    nonbonded                  -75861.9   -75817.3   +44.5938
    planarity                  -16066.1   -16063.5    +2.5762
    torsion                      7825.8     7835.7    +9.9214

  other (weight: 1.0000)
  ────────────────────────────────────────────────────────────────
    Metric                       Before      After     Change
    xray                        98710.6    98441.1  -269.4688

  Group Totals
  ────────────────────────────────────────────────────────────────
    Group                        Before      After     Change
    adp                          3340.0     3340.0     0.0000
    geometry                   -29361.9   -29376.7   -14.7611
    xray                        98710.6    98441.1  -269.4688
────────────────────────────────────────────────────────────────────
  VDW rebuild: max drift 3.10 Å > threshold 1.00 Å

Building VDW (non-bonded) restraints...
  Symmetry expansion: 21 valid (symop, offset) combos
  Grid: [9, 5, 24], 906/1080 cells occupied, max 480 entries/cell
  Built 286574 VDW restraints, 23913 symmetry contacts

────────────────────────────────────────────────────────────────────
  ADP Refinement
────────────────────────────────────────────────────────────────────

  adp (weight: 0.0200)
  ────────────────────────────────────────────────────────────────
    Metric                       Before      After     Change
    locality                    13864.7    13664.7  -200.0117
    scaler_U                     2114.9     2114.9     0.0000
    scaler_log_scale           123522.1   123522.1     0.0000
    sigd                         5274.6     5263.3   -11.2935
    simu                        22205.8    22088.8  -117.0000

  geometry (weight: 0.2000)
  ────────────────────────────────────────────────────────────────
    Metric                       Before      After     Change
    angle                      -35869.1   -35869.1     0.0000
    bond                       -26569.2   -26569.2     0.0000
    chiral                    -400.0494  -400.0494     0.0000
    nonbonded                  -75817.3   -75817.3     0.0000
    planarity                  -16063.5   -16063.5     0.0000
    torsion                      7835.7     7835.7     0.0000

  other (weight: 1.0000)
  ────────────────────────────────────────────────────────────────
    Metric                       Before      After     Change
    xray                        98441.1    98452.6   +11.5234

  Group Totals
  ────────────────────────────────────────────────────────────────
    Group                        Before      After     Change
    adp                          3339.6     3333.1    -6.5661
    geometry                   -29376.7   -29376.7     0.0000
    xray                        98441.1    98452.6   +11.5234
────────────────────────────────────────────────────────────────────

============================================================
LBFGS Refinement - Cycle 7/10
============================================================
Refining scales with LBFGS...
Scale refinement complete. rwork: 0.3435, rfree: 0.3902

Final Scale Parameters: 
  c_iso: tensor([ 0.5328,  0.5279,  0.1790, -0.0289, -0.1143,  0.0541])
  U: tensor([ 0.2842,  0.2620,  0.2834, -0.0103, -0.0009, -0.0287])
  solvent.log_k_solvent: -0.9906488060951233
  solvent.log_ss_half: -4.215979099273682
  solvent.log_n_exp: 1.355299711227417
  solvent.phase_offset: -0.03943949565291405
After scaling: Rwork=0.3435, Rfree=0.3902
  VDW rebuild: max drift 3.20 Å > threshold 1.00 Å

Building VDW (non-bonded) restraints...
  Symmetry expansion: 21 valid (symop, offset) combos
  Grid: [9, 5, 24], 906/1080 cells occupied, max 480 entries/cell
  Built 286574 VDW restraints, 23913 symmetry contacts

────────────────────────────────────────────────────────────────────
  XYZ Refinement
────────────────────────────────────────────────────────────────────

  adp (weight: 0.0200)
  ────────────────────────────────────────────────────────────────
    Metric                       Before      After     Change
    locality                    13664.7    13664.7     0.0000
    scaler_U                     2036.3     2036.3     0.0000
    scaler_log_scale           122945.0   122945.0     0.0000
    sigd                         5263.3     5263.3     0.0000
    simu                        22088.8    22088.8     0.0000

  geometry (weight: 0.2000)
  ────────────────────────────────────────────────────────────────
    Metric                       Before      After     Change
    angle                      -35869.1   -35817.7   +51.4336
    bond                       -26569.2   -26601.8   -32.6660
    chiral                    -400.0494  -400.6126    -0.5632
    nonbonded                  -75817.3   -75915.2   -97.8750
    planarity                  -16063.5   -16094.1   -30.5840
    torsion                      7835.7     7828.5    -7.2690

  other (weight: 1.0000)
  ────────────────────────────────────────────────────────────────
    Metric                       Before      After     Change
    xray                        98472.3    98216.3  -256.0156

  Group Totals
  ────────────────────────────────────────────────────────────────
    Group                        Before      After     Change
    adp                          3320.0     3320.0     0.0000
    geometry                   -29376.7   -29400.2   -23.5052
    xray                        98472.3    98216.3  -256.0156
────────────────────────────────────────────────────────────────────
  VDW rebuild: max drift 3.20 Å > threshold 1.00 Å

Building VDW (non-bonded) restraints...
  Symmetry expansion: 21 valid (symop, offset) combos
  Grid: [9, 5, 24], 906/1080 cells occupied, max 480 entries/cell
  Built 286574 VDW restraints, 23913 symmetry contacts

────────────────────────────────────────────────────────────────────
  ADP Refinement
────────────────────────────────────────────────────────────────────

  adp (weight: 0.0200)
  ────────────────────────────────────────────────────────────────
    Metric                       Before      After     Change
    locality                    13656.0    13646.7    -9.2852
    scaler_U                     2036.3     2036.3     0.0000
    scaler_log_scale           122945.0   122945.0     0.0000
    sigd                         5263.3     5257.9    -5.4644
    simu                        22088.8    22074.2   -14.6445

  geometry (weight: 0.2000)
  ────────────────────────────────────────────────────────────────
    Metric                       Before      After     Change
    angle                      -35817.7   -35817.7     0.0000
    bond                       -26601.8   -26601.8     0.0000
    chiral                    -400.6126  -400.6126     0.0000
    nonbonded                  -75915.2   -75915.2     0.0000
    planarity                  -16094.1   -16094.1     0.0000
    torsion                      7828.5     7828.5     0.0000

  other (weight: 1.0000)
  ────────────────────────────────────────────────────────────────
    Metric                       Before      After     Change
    xray                        98216.3    98210.5    -5.7500

  Group Totals
  ────────────────────────────────────────────────────────────────
    Group                        Before      After     Change
    adp                          3319.8     3319.2    -0.5879
    geometry                   -29400.2   -29400.2     0.0000
    xray                        98216.3    98210.5    -5.7500
────────────────────────────────────────────────────────────────────

============================================================
LBFGS Refinement - Cycle 8/10
============================================================
Refining scales with LBFGS...
Scale refinement complete. rwork: 0.3377, rfree: 0.3918

Final Scale Parameters: 
  c_iso: tensor([ 0.5075,  0.5182,  0.1658, -0.0216, -0.1163,  0.0559])
  U: tensor([ 0.2662,  0.2467,  0.2670, -0.0111,  0.0010, -0.0271])
  solvent.log_k_solvent: -0.9911134839057922
  solvent.log_ss_half: -4.208664894104004
  solvent.log_n_exp: 1.3048473596572876
  solvent.phase_offset: -0.039687126874923706
After scaling: Rwork=0.3377, Rfree=0.3918
  VDW rebuild: max drift 3.18 Å > threshold 1.00 Å

Building VDW (non-bonded) restraints...
  Symmetry expansion: 21 valid (symop, offset) combos
  Grid: [9, 5, 24], 906/1080 cells occupied, max 480 entries/cell
  Built 286574 VDW restraints, 23913 symmetry contacts

────────────────────────────────────────────────────────────────────
  XYZ Refinement
────────────────────────────────────────────────────────────────────

  adp (weight: 0.0200)
  ────────────────────────────────────────────────────────────────
    Metric                       Before      After     Change
    locality                    13646.7    13646.7     0.0000
    scaler_U                     1799.6     1799.6     0.0000
    scaler_log_scale           114913.1   114913.1     0.0000
    sigd                         5257.9     5257.9     0.0000
    simu                        22074.2    22074.2     0.0000

  geometry (weight: 0.2000)
  ────────────────────────────────────────────────────────────────
    Metric                       Before      After     Change
    angle                      -35817.7   -35940.1  -122.4570
    bond                       -26601.8   -26625.3   -23.4941
    chiral                    -400.6126  -400.6180    -0.0054
    nonbonded                  -75915.2   -75896.6   +18.6641
    planarity                  -16094.1   -16096.1    -2.0576
    torsion                      7828.5     7833.5    +5.0361

  other (weight: 1.0000)
  ────────────────────────────────────────────────────────────────
    Metric                       Before      After     Change
    xray                        98239.6    98065.9  -173.6641

  Group Totals
  ────────────────────────────────────────────────────────────────
    Group                        Before      After     Change
    adp                          3153.8     3153.8     0.0000
    geometry                   -29400.2   -29425.1   -24.8626
    xray                        98239.6    98065.9  -173.6641
────────────────────────────────────────────────────────────────────
  VDW rebuild: max drift 3.18 Å > threshold 1.00 Å

Building VDW (non-bonded) restraints...
  Symmetry expansion: 21 valid (symop, offset) combos
  Grid: [9, 5, 24], 906/1080 cells occupied, max 480 entries/cell
  Built 286574 VDW restraints, 23913 symmetry contacts

────────────────────────────────────────────────────────────────────
  ADP Refinement
────────────────────────────────────────────────────────────────────

  adp (weight: 0.0200)
  ────────────────────────────────────────────────────────────────
    Metric                       Before      After     Change
    locality                    13641.2    13689.3   +48.1699
    scaler_U                     1799.6     1799.6     0.0000
    scaler_log_scale           114913.1   114913.1     0.0000
    sigd                         5257.9     5253.5    -4.3618
    simu                        22074.2    21978.6   -95.5488

  geometry (weight: 0.2000)
  ────────────────────────────────────────────────────────────────
    Metric                       Before      After     Change
    angle                      -35940.1   -35940.1     0.0000
    bond                       -26625.3   -26625.3     0.0000
    chiral                    -400.6180  -400.6180     0.0000
    nonbonded                  -75896.6   -75896.6     0.0000
    planarity                  -16096.1   -16096.1     0.0000
    torsion                      7833.5     7833.5     0.0000

  other (weight: 1.0000)
  ────────────────────────────────────────────────────────────────
    Metric                       Before      After     Change
    xray                        98065.9    98080.5   +14.5469

  Group Totals
  ────────────────────────────────────────────────────────────────
    Group                        Before      After     Change
    adp                          3153.7     3152.7    -1.0348
    geometry                   -29425.1   -29425.1     0.0000
    xray                        98065.9    98080.5   +14.5469
────────────────────────────────────────────────────────────────────

============================================================
LBFGS Refinement - Cycle 9/10
============================================================
Refining scales with LBFGS...
Scale refinement complete. rwork: 0.3330, rfree: 0.3876

Final Scale Parameters: 
  c_iso: tensor([ 0.5139,  0.5138,  0.1721, -0.0277, -0.1149,  0.0545])
  U: tensor([ 0.2697,  0.2517,  0.2714, -0.0107,  0.0005, -0.0269])
  solvent.log_k_solvent: -0.9913754463195801
  solvent.log_ss_half: -4.2139177322387695
  solvent.log_n_exp: 1.323722243309021
  solvent.phase_offset: -0.03876890614628792
After scaling: Rwork=0.3330, Rfree=0.3876
  VDW rebuild: max drift 3.26 Å > threshold 1.00 Å

Building VDW (non-bonded) restraints...
  Symmetry expansion: 21 valid (symop, offset) combos
  Grid: [9, 5, 24], 906/1080 cells occupied, max 480 entries/cell
  Built 286574 VDW restraints, 23913 symmetry contacts

────────────────────────────────────────────────────────────────────
  XYZ Refinement
────────────────────────────────────────────────────────────────────

  adp (weight: 0.0200)
  ────────────────────────────────────────────────────────────────
    Metric                       Before      After     Change
    locality                    13689.3    13689.3     0.0000
    scaler_U                     1859.7     1859.7     0.0000
    scaler_log_scale           116124.2   116124.2     0.0000
    sigd                         5253.5     5253.5     0.0000
    simu                        21978.6    21978.6     0.0000

  geometry (weight: 0.2000)
  ────────────────────────────────────────────────────────────────
    Metric                       Before      After     Change
    angle                      -35940.1   -35919.6   +20.5430
    bond                       -26625.3   -26637.3   -11.9648
    chiral                    -400.6180  -401.4257    -0.8077
    nonbonded                  -75896.6   -75950.0   -53.4375
    planarity                  -16096.1   -16109.9   -13.7842
    torsion                      7833.5     7833.0    -0.5112

  other (weight: 1.0000)
  ────────────────────────────────────────────────────────────────
    Metric                       Before      After     Change
    xray                        98091.6    97934.8  -156.7734

  Group Totals
  ────────────────────────────────────────────────────────────────
    Group                        Before      After     Change
    adp                          3178.1     3178.1     0.0000
    geometry                   -29425.1   -29437.0   -11.9929
    xray                        98091.6    97934.8  -156.7734
────────────────────────────────────────────────────────────────────
  VDW rebuild: max drift 3.26 Å > threshold 1.00 Å

Building VDW (non-bonded) restraints...
  Symmetry expansion: 21 valid (symop, offset) combos
  Grid: [9, 5, 24], 906/1080 cells occupied, max 480 entries/cell
  Built 286574 VDW restraints, 23913 symmetry contacts

────────────────────────────────────────────────────────────────────
  ADP Refinement
────────────────────────────────────────────────────────────────────

  adp (weight: 0.0200)
  ────────────────────────────────────────────────────────────────
    Metric                       Before      After     Change
    locality                    13677.2    13568.9  -108.3496
    scaler_U                     1859.7     1859.7     0.0000
    scaler_log_scale           116124.2   116124.2     0.0000
    sigd                         5253.5     5251.0    -2.4692
    simu                        21978.6    21744.7  -233.9160

  geometry (weight: 0.2000)
  ────────────────────────────────────────────────────────────────
    Metric                       Before      After     Change
    angle                      -35919.6   -35919.6     0.0000
    bond                       -26637.3   -26637.3     0.0000
    chiral                    -401.4257  -401.4257     0.0000
    nonbonded                  -75950.0   -75950.0     0.0000
    planarity                  -16109.9   -16109.9     0.0000
    torsion                      7833.0     7833.0     0.0000

  other (weight: 1.0000)
  ────────────────────────────────────────────────────────────────
    Metric                       Before      After     Change
    xray                        97934.8    97944.3    +9.4297

  Group Totals
  ────────────────────────────────────────────────────────────────
    Group                        Before      After     Change
    adp                          3177.9     3171.0    -6.8947
    geometry                   -29437.0   -29437.0     0.0000
    xray                        97934.8    97944.3    +9.4297
────────────────────────────────────────────────────────────────────

============================================================
LBFGS Refinement - Cycle 10/10
============================================================
Refining scales with LBFGS...
Scale refinement complete. rwork: 0.3299, rfree: 0.3875

Final Scale Parameters: 
  c_iso: tensor([ 0.5111,  0.5110,  0.1695, -0.0271, -0.1159,  0.0558])
  U: tensor([ 0.2689,  0.2539,  0.2726, -0.0110,  0.0019, -0.0273])
  solvent.log_k_solvent: -0.9903086423873901
  solvent.log_ss_half: -4.219221591949463
  solvent.log_n_exp: 1.323820948600769
  solvent.phase_offset: -0.039985258132219315
After scaling: Rwork=0.3299, Rfree=0.3875
  VDW rebuild: max drift 3.29 Å > threshold 1.00 Å

Building VDW (non-bonded) restraints...
  Symmetry expansion: 21 valid (symop, offset) combos
  Grid: [9, 5, 24], 906/1080 cells occupied, max 480 entries/cell
  Built 286574 VDW restraints, 23913 symmetry contacts

────────────────────────────────────────────────────────────────────
  XYZ Refinement
────────────────────────────────────────────────────────────────────

  adp (weight: 0.0200)
  ────────────────────────────────────────────────────────────────
    Metric                       Before      After     Change
    locality                    13568.9    13568.9     0.0000
    scaler_U                     1871.9     1871.9     0.0000
    scaler_log_scale           114300.2   114300.2     0.0000
    sigd                         5251.0     5251.0     0.0000
    simu                        21744.7    21744.7     0.0000

  geometry (weight: 0.2000)
  ────────────────────────────────────────────────────────────────
    Metric                       Before      After     Change
    angle                      -35919.6   -35931.0   -11.4062
    bond                       -26637.3   -26594.6   +42.6504
    chiral                    -401.4257  -401.3255    +0.1002
    nonbonded                  -75950.0   -75947.0    +2.9688
    planarity                  -16109.9   -16082.4   +27.4834
    torsion                      7833.0     7838.1    +5.1162

  other (weight: 1.0000)
  ────────────────────────────────────────────────────────────────
    Metric                       Before      After     Change
    xray                        97965.3    97777.8  -187.5000

  Group Totals
  ────────────────────────────────────────────────────────────────
    Group                        Before      After     Change
    adp                          3134.7     3134.7     0.0000
    geometry                   -29437.0   -29423.7   +13.3826
    xray                        97965.3    97777.8  -187.5000
────────────────────────────────────────────────────────────────────
  VDW rebuild: max drift 3.29 Å > threshold 1.00 Å

Building VDW (non-bonded) restraints...
  Symmetry expansion: 21 valid (symop, offset) combos
  Grid: [9, 5, 24], 906/1080 cells occupied, max 480 entries/cell
  Built 286574 VDW restraints, 23913 symmetry contacts

────────────────────────────────────────────────────────────────────
  ADP Refinement
────────────────────────────────────────────────────────────────────

  adp (weight: 0.0200)
  ────────────────────────────────────────────────────────────────
    Metric                       Before      After     Change
    locality                    13553.2    13331.9  -221.2461
    scaler_U                     1871.9     1871.9     0.0000
    scaler_log_scale           114300.2   114300.2     0.0000
    sigd                         5251.0     5243.8    -7.2554
    simu                        21744.7    21446.7  -298.0566

  geometry (weight: 0.2000)
  ────────────────────────────────────────────────────────────────
    Metric                       Before      After     Change
    angle                      -35931.0   -35931.0     0.0000
    bond                       -26594.6   -26594.6     0.0000
    chiral                    -401.3255  -401.3255     0.0000
    nonbonded                  -75947.0   -75947.0     0.0000
    planarity                  -16082.4   -16082.4     0.0000
    torsion                      7838.1     7838.1     0.0000

  other (weight: 1.0000)
  ────────────────────────────────────────────────────────────────
    Metric                       Before      After     Change
    xray                        97777.8    97805.6   +27.7578

  Group Totals
  ────────────────────────────────────────────────────────────────
    Group                        Before      After     Change
    adp                          3134.4     3123.9   -10.5311
    geometry                   -29423.7   -29423.7     0.0000
    xray                        97777.8    97805.6   +27.7578
────────────────────────────────────────────────────────────────────
Calculating initial scale factors using 10 bins.
Refining scales with LBFGS...
Scale refinement complete. rwork: 0.3247, rfree: 0.3853

Final Scale Parameters: 
  c_iso: tensor([ 0.5237,  0.4982,  0.1816, -0.0362, -0.1135,  0.0528])
  U: tensor([ 0.2756,  0.2611,  0.2788, -0.0120,  0.0031, -0.0265])
  solvent.log_k_solvent: -0.9882336258888245
  solvent.log_ss_half: -4.222155570983887
  solvent.log_n_exp: 1.3167356252670288
  solvent.phase_offset: -0.037384919822216034

Refinement completed successfully.

Saving results to /das/work/units/LBR-FEL/p17490/Peter/Library/work_trees_torchref/alignement/alignment_lab/benchmarks/af_mr/runs/dmin4.0/5IAW/refine_phaser_mr...
  Refined structure (PDB): /das/work/units/LBR-FEL/p17490/Peter/Library/work_trees_torchref/alignement/alignment_lab/benchmarks/af_mr/runs/dmin4.0/5IAW/refine_phaser_mr/refined.pdb
  Refined structure (mmCIF): /das/work/units/LBR-FEL/p17490/Peter/Library/work_trees_torchref/alignement/alignment_lab/benchmarks/af_mr/runs/dmin4.0/5IAW/refine_phaser_mr/refined.cif
Added map coefficients:
  2Fo-Fc: FWT, PHWT
  Fo-Fc: DELFWT, PHDELWT
  Resolution range: 2.58 - 144.09 Å
✓ Wrote MTZ file: /das/work/units/LBR-FEL/p17490/Peter/Library/work_trees_torchref/alignement/alignment_lab/benchmarks/af_mr/runs/dmin4.0/5IAW/refine_phaser_mr/refined.mtz
  Reflections: 17753
  Columns: H, K, L, F-obs, SIGF-obs, R-free-flags, FWT, PHWT, DELFWT, PHDELWT, F-model, PH-model
  Refined structure factors: /das/work/units/LBR-FEL/p17490/Peter/Library/work_trees_torchref/alignement/alignment_lab/benchmarks/af_mr/runs/dmin4.0/5IAW/refine_phaser_mr/refined.mtz
  Refinement history: /das/work/units/LBR-FEL/p17490/Peter/Library/work_trees_torchref/alignement/alignment_lab/benchmarks/af_mr/runs/dmin4.0/5IAW/refine_phaser_mr/refinement_history.json

================================================================================
Refinement Summary
================================================================================
R-work:  0.3247 (17023 reflections)
R-free:  0.3853 (334 reflections)
NLL work: 97818.97
NLL test: 1957.28
================================================================================

Output files:
  - /das/work/units/LBR-FEL/p17490/Peter/Library/work_trees_torchref/alignement/alignment_lab/benchmarks/af_mr/runs/dmin4.0/5IAW/refine_phaser_mr/refined.pdb
  - /das/work/units/LBR-FEL/p17490/Peter/Library/work_trees_torchref/alignement/alignment_lab/benchmarks/af_mr/runs/dmin4.0/5IAW/refine_phaser_mr/refined.cif
  - /das/work/units/LBR-FEL/p17490/Peter/Library/work_trees_torchref/alignement/alignment_lab/benchmarks/af_mr/runs/dmin4.0/5IAW/refine_phaser_mr/refined.mtz
  - /das/work/units/LBR-FEL/p17490/Peter/Library/work_trees_torchref/alignement/alignment_lab/benchmarks/af_mr/runs/dmin4.0/5IAW/refine_phaser_mr/refinement_history.json

Refinement completed successfully!

Timing: 202.3s wall, 444.4s CPU
