/das/work/units/LBR-FEL/p17490/Peter/Library/work_trees_torchref/alignement/torchref/cli/refine.py:21: UserWarning: TorchRef using user-specified 8 threads from TORCHREF_NUM_THREADS.
  from torchref.cli._common import (
================================================================================
TorchRef LBFGS Refinement
================================================================================
Model:             /das/work/units/LBR-FEL/p17490/Peter/Library/work_trees_torchref/alignement/alignment_lab/benchmarks/af_mr/runs/dmin3.0/7FHR/torchref_placed.pdb
Structure factor:  /das/work/units/LBR-FEL/p17490/Peter/Library/work_trees_torchref/dev/paper/data/7FHR/7FHR.mtz
Output directory:  /das/work/units/LBR-FEL/p17490/Peter/Library/work_trees_torchref/alignement/alignment_lab/benchmarks/af_mr/runs/dmin3.0/7FHR/refine_torchref_mr
Refinement mode:   separate
X-ray target:      ml
Refinement cycles: 10
Rigid-body step:   on (iterations/cutoff = 30)
Device:            auto
ADP mode:          isotropic
Wavelength:        1 A
Manual weights:    {"adp": 0.02}
================================================================================

Initializing refinement...
found non-finite F values (NaN/Inf):  32
found non-finite F_sigma values (NaN/Inf):  32
Wilson outlier rejection: 1/36901 (0.0027%) of tested reflections flagged (1 too strong, 0 too weak)
Loaded 3336 atoms
Building restraints...
Found 109 link definitions

Building VDW (non-bonded) restraints...
  Symmetry expansion: 31 valid (symop, offset) combos
  Grid: [17, 17, 12], 2512/3468 cells occupied, max 159 entries/cell
  Built 59785 VDW restraints, 4999 symmetry contacts
  Hydrogen topology: 3216 riding H atoms
  H candidate pairs: 139638 (33347 H-H, 106291 H-heavy, 10007 symmetry)
================================================================================
Restraints Summary
================================================================================
CIF file: None
Residue types in dictionary: 20

INTRA-RESIDUE RESTRAINTS:
--------------------------------------------------------------------------------
  Bonds: 3011
  Angles: 3365
  Torsions: 902
  Planes: 681
  Chirals: 477

INTER-RESIDUE RESTRAINTS:
--------------------------------------------------------------------------------
  Peptide bonds: 418
  Peptide angles: 1283
  Disulfide bonds: 0
  Disulfide angles: 0
  Disulfide torsions: 0
  LINK bonds: 0

BACKBONE TORSIONS:
--------------------------------------------------------------------------------
  Phi: 418
  Psi: 418
  Omega: 418
  Ramachandran: 415

VDW RESTRAINTS:
--------------------------------------------------------------------------------
  Non-bonded contacts: 59785 (54786 intra-ASU, 4999 symmetry)
================================================================================
Generated 3216 hydrogens
ADP representation: isotropic, 6552 parameters, 6.1 work reflections each
Initialized ScalerBase with 10 bins.
Building restraints...

Building VDW (non-bonded) restraints...
  Symmetry expansion: 31 valid (symop, offset) combos
  Grid: [17, 17, 12], 2682/3468 cells occupied, max 270 entries/cell
  Built 243801 VDW restraints, 21158 symmetry contacts
================================================================================
Restraints Summary
================================================================================
CIF file: None
Residue types in dictionary: 20

INTRA-RESIDUE RESTRAINTS:
--------------------------------------------------------------------------------
  Bonds: 6227
  Angles: 10289
  Torsions: 1302
  Planes: 1156
  Chirals: 477

INTER-RESIDUE RESTRAINTS:
--------------------------------------------------------------------------------
  Peptide bonds: 418
  Peptide angles: 1672
  Disulfide bonds: 0
  Disulfide angles: 0
  Disulfide torsions: 0
  LINK bonds: 0

BACKBONE TORSIONS:
--------------------------------------------------------------------------------
  Phi: 418
  Psi: 418
  Omega: 418
  Ramachandran: 415

VDW RESTRAINTS:
--------------------------------------------------------------------------------
  Non-bonded contacts: 243801 (222643 intra-ASU, 21158 symmetry)
================================================================================
Initializing TotalGeometryTarget with component targets...
Initializing TotalADPTarget with component targets: simu, locality, sigd
Parametrization built for 5 unique atom types
SfFFT: Using late symmetry (reciprocal space)
