/das/work/units/LBR-FEL/p17490/Peter/Library/work_trees_torchref/alignement/torchref/cli/refine.py:21: UserWarning: TorchRef using user-specified 8 threads from TORCHREF_NUM_THREADS.
  from torchref.cli._common import (
================================================================================
TorchRef LBFGS Refinement
================================================================================
Model:             /das/work/units/LBR-FEL/p17490/Peter/Library/work_trees_torchref/alignement/alignment_lab/benchmarks/af_mr/runs/dmin3.0/1XX1/torchref_placed.pdb
Structure factor:  /das/work/units/LBR-FEL/p17490/Peter/Library/work_trees_torchref/dev/paper/data/1XX1/1XX1.mtz
Output directory:  /das/work/units/LBR-FEL/p17490/Peter/Library/work_trees_torchref/alignement/alignment_lab/benchmarks/af_mr/runs/dmin3.0/1XX1/refine_torchref_mr
Refinement mode:   separate
X-ray target:      ml
Refinement cycles: 10
Rigid-body step:   on (iterations/cutoff = 30)
Device:            auto
ADP mode:          isotropic
Wavelength:        1 A
Manual weights:    {"adp": 0.02}
================================================================================

Initializing refinement...
found non-finite F values (NaN/Inf):  584
found non-finite F_sigma values (NaN/Inf):  584
Wilson outlier rejection: 0/115270 (0.0000%) of tested reflections flagged (0 too strong, 0 too weak)
Loaded 8840 atoms
Building restraints...
Found 109 link definitions

Building VDW (non-bonded) restraints...
  Symmetry expansion: 121 valid (symop, offset) combos
  Grid: [23, 23, 18], 6178/9522 cells occupied, max 804 entries/cell
  Built 198915 VDW restraints, 46976 symmetry contacts
  Hydrogen topology: 8480 riding H atoms
  H candidate pairs: 479271 (123780 H-H, 355491 H-heavy, 87222 symmetry)
================================================================================
Restraints Summary
================================================================================
CIF file: None
Residue types in dictionary: 20

INTRA-RESIDUE RESTRAINTS:
--------------------------------------------------------------------------------
  Bonds: 7968
  Angles: 8968
  Torsions: 2188
  Planes: 1796
  Chirals: 1300

INTER-RESIDUE RESTRAINTS:
--------------------------------------------------------------------------------
  Peptide bonds: 1100
  Peptide angles: 3348
  Disulfide bonds: 4
  Disulfide angles: 8
  Disulfide torsions: 4
  LINK bonds: 0

BACKBONE TORSIONS:
--------------------------------------------------------------------------------
  Phi: 1100
  Psi: 1100
  Omega: 1100
  Ramachandran: 1092

VDW RESTRAINTS:
--------------------------------------------------------------------------------
  Non-bonded contacts: 198915 (151939 intra-ASU, 46976 symmetry)
================================================================================
Generated 8472 hydrogens
ADP representation: isotropic, 17312 parameters, 7.1 work reflections each
Initialized ScalerBase with 10 bins.
Building restraints...

Building VDW (non-bonded) restraints...
  Symmetry expansion: 121 valid (symop, offset) combos
  Grid: [23, 23, 18], 6614/9522 cells occupied, max 1275 entries/cell
  Built 796200 VDW restraints, 182075 symmetry contacts
================================================================================
Restraints Summary
================================================================================
CIF file: None
Residue types in dictionary: 20

INTRA-RESIDUE RESTRAINTS:
--------------------------------------------------------------------------------
  Bonds: 16440
  Angles: 27100
  Torsions: 3264
  Planes: 3036
  Chirals: 1300

INTER-RESIDUE RESTRAINTS:
--------------------------------------------------------------------------------
  Peptide bonds: 1100
  Peptide angles: 4400
  Disulfide bonds: 4
  Disulfide angles: 8
  Disulfide torsions: 4
  LINK bonds: 0

BACKBONE TORSIONS:
--------------------------------------------------------------------------------
  Phi: 1100
  Psi: 1100
  Omega: 1100
  Ramachandran: 1092

VDW RESTRAINTS:
--------------------------------------------------------------------------------
  Non-bonded contacts: 796200 (614125 intra-ASU, 182075 symmetry)
================================================================================
Initializing TotalGeometryTarget with component targets...
Initializing TotalADPTarget with component targets: simu, locality, sigd
Parametrization built for 5 unique atom types
SfFFT: Using late symmetry (reciprocal space)
Calculating initial scale factors using 10 bins.
Refining scales with LBFGS...
Scale refinement complete. rwork: 0.5150, rfree: 0.5119

Final Scale Parameters: 
  c_iso: tensor([ 3.4585,  5.0758,  0.8085,  0.1468, -0.0552,  0.0592])
  U: tensor([ 1.5127,  1.5075,  1.4896, -0.0066, -0.0067, -0.0078])
  solvent.log_k_solvent: -1.6431313753128052
  solvent.log_ss_half: -3.980403423309326
  solvent.log_n_exp: 1.148110270500183
  solvent.phase_offset: 0.140541210770607
Initialized targets with xray_mode='ml'
Applied manual group weights: {'xray': 1.0, 'geometry': 0.2, 'geometry/ramachandran': 0.0, 'adp': 0.02, 'adp/sigd': 1.0, 'adp/node_load': 10.0, 'adp/node_smoothness': 0.0}
Refinement initialized successfully.

Starting refinement with 10 macro cycles...

Rigid-body step enabled: one multi-resolution rigid-body pass will run once at the start of refinement.


--- Rigid-body step (once, at start) ---
Switched to rigid-body parametrization: RigidXYZTensor(n_atoms=17312, n_chains=4) (4 chain(s))
Filtering: 3168/126409 reflections in range [inf - 6.0] Å (3115 valid after all masks)
Initialized ScalerBase with 10 bins.
Calculating initial scale factors using 10 bins.
Calculating initial scale factors using 10 bins.
Refining scales with LBFGS...
Scale refinement complete. rwork: 0.5012, rfree: 0.4854

Final Scale Parameters: 
  c_iso: tensor([-0.9131,  0.1628,  0.2767,  0.0349, -0.7485, -0.0803])
  U: tensor([ 0.2157,  0.1370,  0.2405, -0.2698, -0.0390, -0.3834])
  solvent.log_k_solvent: -1.0367568731307983
  solvent.log_ss_half: -3.962784767150879
  solvent.log_n_exp: 1.5980579853057861
  solvent.phase_offset: -0.5140033960342407
  rigid-body d_min=6.00 (lbfgs, iters=30): Rwork=0.5390 Rfree=0.6706
Filtering: 20065/126409 reflections in range [inf - 3.240697348218379] Å (19860 valid after all masks)
Initialized ScalerBase with 10 bins.
Calculating initial scale factors using 10 bins.
Calculating initial scale factors using 10 bins.
Refining scales with LBFGS...
Scale refinement complete. rwork: 0.5017, rfree: 0.5124

Final Scale Parameters: 
  c_iso: tensor([ 2.0441,  1.7359, -2.6557, -1.4060, -0.4050,  0.2753])
  U: tensor([ 2.2890,  2.3906,  2.3983,  0.0521, -0.0218, -0.0598])
  solvent.log_k_solvent: -1.8428466320037842
  solvent.log_ss_half: -4.432668209075928
  solvent.log_n_exp: 0.9030004739761353
  solvent.phase_offset: 0.19343924522399902
  rigid-body d_min=3.24 (lbfgs, iters=30): Rwork=0.5070 Rfree=0.5049
Filtering: 126409/126409 reflections in range [inf - 1.750353217124939] Å (125825 valid after all masks)
Initialized ScalerBase with 10 bins.
Calculating initial scale factors using 10 bins.
Calculating initial scale factors using 10 bins.
Refining scales with LBFGS...
Scale refinement complete. rwork: 0.5048, rfree: 0.5080

Final Scale Parameters: 
  c_iso: tensor([ 3.5991,  5.2375,  0.8416,  0.1460, -0.0652,  0.0581])
  U: tensor([ 1.5638,  1.5557,  1.5452, -0.0045, -0.0082, -0.0090])
  solvent.log_k_solvent: -1.6243970394134521
  solvent.log_ss_half: -3.996668577194214
  solvent.log_n_exp: 1.1405706405639648
  solvent.phase_offset: 0.08892155438661575
  rigid-body d_min=1.75 (lbfgs, iters=30): Rwork=0.5054 Rfree=0.5182
Initialized ScalerBase with 10 bins.
Calculating initial scale factors using 10 bins.
Calculating initial scale factors using 10 bins.
Refining scales with LBFGS...
Scale refinement complete. rwork: 0.5030, rfree: 0.5076

Final Scale Parameters: 
  c_iso: tensor([ 1.9991,  3.0992,  0.4635,  0.1032, -0.0490,  0.0503])
  U: tensor([ 0.9237,  0.9131,  0.9015, -0.0070, -0.0086, -0.0085])
  solvent.log_k_solvent: -1.139143705368042
  solvent.log_ss_half: -3.748750925064087
  solvent.log_n_exp: 1.5527371168136597
  solvent.phase_offset: -0.25872138142585754
Initialized ScalerBase with 10 bins.
Calculating initial scale factors using 10 bins.
Calculating initial scale factors using 10 bins.
Refining scales with LBFGS...
Scale refinement complete. rwork: 0.5030, rfree: 0.5076

Final Scale Parameters: 
  c_iso: tensor([ 1.9200,  2.9960,  0.4433,  0.1016, -0.0484,  0.0496])
  U: tensor([ 0.8906,  0.8813,  0.8698, -0.0061, -0.0083, -0.0084])
  solvent.log_k_solvent: -1.1266542673110962
  solvent.log_ss_half: -3.733673095703125
  solvent.log_n_exp: 1.5982846021652222
  solvent.phase_offset: -0.256829172372818

============================================================
LBFGS Refinement - Cycle 1/10
============================================================
Refining scales with LBFGS...
Scale refinement complete. rwork: 0.5032, rfree: 0.5093

Final Scale Parameters: 
  c_iso: tensor([ 3.4633,  5.0375,  0.8196,  0.1372, -0.0657,  0.0590])
  U: tensor([ 1.5104,  1.4992,  1.4870, -0.0075, -0.0084, -0.0080])
  solvent.log_k_solvent: -1.4722999334335327
  solvent.log_ss_half: -4.0036396980285645
  solvent.log_n_exp: 1.1060571670532227
  solvent.phase_offset: -0.23394320905208588
After scaling: Rwork=0.5032, Rfree=0.5093
  VDW rebuild: max drift 4.68 Å > threshold 1.00 Å

Building VDW (non-bonded) restraints...
  Symmetry expansion: 121 valid (symop, offset) combos
  Grid: [23, 23, 18], 6614/9522 cells occupied, max 1275 entries/cell
  Built 796200 VDW restraints, 182075 symmetry contacts

────────────────────────────────────────────────────────────────────
  XYZ Refinement
────────────────────────────────────────────────────────────────────

  adp (weight: 0.0200)
  ────────────────────────────────────────────────────────────────
    Metric                       Before      After     Change
    locality                     8449.4     8449.4     0.0000
    scaler_U                   425985.4   425985.4     0.0000
    scaler_log_scale         10972346.0 10972346.0     0.0000
    sigd                        11076.9    11076.9     0.0000
    simu                        29723.4    29723.4     0.0000

  geometry (weight: 0.2000)
  ────────────────────────────────────────────────────────────────
    Metric                       Before      After     Change
    angle                      -70570.0   -38755.4   +31814.6
    bond                       -53839.6   -37779.0   +16060.5
    chiral                    -712.7003  -202.5313  +510.1690
    nonbonded                 1129796.8  -147124.4 -1276921.1
    planarity                  -34907.4   -33790.1    +1117.2
    torsion                     23166.4    24284.8    +1118.4

  other (weight: 1.0000)
  ────────────────────────────────────────────────────────────────
    Metric                       Before      After     Change
    xray                       793720.6   793166.9  -553.6250

  Group Totals
  ────────────────────────────────────────────────────────────────
    Group                        Before      After     Change
    adp                        228951.6   228951.6     0.0000
    geometry                   198586.7   -46673.3  -245260.1
    xray                       793720.6   793166.9  -553.6250
────────────────────────────────────────────────────────────────────
  VDW rebuild: max drift 4.68 Å > threshold 1.00 Å

Building VDW (non-bonded) restraints...
  Symmetry expansion: 121 valid (symop, offset) combos
  Grid: [23, 23, 18], 6614/9522 cells occupied, max 1275 entries/cell
  Built 796200 VDW restraints, 182075 symmetry contacts

────────────────────────────────────────────────────────────────────
  ADP Refinement
────────────────────────────────────────────────────────────────────

  adp (weight: 0.0200)
  ────────────────────────────────────────────────────────────────
    Metric                       Before      After     Change
    locality                     8463.8    22687.6   +14223.8
    scaler_U                   425985.4   425985.4     0.0000
    scaler_log_scale         10972346.0 10972346.0     0.0000
    sigd                        11076.9    20112.0    +9035.1
    simu                        29723.4    34204.2    +4480.8

  geometry (weight: 0.2000)
  ────────────────────────────────────────────────────────────────
    Metric                       Before      After     Change
    angle                      -38755.4   -38755.4     0.0000
    bond                       -37779.0   -37779.0     0.0000
    chiral                    -202.5313  -202.5313     0.0000
    nonbonded                 -147124.4  -147124.4     0.0000
    planarity                  -33790.1   -33790.1     0.0000
    torsion                     24284.8    24284.8     0.0000

  other (weight: 1.0000)
  ────────────────────────────────────────────────────────────────
    Metric                       Before      After     Change
    xray                       793166.9   787289.1    -5877.8

  Group Totals
  ────────────────────────────────────────────────────────────────
    Group                        Before      After     Change
    adp                        228951.9   229506.7  +554.7934
    geometry                   -46673.3   -46673.3     0.0000
    xray                       793166.9   787289.1    -5877.8
────────────────────────────────────────────────────────────────────

============================================================
LBFGS Refinement - Cycle 2/10
============================================================
Refining scales with LBFGS...
Scale refinement complete. rwork: 0.4591, rfree: 0.4749

Final Scale Parameters: 
  c_iso: tensor([ 3.5476,  4.8372,  0.7849,  0.0737, -0.0162,  0.0485])
  U: tensor([ 1.5162,  1.5130,  1.5013, -0.0024, -0.0060, -0.0090])
  solvent.log_k_solvent: -1.3147778511047363
  solvent.log_ss_half: -4.313249111175537
  solvent.log_n_exp: 0.78847336769104
  solvent.phase_offset: 0.0501917265355587
After scaling: Rwork=0.4591, Rfree=0.4749
  VDW rebuild: max drift 5.07 Å > threshold 1.00 Å

Building VDW (non-bonded) restraints...
  Symmetry expansion: 121 valid (symop, offset) combos
  Grid: [23, 23, 18], 6614/9522 cells occupied, max 1275 entries/cell
  Built 796200 VDW restraints, 182075 symmetry contacts

────────────────────────────────────────────────────────────────────
  XYZ Refinement
────────────────────────────────────────────────────────────────────

  adp (weight: 0.0200)
  ────────────────────────────────────────────────────────────────
    Metric                       Before      After     Change
    locality                    22687.6    22687.6     0.0000
    scaler_U                   432444.3   432444.3     0.0000
    scaler_log_scale         10031563.0 10031563.0     0.0000
    sigd                        20112.0    20112.0     0.0000
    simu                        34204.2    34204.2     0.0000

  geometry (weight: 0.2000)
  ────────────────────────────────────────────────────────────────
    Metric                       Before      After     Change
    angle                      -38755.4   -58643.0   -19887.6
    bond                       -37779.0   -49922.4   -12143.3
    chiral                    -202.5313  -498.7899  -296.2586
    nonbonded                 -147124.4  -179379.0   -32254.6
    planarity                  -33790.1   -36079.7    -2289.6
    torsion                     24284.8    24399.1  +114.2539

  other (weight: 1.0000)
  ────────────────────────────────────────────────────────────────
    Metric                       Before      After     Change
    xray                       788074.1   784702.3    -3371.8

  Group Totals
  ────────────────────────────────────────────────────────────────
    Group                        Before      After     Change
    adp                        210820.2   210820.2     0.0000
    geometry                   -46673.3   -60024.8   -13351.4
    xray                       788074.1   784702.3    -3371.8
────────────────────────────────────────────────────────────────────
  VDW rebuild: max drift 5.07 Å > threshold 1.00 Å

Building VDW (non-bonded) restraints...
  Symmetry expansion: 121 valid (symop, offset) combos
  Grid: [23, 23, 18], 6614/9522 cells occupied, max 1275 entries/cell
  Built 796200 VDW restraints, 182075 symmetry contacts

────────────────────────────────────────────────────────────────────
  ADP Refinement
────────────────────────────────────────────────────────────────────

  adp (weight: 0.0200)
  ────────────────────────────────────────────────────────────────
    Metric                       Before      After     Change
    locality                    22718.7    37724.2   +15005.5
    scaler_U                   432444.3   432444.3     0.0000
    scaler_log_scale         10031563.0 10031563.0     0.0000
    sigd                        20112.0    30551.9   +10439.9
    simu                        34204.2    37272.0    +3067.8

  geometry (weight: 0.2000)
  ────────────────────────────────────────────────────────────────
    Metric                       Before      After     Change
    angle                      -58643.0   -58643.0     0.0000
    bond                       -49922.4   -49922.4     0.0000
    chiral                    -498.7899  -498.7899     0.0000
    nonbonded                 -179379.0  -179379.0     0.0000
    planarity                  -36079.7   -36079.7     0.0000
    torsion                     24399.1    24399.1     0.0000

  other (weight: 1.0000)
  ────────────────────────────────────────────────────────────────
    Metric                       Before      After     Change
    xray                       784702.3   783342.6    -1359.7

  Group Totals
  ────────────────────────────────────────────────────────────────
    Group                        Before      After     Change
    adp                        210820.8   211391.1  +570.2639
    geometry                   -60024.8   -60024.8     0.0000
    xray                       784702.3   783342.6    -1359.7
────────────────────────────────────────────────────────────────────

============================================================
LBFGS Refinement - Cycle 3/10
============================================================
Refining scales with LBFGS...
Scale refinement complete. rwork: 0.4377, rfree: 0.4628

Final Scale Parameters: 
  c_iso: tensor([3.5881e+00, 4.6578e+00, 8.1673e-01, 2.1018e-03, 2.9948e-02, 2.0238e-02])
  U: tensor([ 1.4998e+00,  1.5028e+00,  1.4913e+00, -5.1106e-04, -4.2076e-03,
        -1.1427e-02])
  solvent.log_k_solvent: -1.0769609212875366
  solvent.log_ss_half: -4.595213413238525
  solvent.log_n_exp: 0.5153582692146301
  solvent.phase_offset: -0.04549388960003853
After scaling: Rwork=0.4377, Rfree=0.4628
  VDW rebuild: max drift 5.24 Å > threshold 1.00 Å

Building VDW (non-bonded) restraints...
  Symmetry expansion: 121 valid (symop, offset) combos
  Grid: [23, 23, 18], 6614/9522 cells occupied, max 1275 entries/cell
  Built 796200 VDW restraints, 182075 symmetry contacts

────────────────────────────────────────────────────────────────────
  XYZ Refinement
────────────────────────────────────────────────────────────────────

  adp (weight: 0.0200)
  ────────────────────────────────────────────────────────────────
    Metric                       Before      After     Change
    locality                    37724.2    37724.2     0.0000
    scaler_U                   425462.6   425462.6     0.0000
    scaler_log_scale          9520035.0  9520035.0     0.0000
    sigd                        30551.9    30551.9     0.0000
    simu                        37272.0    37272.0     0.0000

  geometry (weight: 0.2000)
  ────────────────────────────────────────────────────────────────
    Metric                       Before      After     Change
    angle                      -58643.0   -64667.3    -6024.3
    bond                       -49922.4   -55528.8    -5606.4
    chiral                    -498.7899  -639.8214  -141.0315
    nonbonded                 -179379.0  -190655.3   -11276.3
    planarity                  -36079.7   -36651.8  -572.0234
    torsion                     24399.1    24354.0   -45.1055

  other (weight: 1.0000)
  ────────────────────────────────────────────────────────────────
    Metric                       Before      After     Change
    xray                       783439.8   782283.0    -1156.8

  Group Totals
  ────────────────────────────────────────────────────────────────
    Group                        Before      After     Change
    adp                        201020.9   201020.9     0.0000
    geometry                   -60024.8   -64757.8    -4733.1
    xray                       783439.8   782283.0    -1156.8
────────────────────────────────────────────────────────────────────
  VDW rebuild: max drift 5.24 Å > threshold 1.00 Å

Building VDW (non-bonded) restraints...
  Symmetry expansion: 121 valid (symop, offset) combos
  Grid: [23, 23, 18], 6614/9522 cells occupied, max 1275 entries/cell
  Built 796200 VDW restraints, 182075 symmetry contacts

────────────────────────────────────────────────────────────────────
  ADP Refinement
────────────────────────────────────────────────────────────────────

  adp (weight: 0.0200)
  ────────────────────────────────────────────────────────────────
    Metric                       Before      After     Change
    locality                    37816.5    39622.8    +1806.3
    scaler_U                   425462.6   425462.6     0.0000
    scaler_log_scale          9520035.0  9520035.0     0.0000
    sigd                        30551.9    34244.5    +3692.6
    simu                        37272.0    37773.8  +501.8711

  geometry (weight: 0.2000)
  ────────────────────────────────────────────────────────────────
    Metric                       Before      After     Change
    angle                      -64667.3   -64667.3     0.0000
    bond                       -55528.8   -55528.8     0.0000
    chiral                    -639.8214  -639.8214     0.0000
    nonbonded                 -190655.3  -190655.3     0.0000
    planarity                  -36651.8   -36651.8     0.0000
    torsion                     24354.0    24354.0     0.0000

  other (weight: 1.0000)
  ────────────────────────────────────────────────────────────────
    Metric                       Before      After     Change
    xray                       782283.0   782087.8  -195.1875

  Group Totals
  ────────────────────────────────────────────────────────────────
    Group                        Before      After     Change
    adp                        201022.8   201142.8  +120.0164
    geometry                   -64757.8   -64757.8     0.0000
    xray                       782283.0   782087.8  -195.1875
────────────────────────────────────────────────────────────────────

============================================================
LBFGS Refinement - Cycle 4/10
============================================================
Refining scales with LBFGS...
Scale refinement complete. rwork: 0.4318, rfree: 0.4571

Final Scale Parameters: 
  c_iso: tensor([ 3.5841e+00,  4.5833e+00,  8.3544e-01, -1.9560e-02,  4.4120e-02,
         3.9663e-03])
  U: tensor([ 1.4920e+00,  1.4954e+00,  1.4843e+00, -1.4524e-03, -3.9418e-03,
        -1.3720e-02])
  solvent.log_k_solvent: -0.9974307417869568
  solvent.log_ss_half: -4.716597080230713
  solvent.log_n_exp: 0.4130692481994629
  solvent.phase_offset: -0.08773265779018402
After scaling: Rwork=0.4318, Rfree=0.4571
  VDW rebuild: max drift 5.38 Å > threshold 1.00 Å

Building VDW (non-bonded) restraints...
  Symmetry expansion: 121 valid (symop, offset) combos
  Grid: [23, 23, 18], 6614/9522 cells occupied, max 1275 entries/cell
  Built 796200 VDW restraints, 182075 symmetry contacts

────────────────────────────────────────────────────────────────────
  XYZ Refinement
────────────────────────────────────────────────────────────────────

  adp (weight: 0.0200)
  ────────────────────────────────────────────────────────────────
    Metric                       Before      After     Change
    locality                    39622.8    39622.8     0.0000
    scaler_U                   421282.6   421282.6     0.0000
    scaler_log_scale          9349066.0  9349066.0     0.0000
    sigd                        34244.5    34244.5     0.0000
    simu                        37773.8    37773.8     0.0000

  geometry (weight: 0.2000)
  ────────────────────────────────────────────────────────────────
    Metric                       Before      After     Change
    angle                      -64667.3   -68375.1    -3707.8
    bond                       -55528.8   -56570.5    -1041.7
    chiral                    -639.8214  -675.7422   -35.9208
    nonbonded                 -190655.3  -196087.4    -5432.1
    planarity                  -36651.8   -37102.0  -450.2617
    torsion                     24354.0    24381.5   +27.5703

  other (weight: 1.0000)
  ────────────────────────────────────────────────────────────────
    Metric                       Before      After     Change
    xray                       782124.8   781454.1  -670.6250

  Group Totals
  ────────────────────────────────────────────────────────────────
    Group                        Before      After     Change
    adp                        197639.8   197639.8     0.0000
    geometry                   -64757.8   -66885.9    -2128.0
    xray                       782124.8   781454.1  -670.6250
────────────────────────────────────────────────────────────────────
  VDW rebuild: max drift 5.38 Å > threshold 1.00 Å

Building VDW (non-bonded) restraints...
  Symmetry expansion: 121 valid (symop, offset) combos
  Grid: [23, 23, 18], 6614/9522 cells occupied, max 1275 entries/cell
  Built 796200 VDW restraints, 182075 symmetry contacts

────────────────────────────────────────────────────────────────────
  ADP Refinement
────────────────────────────────────────────────────────────────────

  adp (weight: 0.0200)
  ────────────────────────────────────────────────────────────────
    Metric                       Before      After     Change
    locality                    39715.7    39563.2  -152.4883
    scaler_U                   421282.6   421282.6     0.0000
    scaler_log_scale          9349066.0  9349066.0     0.0000
    sigd                        34244.5    35777.0    +1532.5
    simu                        37773.8    37868.8   +94.9688

  geometry (weight: 0.2000)
  ────────────────────────────────────────────────────────────────
    Metric                       Before      After     Change
    angle                      -68375.1   -68375.1     0.0000
    bond                       -56570.5   -56570.5     0.0000
    chiral                    -675.7422  -675.7422     0.0000
    nonbonded                 -196087.4  -196087.4     0.0000
    planarity                  -37102.0   -37102.0     0.0000
    torsion                     24381.5    24381.5     0.0000

  other (weight: 1.0000)
  ────────────────────────────────────────────────────────────────
    Metric                       Before      After     Change
    xray                       781454.1   781414.2   -39.9375

  Group Totals
  ────────────────────────────────────────────────────────────────
    Group                        Before      After     Change
    adp                        197641.6   197671.1   +29.4995
    geometry                   -66885.9   -66885.9     0.0000
    xray                       781454.1   781414.2   -39.9375
────────────────────────────────────────────────────────────────────

============================================================
LBFGS Refinement - Cycle 5/10
============================================================
Refining scales with LBFGS...
Scale refinement complete. rwork: 0.4288, rfree: 0.4547

Final Scale Parameters: 
  c_iso: tensor([ 3.5890e+00,  4.5469e+00,  8.5296e-01, -3.4782e-02,  5.4497e-02,
        -4.5160e-03])
  U: tensor([ 1.4883e+00,  1.4940e+00,  1.4825e+00, -7.8499e-04, -3.6348e-03,
        -1.3698e-02])
  solvent.log_k_solvent: -0.958860456943512
  solvent.log_ss_half: -4.776538848876953
  solvent.log_n_exp: 0.3680476248264313
  solvent.phase_offset: -0.0922098383307457
After scaling: Rwork=0.4288, Rfree=0.4547
  VDW rebuild: max drift 5.56 Å > threshold 1.00 Å

Building VDW (non-bonded) restraints...
  Symmetry expansion: 121 valid (symop, offset) combos
  Grid: [23, 23, 18], 6614/9522 cells occupied, max 1275 entries/cell
  Built 796200 VDW restraints, 182075 symmetry contacts

────────────────────────────────────────────────────────────────────
  XYZ Refinement
────────────────────────────────────────────────────────────────────

  adp (weight: 0.0200)
  ────────────────────────────────────────────────────────────────
    Metric                       Before      After     Change
    locality                    39563.2    39563.2     0.0000
    scaler_U                   419990.6   419990.6     0.0000
    scaler_log_scale          9296642.0  9296642.0     0.0000
    sigd                        35777.0    35777.0     0.0000
    simu                        37868.8    37868.8     0.0000

  geometry (weight: 0.2000)
  ────────────────────────────────────────────────────────────────
    Metric                       Before      After     Change
    angle                      -68375.1   -70784.9    -2409.8
    bond                       -56570.5   -57491.4  -920.9141
    chiral                    -675.7422  -728.2896   -52.5474
    nonbonded                 -196087.4  -199294.7    -3207.3
    planarity                  -37102.0   -37239.6  -137.5469
    torsion                     24381.5    24287.0   -94.4941

  other (weight: 1.0000)
  ────────────────────────────────────────────────────────────────
    Metric                       Before      After     Change
    xray                       781463.6   781187.8  -275.7500

  Group Totals
  ────────────────────────────────────────────────────────────────
    Group                        Before      After     Change
    adp                        196596.8   196596.8     0.0000
    geometry                   -66885.9   -68250.4    -1364.5
    xray                       781463.6   781187.8  -275.7500
────────────────────────────────────────────────────────────────────
  VDW rebuild: max drift 5.56 Å > threshold 1.00 Å

Building VDW (non-bonded) restraints...
  Symmetry expansion: 121 valid (symop, offset) combos
  Grid: [23, 23, 18], 6614/9522 cells occupied, max 1275 entries/cell
  Built 796200 VDW restraints, 182075 symmetry contacts

────────────────────────────────────────────────────────────────────
  ADP Refinement
────────────────────────────────────────────────────────────────────

  adp (weight: 0.0200)
  ────────────────────────────────────────────────────────────────
    Metric                       Before      After     Change
    locality                    39598.8    40880.4    +1281.6
    scaler_U                   419990.6   419990.6     0.0000
    scaler_log_scale          9296642.0  9296642.0     0.0000
    sigd                        35777.0    37107.4    +1330.4
    simu                        37868.8    37787.0   -81.7812

  geometry (weight: 0.2000)
  ────────────────────────────────────────────────────────────────
    Metric                       Before      After     Change
    angle                      -70784.9   -70784.9     0.0000
    bond                       -57491.4   -57491.4     0.0000
    chiral                    -728.2896  -728.2896     0.0000
    nonbonded                 -199294.7  -199294.7     0.0000
    planarity                  -37239.6   -37239.6     0.0000
    torsion                     24287.0    24287.0     0.0000

  other (weight: 1.0000)
  ────────────────────────────────────────────────────────────────
    Metric                       Before      After     Change
    xray                       781187.8   781148.2   -39.5625

  Group Totals
  ────────────────────────────────────────────────────────────────
    Group                        Before      After     Change
    adp                        196597.5   196648.1   +50.6047
    geometry                   -68250.4   -68250.4     0.0000
    xray                       781187.8   781148.2   -39.5625
────────────────────────────────────────────────────────────────────

============================================================
LBFGS Refinement - Cycle 6/10
============================================================
Refining scales with LBFGS...
Scale refinement complete. rwork: 0.4275, rfree: 0.4530

Final Scale Parameters: 
  c_iso: tensor([ 3.5817,  4.5304,  0.8533, -0.0385,  0.0565, -0.0075])
  U: tensor([ 1.4830e+00,  1.4924e+00,  1.4814e+00,  6.5048e-04, -3.2186e-03,
        -1.4319e-02])
  solvent.log_k_solvent: -0.9496465921401978
  solvent.log_ss_half: -4.818317890167236
  solvent.log_n_exp: 0.3316572308540344
  solvent.phase_offset: -0.09806011617183685
After scaling: Rwork=0.4275, Rfree=0.4530
  VDW rebuild: max drift 5.65 Å > threshold 1.00 Å

Building VDW (non-bonded) restraints...
  Symmetry expansion: 121 valid (symop, offset) combos
  Grid: [23, 23, 18], 6614/9522 cells occupied, max 1275 entries/cell
  Built 796200 VDW restraints, 182075 symmetry contacts

────────────────────────────────────────────────────────────────────
  XYZ Refinement
────────────────────────────────────────────────────────────────────

  adp (weight: 0.0200)
  ────────────────────────────────────────────────────────────────
    Metric                       Before      After     Change
    locality                    40880.4    40880.4     0.0000
    scaler_U                   418471.0   418471.0     0.0000
    scaler_log_scale          9244383.0  9244383.0     0.0000
    sigd                        37107.4    37107.4     0.0000
    simu                        37787.0    37787.0     0.0000

  geometry (weight: 0.2000)
  ────────────────────────────────────────────────────────────────
    Metric                       Before      After     Change
    angle                      -70784.9   -72488.1    -1703.2
    bond                       -57491.4   -57748.1  -256.7148
    chiral                    -728.2896  -741.2531   -12.9635
    nonbonded                 -199294.7  -201123.8    -1829.1
    planarity                  -37239.6   -37453.8  -214.1758
    torsion                     24287.0    24268.0   -19.0371

  other (weight: 1.0000)
  ────────────────────────────────────────────────────────────────
    Metric                       Before      After     Change
    xray                       781208.4   780925.9  -282.5000

  Group Totals
  ────────────────────────────────────────────────────────────────
    Group                        Before      After     Change
    adp                        195572.6   195572.6     0.0000
    geometry                   -68250.4   -69057.4  -807.0326
    xray                       781208.4   780925.9  -282.5000
────────────────────────────────────────────────────────────────────
  VDW rebuild: max drift 5.65 Å > threshold 1.00 Å

Building VDW (non-bonded) restraints...
  Symmetry expansion: 121 valid (symop, offset) combos
  Grid: [23, 23, 18], 6614/9522 cells occupied, max 1275 entries/cell
  Built 796200 VDW restraints, 182075 symmetry contacts

────────────────────────────────────────────────────────────────────
  ADP Refinement
────────────────────────────────────────────────────────────────────

  adp (weight: 0.0200)
  ────────────────────────────────────────────────────────────────
    Metric                       Before      After     Change
    locality                    40921.0    40506.3  -414.6133
    scaler_U                   418471.0   418471.0     0.0000
    scaler_log_scale          9244383.0  9244383.0     0.0000
    sigd                        37107.4    38336.0    +1228.6
    simu                        37787.0    37646.6  -140.4102

  geometry (weight: 0.2000)
  ────────────────────────────────────────────────────────────────
    Metric                       Before      After     Change
    angle                      -72488.1   -72488.1     0.0000
    bond                       -57748.1   -57748.1     0.0000
    chiral                    -741.2531  -741.2531     0.0000
    nonbonded                 -201123.8  -201123.8     0.0000
    planarity                  -37453.8   -37453.8     0.0000
    torsion                     24268.0    24268.0     0.0000

  other (weight: 1.0000)
  ────────────────────────────────────────────────────────────────
    Metric                       Before      After     Change
    xray                       780925.9   780962.0   +36.1250

  Group Totals
  ────────────────────────────────────────────────────────────────
    Group                        Before      After     Change
    adp                        195573.4   195586.9   +13.4709
    geometry                   -69057.4   -69057.4     0.0000
    xray                       780925.9   780962.0   +36.1250
────────────────────────────────────────────────────────────────────

============================================================
LBFGS Refinement - Cycle 7/10
============================================================
Refining scales with LBFGS...
Scale refinement complete. rwork: 0.4264, rfree: 0.4515

Final Scale Parameters: 
  c_iso: tensor([ 3.5803,  4.5150,  0.8581, -0.0437,  0.0609, -0.0095])
  U: tensor([ 1.4812e+00,  1.4928e+00,  1.4812e+00,  9.1416e-04, -2.4602e-03,
        -1.4455e-02])
  solvent.log_k_solvent: -0.9416511654853821
  solvent.log_ss_half: -4.838330268859863
  solvent.log_n_exp: 0.32079410552978516
  solvent.phase_offset: -0.09483309835195541
After scaling: Rwork=0.4264, Rfree=0.4515
  VDW rebuild: max drift 5.83 Å > threshold 1.00 Å

Building VDW (non-bonded) restraints...
  Symmetry expansion: 121 valid (symop, offset) combos
  Grid: [23, 23, 18], 6614/9522 cells occupied, max 1275 entries/cell
  Built 796200 VDW restraints, 182075 symmetry contacts

────────────────────────────────────────────────────────────────────
  XYZ Refinement
────────────────────────────────────────────────────────────────────

  adp (weight: 0.0200)
  ────────────────────────────────────────────────────────────────
    Metric                       Before      After     Change
    locality                    40506.3    40506.3     0.0000
    scaler_U                   418179.6   418179.6     0.0000
    scaler_log_scale          9208577.0  9208577.0     0.0000
    sigd                        38336.0    38336.0     0.0000
    simu                        37646.6    37646.6     0.0000

  geometry (weight: 0.2000)
  ────────────────────────────────────────────────────────────────
    Metric                       Before      After     Change
    angle                      -72488.1   -73763.7    -1275.6
    bond                       -57748.1   -58115.6  -367.5273
    chiral                    -741.2531  -773.7399   -32.4869
    nonbonded                 -201123.8  -202726.0    -1602.1
    planarity                  -37453.8   -37559.6  -105.8125
    torsion                     24268.0    24242.7   -25.2559

  other (weight: 1.0000)
  ────────────────────────────────────────────────────────────────
    Metric                       Before      After     Change
    xray                       781035.9   780843.8  -192.1875

  Group Totals
  ────────────────────────────────────────────────────────────────
    Group                        Before      After     Change
    adp                        194864.9   194864.9     0.0000
    geometry                   -69057.4   -69739.2  -681.7679
    xray                       781035.9   780843.8  -192.1875
────────────────────────────────────────────────────────────────────
  VDW rebuild: max drift 5.83 Å > threshold 1.00 Å

Building VDW (non-bonded) restraints...
  Symmetry expansion: 121 valid (symop, offset) combos
  Grid: [23, 23, 18], 6614/9522 cells occupied, max 1275 entries/cell
  Built 796200 VDW restraints, 182075 symmetry contacts

────────────────────────────────────────────────────────────────────
  ADP Refinement
────────────────────────────────────────────────────────────────────

  adp (weight: 0.0200)
  ────────────────────────────────────────────────────────────────
    Metric                       Before      After     Change
    locality                    40538.5    40310.0  -228.4805
    scaler_U                   418179.6   418179.6     0.0000
    scaler_log_scale          9208577.0  9208577.0     0.0000
    sigd                        38336.0    39571.1    +1235.1
    simu                        37646.6    37493.4  -153.2344

  geometry (weight: 0.2000)
  ────────────────────────────────────────────────────────────────
    Metric                       Before      After     Change
    angle                      -73763.7   -73763.7     0.0000
    bond                       -58115.6   -58115.6     0.0000
    chiral                    -773.7399  -773.7399     0.0000
    nonbonded                 -202726.0  -202726.0     0.0000
    planarity                  -37559.6   -37559.6     0.0000
    torsion                     24242.7    24242.7     0.0000

  other (weight: 1.0000)
  ────────────────────────────────────────────────────────────────
    Metric                       Before      After     Change
    xray                       780843.8   780873.1   +29.3125

  Group Totals
  ────────────────────────────────────────────────────────────────
    Group                        Before      After     Change
    adp                        194865.5   194882.6   +17.0675
    geometry                   -69739.2   -69739.2     0.0000
    xray                       780843.8   780873.1   +29.3125
────────────────────────────────────────────────────────────────────

============================================================
LBFGS Refinement - Cycle 8/10
============================================================
Refining scales with LBFGS...
Scale refinement complete. rwork: 0.4260, rfree: 0.4503

Final Scale Parameters: 
  c_iso: tensor([ 3.5803,  4.5080,  0.8611, -0.0454,  0.0620, -0.0105])
  U: tensor([ 1.4822e+00,  1.4947e+00,  1.4825e+00,  3.2515e-04, -1.5837e-03,
        -1.4958e-02])
  solvent.log_k_solvent: -0.9412037134170532
  solvent.log_ss_half: -4.842041015625
  solvent.log_n_exp: 0.31858137249946594
  solvent.phase_offset: -0.09102360159158707
After scaling: Rwork=0.4260, Rfree=0.4503
  VDW rebuild: max drift 6.03 Å > threshold 1.00 Å

Building VDW (non-bonded) restraints...
  Symmetry expansion: 121 valid (symop, offset) combos
  Grid: [23, 23, 18], 6614/9522 cells occupied, max 1275 entries/cell
  Built 796200 VDW restraints, 182075 symmetry contacts

────────────────────────────────────────────────────────────────────
  XYZ Refinement
────────────────────────────────────────────────────────────────────

  adp (weight: 0.0200)
  ────────────────────────────────────────────────────────────────
    Metric                       Before      After     Change
    locality                    40310.0    40310.0     0.0000
    scaler_U                   418970.9   418970.9     0.0000
    scaler_log_scale          9197549.0  9197549.0     0.0000
    sigd                        39571.1    39571.1     0.0000
    simu                        37493.4    37493.4     0.0000

  geometry (weight: 0.2000)
  ────────────────────────────────────────────────────────────────
    Metric                       Before      After     Change
    angle                      -73763.7   -74790.0    -1026.3
    bond                       -58115.6   -58261.0  -145.3906
    chiral                    -773.7399  -778.9053    -5.1654
    nonbonded                 -202726.0  -203834.3    -1108.4
    planarity                  -37559.6   -37768.0  -208.4648
    torsion                     24242.7    24234.2    -8.4961

  other (weight: 1.0000)
  ────────────────────────────────────────────────────────────────
    Metric                       Before      After     Change
    xray                       780940.6   780700.1  -240.5000

  Group Totals
  ────────────────────────────────────────────────────────────────
    Group                        Before      After     Change
    adp                        194677.9   194677.9     0.0000
    geometry                   -69739.2   -70239.6  -500.4398
    xray                       780940.6   780700.1  -240.5000
────────────────────────────────────────────────────────────────────
  VDW rebuild: max drift 6.03 Å > threshold 1.00 Å

Building VDW (non-bonded) restraints...
  Symmetry expansion: 121 valid (symop, offset) combos
  Grid: [23, 23, 18], 6614/9522 cells occupied, max 1275 entries/cell
  Built 796200 VDW restraints, 182075 symmetry contacts

────────────────────────────────────────────────────────────────────
  ADP Refinement
────────────────────────────────────────────────────────────────────

  adp (weight: 0.0200)
  ────────────────────────────────────────────────────────────────
    Metric                       Before      After     Change
    locality                    40350.3    40003.8  -346.5078
    scaler_U                   418970.9   418970.9     0.0000
    scaler_log_scale          9197549.0  9197549.0     0.0000
    sigd                        39571.1    40537.5  +966.3750
    simu                        37493.4    37363.5  -129.8672

  geometry (weight: 0.2000)
  ────────────────────────────────────────────────────────────────
    Metric                       Before      After     Change
    angle                      -74790.0   -74790.0     0.0000
    bond                       -58261.0   -58261.0     0.0000
    chiral                    -778.9053  -778.9053     0.0000
    nonbonded                 -203834.3  -203834.3     0.0000
    planarity                  -37768.0   -37768.0     0.0000
    torsion                     24234.2    24234.2     0.0000

  other (weight: 1.0000)
  ────────────────────────────────────────────────────────────────
    Metric                       Before      After     Change
    xray                       780700.1   780740.8   +40.6250

  Group Totals
  ────────────────────────────────────────────────────────────────
    Group                        Before      After     Change
    adp                        194678.7   194688.5    +9.8000
    geometry                   -70239.6   -70239.6     0.0000
    xray                       780700.1   780740.8   +40.6250
────────────────────────────────────────────────────────────────────

============================================================
LBFGS Refinement - Cycle 9/10
============================================================
Refining scales with LBFGS...
Scale refinement complete. rwork: 0.4251, rfree: 0.4500

Final Scale Parameters: 
  c_iso: tensor([ 3.5777,  4.4954,  0.8648, -0.0503,  0.0653, -0.0128])
  U: tensor([ 1.4813e+00,  1.4947e+00,  1.4826e+00,  8.6774e-04, -1.7287e-03,
        -1.4808e-02])
  solvent.log_k_solvent: -0.9345394372940063
  solvent.log_ss_half: -4.857873916625977
  solvent.log_n_exp: 0.30801132321357727
  solvent.phase_offset: -0.0897691547870636
After scaling: Rwork=0.4251, Rfree=0.4500
  VDW rebuild: max drift 6.15 Å > threshold 1.00 Å

Building VDW (non-bonded) restraints...
  Symmetry expansion: 121 valid (symop, offset) combos
  Grid: [23, 23, 18], 6614/9522 cells occupied, max 1275 entries/cell
  Built 796200 VDW restraints, 182075 symmetry contacts

────────────────────────────────────────────────────────────────────
  XYZ Refinement
────────────────────────────────────────────────────────────────────

  adp (weight: 0.0200)
  ────────────────────────────────────────────────────────────────
    Metric                       Before      After     Change
    locality                    40003.8    40003.8     0.0000
    scaler_U                   418811.1   418811.1     0.0000
    scaler_log_scale          9168916.0  9168916.0     0.0000
    sigd                        40537.5    40537.5     0.0000
    simu                        37363.5    37363.5     0.0000

  geometry (weight: 0.2000)
  ────────────────────────────────────────────────────────────────
    Metric                       Before      After     Change
    angle                      -74790.0   -75393.1  -603.0156
    bond                       -58261.0   -58459.9  -198.8164
    chiral                    -778.9053  -793.1938   -14.2885
    nonbonded                 -203834.3  -204834.7    -1000.4
    planarity                  -37768.0   -37839.0   -71.0117
    torsion                     24234.2    24205.9   -28.3086

  other (weight: 1.0000)
  ────────────────────────────────────────────────────────────────
    Metric                       Before      After     Change
    xray                       780813.2   780642.5  -170.7500

  Group Totals
  ────────────────────────────────────────────────────────────────
    Group                        Before      After     Change
    adp                        194112.6   194112.6     0.0000
    geometry                   -70239.6   -70622.8  -383.1624
    xray                       780813.2   780642.5  -170.7500
────────────────────────────────────────────────────────────────────
  VDW rebuild: max drift 6.15 Å > threshold 1.00 Å

Building VDW (non-bonded) restraints...
  Symmetry expansion: 121 valid (symop, offset) combos
  Grid: [23, 23, 18], 6614/9522 cells occupied, max 1275 entries/cell
  Built 796200 VDW restraints, 182075 symmetry contacts

────────────────────────────────────────────────────────────────────
  ADP Refinement
────────────────────────────────────────────────────────────────────

  adp (weight: 0.0200)
  ────────────────────────────────────────────────────────────────
    Metric                       Before      After     Change
    locality                    40025.9    39762.3  -263.5625
    scaler_U                   418811.1   418811.1     0.0000
    scaler_log_scale          9168916.0  9168916.0     0.0000
    sigd                        40537.5    41357.4  +819.9062
    simu                        37363.5    37247.6  -115.9141

  geometry (weight: 0.2000)
  ────────────────────────────────────────────────────────────────
    Metric                       Before      After     Change
    angle                      -75393.1   -75393.1     0.0000
    bond                       -58459.9   -58459.9     0.0000
    chiral                    -793.1938  -793.1938     0.0000
    nonbonded                 -204834.7  -204834.7     0.0000
    planarity                  -37839.0   -37839.0     0.0000
    torsion                     24205.9    24205.9     0.0000

  other (weight: 1.0000)
  ────────────────────────────────────────────────────────────────
    Metric                       Before      After     Change
    xray                       780642.5   780681.3   +38.8125

  Group Totals
  ────────────────────────────────────────────────────────────────
    Group                        Before      After     Change
    adp                        194113.1   194121.9    +8.8086
    geometry                   -70622.8   -70622.8     0.0000
    xray                       780642.5   780681.3   +38.8125
────────────────────────────────────────────────────────────────────

============================================================
LBFGS Refinement - Cycle 10/10
============================================================
Refining scales with LBFGS...
Scale refinement complete. rwork: 0.4249, rfree: 0.4497

Final Scale Parameters: 
  c_iso: tensor([ 3.5730,  4.4857,  0.8660, -0.0518,  0.0661, -0.0133])
  U: tensor([ 1.4815e+00,  1.4946e+00,  1.4826e+00,  5.4304e-04, -1.5995e-03,
        -1.5059e-02])
  solvent.log_k_solvent: -0.9303044080734253
  solvent.log_ss_half: -4.873164176940918
  solvent.log_n_exp: 0.29723241925239563
  solvent.phase_offset: -0.09280233830213547
After scaling: Rwork=0.4249, Rfree=0.4497
  VDW rebuild: max drift 6.25 Å > threshold 1.00 Å

Building VDW (non-bonded) restraints...
  Symmetry expansion: 121 valid (symop, offset) combos
  Grid: [23, 23, 18], 6614/9522 cells occupied, max 1275 entries/cell
  Built 796200 VDW restraints, 182075 symmetry contacts

────────────────────────────────────────────────────────────────────
  XYZ Refinement
────────────────────────────────────────────────────────────────────

  adp (weight: 0.0200)
  ────────────────────────────────────────────────────────────────
    Metric                       Before      After     Change
    locality                    39762.3    39762.3     0.0000
    scaler_U                   418840.8   418840.8     0.0000
    scaler_log_scale          9141570.0  9141570.0     0.0000
    sigd                        41357.4    41357.4     0.0000
    simu                        37247.6    37247.6     0.0000

  geometry (weight: 0.2000)
  ────────────────────────────────────────────────────────────────
    Metric                       Before      After     Change
    angle                      -75393.1   -75922.2  -529.1250
    bond                       -58459.9   -58556.4   -96.5859
    chiral                    -793.1938  -792.8615    +0.3323
    nonbonded                 -204834.7  -205428.7  -594.0156
    planarity                  -37839.0   -37927.8   -88.7891
    torsion                     24205.9    24220.7   +14.7324

  other (weight: 1.0000)
  ────────────────────────────────────────────────────────────────
    Metric                       Before      After     Change
    xray                       780750.4   780556.0  -194.3750

  Group Totals
  ────────────────────────────────────────────────────────────────
    Group                        Before      After     Change
    adp                        193575.6   193575.6     0.0000
    geometry                   -70622.8   -70881.5  -258.6913
    xray                       780750.4   780556.0  -194.3750
────────────────────────────────────────────────────────────────────
  VDW rebuild: max drift 6.25 Å > threshold 1.00 Å

Building VDW (non-bonded) restraints...
  Symmetry expansion: 121 valid (symop, offset) combos
  Grid: [23, 23, 18], 6614/9522 cells occupied, max 1275 entries/cell
  Built 796200 VDW restraints, 182075 symmetry contacts

────────────────────────────────────────────────────────────────────
  ADP Refinement
────────────────────────────────────────────────────────────────────

  adp (weight: 0.0200)
  ────────────────────────────────────────────────────────────────
    Metric                       Before      After     Change
    locality                    39791.0    39621.1  -169.9023
    scaler_U                   418840.8   418840.8     0.0000
    scaler_log_scale          9141570.0  9141570.0     0.0000
    sigd                        41357.4    41951.5  +594.1406
    simu                        37247.6    37174.1   -73.4609

  geometry (weight: 0.2000)
  ────────────────────────────────────────────────────────────────
    Metric                       Before      After     Change
    angle                      -75922.2   -75922.2     0.0000
    bond                       -58556.4   -58556.4     0.0000
    chiral                    -792.8615  -792.8615     0.0000
    nonbonded                 -205428.7  -205428.7     0.0000
    planarity                  -37927.8   -37927.8     0.0000
    torsion                     24220.7    24220.7     0.0000

  other (weight: 1.0000)
  ────────────────────────────────────────────────────────────────
    Metric                       Before      After     Change
    xray                       780556.0   780597.8   +41.8125

  Group Totals
  ────────────────────────────────────────────────────────────────
    Group                        Before      After     Change
    adp                        193576.1   193583.1    +7.0156
    geometry                   -70881.5   -70881.5     0.0000
    xray                       780556.0   780597.8   +41.8125
────────────────────────────────────────────────────────────────────
Calculating initial scale factors using 10 bins.
Refining scales with LBFGS...
Scale refinement complete. rwork: 0.4242, rfree: 0.4486

Final Scale Parameters: 
  c_iso: tensor([-0.0678, -0.0950, -0.1041, -0.0653,  0.0699, -0.0163])
  U: tensor([ 0.0576,  0.0700,  0.0579, -0.0002, -0.0014, -0.0156])
  solvent.log_k_solvent: -0.8402733206748962
  solvent.log_ss_half: -3.635357141494751
  solvent.log_n_exp: 1.8432085514068604
  solvent.phase_offset: -0.08737436681985855

Refinement completed successfully.

Saving results to /das/work/units/LBR-FEL/p17490/Peter/Library/work_trees_torchref/alignement/alignment_lab/benchmarks/af_mr/runs/dmin3.0/1XX1/refine_torchref_mr...
  Refined structure (PDB): /das/work/units/LBR-FEL/p17490/Peter/Library/work_trees_torchref/alignement/alignment_lab/benchmarks/af_mr/runs/dmin3.0/1XX1/refine_torchref_mr/refined.pdb
  Refined structure (mmCIF): /das/work/units/LBR-FEL/p17490/Peter/Library/work_trees_torchref/alignement/alignment_lab/benchmarks/af_mr/runs/dmin3.0/1XX1/refine_torchref_mr/refined.cif
Added map coefficients:
  2Fo-Fc: FWT, PHWT
  Fo-Fc: DELFWT, PHDELWT
  Resolution range: 1.75 - 22.88 Å
✓ Wrote MTZ file: /das/work/units/LBR-FEL/p17490/Peter/Library/work_trees_torchref/alignement/alignment_lab/benchmarks/af_mr/runs/dmin3.0/1XX1/refine_torchref_mr/refined.mtz
  Reflections: 126409
  Columns: H, K, L, F-obs, SIGF-obs, R-free-flags, FWT, PHWT, DELFWT, PHDELWT, F-model, PH-model
  Refined structure factors: /das/work/units/LBR-FEL/p17490/Peter/Library/work_trees_torchref/alignement/alignment_lab/benchmarks/af_mr/runs/dmin3.0/1XX1/refine_torchref_mr/refined.mtz
  Refinement history: /das/work/units/LBR-FEL/p17490/Peter/Library/work_trees_torchref/alignement/alignment_lab/benchmarks/af_mr/runs/dmin3.0/1XX1/refine_torchref_mr/refinement_history.json

================================================================================
Refinement Summary
================================================================================
R-work:  0.4242 (123320 reflections)
R-free:  0.4486 (2505 reflections)
NLL work: 780659.88
NLL test: 15893.53
================================================================================

Output files:
  - /das/work/units/LBR-FEL/p17490/Peter/Library/work_trees_torchref/alignement/alignment_lab/benchmarks/af_mr/runs/dmin3.0/1XX1/refine_torchref_mr/refined.pdb
  - /das/work/units/LBR-FEL/p17490/Peter/Library/work_trees_torchref/alignement/alignment_lab/benchmarks/af_mr/runs/dmin3.0/1XX1/refine_torchref_mr/refined.cif
  - /das/work/units/LBR-FEL/p17490/Peter/Library/work_trees_torchref/alignement/alignment_lab/benchmarks/af_mr/runs/dmin3.0/1XX1/refine_torchref_mr/refined.mtz
  - /das/work/units/LBR-FEL/p17490/Peter/Library/work_trees_torchref/alignement/alignment_lab/benchmarks/af_mr/runs/dmin3.0/1XX1/refine_torchref_mr/refinement_history.json

Refinement completed successfully!

Timing: 1170.8s wall, 5881.6s CPU
