/das/work/units/LBR-FEL/p17490/Peter/Library/work_trees_torchref/alignement/torchref/cli/refine.py:21: UserWarning: TorchRef using user-specified 8 threads from TORCHREF_NUM_THREADS.
  from torchref.cli._common import (
================================================================================
TorchRef LBFGS Refinement
================================================================================
Model:             /das/work/units/LBR-FEL/p17490/Peter/Library/work_trees_torchref/dev/paper/figure2_alphafold_start/placed/3T0Q_af.pdb
Structure factor:  /das/work/units/LBR-FEL/p17490/Peter/Library/work_trees_torchref/dev/paper/data/3T0Q/3T0Q.mtz
Output directory:  /das/work/units/LBR-FEL/p17490/Peter/Library/work_trees_torchref/alignement/alignment_lab/benchmarks/af_mr/runs/dmin4.0/3T0Q/refine_phaser_mr
Refinement mode:   separate
X-ray target:      ml
Refinement cycles: 10
Rigid-body step:   on (iterations/cutoff = 30)
Device:            auto
ADP mode:          isotropic
Wavelength:        1 A
Manual weights:    {"adp": 0.02}
================================================================================

Initializing refinement...
found non-finite F values (NaN/Inf):  0
found non-finite F_sigma values (NaN/Inf):  0
Wilson outlier rejection: 0/12799 (0.0000%) of tested reflections flagged (0 too strong, 0 too weak)
Loaded 2343 atoms
Building restraints...
Found 109 link definitions

Building VDW (non-bonded) restraints...
  Symmetry expansion: 19 valid (symop, offset) combos
  Grid: [7, 14, 16], 1106/1568 cells occupied, max 126 entries/cell
  Built 38535 VDW restraints, 1742 symmetry contacts
  Hydrogen topology: 2322 riding H atoms
  H candidate pairs: 91603 (23070 H-H, 68533 H-heavy, 3205 symmetry)
================================================================================
Restraints Summary
================================================================================
CIF file: None
Residue types in dictionary: 20

INTRA-RESIDUE RESTRAINTS:
--------------------------------------------------------------------------------
  Bonds: 2100
  Angles: 2352
  Torsions: 615
  Planes: 462
  Chirals: 360

INTER-RESIDUE RESTRAINTS:
--------------------------------------------------------------------------------
  Peptide bonds: 283
  Peptide angles: 858
  Disulfide bonds: 0
  Disulfide angles: 0
  Disulfide torsions: 0
  LINK bonds: 0

BACKBONE TORSIONS:
--------------------------------------------------------------------------------
  Phi: 283
  Psi: 283
  Omega: 283
  Ramachandran: 276

VDW RESTRAINTS:
--------------------------------------------------------------------------------
  Non-bonded contacts: 38535 (36793 intra-ASU, 1742 symmetry)
================================================================================
Generated 2322 hydrogens
ADP representation: isotropic, 4665 parameters, 3.4 work reflections each
Initialized ScalerBase with 10 bins.
Building restraints...

Building VDW (non-bonded) restraints...
  Symmetry expansion: 19 valid (symop, offset) combos
  Grid: [7, 14, 16], 1188/1568 cells occupied, max 210 entries/cell
  Built 160861 VDW restraints, 7046 symmetry contacts
================================================================================
Restraints Summary
================================================================================
CIF file: None
Residue types in dictionary: 20

INTRA-RESIDUE RESTRAINTS:
--------------------------------------------------------------------------------
  Bonds: 4422
  Angles: 7314
  Torsions: 936
  Planes: 803
  Chirals: 360

INTER-RESIDUE RESTRAINTS:
--------------------------------------------------------------------------------
  Peptide bonds: 283
  Peptide angles: 1132
  Disulfide bonds: 0
  Disulfide angles: 0
  Disulfide torsions: 0
  LINK bonds: 0

BACKBONE TORSIONS:
--------------------------------------------------------------------------------
  Phi: 283
  Psi: 283
  Omega: 283
  Ramachandran: 276

VDW RESTRAINTS:
--------------------------------------------------------------------------------
  Non-bonded contacts: 160861 (153815 intra-ASU, 7046 symmetry)
================================================================================
Initializing TotalGeometryTarget with component targets...
Initializing TotalADPTarget with component targets: simu, locality, sigd
Parametrization built for 5 unique atom types
SfFFT: Using late symmetry (reciprocal space)
Calculating initial scale factors using 10 bins.
Refining scales with LBFGS...
Scale refinement complete. rwork: 0.4663, rfree: 0.4624

Final Scale Parameters: 
  c_iso: tensor([-1.9038,  1.2638, -0.0542,  0.2225, -0.1430,  0.1475])
  U: tensor([ 0.8369,  0.5264,  0.5300, -0.0417, -0.0571,  0.0539])
  solvent.log_k_solvent: -0.9971310496330261
  solvent.log_ss_half: -4.076000213623047
  solvent.log_n_exp: 1.6784900426864624
  solvent.phase_offset: -0.06566549092531204
Initialized targets with xray_mode='ml'
Applied manual group weights: {'xray': 1.0, 'geometry': 0.2, 'geometry/ramachandran': 0.0, 'adp': 0.02, 'adp/sigd': 1.0, 'adp/node_load': 10.0, 'adp/node_smoothness': 0.0}
Refinement initialized successfully.

Starting refinement with 10 macro cycles...

Rigid-body step enabled: one multi-resolution rigid-body pass will run once at the start of refinement.


--- Rigid-body step (once, at start) ---
Switched to rigid-body parametrization: RigidXYZTensor(n_atoms=4665, n_chains=1) (1 chain(s))
Filtering: 977/16036 reflections in range [inf - 6.0] Å (977 valid after all masks)
  Note: Adjusted bins from 10 to 9 (min 100 refl/bin)
Initialized ScalerBase with 9 bins.
Calculating initial scale factors using 9 bins.
Calculating initial scale factors using 9 bins.
Refining scales with LBFGS...
Scale refinement complete. rwork: 0.4203, rfree: 0.3481

Final Scale Parameters: 
  c_iso: tensor([-7.5550, -4.0772,  4.7668, 10.4260,  6.9212,  2.6784])
  U: tensor([ 1.2169,  0.5719,  1.8387, -0.1669, -0.6491, -0.3567])
  solvent.log_k_solvent: -1.0061546564102173
  solvent.log_ss_half: 0.6878480911254883
  solvent.log_n_exp: 6.598048686981201
  solvent.phase_offset: -0.05989970266819
  rigid-body d_min=6.00 (lbfgs, iters=30): Rwork=0.4232 Rfree=0.3927
Filtering: 3938/16036 reflections in range [inf - 3.748419046932975] Å (3938 valid after all masks)
Initialized ScalerBase with 10 bins.
Calculating initial scale factors using 10 bins.
Calculating initial scale factors using 10 bins.
Refining scales with LBFGS...
Scale refinement complete. rwork: 0.4338, rfree: 0.4293

Final Scale Parameters: 
  c_iso: tensor([-2.3406,  0.7242, -0.6369,  0.0724, -0.2599,  0.2137])
  U: tensor([ 0.9662,  0.5567,  0.5132, -0.0999, -0.1187,  0.1042])
  solvent.log_k_solvent: -1.0358142852783203
  solvent.log_ss_half: -4.167304515838623
  solvent.log_n_exp: 2.1328670978546143
  solvent.phase_offset: -0.06459940969944
  rigid-body d_min=3.75 (lbfgs, iters=30): Rwork=0.4347 Rfree=0.4343
Filtering: 16036/16036 reflections in range [inf - 2.3417742252349854] Å (16036 valid after all masks)
Initialized ScalerBase with 10 bins.
Calculating initial scale factors using 10 bins.
Calculating initial scale factors using 10 bins.
Refining scales with LBFGS...
Scale refinement complete. rwork: 0.4681, rfree: 0.4689

Final Scale Parameters: 
  c_iso: tensor([-1.9944,  1.0553, -0.0444,  0.1912, -0.1223,  0.1430])
  U: tensor([ 0.7544,  0.4407,  0.4443, -0.0439, -0.0578,  0.0562])
  solvent.log_k_solvent: -0.9768998026847839
  solvent.log_ss_half: -4.073782444000244
  solvent.log_n_exp: 1.689018726348877
  solvent.phase_offset: -0.03998332470655441
  rigid-body d_min=2.34 (lbfgs, iters=30): Rwork=0.4786 Rfree=0.4771
Initialized ScalerBase with 10 bins.
Calculating initial scale factors using 10 bins.
Calculating initial scale factors using 10 bins.
Refining scales with LBFGS...
Scale refinement complete. rwork: 0.4661, rfree: 0.4623

Final Scale Parameters: 
  c_iso: tensor([-1.9193,  1.1803, -0.0342,  0.1986, -0.1308,  0.1414])
  U: tensor([ 0.8144,  0.4990,  0.5064, -0.0392, -0.0604,  0.0538])
  solvent.log_k_solvent: -0.9885818362236023
  solvent.log_ss_half: -4.080025672912598
  solvent.log_n_exp: 1.6366084814071655
  solvent.phase_offset: -0.039323098957538605
Initialized ScalerBase with 10 bins.
Calculating initial scale factors using 10 bins.
Calculating initial scale factors using 10 bins.
Refining scales with LBFGS...
Scale refinement complete. rwork: 0.4661, rfree: 0.4623

Final Scale Parameters: 
  c_iso: tensor([-1.9230,  1.1770, -0.0359,  0.1993, -0.1311,  0.1418])
  U: tensor([ 0.8120,  0.4966,  0.5040, -0.0392, -0.0604,  0.0538])
  solvent.log_k_solvent: -0.9882746338844299
  solvent.log_ss_half: -4.079351902008057
  solvent.log_n_exp: 1.6375067234039307
  solvent.phase_offset: -0.039688244462013245

============================================================
LBFGS Refinement - Cycle 1/10
============================================================
Refining scales with LBFGS...
Scale refinement complete. rwork: 0.4661, rfree: 0.4622

Final Scale Parameters: 
  c_iso: tensor([-1.9004,  1.2226, -0.0361,  0.2059, -0.1343,  0.1437])
  U: tensor([ 0.8313,  0.5162,  0.5240, -0.0389, -0.0603,  0.0536])
  solvent.log_k_solvent: -0.9935802817344666
  solvent.log_ss_half: -4.086824417114258
  solvent.log_n_exp: 1.6146702766418457
  solvent.phase_offset: -0.04066750779747963
After scaling: Rwork=0.4661, Rfree=0.4622
  VDW rebuild: max drift 1.44 Å > threshold 1.00 Å

Building VDW (non-bonded) restraints...
  Symmetry expansion: 19 valid (symop, offset) combos
  Grid: [7, 14, 16], 1188/1568 cells occupied, max 210 entries/cell
  Built 160861 VDW restraints, 7046 symmetry contacts

────────────────────────────────────────────────────────────────────
  XYZ Refinement
────────────────────────────────────────────────────────────────────

  adp (weight: 0.0200)
  ────────────────────────────────────────────────────────────────
    Metric                       Before      After     Change
    locality                     3944.8     3944.8     0.0000
    scaler_U                     9361.0     9361.0     0.0000
    scaler_log_scale           162894.1   162894.1     0.0000
    sigd                         3002.5     3002.5     0.0000
    simu                         8250.3     8250.3     0.0000

  geometry (weight: 0.2000)
  ────────────────────────────────────────────────────────────────
    Metric                       Before      After     Change
    angle                      -18843.3   -20686.9    -1843.6
    bond                       -14304.1   -15729.3    -1425.2
    chiral                    -194.3734  -229.7453   -35.3719
    nonbonded                  -33563.8   -42218.9    -8655.0
    planarity                   -9522.4    -9787.6  -265.1904
    torsion                      8266.1     8241.7   -24.4697

  other (weight: 1.0000)
  ────────────────────────────────────────────────────────────────
    Metric                       Before      After     Change
    xray                        54287.8    53866.4  -421.4258

  Group Totals
  ────────────────────────────────────────────────────────────────
    Group                        Before      After     Change
    adp                          3749.1     3749.1     0.0000
    geometry                   -13632.4   -16082.1    -2449.8
    xray                        54287.8    53866.4  -421.4258
────────────────────────────────────────────────────────────────────
  VDW rebuild: max drift 1.44 Å > threshold 1.00 Å

Building VDW (non-bonded) restraints...
  Symmetry expansion: 19 valid (symop, offset) combos
  Grid: [7, 14, 16], 1188/1568 cells occupied, max 210 entries/cell
  Built 160861 VDW restraints, 7046 symmetry contacts

────────────────────────────────────────────────────────────────────
  ADP Refinement
────────────────────────────────────────────────────────────────────

  adp (weight: 0.0200)
  ────────────────────────────────────────────────────────────────
    Metric                       Before      After     Change
    locality                     3929.0    10633.3    +6704.3
    scaler_U                     9361.0     9361.0     0.0000
    scaler_log_scale           162894.1   162894.1     0.0000
    sigd                         3002.5     3444.6  +442.0969
    simu                         8250.3    11384.8    +3134.5

  geometry (weight: 0.2000)
  ────────────────────────────────────────────────────────────────
    Metric                       Before      After     Change
    angle                      -20686.9   -20686.9     0.0000
    bond                       -15729.3   -15729.3     0.0000
    chiral                    -229.7453  -229.7453     0.0000
    nonbonded                  -42218.9   -42218.9     0.0000
    planarity                   -9787.6    -9787.6     0.0000
    torsion                      8241.7     8241.7     0.0000

  other (weight: 1.0000)
  ────────────────────────────────────────────────────────────────
    Metric                       Before      After     Change
    xray                        53866.4    52939.7  -926.6953

  Group Totals
  ────────────────────────────────────────────────────────────────
    Group                        Before      After     Change
    adp                          3748.7     3954.4  +205.6166
    geometry                   -16082.1   -16082.1     0.0000
    xray                        53866.4    52939.7  -926.6953
────────────────────────────────────────────────────────────────────

============================================================
LBFGS Refinement - Cycle 2/10
============================================================
Refining scales with LBFGS...
Scale refinement complete. rwork: 0.4193, rfree: 0.4338

Final Scale Parameters: 
  c_iso: tensor([-2.1327,  0.8475, -0.1013,  0.1591, -0.1153,  0.1465])
  U: tensor([ 0.6487,  0.3561,  0.3355, -0.0400, -0.0522,  0.0417])
  solvent.log_k_solvent: -0.9781246781349182
  solvent.log_ss_half: -4.082986831665039
  solvent.log_n_exp: 1.6663522720336914
  solvent.phase_offset: -0.03394077718257904
After scaling: Rwork=0.4193, Rfree=0.4338
  VDW rebuild: max drift 1.60 Å > threshold 1.00 Å

Building VDW (non-bonded) restraints...
  Symmetry expansion: 19 valid (symop, offset) combos
  Grid: [7, 14, 16], 1188/1568 cells occupied, max 210 entries/cell
  Built 160861 VDW restraints, 7046 symmetry contacts

────────────────────────────────────────────────────────────────────
  XYZ Refinement
────────────────────────────────────────────────────────────────────

  adp (weight: 0.0200)
  ────────────────────────────────────────────────────────────────
    Metric                       Before      After     Change
    locality                    10633.3    10633.3     0.0000
    scaler_U                     4801.5     4801.5     0.0000
    scaler_log_scale            59113.5    59113.5     0.0000
    sigd                         3444.6     3444.6     0.0000
    simu                        11384.8    11384.8     0.0000

  geometry (weight: 0.2000)
  ────────────────────────────────────────────────────────────────
    Metric                       Before      After     Change
    angle                      -20686.9   -20852.5  -165.6387
    bond                       -15729.3   -15705.5   +23.7588
    chiral                    -229.7453  -230.6143    -0.8690
    nonbonded                  -42218.9   -42250.5   -31.6211
    planarity                   -9787.6    -9805.8   -18.1768
    torsion                      8241.7     8264.9   +23.2012

  other (weight: 1.0000)
  ────────────────────────────────────────────────────────────────
    Metric                       Before      After     Change
    xray                        52973.3    52279.6  -693.6680

  Group Totals
  ────────────────────────────────────────────────────────────────
    Group                        Before      After     Change
    adp                          1787.6     1787.6     0.0000
    geometry                   -16082.1   -16116.0   -33.8694
    xray                        52973.3    52279.6  -693.6680
────────────────────────────────────────────────────────────────────
  VDW rebuild: max drift 1.60 Å > threshold 1.00 Å

Building VDW (non-bonded) restraints...
  Symmetry expansion: 19 valid (symop, offset) combos
  Grid: [7, 14, 16], 1188/1568 cells occupied, max 210 entries/cell
  Built 160861 VDW restraints, 7046 symmetry contacts

────────────────────────────────────────────────────────────────────
  ADP Refinement
────────────────────────────────────────────────────────────────────

  adp (weight: 0.0200)
  ────────────────────────────────────────────────────────────────
    Metric                       Before      After     Change
    locality                    10643.4    15494.5    +4851.2
    scaler_U                     4801.5     4801.5     0.0000
    scaler_log_scale            59113.5    59113.5     0.0000
    sigd                         3444.6     3640.7  +196.1021
    simu                        11384.8    13519.2    +2134.3

  geometry (weight: 0.2000)
  ────────────────────────────────────────────────────────────────
    Metric                       Before      After     Change
    angle                      -20852.5   -20852.5     0.0000
    bond                       -15705.5   -15705.5     0.0000
    chiral                    -230.6143  -230.6143     0.0000
    nonbonded                  -42250.5   -42250.5     0.0000
    planarity                   -9805.8    -9805.8     0.0000
    torsion                      8264.9     8264.9     0.0000

  other (weight: 1.0000)
  ────────────────────────────────────────────────────────────────
    Metric                       Before      After     Change
    xray                        52279.6    52025.5  -254.1016

  Group Totals
  ────────────────────────────────────────────────────────────────
    Group                        Before      After     Change
    adp                          1787.8     1931.4  +143.6321
    geometry                   -16116.0   -16116.0     0.0000
    xray                        52279.6    52025.5  -254.1016
────────────────────────────────────────────────────────────────────

============================================================
LBFGS Refinement - Cycle 3/10
============================================================
Refining scales with LBFGS...
Scale refinement complete. rwork: 0.3912, rfree: 0.4138

Final Scale Parameters: 
  c_iso: tensor([-2.2160,  0.6863, -0.1234,  0.1397, -0.1108,  0.1454])
  U: tensor([ 0.5646,  0.2860,  0.2572, -0.0362, -0.0474,  0.0349])
  solvent.log_k_solvent: -0.9652766585350037
  solvent.log_ss_half: -4.051758289337158
  solvent.log_n_exp: 1.6064636707305908
  solvent.phase_offset: -0.03322327882051468
After scaling: Rwork=0.3912, Rfree=0.4138
  VDW rebuild: max drift 1.93 Å > threshold 1.00 Å

Building VDW (non-bonded) restraints...
  Symmetry expansion: 19 valid (symop, offset) combos
  Grid: [7, 14, 16], 1188/1568 cells occupied, max 210 entries/cell
  Built 160861 VDW restraints, 7046 symmetry contacts

────────────────────────────────────────────────────────────────────
  XYZ Refinement
────────────────────────────────────────────────────────────────────

  adp (weight: 0.0200)
  ────────────────────────────────────────────────────────────────
    Metric                       Before      After     Change
    locality                    15494.5    15494.5     0.0000
    scaler_U                     3280.2     3280.2     0.0000
    scaler_log_scale            31704.5    31704.5     0.0000
    sigd                         3640.7     3640.7     0.0000
    simu                        13519.2    13519.2     0.0000

  geometry (weight: 0.2000)
  ────────────────────────────────────────────────────────────────
    Metric                       Before      After     Change
    angle                      -20852.5   -20875.7   -23.1797
    bond                       -15705.5   -15774.6   -69.1230
    chiral                    -230.6143  -230.0426    +0.5717
    nonbonded                  -42250.5   -42258.3    -7.8438
    planarity                   -9805.8    -9804.8    +1.0088
    torsion                      8264.9     8266.1    +1.2725

  other (weight: 1.0000)
  ────────────────────────────────────────────────────────────────
    Metric                       Before      After     Change
    xray                        52035.2    51611.4  -423.8164

  Group Totals
  ────────────────────────────────────────────────────────────────
    Group                        Before      After     Change
    adp                          1352.8     1352.8     0.0000
    geometry                   -16116.0   -16135.5   -19.4590
    xray                        52035.2    51611.4  -423.8164
────────────────────────────────────────────────────────────────────
  VDW rebuild: max drift 1.93 Å > threshold 1.00 Å

Building VDW (non-bonded) restraints...
  Symmetry expansion: 19 valid (symop, offset) combos
  Grid: [7, 14, 16], 1188/1568 cells occupied, max 210 entries/cell
  Built 160861 VDW restraints, 7046 symmetry contacts

────────────────────────────────────────────────────────────────────
  ADP Refinement
────────────────────────────────────────────────────────────────────

  adp (weight: 0.0200)
  ────────────────────────────────────────────────────────────────
    Metric                       Before      After     Change
    locality                    15481.0    17423.5    +1942.5
    scaler_U                     3280.2     3280.2     0.0000
    scaler_log_scale            31704.5    31704.5     0.0000
    sigd                         3640.7     3682.7   +41.9546
    simu                        13519.2    14310.1  +790.9844

  geometry (weight: 0.2000)
  ────────────────────────────────────────────────────────────────
    Metric                       Before      After     Change
    angle                      -20875.7   -20875.7     0.0000
    bond                       -15774.6   -15774.6     0.0000
    chiral                    -230.0426  -230.0426     0.0000
    nonbonded                  -42258.3   -42258.3     0.0000
    planarity                   -9804.8    -9804.8     0.0000
    torsion                      8266.1     8266.1     0.0000

  other (weight: 1.0000)
  ────────────────────────────────────────────────────────────────
    Metric                       Before      After     Change
    xray                        51611.4    51516.5   -94.9805

  Group Totals
  ────────────────────────────────────────────────────────────────
    Group                        Before      After     Change
    adp                          1352.5     1408.0   +55.5084
    geometry                   -16135.5   -16135.5     0.0000
    xray                        51611.4    51516.5   -94.9805
────────────────────────────────────────────────────────────────────

============================================================
LBFGS Refinement - Cycle 4/10
============================================================
Refining scales with LBFGS...
Scale refinement complete. rwork: 0.3759, rfree: 0.3983

Final Scale Parameters: 
  c_iso: tensor([-2.2472,  0.7051, -0.1559,  0.1574, -0.1226,  0.1559])
  U: tensor([ 0.5494,  0.2735,  0.2401, -0.0361, -0.0417,  0.0335])
  solvent.log_k_solvent: -0.976255476474762
  solvent.log_ss_half: -4.04262113571167
  solvent.log_n_exp: 1.5955140590667725
  solvent.phase_offset: -0.04056103527545929
After scaling: Rwork=0.3759, Rfree=0.3983
  VDW rebuild: max drift 2.04 Å > threshold 1.00 Å

Building VDW (non-bonded) restraints...
  Symmetry expansion: 19 valid (symop, offset) combos
  Grid: [7, 14, 16], 1188/1568 cells occupied, max 210 entries/cell
  Built 160861 VDW restraints, 7046 symmetry contacts

────────────────────────────────────────────────────────────────────
  XYZ Refinement
────────────────────────────────────────────────────────────────────

  adp (weight: 0.0200)
  ────────────────────────────────────────────────────────────────
    Metric                       Before      After     Change
    locality                    17423.5    17423.5     0.0000
    scaler_U                     3019.6     3019.6     0.0000
    scaler_log_scale            29082.2    29082.2     0.0000
    sigd                         3682.7     3682.7     0.0000
    simu                        14310.1    14310.1     0.0000

  geometry (weight: 0.2000)
  ────────────────────────────────────────────────────────────────
    Metric                       Before      After     Change
    angle                      -20875.7   -20928.5   -52.8203
    bond                       -15774.6   -15757.8   +16.8789
    chiral                    -230.0426  -231.6491    -1.6065
    nonbonded                  -42258.3   -42269.2   -10.9219
    planarity                   -9804.8    -9829.5   -24.7168
    torsion                      8266.1     8271.5    +5.3271

  other (weight: 1.0000)
  ────────────────────────────────────────────────────────────────
    Metric                       Before      After     Change
    xray                        51528.8    51211.0  -317.7812

  Group Totals
  ────────────────────────────────────────────────────────────────
    Group                        Before      After     Change
    adp                          1350.4     1350.4     0.0000
    geometry                   -16135.5   -16149.0   -13.5725
    xray                        51528.8    51211.0  -317.7812
────────────────────────────────────────────────────────────────────
  VDW rebuild: max drift 2.04 Å > threshold 1.00 Å

Building VDW (non-bonded) restraints...
  Symmetry expansion: 19 valid (symop, offset) combos
  Grid: [7, 14, 16], 1188/1568 cells occupied, max 210 entries/cell
  Built 160861 VDW restraints, 7046 symmetry contacts

────────────────────────────────────────────────────────────────────
  ADP Refinement
────────────────────────────────────────────────────────────────────

  adp (weight: 0.0200)
  ────────────────────────────────────────────────────────────────
    Metric                       Before      After     Change
    locality                    17406.3    18127.0  +720.7500
    scaler_U                     3019.6     3019.6     0.0000
    scaler_log_scale            29082.2    29082.2     0.0000
    sigd                         3682.7     3683.0    +0.3789
    simu                        14310.1    14746.1  +435.9844

  geometry (weight: 0.2000)
  ────────────────────────────────────────────────────────────────
    Metric                       Before      After     Change
    angle                      -20928.5   -20928.5     0.0000
    bond                       -15757.8   -15757.8     0.0000
    chiral                    -231.6491  -231.6491     0.0000
    nonbonded                  -42269.2   -42269.2     0.0000
    planarity                   -9829.5    -9829.5     0.0000
    torsion                      8271.5     8271.5     0.0000

  other (weight: 1.0000)
  ────────────────────────────────────────────────────────────────
    Metric                       Before      After     Change
    xray                        51211.0    51178.2   -32.8203

  Group Totals
  ────────────────────────────────────────────────────────────────
    Group                        Before      After     Change
    adp                          1350.0     1373.2   +23.1423
    geometry                   -16149.0   -16149.0     0.0000
    xray                        51211.0    51178.2   -32.8203
────────────────────────────────────────────────────────────────────

============================================================
LBFGS Refinement - Cycle 5/10
============================================================
Refining scales with LBFGS...
Scale refinement complete. rwork: 0.3658, rfree: 0.3892

Final Scale Parameters: 
  c_iso: tensor([-2.1956,  0.8133, -0.1642,  0.1802, -0.1328,  0.1645])
  U: tensor([ 0.5932,  0.3172,  0.2850, -0.0366, -0.0429,  0.0351])
  solvent.log_k_solvent: -0.9888450503349304
  solvent.log_ss_half: -4.049200057983398
  solvent.log_n_exp: 1.495611310005188
  solvent.phase_offset: -0.04857787862420082
After scaling: Rwork=0.3658, Rfree=0.3892
  VDW rebuild: max drift 2.08 Å > threshold 1.00 Å

Building VDW (non-bonded) restraints...
  Symmetry expansion: 19 valid (symop, offset) combos
  Grid: [7, 14, 16], 1188/1568 cells occupied, max 210 entries/cell
  Built 160861 VDW restraints, 7046 symmetry contacts

────────────────────────────────────────────────────────────────────
  XYZ Refinement
────────────────────────────────────────────────────────────────────

  adp (weight: 0.0200)
  ────────────────────────────────────────────────────────────────
    Metric                       Before      After     Change
    locality                    18127.0    18127.0     0.0000
    scaler_U                     3818.7     3818.7     0.0000
    scaler_log_scale            41641.8    41641.8     0.0000
    sigd                         3683.0     3683.0     0.0000
    simu                        14746.1    14746.1     0.0000

  geometry (weight: 0.2000)
  ────────────────────────────────────────────────────────────────
    Metric                       Before      After     Change
    angle                      -20928.5   -20927.4    +1.1152
    bond                       -15757.8   -15763.8    -6.0107
    chiral                    -231.6491  -231.7374    -0.0884
    nonbonded                  -42269.2   -42244.5   +24.7070
    planarity                   -9829.5    -9828.5    +0.9766
    torsion                      8271.5     8272.6    +1.1621

  other (weight: 1.0000)
  ────────────────────────────────────────────────────────────────
    Metric                       Before      After     Change
    xray                        51189.4    50920.6  -268.8086

  Group Totals
  ────────────────────────────────────────────────────────────────
    Group                        Before      After     Change
    adp                          1640.3     1640.3     0.0000
    geometry                   -16149.0   -16144.7    +4.3725
    xray                        51189.4    50920.6  -268.8086
────────────────────────────────────────────────────────────────────
  VDW rebuild: max drift 2.08 Å > threshold 1.00 Å

Building VDW (non-bonded) restraints...
  Symmetry expansion: 19 valid (symop, offset) combos
  Grid: [7, 14, 16], 1188/1568 cells occupied, max 210 entries/cell
  Built 160861 VDW restraints, 7046 symmetry contacts

────────────────────────────────────────────────────────────────────
  ADP Refinement
────────────────────────────────────────────────────────────────────

  adp (weight: 0.0200)
  ────────────────────────────────────────────────────────────────
    Metric                       Before      After     Change
    locality                    18134.8    18463.9  +329.0371
    scaler_U                     3818.7     3818.7     0.0000
    scaler_log_scale            41641.8    41641.8     0.0000
    sigd                         3683.0     3671.2   -11.8311
    simu                        14746.1    14763.2   +17.1094

  geometry (weight: 0.2000)
  ────────────────────────────────────────────────────────────────
    Metric                       Before      After     Change
    angle                      -20927.4   -20927.4     0.0000
    bond                       -15763.8   -15763.8     0.0000
    chiral                    -231.7374  -231.7374     0.0000
    nonbonded                  -42244.5   -42244.5     0.0000
    planarity                   -9828.5    -9828.5     0.0000
    torsion                      8272.6     8272.6     0.0000

  other (weight: 1.0000)
  ────────────────────────────────────────────────────────────────
    Metric                       Before      After     Change
    xray                        50920.6    50896.9   -23.7422

  Group Totals
  ────────────────────────────────────────────────────────────────
    Group                        Before      After     Change
    adp                          1640.5     1647.2    +6.6863
    geometry                   -16144.7   -16144.7     0.0000
    xray                        50920.6    50896.9   -23.7422
────────────────────────────────────────────────────────────────────

============================================================
LBFGS Refinement - Cycle 6/10
============================================================
Refining scales with LBFGS...
Scale refinement complete. rwork: 0.3566, rfree: 0.3819

Final Scale Parameters: 
  c_iso: tensor([-2.1874,  0.8604, -0.1764,  0.1939, -0.1411,  0.1700])
  U: tensor([ 0.6039,  0.3272,  0.2940, -0.0369, -0.0401,  0.0388])
  solvent.log_k_solvent: -0.9973028302192688
  solvent.log_ss_half: -4.041300296783447
  solvent.log_n_exp: 1.5710248947143555
  solvent.phase_offset: -0.05550228804349899
After scaling: Rwork=0.3566, Rfree=0.3819
  VDW rebuild: max drift 2.16 Å > threshold 1.00 Å

Building VDW (non-bonded) restraints...
  Symmetry expansion: 19 valid (symop, offset) combos
  Grid: [7, 14, 16], 1188/1568 cells occupied, max 210 entries/cell
  Built 160861 VDW restraints, 7046 symmetry contacts

────────────────────────────────────────────────────────────────────
  XYZ Refinement
────────────────────────────────────────────────────────────────────

  adp (weight: 0.0200)
  ────────────────────────────────────────────────────────────────
    Metric                       Before      After     Change
    locality                    18463.9    18463.9     0.0000
    scaler_U                     4011.1     4011.1     0.0000
    scaler_log_scale            46371.9    46371.9     0.0000
    sigd                         3671.2     3671.2     0.0000
    simu                        14763.2    14763.2     0.0000

  geometry (weight: 0.2000)
  ────────────────────────────────────────────────────────────────
    Metric                       Before      After     Change
    angle                      -20927.4   -20942.6   -15.2168
    bond                       -15763.8   -15760.6    +3.1279
    chiral                    -231.7374  -231.8435    -0.1061
    nonbonded                  -42244.5   -42236.7    +7.8281
    planarity                   -9828.5    -9846.2   -17.6533
    torsion                      8272.6     8281.3    +8.6807

  other (weight: 1.0000)
  ────────────────────────────────────────────────────────────────
    Metric                       Before      After     Change
    xray                        50893.4    50658.3  -235.0430

  Group Totals
  ────────────────────────────────────────────────────────────────
    Group                        Before      After     Change
    adp                          1745.6     1745.6     0.0000
    geometry                   -16144.7   -16147.3    -2.6672
    xray                        50893.4    50658.3  -235.0430
────────────────────────────────────────────────────────────────────
  VDW rebuild: max drift 2.16 Å > threshold 1.00 Å

Building VDW (non-bonded) restraints...
  Symmetry expansion: 19 valid (symop, offset) combos
  Grid: [7, 14, 16], 1188/1568 cells occupied, max 210 entries/cell
  Built 160861 VDW restraints, 7046 symmetry contacts

────────────────────────────────────────────────────────────────────
  ADP Refinement
────────────────────────────────────────────────────────────────────

  adp (weight: 0.0200)
  ────────────────────────────────────────────────────────────────
    Metric                       Before      After     Change
    locality                    18452.8    18747.9  +295.0801
    scaler_U                     4011.1     4011.1     0.0000
    scaler_log_scale            46371.9    46371.9     0.0000
    sigd                         3671.2     3663.9    -7.3394
    simu                        14763.2    14819.9   +56.6514

  geometry (weight: 0.2000)
  ────────────────────────────────────────────────────────────────
    Metric                       Before      After     Change
    angle                      -20942.6   -20942.6     0.0000
    bond                       -15760.6   -15760.6     0.0000
    chiral                    -231.8435  -231.8435     0.0000
    nonbonded                  -42236.7   -42236.7     0.0000
    planarity                   -9846.2    -9846.2     0.0000
    torsion                      8281.3     8281.3     0.0000

  other (weight: 1.0000)
  ────────────────────────────────────────────────────────────────
    Metric                       Before      After     Change
    xray                        50658.3    50653.2    -5.1836

  Group Totals
  ────────────────────────────────────────────────────────────────
    Group                        Before      After     Change
    adp                          1745.4     1752.3    +6.8879
    geometry                   -16147.3   -16147.3     0.0000
    xray                        50658.3    50653.2    -5.1836
────────────────────────────────────────────────────────────────────

============================================================
LBFGS Refinement - Cycle 7/10
============================================================
Refining scales with LBFGS...
Scale refinement complete. rwork: 0.3493, rfree: 0.3745

Final Scale Parameters: 
  c_iso: tensor([-2.1329,  0.9899, -0.1878,  0.2190, -0.1533,  0.1782])
  U: tensor([ 0.6543,  0.3805,  0.3456, -0.0371, -0.0378,  0.0400])
  solvent.log_k_solvent: -1.0188549757003784
  solvent.log_ss_half: -4.055436611175537
  solvent.log_n_exp: 1.5880206823349
  solvent.phase_offset: -0.057741571217775345
After scaling: Rwork=0.3493, Rfree=0.3745
  VDW rebuild: max drift 2.16 Å > threshold 1.00 Å

Building VDW (non-bonded) restraints...
  Symmetry expansion: 19 valid (symop, offset) combos
  Grid: [7, 14, 16], 1188/1568 cells occupied, max 210 entries/cell
  Built 160861 VDW restraints, 7046 symmetry contacts

────────────────────────────────────────────────────────────────────
  XYZ Refinement
────────────────────────────────────────────────────────────────────

  adp (weight: 0.0200)
  ────────────────────────────────────────────────────────────────
    Metric                       Before      After     Change
    locality                    18747.9    18747.9     0.0000
    scaler_U                     5092.0     5092.0     0.0000
    scaler_log_scale            65102.3    65102.3     0.0000
    sigd                         3663.9     3663.9     0.0000
    simu                        14819.9    14819.9     0.0000

  geometry (weight: 0.2000)
  ────────────────────────────────────────────────────────────────
    Metric                       Before      After     Change
    angle                      -20942.6   -20970.9   -28.2949
    bond                       -15760.6   -15767.3    -6.6523
    chiral                    -231.8435  -232.1053    -0.2618
    nonbonded                  -42236.7   -42222.7   +14.0312
    planarity                   -9846.2    -9838.7    +7.5088
    torsion                      8281.3     8283.2    +1.8994

  other (weight: 1.0000)
  ────────────────────────────────────────────────────────────────
    Metric                       Before      After     Change
    xray                        50662.2    50460.2  -202.0117

  Group Totals
  ────────────────────────────────────────────────────────────────
    Group                        Before      After     Change
    adp                          2148.5     2148.5     0.0000
    geometry                   -16147.3   -16149.7    -2.3541
    xray                        50662.2    50460.2  -202.0117
────────────────────────────────────────────────────────────────────
  VDW rebuild: max drift 2.16 Å > threshold 1.00 Å

Building VDW (non-bonded) restraints...
  Symmetry expansion: 19 valid (symop, offset) combos
  Grid: [7, 14, 16], 1188/1568 cells occupied, max 210 entries/cell
  Built 160861 VDW restraints, 7046 symmetry contacts

────────────────────────────────────────────────────────────────────
  ADP Refinement
────────────────────────────────────────────────────────────────────

  adp (weight: 0.0200)
  ────────────────────────────────────────────────────────────────
    Metric                       Before      After     Change
    locality                    18739.0    19016.3  +277.3379
    scaler_U                     5092.0     5092.0     0.0000
    scaler_log_scale            65102.3    65102.3     0.0000
    sigd                         3663.9     3656.0    -7.8511
    simu                        14819.9    14897.0   +77.1172

  geometry (weight: 0.2000)
  ────────────────────────────────────────────────────────────────
    Metric                       Before      After     Change
    angle                      -20970.9   -20970.9     0.0000
    bond                       -15767.3   -15767.3     0.0000
    chiral                    -232.1053  -232.1053     0.0000
    nonbonded                  -42222.7   -42222.7     0.0000
    planarity                   -9838.7    -9838.7     0.0000
    torsion                      8283.2     8283.2     0.0000

  other (weight: 1.0000)
  ────────────────────────────────────────────────────────────────
    Metric                       Before      After     Change
    xray                        50460.2    50436.8   -23.3984

  Group Totals
  ────────────────────────────────────────────────────────────────
    Group                        Before      After     Change
    adp                          2148.3     2155.3    +6.9321
    geometry                   -16149.7   -16149.7     0.0000
    xray                        50460.2    50436.8   -23.3984
────────────────────────────────────────────────────────────────────

============================================================
LBFGS Refinement - Cycle 8/10
============================================================
Refining scales with LBFGS...
Scale refinement complete. rwork: 0.3436, rfree: 0.3692

Final Scale Parameters: 
  c_iso: tensor([-2.0798,  1.1145, -0.1970,  0.2402, -0.1655,  0.1858])
  U: tensor([ 0.7030,  0.4295,  0.3935, -0.0375, -0.0342,  0.0425])
  solvent.log_k_solvent: -1.0380308628082275
  solvent.log_ss_half: -4.087610244750977
  solvent.log_n_exp: 1.5707240104675293
  solvent.phase_offset: -0.0647168755531311
After scaling: Rwork=0.3436, Rfree=0.3692
  VDW rebuild: max drift 2.28 Å > threshold 1.00 Å

Building VDW (non-bonded) restraints...
  Symmetry expansion: 19 valid (symop, offset) combos
  Grid: [7, 14, 16], 1188/1568 cells occupied, max 210 entries/cell
  Built 160861 VDW restraints, 7046 symmetry contacts

────────────────────────────────────────────────────────────────────
  XYZ Refinement
────────────────────────────────────────────────────────────────────

  adp (weight: 0.0200)
  ────────────────────────────────────────────────────────────────
    Metric                       Before      After     Change
    locality                    19016.3    19016.3     0.0000
    scaler_U                     6224.6     6224.6     0.0000
    scaler_log_scale            86743.4    86743.4     0.0000
    sigd                         3656.0     3656.0     0.0000
    simu                        14897.0    14897.0     0.0000

  geometry (weight: 0.2000)
  ────────────────────────────────────────────────────────────────
    Metric                       Before      After     Change
    angle                      -20970.9   -20889.6   +81.3145
    bond                       -15767.3   -15749.7   +17.6445
    chiral                    -232.1053  -230.8246    +1.2807
    nonbonded                  -42222.7   -42196.5   +26.1406
    planarity                   -9838.7    -9838.9    -0.1885
    torsion                      8283.2     8294.6   +11.3691

  other (weight: 1.0000)
  ────────────────────────────────────────────────────────────────
    Metric                       Before      After     Change
    xray                        50455.4    50241.3  -214.0859

  Group Totals
  ────────────────────────────────────────────────────────────────
    Group                        Before      After     Change
    adp                          2610.7     2610.7     0.0000
    geometry                   -16149.7   -16122.2   +27.5124
    xray                        50455.4    50241.3  -214.0859
────────────────────────────────────────────────────────────────────
  VDW rebuild: max drift 2.28 Å > threshold 1.00 Å

Building VDW (non-bonded) restraints...
  Symmetry expansion: 19 valid (symop, offset) combos
  Grid: [7, 14, 16], 1188/1568 cells occupied, max 210 entries/cell
  Built 160861 VDW restraints, 7046 symmetry contacts

────────────────────────────────────────────────────────────────────
  ADP Refinement
────────────────────────────────────────────────────────────────────

  adp (weight: 0.0200)
  ────────────────────────────────────────────────────────────────
    Metric                       Before      After     Change
    locality                    18999.9    18948.7   -51.1738
    scaler_U                     6224.6     6224.6     0.0000
    scaler_log_scale            86743.4    86743.4     0.0000
    sigd                         3656.0     3637.8   -18.1777
    simu                        14897.0    14845.2   -51.7676

  geometry (weight: 0.2000)
  ────────────────────────────────────────────────────────────────
    Metric                       Before      After     Change
    angle                      -20889.6   -20889.6     0.0000
    bond                       -15749.7   -15749.7     0.0000
    chiral                    -230.8246  -230.8246     0.0000
    nonbonded                  -42196.5   -42196.5     0.0000
    planarity                   -9838.9    -9838.9     0.0000
    torsion                      8294.6     8294.6     0.0000

  other (weight: 1.0000)
  ────────────────────────────────────────────────────────────────
    Metric                       Before      After     Change
    xray                        50241.3    50241.2    -0.1250

  Group Totals
  ────────────────────────────────────────────────────────────────
    Group                        Before      After     Change
    adp                          2610.4     2608.0    -2.4224
    geometry                   -16122.2   -16122.2     0.0000
    xray                        50241.3    50241.2    -0.1250
────────────────────────────────────────────────────────────────────

============================================================
LBFGS Refinement - Cycle 9/10
============================================================
Refining scales with LBFGS...
Scale refinement complete. rwork: 0.3375, rfree: 0.3639

Final Scale Parameters: 
  c_iso: tensor([-2.0914,  1.1218, -0.2083,  0.2484, -0.1690,  0.1897])
  U: tensor([ 0.6976,  0.4285,  0.3887, -0.0371, -0.0301,  0.0437])
  solvent.log_k_solvent: -1.0464638471603394
  solvent.log_ss_half: -4.08962869644165
  solvent.log_n_exp: 1.56820547580719
  solvent.phase_offset: -0.0640188679099083
After scaling: Rwork=0.3375, Rfree=0.3639
  VDW rebuild: max drift 2.20 Å > threshold 1.00 Å

Building VDW (non-bonded) restraints...
  Symmetry expansion: 19 valid (symop, offset) combos
  Grid: [7, 14, 16], 1188/1568 cells occupied, max 210 entries/cell
  Built 160861 VDW restraints, 7046 symmetry contacts

────────────────────────────────────────────────────────────────────
  XYZ Refinement
────────────────────────────────────────────────────────────────────

  adp (weight: 0.0200)
  ────────────────────────────────────────────────────────────────
    Metric                       Before      After     Change
    locality                    18948.7    18948.7     0.0000
    scaler_U                     6133.1     6133.1     0.0000
    scaler_log_scale            85232.1    85232.1     0.0000
    sigd                         3637.8     3637.8     0.0000
    simu                        14845.2    14845.2     0.0000

  geometry (weight: 0.2000)
  ────────────────────────────────────────────────────────────────
    Metric                       Before      After     Change
    angle                      -20889.6   -20943.5   -53.9160
    bond                       -15749.7   -15765.5   -15.8936
    chiral                    -230.8246  -231.2611    -0.4365
    nonbonded                  -42196.5   -42184.2   +12.3203
    planarity                   -9838.9    -9829.5    +9.3809
    torsion                      8294.6     8298.2    +3.5967

  other (weight: 1.0000)
  ────────────────────────────────────────────────────────────────
    Metric                       Before      After     Change
    xray                        50264.7    50086.7  -177.9883

  Group Totals
  ────────────────────────────────────────────────────────────────
    Group                        Before      After     Change
    adp                          2575.9     2575.9     0.0000
    geometry                   -16122.2   -16131.2    -8.9899
    xray                        50264.7    50086.7  -177.9883
────────────────────────────────────────────────────────────────────
  VDW rebuild: max drift 2.20 Å > threshold 1.00 Å

Building VDW (non-bonded) restraints...
  Symmetry expansion: 19 valid (symop, offset) combos
  Grid: [7, 14, 16], 1188/1568 cells occupied, max 210 entries/cell
  Built 160861 VDW restraints, 7046 symmetry contacts

────────────────────────────────────────────────────────────────────
  ADP Refinement
────────────────────────────────────────────────────────────────────

  adp (weight: 0.0200)
  ────────────────────────────────────────────────────────────────
    Metric                       Before      After     Change
    locality                    18961.4    18910.3   -51.0918
    scaler_U                     6133.1     6133.1     0.0000
    scaler_log_scale            85232.1    85232.1     0.0000
    sigd                         3637.8     3623.7   -14.1262
    simu                        14845.2    14823.4   -21.8271

  geometry (weight: 0.2000)
  ────────────────────────────────────────────────────────────────
    Metric                       Before      After     Change
    angle                      -20943.5   -20943.5     0.0000
    bond                       -15765.5   -15765.5     0.0000
    chiral                    -231.2611  -231.2611     0.0000
    nonbonded                  -42184.2   -42184.2     0.0000
    planarity                   -9829.5    -9829.5     0.0000
    torsion                      8298.2     8298.2     0.0000

  other (weight: 1.0000)
  ────────────────────────────────────────────────────────────────
    Metric                       Before      After     Change
    xray                        50086.7    50079.7    -6.9453

  Group Totals
  ────────────────────────────────────────────────────────────────
    Group                        Before      After     Change
    adp                          2576.2     2574.5    -1.7409
    geometry                   -16131.2   -16131.2     0.0000
    xray                        50086.7    50079.7    -6.9453
────────────────────────────────────────────────────────────────────

============================================================
LBFGS Refinement - Cycle 10/10
============================================================
Refining scales with LBFGS...
Scale refinement complete. rwork: 0.3341, rfree: 0.3621

Final Scale Parameters: 
  c_iso: tensor([-2.0939,  1.1525, -0.2208,  0.2608, -0.1753,  0.1950])
  U: tensor([ 0.7002,  0.4332,  0.3918, -0.0367, -0.0256,  0.0463])
  solvent.log_k_solvent: -1.0572376251220703
  solvent.log_ss_half: -4.099948883056641
  solvent.log_n_exp: 1.6120781898498535
  solvent.phase_offset: -0.07245071977376938
After scaling: Rwork=0.3341, Rfree=0.3621
  VDW rebuild: max drift 2.30 Å > threshold 1.00 Å

Building VDW (non-bonded) restraints...
  Symmetry expansion: 19 valid (symop, offset) combos
  Grid: [7, 14, 16], 1188/1568 cells occupied, max 210 entries/cell
  Built 160861 VDW restraints, 7046 symmetry contacts

────────────────────────────────────────────────────────────────────
  XYZ Refinement
────────────────────────────────────────────────────────────────────

  adp (weight: 0.0200)
  ────────────────────────────────────────────────────────────────
    Metric                       Before      After     Change
    locality                    18910.3    18910.3     0.0000
    scaler_U                     6217.0     6217.0     0.0000
    scaler_log_scale            88280.5    88280.5     0.0000
    sigd                         3623.7     3623.7     0.0000
    simu                        14823.4    14823.4     0.0000

  geometry (weight: 0.2000)
  ────────────────────────────────────────────────────────────────
    Metric                       Before      After     Change
    angle                      -20943.5   -20860.6   +82.9648
    bond                       -15765.5   -15751.4   +14.0996
    chiral                    -231.2611  -230.5737    +0.6874
    nonbonded                  -42184.2   -42162.4   +21.8164
    planarity                   -9829.5    -9835.2    -5.6934
    torsion                      8298.2     8309.0   +10.8545

  other (weight: 1.0000)
  ────────────────────────────────────────────────────────────────
    Metric                       Before      After     Change
    xray                        50097.1    49913.4  -183.6602

  Group Totals
  ────────────────────────────────────────────────────────────────
    Group                        Before      After     Change
    adp                          2637.1     2637.1     0.0000
    geometry                   -16131.2   -16106.2   +24.9461
    xray                        50097.1    49913.4  -183.6602
────────────────────────────────────────────────────────────────────
  VDW rebuild: max drift 2.30 Å > threshold 1.00 Å

Building VDW (non-bonded) restraints...
  Symmetry expansion: 19 valid (symop, offset) combos
  Grid: [7, 14, 16], 1188/1568 cells occupied, max 210 entries/cell
  Built 160861 VDW restraints, 7046 symmetry contacts

────────────────────────────────────────────────────────────────────
  ADP Refinement
────────────────────────────────────────────────────────────────────

  adp (weight: 0.0200)
  ────────────────────────────────────────────────────────────────
    Metric                       Before      After     Change
    locality                    18877.4    18519.3  -358.0762
    scaler_U                     6217.0     6217.0     0.0000
    scaler_log_scale            88280.5    88280.5     0.0000
    sigd                         3623.7     3601.8   -21.8806
    simu                        14823.4    14577.2  -246.1943

  geometry (weight: 0.2000)
  ────────────────────────────────────────────────────────────────
    Metric                       Before      After     Change
    angle                      -20860.6   -20860.6     0.0000
    bond                       -15751.4   -15751.4     0.0000
    chiral                    -230.5737  -230.5737     0.0000
    nonbonded                  -42162.4   -42162.4     0.0000
    planarity                   -9835.2    -9835.2     0.0000
    torsion                      8309.0     8309.0     0.0000

  other (weight: 1.0000)
  ────────────────────────────────────────────────────────────────
    Metric                       Before      After     Change
    xray                        49913.4    49925.6   +12.1953

  Group Totals
  ────────────────────────────────────────────────────────────────
    Group                        Before      After     Change
    adp                          2636.4     2623.9   -12.5230
    geometry                   -16106.2   -16106.2     0.0000
    xray                        49913.4    49925.6   +12.1953
────────────────────────────────────────────────────────────────────
Calculating initial scale factors using 10 bins.
Refining scales with LBFGS...
Scale refinement complete. rwork: 0.3290, rfree: 0.3613

Final Scale Parameters: 
  c_iso: tensor([-2.0532,  1.1958, -0.2061,  0.2597, -0.1742,  0.1955])
  U: tensor([ 0.7299,  0.4635,  0.4194, -0.0387, -0.0248,  0.0477])
  solvent.log_k_solvent: -1.058410882949829
  solvent.log_ss_half: -4.121616840362549
  solvent.log_n_exp: 1.5327132940292358
  solvent.phase_offset: -0.07124949991703033

Refinement completed successfully.

Saving results to /das/work/units/LBR-FEL/p17490/Peter/Library/work_trees_torchref/alignement/alignment_lab/benchmarks/af_mr/runs/dmin4.0/3T0Q/refine_phaser_mr...
  Refined structure (PDB): /das/work/units/LBR-FEL/p17490/Peter/Library/work_trees_torchref/alignement/alignment_lab/benchmarks/af_mr/runs/dmin4.0/3T0Q/refine_phaser_mr/refined.pdb
  Refined structure (mmCIF): /das/work/units/LBR-FEL/p17490/Peter/Library/work_trees_torchref/alignement/alignment_lab/benchmarks/af_mr/runs/dmin4.0/3T0Q/refine_phaser_mr/refined.cif
Added map coefficients:
  2Fo-Fc: FWT, PHWT
  Fo-Fc: DELFWT, PHDELWT
  Resolution range: 2.34 - 43.41 Å
✓ Wrote MTZ file: /das/work/units/LBR-FEL/p17490/Peter/Library/work_trees_torchref/alignement/alignment_lab/benchmarks/af_mr/runs/dmin4.0/3T0Q/refine_phaser_mr/refined.mtz
  Reflections: 16036
  Columns: H, K, L, F-obs, SIGF-obs, R-free-flags, FWT, PHWT, DELFWT, PHDELWT, F-model, PH-model
  Refined structure factors: /das/work/units/LBR-FEL/p17490/Peter/Library/work_trees_torchref/alignement/alignment_lab/benchmarks/af_mr/runs/dmin4.0/3T0Q/refine_phaser_mr/refined.mtz
  Refinement history: /das/work/units/LBR-FEL/p17490/Peter/Library/work_trees_torchref/alignement/alignment_lab/benchmarks/af_mr/runs/dmin4.0/3T0Q/refine_phaser_mr/refinement_history.json

================================================================================
Refinement Summary
================================================================================
R-work:  0.3290 (15716 reflections)
R-free:  0.3613 (320 reflections)
NLL work: 49949.05
NLL test: 1051.14
================================================================================

Output files:
  - /das/work/units/LBR-FEL/p17490/Peter/Library/work_trees_torchref/alignement/alignment_lab/benchmarks/af_mr/runs/dmin4.0/3T0Q/refine_phaser_mr/refined.pdb
  - /das/work/units/LBR-FEL/p17490/Peter/Library/work_trees_torchref/alignement/alignment_lab/benchmarks/af_mr/runs/dmin4.0/3T0Q/refine_phaser_mr/refined.cif
  - /das/work/units/LBR-FEL/p17490/Peter/Library/work_trees_torchref/alignement/alignment_lab/benchmarks/af_mr/runs/dmin4.0/3T0Q/refine_phaser_mr/refined.mtz
  - /das/work/units/LBR-FEL/p17490/Peter/Library/work_trees_torchref/alignement/alignment_lab/benchmarks/af_mr/runs/dmin4.0/3T0Q/refine_phaser_mr/refinement_history.json

Refinement completed successfully!

Timing: 194.3s wall, 209.7s CPU
