/das/work/units/LBR-FEL/p17490/Peter/Library/work_trees_torchref/alignement/torchref/cli/refine.py:21: UserWarning: TorchRef using user-specified 8 threads from TORCHREF_NUM_THREADS.
  from torchref.cli._common import (
================================================================================
TorchRef LBFGS Refinement
================================================================================
Model:             /das/work/units/LBR-FEL/p17490/Peter/Library/work_trees_torchref/dev/paper/figure2_alphafold_start/placed/4Q13_af.pdb
Structure factor:  /das/work/units/LBR-FEL/p17490/Peter/Library/work_trees_torchref/dev/paper/data/4Q13/4Q13.mtz
Output directory:  /das/work/units/LBR-FEL/p17490/Peter/Library/work_trees_torchref/alignement/alignment_lab/benchmarks/af_mr/runs/dmin4.0/4Q13/refine_phaser_mr
Refinement mode:   separate
X-ray target:      ml
Refinement cycles: 10
Rigid-body step:   on (iterations/cutoff = 30)
Device:            auto
ADP mode:          isotropic
Wavelength:        1 A
Manual weights:    {"adp": 0.02}
================================================================================

Initializing refinement...
found non-finite F values (NaN/Inf):  298
found non-finite F_sigma values (NaN/Inf):  298
Wilson outlier rejection: 0/19668 (0.0000%) of tested reflections flagged (0 too strong, 0 too weak)
Loaded 3714 atoms
Building restraints...
Found 109 link definitions

Building VDW (non-bonded) restraints...
  Symmetry expansion: 19 valid (symop, offset) combos
  Grid: [9, 13, 9], 840/1053 cells occupied, max 230 entries/cell
  Built 62839 VDW restraints, 2324 symmetry contacts
  Hydrogen topology: 3814 riding H atoms
  H candidate pairs: 158593 (41566 H-H, 117027 H-heavy, 5839 symmetry)
================================================================================
Restraints Summary
================================================================================
CIF file: None
Residue types in dictionary: 20

INTRA-RESIDUE RESTRAINTS:
--------------------------------------------------------------------------------
  Bonds: 3321
  Angles: 3710
  Torsions: 978
  Planes: 705
  Chirals: 601

INTER-RESIDUE RESTRAINTS:
--------------------------------------------------------------------------------
  Peptide bonds: 454
  Peptide angles: 1376
  Disulfide bonds: 0
  Disulfide angles: 0
  Disulfide torsions: 0
  LINK bonds: 0

BACKBONE TORSIONS:
--------------------------------------------------------------------------------
  Phi: 454
  Psi: 454
  Omega: 454
  Ramachandran: 443

VDW RESTRAINTS:
--------------------------------------------------------------------------------
  Non-bonded contacts: 62839 (60515 intra-ASU, 2324 symmetry)
================================================================================
Generated 3848 hydrogens
ADP representation: isotropic, 7562 parameters, 3.1 work reflections each
Initialized ScalerBase with 10 bins.
Building restraints...

Building VDW (non-bonded) restraints...
  Symmetry expansion: 19 valid (symop, offset) combos
  Grid: [9, 13, 9], 890/1053 cells occupied, max 390 entries/cell
  Built 275545 VDW restraints, 11926 symmetry contacts
================================================================================
Restraints Summary
================================================================================
CIF file: None
Residue types in dictionary: 20

INTRA-RESIDUE RESTRAINTS:
--------------------------------------------------------------------------------
  Bonds: 7169
  Angles: 11993
  Torsions: 1508
  Planes: 1226
  Chirals: 601

INTER-RESIDUE RESTRAINTS:
--------------------------------------------------------------------------------
  Peptide bonds: 454
  Peptide angles: 1816
  Disulfide bonds: 0
  Disulfide angles: 0
  Disulfide torsions: 0
  LINK bonds: 0

BACKBONE TORSIONS:
--------------------------------------------------------------------------------
  Phi: 454
  Psi: 454
  Omega: 454
  Ramachandran: 443

VDW RESTRAINTS:
--------------------------------------------------------------------------------
  Non-bonded contacts: 275545 (263619 intra-ASU, 11926 symmetry)
================================================================================
Initializing TotalGeometryTarget with component targets...
Initializing TotalADPTarget with component targets: simu, locality, sigd
Parametrization built for 5 unique atom types
SfFFT: Using late symmetry (reciprocal space)
Calculating initial scale factors using 10 bins.
Refining scales with LBFGS...
Scale refinement complete. rwork: 0.3785, rfree: 0.3943

Final Scale Parameters: 
  c_iso: tensor([-0.0041,  0.0229,  0.0642,  0.0579,  0.0003,  0.0957])
  U: tensor([ 0.3923,  0.3822,  0.3620,  0.0107,  0.0048, -0.0075])
  solvent.log_k_solvent: -0.9323452711105347
  solvent.log_ss_half: -3.942775011062622
  solvent.log_n_exp: 2.521221399307251
  solvent.phase_offset: 0.006633664481341839
Initialized targets with xray_mode='ml'
Applied manual group weights: {'xray': 1.0, 'geometry': 0.2, 'geometry/ramachandran': 0.0, 'adp': 0.02, 'adp/sigd': 1.0, 'adp/node_load': 10.0, 'adp/node_smoothness': 0.0}
Refinement initialized successfully.

Starting refinement with 10 macro cycles...

Rigid-body step enabled: one multi-resolution rigid-body pass will run once at the start of refinement.


--- Rigid-body step (once, at start) ---
Switched to rigid-body parametrization: RigidXYZTensor(n_atoms=7562, n_chains=3) (3 chain(s))
Filtering: 1298/24290 reflections in range [inf - 6.0] Å (1289 valid after all masks)
Initialized ScalerBase with 10 bins.
Calculating initial scale factors using 10 bins.
Calculating initial scale factors using 10 bins.
Refining scales with LBFGS...
Scale refinement complete. rwork: 0.3103, rfree: 0.3836

Final Scale Parameters: 
  c_iso: tensor([-0.0232,  0.0458, -0.3532, -0.1334, -0.3033,  0.0434])
  U: tensor([ 0.9012,  0.7170,  0.8035,  0.0391, -0.0044,  0.1769])
  solvent.log_k_solvent: -1.0332750082015991
  solvent.log_ss_half: -4.859513759613037
  solvent.log_n_exp: 1.8368505239486694
  solvent.phase_offset: -0.018891379237174988
  rigid-body d_min=6.00 (lbfgs, iters=30): Rwork=0.3138 Rfree=0.3685
Filtering: 5610/24290 reflections in range [inf - 3.667435774913646] Å (5600 valid after all masks)
Initialized ScalerBase with 10 bins.
Calculating initial scale factors using 10 bins.
Calculating initial scale factors using 10 bins.
Refining scales with LBFGS...
Scale refinement complete. rwork: 0.3341, rfree: 0.3786

Final Scale Parameters: 
  c_iso: tensor([ 1.0233,  0.2432, -2.4329, -1.5088, -0.6355,  0.1364])
  U: tensor([ 2.9534,  2.9535,  2.9102,  0.0287,  0.0169, -0.0424])
  solvent.log_k_solvent: -1.1104413270950317
  solvent.log_ss_half: -5.405089378356934
  solvent.log_n_exp: 0.20453739166259766
  solvent.phase_offset: -0.0007452289573848248
  rigid-body d_min=3.67 (lbfgs, iters=30): Rwork=0.3359 Rfree=0.3794
Filtering: 24273/24290 reflections in range [inf - 2.241680860519409] Å (23992 valid after all masks)
Initialized ScalerBase with 10 bins.
Calculating initial scale factors using 10 bins.
Calculating initial scale factors using 10 bins.
Refining scales with LBFGS...
Scale refinement complete. rwork: 0.3773, rfree: 0.3935

Final Scale Parameters: 
  c_iso: tensor([ 0.0258,  0.0672,  0.0684,  0.0621, -0.0018,  0.0993])
  U: tensor([ 0.4124,  0.4028,  0.3821,  0.0107,  0.0043, -0.0076])
  solvent.log_k_solvent: -0.936416506767273
  solvent.log_ss_half: -3.9530129432678223
  solvent.log_n_exp: 2.292783260345459
  solvent.phase_offset: 0.003988594748079777
  rigid-body d_min=2.24 (lbfgs, iters=30): Rwork=0.3798 Rfree=0.4034
Initialized ScalerBase with 10 bins.
Calculating initial scale factors using 10 bins.
Calculating initial scale factors using 10 bins.
Refining scales with LBFGS...
Scale refinement complete. rwork: 0.3768, rfree: 0.3958

Final Scale Parameters: 
  c_iso: tensor([4.3332e-02, 8.1762e-02, 7.5369e-02, 5.9507e-02, 2.1849e-05, 9.9013e-02])
  U: tensor([ 0.4215,  0.4119,  0.3922,  0.0100,  0.0047, -0.0076])
  solvent.log_k_solvent: -0.932812511920929
  solvent.log_ss_half: -3.966184377670288
  solvent.log_n_exp: 2.121079444885254
  solvent.phase_offset: 0.0032674886751919985
Initialized ScalerBase with 10 bins.
Calculating initial scale factors using 10 bins.
Calculating initial scale factors using 10 bins.
Refining scales with LBFGS...
Scale refinement complete. rwork: 0.3768, rfree: 0.3959

Final Scale Parameters: 
  c_iso: tensor([0.0194, 0.0485, 0.0703, 0.0577, 0.0004, 0.0986])
  U: tensor([ 0.4056,  0.3954,  0.3760,  0.0100,  0.0048, -0.0072])
  solvent.log_k_solvent: -0.9305223822593689
  solvent.log_ss_half: -3.9597349166870117
  solvent.log_n_exp: 2.225383996963501
  solvent.phase_offset: 0.0028461357578635216

============================================================
LBFGS Refinement - Cycle 1/10
============================================================
Refining scales with LBFGS...
Scale refinement complete. rwork: 0.3768, rfree: 0.3959

Final Scale Parameters: 
  c_iso: tensor([0.0221, 0.0523, 0.0708, 0.0579, 0.0003, 0.0986])
  U: tensor([ 0.4075,  0.3976,  0.3780,  0.0101,  0.0047, -0.0075])
  solvent.log_k_solvent: -0.9307602047920227
  solvent.log_ss_half: -3.9601354598999023
  solvent.log_n_exp: 2.2184131145477295
  solvent.phase_offset: 0.0027101505547761917
After scaling: Rwork=0.3768, Rfree=0.3959
  VDW rebuild: max drift 2.63 Å > threshold 1.00 Å

Building VDW (non-bonded) restraints...
  Symmetry expansion: 19 valid (symop, offset) combos
  Grid: [9, 13, 9], 890/1053 cells occupied, max 390 entries/cell
  Built 275545 VDW restraints, 11926 symmetry contacts

────────────────────────────────────────────────────────────────────
  XYZ Refinement
────────────────────────────────────────────────────────────────────

  adp (weight: 0.0200)
  ────────────────────────────────────────────────────────────────
    Metric                       Before      After     Change
    locality                   103905.7   103905.7     0.0000
    scaler_U                     5666.8     5666.8     0.0000
    scaler_log_scale             1404.2     1404.2     0.0000
    sigd                         4053.7     4053.7     0.0000
    simu                        26492.5    26492.5     0.0000

  geometry (weight: 0.2000)
  ────────────────────────────────────────────────────────────────
    Metric                       Before      After     Change
    angle                      -30877.7   -32924.8    -2047.1
    bond                       -23246.9   -25112.9    -1866.1
    chiral                    -303.3386  -386.7266   -83.3880
    nonbonded                  -16649.1   -72431.6   -55782.4
    planarity                  -14363.9   -14640.6  -276.6865
    torsion                      8569.2     8532.4   -36.8809

  other (weight: 1.0000)
  ────────────────────────────────────────────────────────────────
    Metric                       Before      After     Change
    xray                       127115.1   125837.2    -1278.0

  Group Totals
  ────────────────────────────────────────────────────────────────
    Group                        Before      After     Change
    adp                          2830.5     2830.5     0.0000
    geometry                   -15374.3   -27392.8   -12018.5
    xray                       127115.1   125837.2    -1278.0
────────────────────────────────────────────────────────────────────
  VDW rebuild: max drift 2.63 Å > threshold 1.00 Å

Building VDW (non-bonded) restraints...
  Symmetry expansion: 19 valid (symop, offset) combos
  Grid: [9, 13, 9], 890/1053 cells occupied, max 390 entries/cell
  Built 275545 VDW restraints, 11926 symmetry contacts

────────────────────────────────────────────────────────────────────
  ADP Refinement
────────────────────────────────────────────────────────────────────

  adp (weight: 0.0200)
  ────────────────────────────────────────────────────────────────
    Metric                       Before      After     Change
    locality                    87228.7    27527.2   -59701.5
    scaler_U                     5666.8     5666.8     0.0000
    scaler_log_scale             1404.2     1404.2     0.0000
    sigd                         4053.7     4874.1  +820.4285
    simu                        26492.5    16372.8   -10119.7

  geometry (weight: 0.2000)
  ────────────────────────────────────────────────────────────────
    Metric                       Before      After     Change
    angle                      -32924.8   -32924.8     0.0000
    bond                       -25112.9   -25112.9     0.0000
    chiral                    -386.7266  -386.7266     0.0000
    nonbonded                  -72431.6   -72431.6     0.0000
    planarity                  -14640.6   -14640.6     0.0000
    torsion                      8532.4     8532.4     0.0000

  other (weight: 1.0000)
  ────────────────────────────────────────────────────────────────
    Metric                       Before      After     Change
    xray                       125837.2   125298.2  -539.0000

  Group Totals
  ────────────────────────────────────────────────────────────────
    Group                        Before      After     Change
    adp                          2496.9     1116.9    -1380.0
    geometry                   -27392.8   -27392.8     0.0000
    xray                       125837.2   125298.2  -539.0000
────────────────────────────────────────────────────────────────────

============================================================
LBFGS Refinement - Cycle 2/10
============================================================
Refining scales with LBFGS...
Scale refinement complete. rwork: 0.3438, rfree: 0.3854

Final Scale Parameters: 
  c_iso: tensor([-0.0502, -0.0743,  0.0781,  0.0176,  0.0255,  0.0872])
  U: tensor([ 0.3426,  0.3364,  0.3069,  0.0070,  0.0087, -0.0011])
  solvent.log_k_solvent: -0.9212571382522583
  solvent.log_ss_half: -3.9682257175445557
  solvent.log_n_exp: 2.1230556964874268
  solvent.phase_offset: 0.016373561695218086
After scaling: Rwork=0.3438, Rfree=0.3854
  VDW rebuild: max drift 2.56 Å > threshold 1.00 Å

Building VDW (non-bonded) restraints...
  Symmetry expansion: 19 valid (symop, offset) combos
  Grid: [9, 13, 9], 890/1053 cells occupied, max 390 entries/cell
  Built 275545 VDW restraints, 11926 symmetry contacts

────────────────────────────────────────────────────────────────────
  XYZ Refinement
────────────────────────────────────────────────────────────────────

  adp (weight: 0.0200)
  ────────────────────────────────────────────────────────────────
    Metric                       Before      After     Change
    locality                    27527.2    27527.2     0.0000
    scaler_U                     3934.8     3934.8     0.0000
    scaler_log_scale           128.9450   128.9450     0.0000
    sigd                         4874.1     4874.1     0.0000
    simu                        16372.8    16372.8     0.0000

  geometry (weight: 0.2000)
  ────────────────────────────────────────────────────────────────
    Metric                       Before      After     Change
    angle                      -32924.8   -34118.9    -1194.2
    bond                       -25112.9   -25496.6  -383.6113
    chiral                    -386.7266  -384.7812    +1.9454
    nonbonded                  -72431.6   -72865.1  -433.5078
    planarity                  -14640.6   -14926.6  -285.9785
    torsion                      8532.4     8564.1   +31.7119

  other (weight: 1.0000)
  ────────────────────────────────────────────────────────────────
    Metric                       Before      After     Change
    xray                       125317.4   124526.7  -790.6953

  Group Totals
  ────────────────────────────────────────────────────────────────
    Group                        Before      After     Change
    adp                          1056.8     1056.8     0.0000
    geometry                   -27392.8   -27845.6  -452.7204
    xray                       125317.4   124526.7  -790.6953
────────────────────────────────────────────────────────────────────
  VDW rebuild: max drift 2.56 Å > threshold 1.00 Å

Building VDW (non-bonded) restraints...
  Symmetry expansion: 19 valid (symop, offset) combos
  Grid: [9, 13, 9], 890/1053 cells occupied, max 390 entries/cell
  Built 275545 VDW restraints, 11926 symmetry contacts

────────────────────────────────────────────────────────────────────
  ADP Refinement
────────────────────────────────────────────────────────────────────

  adp (weight: 0.0200)
  ────────────────────────────────────────────────────────────────
    Metric                       Before      After     Change
    locality                    27256.0    19959.6    -7296.4
    scaler_U                     3934.8     3934.8     0.0000
    scaler_log_scale           128.9450   128.9450     0.0000
    sigd                         4874.1     5460.1  +585.9829
    simu                        16372.8    13971.3    -2401.5

  geometry (weight: 0.2000)
  ────────────────────────────────────────────────────────────────
    Metric                       Before      After     Change
    angle                      -34118.9   -34118.9     0.0000
    bond                       -25496.6   -25496.6     0.0000
    chiral                    -384.7812  -384.7812     0.0000
    nonbonded                  -72865.1   -72865.1     0.0000
    planarity                  -14926.6   -14926.6     0.0000
    torsion                      8564.1     8564.1     0.0000

  other (weight: 1.0000)
  ────────────────────────────────────────────────────────────────
    Metric                       Before      After     Change
    xray                       124526.7   124348.4  -178.2578

  Group Totals
  ────────────────────────────────────────────────────────────────
    Group                        Before      After     Change
    adp                          1051.3   869.0966  -182.2371
    geometry                   -27845.6   -27845.6     0.0000
    xray                       124526.7   124348.4  -178.2578
────────────────────────────────────────────────────────────────────

============================================================
LBFGS Refinement - Cycle 3/10
============================================================
Refining scales with LBFGS...
Scale refinement complete. rwork: 0.3236, rfree: 0.3791

Final Scale Parameters: 
  c_iso: tensor([0.1361, 0.2020, 0.1085, 0.0236, 0.0179, 0.0875])
  U: tensor([ 0.4731,  0.4719,  0.4394,  0.0050,  0.0089, -0.0029])
  solvent.log_k_solvent: -0.9552609324455261
  solvent.log_ss_half: -4.038506507873535
  solvent.log_n_exp: 1.8193174600601196
  solvent.phase_offset: 0.026245703920722008
After scaling: Rwork=0.3236, Rfree=0.3791
  VDW rebuild: max drift 2.75 Å > threshold 1.00 Å

Building VDW (non-bonded) restraints...
  Symmetry expansion: 19 valid (symop, offset) combos
  Grid: [9, 13, 9], 890/1053 cells occupied, max 390 entries/cell
  Built 275545 VDW restraints, 11926 symmetry contacts

────────────────────────────────────────────────────────────────────
  XYZ Refinement
────────────────────────────────────────────────────────────────────

  adp (weight: 0.0200)
  ────────────────────────────────────────────────────────────────
    Metric                       Before      After     Change
    locality                    19959.6    19959.6     0.0000
    scaler_U                     7759.9     7759.9     0.0000
    scaler_log_scale            12731.9    12731.9     0.0000
    sigd                         5460.1     5460.1     0.0000
    simu                        13971.3    13971.3     0.0000

  geometry (weight: 0.2000)
  ────────────────────────────────────────────────────────────────
    Metric                       Before      After     Change
    angle                      -34118.9   -34083.5   +35.4023
    bond                       -25496.6   -25427.0   +69.5410
    chiral                    -384.7812  -392.6533    -7.8722
    nonbonded                  -72865.1   -73289.6  -424.5312
    planarity                  -14926.6   -14887.6   +38.9629
    torsion                      8564.1     8562.0    -2.0801

  other (weight: 1.0000)
  ────────────────────────────────────────────────────────────────
    Metric                       Before      After     Change
    xray                       124385.1   123761.1  -623.9922

  Group Totals
  ────────────────────────────────────────────────────────────────
    Group                        Before      After     Change
    adp                          1197.7     1197.7     0.0000
    geometry                   -27845.6   -27903.7   -58.1159
    xray                       124385.1   123761.1  -623.9922
────────────────────────────────────────────────────────────────────
  VDW rebuild: max drift 2.75 Å > threshold 1.00 Å

Building VDW (non-bonded) restraints...
  Symmetry expansion: 19 valid (symop, offset) combos
  Grid: [9, 13, 9], 890/1053 cells occupied, max 390 entries/cell
  Built 275545 VDW restraints, 11926 symmetry contacts

────────────────────────────────────────────────────────────────────
  ADP Refinement
────────────────────────────────────────────────────────────────────

  adp (weight: 0.0200)
  ────────────────────────────────────────────────────────────────
    Metric                       Before      After     Change
    locality                    19962.7    21451.7    +1489.0
    scaler_U                     7759.9     7759.9     0.0000
    scaler_log_scale            12731.9    12731.9     0.0000
    sigd                         5460.1     5584.0  +123.9336
    simu                        13971.3    14020.7   +49.3506

  geometry (weight: 0.2000)
  ────────────────────────────────────────────────────────────────
    Metric                       Before      After     Change
    angle                      -34083.5   -34083.5     0.0000
    bond                       -25427.0   -25427.0     0.0000
    chiral                    -392.6533  -392.6533     0.0000
    nonbonded                  -73289.6   -73289.6     0.0000
    planarity                  -14887.6   -14887.6     0.0000
    torsion                      8562.0     8562.0     0.0000

  other (weight: 1.0000)
  ────────────────────────────────────────────────────────────────
    Metric                       Before      After     Change
    xray                       123761.1   123691.9   -69.2188

  Group Totals
  ────────────────────────────────────────────────────────────────
    Group                        Before      After     Change
    adp                          1197.7     1231.0   +33.2463
    geometry                   -27903.7   -27903.7     0.0000
    xray                       123761.1   123691.9   -69.2188
────────────────────────────────────────────────────────────────────

============================================================
LBFGS Refinement - Cycle 4/10
============================================================
Refining scales with LBFGS...
Scale refinement complete. rwork: 0.3126, rfree: 0.3716

Final Scale Parameters: 
  c_iso: tensor([0.1315, 0.2062, 0.0999, 0.0230, 0.0162, 0.0846])
  U: tensor([ 0.4738,  0.4745,  0.4415,  0.0032,  0.0084, -0.0034])
  solvent.log_k_solvent: -0.9650630950927734
  solvent.log_ss_half: -4.027616024017334
  solvent.log_n_exp: 1.8219407796859741
  solvent.phase_offset: 0.030338620766997337
After scaling: Rwork=0.3126, Rfree=0.3716
  VDW rebuild: max drift 2.88 Å > threshold 1.00 Å

Building VDW (non-bonded) restraints...
  Symmetry expansion: 19 valid (symop, offset) combos
  Grid: [9, 13, 9], 890/1053 cells occupied, max 390 entries/cell
  Built 275545 VDW restraints, 11926 symmetry contacts

────────────────────────────────────────────────────────────────────
  XYZ Refinement
────────────────────────────────────────────────────────────────────

  adp (weight: 0.0200)
  ────────────────────────────────────────────────────────────────
    Metric                       Before      After     Change
    locality                    21451.7    21451.7     0.0000
    scaler_U                     7819.0     7819.0     0.0000
    scaler_log_scale            12341.2    12341.2     0.0000
    sigd                         5584.0     5584.0     0.0000
    simu                        14020.7    14020.7     0.0000

  geometry (weight: 0.2000)
  ────────────────────────────────────────────────────────────────
    Metric                       Before      After     Change
    angle                      -34083.5   -34393.1  -309.5586
    bond                       -25427.0   -25597.2  -170.2363
    chiral                    -392.6533  -390.0144    +2.6389
    nonbonded                  -73289.6   -73290.2    -0.5859
    planarity                  -14887.6   -14988.9  -101.2363
    torsion                      8562.0     8561.5    -0.4668

  other (weight: 1.0000)
  ────────────────────────────────────────────────────────────────
    Metric                       Before      After     Change
    xray                       123716.1   123381.6  -334.4375

  Group Totals
  ────────────────────────────────────────────────────────────────
    Group                        Before      After     Change
    adp                          1224.3     1224.3     0.0000
    geometry                   -27903.7   -28019.6  -115.8891
    xray                       123716.1   123381.6  -334.4375
────────────────────────────────────────────────────────────────────
  VDW rebuild: max drift 2.88 Å > threshold 1.00 Å

Building VDW (non-bonded) restraints...
  Symmetry expansion: 19 valid (symop, offset) combos
  Grid: [9, 13, 9], 890/1053 cells occupied, max 390 entries/cell
  Built 275545 VDW restraints, 11926 symmetry contacts

────────────────────────────────────────────────────────────────────
  ADP Refinement
────────────────────────────────────────────────────────────────────

  adp (weight: 0.0200)
  ────────────────────────────────────────────────────────────────
    Metric                       Before      After     Change
    locality                    21439.6    22306.5  +866.9062
    scaler_U                     7819.0     7819.0     0.0000
    scaler_log_scale            12341.2    12341.2     0.0000
    sigd                         5584.0     5636.9   +52.8242
    simu                        14020.7    14076.9   +56.1562

  geometry (weight: 0.2000)
  ────────────────────────────────────────────────────────────────
    Metric                       Before      After     Change
    angle                      -34393.1   -34393.1     0.0000
    bond                       -25597.2   -25597.2     0.0000
    chiral                    -390.0144  -390.0144     0.0000
    nonbonded                  -73290.2   -73290.2     0.0000
    planarity                  -14988.9   -14988.9     0.0000
    torsion                      8561.5     8561.5     0.0000

  other (weight: 1.0000)
  ────────────────────────────────────────────────────────────────
    Metric                       Before      After     Change
    xray                       123381.6   123358.6   -23.0547

  Group Totals
  ────────────────────────────────────────────────────────────────
    Group                        Before      After     Change
    adp                          1224.1     1243.6   +19.5177
    geometry                   -28019.6   -28019.6     0.0000
    xray                       123381.6   123358.6   -23.0547
────────────────────────────────────────────────────────────────────

============================================================
LBFGS Refinement - Cycle 5/10
============================================================
Refining scales with LBFGS...
Scale refinement complete. rwork: 0.3065, rfree: 0.3657

Final Scale Parameters: 
  c_iso: tensor([0.1476, 0.2238, 0.1039, 0.0196, 0.0167, 0.0839])
  U: tensor([ 0.4831,  0.4848,  0.4522,  0.0036,  0.0076, -0.0037])
  solvent.log_k_solvent: -0.9665547609329224
  solvent.log_ss_half: -4.032313823699951
  solvent.log_n_exp: 1.8567763566970825
  solvent.phase_offset: 0.032274387776851654
After scaling: Rwork=0.3065, Rfree=0.3657
  VDW rebuild: max drift 3.15 Å > threshold 1.00 Å

Building VDW (non-bonded) restraints...
  Symmetry expansion: 19 valid (symop, offset) combos
  Grid: [9, 13, 9], 890/1053 cells occupied, max 390 entries/cell
  Built 275545 VDW restraints, 11926 symmetry contacts

────────────────────────────────────────────────────────────────────
  XYZ Refinement
────────────────────────────────────────────────────────────────────

  adp (weight: 0.0200)
  ────────────────────────────────────────────────────────────────
    Metric                       Before      After     Change
    locality                    22306.5    22306.5     0.0000
    scaler_U                     8164.8     8164.8     0.0000
    scaler_log_scale            14406.2    14406.2     0.0000
    sigd                         5636.9     5636.9     0.0000
    simu                        14076.9    14076.9     0.0000

  geometry (weight: 0.2000)
  ────────────────────────────────────────────────────────────────
    Metric                       Before      After     Change
    angle                      -34393.1   -34239.0  +154.0430
    bond                       -25597.2   -25472.0  +125.2090
    chiral                    -390.0144  -390.7474    -0.7330
    nonbonded                  -73290.2   -73338.5   -48.3047
    planarity                  -14988.9   -14945.5   +43.3906
    torsion                      8561.5     8568.6    +7.0547

  other (weight: 1.0000)
  ────────────────────────────────────────────────────────────────
    Metric                       Before      After     Change
    xray                       123366.2   122880.5  -485.6953

  Group Totals
  ────────────────────────────────────────────────────────────────
    Group                        Before      After     Change
    adp                          1291.8     1291.8     0.0000
    geometry                   -28019.6   -27963.4   +56.1329
    xray                       123366.2   122880.5  -485.6953
────────────────────────────────────────────────────────────────────
  VDW rebuild: max drift 3.15 Å > threshold 1.00 Å

Building VDW (non-bonded) restraints...
  Symmetry expansion: 19 valid (symop, offset) combos
  Grid: [9, 13, 9], 890/1053 cells occupied, max 390 entries/cell
  Built 275545 VDW restraints, 11926 symmetry contacts

────────────────────────────────────────────────────────────────────
  ADP Refinement
────────────────────────────────────────────────────────────────────

  adp (weight: 0.0200)
  ────────────────────────────────────────────────────────────────
    Metric                       Before      After     Change
    locality                    22269.6    23255.1  +985.5547
    scaler_U                     8164.8     8164.8     0.0000
    scaler_log_scale            14406.2    14406.2     0.0000
    sigd                         5636.9     5720.2   +83.3228
    simu                        14076.9    14156.9   +80.0488

  geometry (weight: 0.2000)
  ────────────────────────────────────────────────────────────────
    Metric                       Before      After     Change
    angle                      -34239.0   -34239.0     0.0000
    bond                       -25472.0   -25472.0     0.0000
    chiral                    -390.7474  -390.7474     0.0000
    nonbonded                  -73338.5   -73338.5     0.0000
    planarity                  -14945.5   -14945.5     0.0000
    torsion                      8568.6     8568.6     0.0000

  other (weight: 1.0000)
  ────────────────────────────────────────────────────────────────
    Metric                       Before      After     Change
    xray                       122880.5   122866.1   -14.3828

  Group Totals
  ────────────────────────────────────────────────────────────────
    Group                        Before      After     Change
    adp                          1291.1     1314.1   +22.9785
    geometry                   -27963.4   -27963.4     0.0000
    xray                       122880.5   122866.1   -14.3828
────────────────────────────────────────────────────────────────────

============================================================
LBFGS Refinement - Cycle 6/10
============================================================
Refining scales with LBFGS...
Scale refinement complete. rwork: 0.2984, rfree: 0.3593

Final Scale Parameters: 
  c_iso: tensor([0.1799, 0.2915, 0.1030, 0.0269, 0.0121, 0.0852])
  U: tensor([ 0.5103,  0.5113,  0.4795,  0.0044,  0.0062, -0.0036])
  solvent.log_k_solvent: -0.9831912517547607
  solvent.log_ss_half: -4.03658390045166
  solvent.log_n_exp: 1.8914202451705933
  solvent.phase_offset: 0.03154325112700462
After scaling: Rwork=0.2984, Rfree=0.3593
  VDW rebuild: max drift 3.21 Å > threshold 1.00 Å

Building VDW (non-bonded) restraints...
  Symmetry expansion: 19 valid (symop, offset) combos
  Grid: [9, 13, 9], 890/1053 cells occupied, max 390 entries/cell
  Built 275545 VDW restraints, 11926 symmetry contacts

────────────────────────────────────────────────────────────────────
  XYZ Refinement
────────────────────────────────────────────────────────────────────

  adp (weight: 0.0200)
  ────────────────────────────────────────────────────────────────
    Metric                       Before      After     Change
    locality                    23255.1    23255.1     0.0000
    scaler_U                     9122.8     9122.8     0.0000
    scaler_log_scale            21485.6    21485.6     0.0000
    sigd                         5720.2     5720.2     0.0000
    simu                        14156.9    14156.9     0.0000

  geometry (weight: 0.2000)
  ────────────────────────────────────────────────────────────────
    Metric                       Before      After     Change
    angle                      -34239.0   -34414.8  -175.7773
    bond                       -25472.0   -25599.4  -127.3809
    chiral                    -390.7474  -391.4877    -0.7403
    nonbonded                  -73338.5   -73376.9   -38.4531
    planarity                  -14945.5   -15006.0   -60.5479
    torsion                      8568.6     8576.4    +7.7754

  other (weight: 1.0000)
  ────────────────────────────────────────────────────────────────
    Metric                       Before      After     Change
    xray                       122893.4   122789.4  -104.0703

  Group Totals
  ────────────────────────────────────────────────────────────────
    Group                        Before      After     Change
    adp                          1474.8     1474.8     0.0000
    geometry                   -27963.4   -28042.5   -79.0257
    xray                       122893.4   122789.4  -104.0703
────────────────────────────────────────────────────────────────────
  VDW rebuild: max drift 3.21 Å > threshold 1.00 Å

Building VDW (non-bonded) restraints...
  Symmetry expansion: 19 valid (symop, offset) combos
  Grid: [9, 13, 9], 890/1053 cells occupied, max 390 entries/cell
  Built 275545 VDW restraints, 11926 symmetry contacts

────────────────────────────────────────────────────────────────────
  ADP Refinement
────────────────────────────────────────────────────────────────────

  adp (weight: 0.0200)
  ────────────────────────────────────────────────────────────────
    Metric                       Before      After     Change
    locality                    23239.7    23045.7  -194.0059
    scaler_U                     9122.8     9122.8     0.0000
    scaler_log_scale            21485.6    21485.6     0.0000
    sigd                         5720.2     5721.6    +1.3989
    simu                        14156.9    14067.7   -89.2236

  geometry (weight: 0.2000)
  ────────────────────────────────────────────────────────────────
    Metric                       Before      After     Change
    angle                      -34414.8   -34414.8     0.0000
    bond                       -25599.4   -25599.4     0.0000
    chiral                    -391.4877  -391.4877     0.0000
    nonbonded                  -73376.9   -73376.9     0.0000
    planarity                  -15006.0   -15006.0     0.0000
    torsion                      8576.4     8576.4     0.0000

  other (weight: 1.0000)
  ────────────────────────────────────────────────────────────────
    Metric                       Before      After     Change
    xray                       122789.4   122805.3   +15.9219

  Group Totals
  ────────────────────────────────────────────────────────────────
    Group                        Before      After     Change
    adp                          1474.5     1468.9    -5.6366
    geometry                   -28042.5   -28042.5     0.0000
    xray                       122789.4   122805.3   +15.9219
────────────────────────────────────────────────────────────────────

============================================================
LBFGS Refinement - Cycle 7/10
============================================================
Refining scales with LBFGS...
Scale refinement complete. rwork: 0.2962, rfree: 0.3608

Final Scale Parameters: 
  c_iso: tensor([0.2391, 0.3777, 0.1150, 0.0307, 0.0113, 0.0856])
  U: tensor([ 0.5520,  0.5527,  0.5215,  0.0046,  0.0059, -0.0036])
  solvent.log_k_solvent: -0.9944357872009277
  solvent.log_ss_half: -4.050514221191406
  solvent.log_n_exp: 1.794508934020996
  solvent.phase_offset: 0.02866138517856598
After scaling: Rwork=0.2962, Rfree=0.3608
  VDW rebuild: max drift 3.42 Å > threshold 1.00 Å

Building VDW (non-bonded) restraints...
  Symmetry expansion: 19 valid (symop, offset) combos
  Grid: [9, 13, 9], 890/1053 cells occupied, max 390 entries/cell
  Built 275545 VDW restraints, 11926 symmetry contacts

────────────────────────────────────────────────────────────────────
  XYZ Refinement
────────────────────────────────────────────────────────────────────

  adp (weight: 0.0200)
  ────────────────────────────────────────────────────────────────
    Metric                       Before      After     Change
    locality                    23045.7    23045.7     0.0000
    scaler_U                    10706.2    10706.2     0.0000
    scaler_log_scale            34613.5    34613.5     0.0000
    sigd                         5721.6     5721.6     0.0000
    simu                        14067.7    14067.7     0.0000

  geometry (weight: 0.2000)
  ────────────────────────────────────────────────────────────────
    Metric                       Before      After     Change
    angle                      -34414.8   -34354.2   +60.6172
    bond                       -25599.4   -25563.1   +36.3457
    chiral                    -391.4877  -391.9494    -0.4617
    nonbonded                  -73376.9   -73399.6   -22.6094
    planarity                  -15006.0   -14987.8   +18.1826
    torsion                      8576.4     8581.7    +5.3926

  other (weight: 1.0000)
  ────────────────────────────────────────────────────────────────
    Metric                       Before      After     Change
    xray                       122814.1   122603.0  -211.0469

  Group Totals
  ────────────────────────────────────────────────────────────────
    Group                        Before      After     Change
    adp                          1763.1     1763.1     0.0000
    geometry                   -28042.5   -28023.0   +19.4942
    xray                       122814.1   122603.0  -211.0469
────────────────────────────────────────────────────────────────────
  VDW rebuild: max drift 3.42 Å > threshold 1.00 Å

Building VDW (non-bonded) restraints...
  Symmetry expansion: 19 valid (symop, offset) combos
  Grid: [9, 13, 9], 890/1053 cells occupied, max 390 entries/cell
  Built 275545 VDW restraints, 11926 symmetry contacts

────────────────────────────────────────────────────────────────────
  ADP Refinement
────────────────────────────────────────────────────────────────────

  adp (weight: 0.0200)
  ────────────────────────────────────────────────────────────────
    Metric                       Before      After     Change
    locality                    23037.4    22941.5   -95.9512
    scaler_U                    10706.2    10706.2     0.0000
    scaler_log_scale            34613.5    34613.5     0.0000
    sigd                         5721.6     5723.4    +1.8340
    simu                        14067.7    14058.3    -9.3701

  geometry (weight: 0.2000)
  ────────────────────────────────────────────────────────────────
    Metric                       Before      After     Change
    angle                      -34354.2   -34354.2     0.0000
    bond                       -25563.1   -25563.1     0.0000
    chiral                    -391.9494  -391.9494     0.0000
    nonbonded                  -73399.6   -73399.6     0.0000
    planarity                  -14987.8   -14987.8     0.0000
    torsion                      8581.7     8581.7     0.0000

  other (weight: 1.0000)
  ────────────────────────────────────────────────────────────────
    Metric                       Before      After     Change
    xray                       122603.0   122623.4   +20.3906

  Group Totals
  ────────────────────────────────────────────────────────────────
    Group                        Before      After     Change
    adp                          1762.9     1760.9    -2.0697
    geometry                   -28023.0   -28023.0     0.0000
    xray                       122603.0   122623.4   +20.3906
────────────────────────────────────────────────────────────────────

============================================================
LBFGS Refinement - Cycle 8/10
============================================================
Refining scales with LBFGS...
Scale refinement complete. rwork: 0.2934, rfree: 0.3582

Final Scale Parameters: 
  c_iso: tensor([0.2402, 0.3747, 0.1187, 0.0286, 0.0138, 0.0849])
  U: tensor([ 0.5540,  0.5537,  0.5227,  0.0052,  0.0048, -0.0031])
  solvent.log_k_solvent: -0.9970831274986267
  solvent.log_ss_half: -4.052730560302734
  solvent.log_n_exp: 1.7952524423599243
  solvent.phase_offset: 0.026366261765360832
After scaling: Rwork=0.2934, Rfree=0.3582
  VDW rebuild: max drift 3.49 Å > threshold 1.00 Å

Building VDW (non-bonded) restraints...
  Symmetry expansion: 19 valid (symop, offset) combos
  Grid: [9, 13, 9], 890/1053 cells occupied, max 390 entries/cell
  Built 275545 VDW restraints, 11926 symmetry contacts

────────────────────────────────────────────────────────────────────
  XYZ Refinement
────────────────────────────────────────────────────────────────────

  adp (weight: 0.0200)
  ────────────────────────────────────────────────────────────────
    Metric                       Before      After     Change
    locality                    22941.5    22941.5     0.0000
    scaler_U                    10761.7    10761.7     0.0000
    scaler_log_scale            34695.6    34695.6     0.0000
    sigd                         5723.4     5723.4     0.0000
    simu                        14058.3    14058.3     0.0000

  geometry (weight: 0.2000)
  ────────────────────────────────────────────────────────────────
    Metric                       Before      After     Change
    angle                      -34354.2   -34408.3   -54.1016
    bond                       -25563.1   -25594.8   -31.7266
    chiral                    -391.9494  -391.7612    +0.1882
    nonbonded                  -73399.6   -73395.9    +3.6953
    planarity                  -14987.8   -15012.0   -24.1357
    torsion                      8581.7     8590.6    +8.8857

  other (weight: 1.0000)
  ────────────────────────────────────────────────────────────────
    Metric                       Before      After     Change
    xray                       122656.0   122524.2  -131.7578

  Group Totals
  ────────────────────────────────────────────────────────────────
    Group                        Before      After     Change
    adp                          1763.6     1763.6     0.0000
    geometry                   -28023.0   -28042.4   -19.4392
    xray                       122656.0   122524.2  -131.7578
────────────────────────────────────────────────────────────────────
  VDW rebuild: max drift 3.49 Å > threshold 1.00 Å

Building VDW (non-bonded) restraints...
  Symmetry expansion: 19 valid (symop, offset) combos
  Grid: [9, 13, 9], 890/1053 cells occupied, max 390 entries/cell
  Built 275545 VDW restraints, 11926 symmetry contacts

────────────────────────────────────────────────────────────────────
  ADP Refinement
────────────────────────────────────────────────────────────────────

  adp (weight: 0.0200)
  ────────────────────────────────────────────────────────────────
    Metric                       Before      After     Change
    locality                    22929.1    22905.4   -23.6465
    scaler_U                    10761.7    10761.7     0.0000
    scaler_log_scale            34695.6    34695.6     0.0000
    sigd                         5723.4     5723.5    +0.0557
    simu                        14058.3    14026.3   -32.0225

  geometry (weight: 0.2000)
  ────────────────────────────────────────────────────────────────
    Metric                       Before      After     Change
    angle                      -34408.3   -34408.3     0.0000
    bond                       -25594.8   -25594.8     0.0000
    chiral                    -391.7612  -391.7612     0.0000
    nonbonded                  -73395.9   -73395.9     0.0000
    planarity                  -15012.0   -15012.0     0.0000
    torsion                      8590.6     8590.6     0.0000

  other (weight: 1.0000)
  ────────────────────────────────────────────────────────────────
    Metric                       Before      After     Change
    xray                       122524.2   122535.4   +11.2031

  Group Totals
  ────────────────────────────────────────────────────────────────
    Group                        Before      After     Change
    adp                          1763.4     1762.2    -1.1123
    geometry                   -28042.4   -28042.4     0.0000
    xray                       122524.2   122535.4   +11.2031
────────────────────────────────────────────────────────────────────

============================================================
LBFGS Refinement - Cycle 9/10
============================================================
Refining scales with LBFGS...
Scale refinement complete. rwork: 0.2920, rfree: 0.3542

Final Scale Parameters: 
  c_iso: tensor([0.2396, 0.3735, 0.1200, 0.0272, 0.0156, 0.0842])
  U: tensor([ 0.5553,  0.5549,  0.5239,  0.0056,  0.0045, -0.0032])
  solvent.log_k_solvent: -0.9970264434814453
  solvent.log_ss_half: -4.050232887268066
  solvent.log_n_exp: 1.794876217842102
  solvent.phase_offset: 0.027690259739756584
After scaling: Rwork=0.2920, Rfree=0.3542
  VDW rebuild: max drift 3.61 Å > threshold 1.00 Å

Building VDW (non-bonded) restraints...
  Symmetry expansion: 19 valid (symop, offset) combos
  Grid: [9, 13, 9], 890/1053 cells occupied, max 390 entries/cell
  Built 275545 VDW restraints, 11926 symmetry contacts

────────────────────────────────────────────────────────────────────
  XYZ Refinement
────────────────────────────────────────────────────────────────────

  adp (weight: 0.0200)
  ────────────────────────────────────────────────────────────────
    Metric                       Before      After     Change
    locality                    22905.4    22905.4     0.0000
    scaler_U                    10810.2    10810.2     0.0000
    scaler_log_scale            34654.1    34654.1     0.0000
    sigd                         5723.5     5723.5     0.0000
    simu                        14026.3    14026.3     0.0000

  geometry (weight: 0.2000)
  ────────────────────────────────────────────────────────────────
    Metric                       Before      After     Change
    angle                      -34408.3   -34386.2   +22.1328
    bond                       -25594.8   -25581.2   +13.5547
    chiral                    -391.7612  -392.2781    -0.5169
    nonbonded                  -73395.9   -73402.0    -6.1016
    planarity                  -15012.0   -15002.2    +9.7627
    torsion                      8590.6     8593.9    +3.2285

  other (weight: 1.0000)
  ────────────────────────────────────────────────────────────────
    Metric                       Before      After     Change
    xray                       122552.5   122397.4  -155.1172

  Group Totals
  ────────────────────────────────────────────────────────────────
    Group                        Before      After     Change
    adp                          1762.4     1762.4     0.0000
    geometry                   -28042.4   -28034.0    +8.4115
    xray                       122552.5   122397.4  -155.1172
────────────────────────────────────────────────────────────────────
  VDW rebuild: max drift 3.61 Å > threshold 1.00 Å

Building VDW (non-bonded) restraints...
  Symmetry expansion: 19 valid (symop, offset) combos
  Grid: [9, 13, 9], 890/1053 cells occupied, max 390 entries/cell
  Built 275545 VDW restraints, 11926 symmetry contacts

────────────────────────────────────────────────────────────────────
  ADP Refinement
────────────────────────────────────────────────────────────────────

  adp (weight: 0.0200)
  ────────────────────────────────────────────────────────────────
    Metric                       Before      After     Change
    locality                    22907.8    23105.0  +197.2207
    scaler_U                    10810.2    10810.2     0.0000
    scaler_log_scale            34654.1    34654.1     0.0000
    sigd                         5723.5     5726.0    +2.4741
    simu                        14026.3    14060.2   +33.9277

  geometry (weight: 0.2000)
  ────────────────────────────────────────────────────────────────
    Metric                       Before      After     Change
    angle                      -34386.2   -34386.2     0.0000
    bond                       -25581.2   -25581.2     0.0000
    chiral                    -392.2781  -392.2781     0.0000
    nonbonded                  -73402.0   -73402.0     0.0000
    planarity                  -15002.2   -15002.2     0.0000
    torsion                      8593.9     8593.9     0.0000

  other (weight: 1.0000)
  ────────────────────────────────────────────────────────────────
    Metric                       Before      After     Change
    xray                       122397.4   122401.7    +4.3281

  Group Totals
  ────────────────────────────────────────────────────────────────
    Group                        Before      After     Change
    adp                          1762.4     1767.1    +4.6725
    geometry                   -28034.0   -28034.0     0.0000
    xray                       122397.4   122401.7    +4.3281
────────────────────────────────────────────────────────────────────

============================================================
LBFGS Refinement - Cycle 10/10
============================================================
Refining scales with LBFGS...
Scale refinement complete. rwork: 0.2903, rfree: 0.3527

Final Scale Parameters: 
  c_iso: tensor([0.2358, 0.3655, 0.1214, 0.0255, 0.0175, 0.0834])
  U: tensor([ 0.5529,  0.5520,  0.5216,  0.0056,  0.0046, -0.0024])
  solvent.log_k_solvent: -0.998642086982727
  solvent.log_ss_half: -4.050607204437256
  solvent.log_n_exp: 1.7942951917648315
  solvent.phase_offset: 0.026335105299949646
After scaling: Rwork=0.2903, Rfree=0.3527
  VDW rebuild: max drift 3.66 Å > threshold 1.00 Å

Building VDW (non-bonded) restraints...
  Symmetry expansion: 19 valid (symop, offset) combos
  Grid: [9, 13, 9], 890/1053 cells occupied, max 390 entries/cell
  Built 275545 VDW restraints, 11926 symmetry contacts

────────────────────────────────────────────────────────────────────
  XYZ Refinement
────────────────────────────────────────────────────────────────────

  adp (weight: 0.0200)
  ────────────────────────────────────────────────────────────────
    Metric                       Before      After     Change
    locality                    23105.0    23105.0     0.0000
    scaler_U                    10711.1    10711.1     0.0000
    scaler_log_scale            33651.6    33651.6     0.0000
    sigd                         5726.0     5726.0     0.0000
    simu                        14060.2    14060.2     0.0000

  geometry (weight: 0.2000)
  ────────────────────────────────────────────────────────────────
    Metric                       Before      After     Change
    angle                      -34386.2   -34386.3    -0.1406
    bond                       -25581.2   -25590.2    -8.9570
    chiral                    -392.2781  -391.8243    +0.4539
    nonbonded                  -73402.0   -73395.7    +6.2891
    planarity                  -15002.2   -15012.4   -10.1934
    torsion                      8593.9     8602.8    +8.9678

  other (weight: 1.0000)
  ────────────────────────────────────────────────────────────────
    Metric                       Before      After     Change
    xray                       122414.8   122319.4   -95.3828

  Group Totals
  ────────────────────────────────────────────────────────────────
    Group                        Before      After     Change
    adp                          1745.1     1745.1     0.0000
    geometry                   -28034.0   -28034.7    -0.7153
    xray                       122414.8   122319.4   -95.3828
────────────────────────────────────────────────────────────────────
  VDW rebuild: max drift 3.66 Å > threshold 1.00 Å

Building VDW (non-bonded) restraints...
  Symmetry expansion: 19 valid (symop, offset) combos
  Grid: [9, 13, 9], 890/1053 cells occupied, max 390 entries/cell
  Built 275545 VDW restraints, 11926 symmetry contacts

────────────────────────────────────────────────────────────────────
  ADP Refinement
────────────────────────────────────────────────────────────────────

  adp (weight: 0.0200)
  ────────────────────────────────────────────────────────────────
    Metric                       Before      After     Change
    locality                    23094.1    22790.6  -303.4355
    scaler_U                    10711.1    10711.1     0.0000
    scaler_log_scale            33651.6    33651.6     0.0000
    sigd                         5726.0     5718.1    -7.9009
    simu                        14060.2    14009.0   -51.2500

  geometry (weight: 0.2000)
  ────────────────────────────────────────────────────────────────
    Metric                       Before      After     Change
    angle                      -34386.3   -34386.3     0.0000
    bond                       -25590.2   -25590.2     0.0000
    chiral                    -391.8243  -391.8243     0.0000
    nonbonded                  -73395.7   -73395.7     0.0000
    planarity                  -15012.4   -15012.4     0.0000
    torsion                      8602.8     8602.8     0.0000

  other (weight: 1.0000)
  ────────────────────────────────────────────────────────────────
    Metric                       Before      After     Change
    xray                       122319.4   122339.6   +20.2266

  Group Totals
  ────────────────────────────────────────────────────────────────
    Group                        Before      After     Change
    adp                          1744.9     1737.6    -7.2517
    geometry                   -28034.7   -28034.7     0.0000
    xray                       122319.4   122339.6   +20.2266
────────────────────────────────────────────────────────────────────
Calculating initial scale factors using 10 bins.
Refining scales with LBFGS...
Scale refinement complete. rwork: 0.2890, rfree: 0.3523

Final Scale Parameters: 
  c_iso: tensor([0.2266, 0.3643, 0.1157, 0.0301, 0.0165, 0.0860])
  U: tensor([ 0.5503,  0.5497,  0.5192,  0.0059,  0.0044, -0.0023])
  solvent.log_k_solvent: -1.0006825923919678
  solvent.log_ss_half: -4.044676303863525
  solvent.log_n_exp: 1.8168797492980957
  solvent.phase_offset: 0.027592875063419342

Refinement completed successfully.

Saving results to /das/work/units/LBR-FEL/p17490/Peter/Library/work_trees_torchref/alignement/alignment_lab/benchmarks/af_mr/runs/dmin4.0/4Q13/refine_phaser_mr...
  Refined structure (PDB): /das/work/units/LBR-FEL/p17490/Peter/Library/work_trees_torchref/alignement/alignment_lab/benchmarks/af_mr/runs/dmin4.0/4Q13/refine_phaser_mr/refined.pdb
  Refined structure (mmCIF): /das/work/units/LBR-FEL/p17490/Peter/Library/work_trees_torchref/alignement/alignment_lab/benchmarks/af_mr/runs/dmin4.0/4Q13/refine_phaser_mr/refined.cif
Added map coefficients:
  2Fo-Fc: FWT, PHWT
  Fo-Fc: DELFWT, PHDELWT
  Resolution range: 2.24 - 33.08 Å
✓ Wrote MTZ file: /das/work/units/LBR-FEL/p17490/Peter/Library/work_trees_torchref/alignement/alignment_lab/benchmarks/af_mr/runs/dmin4.0/4Q13/refine_phaser_mr/refined.mtz
  Reflections: 24290
  Columns: H, K, L, F-obs, SIGF-obs, R-free-flags, FWT, PHWT, DELFWT, PHDELWT, F-model, PH-model
  Refined structure factors: /das/work/units/LBR-FEL/p17490/Peter/Library/work_trees_torchref/alignement/alignment_lab/benchmarks/af_mr/runs/dmin4.0/4Q13/refine_phaser_mr/refined.mtz
  Refinement history: /das/work/units/LBR-FEL/p17490/Peter/Library/work_trees_torchref/alignement/alignment_lab/benchmarks/af_mr/runs/dmin4.0/4Q13/refine_phaser_mr/refinement_history.json

================================================================================
Refinement Summary
================================================================================
R-work:  0.2890 (23523 reflections)
R-free:  0.3523 (469 reflections)
NLL work: 122355.89
NLL test: 2484.19
================================================================================

Output files:
  - /das/work/units/LBR-FEL/p17490/Peter/Library/work_trees_torchref/alignement/alignment_lab/benchmarks/af_mr/runs/dmin4.0/4Q13/refine_phaser_mr/refined.pdb
  - /das/work/units/LBR-FEL/p17490/Peter/Library/work_trees_torchref/alignement/alignment_lab/benchmarks/af_mr/runs/dmin4.0/4Q13/refine_phaser_mr/refined.cif
  - /das/work/units/LBR-FEL/p17490/Peter/Library/work_trees_torchref/alignement/alignment_lab/benchmarks/af_mr/runs/dmin4.0/4Q13/refine_phaser_mr/refined.mtz
  - /das/work/units/LBR-FEL/p17490/Peter/Library/work_trees_torchref/alignement/alignment_lab/benchmarks/af_mr/runs/dmin4.0/4Q13/refine_phaser_mr/refinement_history.json

Refinement completed successfully!

Timing: 801.6s wall, 363.0s CPU
