/das/work/units/LBR-FEL/p17490/Peter/Library/work_trees_torchref/alignement/torchref/cli/refine.py:21: UserWarning: TorchRef using user-specified 8 threads from TORCHREF_NUM_THREADS.
  from torchref.cli._common import (
================================================================================
TorchRef LBFGS Refinement
================================================================================
Model:             /das/work/units/LBR-FEL/p17490/Peter/Library/work_trees_torchref/dev/paper/figure2_alphafold_start/placed/1XX1_af.pdb
Structure factor:  /das/work/units/LBR-FEL/p17490/Peter/Library/work_trees_torchref/dev/paper/data/1XX1/1XX1.mtz
Output directory:  /das/work/units/LBR-FEL/p17490/Peter/Library/work_trees_torchref/alignement/alignment_lab/benchmarks/af_mr/runs/dmin3.0/1XX1/refine_phaser_mr
Refinement mode:   separate
X-ray target:      ml
Refinement cycles: 10
Rigid-body step:   on (iterations/cutoff = 30)
Device:            auto
ADP mode:          isotropic
Wavelength:        1 A
Manual weights:    {"adp": 0.02}
================================================================================

Initializing refinement...
found non-finite F values (NaN/Inf):  584
found non-finite F_sigma values (NaN/Inf):  584
Wilson outlier rejection: 0/115270 (0.0000%) of tested reflections flagged (0 too strong, 0 too weak)
Loaded 8840 atoms
Building restraints...
Found 109 link definitions

Building VDW (non-bonded) restraints...
  Symmetry expansion: 11 valid (symop, offset) combos
  Grid: [23, 23, 18], 6500/9522 cells occupied, max 44 entries/cell
  Built 161775 VDW restraints, 6056 symmetry contacts
  Hydrogen topology: 8480 riding H atoms
  H candidate pairs: 375438 (89432 H-H, 286006 H-heavy, 11927 symmetry)
================================================================================
Restraints Summary
================================================================================
CIF file: None
Residue types in dictionary: 20

INTRA-RESIDUE RESTRAINTS:
--------------------------------------------------------------------------------
  Bonds: 7968
  Angles: 8968
  Torsions: 2188
  Planes: 1796
  Chirals: 1300

INTER-RESIDUE RESTRAINTS:
--------------------------------------------------------------------------------
  Peptide bonds: 1100
  Peptide angles: 3348
  Disulfide bonds: 4
  Disulfide angles: 8
  Disulfide torsions: 4
  LINK bonds: 0

BACKBONE TORSIONS:
--------------------------------------------------------------------------------
  Phi: 1100
  Psi: 1100
  Omega: 1100
  Ramachandran: 1092

VDW RESTRAINTS:
--------------------------------------------------------------------------------
  Non-bonded contacts: 161775 (155719 intra-ASU, 6056 symmetry)
================================================================================
Generated 8472 hydrogens
ADP representation: isotropic, 17312 parameters, 7.1 work reflections each
Initialized ScalerBase with 10 bins.
Building restraints...

Building VDW (non-bonded) restraints...
  Symmetry expansion: 13 valid (symop, offset) combos
  Grid: [23, 23, 18], 6936/9522 cells occupied, max 96 entries/cell
  Built 656664 VDW restraints, 26436 symmetry contacts
================================================================================
Restraints Summary
================================================================================
CIF file: None
Residue types in dictionary: 20

INTRA-RESIDUE RESTRAINTS:
--------------------------------------------------------------------------------
  Bonds: 16440
  Angles: 27100
  Torsions: 3264
  Planes: 3036
  Chirals: 1300

INTER-RESIDUE RESTRAINTS:
--------------------------------------------------------------------------------
  Peptide bonds: 1100
  Peptide angles: 4400
  Disulfide bonds: 4
  Disulfide angles: 8
  Disulfide torsions: 4
  LINK bonds: 0

BACKBONE TORSIONS:
--------------------------------------------------------------------------------
  Phi: 1100
  Psi: 1100
  Omega: 1100
  Ramachandran: 1092

VDW RESTRAINTS:
--------------------------------------------------------------------------------
  Non-bonded contacts: 656664 (630228 intra-ASU, 26436 symmetry)
================================================================================
Initializing TotalGeometryTarget with component targets...
Initializing TotalADPTarget with component targets: simu, locality, sigd
Parametrization built for 5 unique atom types
SfFFT: Using late symmetry (reciprocal space)
Calculating initial scale factors using 10 bins.
Refining scales with LBFGS...
Scale refinement complete. rwork: 0.3592, rfree: 0.3592

Final Scale Parameters: 
  c_iso: tensor([ 1.4177,  1.6544,  0.4511, -0.0739,  0.0523, -0.0134])
  U: tensor([ 5.8825e-01,  5.8151e-01,  5.7411e-01, -6.3795e-03, -1.2544e-03,
        -2.6363e-04])
  solvent.log_k_solvent: -0.894810676574707
  solvent.log_ss_half: -3.815375328063965
  solvent.log_n_exp: 1.274807333946228
  solvent.phase_offset: 0.017461780458688736
Initialized targets with xray_mode='ml'
Applied manual group weights: {'xray': 1.0, 'geometry': 0.2, 'geometry/ramachandran': 0.0, 'adp': 0.02, 'adp/sigd': 1.0, 'adp/node_load': 10.0, 'adp/node_smoothness': 0.0}
Refinement initialized successfully.

Starting refinement with 10 macro cycles...

Rigid-body step enabled: one multi-resolution rigid-body pass will run once at the start of refinement.


--- Rigid-body step (once, at start) ---
Switched to rigid-body parametrization: RigidXYZTensor(n_atoms=17312, n_chains=4) (4 chain(s))
Filtering: 3168/126409 reflections in range [inf - 6.0] Å (3115 valid after all masks)
Initialized ScalerBase with 10 bins.
Calculating initial scale factors using 10 bins.
Calculating initial scale factors using 10 bins.
Refining scales with LBFGS...
Scale refinement complete. rwork: 0.2896, rfree: 0.3018

Final Scale Parameters: 
  c_iso: tensor([-0.2232, -0.1901,  0.2932, -0.0142, -0.4741, -0.2446])
  U: tensor([ 1.1176,  0.6940,  0.7135, -0.2889, -0.1174, -0.1600])
  solvent.log_k_solvent: -0.9175459742546082
  solvent.log_ss_half: -3.902878999710083
  solvent.log_n_exp: 1.659515142440796
  solvent.phase_offset: 0.026550158858299255
  rigid-body d_min=6.00 (lbfgs, iters=30): Rwork=0.3043 Rfree=0.3553
Filtering: 20065/126409 reflections in range [inf - 3.240697348218379] Å (19860 valid after all masks)
Initialized ScalerBase with 10 bins.
Calculating initial scale factors using 10 bins.
Calculating initial scale factors using 10 bins.
Refining scales with LBFGS...
Scale refinement complete. rwork: 0.2958, rfree: 0.3007

Final Scale Parameters: 
  c_iso: tensor([ 0.6995,  0.4151, -0.6705, -0.4079, -0.0121,  0.1555])
  U: tensor([ 7.1952e-01,  7.2503e-01,  7.1316e-01, -5.1684e-03,  1.0393e-02,
        -5.9929e-04])
  solvent.log_k_solvent: -0.9608921408653259
  solvent.log_ss_half: -3.9532687664031982
  solvent.log_n_exp: 1.3096106052398682
  solvent.phase_offset: 0.018107039853930473
  rigid-body d_min=3.24 (lbfgs, iters=30): Rwork=0.2973 Rfree=0.3056
Filtering: 126409/126409 reflections in range [inf - 1.750353217124939] Å (125825 valid after all masks)
Initialized ScalerBase with 10 bins.
Calculating initial scale factors using 10 bins.
Calculating initial scale factors using 10 bins.
Refining scales with LBFGS...
Scale refinement complete. rwork: 0.3601, rfree: 0.3615

Final Scale Parameters: 
  c_iso: tensor([ 1.4125,  1.6415,  0.4515, -0.0757,  0.0530, -0.0141])
  U: tensor([ 0.5852,  0.5791,  0.5722, -0.0059, -0.0014, -0.0008])
  solvent.log_k_solvent: -0.8923944234848022
  solvent.log_ss_half: -3.814739227294922
  solvent.log_n_exp: 1.2790800333023071
  solvent.phase_offset: 0.013316270895302296
  rigid-body d_min=1.75 (lbfgs, iters=30): Rwork=0.3604 Rfree=0.3614
Initialized ScalerBase with 10 bins.
Calculating initial scale factors using 10 bins.
Calculating initial scale factors using 10 bins.
Refining scales with LBFGS...
Scale refinement complete. rwork: 0.3590, rfree: 0.3595

Final Scale Parameters: 
  c_iso: tensor([ 1.4076,  1.6390,  0.4492, -0.0748,  0.0527, -0.0139])
  U: tensor([ 5.8428e-01,  5.7722e-01,  5.6959e-01, -6.6473e-03, -1.1338e-03,
        -8.1446e-05])
  solvent.log_k_solvent: -0.892781674861908
  solvent.log_ss_half: -3.8119289875030518
  solvent.log_n_exp: 1.2818076610565186
  solvent.phase_offset: 0.016099050641059875
Initialized ScalerBase with 10 bins.
Calculating initial scale factors using 10 bins.
Calculating initial scale factors using 10 bins.
Refining scales with LBFGS...
Scale refinement complete. rwork: 0.3590, rfree: 0.3595

Final Scale Parameters: 
  c_iso: tensor([ 1.4178,  1.6515,  0.4519, -0.0749,  0.0527, -0.0139])
  U: tensor([ 5.8798e-01,  5.8114e-01,  5.7373e-01, -6.4084e-03, -1.1824e-03,
        -1.5344e-04])
  solvent.log_k_solvent: -0.8933637142181396
  solvent.log_ss_half: -3.816099166870117
  solvent.log_n_exp: 1.2701491117477417
  solvent.phase_offset: 0.016088368371129036

============================================================
LBFGS Refinement - Cycle 1/10
============================================================
Refining scales with LBFGS...
Scale refinement complete. rwork: 0.3590, rfree: 0.3595

Final Scale Parameters: 
  c_iso: tensor([ 1.4186,  1.6535,  0.4518, -0.0744,  0.0524, -0.0137])
  U: tensor([ 5.8865e-01,  5.8163e-01,  5.7407e-01, -6.5980e-03, -1.1254e-03,
        -1.8015e-04])
  solvent.log_k_solvent: -0.893707811832428
  solvent.log_ss_half: -3.8152215480804443
  solvent.log_n_exp: 1.2745966911315918
  solvent.phase_offset: 0.01607288420200348
After scaling: Rwork=0.3590, Rfree=0.3595
  VDW rebuild: max drift 2.47 Å > threshold 1.00 Å

Building VDW (non-bonded) restraints...
  Symmetry expansion: 13 valid (symop, offset) combos
  Grid: [23, 23, 18], 6936/9522 cells occupied, max 96 entries/cell
  Built 656664 VDW restraints, 26436 symmetry contacts

────────────────────────────────────────────────────────────────────
  XYZ Refinement
────────────────────────────────────────────────────────────────────

  adp (weight: 0.0200)
  ────────────────────────────────────────────────────────────────
    Metric                       Before      After     Change
    locality                    10696.0    10696.0     0.0000
    scaler_U                    64105.2    64105.2     0.0000
    scaler_log_scale          1443661.0  1443661.0     0.0000
    sigd                        11226.0    11226.0     0.0000
    simu                        29723.4    29723.4     0.0000

  geometry (weight: 0.2000)
  ────────────────────────────────────────────────────────────────
    Metric                       Before      After     Change
    angle                      -70564.7   -74954.3    -4389.7
    bond                       -53845.2   -57802.2    -3957.0
    chiral                    -712.2115  -805.9805   -93.7689
    nonbonded                 -130125.8  -169186.5   -39060.7
    planarity                  -34906.6   -37387.6    -2480.9
    torsion                     22509.0    22503.8    -5.1680

  other (weight: 1.0000)
  ────────────────────────────────────────────────────────────────
    Metric                       Before      After     Change
    xray                       774311.4   760418.4   -13893.0

  Group Totals
  ────────────────────────────────────────────────────────────────
    Group                        Before      After     Change
    adp                         31188.2    31188.2     0.0000
    geometry                   -53529.1   -63526.6    -9997.5
    xray                       774311.4   760418.4   -13893.0
────────────────────────────────────────────────────────────────────
  VDW rebuild: max drift 2.47 Å > threshold 1.00 Å

Building VDW (non-bonded) restraints...
  Symmetry expansion: 13 valid (symop, offset) combos
  Grid: [23, 23, 18], 6936/9522 cells occupied, max 96 entries/cell
  Built 656664 VDW restraints, 26436 symmetry contacts

────────────────────────────────────────────────────────────────────
  ADP Refinement
────────────────────────────────────────────────────────────────────

  adp (weight: 0.0200)
  ────────────────────────────────────────────────────────────────
    Metric                       Before      After     Change
    locality                    10384.6    60457.3   +50072.7
    scaler_U                    64105.2    64105.2     0.0000
    scaler_log_scale          1443661.0  1443661.0     0.0000
    sigd                        11226.0    12033.6  +807.6338
    simu                        29723.4    48741.1   +19017.7

  geometry (weight: 0.2000)
  ────────────────────────────────────────────────────────────────
    Metric                       Before      After     Change
    angle                      -74954.3   -74954.3     0.0000
    bond                       -57802.2   -57802.2     0.0000
    chiral                    -805.9805  -805.9805     0.0000
    nonbonded                 -169186.5  -169186.5     0.0000
    planarity                  -37387.6   -37387.6     0.0000
    torsion                     22503.8    22503.8     0.0000

  other (weight: 1.0000)
  ────────────────────────────────────────────────────────────────
    Metric                       Before      After     Change
    xray                       760418.4   745254.2   -15164.2

  Group Totals
  ────────────────────────────────────────────────────────────────
    Group                        Before      After     Change
    adp                         31182.0    32580.0    +1398.0
    geometry                   -63526.6   -63526.6     0.0000
    xray                       760418.4   745254.2   -15164.2
────────────────────────────────────────────────────────────────────

============================================================
LBFGS Refinement - Cycle 2/10
============================================================
Refining scales with LBFGS...
Scale refinement complete. rwork: 0.2739, rfree: 0.2936

Final Scale Parameters: 
  c_iso: tensor([ 0.9247,  1.0596,  0.2660, -0.0877,  0.0564, -0.0234])
  U: tensor([ 0.3882,  0.3932,  0.3853, -0.0021,  0.0045, -0.0018])
  solvent.log_k_solvent: -0.8980719447135925
  solvent.log_ss_half: -3.7040956020355225
  solvent.log_n_exp: 1.403783917427063
  solvent.phase_offset: 0.014587954618036747
After scaling: Rwork=0.2739, Rfree=0.2936
  VDW rebuild: max drift 2.47 Å > threshold 1.00 Å

Building VDW (non-bonded) restraints...
  Symmetry expansion: 13 valid (symop, offset) combos
  Grid: [23, 23, 18], 6936/9522 cells occupied, max 96 entries/cell
  Built 656664 VDW restraints, 26436 symmetry contacts

────────────────────────────────────────────────────────────────────
  XYZ Refinement
────────────────────────────────────────────────────────────────────

  adp (weight: 0.0200)
  ────────────────────────────────────────────────────────────────
    Metric                       Before      After     Change
    locality                    60457.3    60457.3     0.0000
    scaler_U                    28672.8    28672.8     0.0000
    scaler_log_scale           563871.1   563871.1     0.0000
    sigd                        12033.6    12033.6     0.0000
    simu                        48741.1    48741.1     0.0000

  geometry (weight: 0.2000)
  ────────────────────────────────────────────────────────────────
    Metric                       Before      After     Change
    angle                      -74954.3   -75776.8  -822.4453
    bond                       -57802.2   -57886.4   -84.1680
    chiral                    -805.9805  -798.0232    +7.9573
    nonbonded                 -169186.5  -168200.8  +985.7656
    planarity                  -37387.6   -37554.3  -166.7305
    torsion                     22503.8    22483.6   -20.2344

  other (weight: 1.0000)
  ────────────────────────────────────────────────────────────────
    Metric                       Before      After     Change
    xray                       745268.2   737437.4    -7830.9

  Group Totals
  ────────────────────────────────────────────────────────────────
    Group                        Before      After     Change
    adp                         14275.5    14275.5     0.0000
    geometry                   -63526.6   -63546.5   -19.9715
    xray                       745268.2   737437.4    -7830.9
────────────────────────────────────────────────────────────────────
  VDW rebuild: max drift 2.47 Å > threshold 1.00 Å

Building VDW (non-bonded) restraints...
  Symmetry expansion: 13 valid (symop, offset) combos
  Grid: [23, 23, 18], 6936/9522 cells occupied, max 96 entries/cell
  Built 656664 VDW restraints, 26436 symmetry contacts

────────────────────────────────────────────────────────────────────
  ADP Refinement
────────────────────────────────────────────────────────────────────

  adp (weight: 0.0200)
  ────────────────────────────────────────────────────────────────
    Metric                       Before      After     Change
    locality                    60479.1    76099.7   +15620.7
    scaler_U                    28672.8    28672.8     0.0000
    scaler_log_scale           563871.1   563871.1     0.0000
    sigd                        12033.6    12161.7  +128.0312
    simu                        48741.1    55726.3    +6985.2

  geometry (weight: 0.2000)
  ────────────────────────────────────────────────────────────────
    Metric                       Before      After     Change
    angle                      -75776.8   -75776.8     0.0000
    bond                       -57886.4   -57886.4     0.0000
    chiral                    -798.0232  -798.0232     0.0000
    nonbonded                 -168200.8  -168200.8     0.0000
    planarity                  -37554.3   -37554.3     0.0000
    torsion                     22483.6    22483.6     0.0000

  other (weight: 1.0000)
  ────────────────────────────────────────────────────────────────
    Metric                       Before      After     Change
    xray                       737437.4   736005.3    -1432.1

  Group Totals
  ────────────────────────────────────────────────────────────────
    Group                        Before      After     Change
    adp                         14276.0    14730.6  +454.6784
    geometry                   -63546.5   -63546.5     0.0000
    xray                       737437.4   736005.3    -1432.1
────────────────────────────────────────────────────────────────────

============================================================
LBFGS Refinement - Cycle 3/10
============================================================
Refining scales with LBFGS...
Scale refinement complete. rwork: 0.2516, rfree: 0.2802

Final Scale Parameters: 
  c_iso: tensor([ 0.7452,  0.8342,  0.2098, -0.0880,  0.0574, -0.0234])
  U: tensor([ 0.3185,  0.3249,  0.3178, -0.0013,  0.0039, -0.0019])
  solvent.log_k_solvent: -0.8907080888748169
  solvent.log_ss_half: -3.661268711090088
  solvent.log_n_exp: 1.4781949520111084
  solvent.phase_offset: 0.013993177562952042
After scaling: Rwork=0.2516, Rfree=0.2802
  VDW rebuild: max drift 2.67 Å > threshold 1.00 Å

Building VDW (non-bonded) restraints...
  Symmetry expansion: 13 valid (symop, offset) combos
  Grid: [23, 23, 18], 6936/9522 cells occupied, max 96 entries/cell
  Built 656664 VDW restraints, 26436 symmetry contacts

────────────────────────────────────────────────────────────────────
  XYZ Refinement
────────────────────────────────────────────────────────────────────

  adp (weight: 0.0200)
  ────────────────────────────────────────────────────────────────
    Metric                       Before      After     Change
    locality                    76099.7    76099.7     0.0000
    scaler_U                    19465.4    19465.4     0.0000
    scaler_log_scale           346766.0   346766.0     0.0000
    sigd                        12161.7    12161.7     0.0000
    simu                        55726.3    55726.3     0.0000

  geometry (weight: 0.2000)
  ────────────────────────────────────────────────────────────────
    Metric                       Before      After     Change
    angle                      -75776.8   -76116.2  -339.4375
    bond                       -57886.4   -57745.4  +140.9844
    chiral                    -798.0232  -811.8689   -13.8457
    nonbonded                 -168200.8  -168677.0  -476.2500
    planarity                  -37554.3   -37678.9  -124.5742
    torsion                     22483.6    22474.8    -8.7266

  other (weight: 1.0000)
  ────────────────────────────────────────────────────────────────
    Metric                       Before      After     Change
    xray                       736051.8   733920.8    -2130.9

  Group Totals
  ────────────────────────────────────────────────────────────────
    Group                        Before      After     Change
    adp                         10204.4    10204.4     0.0000
    geometry                   -63546.5   -63710.9  -164.3692
    xray                       736051.8   733920.8    -2130.9
────────────────────────────────────────────────────────────────────
  VDW rebuild: max drift 2.67 Å > threshold 1.00 Å

Building VDW (non-bonded) restraints...
  Symmetry expansion: 13 valid (symop, offset) combos
  Grid: [23, 23, 18], 6936/9522 cells occupied, max 96 entries/cell
  Built 656664 VDW restraints, 26436 symmetry contacts

────────────────────────────────────────────────────────────────────
  ADP Refinement
────────────────────────────────────────────────────────────────────

  adp (weight: 0.0200)
  ────────────────────────────────────────────────────────────────
    Metric                       Before      After     Change
    locality                    76175.5    77399.7    +1224.2
    scaler_U                    19465.4    19465.4     0.0000
    scaler_log_scale           346766.0   346766.0     0.0000
    sigd                        12161.7    12172.5   +10.8398
    simu                        55726.3    55942.0  +215.7344

  geometry (weight: 0.2000)
  ────────────────────────────────────────────────────────────────
    Metric                       Before      After     Change
    angle                      -76116.2   -76116.2     0.0000
    bond                       -57745.4   -57745.4     0.0000
    chiral                    -811.8689  -811.8689     0.0000
    nonbonded                 -168677.0  -168677.0     0.0000
    planarity                  -37678.9   -37678.9     0.0000
    torsion                     22474.8    22474.8     0.0000

  other (weight: 1.0000)
  ────────────────────────────────────────────────────────────────
    Metric                       Before      After     Change
    xray                       733920.8   733785.0  -135.8125

  Group Totals
  ────────────────────────────────────────────────────────────────
    Group                        Before      After     Change
    adp                         10205.9    10234.9   +29.0156
    geometry                   -63710.9   -63710.9     0.0000
    xray                       733920.8   733785.0  -135.8125
────────────────────────────────────────────────────────────────────

============================================================
LBFGS Refinement - Cycle 4/10
============================================================
Refining scales with LBFGS...
Scale refinement complete. rwork: 0.2465, rfree: 0.2795

Final Scale Parameters: 
  c_iso: tensor([ 0.7426,  0.8319,  0.2114, -0.0843,  0.0578, -0.0239])
  U: tensor([ 3.1971e-01,  3.2662e-01,  3.2043e-01, -2.9895e-04,  3.7498e-03,
        -1.6717e-03])
  solvent.log_k_solvent: -0.8928056359291077
  solvent.log_ss_half: -3.6589064598083496
  solvent.log_n_exp: 1.4770694971084595
  solvent.phase_offset: 0.005700987763702869
After scaling: Rwork=0.2465, Rfree=0.2795
  VDW rebuild: max drift 2.97 Å > threshold 1.00 Å

Building VDW (non-bonded) restraints...
  Symmetry expansion: 13 valid (symop, offset) combos
  Grid: [23, 23, 18], 6936/9522 cells occupied, max 96 entries/cell
  Built 656664 VDW restraints, 26436 symmetry contacts

────────────────────────────────────────────────────────────────────
  XYZ Refinement
────────────────────────────────────────────────────────────────────

  adp (weight: 0.0200)
  ────────────────────────────────────────────────────────────────
    Metric                       Before      After     Change
    locality                    77399.7    77399.7     0.0000
    scaler_U                    19690.8    19690.8     0.0000
    scaler_log_scale           346386.8   346386.8     0.0000
    sigd                        12172.5    12172.5     0.0000
    simu                        55942.0    55942.0     0.0000

  geometry (weight: 0.2000)
  ────────────────────────────────────────────────────────────────
    Metric                       Before      After     Change
    angle                      -76116.2   -76313.5  -197.2422
    bond                       -57745.4   -57902.8  -157.3555
    chiral                    -811.8689  -807.9260    +3.9429
    nonbonded                 -168677.0  -168539.3  +137.7188
    planarity                  -37678.9   -37680.2    -1.3594
    torsion                     22474.8    22476.2    +1.4199

  other (weight: 1.0000)
  ────────────────────────────────────────────────────────────────
    Metric                       Before      After     Change
    xray                       734104.8   733096.5    -1008.2

  Group Totals
  ────────────────────────────────────────────────────────────────
    Group                        Before      After     Change
    adp                         10231.8    10231.8     0.0000
    geometry                   -63710.9   -63753.5   -42.5767
    xray                       734104.8   733096.5    -1008.2
────────────────────────────────────────────────────────────────────
  VDW rebuild: max drift 2.97 Å > threshold 1.00 Å

Building VDW (non-bonded) restraints...
  Symmetry expansion: 13 valid (symop, offset) combos
  Grid: [23, 23, 18], 6936/9522 cells occupied, max 96 entries/cell
  Built 656664 VDW restraints, 26436 symmetry contacts

────────────────────────────────────────────────────────────────────
  ADP Refinement
────────────────────────────────────────────────────────────────────

  adp (weight: 0.0200)
  ────────────────────────────────────────────────────────────────
    Metric                       Before      After     Change
    locality                    77466.7    76906.8  -559.9844
    scaler_U                    19690.8    19690.8     0.0000
    scaler_log_scale           346386.8   346386.8     0.0000
    sigd                        12172.5    12196.1   +23.5674
    simu                        55942.0    55320.1  -621.9531

  geometry (weight: 0.2000)
  ────────────────────────────────────────────────────────────────
    Metric                       Before      After     Change
    angle                      -76313.5   -76313.5     0.0000
    bond                       -57902.8   -57902.8     0.0000
    chiral                    -807.9260  -807.9260     0.0000
    nonbonded                 -168539.3  -168539.3     0.0000
    planarity                  -37680.2   -37680.2     0.0000
    torsion                     22476.2    22476.2     0.0000

  other (weight: 1.0000)
  ────────────────────────────────────────────────────────────────
    Metric                       Before      After     Change
    xray                       733096.5   733147.2   +50.7500

  Group Totals
  ────────────────────────────────────────────────────────────────
    Group                        Before      After     Change
    adp                         10233.2    10210.0   -23.1672
    geometry                   -63753.5   -63753.5     0.0000
    xray                       733096.5   733147.2   +50.7500
────────────────────────────────────────────────────────────────────

============================================================
LBFGS Refinement - Cycle 5/10
============================================================
Refining scales with LBFGS...
Scale refinement complete. rwork: 0.2447, rfree: 0.2789

Final Scale Parameters: 
  c_iso: tensor([ 0.6705,  0.7340,  0.1954, -0.0879,  0.0593, -0.0255])
  U: tensor([ 0.2958,  0.3024,  0.2957, -0.0008,  0.0040, -0.0019])
  solvent.log_k_solvent: -0.8835242390632629
  solvent.log_ss_half: -3.640674114227295
  solvent.log_n_exp: 1.5223451852798462
  solvent.phase_offset: 0.008073966018855572
After scaling: Rwork=0.2447, Rfree=0.2789
  VDW rebuild: max drift 3.44 Å > threshold 1.00 Å

Building VDW (non-bonded) restraints...
  Symmetry expansion: 13 valid (symop, offset) combos
  Grid: [23, 23, 18], 6936/9522 cells occupied, max 96 entries/cell
  Built 656664 VDW restraints, 26436 symmetry contacts

────────────────────────────────────────────────────────────────────
  XYZ Refinement
────────────────────────────────────────────────────────────────────

  adp (weight: 0.0200)
  ────────────────────────────────────────────────────────────────
    Metric                       Before      After     Change
    locality                    76906.8    76906.8     0.0000
    scaler_U                    16836.4    16836.4     0.0000
    scaler_log_scale           274721.0   274721.0     0.0000
    sigd                        12196.1    12196.1     0.0000
    simu                        55320.1    55320.1     0.0000

  geometry (weight: 0.2000)
  ────────────────────────────────────────────────────────────────
    Metric                       Before      After     Change
    angle                      -76313.5   -76476.0  -162.4844
    bond                       -57902.8   -57983.8   -81.0078
    chiral                    -807.9260  -813.4677    -5.5416
    nonbonded                 -168539.3  -168754.9  -215.5625
    planarity                  -37680.2   -37728.7   -48.4531
    torsion                     22476.2    22481.1    +4.8516

  other (weight: 1.0000)
  ────────────────────────────────────────────────────────────────
    Metric                       Before      After     Change
    xray                       733576.1   732749.0  -827.1250

  Group Totals
  ────────────────────────────────────────────────────────────────
    Group                        Before      After     Change
    adp                          8719.6     8719.6     0.0000
    geometry                   -63753.5   -63855.1  -101.6391
    xray                       733576.1   732749.0  -827.1250
────────────────────────────────────────────────────────────────────
  VDW rebuild: max drift 3.44 Å > threshold 1.00 Å

Building VDW (non-bonded) restraints...
  Symmetry expansion: 13 valid (symop, offset) combos
  Grid: [23, 23, 18], 6936/9522 cells occupied, max 96 entries/cell
  Built 656664 VDW restraints, 26436 symmetry contacts

────────────────────────────────────────────────────────────────────
  ADP Refinement
────────────────────────────────────────────────────────────────────

  adp (weight: 0.0200)
  ────────────────────────────────────────────────────────────────
    Metric                       Before      After     Change
    locality                    76920.4    77408.5  +488.1094
    scaler_U                    16836.4    16836.4     0.0000
    scaler_log_scale           274721.0   274721.0     0.0000
    sigd                        12196.1    12240.6   +44.5615
    simu                        55320.1    55035.7  -284.4219

  geometry (weight: 0.2000)
  ────────────────────────────────────────────────────────────────
    Metric                       Before      After     Change
    angle                      -76476.0   -76476.0     0.0000
    bond                       -57983.8   -57983.8     0.0000
    chiral                    -813.4677  -813.4677     0.0000
    nonbonded                 -168754.9  -168754.9     0.0000
    planarity                  -37728.7   -37728.7     0.0000
    torsion                     22481.1    22481.1     0.0000

  other (weight: 1.0000)
  ────────────────────────────────────────────────────────────────
    Metric                       Before      After     Change
    xray                       732749.0   732797.1   +48.1250

  Group Totals
  ────────────────────────────────────────────────────────────────
    Group                        Before      After     Change
    adp                          8719.9     8724.8    +4.9650
    geometry                   -63855.1   -63855.1     0.0000
    xray                       732749.0   732797.1   +48.1250
────────────────────────────────────────────────────────────────────

============================================================
LBFGS Refinement - Cycle 6/10
============================================================
Refining scales with LBFGS...
Scale refinement complete. rwork: 0.2441, rfree: 0.2791

Final Scale Parameters: 
  c_iso: tensor([ 0.6690,  0.7318,  0.1956, -0.0884,  0.0594, -0.0258])
  U: tensor([ 0.3000,  0.3061,  0.2995, -0.0009,  0.0042, -0.0020])
  solvent.log_k_solvent: -0.8839872479438782
  solvent.log_ss_half: -3.640897035598755
  solvent.log_n_exp: 1.522597074508667
  solvent.phase_offset: 0.00785493478178978
After scaling: Rwork=0.2441, Rfree=0.2791
  VDW rebuild: max drift 3.42 Å > threshold 1.00 Å

Building VDW (non-bonded) restraints...
  Symmetry expansion: 13 valid (symop, offset) combos
  Grid: [23, 23, 18], 6936/9522 cells occupied, max 96 entries/cell
  Built 656664 VDW restraints, 26436 symmetry contacts

────────────────────────────────────────────────────────────────────
  XYZ Refinement
────────────────────────────────────────────────────────────────────

  adp (weight: 0.0200)
  ────────────────────────────────────────────────────────────────
    Metric                       Before      After     Change
    locality                    77408.5    77408.5     0.0000
    scaler_U                    17281.5    17281.5     0.0000
    scaler_log_scale           273691.9   273691.9     0.0000
    sigd                        12240.6    12240.6     0.0000
    simu                        55035.7    55035.7     0.0000

  geometry (weight: 0.2000)
  ────────────────────────────────────────────────────────────────
    Metric                       Before      After     Change
    angle                      -76476.0   -76426.3   +49.6094
    bond                       -57983.8   -57965.7   +18.1250
    chiral                    -813.4677  -809.0470    +4.4207
    nonbonded                 -168754.9  -168672.1   +82.7344
    planarity                  -37728.7   -37710.9   +17.8086
    torsion                     22481.1    22486.4    +5.3047

  other (weight: 1.0000)
  ────────────────────────────────────────────────────────────────
    Metric                       Before      After     Change
    xray                       733223.4   732534.5  -688.9375

  Group Totals
  ────────────────────────────────────────────────────────────────
    Group                        Before      After     Change
    adp                          8713.2     8713.2     0.0000
    geometry                   -63855.1   -63819.5   +35.6004
    xray                       733223.4   732534.5  -688.9375
────────────────────────────────────────────────────────────────────
  VDW rebuild: max drift 3.42 Å > threshold 1.00 Å

Building VDW (non-bonded) restraints...
  Symmetry expansion: 13 valid (symop, offset) combos
  Grid: [23, 23, 18], 6936/9522 cells occupied, max 96 entries/cell
  Built 656664 VDW restraints, 26436 symmetry contacts

────────────────────────────────────────────────────────────────────
  ADP Refinement
────────────────────────────────────────────────────────────────────

  adp (weight: 0.0200)
  ────────────────────────────────────────────────────────────────
    Metric                       Before      After     Change
    locality                    77432.2    77538.8  +106.5781
    scaler_U                    17281.5    17281.5     0.0000
    scaler_log_scale           273691.9   273691.9     0.0000
    sigd                        12240.6    12290.8   +50.1445
    simu                        55035.7    54543.5  -492.1836

  geometry (weight: 0.2000)
  ────────────────────────────────────────────────────────────────
    Metric                       Before      After     Change
    angle                      -76426.3   -76426.3     0.0000
    bond                       -57965.7   -57965.7     0.0000
    chiral                    -809.0470  -809.0470     0.0000
    nonbonded                 -168672.1  -168672.1     0.0000
    planarity                  -37710.9   -37710.9     0.0000
    torsion                     22486.4    22486.4     0.0000

  other (weight: 1.0000)
  ────────────────────────────────────────────────────────────────
    Metric                       Before      After     Change
    xray                       732534.5   732591.4   +56.8750

  Group Totals
  ────────────────────────────────────────────────────────────────
    Group                        Before      After     Change
    adp                          8713.6     8706.9    -6.7092
    geometry                   -63819.5   -63819.5     0.0000
    xray                       732534.5   732591.4   +56.8750
────────────────────────────────────────────────────────────────────

============================================================
LBFGS Refinement - Cycle 7/10
============================================================
Refining scales with LBFGS...
Scale refinement complete. rwork: 0.2435, rfree: 0.2780

Final Scale Parameters: 
  c_iso: tensor([ 0.6673,  0.7296,  0.1955, -0.0880,  0.0590, -0.0254])
  U: tensor([ 0.3045,  0.3103,  0.3032, -0.0016,  0.0045, -0.0022])
  solvent.log_k_solvent: -0.883524477481842
  solvent.log_ss_half: -3.640362501144409
  solvent.log_n_exp: 1.5229525566101074
  solvent.phase_offset: 0.008522513322532177
After scaling: Rwork=0.2435, Rfree=0.2780
  VDW rebuild: max drift 3.46 Å > threshold 1.00 Å

Building VDW (non-bonded) restraints...
  Symmetry expansion: 13 valid (symop, offset) combos
  Grid: [23, 23, 18], 6936/9522 cells occupied, max 96 entries/cell
  Built 656664 VDW restraints, 26436 symmetry contacts

────────────────────────────────────────────────────────────────────
  XYZ Refinement
────────────────────────────────────────────────────────────────────

  adp (weight: 0.0200)
  ────────────────────────────────────────────────────────────────
    Metric                       Before      After     Change
    locality                    77538.8    77538.8     0.0000
    scaler_U                    17756.1    17756.1     0.0000
    scaler_log_scale           272413.2   272413.2     0.0000
    sigd                        12290.8    12290.8     0.0000
    simu                        54543.5    54543.5     0.0000

  geometry (weight: 0.2000)
  ────────────────────────────────────────────────────────────────
    Metric                       Before      After     Change
    angle                      -76426.3   -76450.1   -23.7656
    bond                       -57965.7   -57917.3   +48.4023
    chiral                    -809.0470  -811.6877    -2.6407
    nonbonded                 -168672.1  -168761.2   -89.0938
    planarity                  -37710.9   -37728.0   -17.1211
    torsion                     22486.4    22488.4    +2.0371

  other (weight: 1.0000)
  ────────────────────────────────────────────────────────────────
    Metric                       Before      After     Change
    xray                       733018.1   732388.9  -629.2500

  Group Totals
  ────────────────────────────────────────────────────────────────
    Group                        Before      After     Change
    adp                          8690.8     8690.8     0.0000
    geometry                   -63819.5   -63836.0   -16.4354
    xray                       733018.1   732388.9  -629.2500
────────────────────────────────────────────────────────────────────
  VDW rebuild: max drift 3.46 Å > threshold 1.00 Å

Building VDW (non-bonded) restraints...
  Symmetry expansion: 13 valid (symop, offset) combos
  Grid: [23, 23, 18], 6936/9522 cells occupied, max 96 entries/cell
  Built 656664 VDW restraints, 26436 symmetry contacts

────────────────────────────────────────────────────────────────────
  ADP Refinement
────────────────────────────────────────────────────────────────────

  adp (weight: 0.0200)
  ────────────────────────────────────────────────────────────────
    Metric                       Before      After     Change
    locality                    77570.5    78610.5    +1040.0
    scaler_U                    17756.1    17756.1     0.0000
    scaler_log_scale           272413.2   272413.2     0.0000
    sigd                        12290.8    12349.3   +58.5801
    simu                        54543.5    54206.8  -336.7031

  geometry (weight: 0.2000)
  ────────────────────────────────────────────────────────────────
    Metric                       Before      After     Change
    angle                      -76450.1   -76450.1     0.0000
    bond                       -57917.3   -57917.3     0.0000
    chiral                    -811.6877  -811.6877     0.0000
    nonbonded                 -168761.2  -168761.2     0.0000
    planarity                  -37728.0   -37728.0     0.0000
    torsion                     22488.4    22488.4     0.0000

  other (weight: 1.0000)
  ────────────────────────────────────────────────────────────────
    Metric                       Before      After     Change
    xray                       732388.9   732403.6   +14.7500

  Group Totals
  ────────────────────────────────────────────────────────────────
    Group                        Before      After     Change
    adp                          8691.5     8706.7   +15.2365
    geometry                   -63836.0   -63836.0     0.0000
    xray                       732388.9   732403.6   +14.7500
────────────────────────────────────────────────────────────────────

============================================================
LBFGS Refinement - Cycle 8/10
============================================================
Refining scales with LBFGS...
Scale refinement complete. rwork: 0.2433, rfree: 0.2776

Final Scale Parameters: 
  c_iso: tensor([ 0.6655,  0.7287,  0.1949, -0.0875,  0.0589, -0.0253])
  U: tensor([ 0.3081,  0.3139,  0.3070, -0.0016,  0.0045, -0.0022])
  solvent.log_k_solvent: -0.8845923542976379
  solvent.log_ss_half: -3.6402482986450195
  solvent.log_n_exp: 1.5234975814819336
  solvent.phase_offset: 0.005055462475866079
After scaling: Rwork=0.2433, Rfree=0.2776
  VDW rebuild: max drift 3.31 Å > threshold 1.00 Å

Building VDW (non-bonded) restraints...
  Symmetry expansion: 13 valid (symop, offset) combos
  Grid: [23, 23, 18], 6936/9522 cells occupied, max 96 entries/cell
  Built 656664 VDW restraints, 26436 symmetry contacts

────────────────────────────────────────────────────────────────────
  XYZ Refinement
────────────────────────────────────────────────────────────────────

  adp (weight: 0.0200)
  ────────────────────────────────────────────────────────────────
    Metric                       Before      After     Change
    locality                    78610.5    78610.5     0.0000
    scaler_U                    18181.6    18181.6     0.0000
    scaler_log_scale           271434.0   271434.0     0.0000
    sigd                        12349.3    12349.3     0.0000
    simu                        54206.8    54206.8     0.0000

  geometry (weight: 0.2000)
  ────────────────────────────────────────────────────────────────
    Metric                       Before      After     Change
    angle                      -76450.1   -76400.5   +49.6094
    bond                       -57917.3   -57936.3   -19.0898
    chiral                    -811.6877  -809.2532    +2.4345
    nonbonded                 -168761.2  -168675.1   +86.1719
    planarity                  -37728.0   -37702.8   +25.1797
    torsion                     22488.4    22488.1    -0.3418

  other (weight: 1.0000)
  ────────────────────────────────────────────────────────────────
    Metric                       Before      After     Change
    xray                       732809.6   732269.7  -539.9375

  Group Totals
  ────────────────────────────────────────────────────────────────
    Group                        Before      After     Change
    adp                          8695.6     8695.6     0.0000
    geometry                   -63836.0   -63807.2   +28.7935
    xray                       732809.6   732269.7  -539.9375
────────────────────────────────────────────────────────────────────
  VDW rebuild: max drift 3.31 Å > threshold 1.00 Å

Building VDW (non-bonded) restraints...
  Symmetry expansion: 13 valid (symop, offset) combos
  Grid: [23, 23, 18], 6936/9522 cells occupied, max 96 entries/cell
  Built 656664 VDW restraints, 26436 symmetry contacts

────────────────────────────────────────────────────────────────────
  ADP Refinement
────────────────────────────────────────────────────────────────────

  adp (weight: 0.0200)
  ────────────────────────────────────────────────────────────────
    Metric                       Before      After     Change
    locality                    78634.4    79324.8  +690.3984
    scaler_U                    18181.6    18181.6     0.0000
    scaler_log_scale           271434.0   271434.0     0.0000
    sigd                        12349.3    12413.0   +63.6465
    simu                        54206.8    53922.3  -284.4414

  geometry (weight: 0.2000)
  ────────────────────────────────────────────────────────────────
    Metric                       Before      After     Change
    angle                      -76400.5   -76400.5     0.0000
    bond                       -57936.3   -57936.3     0.0000
    chiral                    -809.2532  -809.2532     0.0000
    nonbonded                 -168675.1  -168675.1     0.0000
    planarity                  -37702.8   -37702.8     0.0000
    torsion                     22488.1    22488.1     0.0000

  other (weight: 1.0000)
  ────────────────────────────────────────────────────────────────
    Metric                       Before      After     Change
    xray                       732269.7   732311.9   +42.1875

  Group Totals
  ────────────────────────────────────────────────────────────────
    Group                        Before      After     Change
    adp                          8696.1     8705.5    +9.3921
    geometry                   -63807.2   -63807.2     0.0000
    xray                       732269.7   732311.9   +42.1875
────────────────────────────────────────────────────────────────────

============================================================
LBFGS Refinement - Cycle 9/10
============================================================
Refining scales with LBFGS...
Scale refinement complete. rwork: 0.2430, rfree: 0.2778

Final Scale Parameters: 
  c_iso: tensor([ 0.6638,  0.7282,  0.1947, -0.0866,  0.0589, -0.0245])
  U: tensor([ 0.3132,  0.3178,  0.3108, -0.0023,  0.0040, -0.0022])
  solvent.log_k_solvent: -0.8855752348899841
  solvent.log_ss_half: -3.640577793121338
  solvent.log_n_exp: 1.5250147581100464
  solvent.phase_offset: 0.002604355337098241
After scaling: Rwork=0.2430, Rfree=0.2778
  VDW rebuild: max drift 3.23 Å > threshold 1.00 Å

Building VDW (non-bonded) restraints...
  Symmetry expansion: 13 valid (symop, offset) combos
  Grid: [23, 23, 18], 6936/9522 cells occupied, max 96 entries/cell
  Built 656664 VDW restraints, 26436 symmetry contacts

────────────────────────────────────────────────────────────────────
  XYZ Refinement
────────────────────────────────────────────────────────────────────

  adp (weight: 0.0200)
  ────────────────────────────────────────────────────────────────
    Metric                       Before      After     Change
    locality                    79324.8    79324.8     0.0000
    scaler_U                    18691.2    18691.2     0.0000
    scaler_log_scale           270793.3   270793.3     0.0000
    sigd                        12413.0    12413.0     0.0000
    simu                        53922.3    53922.3     0.0000

  geometry (weight: 0.2000)
  ────────────────────────────────────────────────────────────────
    Metric                       Before      After     Change
    angle                      -76400.5   -76420.4   -19.9219
    bond                       -57936.3   -57896.1   +40.2891
    chiral                    -809.2532  -811.2543    -2.0010
    nonbonded                 -168675.1  -168716.1   -41.0469
    planarity                  -37702.8   -37707.3    -4.5000
    torsion                     22488.1    22492.4    +4.3008

  other (weight: 1.0000)
  ────────────────────────────────────────────────────────────────
    Metric                       Before      After     Change
    xray                       732737.9   732268.5  -469.3750

  Group Totals
  ────────────────────────────────────────────────────────────────
    Group                        Before      After     Change
    adp                          8702.9     8702.9     0.0000
    geometry                   -63807.2   -63811.8    -4.5784
    xray                       732737.9   732268.5  -469.3750
────────────────────────────────────────────────────────────────────
  VDW rebuild: max drift 3.23 Å > threshold 1.00 Å

Building VDW (non-bonded) restraints...
  Symmetry expansion: 13 valid (symop, offset) combos
  Grid: [23, 23, 18], 6936/9522 cells occupied, max 96 entries/cell
  Built 656664 VDW restraints, 26436 symmetry contacts

────────────────────────────────────────────────────────────────────
  ADP Refinement
────────────────────────────────────────────────────────────────────

  adp (weight: 0.0200)
  ────────────────────────────────────────────────────────────────
    Metric                       Before      After     Change
    locality                    79340.6    80240.5  +899.9531
    scaler_U                    18691.2    18691.2     0.0000
    scaler_log_scale           270793.3   270793.3     0.0000
    sigd                        12413.0    12483.0   +70.0488
    simu                        53922.3    53469.8  -452.5039

  geometry (weight: 0.2000)
  ────────────────────────────────────────────────────────────────
    Metric                       Before      After     Change
    angle                      -76420.4   -76420.4     0.0000
    bond                       -57896.1   -57896.1     0.0000
    chiral                    -811.2543  -811.2543     0.0000
    nonbonded                 -168716.1  -168716.1     0.0000
    planarity                  -37707.3   -37707.3     0.0000
    torsion                     22492.4    22492.4     0.0000

  other (weight: 1.0000)
  ────────────────────────────────────────────────────────────────
    Metric                       Before      After     Change
    xray                       732268.5   732308.8   +40.2500

  Group Totals
  ────────────────────────────────────────────────────────────────
    Group                        Before      After     Change
    adp                          8703.2     8713.6   +10.3501
    geometry                   -63811.8   -63811.8     0.0000
    xray                       732268.5   732308.8   +40.2500
────────────────────────────────────────────────────────────────────

============================================================
LBFGS Refinement - Cycle 10/10
============================================================
Refining scales with LBFGS...
Scale refinement complete. rwork: 0.2430, rfree: 0.2774

Final Scale Parameters: 
  c_iso: tensor([ 0.6621,  0.7267,  0.1941, -0.0863,  0.0586, -0.0241])
  U: tensor([ 0.3165,  0.3213,  0.3145, -0.0021,  0.0041, -0.0023])
  solvent.log_k_solvent: -0.8856873512268066
  solvent.log_ss_half: -3.6428818702697754
  solvent.log_n_exp: 1.5252549648284912
  solvent.phase_offset: 0.0019189914455637336
After scaling: Rwork=0.2430, Rfree=0.2774
