/das/work/units/LBR-FEL/p17490/Peter/Library/work_trees_torchref/alignement/torchref/cli/refine.py:21: UserWarning: TorchRef using user-specified 8 threads from TORCHREF_NUM_THREADS.
  from torchref.cli._common import (
================================================================================
TorchRef LBFGS Refinement
================================================================================
Model:             /das/work/units/LBR-FEL/p17490/Peter/Library/work_trees_torchref/dev/paper/figure2_alphafold_start/placed/4NUF_af.pdb
Structure factor:  /das/work/units/LBR-FEL/p17490/Peter/Library/work_trees_torchref/dev/paper/data/4NUF/4NUF.mtz
Output directory:  /das/work/units/LBR-FEL/p17490/Peter/Library/work_trees_torchref/alignement/alignment_lab/benchmarks/af_mr/runs/dmin4.0/4NUF/refine_phaser_mr
Refinement mode:   separate
X-ray target:      ml
Refinement cycles: 10
Rigid-body step:   on (iterations/cutoff = 30)
Device:            auto
ADP mode:          isotropic
Wavelength:        1 A
Manual weights:    {"adp": 0.02}
================================================================================

Initializing refinement...
FrenchWilson initialized:
  Reflections: 20675
  Resolution: 2.80 - 29.77 Å
  Space group: SpaceGroup('P212121', number=19, n_ops=4)
  Centric: 2733 (13.2%)
found non-finite F values (NaN/Inf):  0
found non-finite F_sigma values (NaN/Inf):  0
Wilson outlier rejection: 0/13425 (0.0000%) of tested reflections flagged (0 too strong, 0 too weak)
Loaded 2955 atoms
Building restraints...
Found 109 link definitions

Building VDW (non-bonded) restraints...
  Symmetry expansion: 13 valid (symop, offset) combos
  Grid: [9, 17, 22], 1398/3366 cells occupied, max 92 entries/cell
  Built 49815 VDW restraints, 474 symmetry contacts
  Hydrogen topology: 2896 riding H atoms
  H candidate pairs: 118760 (29537 H-H, 89223 H-heavy, 1301 symmetry)
================================================================================
Restraints Summary
================================================================================
CIF file: None
Residue types in dictionary: 19

INTRA-RESIDUE RESTRAINTS:
--------------------------------------------------------------------------------
  Bonds: 2645
  Angles: 2947
  Torsions: 751
  Planes: 569
  Chirals: 448

INTER-RESIDUE RESTRAINTS:
--------------------------------------------------------------------------------
  Peptide bonds: 379
  Peptide angles: 1158
  Disulfide bonds: 0
  Disulfide angles: 0
  Disulfide torsions: 0
  LINK bonds: 0

BACKBONE TORSIONS:
--------------------------------------------------------------------------------
  Phi: 379
  Psi: 379
  Omega: 379
  Ramachandran: 377

VDW RESTRAINTS:
--------------------------------------------------------------------------------
  Non-bonded contacts: 49815 (49341 intra-ASU, 474 symmetry)
================================================================================
Generated 2896 hydrogens
ADP representation: isotropic, 5851 parameters, 3.5 work reflections each
Initialized ScalerBase with 10 bins.
Building restraints...

Building VDW (non-bonded) restraints...
  Symmetry expansion: 15 valid (symop, offset) combos
  Grid: [9, 17, 22], 1516/3366 cells occupied, max 240 entries/cell
  Built 205187 VDW restraints, 2604 symmetry contacts
================================================================================
Restraints Summary
================================================================================
CIF file: None
Residue types in dictionary: 19

INTRA-RESIDUE RESTRAINTS:
--------------------------------------------------------------------------------
  Bonds: 5541
  Angles: 9198
  Torsions: 1099
  Planes: 970
  Chirals: 448

INTER-RESIDUE RESTRAINTS:
--------------------------------------------------------------------------------
  Peptide bonds: 379
  Peptide angles: 1516
  Disulfide bonds: 0
  Disulfide angles: 0
  Disulfide torsions: 0
  LINK bonds: 0

BACKBONE TORSIONS:
--------------------------------------------------------------------------------
  Phi: 379
  Psi: 379
  Omega: 379
  Ramachandran: 377

VDW RESTRAINTS:
--------------------------------------------------------------------------------
  Non-bonded contacts: 205187 (202583 intra-ASU, 2604 symmetry)
================================================================================
Initializing TotalGeometryTarget with component targets...
Initializing TotalADPTarget with component targets: simu, locality, sigd
Parametrization built for 5 unique atom types
SfFFT: Using late symmetry (reciprocal space)
