/das/work/units/LBR-FEL/p17490/Peter/Library/work_trees_torchref/alignement/torchref/cli/refine.py:21: UserWarning: TorchRef using user-specified 8 threads from TORCHREF_NUM_THREADS.
  from torchref.cli._common import (
================================================================================
TorchRef LBFGS Refinement
================================================================================
Model:             /das/work/units/LBR-FEL/p17490/Peter/Library/work_trees_torchref/dev/paper/figure2_alphafold_start/placed/2ZON_af.pdb
Structure factor:  /das/work/units/LBR-FEL/p17490/Peter/Library/work_trees_torchref/dev/paper/data/2ZON/2ZON.mtz
Output directory:  /das/work/units/LBR-FEL/p17490/Peter/Library/work_trees_torchref/alignement/alignment_lab/benchmarks/af_mr/runs/dmin3.0/2ZON/refine_phaser_mr
Refinement mode:   separate
X-ray target:      ml
Refinement cycles: 10
Rigid-body step:   on (iterations/cutoff = 30)
Device:            auto
ADP mode:          isotropic
Wavelength:        1 A
Manual weights:    {"adp": 0.02}
================================================================================

Initializing refinement...
found non-finite F values (NaN/Inf):  1606
found non-finite F_sigma values (NaN/Inf):  1606
Wilson outlier rejection: 1/109048 (0.0009%) of tested reflections flagged (1 too strong, 0 too weak)
Loaded 8242 atoms
Building restraints...
Found 109 link definitions

Building VDW (non-bonded) restraints...
  Symmetry expansion: 20 valid (symop, offset) combos
  Grid: [10, 17, 27], 3578/4590 cells occupied, max 126 entries/cell
  Built 146796 VDW restraints, 3092 symmetry contacts
  Hydrogen topology: 8111 riding H atoms
  H candidate pairs: 348547 (82141 H-H, 266406 H-heavy, 7551 symmetry)
================================================================================
Restraints Summary
================================================================================
CIF file: None
Residue types in dictionary: 20

INTRA-RESIDUE RESTRAINTS:
--------------------------------------------------------------------------------
  Bonds: 7386
  Angles: 8210
  Torsions: 2107
  Planes: 1608
  Chirals: 1265

INTER-RESIDUE RESTRAINTS:
--------------------------------------------------------------------------------
  Peptide bonds: 1076
  Peptide angles: 3308
  Disulfide bonds: 0
  Disulfide angles: 0
  Disulfide torsions: 0
  LINK bonds: 0

BACKBONE TORSIONS:
--------------------------------------------------------------------------------
  Phi: 1076
  Psi: 1076
  Omega: 1076
  Ramachandran: 1069

VDW RESTRAINTS:
--------------------------------------------------------------------------------
  Non-bonded contacts: 146796 (143704 intra-ASU, 3092 symmetry)
================================================================================
Generated 8116 hydrogens
ADP representation: isotropic, 16358 parameters, 7.1 work reflections each
Initialized ScalerBase with 10 bins.
Building restraints...

Building VDW (non-bonded) restraints...
  Symmetry expansion: 20 valid (symop, offset) combos
  Grid: [10, 17, 27], 3780/4590 cells occupied, max 210 entries/cell
  Built 608509 VDW restraints, 15500 symmetry contacts
================================================================================
Restraints Summary
================================================================================
CIF file: None
Residue types in dictionary: 20

INTRA-RESIDUE RESTRAINTS:
--------------------------------------------------------------------------------
  Bonds: 15502
  Angles: 25693
  Torsions: 3167
  Planes: 2742
  Chirals: 1265

INTER-RESIDUE RESTRAINTS:
--------------------------------------------------------------------------------
  Peptide bonds: 1076
  Peptide angles: 4304
  Disulfide bonds: 0
  Disulfide angles: 0
  Disulfide torsions: 0
  LINK bonds: 0

BACKBONE TORSIONS:
--------------------------------------------------------------------------------
  Phi: 1076
  Psi: 1076
  Omega: 1076
  Ramachandran: 1069

VDW RESTRAINTS:
--------------------------------------------------------------------------------
  Non-bonded contacts: 608509 (593009 intra-ASU, 15500 symmetry)
================================================================================
Initializing TotalGeometryTarget with component targets...
Initializing TotalADPTarget with component targets: simu, locality, sigd
Parametrization built for 5 unique atom types
SfFFT: Using late symmetry (reciprocal space)
Calculating initial scale factors using 10 bins.
Refining scales with LBFGS...
Scale refinement complete. rwork: 0.3380, rfree: 0.3425

Final Scale Parameters: 
  c_iso: tensor([ 1.0586,  1.3174,  0.4603, -0.1016,  0.0574, -0.0272])
  U: tensor([ 0.3995,  0.4974,  0.4287, -0.0011, -0.0025, -0.0045])
  solvent.log_k_solvent: -0.9792236685752869
  solvent.log_ss_half: -3.745384454727173
  solvent.log_n_exp: 1.6808069944381714
  solvent.phase_offset: -0.011651363223791122
Initialized targets with xray_mode='ml'
Applied manual group weights: {'xray': 1.0, 'geometry': 0.2, 'geometry/ramachandran': 0.0, 'adp': 0.02, 'adp/sigd': 1.0, 'adp/node_load': 10.0, 'adp/node_smoothness': 0.0}
Refinement initialized successfully.

Starting refinement with 10 macro cycles...

Rigid-body step enabled: one multi-resolution rigid-body pass will run once at the start of refinement.


--- Rigid-body step (once, at start) ---
Switched to rigid-body parametrization: RigidXYZTensor(n_atoms=16358, n_chains=7) (7 chain(s))
Filtering: 2966/119860 reflections in range [inf - 6.0] Å (2796 valid after all masks)
Initialized ScalerBase with 10 bins.
Calculating initial scale factors using 10 bins.
Calculating initial scale factors using 10 bins.
Refining scales with LBFGS...
Scale refinement complete. rwork: 0.2718, rfree: 0.3277

Final Scale Parameters: 
  c_iso: tensor([-12.2225, -10.1349,  14.3432,  25.0040,  16.0381,   4.8790])
  U: tensor([ 0.9398,  0.9261,  0.8064, -0.1708, -0.1271, -0.0900])
  solvent.log_k_solvent: -1.0829154253005981
  solvent.log_ss_half: -2.324354648590088
  solvent.log_n_exp: 1.5054965019226074
  solvent.phase_offset: 0.005104655399918556
  rigid-body d_min=6.00 (lbfgs, iters=30): Rwork=0.2693 Rfree=0.3336
Filtering: 18593/119860 reflections in range [inf - 3.190358731240052] Å (17996 valid after all masks)
Initialized ScalerBase with 10 bins.
Calculating initial scale factors using 10 bins.
Calculating initial scale factors using 10 bins.
Refining scales with LBFGS...
Scale refinement complete. rwork: 0.2698, rfree: 0.2726

Final Scale Parameters: 
  c_iso: tensor([ 0.4694,  0.5032, -0.7032, -0.2552,  0.0264,  0.2222])
  U: tensor([ 0.6848,  0.7827,  0.7144,  0.0031, -0.0083, -0.0154])
  solvent.log_k_solvent: -1.077401876449585
  solvent.log_ss_half: -3.940514087677002
  solvent.log_n_exp: 1.0908904075622559
  solvent.phase_offset: -0.006455050315707922
  rigid-body d_min=3.19 (lbfgs, iters=30): Rwork=0.2694 Rfree=0.2726
Filtering: 119787/119860 reflections in range [inf - 1.696398138999939] Å (118253 valid after all masks)
Initialized ScalerBase with 10 bins.
Calculating initial scale factors using 10 bins.
Calculating initial scale factors using 10 bins.
Refining scales with LBFGS...
Scale refinement complete. rwork: 0.3371, rfree: 0.3398

Final Scale Parameters: 
  c_iso: tensor([ 1.0760,  1.3278,  0.4695, -0.1052,  0.0592, -0.0283])
  U: tensor([ 0.4043,  0.5021,  0.4340, -0.0008, -0.0023, -0.0043])
  solvent.log_k_solvent: -0.9786601066589355
  solvent.log_ss_half: -3.7458910942077637
  solvent.log_n_exp: 1.6955510377883911
  solvent.phase_offset: -0.012164809741079807
  rigid-body d_min=1.70 (lbfgs, iters=30): Rwork=0.3389 Rfree=0.3423
Initialized ScalerBase with 10 bins.
Calculating initial scale factors using 10 bins.
Calculating initial scale factors using 10 bins.
Refining scales with LBFGS...
Scale refinement complete. rwork: 0.3367, rfree: 0.3397

Final Scale Parameters: 
  c_iso: tensor([ 1.0717,  1.3363,  0.4630, -0.0999,  0.0562, -0.0265])
  U: tensor([ 0.4042,  0.5021,  0.4336, -0.0009, -0.0021, -0.0043])
  solvent.log_k_solvent: -0.9821596145629883
  solvent.log_ss_half: -3.7461304664611816
  solvent.log_n_exp: 1.705910325050354
  solvent.phase_offset: -0.009686224162578583
Initialized ScalerBase with 10 bins.
Calculating initial scale factors using 10 bins.
Calculating initial scale factors using 10 bins.
Refining scales with LBFGS...
Scale refinement complete. rwork: 0.3367, rfree: 0.3397

Final Scale Parameters: 
  c_iso: tensor([ 1.0647,  1.3253,  0.4614, -0.1005,  0.0566, -0.0266])
  U: tensor([ 0.4011,  0.4991,  0.4307, -0.0009, -0.0020, -0.0043])
  solvent.log_k_solvent: -0.9811342358589172
  solvent.log_ss_half: -3.7451999187469482
  solvent.log_n_exp: 1.7099153995513916
  solvent.phase_offset: -0.010673834942281246

============================================================
LBFGS Refinement - Cycle 1/10
============================================================
Refining scales with LBFGS...
Scale refinement complete. rwork: 0.3367, rfree: 0.3397

Final Scale Parameters: 
  c_iso: tensor([ 1.0625,  1.3171,  0.4629, -0.1025,  0.0581, -0.0274])
  U: tensor([ 0.3998,  0.4975,  0.4291, -0.0009, -0.0021, -0.0042])
  solvent.log_k_solvent: -0.9799190759658813
  solvent.log_ss_half: -3.7458486557006836
  solvent.log_n_exp: 1.6848249435424805
  solvent.phase_offset: -0.009720126166939735
After scaling: Rwork=0.3367, Rfree=0.3397
  VDW rebuild: max drift 2.00 Å > threshold 1.00 Å

Building VDW (non-bonded) restraints...
  Symmetry expansion: 20 valid (symop, offset) combos
  Grid: [10, 17, 27], 3780/4590 cells occupied, max 210 entries/cell
  Built 608509 VDW restraints, 15500 symmetry contacts

────────────────────────────────────────────────────────────────────
  XYZ Refinement
────────────────────────────────────────────────────────────────────

  adp (weight: 0.0200)
  ────────────────────────────────────────────────────────────────
    Metric                       Before      After     Change
    locality                     3874.6     3874.6     0.0000
    scaler_U                    35144.7    35144.7     0.0000
    scaler_log_scale           832821.4   832821.4     0.0000
    sigd                        10533.8    10533.8     0.0000
    simu                        26844.0    26844.0     0.0000

  geometry (weight: 0.2000)
  ────────────────────────────────────────────────────────────────
    Metric                       Before      After     Change
    angle                      -68133.5   -71075.1    -2941.6
    bond                       -51258.0   -54632.7    -3374.7
    chiral                    -690.8196  -755.7272   -64.9076
    nonbonded                 -143076.4  -159005.7   -15929.3
    planarity                  -32907.4   -33330.5  -423.1367
    torsion                     15720.7    15660.7   -60.0059

  other (weight: 1.0000)
  ────────────────────────────────────────────────────────────────
    Metric                       Before      After     Change
    xray                       699076.8   682984.2   -16092.5

  Group Totals
  ────────────────────────────────────────────────────────────────
    Group                        Before      After     Change
    adp                         18184.4    18184.4     0.0000
    geometry                   -56069.1   -60627.8    -4558.7
    xray                       699076.8   682984.2   -16092.5
────────────────────────────────────────────────────────────────────
  VDW rebuild: max drift 2.00 Å > threshold 1.00 Å

Building VDW (non-bonded) restraints...
  Symmetry expansion: 20 valid (symop, offset) combos
  Grid: [10, 17, 27], 3780/4590 cells occupied, max 210 entries/cell
  Built 608509 VDW restraints, 15500 symmetry contacts

────────────────────────────────────────────────────────────────────
  ADP Refinement
────────────────────────────────────────────────────────────────────

  adp (weight: 0.0200)
  ────────────────────────────────────────────────────────────────
    Metric                       Before      After     Change
    locality                     3763.6    50408.6   +46645.0
    scaler_U                    35144.7    35144.7     0.0000
    scaler_log_scale           832821.4   832821.4     0.0000
    sigd                        10533.8    10982.2  +448.4102
    simu                        26844.0    43269.8   +16425.7

  geometry (weight: 0.2000)
  ────────────────────────────────────────────────────────────────
    Metric                       Before      After     Change
    angle                      -71075.1   -71075.1     0.0000
    bond                       -54632.7   -54632.7     0.0000
    chiral                    -755.7272  -755.7272     0.0000
    nonbonded                 -159005.7  -159005.7     0.0000
    planarity                  -33330.5   -33330.5     0.0000
    torsion                     15660.7    15660.7     0.0000

  other (weight: 1.0000)
  ────────────────────────────────────────────────────────────────
    Metric                       Before      After     Change
    xray                       682984.2   669198.4   -13785.9

  Group Totals
  ────────────────────────────────────────────────────────────────
    Group                        Before      After     Change
    adp                         18182.2    19452.5    +1270.4
    geometry                   -60627.8   -60627.8     0.0000
    xray                       682984.2   669198.4   -13785.9
────────────────────────────────────────────────────────────────────

============================================================
LBFGS Refinement - Cycle 2/10
============================================================
Refining scales with LBFGS...
Scale refinement complete. rwork: 0.2518, rfree: 0.2779

Final Scale Parameters: 
  c_iso: tensor([ 0.7009,  0.7766,  0.3538, -0.1496,  0.0910, -0.0349])
  U: tensor([ 0.2513,  0.3461,  0.2776, -0.0008, -0.0026, -0.0027])
  solvent.log_k_solvent: -0.9676166772842407
  solvent.log_ss_half: -3.6796112060546875
  solvent.log_n_exp: 1.7892088890075684
  solvent.phase_offset: -0.013976434245705605
After scaling: Rwork=0.2518, Rfree=0.2779
  VDW rebuild: max drift 1.70 Å > threshold 1.00 Å

Building VDW (non-bonded) restraints...
  Symmetry expansion: 20 valid (symop, offset) combos
  Grid: [10, 17, 27], 3780/4590 cells occupied, max 210 entries/cell
  Built 608509 VDW restraints, 15500 symmetry contacts

────────────────────────────────────────────────────────────────────
  XYZ Refinement
────────────────────────────────────────────────────────────────────

  adp (weight: 0.0200)
  ────────────────────────────────────────────────────────────────
    Metric                       Before      After     Change
    locality                    50408.6    50408.6     0.0000
    scaler_U                    15294.7    15294.7     0.0000
    scaler_log_scale           331859.4   331859.4     0.0000
    sigd                        10982.2    10982.2     0.0000
    simu                        43269.8    43269.8     0.0000

  geometry (weight: 0.2000)
  ────────────────────────────────────────────────────────────────
    Metric                       Before      After     Change
    angle                      -71075.1   -72283.9    -1208.8
    bond                       -54632.7   -54893.2  -260.5703
    chiral                    -755.7272  -758.3623    -2.6351
    nonbonded                 -159005.7  -158645.7  +360.0625
    planarity                  -33330.5   -33587.9  -257.3281
    torsion                     15660.7    15594.8   -65.8867

  other (weight: 1.0000)
  ────────────────────────────────────────────────────────────────
    Metric                       Before      After     Change
    xray                       669607.6   663833.7    -5773.9

  Group Totals
  ────────────────────────────────────────────────────────────────
    Group                        Before      After     Change
    adp                          9036.3     9036.3     0.0000
    geometry                   -60627.8   -60914.8  -287.0324
    xray                       669607.6   663833.7    -5773.9
────────────────────────────────────────────────────────────────────
  VDW rebuild: max drift 1.70 Å > threshold 1.00 Å

Building VDW (non-bonded) restraints...
  Symmetry expansion: 20 valid (symop, offset) combos
  Grid: [10, 17, 27], 3780/4590 cells occupied, max 210 entries/cell
  Built 608509 VDW restraints, 15500 symmetry contacts

────────────────────────────────────────────────────────────────────
  ADP Refinement
────────────────────────────────────────────────────────────────────

  adp (weight: 0.0200)
  ────────────────────────────────────────────────────────────────
    Metric                       Before      After     Change
    locality                    50343.2    62415.6   +12072.4
    scaler_U                    15294.7    15294.7     0.0000
    scaler_log_scale           331859.4   331859.4     0.0000
    sigd                        10982.2    11047.1   +64.9199
    simu                        43269.8    48227.1    +4957.3

  geometry (weight: 0.2000)
  ────────────────────────────────────────────────────────────────
    Metric                       Before      After     Change
    angle                      -72283.9   -72283.9     0.0000
    bond                       -54893.2   -54893.2     0.0000
    chiral                    -758.3623  -758.3623     0.0000
    nonbonded                 -158645.7  -158645.7     0.0000
    planarity                  -33587.9   -33587.9     0.0000
    torsion                     15594.8    15594.8     0.0000

  other (weight: 1.0000)
  ────────────────────────────────────────────────────────────────
    Metric                       Before      After     Change
    xray                       663833.7   663046.5  -787.1875

  Group Totals
  ────────────────────────────────────────────────────────────────
    Group                        Before      After     Change
    adp                          9035.0     9376.9  +341.8926
    geometry                   -60914.8   -60914.8     0.0000
    xray                       663833.7   663046.5  -787.1875
────────────────────────────────────────────────────────────────────

============================================================
LBFGS Refinement - Cycle 3/10
============================================================
Refining scales with LBFGS...
Scale refinement complete. rwork: 0.2360, rfree: 0.2655

Final Scale Parameters: 
  c_iso: tensor([ 0.6987,  0.7793,  0.3477, -0.1476,  0.0894, -0.0343])
  U: tensor([ 0.2511,  0.3467,  0.2777, -0.0008, -0.0024, -0.0027])
  solvent.log_k_solvent: -0.9703486561775208
  solvent.log_ss_half: -3.6675264835357666
  solvent.log_n_exp: 1.792729139328003
  solvent.phase_offset: -0.012491836212575436
After scaling: Rwork=0.2360, Rfree=0.2655
  VDW rebuild: max drift 1.79 Å > threshold 1.00 Å

Building VDW (non-bonded) restraints...
  Symmetry expansion: 20 valid (symop, offset) combos
  Grid: [10, 17, 27], 3780/4590 cells occupied, max 210 entries/cell
  Built 608509 VDW restraints, 15500 symmetry contacts

────────────────────────────────────────────────────────────────────
  XYZ Refinement
────────────────────────────────────────────────────────────────────

  adp (weight: 0.0200)
  ────────────────────────────────────────────────────────────────
    Metric                       Before      After     Change
    locality                    62415.6    62415.6     0.0000
    scaler_U                    15311.3    15311.3     0.0000
    scaler_log_scale           329153.8   329153.8     0.0000
    sigd                        11047.1    11047.1     0.0000
    simu                        48227.1    48227.1     0.0000

  geometry (weight: 0.2000)
  ────────────────────────────────────────────────────────────────
    Metric                       Before      After     Change
    angle                      -72283.9   -72570.0  -286.0781
    bond                       -54893.2   -54826.2   +67.0547
    chiral                    -758.3623  -773.3875   -15.0251
    nonbonded                 -158645.7  -159077.4  -431.7031
    planarity                  -33587.9   -33619.4   -31.5273
    torsion                     15594.8    15638.8   +43.9434

  other (weight: 1.0000)
  ────────────────────────────────────────────────────────────────
    Metric                       Before      After     Change
    xray                       662953.2   661975.0  -978.2500

  Group Totals
  ────────────────────────────────────────────────────────────────
    Group                        Before      After     Change
    adp                          9323.1     9323.1     0.0000
    geometry                   -60914.8   -61045.5  -130.6676
    xray                       662953.2   661975.0  -978.2500
────────────────────────────────────────────────────────────────────
  VDW rebuild: max drift 1.79 Å > threshold 1.00 Å

Building VDW (non-bonded) restraints...
  Symmetry expansion: 20 valid (symop, offset) combos
  Grid: [10, 17, 27], 3780/4590 cells occupied, max 210 entries/cell
  Built 608509 VDW restraints, 15500 symmetry contacts

────────────────────────────────────────────────────────────────────
  ADP Refinement
────────────────────────────────────────────────────────────────────

  adp (weight: 0.0200)
  ────────────────────────────────────────────────────────────────
    Metric                       Before      After     Change
    locality                    62265.0    61438.4  -826.6211
    scaler_U                    15311.3    15311.3     0.0000
    scaler_log_scale           329153.8   329153.8     0.0000
    sigd                        11047.1    11059.9   +12.8164
    simu                        48227.1    47867.2  -359.9375

  geometry (weight: 0.2000)
  ────────────────────────────────────────────────────────────────
    Metric                       Before      After     Change
    angle                      -72570.0   -72570.0     0.0000
    bond                       -54826.2   -54826.2     0.0000
    chiral                    -773.3875  -773.3875     0.0000
    nonbonded                 -159077.4  -159077.4     0.0000
    planarity                  -33619.4   -33619.4     0.0000
    torsion                     15638.8    15638.8     0.0000

  other (weight: 1.0000)
  ────────────────────────────────────────────────────────────────
    Metric                       Before      After     Change
    xray                       661975.0   661936.7   -38.3125

  Group Totals
  ────────────────────────────────────────────────────────────────
    Group                        Before      After     Change
    adp                          9320.1     9296.6   -23.4747
    geometry                   -61045.5   -61045.5     0.0000
    xray                       661975.0   661936.7   -38.3125
────────────────────────────────────────────────────────────────────

============================================================
LBFGS Refinement - Cycle 4/10
============================================================
Refining scales with LBFGS...
Scale refinement complete. rwork: 0.2328, rfree: 0.2639

Final Scale Parameters: 
  c_iso: tensor([ 0.7151,  0.8077,  0.3504, -0.1457,  0.0876, -0.0354])
  U: tensor([ 0.2597,  0.3552,  0.2855, -0.0012, -0.0019, -0.0024])
  solvent.log_k_solvent: -0.9749054312705994
  solvent.log_ss_half: -3.6691551208496094
  solvent.log_n_exp: 1.8328040838241577
  solvent.phase_offset: -0.01026768796145916
After scaling: Rwork=0.2328, Rfree=0.2639
  VDW rebuild: max drift 2.06 Å > threshold 1.00 Å

Building VDW (non-bonded) restraints...
  Symmetry expansion: 20 valid (symop, offset) combos
  Grid: [10, 17, 27], 3780/4590 cells occupied, max 210 entries/cell
  Built 608509 VDW restraints, 15500 symmetry contacts

────────────────────────────────────────────────────────────────────
  XYZ Refinement
────────────────────────────────────────────────────────────────────

  adp (weight: 0.0200)
  ────────────────────────────────────────────────────────────────
    Metric                       Before      After     Change
    locality                    61438.4    61438.4     0.0000
    scaler_U                    16196.1    16196.1     0.0000
    scaler_log_scale           347839.1   347839.1     0.0000
    sigd                        11059.9    11059.9     0.0000
    simu                        47867.2    47867.2     0.0000

  geometry (weight: 0.2000)
  ────────────────────────────────────────────────────────────────
    Metric                       Before      After     Change
    angle                      -72570.0   -72665.1   -95.1484
    bond                       -54826.2   -54891.9   -65.7227
    chiral                    -773.3875  -768.5623    +4.8252
    nonbonded                 -159077.4  -158975.5  +101.8281
    planarity                  -33619.4   -33647.2   -27.8281
    torsion                     15638.8    15606.6   -32.1865

  other (weight: 1.0000)
  ────────────────────────────────────────────────────────────────
    Metric                       Before      After     Change
    xray                       662023.0   661356.1  -666.9375

  Group Totals
  ────────────────────────────────────────────────────────────────
    Group                        Before      After     Change
    adp                          9688.0     9688.0     0.0000
    geometry                   -61045.5   -61068.4   -22.8472
    xray                       662023.0   661356.1  -666.9375
────────────────────────────────────────────────────────────────────
  VDW rebuild: max drift 2.06 Å > threshold 1.00 Å

Building VDW (non-bonded) restraints...
  Symmetry expansion: 20 valid (symop, offset) combos
  Grid: [10, 17, 27], 3780/4590 cells occupied, max 210 entries/cell
  Built 608509 VDW restraints, 15500 symmetry contacts

────────────────────────────────────────────────────────────────────
  ADP Refinement
────────────────────────────────────────────────────────────────────

  adp (weight: 0.0200)
  ────────────────────────────────────────────────────────────────
    Metric                       Before      After     Change
    locality                    61375.6    60910.2  -465.3672
    scaler_U                    16196.1    16196.1     0.0000
    scaler_log_scale           347839.1   347839.1     0.0000
    sigd                        11059.9    11074.0   +14.1230
    simu                        47867.2    47594.2  -272.9102

  geometry (weight: 0.2000)
  ────────────────────────────────────────────────────────────────
    Metric                       Before      After     Change
    angle                      -72665.1   -72665.1     0.0000
    bond                       -54891.9   -54891.9     0.0000
    chiral                    -768.5623  -768.5623     0.0000
    nonbonded                 -158975.5  -158975.5     0.0000
    planarity                  -33647.2   -33647.2     0.0000
    torsion                     15606.6    15606.6     0.0000

  other (weight: 1.0000)
  ────────────────────────────────────────────────────────────────
    Metric                       Before      After     Change
    xray                       661356.1   661324.9   -31.1875

  Group Totals
  ────────────────────────────────────────────────────────────────
    Group                        Before      After     Change
    adp                          9686.8     9672.3   -14.4831
    geometry                   -61068.4   -61068.4     0.0000
    xray                       661356.1   661324.9   -31.1875
────────────────────────────────────────────────────────────────────

============================================================
LBFGS Refinement - Cycle 5/10
============================================================
Refining scales with LBFGS...
Scale refinement complete. rwork: 0.2313, rfree: 0.2624

Final Scale Parameters: 
  c_iso: tensor([ 0.7142,  0.8078,  0.3488, -0.1459,  0.0868, -0.0348])
  U: tensor([ 0.2618,  0.3571,  0.2876, -0.0014, -0.0022, -0.0024])
  solvent.log_k_solvent: -0.976574718952179
  solvent.log_ss_half: -3.668652296066284
  solvent.log_n_exp: 1.8331348896026611
  solvent.phase_offset: -0.005732952617108822
After scaling: Rwork=0.2313, Rfree=0.2624
  VDW rebuild: max drift 2.20 Å > threshold 1.00 Å

Building VDW (non-bonded) restraints...
  Symmetry expansion: 20 valid (symop, offset) combos
  Grid: [10, 17, 27], 3780/4590 cells occupied, max 210 entries/cell
  Built 608509 VDW restraints, 15500 symmetry contacts

────────────────────────────────────────────────────────────────────
  XYZ Refinement
────────────────────────────────────────────────────────────────────

  adp (weight: 0.0200)
  ────────────────────────────────────────────────────────────────
    Metric                       Before      After     Change
    locality                    60910.2    60910.2     0.0000
    scaler_U                    16414.6    16414.6     0.0000
    scaler_log_scale           346742.6   346742.6     0.0000
    sigd                        11074.0    11074.0     0.0000
    simu                        47594.2    47594.2     0.0000

  geometry (weight: 0.2000)
  ────────────────────────────────────────────────────────────────
    Metric                       Before      After     Change
    angle                      -72665.1   -72698.5   -33.3359
    bond                       -54891.9   -54857.3   +34.5664
    chiral                    -768.5623  -773.2088    -4.6465
    nonbonded                 -158975.5  -159095.9  -120.3750
    planarity                  -33647.2   -33646.5    +0.7109
    torsion                     15606.6    15615.9    +9.3438

  other (weight: 1.0000)
  ────────────────────────────────────────────────────────────────
    Metric                       Before      After     Change
    xray                       661453.5   661121.0  -332.5000

  Group Totals
  ────────────────────────────────────────────────────────────────
    Group                        Before      After     Change
    adp                          9654.7     9654.7     0.0000
    geometry                   -61068.4   -61091.1   -22.7467
    xray                       661453.5   661121.0  -332.5000
────────────────────────────────────────────────────────────────────
  VDW rebuild: max drift 2.20 Å > threshold 1.00 Å

Building VDW (non-bonded) restraints...
  Symmetry expansion: 20 valid (symop, offset) combos
  Grid: [10, 17, 27], 3780/4590 cells occupied, max 210 entries/cell
  Built 608509 VDW restraints, 15500 symmetry contacts

────────────────────────────────────────────────────────────────────
  ADP Refinement
────────────────────────────────────────────────────────────────────

  adp (weight: 0.0200)
  ────────────────────────────────────────────────────────────────
    Metric                       Before      After     Change
    locality                    60835.6    60626.1  -209.4766
    scaler_U                    16414.6    16414.6     0.0000
    scaler_log_scale           346742.6   346742.6     0.0000
    sigd                        11074.0    11089.0   +14.9766
    simu                        47594.2    47472.2  -122.0703

  geometry (weight: 0.2000)
  ────────────────────────────────────────────────────────────────
    Metric                       Before      After     Change
    angle                      -72698.5   -72698.5     0.0000
    bond                       -54857.3   -54857.3     0.0000
    chiral                    -773.2088  -773.2088     0.0000
    nonbonded                 -159095.9  -159095.9     0.0000
    planarity                  -33646.5   -33646.5     0.0000
    torsion                     15615.9    15615.9     0.0000

  other (weight: 1.0000)
  ────────────────────────────────────────────────────────────────
    Metric                       Before      After     Change
    xray                       661121.0   661089.8   -31.2500

  Group Totals
  ────────────────────────────────────────────────────────────────
    Group                        Before      After     Change
    adp                          9653.2     9646.9    -6.3313
    geometry                   -61091.1   -61091.1     0.0000
    xray                       661121.0   661089.8   -31.2500
────────────────────────────────────────────────────────────────────

============================================================
LBFGS Refinement - Cycle 6/10
============================================================
Refining scales with LBFGS...
Scale refinement complete. rwork: 0.2304, rfree: 0.2614

Final Scale Parameters: 
  c_iso: tensor([ 0.7134,  0.8088,  0.3470, -0.1445,  0.0854, -0.0343])
  U: tensor([ 0.2632,  0.3583,  0.2891, -0.0011, -0.0023, -0.0025])
  solvent.log_k_solvent: -0.9765427708625793
  solvent.log_ss_half: -3.6678290367126465
  solvent.log_n_exp: 1.8332369327545166
  solvent.phase_offset: -0.009118134155869484
After scaling: Rwork=0.2304, Rfree=0.2614
  VDW rebuild: max drift 2.69 Å > threshold 1.00 Å

Building VDW (non-bonded) restraints...
  Symmetry expansion: 20 valid (symop, offset) combos
  Grid: [10, 17, 27], 3780/4590 cells occupied, max 210 entries/cell
  Built 608509 VDW restraints, 15500 symmetry contacts

────────────────────────────────────────────────────────────────────
  XYZ Refinement
────────────────────────────────────────────────────────────────────

  adp (weight: 0.0200)
  ────────────────────────────────────────────────────────────────
    Metric                       Before      After     Change
    locality                    60626.1    60626.1     0.0000
    scaler_U                    16568.1    16568.1     0.0000
    scaler_log_scale           346378.4   346378.4     0.0000
    sigd                        11089.0    11089.0     0.0000
    simu                        47472.2    47472.2     0.0000

  geometry (weight: 0.2000)
  ────────────────────────────────────────────────────────────────
    Metric                       Before      After     Change
    angle                      -72698.5   -72698.1    +0.3594
    bond                       -54857.3   -54864.1    -6.7969
    chiral                    -773.2088  -769.7817    +3.4271
    nonbonded                 -159095.9  -159053.2   +42.7188
    planarity                  -33646.5   -33647.5    -1.0000
    torsion                     15615.9    15611.1    -4.7969

  other (weight: 1.0000)
  ────────────────────────────────────────────────────────────────
    Metric                       Before      After     Change
    xray                       661158.6   660854.4  -304.2500

  Group Totals
  ────────────────────────────────────────────────────────────────
    Group                        Before      After     Change
    adp                          9642.7     9642.7     0.0000
    geometry                   -61091.1   -61084.3    +6.7823
    xray                       661158.6   660854.4  -304.2500
────────────────────────────────────────────────────────────────────
  VDW rebuild: max drift 2.69 Å > threshold 1.00 Å

Building VDW (non-bonded) restraints...
  Symmetry expansion: 20 valid (symop, offset) combos
  Grid: [10, 17, 27], 3780/4590 cells occupied, max 210 entries/cell
  Built 608509 VDW restraints, 15500 symmetry contacts

────────────────────────────────────────────────────────────────────
  ADP Refinement
────────────────────────────────────────────────────────────────────

  adp (weight: 0.0200)
  ────────────────────────────────────────────────────────────────
    Metric                       Before      After     Change
    locality                    60593.3    60444.3  -149.0352
    scaler_U                    16568.1    16568.1     0.0000
    scaler_log_scale           346378.4   346378.4     0.0000
    sigd                        11089.0    11105.3   +16.2764
    simu                        47472.2    47206.2  -266.0156

  geometry (weight: 0.2000)
  ────────────────────────────────────────────────────────────────
    Metric                       Before      After     Change
    angle                      -72698.1   -72698.1     0.0000
    bond                       -54864.1   -54864.1     0.0000
    chiral                    -769.7817  -769.7817     0.0000
    nonbonded                 -159053.2  -159053.2     0.0000
    planarity                  -33647.5   -33647.5     0.0000
    torsion                     15611.1    15611.1     0.0000

  other (weight: 1.0000)
  ────────────────────────────────────────────────────────────────
    Metric                       Before      After     Change
    xray                       660854.4   660868.6   +14.2500

  Group Totals
  ────────────────────────────────────────────────────────────────
    Group                        Before      After     Change
    adp                          9642.0     9634.0    -7.9755
    geometry                   -61084.3   -61084.3     0.0000
    xray                       660854.4   660868.6   +14.2500
────────────────────────────────────────────────────────────────────

============================================================
LBFGS Refinement - Cycle 7/10
============================================================
Refining scales with LBFGS...
Scale refinement complete. rwork: 0.2297, rfree: 0.2619

Final Scale Parameters: 
  c_iso: tensor([ 0.7396,  0.8588,  0.3496, -0.1377,  0.0813, -0.0314])
  U: tensor([ 0.2766,  0.3717,  0.3027, -0.0009, -0.0026, -0.0027])
  solvent.log_k_solvent: -0.9811795949935913
  solvent.log_ss_half: -3.6685376167297363
  solvent.log_n_exp: 1.8370022773742676
  solvent.phase_offset: -0.008346635848283768
After scaling: Rwork=0.2297, Rfree=0.2619
  VDW rebuild: max drift 2.51 Å > threshold 1.00 Å

Building VDW (non-bonded) restraints...
  Symmetry expansion: 20 valid (symop, offset) combos
  Grid: [10, 17, 27], 3780/4590 cells occupied, max 210 entries/cell
  Built 608509 VDW restraints, 15500 symmetry contacts

────────────────────────────────────────────────────────────────────
  XYZ Refinement
────────────────────────────────────────────────────────────────────

  adp (weight: 0.0200)
  ────────────────────────────────────────────────────────────────
    Metric                       Before      After     Change
    locality                    60444.3    60444.3     0.0000
    scaler_U                    18071.8    18071.8     0.0000
    scaler_log_scale           377667.8   377667.8     0.0000
    sigd                        11105.3    11105.3     0.0000
    simu                        47206.2    47206.2     0.0000

  geometry (weight: 0.2000)
  ────────────────────────────────────────────────────────────────
    Metric                       Before      After     Change
    angle                      -72698.1   -72722.9   -24.7969
    bond                       -54864.1   -54875.1   -10.9883
    chiral                    -769.7817  -772.8353    -3.0536
    nonbonded                 -159053.2  -159114.8   -61.6250
    planarity                  -33647.5   -33650.4    -2.8828
    torsion                     15611.1    15615.3    +4.1875

  other (weight: 1.0000)
  ────────────────────────────────────────────────────────────────
    Metric                       Before      After     Change
    xray                       660927.6   660769.2  -158.3750

  Group Totals
  ────────────────────────────────────────────────────────────────
    Group                        Before      After     Change
    adp                         10289.9    10289.9     0.0000
    geometry                   -61084.3   -61104.2   -19.8314
    xray                       660927.6   660769.2  -158.3750
────────────────────────────────────────────────────────────────────
  VDW rebuild: max drift 2.51 Å > threshold 1.00 Å

Building VDW (non-bonded) restraints...
  Symmetry expansion: 20 valid (symop, offset) combos
  Grid: [10, 17, 27], 3780/4590 cells occupied, max 210 entries/cell
  Built 608509 VDW restraints, 15500 symmetry contacts

────────────────────────────────────────────────────────────────────
  ADP Refinement
────────────────────────────────────────────────────────────────────

  adp (weight: 0.0200)
  ────────────────────────────────────────────────────────────────
    Metric                       Before      After     Change
    locality                    60420.5    60182.6  -237.9414
    scaler_U                    18071.8    18071.8     0.0000
    scaler_log_scale           377667.8   377667.8     0.0000
    sigd                        11105.3    11117.7   +12.3604
    simu                        47206.2    46942.6  -263.5508

  geometry (weight: 0.2000)
  ────────────────────────────────────────────────────────────────
    Metric                       Before      After     Change
    angle                      -72722.9   -72722.9     0.0000
    bond                       -54875.1   -54875.1     0.0000
    chiral                    -772.8353  -772.8353     0.0000
    nonbonded                 -159114.8  -159114.8     0.0000
    planarity                  -33650.4   -33650.4     0.0000
    torsion                     15615.3    15615.3     0.0000

  other (weight: 1.0000)
  ────────────────────────────────────────────────────────────────
    Metric                       Before      After     Change
    xray                       660769.2   660786.9   +17.6250

  Group Totals
  ────────────────────────────────────────────────────────────────
    Group                        Before      After     Change
    adp                         10289.4    10279.6    -9.7826
    geometry                   -61104.2   -61104.2     0.0000
    xray                       660769.2   660786.9   +17.6250
────────────────────────────────────────────────────────────────────

============================================================
LBFGS Refinement - Cycle 8/10
============================================================
Refining scales with LBFGS...
Scale refinement complete. rwork: 0.2295, rfree: 0.2614

Final Scale Parameters: 
  c_iso: tensor([ 0.7395,  0.8596,  0.3494, -0.1372,  0.0807, -0.0310])
  U: tensor([ 0.2782,  0.3733,  0.3043, -0.0009, -0.0025, -0.0027])
  solvent.log_k_solvent: -0.9810852408409119
  solvent.log_ss_half: -3.6676151752471924
  solvent.log_n_exp: 1.8365775346755981
  solvent.phase_offset: -0.01073434017598629
After scaling: Rwork=0.2295, Rfree=0.2614
  VDW rebuild: max drift 2.59 Å > threshold 1.00 Å

Building VDW (non-bonded) restraints...
  Symmetry expansion: 20 valid (symop, offset) combos
  Grid: [10, 17, 27], 3780/4590 cells occupied, max 210 entries/cell
  Built 608509 VDW restraints, 15500 symmetry contacts

────────────────────────────────────────────────────────────────────
  XYZ Refinement
────────────────────────────────────────────────────────────────────

  adp (weight: 0.0200)
  ────────────────────────────────────────────────────────────────
    Metric                       Before      After     Change
    locality                    60182.6    60182.6     0.0000
    scaler_U                    18247.9    18247.9     0.0000
    scaler_log_scale           378114.2   378114.2     0.0000
    sigd                        11117.7    11117.7     0.0000
    simu                        46942.6    46942.6     0.0000

  geometry (weight: 0.2000)
  ────────────────────────────────────────────────────────────────
    Metric                       Before      After     Change
    angle                      -72722.9   -72709.4   +13.4844
    bond                       -54875.1   -54864.1   +11.0195
    chiral                    -772.8353  -770.3286    +2.5067
    nonbonded                 -159114.8  -159068.2   +46.6250
    planarity                  -33650.4   -33654.5    -4.1484
    torsion                     15615.3    15613.3    -2.0566

  other (weight: 1.0000)
  ────────────────────────────────────────────────────────────────
    Metric                       Before      After     Change
    xray                       660856.4   660657.2  -199.1250

  Group Totals
  ────────────────────────────────────────────────────────────────
    Group                        Before      After     Change
    adp                         10292.1    10292.1     0.0000
    geometry                   -61104.2   -61090.7   +13.4860
    xray                       660856.4   660657.2  -199.1250
────────────────────────────────────────────────────────────────────
  VDW rebuild: max drift 2.59 Å > threshold 1.00 Å

Building VDW (non-bonded) restraints...
  Symmetry expansion: 20 valid (symop, offset) combos
  Grid: [10, 17, 27], 3780/4590 cells occupied, max 210 entries/cell
  Built 608509 VDW restraints, 15500 symmetry contacts

────────────────────────────────────────────────────────────────────
  ADP Refinement
────────────────────────────────────────────────────────────────────

  adp (weight: 0.0200)
  ────────────────────────────────────────────────────────────────
    Metric                       Before      After     Change
    locality                    60162.4    60120.2   -42.2422
    scaler_U                    18247.9    18247.9     0.0000
    scaler_log_scale           378114.2   378114.2     0.0000
    sigd                        11117.7    11130.6   +12.9307
    simu                        46942.6    46812.5  -130.1367

  geometry (weight: 0.2000)
  ────────────────────────────────────────────────────────────────
    Metric                       Before      After     Change
    angle                      -72709.4   -72709.4     0.0000
    bond                       -54864.1   -54864.1     0.0000
    chiral                    -770.3286  -770.3286     0.0000
    nonbonded                 -159068.2  -159068.2     0.0000
    planarity                  -33654.5   -33654.5     0.0000
    torsion                     15613.3    15613.3     0.0000

  other (weight: 1.0000)
  ────────────────────────────────────────────────────────────────
    Metric                       Before      After     Change
    xray                       660657.2   660650.6    -6.6250

  Group Totals
  ────────────────────────────────────────────────────────────────
    Group                        Before      After     Change
    adp                         10291.7    10288.5    -3.1890
    geometry                   -61090.7   -61090.7     0.0000
    xray                       660657.2   660650.6    -6.6250
────────────────────────────────────────────────────────────────────

============================================================
LBFGS Refinement - Cycle 9/10
============================================================
Refining scales with LBFGS...
Scale refinement complete. rwork: 0.2292, rfree: 0.2619

Final Scale Parameters: 
  c_iso: tensor([ 0.7397,  0.8600,  0.3493, -0.1370,  0.0804, -0.0308])
  U: tensor([ 0.2799,  0.3748,  0.3060, -0.0007, -0.0027, -0.0025])
  solvent.log_k_solvent: -0.9815623164176941
  solvent.log_ss_half: -3.6690969467163086
  solvent.log_n_exp: 1.8360763788223267
  solvent.phase_offset: -0.011140946298837662
After scaling: Rwork=0.2292, Rfree=0.2619
  VDW rebuild: max drift 2.68 Å > threshold 1.00 Å

Building VDW (non-bonded) restraints...
  Symmetry expansion: 20 valid (symop, offset) combos
  Grid: [10, 17, 27], 3780/4590 cells occupied, max 210 entries/cell
  Built 608509 VDW restraints, 15500 symmetry contacts

────────────────────────────────────────────────────────────────────
  XYZ Refinement
────────────────────────────────────────────────────────────────────

  adp (weight: 0.0200)
  ────────────────────────────────────────────────────────────────
    Metric                       Before      After     Change
    locality                    60120.2    60120.2     0.0000
    scaler_U                    18440.5    18440.5     0.0000
    scaler_log_scale           378343.1   378343.1     0.0000
    sigd                        11130.6    11130.6     0.0000
    simu                        46812.5    46812.5     0.0000

  geometry (weight: 0.2000)
  ────────────────────────────────────────────────────────────────
    Metric                       Before      After     Change
    angle                      -72709.4   -72746.7   -37.2578
    bond                       -54864.1   -54866.0    -1.9023
    chiral                    -770.3286  -771.9691    -1.6405
    nonbonded                 -159068.2  -159104.0   -35.8125
    planarity                  -33654.5   -33655.6    -1.0156
    torsion                     15613.3    15616.3    +3.0938

  other (weight: 1.0000)
  ────────────────────────────────────────────────────────────────
    Metric                       Before      After     Change
    xray                       660739.9   660639.1  -100.7500

  Group Totals
  ────────────────────────────────────────────────────────────────
    Group                        Before      After     Change
    adp                         10296.9    10296.9     0.0000
    geometry                   -61090.7   -61105.6   -14.9075
    xray                       660739.9   660639.1  -100.7500
────────────────────────────────────────────────────────────────────
  VDW rebuild: max drift 2.68 Å > threshold 1.00 Å

Building VDW (non-bonded) restraints...
  Symmetry expansion: 20 valid (symop, offset) combos
  Grid: [10, 17, 27], 3780/4590 cells occupied, max 210 entries/cell
  Built 608509 VDW restraints, 15500 symmetry contacts

────────────────────────────────────────────────────────────────────
  ADP Refinement
────────────────────────────────────────────────────────────────────

  adp (weight: 0.0200)
  ────────────────────────────────────────────────────────────────
    Metric                       Before      After     Change
    locality                    60099.3    60080.5   -18.8242
    scaler_U                    18440.5    18440.5     0.0000
    scaler_log_scale           378343.1   378343.1     0.0000
    sigd                        11130.6    11142.5   +11.9131
    simu                        46812.5    46582.3  -230.2070

  geometry (weight: 0.2000)
  ────────────────────────────────────────────────────────────────
    Metric                       Before      After     Change
    angle                      -72746.7   -72746.7     0.0000
    bond                       -54866.0   -54866.0     0.0000
    chiral                    -771.9691  -771.9691     0.0000
    nonbonded                 -159104.0  -159104.0     0.0000
    planarity                  -33655.6   -33655.6     0.0000
    torsion                     15616.3    15616.3     0.0000

  other (weight: 1.0000)
  ────────────────────────────────────────────────────────────────
    Metric                       Before      After     Change
    xray                       660639.1   660629.7    -9.4375

  Group Totals
  ────────────────────────────────────────────────────────────────
    Group                        Before      After     Change
    adp                         10296.5    10291.8    -4.7423
    geometry                   -61105.6   -61105.6     0.0000
    xray                       660639.1   660629.7    -9.4375
────────────────────────────────────────────────────────────────────

============================================================
LBFGS Refinement - Cycle 10/10
============================================================
Refining scales with LBFGS...
Scale refinement complete. rwork: 0.2291, rfree: 0.2612

Final Scale Parameters: 
  c_iso: tensor([ 0.7397,  0.8603,  0.3491, -0.1369,  0.0802, -0.0306])
  U: tensor([ 0.2814,  0.3762,  0.3074, -0.0007, -0.0027, -0.0024])
  solvent.log_k_solvent: -0.9812009334564209
  solvent.log_ss_half: -3.6712441444396973
  solvent.log_n_exp: 1.8364667892456055
  solvent.phase_offset: -0.011180559173226357
After scaling: Rwork=0.2291, Rfree=0.2612
  VDW rebuild: max drift 2.76 Å > threshold 1.00 Å

Building VDW (non-bonded) restraints...
  Symmetry expansion: 20 valid (symop, offset) combos
  Grid: [10, 17, 27], 3780/4590 cells occupied, max 210 entries/cell
  Built 608509 VDW restraints, 15500 symmetry contacts

────────────────────────────────────────────────────────────────────
  XYZ Refinement
────────────────────────────────────────────────────────────────────

  adp (weight: 0.0200)
  ────────────────────────────────────────────────────────────────
    Metric                       Before      After     Change
    locality                    60080.5    60080.5     0.0000
    scaler_U                    18605.8    18605.8     0.0000
    scaler_log_scale           378348.1   378348.1     0.0000
    sigd                        11142.5    11142.5     0.0000
    simu                        46582.3    46582.3     0.0000

  geometry (weight: 0.2000)
  ────────────────────────────────────────────────────────────────
    Metric                       Before      After     Change
    angle                      -72746.7   -72735.0   +11.6562
    bond                       -54866.0   -54869.1    -3.1211
    chiral                    -771.9691  -770.3743    +1.5948
    nonbonded                 -159104.0  -159059.4   +44.5938
    planarity                  -33655.6   -33661.2    -5.6172
    torsion                     15616.3    15613.6    -2.7109

  other (weight: 1.0000)
  ────────────────────────────────────────────────────────────────
    Metric                       Before      After     Change
    xray                       660709.4   660578.5  -130.9375

  Group Totals
  ────────────────────────────────────────────────────────────────
    Group                        Before      After     Change
    adp                         10295.2    10295.2     0.0000
    geometry                   -61105.6   -61096.3    +9.2811
    xray                       660709.4   660578.5  -130.9375
────────────────────────────────────────────────────────────────────
  VDW rebuild: max drift 2.76 Å > threshold 1.00 Å

Building VDW (non-bonded) restraints...
  Symmetry expansion: 20 valid (symop, offset) combos
  Grid: [10, 17, 27], 3780/4590 cells occupied, max 210 entries/cell
  Built 608509 VDW restraints, 15500 symmetry contacts

────────────────────────────────────────────────────────────────────
  ADP Refinement
────────────────────────────────────────────────────────────────────

  adp (weight: 0.0200)
  ────────────────────────────────────────────────────────────────
    Metric                       Before      After     Change
    locality                    60078.9    60196.0  +117.0234
    scaler_U                    18605.8    18605.8     0.0000
    scaler_log_scale           378348.1   378348.1     0.0000
    sigd                        11142.5    11155.6   +13.0928
    simu                        46582.3    46424.3  -157.9219

  geometry (weight: 0.2000)
  ────────────────────────────────────────────────────────────────
    Metric                       Before      After     Change
    angle                      -72735.0   -72735.0     0.0000
    bond                       -54869.1   -54869.1     0.0000
    chiral                    -770.3743  -770.3743     0.0000
    nonbonded                 -159059.4  -159059.4     0.0000
    planarity                  -33661.2   -33661.2     0.0000
    torsion                     15613.6    15613.6     0.0000

  other (weight: 1.0000)
  ────────────────────────────────────────────────────────────────
    Metric                       Before      After     Change
    xray                       660578.5   660585.6    +7.1250

  Group Totals
  ────────────────────────────────────────────────────────────────
    Group                        Before      After     Change
    adp                         10295.2    10294.6    -0.5561
    geometry                   -61096.3   -61096.3     0.0000
    xray                       660578.5   660585.6    +7.1250
────────────────────────────────────────────────────────────────────
Calculating initial scale factors using 10 bins.
Refining scales with LBFGS...
Scale refinement complete. rwork: 0.2289, rfree: 0.2612

Final Scale Parameters: 
  c_iso: tensor([ 0.7762,  0.9177,  0.3573, -0.1325,  0.0780, -0.0288])
  U: tensor([ 0.2981,  0.3928,  0.3241, -0.0007, -0.0027, -0.0025])
  solvent.log_k_solvent: -0.9848198294639587
  solvent.log_ss_half: -3.6781115531921387
  solvent.log_n_exp: 1.8019897937774658
  solvent.phase_offset: -0.010060402564704418

Refinement completed successfully.

Saving results to /das/work/units/LBR-FEL/p17490/Peter/Library/work_trees_torchref/alignement/alignment_lab/benchmarks/af_mr/runs/dmin3.0/2ZON/refine_phaser_mr...
  Refined structure (PDB): /das/work/units/LBR-FEL/p17490/Peter/Library/work_trees_torchref/alignement/alignment_lab/benchmarks/af_mr/runs/dmin3.0/2ZON/refine_phaser_mr/refined.pdb
  Refined structure (mmCIF): /das/work/units/LBR-FEL/p17490/Peter/Library/work_trees_torchref/alignement/alignment_lab/benchmarks/af_mr/runs/dmin3.0/2ZON/refine_phaser_mr/refined.cif
Added map coefficients:
  2Fo-Fc: FWT, PHWT
  Fo-Fc: DELFWT, PHDELWT
  Resolution range: 1.70 - 87.66 Å
✓ Wrote MTZ file: /das/work/units/LBR-FEL/p17490/Peter/Library/work_trees_torchref/alignement/alignment_lab/benchmarks/af_mr/runs/dmin3.0/2ZON/refine_phaser_mr/refined.mtz
  Reflections: 119860
  Columns: H, K, L, F-obs, SIGF-obs, R-free-flags, FWT, PHWT, DELFWT, PHDELWT, F-model, PH-model
  Refined structure factors: /das/work/units/LBR-FEL/p17490/Peter/Library/work_trees_torchref/alignement/alignment_lab/benchmarks/af_mr/runs/dmin3.0/2ZON/refine_phaser_mr/refined.mtz
  Refinement history: /das/work/units/LBR-FEL/p17490/Peter/Library/work_trees_torchref/alignement/alignment_lab/benchmarks/af_mr/runs/dmin3.0/2ZON/refine_phaser_mr/refinement_history.json

================================================================================
Refinement Summary
================================================================================
R-work:  0.2289 (115901 reflections)
R-free:  0.2612 (2352 reflections)
NLL work: 660663.00
NLL test: 13707.30
================================================================================

Output files:
  - /das/work/units/LBR-FEL/p17490/Peter/Library/work_trees_torchref/alignement/alignment_lab/benchmarks/af_mr/runs/dmin3.0/2ZON/refine_phaser_mr/refined.pdb
  - /das/work/units/LBR-FEL/p17490/Peter/Library/work_trees_torchref/alignement/alignment_lab/benchmarks/af_mr/runs/dmin3.0/2ZON/refine_phaser_mr/refined.cif
  - /das/work/units/LBR-FEL/p17490/Peter/Library/work_trees_torchref/alignement/alignment_lab/benchmarks/af_mr/runs/dmin3.0/2ZON/refine_phaser_mr/refined.mtz
  - /das/work/units/LBR-FEL/p17490/Peter/Library/work_trees_torchref/alignement/alignment_lab/benchmarks/af_mr/runs/dmin3.0/2ZON/refine_phaser_mr/refinement_history.json

Refinement completed successfully!

Timing: 267.2s wall, 826.8s CPU
