/das/work/units/LBR-FEL/p17490/Peter/Library/work_trees_torchref/alignement/torchref/cli/refine.py:21: UserWarning: TorchRef using user-specified 8 threads from TORCHREF_NUM_THREADS.
  from torchref.cli._common import (
================================================================================
TorchRef LBFGS Refinement
================================================================================
Model:             /das/work/units/LBR-FEL/p17490/Peter/Library/work_trees_torchref/dev/paper/figure2_alphafold_start/placed/3MQ2_af.pdb
Structure factor:  /das/work/units/LBR-FEL/p17490/Peter/Library/work_trees_torchref/dev/paper/data/3MQ2/3MQ2.mtz
Output directory:  /das/work/units/LBR-FEL/p17490/Peter/Library/work_trees_torchref/alignement/alignment_lab/benchmarks/af_mr/runs/dmin4.0/3MQ2/refine_phaser_mr
Refinement mode:   separate
X-ray target:      ml
Refinement cycles: 10
Rigid-body step:   on (iterations/cutoff = 30)
Device:            auto
ADP mode:          isotropic
Wavelength:        1 A
Manual weights:    {"adp": 0.02}
================================================================================

Initializing refinement...
FrenchWilson initialized:
  Reflections: 47779
  Resolution: 1.69 - 46.74 Å
  Space group: SpaceGroup('P21', number=4, n_ops=2)
  Centric: 1848 (3.9%)
French-Wilson input guard: 224/47779 (0.4688%) reflections unusable as intensities (absent, or too negative to be a noisy measurement)
found non-finite F values (NaN/Inf):  224
found non-finite F_sigma values (NaN/Inf):  224
Wilson outlier rejection: 0/43896 (0.0000%) of tested reflections flagged (0 too strong, 0 too weak)
Loaded 3106 atoms
Building restraints...
Found 109 link definitions

Building VDW (non-bonded) restraints...
  Symmetry expansion: 21 valid (symop, offset) combos
  Grid: [8, 10, 12], 748/960 cells occupied, max 286 entries/cell
  Built 53333 VDW restraints, 3514 symmetry contacts
  Hydrogen topology: 3094 riding H atoms
  H candidate pairs: 133586 (34758 H-H, 98828 H-heavy, 8025 symmetry)
================================================================================
Restraints Summary
================================================================================
CIF file: None
Residue types in dictionary: 20

INTRA-RESIDUE RESTRAINTS:
--------------------------------------------------------------------------------
  Bonds: 2778
  Angles: 3086
  Torsions: 844
  Planes: 608
  Chirals: 474

INTER-RESIDUE RESTRAINTS:
--------------------------------------------------------------------------------
  Peptide bonds: 402
  Peptide angles: 1240
  Disulfide bonds: 0
  Disulfide angles: 0
  Disulfide torsions: 0
  LINK bonds: 0

BACKBONE TORSIONS:
--------------------------------------------------------------------------------
  Phi: 402
  Psi: 402
  Omega: 402
  Ramachandran: 398

VDW RESTRAINTS:
--------------------------------------------------------------------------------
  Non-bonded contacts: 53333 (49819 intra-ASU, 3514 symmetry)
================================================================================
Generated 3094 hydrogens
ADP representation: isotropic, 6200 parameters, 7.5 work reflections each
Initialized ScalerBase with 10 bins.
Building restraints...

Building VDW (non-bonded) restraints...
  Symmetry expansion: 21 valid (symop, offset) combos
  Grid: [8, 10, 12], 800/960 cells occupied, max 455 entries/cell
  Built 225940 VDW restraints, 16970 symmetry contacts
================================================================================
Restraints Summary
================================================================================
CIF file: None
Residue types in dictionary: 20

INTRA-RESIDUE RESTRAINTS:
--------------------------------------------------------------------------------
  Bonds: 5872
  Angles: 9774
  Torsions: 1254
  Planes: 1046
  Chirals: 474

INTER-RESIDUE RESTRAINTS:
--------------------------------------------------------------------------------
  Peptide bonds: 402
  Peptide angles: 1608
  Disulfide bonds: 0
  Disulfide angles: 0
  Disulfide torsions: 0
  LINK bonds: 0

BACKBONE TORSIONS:
--------------------------------------------------------------------------------
  Phi: 402
  Psi: 402
  Omega: 402
  Ramachandran: 398

VDW RESTRAINTS:
--------------------------------------------------------------------------------
  Non-bonded contacts: 225940 (208970 intra-ASU, 16970 symmetry)
================================================================================
Initializing TotalGeometryTarget with component targets...
Initializing TotalADPTarget with component targets: simu, locality, sigd
Parametrization built for 5 unique atom types
SfFFT: Using late symmetry (reciprocal space)
Calculating initial scale factors using 10 bins.
Refining scales with LBFGS...
Scale refinement complete. rwork: 0.4463, rfree: 0.4365

Final Scale Parameters: 
  c_iso: tensor([-0.4981,  2.2977,  0.6557, -0.0693,  0.0328, -0.0213])
  U: tensor([ 0.7682,  0.7363,  0.7126,  0.0046,  0.0159, -0.0127])
  solvent.log_k_solvent: -0.9132891297340393
  solvent.log_ss_half: -4.025054931640625
  solvent.log_n_exp: 1.2061289548873901
  solvent.phase_offset: -0.04159010201692581
Initialized targets with xray_mode='ml'
Applied manual group weights: {'xray': 1.0, 'geometry': 0.2, 'geometry/ramachandran': 0.0, 'adp': 0.02, 'adp/sigd': 1.0, 'adp/node_load': 10.0, 'adp/node_smoothness': 0.0}
Refinement initialized successfully.

Starting refinement with 10 macro cycles...

Rigid-body step enabled: one multi-resolution rigid-body pass will run once at the start of refinement.


--- Rigid-body step (once, at start) ---
Switched to rigid-body parametrization: RigidXYZTensor(n_atoms=6200, n_chains=2) (2 chain(s))
Filtering: 1120/47779 reflections in range [inf - 6.0] Å (1104 valid after all masks)
Initialized ScalerBase with 10 bins.
Calculating initial scale factors using 10 bins.
Calculating initial scale factors using 10 bins.
Refining scales with LBFGS...
Scale refinement complete. rwork: 0.3332, rfree: 0.4269

Final Scale Parameters: 
  c_iso: tensor([-2.2650,  0.0260, -0.4101,  0.2072,  0.1987,  0.2602])
  U: tensor([ 0.9599,  0.7918,  0.7013,  0.0527,  0.0417, -0.1642])
  solvent.log_k_solvent: -0.9300312995910645
  solvent.log_ss_half: -3.812994956970215
  solvent.log_n_exp: 1.753005027770996
  solvent.phase_offset: -0.061144791543483734
  rigid-body d_min=6.00 (lbfgs, iters=30): Rwork=0.3388 Rfree=0.4495
Filtering: 7263/47779 reflections in range [inf - 3.1844984395638307] Å (7237 valid after all masks)
Initialized ScalerBase with 10 bins.
Calculating initial scale factors using 10 bins.
Calculating initial scale factors using 10 bins.
Refining scales with LBFGS...
Scale refinement complete. rwork: 0.3979, rfree: 0.3906

Final Scale Parameters: 
  c_iso: tensor([-1.9861,  0.2714, -0.6928,  0.0789,  0.2993,  0.3937])
  U: tensor([ 0.8217,  0.8149,  0.7621,  0.0062,  0.0147, -0.0272])
  solvent.log_k_solvent: -0.9414751529693604
  solvent.log_ss_half: -4.077441692352295
  solvent.log_n_exp: 1.1779061555862427
  solvent.phase_offset: -0.05483904108405113
  rigid-body d_min=3.18 (lbfgs, iters=30): Rwork=0.3987 Rfree=0.3842
Filtering: 47763/47779 reflections in range [inf - 1.690171718597412] Å (47555 valid after all masks)
Initialized ScalerBase with 10 bins.
Calculating initial scale factors using 10 bins.
Calculating initial scale factors using 10 bins.
Refining scales with LBFGS...
Scale refinement complete. rwork: 0.4480, rfree: 0.4378

Final Scale Parameters: 
  c_iso: tensor([-0.4792,  2.3109,  0.6654, -0.0740,  0.0350, -0.0230])
  U: tensor([ 0.7744,  0.7438,  0.7190,  0.0048,  0.0155, -0.0132])
  solvent.log_k_solvent: -0.912240743637085
  solvent.log_ss_half: -4.021698474884033
  solvent.log_n_exp: 1.2038483619689941
  solvent.phase_offset: -0.04222358390688896
  rigid-body d_min=1.69 (lbfgs, iters=30): Rwork=0.4542 Rfree=0.4502
Initialized ScalerBase with 10 bins.
Calculating initial scale factors using 10 bins.
Calculating initial scale factors using 10 bins.
Refining scales with LBFGS...
Scale refinement complete. rwork: 0.4462, rfree: 0.4373

Final Scale Parameters: 
  c_iso: tensor([-0.5451,  2.2350,  0.6424, -0.0686,  0.0326, -0.0207])
  U: tensor([ 0.7504,  0.7174,  0.6945,  0.0043,  0.0162, -0.0123])
  solvent.log_k_solvent: -0.91022127866745
  solvent.log_ss_half: -4.019280910491943
  solvent.log_n_exp: 1.1927108764648438
  solvent.phase_offset: -0.0409332700073719
Initialized ScalerBase with 10 bins.
Calculating initial scale factors using 10 bins.
Calculating initial scale factors using 10 bins.
Refining scales with LBFGS...
Scale refinement complete. rwork: 0.4462, rfree: 0.4373

Final Scale Parameters: 
  c_iso: tensor([-0.5449,  2.2346,  0.6428, -0.0691,  0.0328, -0.0209])
  U: tensor([ 0.7504,  0.7174,  0.6944,  0.0043,  0.0162, -0.0122])
  solvent.log_k_solvent: -0.9105637073516846
  solvent.log_ss_half: -4.018153190612793
  solvent.log_n_exp: 1.1960898637771606
  solvent.phase_offset: -0.04045235365629196

============================================================
LBFGS Refinement - Cycle 1/10
============================================================
Refining scales with LBFGS...
Scale refinement complete. rwork: 0.4462, rfree: 0.4373

Final Scale Parameters: 
  c_iso: tensor([-0.5045,  2.2901,  0.6536, -0.0677,  0.0320, -0.0205])
  U: tensor([ 0.7660,  0.7330,  0.7100,  0.0043,  0.0162, -0.0123])
  solvent.log_k_solvent: -0.9132441878318787
  solvent.log_ss_half: -4.027972221374512
  solvent.log_n_exp: 1.1781399250030518
  solvent.phase_offset: -0.040938954800367355
After scaling: Rwork=0.4462, Rfree=0.4373
  VDW rebuild: max drift 3.18 Å > threshold 1.00 Å

Building VDW (non-bonded) restraints...
  Symmetry expansion: 21 valid (symop, offset) combos
  Grid: [8, 10, 12], 800/960 cells occupied, max 455 entries/cell
  Built 225940 VDW restraints, 16970 symmetry contacts

────────────────────────────────────────────────────────────────────
  XYZ Refinement
────────────────────────────────────────────────────────────────────

  adp (weight: 0.0200)
  ────────────────────────────────────────────────────────────────
    Metric                       Before      After     Change
    locality                     6878.5     6878.5     0.0000
    scaler_U                    38856.0    38856.0     0.0000
    scaler_log_scale           905824.0   905824.0     0.0000
    sigd                         4006.8     4006.8     0.0000
    simu                        10371.9    10371.9     0.0000

  geometry (weight: 0.2000)
  ────────────────────────────────────────────────────────────────
    Metric                       Before      After     Change
    angle                      -25669.2   -27043.6    -1374.5
    bond                       -19471.2   -20163.4  -692.1621
    chiral                    -251.6552  -295.3458   -43.6906
    nonbonded                  -13151.4   -59257.2   -46105.8
    planarity                  -12406.4   -12609.1  -202.6738
    torsion                      8195.1     8258.9   +63.8594

  other (weight: 1.0000)
  ────────────────────────────────────────────────────────────────
    Metric                       Before      After     Change
    xray                       147052.0   144632.4    -2419.6

  Group Totals
  ────────────────────────────────────────────────────────────────
    Group                        Before      After     Change
    adp                         19318.7    19318.7     0.0000
    geometry                   -12550.9   -22221.9    -9671.0
    xray                       147052.0   144632.4    -2419.6
────────────────────────────────────────────────────────────────────
  VDW rebuild: max drift 3.18 Å > threshold 1.00 Å

Building VDW (non-bonded) restraints...
  Symmetry expansion: 21 valid (symop, offset) combos
  Grid: [8, 10, 12], 800/960 cells occupied, max 455 entries/cell
  Built 225940 VDW restraints, 16970 symmetry contacts

────────────────────────────────────────────────────────────────────
  ADP Refinement
────────────────────────────────────────────────────────────────────

  adp (weight: 0.0200)
  ────────────────────────────────────────────────────────────────
    Metric                       Before      After     Change
    locality                     6964.1    30573.6   +23609.5
    scaler_U                    38856.0    38856.0     0.0000
    scaler_log_scale           905824.0   905824.0     0.0000
    sigd                         4006.8     4707.4  +700.6052
    simu                        10371.9    14943.6    +4571.7

  geometry (weight: 0.2000)
  ────────────────────────────────────────────────────────────────
    Metric                       Before      After     Change
    angle                      -27043.6   -27043.6     0.0000
    bond                       -20163.4   -20163.4     0.0000
    chiral                    -295.3458  -295.3458     0.0000
    nonbonded                  -59257.2   -59257.2     0.0000
    planarity                  -12609.1   -12609.1     0.0000
    torsion                      8258.9     8258.9     0.0000

  other (weight: 1.0000)
  ────────────────────────────────────────────────────────────────
    Metric                       Before      After     Change
    xray                       144632.4   141584.9    -3047.5

  Group Totals
  ────────────────────────────────────────────────────────────────
    Group                        Before      After     Change
    adp                         19320.5    19898.1  +577.6367
    geometry                   -22221.9   -22221.9     0.0000
    xray                       144632.4   141584.9    -3047.5
────────────────────────────────────────────────────────────────────

============================================================
LBFGS Refinement - Cycle 2/10
============================================================
Refining scales with LBFGS...
Scale refinement complete. rwork: 0.3809, rfree: 0.4029

Final Scale Parameters: 
  c_iso: tensor([-0.5513,  2.2105,  0.6053, -0.0860,  0.0484, -0.0232])
  U: tensor([ 0.7480,  0.7122,  0.6898,  0.0023,  0.0178, -0.0071])
  solvent.log_k_solvent: -0.9281899929046631
  solvent.log_ss_half: -4.129491329193115
  solvent.log_n_exp: 1.0029040575027466
  solvent.phase_offset: -0.027882855385541916
After scaling: Rwork=0.3809, Rfree=0.4029
  VDW rebuild: max drift 2.86 Å > threshold 1.00 Å

Building VDW (non-bonded) restraints...
  Symmetry expansion: 21 valid (symop, offset) combos
  Grid: [8, 10, 12], 800/960 cells occupied, max 455 entries/cell
  Built 225940 VDW restraints, 16970 symmetry contacts

────────────────────────────────────────────────────────────────────
  XYZ Refinement
────────────────────────────────────────────────────────────────────

  adp (weight: 0.0200)
  ────────────────────────────────────────────────────────────────
    Metric                       Before      After     Change
    locality                    30573.6    30573.6     0.0000
    scaler_U                    36807.2    36807.2     0.0000
    scaler_log_scale           818939.4   818939.4     0.0000
    sigd                         4707.4     4707.4     0.0000
    simu                        14943.6    14943.6     0.0000

  geometry (weight: 0.2000)
  ────────────────────────────────────────────────────────────────
    Metric                       Before      After     Change
    angle                      -27043.6   -27300.4  -256.7578
    bond                       -20163.4   -20684.3  -520.9453
    chiral                    -295.3458  -286.1237    +9.2222
    nonbonded                  -59257.2   -59118.6  +138.5625
    planarity                  -12609.1   -12721.2  -112.1133
    torsion                      8258.9     8310.7   +51.7432

  other (weight: 1.0000)
  ────────────────────────────────────────────────────────────────
    Metric                       Before      After     Change
    xray                       141524.6   138039.1    -3485.4

  Group Totals
  ────────────────────────────────────────────────────────────────
    Group                        Before      After     Change
    adp                         18119.4    18119.4     0.0000
    geometry                   -22221.9   -22360.0  -138.0572
    xray                       141524.6   138039.1    -3485.4
────────────────────────────────────────────────────────────────────
  VDW rebuild: max drift 2.86 Å > threshold 1.00 Å

Building VDW (non-bonded) restraints...
  Symmetry expansion: 21 valid (symop, offset) combos
  Grid: [8, 10, 12], 800/960 cells occupied, max 455 entries/cell
  Built 225940 VDW restraints, 16970 symmetry contacts

────────────────────────────────────────────────────────────────────
  ADP Refinement
────────────────────────────────────────────────────────────────────

  adp (weight: 0.0200)
  ────────────────────────────────────────────────────────────────
    Metric                       Before      After     Change
    locality                    30508.1    41215.4   +10707.3
    scaler_U                    36807.2    36807.2     0.0000
    scaler_log_scale           818939.4   818939.4     0.0000
    sigd                         4707.4     4969.7  +262.2852
    simu                        14943.6    16951.7    +2008.1

  geometry (weight: 0.2000)
  ────────────────────────────────────────────────────────────────
    Metric                       Before      After     Change
    angle                      -27300.4   -27300.4     0.0000
    bond                       -20684.3   -20684.3     0.0000
    chiral                    -286.1237  -286.1237     0.0000
    nonbonded                  -59118.6   -59118.6     0.0000
    planarity                  -12721.2   -12721.2     0.0000
    torsion                      8310.7     8310.7     0.0000

  other (weight: 1.0000)
  ────────────────────────────────────────────────────────────────
    Metric                       Before      After     Change
    xray                       138039.1   137258.5  -780.6719

  Group Totals
  ────────────────────────────────────────────────────────────────
    Group                        Before      After     Change
    adp                         18118.1    18377.7  +259.5535
    geometry                   -22360.0   -22360.0     0.0000
    xray                       138039.1   137258.5  -780.6719
────────────────────────────────────────────────────────────────────

============================================================
LBFGS Refinement - Cycle 3/10
============================================================
Refining scales with LBFGS...
Scale refinement complete. rwork: 0.3397, rfree: 0.3772

Final Scale Parameters: 
  c_iso: tensor([-1.1991,  1.2886,  0.4296, -0.1293,  0.0720, -0.0388])
  U: tensor([ 0.4984,  0.4586,  0.4411,  0.0024,  0.0177, -0.0067])
  solvent.log_k_solvent: -0.8844916820526123
  solvent.log_ss_half: -4.006400108337402
  solvent.log_n_exp: 1.1988446712493896
  solvent.phase_offset: -0.027652030810713768
After scaling: Rwork=0.3397, Rfree=0.3772
  VDW rebuild: max drift 3.10 Å > threshold 1.00 Å

Building VDW (non-bonded) restraints...
  Symmetry expansion: 21 valid (symop, offset) combos
  Grid: [8, 10, 12], 800/960 cells occupied, max 455 entries/cell
  Built 225940 VDW restraints, 16970 symmetry contacts

────────────────────────────────────────────────────────────────────
  XYZ Refinement
────────────────────────────────────────────────────────────────────

  adp (weight: 0.0200)
  ────────────────────────────────────────────────────────────────
    Metric                       Before      After     Change
    locality                    41215.4    41215.4     0.0000
    scaler_U                    15564.1    15564.1     0.0000
    scaler_log_scale           306644.2   306644.2     0.0000
    sigd                         4969.7     4969.7     0.0000
    simu                        16951.7    16951.7     0.0000

  geometry (weight: 0.2000)
  ────────────────────────────────────────────────────────────────
    Metric                       Before      After     Change
    angle                      -27300.4   -27469.0  -168.6543
    bond                       -20684.3   -20802.9  -118.5996
    chiral                    -286.1237  -290.4775    -4.3539
    nonbonded                  -59118.6   -59251.1  -132.5117
    planarity                  -12721.2   -12703.0   +18.2031
    torsion                      8310.7     8362.1   +51.4111

  other (weight: 1.0000)
  ────────────────────────────────────────────────────────────────
    Metric                       Before      After     Change
    xray                       137242.6   135399.6    -1843.0

  Group Totals
  ────────────────────────────────────────────────────────────────
    Group                        Before      After     Change
    adp                          7706.9     7706.9     0.0000
    geometry                   -22360.0   -22430.9   -70.9010
    xray                       137242.6   135399.6    -1843.0
────────────────────────────────────────────────────────────────────
  VDW rebuild: max drift 3.10 Å > threshold 1.00 Å

Building VDW (non-bonded) restraints...
  Symmetry expansion: 21 valid (symop, offset) combos
  Grid: [8, 10, 12], 800/960 cells occupied, max 455 entries/cell
  Built 225940 VDW restraints, 16970 symmetry contacts

────────────────────────────────────────────────────────────────────
  ADP Refinement
────────────────────────────────────────────────────────────────────

  adp (weight: 0.0200)
  ────────────────────────────────────────────────────────────────
    Metric                       Before      After     Change
    locality                    41186.0    43964.1    +2778.1
    scaler_U                    15564.1    15564.1     0.0000
    scaler_log_scale           306644.2   306644.2     0.0000
    sigd                         4969.7     4922.6   -47.0479
    simu                        16951.7    17715.7  +763.9863

  geometry (weight: 0.2000)
  ────────────────────────────────────────────────────────────────
    Metric                       Before      After     Change
    angle                      -27469.0   -27469.0     0.0000
    bond                       -20802.9   -20802.9     0.0000
    chiral                    -290.4775  -290.4775     0.0000
    nonbonded                  -59251.1   -59251.1     0.0000
    planarity                  -12703.0   -12703.0     0.0000
    torsion                      8362.1     8362.1     0.0000

  other (weight: 1.0000)
  ────────────────────────────────────────────────────────────────
    Metric                       Before      After     Change
    xray                       135399.6   135240.5  -159.1719

  Group Totals
  ────────────────────────────────────────────────────────────────
    Group                        Before      After     Change
    adp                          7706.3     7776.2   +69.9008
    geometry                   -22430.9   -22430.9     0.0000
    xray                       135399.6   135240.5  -159.1719
────────────────────────────────────────────────────────────────────

============================================================
LBFGS Refinement - Cycle 4/10
============================================================
Refining scales with LBFGS...
Scale refinement complete. rwork: 0.3219, rfree: 0.3623

Final Scale Parameters: 
  c_iso: tensor([-1.2053,  1.2853,  0.4238, -0.1290,  0.0738, -0.0418])
  U: tensor([ 0.4993,  0.4581,  0.4398,  0.0020,  0.0182, -0.0054])
  solvent.log_k_solvent: -0.8809704780578613
  solvent.log_ss_half: -4.009262561798096
  solvent.log_n_exp: 1.248217225074768
  solvent.phase_offset: -0.023412587121129036
After scaling: Rwork=0.3219, Rfree=0.3623
  VDW rebuild: max drift 3.43 Å > threshold 1.00 Å

Building VDW (non-bonded) restraints...
  Symmetry expansion: 21 valid (symop, offset) combos
  Grid: [8, 10, 12], 800/960 cells occupied, max 455 entries/cell
  Built 225940 VDW restraints, 16970 symmetry contacts

────────────────────────────────────────────────────────────────────
  XYZ Refinement
────────────────────────────────────────────────────────────────────

  adp (weight: 0.0200)
  ────────────────────────────────────────────────────────────────
    Metric                       Before      After     Change
    locality                    43964.1    43964.1     0.0000
    scaler_U                    15544.1    15544.1     0.0000
    scaler_log_scale           302981.8   302981.8     0.0000
    sigd                         4922.6     4922.6     0.0000
    simu                        17715.7    17715.7     0.0000

  geometry (weight: 0.2000)
  ────────────────────────────────────────────────────────────────
    Metric                       Before      After     Change
    angle                      -27469.0   -27339.7  +129.2891
    bond                       -20802.9   -20596.9  +206.0195
    chiral                    -290.4775  -288.4994    +1.9781
    nonbonded                  -59251.1   -59175.1   +76.0234
    planarity                  -12703.0   -12700.6    +2.3779
    torsion                      8362.1     8363.2    +1.1162

  other (weight: 1.0000)
  ────────────────────────────────────────────────────────────────
    Metric                       Before      After     Change
    xray                       135273.0   134044.1    -1228.8

  Group Totals
  ────────────────────────────────────────────────────────────────
    Group                        Before      After     Change
    adp                          7702.6     7702.6     0.0000
    geometry                   -22430.9   -22347.5   +83.3605
    xray                       135273.0   134044.1    -1228.8
────────────────────────────────────────────────────────────────────
  VDW rebuild: max drift 3.43 Å > threshold 1.00 Å

Building VDW (non-bonded) restraints...
  Symmetry expansion: 21 valid (symop, offset) combos
  Grid: [8, 10, 12], 800/960 cells occupied, max 455 entries/cell
  Built 225940 VDW restraints, 16970 symmetry contacts

────────────────────────────────────────────────────────────────────
  ADP Refinement
────────────────────────────────────────────────────────────────────

  adp (weight: 0.0200)
  ────────────────────────────────────────────────────────────────
    Metric                       Before      After     Change
    locality                    43858.8    43000.9  -857.9180
    scaler_U                    15544.1    15544.1     0.0000
    scaler_log_scale           302981.8   302981.8     0.0000
    sigd                         4922.6     4868.9   -53.6787
    simu                        17715.7    17447.8  -267.8906

  geometry (weight: 0.2000)
  ────────────────────────────────────────────────────────────────
    Metric                       Before      After     Change
    angle                      -27339.7   -27339.7     0.0000
    bond                       -20596.9   -20596.9     0.0000
    chiral                    -288.4994  -288.4994     0.0000
    nonbonded                  -59175.1   -59175.1     0.0000
    planarity                  -12700.6   -12700.6     0.0000
    torsion                      8363.2     8363.2     0.0000

  other (weight: 1.0000)
  ────────────────────────────────────────────────────────────────
    Metric                       Before      After     Change
    xray                       134044.1   134024.8   -19.3750

  Group Totals
  ────────────────────────────────────────────────────────────────
    Group                        Before      After     Change
    adp                          7700.5     7676.9   -23.5897
    geometry                   -22347.5   -22347.5     0.0000
    xray                       134044.1   134024.8   -19.3750
────────────────────────────────────────────────────────────────────

============================================================
LBFGS Refinement - Cycle 5/10
============================================================
Refining scales with LBFGS...
Scale refinement complete. rwork: 0.3108, rfree: 0.3526

Final Scale Parameters: 
  c_iso: tensor([-1.1943,  1.2726,  0.4385, -0.1377,  0.0793, -0.0461])
  U: tensor([ 0.5038,  0.4624,  0.4440,  0.0021,  0.0181, -0.0055])
  solvent.log_k_solvent: -0.8762944340705872
  solvent.log_ss_half: -4.018551349639893
  solvent.log_n_exp: 1.2771717309951782
  solvent.phase_offset: -0.013017079792916775
After scaling: Rwork=0.3108, Rfree=0.3526
  VDW rebuild: max drift 3.53 Å > threshold 1.00 Å

Building VDW (non-bonded) restraints...
  Symmetry expansion: 21 valid (symop, offset) combos
  Grid: [8, 10, 12], 800/960 cells occupied, max 455 entries/cell
  Built 225940 VDW restraints, 16970 symmetry contacts

────────────────────────────────────────────────────────────────────
  XYZ Refinement
────────────────────────────────────────────────────────────────────

  adp (weight: 0.0200)
  ────────────────────────────────────────────────────────────────
    Metric                       Before      After     Change
    locality                    43000.9    43000.9     0.0000
    scaler_U                    15835.9    15835.9     0.0000
    scaler_log_scale           304849.7   304849.7     0.0000
    sigd                         4868.9     4868.9     0.0000
    simu                        17447.8    17447.8     0.0000

  geometry (weight: 0.2000)
  ────────────────────────────────────────────────────────────────
    Metric                       Before      After     Change
    angle                      -27339.7   -27620.9  -281.1289
    bond                       -20596.9   -20867.8  -270.8594
    chiral                    -288.4994  -288.8977    -0.3983
    nonbonded                  -59175.1   -59191.2   -16.0312
    planarity                  -12700.6   -12808.6  -107.9824
    torsion                      8363.2     8355.1    -8.1436

  other (weight: 1.0000)
  ────────────────────────────────────────────────────────────────
    Metric                       Before      After     Change
    xray                       134123.5   133420.2  -703.2344

  Group Totals
  ────────────────────────────────────────────────────────────────
    Group                        Before      After     Change
    adp                          7720.1     7720.1     0.0000
    geometry                   -22347.5   -22484.4  -136.9088
    xray                       134123.5   133420.2  -703.2344
────────────────────────────────────────────────────────────────────
  VDW rebuild: max drift 3.53 Å > threshold 1.00 Å

Building VDW (non-bonded) restraints...
  Symmetry expansion: 21 valid (symop, offset) combos
  Grid: [8, 10, 12], 800/960 cells occupied, max 455 entries/cell
  Built 225940 VDW restraints, 16970 symmetry contacts

────────────────────────────────────────────────────────────────────
  ADP Refinement
────────────────────────────────────────────────────────────────────

  adp (weight: 0.0200)
  ────────────────────────────────────────────────────────────────
    Metric                       Before      After     Change
    locality                    43048.4    43124.2   +75.8945
    scaler_U                    15835.9    15835.9     0.0000
    scaler_log_scale           304849.7   304849.7     0.0000
    sigd                         4868.9     4849.0   -19.8911
    simu                        17447.8    17322.4  -125.3281

  geometry (weight: 0.2000)
  ────────────────────────────────────────────────────────────────
    Metric                       Before      After     Change
    angle                      -27620.9   -27620.9     0.0000
    bond                       -20867.8   -20867.8     0.0000
    chiral                    -288.8977  -288.8977     0.0000
    nonbonded                  -59191.2   -59191.2     0.0000
    planarity                  -12808.6   -12808.6     0.0000
    torsion                      8355.1     8355.1     0.0000

  other (weight: 1.0000)
  ────────────────────────────────────────────────────────────────
    Metric                       Before      After     Change
    xray                       133420.2   133443.8   +23.5312

  Group Totals
  ────────────────────────────────────────────────────────────────
    Group                        Before      After     Change
    adp                          7721.0     7719.6    -1.3865
    geometry                   -22484.4   -22484.4     0.0000
    xray                       133420.2   133443.8   +23.5312
────────────────────────────────────────────────────────────────────

============================================================
LBFGS Refinement - Cycle 6/10
============================================================
Refining scales with LBFGS...
Scale refinement complete. rwork: 0.3066, rfree: 0.3488

Final Scale Parameters: 
  c_iso: tensor([-1.1980,  1.2723,  0.4359, -0.1371,  0.0790, -0.0471])
  U: tensor([ 0.5070,  0.4647,  0.4462,  0.0017,  0.0183, -0.0048])
  solvent.log_k_solvent: -0.8772150278091431
  solvent.log_ss_half: -4.01824951171875
  solvent.log_n_exp: 1.2762868404388428
  solvent.phase_offset: -0.0030562812462449074
After scaling: Rwork=0.3066, Rfree=0.3488
  VDW rebuild: max drift 3.84 Å > threshold 1.00 Å

Building VDW (non-bonded) restraints...
  Symmetry expansion: 21 valid (symop, offset) combos
  Grid: [8, 10, 12], 800/960 cells occupied, max 455 entries/cell
  Built 225940 VDW restraints, 16970 symmetry contacts

────────────────────────────────────────────────────────────────────
  XYZ Refinement
────────────────────────────────────────────────────────────────────

  adp (weight: 0.0200)
  ────────────────────────────────────────────────────────────────
    Metric                       Before      After     Change
    locality                    43124.2    43124.2     0.0000
    scaler_U                    16009.6    16009.6     0.0000
    scaler_log_scale           303803.7   303803.7     0.0000
    sigd                         4849.0     4849.0     0.0000
    simu                        17322.4    17322.4     0.0000

  geometry (weight: 0.2000)
  ────────────────────────────────────────────────────────────────
    Metric                       Before      After     Change
    angle                      -27620.9   -27614.4    +6.5156
    bond                       -20867.8   -20784.2   +83.6211
    chiral                    -288.8977  -285.3465    +3.5512
    nonbonded                  -59191.2   -59141.4   +49.7891
    planarity                  -12808.6   -12804.0    +4.6055
    torsion                      8355.1     8336.3   -18.7305

  other (weight: 1.0000)
  ────────────────────────────────────────────────────────────────
    Metric                       Before      After     Change
    xray                       133555.2   133016.0  -539.1719

  Group Totals
  ────────────────────────────────────────────────────────────────
    Group                        Before      After     Change
    adp                          7702.2     7702.2     0.0000
    geometry                   -22484.4   -22458.6   +25.8704
    xray                       133555.2   133016.0  -539.1719
────────────────────────────────────────────────────────────────────
  VDW rebuild: max drift 3.84 Å > threshold 1.00 Å

Building VDW (non-bonded) restraints...
  Symmetry expansion: 21 valid (symop, offset) combos
  Grid: [8, 10, 12], 800/960 cells occupied, max 455 entries/cell
  Built 225940 VDW restraints, 16970 symmetry contacts

────────────────────────────────────────────────────────────────────
  ADP Refinement
────────────────────────────────────────────────────────────────────

  adp (weight: 0.0200)
  ────────────────────────────────────────────────────────────────
    Metric                       Before      After     Change
    locality                    43115.0    42845.6  -269.3945
    scaler_U                    16009.6    16009.6     0.0000
    scaler_log_scale           303803.7   303803.7     0.0000
    sigd                         4849.0     4844.2    -4.8374
    simu                        17322.4    17196.6  -125.8145

  geometry (weight: 0.2000)
  ────────────────────────────────────────────────────────────────
    Metric                       Before      After     Change
    angle                      -27614.4   -27614.4     0.0000
    bond                       -20784.2   -20784.2     0.0000
    chiral                    -285.3465  -285.3465     0.0000
    nonbonded                  -59141.4   -59141.4     0.0000
    planarity                  -12804.0   -12804.0     0.0000
    torsion                      8336.3     8336.3     0.0000

  other (weight: 1.0000)
  ────────────────────────────────────────────────────────────────
    Metric                       Before      After     Change
    xray                       133016.0   133063.1   +47.0312

  Group Totals
  ────────────────────────────────────────────────────────────────
    Group                        Before      After     Change
    adp                          7702.0     7694.0    -8.0009
    geometry                   -22458.6   -22458.6     0.0000
    xray                       133016.0   133063.1   +47.0312
────────────────────────────────────────────────────────────────────

============================================================
LBFGS Refinement - Cycle 7/10
============================================================
Refining scales with LBFGS...
Scale refinement complete. rwork: 0.3033, rfree: 0.3456

Final Scale Parameters: 
  c_iso: tensor([-1.2039,  1.2540,  0.4380, -0.1393,  0.0791, -0.0478])
  U: tensor([ 0.5072,  0.4651,  0.4466,  0.0016,  0.0184, -0.0054])
  solvent.log_k_solvent: -0.8731735348701477
  solvent.log_ss_half: -4.016504287719727
  solvent.log_n_exp: 1.2472689151763916
  solvent.phase_offset: -0.005912166088819504
After scaling: Rwork=0.3033, Rfree=0.3456
  VDW rebuild: max drift 3.86 Å > threshold 1.00 Å

Building VDW (non-bonded) restraints...
  Symmetry expansion: 21 valid (symop, offset) combos
  Grid: [8, 10, 12], 800/960 cells occupied, max 455 entries/cell
  Built 225940 VDW restraints, 16970 symmetry contacts

────────────────────────────────────────────────────────────────────
  XYZ Refinement
────────────────────────────────────────────────────────────────────

  adp (weight: 0.0200)
  ────────────────────────────────────────────────────────────────
    Metric                       Before      After     Change
    locality                    42845.6    42845.6     0.0000
    scaler_U                    16032.5    16032.5     0.0000
    scaler_log_scale           298851.6   298851.6     0.0000
    sigd                         4844.2     4844.2     0.0000
    simu                        17196.6    17196.6     0.0000

  geometry (weight: 0.2000)
  ────────────────────────────────────────────────────────────────
    Metric                       Before      After     Change
    angle                      -27614.4   -27576.1   +38.2598
    bond                       -20784.2   -20852.6   -68.4336
    chiral                    -285.3465  -283.3406    +2.0059
    nonbonded                  -59141.4   -59116.5   +24.8633
    planarity                  -12804.0   -12810.4    -6.4561
    torsion                      8336.3     8329.8    -6.5488

  other (weight: 1.0000)
  ────────────────────────────────────────────────────────────────
    Metric                       Before      After     Change
    xray                       133169.5   132711.4  -458.1250

  Group Totals
  ────────────────────────────────────────────────────────────────
    Group                        Before      After     Change
    adp                          7595.4     7595.4     0.0000
    geometry                   -22458.6   -22461.8    -3.2617
    xray                       133169.5   132711.4  -458.1250
────────────────────────────────────────────────────────────────────
  VDW rebuild: max drift 3.86 Å > threshold 1.00 Å

Building VDW (non-bonded) restraints...
  Symmetry expansion: 21 valid (symop, offset) combos
  Grid: [8, 10, 12], 800/960 cells occupied, max 455 entries/cell
  Built 225940 VDW restraints, 16970 symmetry contacts

────────────────────────────────────────────────────────────────────
  ADP Refinement
────────────────────────────────────────────────────────────────────

  adp (weight: 0.0200)
  ────────────────────────────────────────────────────────────────
    Metric                       Before      After     Change
    locality                    42897.7    43093.9  +196.2148
    scaler_U                    16032.5    16032.5     0.0000
    scaler_log_scale           298851.6   298851.6     0.0000
    sigd                         4844.2     4853.6    +9.4097
    simu                        17196.6    17146.0   -50.6426

  geometry (weight: 0.2000)
  ────────────────────────────────────────────────────────────────
    Metric                       Before      After     Change
    angle                      -27576.1   -27576.1     0.0000
    bond                       -20852.6   -20852.6     0.0000
    chiral                    -283.3406  -283.3406     0.0000
    nonbonded                  -59116.5   -59116.5     0.0000
    planarity                  -12810.4   -12810.4     0.0000
    torsion                      8329.8     8329.8     0.0000

  other (weight: 1.0000)
  ────────────────────────────────────────────────────────────────
    Metric                       Before      After     Change
    xray                       132711.4   132769.0   +57.5938

  Group Totals
  ────────────────────────────────────────────────────────────────
    Group                        Before      After     Change
    adp                          7596.5     7599.6    +3.0996
    geometry                   -22461.8   -22461.8     0.0000
    xray                       132711.4   132769.0   +57.5938
────────────────────────────────────────────────────────────────────

============================================================
LBFGS Refinement - Cycle 8/10
============================================================
Refining scales with LBFGS...
Scale refinement complete. rwork: 0.3005, rfree: 0.3438

Final Scale Parameters: 
  c_iso: tensor([-1.2135,  1.2517,  0.4309, -0.1337,  0.0759, -0.0458])
  U: tensor([ 0.5084,  0.4660,  0.4475,  0.0016,  0.0187, -0.0054])
  solvent.log_k_solvent: -0.8719697594642639
  solvent.log_ss_half: -3.9995081424713135
  solvent.log_n_exp: 1.2888760566711426
  solvent.phase_offset: -0.008178121410310268
After scaling: Rwork=0.3005, Rfree=0.3438
  VDW rebuild: max drift 3.80 Å > threshold 1.00 Å

Building VDW (non-bonded) restraints...
  Symmetry expansion: 21 valid (symop, offset) combos
  Grid: [8, 10, 12], 800/960 cells occupied, max 455 entries/cell
  Built 225940 VDW restraints, 16970 symmetry contacts

────────────────────────────────────────────────────────────────────
  XYZ Refinement
────────────────────────────────────────────────────────────────────

  adp (weight: 0.0200)
  ────────────────────────────────────────────────────────────────
    Metric                       Before      After     Change
    locality                    43093.9    43093.9     0.0000
    scaler_U                    16098.4    16098.4     0.0000
    scaler_log_scale           295331.0   295331.0     0.0000
    sigd                         4853.6     4853.6     0.0000
    simu                        17146.0    17146.0     0.0000

  geometry (weight: 0.2000)
  ────────────────────────────────────────────────────────────────
    Metric                       Before      After     Change
    angle                      -27576.1   -27559.0   +17.0996
    bond                       -20852.6   -20806.8   +45.7656
    chiral                    -283.3406  -281.8849    +1.4557
    nonbonded                  -59116.5   -59104.2   +12.2891
    planarity                  -12810.4   -12805.4    +4.9746
    torsion                      8329.8     8324.0    -5.7861

  other (weight: 1.0000)
  ────────────────────────────────────────────────────────────────
    Metric                       Before      After     Change
    xray                       132867.9   132401.1  -466.8125

  Group Totals
  ────────────────────────────────────────────────────────────────
    Group                        Before      After     Change
    adp                          7530.5     7530.5     0.0000
    geometry                   -22461.8   -22446.7   +15.1595
    xray                       132867.9   132401.1  -466.8125
────────────────────────────────────────────────────────────────────
  VDW rebuild: max drift 3.80 Å > threshold 1.00 Å

Building VDW (non-bonded) restraints...
  Symmetry expansion: 21 valid (symop, offset) combos
  Grid: [8, 10, 12], 800/960 cells occupied, max 455 entries/cell
  Built 225940 VDW restraints, 16970 symmetry contacts

────────────────────────────────────────────────────────────────────
  ADP Refinement
────────────────────────────────────────────────────────────────────

  adp (weight: 0.0200)
  ────────────────────────────────────────────────────────────────
    Metric                       Before      After     Change
    locality                    43100.7    42903.6  -197.0195
    scaler_U                    16098.4    16098.4     0.0000
    scaler_log_scale           295331.0   295331.0     0.0000
    sigd                         4853.6     4861.1    +7.5117
    simu                        17146.0    16982.0  -163.9531

  geometry (weight: 0.2000)
  ────────────────────────────────────────────────────────────────
    Metric                       Before      After     Change
    angle                      -27559.0   -27559.0     0.0000
    bond                       -20806.8   -20806.8     0.0000
    chiral                    -281.8849  -281.8849     0.0000
    nonbonded                  -59104.2   -59104.2     0.0000
    planarity                  -12805.4   -12805.4     0.0000
    torsion                      8324.0     8324.0     0.0000

  other (weight: 1.0000)
  ────────────────────────────────────────────────────────────────
    Metric                       Before      After     Change
    xray                       132401.1   132475.7   +74.5625

  Group Totals
  ────────────────────────────────────────────────────────────────
    Group                        Before      After     Change
    adp                          7530.6     7523.5    -7.0693
    geometry                   -22446.7   -22446.7     0.0000
    xray                       132401.1   132475.7   +74.5625
────────────────────────────────────────────────────────────────────

============================================================
LBFGS Refinement - Cycle 9/10
============================================================
Refining scales with LBFGS...
Scale refinement complete. rwork: 0.2980, rfree: 0.3434

Final Scale Parameters: 
  c_iso: tensor([-1.2138,  1.2488,  0.4309, -0.1336,  0.0748, -0.0461])
  U: tensor([ 0.5113,  0.4689,  0.4502,  0.0017,  0.0188, -0.0057])
  solvent.log_k_solvent: -0.8690875768661499
  solvent.log_ss_half: -3.997053623199463
  solvent.log_n_exp: 1.2894773483276367
  solvent.phase_offset: -0.0049584656953811646
After scaling: Rwork=0.2980, Rfree=0.3434
  VDW rebuild: max drift 3.93 Å > threshold 1.00 Å

Building VDW (non-bonded) restraints...
  Symmetry expansion: 21 valid (symop, offset) combos
  Grid: [8, 10, 12], 800/960 cells occupied, max 455 entries/cell
  Built 225940 VDW restraints, 16970 symmetry contacts

────────────────────────────────────────────────────────────────────
  XYZ Refinement
────────────────────────────────────────────────────────────────────

  adp (weight: 0.0200)
  ────────────────────────────────────────────────────────────────
    Metric                       Before      After     Change
    locality                    42903.6    42903.6     0.0000
    scaler_U                    16292.9    16292.9     0.0000
    scaler_log_scale           294687.8   294687.8     0.0000
    sigd                         4861.1     4861.1     0.0000
    simu                        16982.0    16982.0     0.0000

  geometry (weight: 0.2000)
  ────────────────────────────────────────────────────────────────
    Metric                       Before      After     Change
    angle                      -27559.0   -27529.1   +29.9375
    bond                       -20806.8   -20836.5   -29.6914
    chiral                    -281.8849  -280.0590    +1.8259
    nonbonded                  -59104.2   -59078.2   +26.0508
    planarity                  -12805.4   -12815.7   -10.2666
    torsion                      8324.0     8323.8    -0.1846

  other (weight: 1.0000)
  ────────────────────────────────────────────────────────────────
    Metric                       Before      After     Change
    xray                       132562.1   132167.8  -394.2188

  Group Totals
  ────────────────────────────────────────────────────────────────
    Group                        Before      After     Change
    adp                          7514.6     7514.6     0.0000
    geometry                   -22446.7   -22443.1    +3.5346
    xray                       132562.1   132167.8  -394.2188
────────────────────────────────────────────────────────────────────
  VDW rebuild: max drift 3.93 Å > threshold 1.00 Å

Building VDW (non-bonded) restraints...
  Symmetry expansion: 21 valid (symop, offset) combos
  Grid: [8, 10, 12], 800/960 cells occupied, max 455 entries/cell
  Built 225940 VDW restraints, 16970 symmetry contacts

────────────────────────────────────────────────────────────────────
  ADP Refinement
────────────────────────────────────────────────────────────────────

  adp (weight: 0.0200)
  ────────────────────────────────────────────────────────────────
    Metric                       Before      After     Change
    locality                    42930.2    43137.6  +207.4258
    scaler_U                    16292.9    16292.9     0.0000
    scaler_log_scale           294687.8   294687.8     0.0000
    sigd                         4861.1     4872.0   +10.8872
    simu                        16982.0    16849.7  -132.3027

  geometry (weight: 0.2000)
  ────────────────────────────────────────────────────────────────
    Metric                       Before      After     Change
    angle                      -27529.1   -27529.1     0.0000
    bond                       -20836.5   -20836.5     0.0000
    chiral                    -280.0590  -280.0590     0.0000
    nonbonded                  -59078.2   -59078.2     0.0000
    planarity                  -12815.7   -12815.7     0.0000
    torsion                      8323.8     8323.8     0.0000

  other (weight: 1.0000)
  ────────────────────────────────────────────────────────────────
    Metric                       Before      After     Change
    xray                       132167.8   132198.5   +30.6562

  Group Totals
  ────────────────────────────────────────────────────────────────
    Group                        Before      After     Change
    adp                          7515.1     7516.8    +1.7202
    geometry                   -22443.1   -22443.1     0.0000
    xray                       132167.8   132198.5   +30.6562
────────────────────────────────────────────────────────────────────

============================================================
LBFGS Refinement - Cycle 10/10
============================================================
Refining scales with LBFGS...
Scale refinement complete. rwork: 0.2965, rfree: 0.3415

Final Scale Parameters: 
  c_iso: tensor([-1.2137,  1.2463,  0.4316, -0.1340,  0.0743, -0.0469])
  U: tensor([ 0.5136,  0.4714,  0.4525,  0.0017,  0.0190, -0.0056])
  solvent.log_k_solvent: -0.867956817150116
  solvent.log_ss_half: -3.988734245300293
  solvent.log_n_exp: 1.2913838624954224
  solvent.phase_offset: -0.007491966709494591
After scaling: Rwork=0.2965, Rfree=0.3415
  VDW rebuild: max drift 3.82 Å > threshold 1.00 Å

Building VDW (non-bonded) restraints...
  Symmetry expansion: 21 valid (symop, offset) combos
  Grid: [8, 10, 12], 800/960 cells occupied, max 455 entries/cell
  Built 225940 VDW restraints, 16970 symmetry contacts

────────────────────────────────────────────────────────────────────
  XYZ Refinement
────────────────────────────────────────────────────────────────────

  adp (weight: 0.0200)
  ────────────────────────────────────────────────────────────────
    Metric                       Before      After     Change
    locality                    43137.6    43137.6     0.0000
    scaler_U                    16455.5    16455.5     0.0000
    scaler_log_scale           294413.7   294413.7     0.0000
    sigd                         4872.0     4872.0     0.0000
    simu                        16849.7    16849.7     0.0000

  geometry (weight: 0.2000)
  ────────────────────────────────────────────────────────────────
    Metric                       Before      After     Change
    angle                      -27529.1   -27541.7   -12.6172
    bond                       -20836.5   -20822.2   +14.3574
    chiral                    -280.0590  -278.4329    +1.6261
    nonbonded                  -59078.2   -59073.4    +4.7656
    planarity                  -12815.7   -12805.0   +10.7129
    torsion                      8323.8     8323.1    -0.7012

  other (weight: 1.0000)
  ────────────────────────────────────────────────────────────────
    Metric                       Before      After     Change
    xray                       132273.2   132030.9  -242.3438

  Group Totals
  ────────────────────────────────────────────────────────────────
    Group                        Before      After     Change
    adp                          7514.6     7514.6     0.0000
    geometry                   -22443.1   -22439.5    +3.6283
    xray                       132273.2   132030.9  -242.3438
────────────────────────────────────────────────────────────────────
  VDW rebuild: max drift 3.82 Å > threshold 1.00 Å

Building VDW (non-bonded) restraints...
  Symmetry expansion: 21 valid (symop, offset) combos
  Grid: [8, 10, 12], 800/960 cells occupied, max 455 entries/cell
  Built 225940 VDW restraints, 16970 symmetry contacts

────────────────────────────────────────────────────────────────────
  ADP Refinement
────────────────────────────────────────────────────────────────────

  adp (weight: 0.0200)
  ────────────────────────────────────────────────────────────────
    Metric                       Before      After     Change
    locality                    43131.3    43126.3    -5.0000
    scaler_U                    16455.5    16455.5     0.0000
    scaler_log_scale           294413.7   294413.7     0.0000
    sigd                         4872.0     4879.7    +7.6821
    simu                        16849.7    16652.4  -197.2969

  geometry (weight: 0.2000)
  ────────────────────────────────────────────────────────────────
    Metric                       Before      After     Change
    angle                      -27541.7   -27541.7     0.0000
    bond                       -20822.2   -20822.2     0.0000
    chiral                    -278.4329  -278.4329     0.0000
    nonbonded                  -59073.4   -59073.4     0.0000
    planarity                  -12805.0   -12805.0     0.0000
    torsion                      8323.1     8323.1     0.0000

  other (weight: 1.0000)
  ────────────────────────────────────────────────────────────────
    Metric                       Before      After     Change
    xray                       132030.9   132098.7   +67.7812

  Group Totals
  ────────────────────────────────────────────────────────────────
    Group                        Before      After     Change
    adp                          7514.4     7510.6    -3.8923
    geometry                   -22439.5   -22439.5     0.0000
    xray                       132030.9   132098.7   +67.7812
────────────────────────────────────────────────────────────────────
Calculating initial scale factors using 10 bins.
Refining scales with LBFGS...
Scale refinement complete. rwork: 0.2955, rfree: 0.3411

Final Scale Parameters: 
  c_iso: tensor([-1.4005,  0.9989,  0.3791, -0.1391,  0.0768, -0.0489])
  U: tensor([ 0.4455,  0.4037,  0.3847,  0.0020,  0.0189, -0.0058])
  solvent.log_k_solvent: -0.8592376112937927
  solvent.log_ss_half: -3.9422974586486816
  solvent.log_n_exp: 1.4229272603988647
  solvent.phase_offset: -0.009219512343406677

Refinement completed successfully.

Saving results to /das/work/units/LBR-FEL/p17490/Peter/Library/work_trees_torchref/alignement/alignment_lab/benchmarks/af_mr/runs/dmin4.0/3MQ2/refine_phaser_mr...
  Refined structure (PDB): /das/work/units/LBR-FEL/p17490/Peter/Library/work_trees_torchref/alignement/alignment_lab/benchmarks/af_mr/runs/dmin4.0/3MQ2/refine_phaser_mr/refined.pdb
  Refined structure (mmCIF): /das/work/units/LBR-FEL/p17490/Peter/Library/work_trees_torchref/alignement/alignment_lab/benchmarks/af_mr/runs/dmin4.0/3MQ2/refine_phaser_mr/refined.cif
Added map coefficients:
  2Fo-Fc: FWT, PHWT
  Fo-Fc: DELFWT, PHDELWT
  Resolution range: 1.69 - 46.74 Å
✓ Wrote MTZ file: /das/work/units/LBR-FEL/p17490/Peter/Library/work_trees_torchref/alignement/alignment_lab/benchmarks/af_mr/runs/dmin4.0/3MQ2/refine_phaser_mr/refined.mtz
  Reflections: 47779
  Columns: H, K, L, F-obs, SIGF-obs, I-obs, SIGI-obs, R-free-flags, FWT, PHWT, DELFWT, PHDELWT, F-model, PH-model
  Refined structure factors: /das/work/units/LBR-FEL/p17490/Peter/Library/work_trees_torchref/alignement/alignment_lab/benchmarks/af_mr/runs/dmin4.0/3MQ2/refine_phaser_mr/refined.mtz
  Refinement history: /das/work/units/LBR-FEL/p17490/Peter/Library/work_trees_torchref/alignement/alignment_lab/benchmarks/af_mr/runs/dmin4.0/3MQ2/refine_phaser_mr/refinement_history.json

================================================================================
Refinement Summary
================================================================================
R-work:  0.2955 (46620 reflections)
R-free:  0.3411 (935 reflections)
NLL work: 132185.03
NLL test: 2723.62
================================================================================

Output files:
  - /das/work/units/LBR-FEL/p17490/Peter/Library/work_trees_torchref/alignement/alignment_lab/benchmarks/af_mr/runs/dmin4.0/3MQ2/refine_phaser_mr/refined.pdb
  - /das/work/units/LBR-FEL/p17490/Peter/Library/work_trees_torchref/alignement/alignment_lab/benchmarks/af_mr/runs/dmin4.0/3MQ2/refine_phaser_mr/refined.cif
  - /das/work/units/LBR-FEL/p17490/Peter/Library/work_trees_torchref/alignement/alignment_lab/benchmarks/af_mr/runs/dmin4.0/3MQ2/refine_phaser_mr/refined.mtz
  - /das/work/units/LBR-FEL/p17490/Peter/Library/work_trees_torchref/alignement/alignment_lab/benchmarks/af_mr/runs/dmin4.0/3MQ2/refine_phaser_mr/refinement_history.json

Refinement completed successfully!

Timing: 251.5s wall, 470.3s CPU
