/das/work/units/LBR-FEL/p17490/Peter/Library/work_trees_torchref/alignement/torchref/cli/refine.py:21: UserWarning: TorchRef using user-specified 8 threads from TORCHREF_NUM_THREADS.
  from torchref.cli._common import (
================================================================================
TorchRef LBFGS Refinement
================================================================================
Model:             /das/work/units/LBR-FEL/p17490/Peter/Library/work_trees_torchref/dev/paper/figure2_alphafold_start/placed/2XN4_af.pdb
Structure factor:  /das/work/units/LBR-FEL/p17490/Peter/Library/work_trees_torchref/dev/paper/data/2XN4/2XN4.mtz
Output directory:  /das/work/units/LBR-FEL/p17490/Peter/Library/work_trees_torchref/alignement/alignment_lab/benchmarks/af_mr/runs/dmin3.0/2XN4/refine_phaser_mr
Refinement mode:   separate
X-ray target:      ml
Refinement cycles: 10
Rigid-body step:   on (iterations/cutoff = 30)
Device:            auto
ADP mode:          isotropic
Wavelength:        1 A
Manual weights:    {"adp": 0.02}
================================================================================

Initializing refinement...
found non-finite F values (NaN/Inf):  1266
found non-finite F_sigma values (NaN/Inf):  1266
Wilson outlier rejection: 0/24606 (0.0000%) of tested reflections flagged (0 too strong, 0 too weak)
Loaded 4320 atoms
Building restraints...
Found 109 link definitions

Building VDW (non-bonded) restraints...
  Symmetry expansion: 23 valid (symop, offset) combos
  Grid: [7, 7, 11], 427/539 cells occupied, max 644 entries/cell
  Built 78745 VDW restraints, 4758 symmetry contacts
  Hydrogen topology: 4182 riding H atoms
  H candidate pairs: 185970 (44101 H-H, 141869 H-heavy, 10955 symmetry)
================================================================================
Restraints Summary
================================================================================
CIF file: None
Residue types in dictionary: 20

INTRA-RESIDUE RESTRAINTS:
--------------------------------------------------------------------------------
  Bonds: 3834
  Angles: 4254
  Torsions: 994
  Planes: 872
  Chirals: 662

INTER-RESIDUE RESTRAINTS:
--------------------------------------------------------------------------------
  Peptide bonds: 570
  Peptide angles: 1724
  Disulfide bonds: 0
  Disulfide angles: 0
  Disulfide torsions: 0
  LINK bonds: 0

BACKBONE TORSIONS:
--------------------------------------------------------------------------------
  Phi: 570
  Psi: 570
  Omega: 570
  Ramachandran: 568

VDW RESTRAINTS:
--------------------------------------------------------------------------------
  Non-bonded contacts: 78745 (73987 intra-ASU, 4758 symmetry)
================================================================================
Generated 4208 hydrogens
ADP representation: isotropic, 8528 parameters, 3.3 work reflections each
Initialized ScalerBase with 10 bins.
Building restraints...

Building VDW (non-bonded) restraints...
  Symmetry expansion: 23 valid (symop, offset) combos
  Grid: [7, 7, 11], 449/539 cells occupied, max 1104 entries/cell
  Built 324278 VDW restraints, 23270 symmetry contacts
================================================================================
Restraints Summary
================================================================================
CIF file: None
Residue types in dictionary: 20

INTRA-RESIDUE RESTRAINTS:
--------------------------------------------------------------------------------
  Bonds: 8042
  Angles: 13136
  Torsions: 1652
  Planes: 1550
  Chirals: 662

INTER-RESIDUE RESTRAINTS:
--------------------------------------------------------------------------------
  Peptide bonds: 570
  Peptide angles: 2280
  Disulfide bonds: 0
  Disulfide angles: 0
  Disulfide torsions: 0
  LINK bonds: 0

BACKBONE TORSIONS:
--------------------------------------------------------------------------------
  Phi: 570
  Psi: 570
  Omega: 570
  Ramachandran: 568

VDW RESTRAINTS:
--------------------------------------------------------------------------------
  Non-bonded contacts: 324278 (301008 intra-ASU, 23270 symmetry)
================================================================================
Initializing TotalGeometryTarget with component targets...
Initializing TotalADPTarget with component targets: simu, locality, sigd
Parametrization built for 5 unique atom types
SfFFT: Using late symmetry (reciprocal space)
Calculating initial scale factors using 10 bins.
Refining scales with LBFGS...
Scale refinement complete. rwork: 0.4411, rfree: 0.4192

Final Scale Parameters: 
  c_iso: tensor([ 0.8874,  1.1792,  0.2171, -0.0492,  0.0843,  0.0118])
  U: tensor([ 5.1484e-01,  5.1644e-01,  5.1301e-01, -3.6653e-04, -3.5669e-03,
         6.4890e-03])
  solvent.log_k_solvent: -0.9711455702781677
  solvent.log_ss_half: -3.8469274044036865
  solvent.log_n_exp: 2.9959716796875
  solvent.phase_offset: -0.04488522931933403
Initialized targets with xray_mode='ml'
Applied manual group weights: {'xray': 1.0, 'geometry': 0.2, 'geometry/ramachandran': 0.0, 'adp': 0.02, 'adp/sigd': 1.0, 'adp/node_load': 10.0, 'adp/node_smoothness': 0.0}
Refinement initialized successfully.

Starting refinement with 10 macro cycles...

Rigid-body step enabled: one multi-resolution rigid-body pass will run once at the start of refinement.


--- Rigid-body step (once, at start) ---
Switched to rigid-body parametrization: RigidXYZTensor(n_atoms=8528, n_chains=2) (2 chain(s))
Filtering: 1099/29562 reflections in range [inf - 6.0] Å (1088 valid after all masks)
Initialized ScalerBase with 10 bins.
Calculating initial scale factors using 10 bins.
Calculating initial scale factors using 10 bins.
Refining scales with LBFGS...
Scale refinement complete. rwork: 0.3595, rfree: 0.4562

Final Scale Parameters: 
  c_iso: tensor([ 0.2631, -0.3614, -0.6700,  1.0617,  0.5558,  0.1331])
  U: tensor([ 3.1441,  3.2620,  3.3625, -0.0039,  0.0480,  0.0794])
  solvent.log_k_solvent: -1.5118250846862793
  solvent.log_ss_half: -5.145525932312012
  solvent.log_n_exp: 1.1228872537612915
  solvent.phase_offset: -0.06027115136384964
  rigid-body d_min=6.00 (lbfgs, iters=30): Rwork=0.3746 Rfree=0.4641
Filtering: 5769/29562 reflections in range [inf - 3.453779961107087] Å (5711 valid after all masks)
Initialized ScalerBase with 10 bins.
Calculating initial scale factors using 10 bins.
Calculating initial scale factors using 10 bins.
Refining scales with LBFGS...
Scale refinement complete. rwork: 0.3878, rfree: 0.3952

Final Scale Parameters: 
  c_iso: tensor([ 2.4740,  1.5042, -2.6957, -1.9683, -0.6365,  0.0354])
  U: tensor([ 2.9427,  2.9781,  3.0256, -0.0057,  0.0132,  0.0172])
  solvent.log_k_solvent: -1.2020046710968018
  solvent.log_ss_half: -5.313817501068115
  solvent.log_n_exp: 0.21243980526924133
  solvent.phase_offset: -0.060586411505937576
  rigid-body d_min=3.45 (lbfgs, iters=30): Rwork=0.3870 Rfree=0.3790
Filtering: 29559/29562 reflections in range [inf - 1.9880993366241455] Å (28296 valid after all masks)
Initialized ScalerBase with 10 bins.
Calculating initial scale factors using 10 bins.
Calculating initial scale factors using 10 bins.
Refining scales with LBFGS...
Scale refinement complete. rwork: 0.4399, rfree: 0.4345

Final Scale Parameters: 
  c_iso: tensor([ 0.8398,  1.0690,  0.2291, -0.0642,  0.1009,  0.0073])
  U: tensor([ 0.4829,  0.4864,  0.4760,  0.0016, -0.0050,  0.0056])
  solvent.log_k_solvent: -0.9277185201644897
  solvent.log_ss_half: -3.8553590774536133
  solvent.log_n_exp: 2.9959323406219482
  solvent.phase_offset: -0.025714529678225517
  rigid-body d_min=1.99 (lbfgs, iters=30): Rwork=0.4440 Rfree=0.4331
Initialized ScalerBase with 10 bins.
Calculating initial scale factors using 10 bins.
Calculating initial scale factors using 10 bins.
Refining scales with LBFGS...
Scale refinement complete. rwork: 0.4393, rfree: 0.4300

Final Scale Parameters: 
  c_iso: tensor([ 0.8862,  1.1426,  0.2315, -0.0601,  0.0925,  0.0119])
  U: tensor([ 0.5094,  0.5141,  0.5018,  0.0011, -0.0050,  0.0057])
  solvent.log_k_solvent: -0.9494540691375732
  solvent.log_ss_half: -3.8533143997192383
  solvent.log_n_exp: 2.9991159439086914
  solvent.phase_offset: -0.014101953245699406
Initialized ScalerBase with 10 bins.
Calculating initial scale factors using 10 bins.
Calculating initial scale factors using 10 bins.
Refining scales with LBFGS...
Scale refinement complete. rwork: 0.4393, rfree: 0.4300

Final Scale Parameters: 
  c_iso: tensor([ 0.8907,  1.1442,  0.2340, -0.0614,  0.0929,  0.0116])
  U: tensor([ 0.5110,  0.5158,  0.5034,  0.0010, -0.0050,  0.0057])
  solvent.log_k_solvent: -0.9468508362770081
  solvent.log_ss_half: -3.853525400161743
  solvent.log_n_exp: 3.000317096710205
  solvent.phase_offset: -0.011175530031323433

============================================================
LBFGS Refinement - Cycle 1/10
============================================================
Refining scales with LBFGS...
Scale refinement complete. rwork: 0.4393, rfree: 0.4299

Final Scale Parameters: 
  c_iso: tensor([ 0.9024,  1.1681,  0.2334, -0.0581,  0.0914,  0.0126])
  U: tensor([ 0.5183,  0.5230,  0.5106,  0.0011, -0.0050,  0.0057])
  solvent.log_k_solvent: -0.9546918272972107
  solvent.log_ss_half: -3.853851556777954
  solvent.log_n_exp: 2.9959716796875
  solvent.phase_offset: -0.012397179380059242
After scaling: Rwork=0.4393, Rfree=0.4299
  VDW rebuild: max drift 2.08 Å > threshold 1.00 Å

Building VDW (non-bonded) restraints...
  Symmetry expansion: 23 valid (symop, offset) combos
  Grid: [7, 7, 11], 449/539 cells occupied, max 1104 entries/cell
  Built 324278 VDW restraints, 23270 symmetry contacts

────────────────────────────────────────────────────────────────────
  XYZ Refinement
────────────────────────────────────────────────────────────────────

  adp (weight: 0.0200)
  ────────────────────────────────────────────────────────────────
    Metric                       Before      After     Change
    locality                    47587.0    47587.0     0.0000
    scaler_U                    11866.9    11866.9     0.0000
    scaler_log_scale           234550.5   234550.5     0.0000
    sigd                        28035.2    28035.2     0.0000
    simu                        13996.8    13996.8     0.0000

  geometry (weight: 0.2000)
  ────────────────────────────────────────────────────────────────
    Metric                       Before      After     Change
    angle                      -35646.9   -36975.1    -1328.2
    bond                       -26589.4   -28491.5    -1902.2
    chiral                    -364.7241  -425.3890   -60.6649
    nonbonded                  -53918.5   -84448.2   -30529.7
    planarity                  -18909.4   -18966.5   -57.1465
    torsion                     13425.6    13451.9   +26.2422

  other (weight: 1.0000)
  ────────────────────────────────────────────────────────────────
    Metric                       Before      After     Change
    xray                       163313.2   162101.4    -1211.8

  Group Totals
  ────────────────────────────────────────────────────────────────
    Group                        Before      After     Change
    adp                          6720.7     6720.7     0.0000
    geometry                   -24400.7   -31171.0    -6770.3
    xray                       163313.2   162101.4    -1211.8
────────────────────────────────────────────────────────────────────
  VDW rebuild: max drift 2.08 Å > threshold 1.00 Å

Building VDW (non-bonded) restraints...
  Symmetry expansion: 23 valid (symop, offset) combos
  Grid: [7, 7, 11], 449/539 cells occupied, max 1104 entries/cell
  Built 324278 VDW restraints, 23270 symmetry contacts

────────────────────────────────────────────────────────────────────
  ADP Refinement
────────────────────────────────────────────────────────────────────

  adp (weight: 0.0200)
  ────────────────────────────────────────────────────────────────
    Metric                       Before      After     Change
    locality                    40520.1    12401.9   -28118.2
    scaler_U                    11866.9    11866.9     0.0000
    scaler_log_scale           234550.5   234550.5     0.0000
    sigd                        28035.2     7967.4   -20067.8
    simu                        13996.8    15423.4    +1426.7

  geometry (weight: 0.2000)
  ────────────────────────────────────────────────────────────────
    Metric                       Before      After     Change
    angle                      -36975.1   -36975.1     0.0000
    bond                       -28491.5   -28491.5     0.0000
    chiral                    -425.3890  -425.3890     0.0000
    nonbonded                  -84448.2   -84448.2     0.0000
    planarity                  -18966.5   -18966.5     0.0000
    torsion                     13451.9    13451.9     0.0000

  other (weight: 1.0000)
  ────────────────────────────────────────────────────────────────
    Metric                       Before      After     Change
    xray                       162101.4   161543.0  -558.4375

  Group Totals
  ────────────────────────────────────────────────────────────────
    Group                        Before      After     Change
    adp                          6579.4     5644.2  -935.1885
    geometry                   -31171.0   -31171.0     0.0000
    xray                       162101.4   161543.0  -558.4375
────────────────────────────────────────────────────────────────────

============================================================
LBFGS Refinement - Cycle 2/10
============================================================
Refining scales with LBFGS...
Scale refinement complete. rwork: 0.4018, rfree: 0.4179

Final Scale Parameters: 
  c_iso: tensor([ 6.1542e-01,  7.6635e-01,  2.0571e-01, -8.5913e-02,  1.0884e-01,
         6.9507e-04])
  U: tensor([ 0.3626,  0.3690,  0.3566,  0.0008, -0.0049,  0.0058])
  solvent.log_k_solvent: -0.8984086513519287
  solvent.log_ss_half: -3.8382534980773926
  solvent.log_n_exp: 2.9959716796875
  solvent.phase_offset: -0.006105450447648764
After scaling: Rwork=0.4018, Rfree=0.4179
  VDW rebuild: max drift 3.57 Å > threshold 1.00 Å

Building VDW (non-bonded) restraints...
  Symmetry expansion: 23 valid (symop, offset) combos
  Grid: [7, 7, 11], 449/539 cells occupied, max 1104 entries/cell
  Built 324278 VDW restraints, 23270 symmetry contacts

────────────────────────────────────────────────────────────────────
  XYZ Refinement
────────────────────────────────────────────────────────────────────

  adp (weight: 0.0200)
  ────────────────────────────────────────────────────────────────
    Metric                       Before      After     Change
    locality                    12401.9    12401.9     0.0000
    scaler_U                     5835.5     5835.5     0.0000
    scaler_log_scale           110351.1   110351.1     0.0000
    sigd                         7967.4     7967.4     0.0000
    simu                        15423.4    15423.4     0.0000

  geometry (weight: 0.2000)
  ────────────────────────────────────────────────────────────────
    Metric                       Before      After     Change
    angle                      -36975.1   -38088.9    -1113.8
    bond                       -28491.5   -28802.3  -310.7832
    chiral                    -425.3890  -425.0724    +0.3166
    nonbonded                  -84448.2   -84944.6  -496.4219
    planarity                  -18966.5   -19201.4  -234.8398
    torsion                     13451.9    13429.0   -22.8926

  other (weight: 1.0000)
  ────────────────────────────────────────────────────────────────
    Metric                       Before      After     Change
    xray                       161542.7   160505.7    -1037.0

  Group Totals
  ────────────────────────────────────────────────────────────────
    Group                        Before      After     Change
    adp                          3039.6     3039.6     0.0000
    geometry                   -31171.0   -31606.7  -435.6784
    xray                       161542.7   160505.7    -1037.0
────────────────────────────────────────────────────────────────────
  VDW rebuild: max drift 3.57 Å > threshold 1.00 Å

Building VDW (non-bonded) restraints...
  Symmetry expansion: 23 valid (symop, offset) combos
  Grid: [7, 7, 11], 449/539 cells occupied, max 1104 entries/cell
  Built 324278 VDW restraints, 23270 symmetry contacts

────────────────────────────────────────────────────────────────────
  ADP Refinement
────────────────────────────────────────────────────────────────────

  adp (weight: 0.0200)
  ────────────────────────────────────────────────────────────────
    Metric                       Before      After     Change
    locality                    12445.6    15880.9    +3435.3
    scaler_U                     5835.5     5835.5     0.0000
    scaler_log_scale           110351.1   110351.1     0.0000
    sigd                         7967.4     7065.8  -901.5415
    simu                        15423.4    15649.3  +225.8662

  geometry (weight: 0.2000)
  ────────────────────────────────────────────────────────────────
    Metric                       Before      After     Change
    angle                      -38088.9   -38088.9     0.0000
    bond                       -28802.3   -28802.3     0.0000
    chiral                    -425.0724  -425.0724     0.0000
    nonbonded                  -84944.6   -84944.6     0.0000
    planarity                  -19201.4   -19201.4     0.0000
    torsion                     13429.0    13429.0     0.0000

  other (weight: 1.0000)
  ────────────────────────────────────────────────────────────────
    Metric                       Before      After     Change
    xray                       160505.7   160401.6  -104.0156

  Group Totals
  ────────────────────────────────────────────────────────────────
    Group                        Before      After     Change
    adp                          3040.5     3095.7   +55.1928
    geometry                   -31606.7   -31606.7     0.0000
    xray                       160505.7   160401.6  -104.0156
────────────────────────────────────────────────────────────────────

============================================================
LBFGS Refinement - Cycle 3/10
============================================================
Refining scales with LBFGS...
Scale refinement complete. rwork: 0.3790, rfree: 0.4050

Final Scale Parameters: 
  c_iso: tensor([ 0.6632,  0.8326,  0.2129, -0.0832,  0.1059,  0.0072])
  U: tensor([ 0.3873,  0.3959,  0.3829,  0.0010, -0.0056,  0.0052])
  solvent.log_k_solvent: -0.9057828783988953
  solvent.log_ss_half: -3.8368418216705322
  solvent.log_n_exp: 2.9959716796875
  solvent.phase_offset: -0.009665911085903645
After scaling: Rwork=0.3790, Rfree=0.4050
  VDW rebuild: max drift 2.97 Å > threshold 1.00 Å

Building VDW (non-bonded) restraints...
  Symmetry expansion: 23 valid (symop, offset) combos
  Grid: [7, 7, 11], 449/539 cells occupied, max 1104 entries/cell
  Built 324278 VDW restraints, 23270 symmetry contacts

────────────────────────────────────────────────────────────────────
  XYZ Refinement
────────────────────────────────────────────────────────────────────

  adp (weight: 0.0200)
  ────────────────────────────────────────────────────────────────
    Metric                       Before      After     Change
    locality                    15880.9    15880.9     0.0000
    scaler_U                     6699.8     6699.8     0.0000
    scaler_log_scale           128020.1   128020.1     0.0000
    sigd                         7065.8     7065.8     0.0000
    simu                        15649.3    15649.3     0.0000

  geometry (weight: 0.2000)
  ────────────────────────────────────────────────────────────────
    Metric                       Before      After     Change
    angle                      -38088.9   -37990.0   +98.8828
    bond                       -28802.3   -28790.4   +11.9082
    chiral                    -425.0724  -424.5101    +0.5623
    nonbonded                  -84944.6   -85494.1  -549.4219
    planarity                  -19201.4   -19149.3   +52.0723
    torsion                     13429.0    13468.5   +39.5518

  other (weight: 1.0000)
  ────────────────────────────────────────────────────────────────
    Metric                       Before      After     Change
    xray                       160405.5   159476.9  -928.5625

  Group Totals
  ────────────────────────────────────────────────────────────────
    Group                        Before      After     Change
    adp                          3466.3     3466.3     0.0000
    geometry                   -31606.7   -31675.9   -69.2894
    xray                       160405.5   159476.9  -928.5625
────────────────────────────────────────────────────────────────────
  VDW rebuild: max drift 2.97 Å > threshold 1.00 Å

Building VDW (non-bonded) restraints...
  Symmetry expansion: 23 valid (symop, offset) combos
  Grid: [7, 7, 11], 449/539 cells occupied, max 1104 entries/cell
  Built 324278 VDW restraints, 23270 symmetry contacts

────────────────────────────────────────────────────────────────────
  ADP Refinement
────────────────────────────────────────────────────────────────────

  adp (weight: 0.0200)
  ────────────────────────────────────────────────────────────────
    Metric                       Before      After     Change
    locality                    15935.0    17477.6    +1542.6
    scaler_U                     6699.8     6699.8     0.0000
    scaler_log_scale           128020.1   128020.1     0.0000
    sigd                         7065.8     6664.1  -401.6890
    simu                        15649.3    15689.0   +39.6680

  geometry (weight: 0.2000)
  ────────────────────────────────────────────────────────────────
    Metric                       Before      After     Change
    angle                      -37990.0   -37990.0     0.0000
    bond                       -28790.4   -28790.4     0.0000
    chiral                    -424.5101  -424.5101     0.0000
    nonbonded                  -85494.1   -85494.1     0.0000
    planarity                  -19149.3   -19149.3     0.0000
    torsion                     13468.5    13468.5     0.0000

  other (weight: 1.0000)
  ────────────────────────────────────────────────────────────────
    Metric                       Before      After     Change
    xray                       159476.9   159414.6   -62.3125

  Group Totals
  ────────────────────────────────────────────────────────────────
    Group                        Before      After     Change
    adp                          3467.4     3491.0   +23.6112
    geometry                   -31675.9   -31675.9     0.0000
    xray                       159476.9   159414.6   -62.3125
────────────────────────────────────────────────────────────────────

============================================================
LBFGS Refinement - Cycle 4/10
============================================================
Refining scales with LBFGS...
Scale refinement complete. rwork: 0.3618, rfree: 0.3901

Final Scale Parameters: 
  c_iso: tensor([ 0.6735,  0.8260,  0.2210, -0.0898,  0.1064,  0.0073])
  U: tensor([ 0.3921,  0.4002,  0.3878,  0.0009, -0.0047,  0.0045])
  solvent.log_k_solvent: -0.8938654065132141
  solvent.log_ss_half: -3.8281643390655518
  solvent.log_n_exp: 2.9959716796875
  solvent.phase_offset: -0.025308800861239433
After scaling: Rwork=0.3618, Rfree=0.3901
  VDW rebuild: max drift 3.08 Å > threshold 1.00 Å

Building VDW (non-bonded) restraints...
  Symmetry expansion: 23 valid (symop, offset) combos
  Grid: [7, 7, 11], 449/539 cells occupied, max 1104 entries/cell
  Built 324278 VDW restraints, 23270 symmetry contacts

────────────────────────────────────────────────────────────────────
  XYZ Refinement
────────────────────────────────────────────────────────────────────

  adp (weight: 0.0200)
  ────────────────────────────────────────────────────────────────
    Metric                       Before      After     Change
    locality                    17477.6    17477.6     0.0000
    scaler_U                     6861.1     6861.1     0.0000
    scaler_log_scale           129067.2   129067.2     0.0000
    sigd                         6664.1     6664.1     0.0000
    simu                        15689.0    15689.0     0.0000

  geometry (weight: 0.2000)
  ────────────────────────────────────────────────────────────────
    Metric                       Before      After     Change
    angle                      -37990.0   -38444.1  -454.0938
    bond                       -28790.4   -28922.0  -131.6367
    chiral                    -424.5101  -423.5183    +0.9918
    nonbonded                  -85494.1   -85468.5   +25.5703
    planarity                  -19149.3   -19221.2   -71.8945
    torsion                     13468.5    13490.1   +21.5215

  other (weight: 1.0000)
  ────────────────────────────────────────────────────────────────
    Metric                       Before      After     Change
    xray                       159423.2   158847.4  -575.8125

  Group Totals
  ────────────────────────────────────────────────────────────────
    Group                        Before      After     Change
    adp                          3515.2     3515.2     0.0000
    geometry                   -31675.9   -31797.9  -121.9093
    xray                       159423.2   158847.4  -575.8125
────────────────────────────────────────────────────────────────────
  VDW rebuild: max drift 3.08 Å > threshold 1.00 Å

Building VDW (non-bonded) restraints...
  Symmetry expansion: 23 valid (symop, offset) combos
  Grid: [7, 7, 11], 449/539 cells occupied, max 1104 entries/cell
  Built 324278 VDW restraints, 23270 symmetry contacts

────────────────────────────────────────────────────────────────────
  ADP Refinement
────────────────────────────────────────────────────────────────────

  adp (weight: 0.0200)
  ────────────────────────────────────────────────────────────────
    Metric                       Before      After     Change
    locality                    17483.1    18899.0    +1415.8
    scaler_U                     6861.1     6861.1     0.0000
    scaler_log_scale           129067.2   129067.2     0.0000
    sigd                         6664.1     6485.5  -178.6211
    simu                        15689.0    15818.0  +129.0498

  geometry (weight: 0.2000)
  ────────────────────────────────────────────────────────────────
    Metric                       Before      After     Change
    angle                      -38444.1   -38444.1     0.0000
    bond                       -28922.0   -28922.0     0.0000
    chiral                    -423.5183  -423.5183     0.0000
    nonbonded                  -85468.5   -85468.5     0.0000
    planarity                  -19221.2   -19221.2     0.0000
    torsion                     13490.1    13490.1     0.0000

  other (weight: 1.0000)
  ────────────────────────────────────────────────────────────────
    Metric                       Before      After     Change
    xray                       158847.4   158802.1   -45.3281

  Group Totals
  ────────────────────────────────────────────────────────────────
    Group                        Before      After     Change
    adp                          3515.3     3542.6   +27.3246
    geometry                   -31797.9   -31797.9     0.0000
    xray                       158847.4   158802.1   -45.3281
────────────────────────────────────────────────────────────────────

============================================================
LBFGS Refinement - Cycle 5/10
============================================================
Refining scales with LBFGS...
Scale refinement complete. rwork: 0.3524, rfree: 0.3812

Final Scale Parameters: 
  c_iso: tensor([ 0.7112,  0.8737,  0.2287, -0.0903,  0.1051,  0.0073])
  U: tensor([ 4.1124e-01,  4.1997e-01,  4.0670e-01,  4.0920e-04, -4.2163e-03,
         4.0248e-03])
  solvent.log_k_solvent: -0.9035841226577759
  solvent.log_ss_half: -3.8309292793273926
  solvent.log_n_exp: 2.9959716796875
  solvent.phase_offset: -0.01767398975789547
After scaling: Rwork=0.3524, Rfree=0.3812
  VDW rebuild: max drift 2.95 Å > threshold 1.00 Å

Building VDW (non-bonded) restraints...
  Symmetry expansion: 23 valid (symop, offset) combos
  Grid: [7, 7, 11], 449/539 cells occupied, max 1104 entries/cell
  Built 324278 VDW restraints, 23270 symmetry contacts

────────────────────────────────────────────────────────────────────
  XYZ Refinement
────────────────────────────────────────────────────────────────────

  adp (weight: 0.0200)
  ────────────────────────────────────────────────────────────────
    Metric                       Before      After     Change
    locality                    18899.0    18899.0     0.0000
    scaler_U                     7550.2     7550.2     0.0000
    scaler_log_scale           144019.1   144019.1     0.0000
    sigd                         6485.5     6485.5     0.0000
    simu                        15818.0    15818.0     0.0000

  geometry (weight: 0.2000)
  ────────────────────────────────────────────────────────────────
    Metric                       Before      After     Change
    angle                      -38444.1   -38260.9  +183.1953
    bond                       -28922.0   -28916.0    +6.0938
    chiral                    -423.5183  -422.6714    +0.8470
    nonbonded                  -85468.5   -85530.1   -61.6406
    planarity                  -19221.2   -19188.0   +33.1543
    torsion                     13490.1    13517.2   +27.1240

  other (weight: 1.0000)
  ────────────────────────────────────────────────────────────────
    Metric                       Before      After     Change
    xray                       158800.4   158262.4  -538.0000

  Group Totals
  ────────────────────────────────────────────────────────────────
    Group                        Before      After     Change
    adp                          3855.4     3855.4     0.0000
    geometry                   -31797.9   -31760.1   +37.7548
    xray                       158800.4   158262.4  -538.0000
────────────────────────────────────────────────────────────────────
  VDW rebuild: max drift 2.95 Å > threshold 1.00 Å

Building VDW (non-bonded) restraints...
  Symmetry expansion: 23 valid (symop, offset) combos
  Grid: [7, 7, 11], 449/539 cells occupied, max 1104 entries/cell
  Built 324278 VDW restraints, 23270 symmetry contacts

────────────────────────────────────────────────────────────────────
  ADP Refinement
────────────────────────────────────────────────────────────────────

  adp (weight: 0.0200)
  ────────────────────────────────────────────────────────────────
    Metric                       Before      After     Change
    locality                    18937.8    18993.9   +56.0938
    scaler_U                     7550.2     7550.2     0.0000
    scaler_log_scale           144019.1   144019.1     0.0000
    sigd                         6485.5     6345.6  -139.8599
    simu                        15818.0    15791.6   -26.4629

  geometry (weight: 0.2000)
  ────────────────────────────────────────────────────────────────
    Metric                       Before      After     Change
    angle                      -38260.9   -38260.9     0.0000
    bond                       -28916.0   -28916.0     0.0000
    chiral                    -422.6714  -422.6714     0.0000
    nonbonded                  -85530.1   -85530.1     0.0000
    planarity                  -19188.0   -19188.0     0.0000
    torsion                     13517.2    13517.2     0.0000

  other (weight: 1.0000)
  ────────────────────────────────────────────────────────────────
    Metric                       Before      After     Change
    xray                       158262.4   158247.4   -14.9688

  Group Totals
  ────────────────────────────────────────────────────────────────
    Group                        Before      After     Change
    adp                          3856.2     3854.0    -2.2046
    geometry                   -31760.1   -31760.1     0.0000
    xray                       158262.4   158247.4   -14.9688
────────────────────────────────────────────────────────────────────

============================================================
LBFGS Refinement - Cycle 6/10
============================================================
Refining scales with LBFGS...
Scale refinement complete. rwork: 0.3423, rfree: 0.3699

Final Scale Parameters: 
  c_iso: tensor([ 0.7094,  0.8736,  0.2254, -0.0917,  0.1051,  0.0065])
  U: tensor([ 4.1146e-01,  4.1968e-01,  4.0607e-01,  7.8975e-05, -3.5822e-03,
         3.6970e-03])
  solvent.log_k_solvent: -0.9061607718467712
  solvent.log_ss_half: -3.836582660675049
  solvent.log_n_exp: 2.9959716796875
  solvent.phase_offset: -0.017686501145362854
After scaling: Rwork=0.3423, Rfree=0.3699
  VDW rebuild: max drift 3.19 Å > threshold 1.00 Å

Building VDW (non-bonded) restraints...
  Symmetry expansion: 23 valid (symop, offset) combos
  Grid: [7, 7, 11], 449/539 cells occupied, max 1104 entries/cell
  Built 324278 VDW restraints, 23270 symmetry contacts

────────────────────────────────────────────────────────────────────
  XYZ Refinement
────────────────────────────────────────────────────────────────────

  adp (weight: 0.0200)
  ────────────────────────────────────────────────────────────────
    Metric                       Before      After     Change
    locality                    18993.9    18993.9     0.0000
    scaler_U                     7541.7     7541.7     0.0000
    scaler_log_scale           143103.5   143103.5     0.0000
    sigd                         6345.6     6345.6     0.0000
    simu                        15791.6    15791.6     0.0000

  geometry (weight: 0.2000)
  ────────────────────────────────────────────────────────────────
    Metric                       Before      After     Change
    angle                      -38260.9   -38444.8  -183.8477
    bond                       -28916.0   -28928.4   -12.4355
    chiral                    -422.6714  -421.6021    +1.0693
    nonbonded                  -85530.1   -85429.8  +100.3281
    planarity                  -19188.0   -19223.7   -35.6680
    torsion                     13517.2    13533.4   +16.2344

  other (weight: 1.0000)
  ────────────────────────────────────────────────────────────────
    Metric                       Before      After     Change
    xray                       158244.1   157856.7  -387.4375

  Group Totals
  ────────────────────────────────────────────────────────────────
    Group                        Before      After     Change
    adp                          3835.5     3835.5     0.0000
    geometry                   -31760.1   -31783.0   -22.8628
    xray                       158244.1   157856.7  -387.4375
────────────────────────────────────────────────────────────────────
  VDW rebuild: max drift 3.19 Å > threshold 1.00 Å

Building VDW (non-bonded) restraints...
  Symmetry expansion: 23 valid (symop, offset) combos
  Grid: [7, 7, 11], 449/539 cells occupied, max 1104 entries/cell
  Built 324278 VDW restraints, 23270 symmetry contacts

────────────────────────────────────────────────────────────────────
  ADP Refinement
────────────────────────────────────────────────────────────────────

  adp (weight: 0.0200)
  ────────────────────────────────────────────────────────────────
    Metric                       Before      After     Change
    locality                    18971.3    19267.6  +296.3340
    scaler_U                     7541.7     7541.7     0.0000
    scaler_log_scale           143103.5   143103.5     0.0000
    sigd                         6345.6     6235.7  -109.9131
    simu                        15791.6    15800.5    +8.9580

  geometry (weight: 0.2000)
  ────────────────────────────────────────────────────────────────
    Metric                       Before      After     Change
    angle                      -38444.8   -38444.8     0.0000
    bond                       -28928.4   -28928.4     0.0000
    chiral                    -421.6021  -421.6021     0.0000
    nonbonded                  -85429.8   -85429.8     0.0000
    planarity                  -19223.7   -19223.7     0.0000
    torsion                     13533.4    13533.4     0.0000

  other (weight: 1.0000)
  ────────────────────────────────────────────────────────────────
    Metric                       Before      After     Change
    xray                       157856.7   157836.3   -20.4375

  Group Totals
  ────────────────────────────────────────────────────────────────
    Group                        Before      After     Change
    adp                          3835.1     3839.0    +3.9076
    geometry                   -31783.0   -31783.0     0.0000
    xray                       157856.7   157836.3   -20.4375
────────────────────────────────────────────────────────────────────

============================================================
LBFGS Refinement - Cycle 7/10
============================================================
Refining scales with LBFGS...
Scale refinement complete. rwork: 0.3360, rfree: 0.3617

Final Scale Parameters: 
  c_iso: tensor([ 0.7089,  0.8737,  0.2242, -0.0932,  0.1058,  0.0058])
  U: tensor([ 4.1180e-01,  4.2022e-01,  4.0649e-01,  6.6693e-05, -3.4572e-03,
         3.3762e-03])
  solvent.log_k_solvent: -0.9057878255844116
  solvent.log_ss_half: -3.8408381938934326
  solvent.log_n_exp: 2.9959716796875
  solvent.phase_offset: -0.017960267141461372
After scaling: Rwork=0.3360, Rfree=0.3617
  VDW rebuild: max drift 3.38 Å > threshold 1.00 Å

Building VDW (non-bonded) restraints...
  Symmetry expansion: 23 valid (symop, offset) combos
  Grid: [7, 7, 11], 449/539 cells occupied, max 1104 entries/cell
  Built 324278 VDW restraints, 23270 symmetry contacts

────────────────────────────────────────────────────────────────────
  XYZ Refinement
────────────────────────────────────────────────────────────────────

  adp (weight: 0.0200)
  ────────────────────────────────────────────────────────────────
    Metric                       Before      After     Change
    locality                    19267.6    19267.6     0.0000
    scaler_U                     7557.5     7557.5     0.0000
    scaler_log_scale           142838.1   142838.1     0.0000
    sigd                         6235.7     6235.7     0.0000
    simu                        15800.5    15800.5     0.0000

  geometry (weight: 0.2000)
  ────────────────────────────────────────────────────────────────
    Metric                       Before      After     Change
    angle                      -38444.8   -38362.9   +81.8203
    bond                       -28928.4   -28943.2   -14.8281
    chiral                    -421.6021  -421.5723    +0.0298
    nonbonded                  -85429.8   -85468.7   -38.9062
    planarity                  -19223.7   -19212.7   +11.0352
    torsion                     13533.4    13554.3   +20.8975

  other (weight: 1.0000)
  ────────────────────────────────────────────────────────────────
    Metric                       Before      After     Change
    xray                       157829.1   157559.6  -269.4844

  Group Totals
  ────────────────────────────────────────────────────────────────
    Group                        Before      After     Change
    adp                          3834.0     3834.0     0.0000
    geometry                   -31783.0   -31771.0   +12.0096
    xray                       157829.1   157559.6  -269.4844
────────────────────────────────────────────────────────────────────
  VDW rebuild: max drift 3.38 Å > threshold 1.00 Å

Building VDW (non-bonded) restraints...
  Symmetry expansion: 23 valid (symop, offset) combos
  Grid: [7, 7, 11], 449/539 cells occupied, max 1104 entries/cell
  Built 324278 VDW restraints, 23270 symmetry contacts

────────────────────────────────────────────────────────────────────
  ADP Refinement
────────────────────────────────────────────────────────────────────

  adp (weight: 0.0200)
  ────────────────────────────────────────────────────────────────
    Metric                       Before      After     Change
    locality                    19292.2    18748.9  -543.3105
    scaler_U                     7557.5     7557.5     0.0000
    scaler_log_scale           142838.1   142838.1     0.0000
    sigd                         6235.7     6144.6   -91.1226
    simu                        15800.5    15706.9   -93.6348

  geometry (weight: 0.2000)
  ────────────────────────────────────────────────────────────────
    Metric                       Before      After     Change
    angle                      -38362.9   -38362.9     0.0000
    bond                       -28943.2   -28943.2     0.0000
    chiral                    -421.5723  -421.5723     0.0000
    nonbonded                  -85468.7   -85468.7     0.0000
    planarity                  -19212.7   -19212.7     0.0000
    torsion                     13554.3    13554.3     0.0000

  other (weight: 1.0000)
  ────────────────────────────────────────────────────────────────
    Metric                       Before      After     Change
    xray                       157559.6   157578.3   +18.6250

  Group Totals
  ────────────────────────────────────────────────────────────────
    Group                        Before      After     Change
    adp                          3834.5     3819.9   -14.5614
    geometry                   -31771.0   -31771.0     0.0000
    xray                       157559.6   157578.3   +18.6250
────────────────────────────────────────────────────────────────────

============================================================
LBFGS Refinement - Cycle 8/10
============================================================
Refining scales with LBFGS...
Scale refinement complete. rwork: 0.3305, rfree: 0.3550

Final Scale Parameters: 
  c_iso: tensor([ 0.7083,  0.8727,  0.2235, -0.0943,  0.1067,  0.0051])
  U: tensor([ 4.1227e-01,  4.2091e-01,  4.0702e-01, -1.2134e-05, -3.2077e-03,
         3.1603e-03])
  solvent.log_k_solvent: -0.9078915119171143
  solvent.log_ss_half: -3.8429903984069824
  solvent.log_n_exp: 2.9959716796875
  solvent.phase_offset: -0.014916405081748962
After scaling: Rwork=0.3305, Rfree=0.3550
  VDW rebuild: max drift 3.59 Å > threshold 1.00 Å

Building VDW (non-bonded) restraints...
  Symmetry expansion: 23 valid (symop, offset) combos
  Grid: [7, 7, 11], 449/539 cells occupied, max 1104 entries/cell
  Built 324278 VDW restraints, 23270 symmetry contacts

────────────────────────────────────────────────────────────────────
  XYZ Refinement
────────────────────────────────────────────────────────────────────

  adp (weight: 0.0200)
  ────────────────────────────────────────────────────────────────
    Metric                       Before      After     Change
    locality                    18748.9    18748.9     0.0000
    scaler_U                     7578.2     7578.2     0.0000
    scaler_log_scale           142341.0   142341.0     0.0000
    sigd                         6144.6     6144.6     0.0000
    simu                        15706.9    15706.9     0.0000

  geometry (weight: 0.2000)
  ────────────────────────────────────────────────────────────────
    Metric                       Before      After     Change
    angle                      -38362.9   -38402.8   -39.8594
    bond                       -28943.2   -28853.4   +89.8027
    chiral                    -421.5723  -421.2968    +0.2754
    nonbonded                  -85468.7   -85423.7   +45.0312
    planarity                  -19212.7   -19220.2    -7.5645
    torsion                     13554.3    13577.6   +23.2891

  other (weight: 1.0000)
  ────────────────────────────────────────────────────────────────
    Metric                       Before      After     Change
    xray                       157581.1   157235.3  -345.8125

  Group Totals
  ────────────────────────────────────────────────────────────────
    Group                        Before      After     Change
    adp                          3810.4     3810.4     0.0000
    geometry                   -31771.0   -31748.8   +22.1942
    xray                       157581.1   157235.3  -345.8125
────────────────────────────────────────────────────────────────────
  VDW rebuild: max drift 3.59 Å > threshold 1.00 Å

Building VDW (non-bonded) restraints...
  Symmetry expansion: 23 valid (symop, offset) combos
  Grid: [7, 7, 11], 449/539 cells occupied, max 1104 entries/cell
  Built 324278 VDW restraints, 23270 symmetry contacts

────────────────────────────────────────────────────────────────────
  ADP Refinement
────────────────────────────────────────────────────────────────────

  adp (weight: 0.0200)
  ────────────────────────────────────────────────────────────────
    Metric                       Before      After     Change
    locality                    18740.4    19019.4  +278.9629
    scaler_U                     7578.2     7578.2     0.0000
    scaler_log_scale           142341.0   142341.0     0.0000
    sigd                         6144.6     6014.4  -130.1851
    simu                        15706.9    15698.1    -8.7656

  geometry (weight: 0.2000)
  ────────────────────────────────────────────────────────────────
    Metric                       Before      After     Change
    angle                      -38402.8   -38402.8     0.0000
    bond                       -28853.4   -28853.4     0.0000
    chiral                    -421.2968  -421.2968     0.0000
    nonbonded                  -85423.7   -85423.7     0.0000
    planarity                  -19220.2   -19220.2     0.0000
    torsion                     13577.6    13577.6     0.0000

  other (weight: 1.0000)
  ────────────────────────────────────────────────────────────────
    Metric                       Before      After     Change
    xray                       157235.3   157229.9    -5.4062

  Group Totals
  ────────────────────────────────────────────────────────────────
    Group                        Before      After     Change
    adp                          3810.2     3813.0    +2.8003
    geometry                   -31748.8   -31748.8     0.0000
    xray                       157235.3   157229.9    -5.4062
────────────────────────────────────────────────────────────────────

============================================================
LBFGS Refinement - Cycle 9/10
============================================================
Refining scales with LBFGS...
Scale refinement complete. rwork: 0.3253, rfree: 0.3505

Final Scale Parameters: 
  c_iso: tensor([ 0.7075,  0.8716,  0.2226, -0.0953,  0.1080,  0.0034])
  U: tensor([ 4.1328e-01,  4.2274e-01,  4.0839e-01, -1.6953e-04, -2.6844e-03,
         2.7480e-03])
  solvent.log_k_solvent: -0.9100378155708313
  solvent.log_ss_half: -3.8483173847198486
  solvent.log_n_exp: 2.9959716796875
  solvent.phase_offset: -0.009493647143244743
After scaling: Rwork=0.3253, Rfree=0.3505
  VDW rebuild: max drift 3.61 Å > threshold 1.00 Å

Building VDW (non-bonded) restraints...
  Symmetry expansion: 23 valid (symop, offset) combos
  Grid: [7, 7, 11], 449/539 cells occupied, max 1104 entries/cell
  Built 324278 VDW restraints, 23270 symmetry contacts

────────────────────────────────────────────────────────────────────
  XYZ Refinement
────────────────────────────────────────────────────────────────────

  adp (weight: 0.0200)
  ────────────────────────────────────────────────────────────────
    Metric                       Before      After     Change
    locality                    19019.4    19019.4     0.0000
    scaler_U                     7629.6     7629.6     0.0000
    scaler_log_scale           141771.7   141771.7     0.0000
    sigd                         6014.4     6014.4     0.0000
    simu                        15698.1    15698.1     0.0000

  geometry (weight: 0.2000)
  ────────────────────────────────────────────────────────────────
    Metric                       Before      After     Change
    angle                      -38402.8   -38447.6   -44.8359
    bond                       -28853.4   -28958.5  -105.0801
    chiral                    -421.2968  -422.0341    -0.7372
    nonbonded                  -85423.7   -85438.3   -14.6484
    planarity                  -19220.2   -19235.0   -14.7871
    torsion                     13577.6    13580.8    +3.2021

  other (weight: 1.0000)
  ────────────────────────────────────────────────────────────────
    Metric                       Before      After     Change
    xray                       157237.7   157061.4  -176.2969

  Group Totals
  ────────────────────────────────────────────────────────────────
    Group                        Before      After     Change
    adp                          3802.7     3802.7     0.0000
    geometry                   -31748.8   -31784.1   -35.3767
    xray                       157237.7   157061.4  -176.2969
────────────────────────────────────────────────────────────────────
  VDW rebuild: max drift 3.61 Å > threshold 1.00 Å

Building VDW (non-bonded) restraints...
  Symmetry expansion: 23 valid (symop, offset) combos
  Grid: [7, 7, 11], 449/539 cells occupied, max 1104 entries/cell
  Built 324278 VDW restraints, 23270 symmetry contacts

────────────────────────────────────────────────────────────────────
  ADP Refinement
────────────────────────────────────────────────────────────────────

  adp (weight: 0.0200)
  ────────────────────────────────────────────────────────────────
    Metric                       Before      After     Change
    locality                    19040.2    18998.8   -41.3750
    scaler_U                     7629.6     7629.6     0.0000
    scaler_log_scale           141771.7   141771.7     0.0000
    sigd                         6014.4     5977.5   -36.9414
    simu                        15698.1    15652.1   -46.0332

  geometry (weight: 0.2000)
  ────────────────────────────────────────────────────────────────
    Metric                       Before      After     Change
    angle                      -38447.6   -38447.6     0.0000
    bond                       -28958.5   -28958.5     0.0000
    chiral                    -422.0341  -422.0341     0.0000
    nonbonded                  -85438.3   -85438.3     0.0000
    planarity                  -19235.0   -19235.0     0.0000
    torsion                     13580.8    13580.8     0.0000

  other (weight: 1.0000)
  ────────────────────────────────────────────────────────────────
    Metric                       Before      After     Change
    xray                       157061.4   157068.8    +7.4531

  Group Totals
  ────────────────────────────────────────────────────────────────
    Group                        Before      After     Change
    adp                          3803.1     3800.6    -2.4870
    geometry                   -31784.1   -31784.1     0.0000
    xray                       157061.4   157068.8    +7.4531
────────────────────────────────────────────────────────────────────

============================================================
LBFGS Refinement - Cycle 10/10
============================================================
Refining scales with LBFGS...
Scale refinement complete. rwork: 0.3227, rfree: 0.3490

Final Scale Parameters: 
  c_iso: tensor([ 0.7069,  0.8711,  0.2231, -0.0958,  0.1096,  0.0029])
  U: tensor([ 4.1387e-01,  4.2312e-01,  4.0924e-01,  1.0070e-04, -2.6278e-03,
         2.8110e-03])
  solvent.log_k_solvent: -0.9101524949073792
  solvent.log_ss_half: -3.8502471446990967
  solvent.log_n_exp: 2.9959716796875
  solvent.phase_offset: -0.015050731599330902
After scaling: Rwork=0.3227, Rfree=0.3490
  VDW rebuild: max drift 3.67 Å > threshold 1.00 Å

Building VDW (non-bonded) restraints...
  Symmetry expansion: 23 valid (symop, offset) combos
  Grid: [7, 7, 11], 449/539 cells occupied, max 1104 entries/cell
  Built 324278 VDW restraints, 23270 symmetry contacts

────────────────────────────────────────────────────────────────────
  XYZ Refinement
────────────────────────────────────────────────────────────────────

  adp (weight: 0.0200)
  ────────────────────────────────────────────────────────────────
    Metric                       Before      After     Change
    locality                    18998.8    18998.8     0.0000
    scaler_U                     7652.2     7652.2     0.0000
    scaler_log_scale           141572.8   141572.8     0.0000
    sigd                         5977.5     5977.5     0.0000
    simu                        15652.1    15652.1     0.0000

  geometry (weight: 0.2000)
  ────────────────────────────────────────────────────────────────
    Metric                       Before      After     Change
    angle                      -38447.6   -38427.4   +20.2656
    bond                       -28958.5   -28911.5   +47.0039
    chiral                    -422.0341  -421.2885    +0.7455
    nonbonded                  -85438.3   -85421.6   +16.7188
    planarity                  -19235.0   -19214.5   +20.4941
    torsion                     13580.8    13601.9   +21.1357

  other (weight: 1.0000)
  ────────────────────────────────────────────────────────────────
    Metric                       Before      After     Change
    xray                       157076.6   156839.4  -237.1406

  Group Totals
  ────────────────────────────────────────────────────────────────
    Group                        Before      After     Change
    adp                          3797.1     3797.1     0.0000
    geometry                   -31784.1   -31758.9   +25.2719
    xray                       157076.6   156839.4  -237.1406
────────────────────────────────────────────────────────────────────
  VDW rebuild: max drift 3.67 Å > threshold 1.00 Å

Building VDW (non-bonded) restraints...
  Symmetry expansion: 23 valid (symop, offset) combos
  Grid: [7, 7, 11], 449/539 cells occupied, max 1104 entries/cell
  Built 324278 VDW restraints, 23270 symmetry contacts

────────────────────────────────────────────────────────────────────
  ADP Refinement
────────────────────────────────────────────────────────────────────

  adp (weight: 0.0200)
  ────────────────────────────────────────────────────────────────
    Metric                       Before      After     Change
    locality                    19001.5    19031.1   +29.6191
    scaler_U                     7652.2     7652.2     0.0000
    scaler_log_scale           141572.8   141572.8     0.0000
    sigd                         5977.5     5915.9   -61.5928
    simu                        15652.1    15640.8   -11.3076

  geometry (weight: 0.2000)
  ────────────────────────────────────────────────────────────────
    Metric                       Before      After     Change
    angle                      -38427.4   -38427.4     0.0000
    bond                       -28911.5   -28911.5     0.0000
    chiral                    -421.2885  -421.2885     0.0000
    nonbonded                  -85421.6   -85421.6     0.0000
    planarity                  -19214.5   -19214.5     0.0000
    torsion                     13601.9    13601.9     0.0000

  other (weight: 1.0000)
  ────────────────────────────────────────────────────────────────
    Metric                       Before      After     Change
    xray                       156839.4   156842.0    +2.5938

  Group Totals
  ────────────────────────────────────────────────────────────────
    Group                        Before      After     Change
    adp                          3797.1     3796.3    -0.8656
    geometry                   -31758.9   -31758.9     0.0000
    xray                       156839.4   156842.0    +2.5938
────────────────────────────────────────────────────────────────────
Calculating initial scale factors using 10 bins.
Refining scales with LBFGS...
Scale refinement complete. rwork: 0.3196, rfree: 0.3515

Final Scale Parameters: 
  c_iso: tensor([ 0.7134,  0.8784,  0.2249, -0.0953,  0.1110,  0.0024])
  U: tensor([ 4.1762e-01,  4.2679e-01,  4.1302e-01,  3.5405e-04, -2.2582e-03,
         2.7849e-03])
  solvent.log_k_solvent: -0.9092955589294434
  solvent.log_ss_half: -3.8646419048309326
  solvent.log_n_exp: 2.6816487312316895
  solvent.phase_offset: -0.014016345143318176

Refinement completed successfully.

Saving results to /das/work/units/LBR-FEL/p17490/Peter/Library/work_trees_torchref/alignement/alignment_lab/benchmarks/af_mr/runs/dmin3.0/2XN4/refine_phaser_mr...
  Refined structure (PDB): /das/work/units/LBR-FEL/p17490/Peter/Library/work_trees_torchref/alignement/alignment_lab/benchmarks/af_mr/runs/dmin3.0/2XN4/refine_phaser_mr/refined.pdb
  Refined structure (mmCIF): /das/work/units/LBR-FEL/p17490/Peter/Library/work_trees_torchref/alignement/alignment_lab/benchmarks/af_mr/runs/dmin3.0/2XN4/refine_phaser_mr/refined.cif
Added map coefficients:
  2Fo-Fc: FWT, PHWT
  Fo-Fc: DELFWT, PHDELWT
  Resolution range: 1.99 - 19.80 Å
✓ Wrote MTZ file: /das/work/units/LBR-FEL/p17490/Peter/Library/work_trees_torchref/alignement/alignment_lab/benchmarks/af_mr/runs/dmin3.0/2XN4/refine_phaser_mr/refined.mtz
  Reflections: 29562
  Columns: H, K, L, F-obs, SIGF-obs, R-free-flags, FWT, PHWT, DELFWT, PHDELWT, F-model, PH-model
  Refined structure factors: /das/work/units/LBR-FEL/p17490/Peter/Library/work_trees_torchref/alignement/alignment_lab/benchmarks/af_mr/runs/dmin3.0/2XN4/refine_phaser_mr/refined.mtz
  Refinement history: /das/work/units/LBR-FEL/p17490/Peter/Library/work_trees_torchref/alignement/alignment_lab/benchmarks/af_mr/runs/dmin3.0/2XN4/refine_phaser_mr/refinement_history.json

================================================================================
Refinement Summary
================================================================================
R-work:  0.3196 (27738 reflections)
R-free:  0.3515 (558 reflections)
NLL work: 156851.69
NLL test: 3197.01
================================================================================

Output files:
  - /das/work/units/LBR-FEL/p17490/Peter/Library/work_trees_torchref/alignement/alignment_lab/benchmarks/af_mr/runs/dmin3.0/2XN4/refine_phaser_mr/refined.pdb
  - /das/work/units/LBR-FEL/p17490/Peter/Library/work_trees_torchref/alignement/alignment_lab/benchmarks/af_mr/runs/dmin3.0/2XN4/refine_phaser_mr/refined.cif
  - /das/work/units/LBR-FEL/p17490/Peter/Library/work_trees_torchref/alignement/alignment_lab/benchmarks/af_mr/runs/dmin3.0/2XN4/refine_phaser_mr/refined.mtz
  - /das/work/units/LBR-FEL/p17490/Peter/Library/work_trees_torchref/alignement/alignment_lab/benchmarks/af_mr/runs/dmin3.0/2XN4/refine_phaser_mr/refinement_history.json

Refinement completed successfully!

Timing: 460.8s wall, 1404.6s CPU
