/das/work/units/LBR-FEL/p17490/Peter/Library/work_trees_torchref/alignement/torchref/cli/refine.py:21: UserWarning: TorchRef using user-specified 8 threads from TORCHREF_NUM_THREADS.
  from torchref.cli._common import (
================================================================================
TorchRef LBFGS Refinement
================================================================================
Model:             /das/work/units/LBR-FEL/p17490/Peter/Library/work_trees_torchref/alignement/alignment_lab/benchmarks/af_mr/runs/dmin4.0/3QNM/torchref_placed.pdb
Structure factor:  /das/work/units/LBR-FEL/p17490/Peter/Library/work_trees_torchref/dev/paper/data/3QNM/3QNM.mtz
Output directory:  /das/work/units/LBR-FEL/p17490/Peter/Library/work_trees_torchref/alignement/alignment_lab/benchmarks/af_mr/runs/dmin4.0/3QNM/refine_torchref_mr
Refinement mode:   separate
X-ray target:      ml
Refinement cycles: 10
Rigid-body step:   on (iterations/cutoff = 30)
Device:            auto
ADP mode:          isotropic
Wavelength:        1 A
Manual weights:    {"adp": 0.02}
================================================================================

Initializing refinement...
FrenchWilson initialized:
  Reflections: 29690
  Resolution: 1.70 - 42.85 Å
  Space group: SpaceGroup('P212121', number=19, n_ops=4)
  Centric: 3486 (11.7%)
found non-finite F values (NaN/Inf):  0
found non-finite F_sigma values (NaN/Inf):  0
Wilson outlier rejection: 0/27157 (0.0000%) of tested reflections flagged (0 too strong, 0 too weak)
Loaded 1861 atoms
Building restraints...
Found 109 link definitions

Building VDW (non-bonded) restraints...
  Symmetry expansion: 17 valid (symop, offset) combos
  Grid: [7, 8, 20], 856/1120 cells occupied, max 207 entries/cell
  Built 31570 VDW restraints, 836 symmetry contacts
  Hydrogen topology: 1776 riding H atoms
  H candidate pairs: 71461 (17084 H-H, 54377 H-heavy, 1717 symmetry)
================================================================================
Restraints Summary
================================================================================
CIF file: None
Residue types in dictionary: 18

INTRA-RESIDUE RESTRAINTS:
--------------------------------------------------------------------------------
  Bonds: 1695
  Angles: 1922
  Torsions: 480
  Planes: 392
  Chirals: 263

INTER-RESIDUE RESTRAINTS:
--------------------------------------------------------------------------------
  Peptide bonds: 216
  Peptide angles: 655
  Disulfide bonds: 0
  Disulfide angles: 0
  Disulfide torsions: 0
  LINK bonds: 0

BACKBONE TORSIONS:
--------------------------------------------------------------------------------
  Phi: 216
  Psi: 216
  Omega: 216
  Ramachandran: 211

VDW RESTRAINTS:
--------------------------------------------------------------------------------
  Non-bonded contacts: 31570 (30734 intra-ASU, 836 symmetry)
================================================================================
Generated 1776 hydrogens
ADP representation: isotropic, 3637 parameters, 8.0 work reflections each
Initialized ScalerBase with 10 bins.
Building restraints...

Building VDW (non-bonded) restraints...
  Symmetry expansion: 17 valid (symop, offset) combos
  Grid: [7, 8, 20], 902/1120 cells occupied, max 342 entries/cell
  Built 127040 VDW restraints, 3970 symmetry contacts
================================================================================
Restraints Summary
================================================================================
CIF file: None
Residue types in dictionary: 18

INTRA-RESIDUE RESTRAINTS:
--------------------------------------------------------------------------------
  Bonds: 3471
  Angles: 5724
  Torsions: 690
  Planes: 647
  Chirals: 263

INTER-RESIDUE RESTRAINTS:
--------------------------------------------------------------------------------
  Peptide bonds: 216
  Peptide angles: 864
  Disulfide bonds: 0
  Disulfide angles: 0
  Disulfide torsions: 0
  LINK bonds: 0

BACKBONE TORSIONS:
--------------------------------------------------------------------------------
  Phi: 216
  Psi: 216
  Omega: 216
  Ramachandran: 211

VDW RESTRAINTS:
--------------------------------------------------------------------------------
  Non-bonded contacts: 127040 (123070 intra-ASU, 3970 symmetry)
================================================================================
Initializing TotalGeometryTarget with component targets...
Initializing TotalADPTarget with component targets: simu, locality, sigd
Parametrization built for 4 unique atom types
SfFFT: Using late symmetry (reciprocal space)
