/das/work/units/LBR-FEL/p17490/Peter/Library/work_trees_torchref/alignement/torchref/cli/refine.py:21: UserWarning: TorchRef using user-specified 8 threads from TORCHREF_NUM_THREADS.
  from torchref.cli._common import (
================================================================================
TorchRef LBFGS Refinement
================================================================================
Model:             /das/work/units/LBR-FEL/p17490/Peter/Library/work_trees_torchref/dev/paper/figure2_alphafold_start/placed/3QNM_af.pdb
Structure factor:  /das/work/units/LBR-FEL/p17490/Peter/Library/work_trees_torchref/dev/paper/data/3QNM/3QNM.mtz
Output directory:  /das/work/units/LBR-FEL/p17490/Peter/Library/work_trees_torchref/alignement/alignment_lab/benchmarks/af_mr/runs/dmin4.0/3QNM/refine_phaser_mr
Refinement mode:   separate
X-ray target:      ml
Refinement cycles: 10
Rigid-body step:   on (iterations/cutoff = 30)
Device:            auto
ADP mode:          isotropic
Wavelength:        1 A
Manual weights:    {"adp": 0.02}
================================================================================

Initializing refinement...
FrenchWilson initialized:
  Reflections: 29690
  Resolution: 1.70 - 42.85 Å
  Space group: SpaceGroup('P212121', number=19, n_ops=4)
  Centric: 3486 (11.7%)
found non-finite F values (NaN/Inf):  0
found non-finite F_sigma values (NaN/Inf):  0
Wilson outlier rejection: 0/27157 (0.0000%) of tested reflections flagged (0 too strong, 0 too weak)
Loaded 1861 atoms
Building restraints...
Found 109 link definitions

Building VDW (non-bonded) restraints...
  Symmetry expansion: 19 valid (symop, offset) combos
  Grid: [7, 8, 20], 848/1120 cells occupied, max 180 entries/cell
  Built 32794 VDW restraints, 2048 symmetry contacts
  Hydrogen topology: 1776 riding H atoms
  H candidate pairs: 75474 (18502 H-H, 56972 H-heavy, 4415 symmetry)
================================================================================
Restraints Summary
================================================================================
CIF file: None
Residue types in dictionary: 18

INTRA-RESIDUE RESTRAINTS:
--------------------------------------------------------------------------------
  Bonds: 1695
  Angles: 1922
  Torsions: 480
  Planes: 390
  Chirals: 263

INTER-RESIDUE RESTRAINTS:
--------------------------------------------------------------------------------
  Peptide bonds: 214
  Peptide angles: 649
  Disulfide bonds: 0
  Disulfide angles: 0
  Disulfide torsions: 0
  LINK bonds: 0

BACKBONE TORSIONS:
--------------------------------------------------------------------------------
  Phi: 214
  Psi: 214
  Omega: 214
  Ramachandran: 207

VDW RESTRAINTS:
--------------------------------------------------------------------------------
  Non-bonded contacts: 32794 (30746 intra-ASU, 2048 symmetry)
================================================================================
Generated 1778 hydrogens
ADP representation: isotropic, 3639 parameters, 8.0 work reflections each
Initialized ScalerBase with 10 bins.
Building restraints...

Building VDW (non-bonded) restraints...
  Symmetry expansion: 19 valid (symop, offset) combos
  Grid: [7, 8, 20], 906/1120 cells occupied, max 324 entries/cell
  Built 132793 VDW restraints, 9498 symmetry contacts
================================================================================
Restraints Summary
================================================================================
CIF file: None
Residue types in dictionary: 18

INTRA-RESIDUE RESTRAINTS:
--------------------------------------------------------------------------------
  Bonds: 3473
  Angles: 5728
  Torsions: 692
  Planes: 643
  Chirals: 263

INTER-RESIDUE RESTRAINTS:
--------------------------------------------------------------------------------
  Peptide bonds: 214
  Peptide angles: 856
  Disulfide bonds: 0
  Disulfide angles: 0
  Disulfide torsions: 0
  LINK bonds: 0

BACKBONE TORSIONS:
--------------------------------------------------------------------------------
  Phi: 214
  Psi: 214
  Omega: 214
  Ramachandran: 207

VDW RESTRAINTS:
--------------------------------------------------------------------------------
  Non-bonded contacts: 132793 (123295 intra-ASU, 9498 symmetry)
================================================================================
Initializing TotalGeometryTarget with component targets...
Initializing TotalADPTarget with component targets: simu, locality, sigd
Parametrization built for 4 unique atom types
SfFFT: Using late symmetry (reciprocal space)
Calculating initial scale factors using 10 bins.
Refining scales with LBFGS...
Scale refinement complete. rwork: 0.3529, rfree: 0.3491

Final Scale Parameters: 
  c_iso: tensor([ 0.7342,  1.6434,  0.5366, -0.1353,  0.0975, -0.0389])
  U: tensor([ 0.4698,  0.5249,  0.4881, -0.0071, -0.0088,  0.0007])
  solvent.log_k_solvent: -0.9006526470184326
  solvent.log_ss_half: -3.9236810207366943
  solvent.log_n_exp: 1.37433922290802
  solvent.phase_offset: 0.058473434299230576
Initialized targets with xray_mode='ml'
Applied manual group weights: {'xray': 1.0, 'geometry': 0.2, 'geometry/ramachandran': 0.0, 'adp': 0.02, 'adp/sigd': 1.0, 'adp/node_load': 10.0, 'adp/node_smoothness': 0.0}
Refinement initialized successfully.

Starting refinement with 10 macro cycles...

Rigid-body step enabled: one multi-resolution rigid-body pass will run once at the start of refinement.


--- Rigid-body step (once, at start) ---
Switched to rigid-body parametrization: RigidXYZTensor(n_atoms=3639, n_chains=2) (2 chain(s))
Filtering: 794/29690 reflections in range [inf - 6.0] Å (794 valid after all masks)
  Note: Adjusted bins from 10 to 7 (min 100 refl/bin)
Initialized ScalerBase with 7 bins.
Calculating initial scale factors using 7 bins.
Calculating initial scale factors using 7 bins.
Refining scales with LBFGS...
Scale refinement complete. rwork: 0.3135, rfree: 0.2640

Final Scale Parameters: 
  c_iso: tensor([-0.5763, -0.0723, -0.5753,  0.2251,  0.5664,  0.4852])
  U: tensor([ 5.9339e-01,  7.9828e-01,  4.8999e-01, -4.1802e-01,  6.8354e-02,
         3.8061e-04])
  solvent.log_k_solvent: -0.9445261359214783
  solvent.log_ss_half: -3.6185214519500732
  solvent.log_n_exp: 1.9661105871200562
  solvent.phase_offset: 0.10686234384775162
  rigid-body d_min=6.00 (lbfgs, iters=30): Rwork=0.3132 Rfree=0.2694
Filtering: 4849/29690 reflections in range [inf - 3.193755798931792] Å (4849 valid after all masks)
Initialized ScalerBase with 10 bins.
Calculating initial scale factors using 10 bins.
Calculating initial scale factors using 10 bins.
Refining scales with LBFGS...
Scale refinement complete. rwork: 0.3029, rfree: 0.3126

Final Scale Parameters: 
  c_iso: tensor([-0.0510,  0.5490, -0.7776, -0.1368,  0.2296,  0.3418])
  U: tensor([ 0.8364,  0.8922,  0.8039, -0.0649, -0.0263,  0.0275])
  solvent.log_k_solvent: -1.0436174869537354
  solvent.log_ss_half: -4.1163330078125
  solvent.log_n_exp: 1.1487278938293457
  solvent.phase_offset: -0.050958890467882156
  rigid-body d_min=3.19 (lbfgs, iters=30): Rwork=0.3187 Rfree=0.3514
Filtering: 29690/29690 reflections in range [inf - 1.7000126838684082] Å (29690 valid after all masks)
Initialized ScalerBase with 10 bins.
Calculating initial scale factors using 10 bins.
Calculating initial scale factors using 10 bins.
Refining scales with LBFGS...
Scale refinement complete. rwork: 0.3532, rfree: 0.3499

Final Scale Parameters: 
  c_iso: tensor([ 0.6757,  1.5556,  0.5242, -0.1415,  0.1003, -0.0414])
  U: tensor([ 4.4511e-01,  5.0158e-01,  4.6570e-01, -5.9244e-03, -8.6889e-03,
         6.7727e-05])
  solvent.log_k_solvent: -0.8979038000106812
  solvent.log_ss_half: -3.9052581787109375
  solvent.log_n_exp: 1.4000474214553833
  solvent.phase_offset: 0.05528392642736435
  rigid-body d_min=1.70 (lbfgs, iters=30): Rwork=0.3549 Rfree=0.3545
Initialized ScalerBase with 10 bins.
Calculating initial scale factors using 10 bins.
Calculating initial scale factors using 10 bins.
Refining scales with LBFGS...
Scale refinement complete. rwork: 0.3522, rfree: 0.3489

Final Scale Parameters: 
  c_iso: tensor([ 0.6861,  1.5823,  0.5214, -0.1351,  0.0975, -0.0381])
  U: tensor([ 4.5065e-01,  5.0724e-01,  4.7044e-01, -6.7687e-03, -8.4272e-03,
        -2.8520e-04])
  solvent.log_k_solvent: -0.8989309668540955
  solvent.log_ss_half: -3.912747621536255
  solvent.log_n_exp: 1.4399200677871704
  solvent.phase_offset: 0.058551546186208725
Initialized ScalerBase with 10 bins.
Calculating initial scale factors using 10 bins.
Calculating initial scale factors using 10 bins.
Refining scales with LBFGS...
Scale refinement complete. rwork: 0.3522, rfree: 0.3489

Final Scale Parameters: 
  c_iso: tensor([ 0.7093,  1.6144,  0.5278, -0.1337,  0.0972, -0.0375])
  U: tensor([ 4.5958e-01,  5.1626e-01,  4.7936e-01, -6.8340e-03, -8.4082e-03,
        -2.5440e-04])
  solvent.log_k_solvent: -0.9004422426223755
  solvent.log_ss_half: -3.91819429397583
  solvent.log_n_exp: 1.4271354675292969
  solvent.phase_offset: 0.058873843401670456

============================================================
LBFGS Refinement - Cycle 1/10
============================================================
Refining scales with LBFGS...
Scale refinement complete. rwork: 0.3522, rfree: 0.3489

Final Scale Parameters: 
  c_iso: tensor([ 0.7335,  1.6477,  0.5344, -0.1326,  0.0969, -0.0371])
  U: tensor([ 4.6891e-01,  5.2556e-01,  4.8878e-01, -6.7651e-03, -8.3940e-03,
        -3.1178e-04])
  solvent.log_k_solvent: -0.9022101163864136
  solvent.log_ss_half: -3.9241764545440674
  solvent.log_n_exp: 1.4096416234970093
  solvent.phase_offset: 0.059267450124025345
After scaling: Rwork=0.3522, Rfree=0.3489
  VDW rebuild: max drift 1.95 Å > threshold 1.00 Å

Building VDW (non-bonded) restraints...
  Symmetry expansion: 19 valid (symop, offset) combos
  Grid: [7, 8, 20], 906/1120 cells occupied, max 324 entries/cell
  Built 132793 VDW restraints, 9498 symmetry contacts

────────────────────────────────────────────────────────────────────
  XYZ Refinement
────────────────────────────────────────────────────────────────────

  adp (weight: 0.0200)
  ────────────────────────────────────────────────────────────────
    Metric                       Before      After     Change
    locality                   266.0206   266.0206     0.0000
    scaler_U                    10886.5    10886.5     0.0000
    scaler_log_scale           312526.4   312526.4     0.0000
    sigd                         2348.8     2348.8     0.0000
    simu                         5963.5     5963.5     0.0000

  geometry (weight: 0.2000)
  ────────────────────────────────────────────────────────────────
    Metric                       Before      After     Change
    angle                      -14836.2   -15645.1  -808.9336
    bond                       -11154.1   -12089.7  -935.5576
    chiral                    -146.0766  -163.8929   -17.8163
    nonbonded                  -23015.0   -34294.5   -11279.5
    planarity                   -7579.2    -7970.5  -391.3154
    torsion                      5335.8     5364.5   +28.6401

  other (weight: 1.0000)
  ────────────────────────────────────────────────────────────────
    Metric                       Before      After     Change
    xray                       134096.0   131622.0    -2474.0

  Group Totals
  ────────────────────────────────────────────────────────────────
    Group                        Before      After     Change
    adp                          6639.8     6639.8     0.0000
    geometry                   -10278.9   -12959.9    -2680.9
    xray                       134096.0   131622.0    -2474.0
────────────────────────────────────────────────────────────────────
  VDW rebuild: max drift 1.95 Å > threshold 1.00 Å

Building VDW (non-bonded) restraints...
  Symmetry expansion: 19 valid (symop, offset) combos
  Grid: [7, 8, 20], 906/1120 cells occupied, max 324 entries/cell
  Built 132793 VDW restraints, 9498 symmetry contacts

────────────────────────────────────────────────────────────────────
  ADP Refinement
────────────────────────────────────────────────────────────────────

  adp (weight: 0.0200)
  ────────────────────────────────────────────────────────────────
    Metric                       Before      After     Change
    locality                   270.3195     9032.3    +8762.0
    scaler_U                    10886.5    10886.5     0.0000
    scaler_log_scale           312526.4   312526.4     0.0000
    sigd                         2348.8     2387.7   +38.9587
    simu                         5963.5    10311.0    +4347.5

  geometry (weight: 0.2000)
  ────────────────────────────────────────────────────────────────
    Metric                       Before      After     Change
    angle                      -15645.1   -15645.1     0.0000
    bond                       -12089.7   -12089.7     0.0000
    chiral                    -163.8929  -163.8929     0.0000
    nonbonded                  -34294.5   -34294.5     0.0000
    planarity                   -7970.5    -7970.5     0.0000
    torsion                      5364.5     5364.5     0.0000

  other (weight: 1.0000)
  ────────────────────────────────────────────────────────────────
    Metric                       Before      After     Change
    xray                       131622.0   128776.6    -2845.4

  Group Totals
  ────────────────────────────────────────────────────────────────
    Group                        Before      After     Change
    adp                          6639.9     6902.9  +262.9686
    geometry                   -12959.9   -12959.9     0.0000
    xray                       131622.0   128776.6    -2845.4
────────────────────────────────────────────────────────────────────

============================================================
LBFGS Refinement - Cycle 2/10
============================================================
Refining scales with LBFGS...
Scale refinement complete. rwork: 0.2889, rfree: 0.3030

Final Scale Parameters: 
  c_iso: tensor([ 0.3012,  1.0730,  0.3767, -0.1652,  0.1026, -0.0538])
  U: tensor([ 0.3009,  0.3565,  0.3236,  0.0009, -0.0096, -0.0088])
  solvent.log_k_solvent: -0.8914574384689331
  solvent.log_ss_half: -3.8440258502960205
  solvent.log_n_exp: 1.4282968044281006
  solvent.phase_offset: 0.06034708395600319
After scaling: Rwork=0.2889, Rfree=0.3030
  VDW rebuild: max drift 1.86 Å > threshold 1.00 Å

Building VDW (non-bonded) restraints...
  Symmetry expansion: 19 valid (symop, offset) combos
  Grid: [7, 8, 20], 906/1120 cells occupied, max 324 entries/cell
  Built 132793 VDW restraints, 9498 symmetry contacts

────────────────────────────────────────────────────────────────────
  XYZ Refinement
────────────────────────────────────────────────────────────────────

  adp (weight: 0.0200)
  ────────────────────────────────────────────────────────────────
    Metric                       Before      After     Change
    locality                     9032.3     9032.3     0.0000
    scaler_U                     4762.9     4762.9     0.0000
    scaler_log_scale           138068.3   138068.3     0.0000
    sigd                         2387.7     2387.7     0.0000
    simu                        10311.0    10311.0     0.0000

  geometry (weight: 0.2000)
  ────────────────────────────────────────────────────────────────
    Metric                       Before      After     Change
    angle                      -15645.1   -15829.7  -184.6113
    bond                       -12089.7   -12166.6   -76.9014
    chiral                    -163.8929  -161.7562    +2.1367
    nonbonded                  -34294.5   -34293.9    +0.5938
    planarity                   -7970.5    -8005.8   -35.3237
    torsion                      5364.5     5352.3   -12.1294

  other (weight: 1.0000)
  ────────────────────────────────────────────────────────────────
    Metric                       Before      After     Change
    xray                       128758.8   128010.7  -748.1875

  Group Totals
  ────────────────────────────────────────────────────────────────
    Group                        Before      After     Change
    adp                          3291.2     3291.2     0.0000
    geometry                   -12959.9   -13021.1   -61.2467
    xray                       128758.8   128010.7  -748.1875
────────────────────────────────────────────────────────────────────
  VDW rebuild: max drift 1.86 Å > threshold 1.00 Å

Building VDW (non-bonded) restraints...
  Symmetry expansion: 19 valid (symop, offset) combos
  Grid: [7, 8, 20], 906/1120 cells occupied, max 324 entries/cell
  Built 132793 VDW restraints, 9498 symmetry contacts

────────────────────────────────────────────────────────────────────
  ADP Refinement
────────────────────────────────────────────────────────────────────

  adp (weight: 0.0200)
  ────────────────────────────────────────────────────────────────
    Metric                       Before      After     Change
    locality                     8999.9    10938.4    +1938.5
    scaler_U                     4762.9     4762.9     0.0000
    scaler_log_scale           138068.3   138068.3     0.0000
    sigd                         2387.7     2395.2    +7.5024
    simu                        10311.0    11329.4    +1018.4

  geometry (weight: 0.2000)
  ────────────────────────────────────────────────────────────────
    Metric                       Before      After     Change
    angle                      -15829.7   -15829.7     0.0000
    bond                       -12166.6   -12166.6     0.0000
    chiral                    -161.7562  -161.7562     0.0000
    nonbonded                  -34293.9   -34293.9     0.0000
    planarity                   -8005.8    -8005.8     0.0000
    torsion                      5352.3     5352.3     0.0000

  other (weight: 1.0000)
  ────────────────────────────────────────────────────────────────
    Metric                       Before      After     Change
    xray                       128010.7   127854.8  -155.8359

  Group Totals
  ────────────────────────────────────────────────────────────────
    Group                        Before      After     Change
    adp                          3290.6     3349.9   +59.2880
    geometry                   -13021.1   -13021.1     0.0000
    xray                       128010.7   127854.8  -155.8359
────────────────────────────────────────────────────────────────────

============================================================
LBFGS Refinement - Cycle 3/10
============================================================
Refining scales with LBFGS...
Scale refinement complete. rwork: 0.2784, rfree: 0.2976

Final Scale Parameters: 
  c_iso: tensor([ 0.2888,  1.0435,  0.3713, -0.1730,  0.1009, -0.0583])
  U: tensor([ 0.2955,  0.3546,  0.3189,  0.0007, -0.0077, -0.0120])
  solvent.log_k_solvent: -0.8926649689674377
  solvent.log_ss_half: -3.822436571121216
  solvent.log_n_exp: 1.3924133777618408
  solvent.phase_offset: 0.058715153485536575
After scaling: Rwork=0.2784, Rfree=0.2976
  VDW rebuild: max drift 2.46 Å > threshold 1.00 Å

Building VDW (non-bonded) restraints...
  Symmetry expansion: 19 valid (symop, offset) combos
  Grid: [7, 8, 20], 906/1120 cells occupied, max 324 entries/cell
  Built 132793 VDW restraints, 9498 symmetry contacts

────────────────────────────────────────────────────────────────────
  XYZ Refinement
────────────────────────────────────────────────────────────────────

  adp (weight: 0.0200)
  ────────────────────────────────────────────────────────────────
    Metric                       Before      After     Change
    locality                    10938.4    10938.4     0.0000
    scaler_U                     4646.9     4646.9     0.0000
    scaler_log_scale           132282.5   132282.5     0.0000
    sigd                         2395.2     2395.2     0.0000
    simu                        11329.4    11329.4     0.0000

  geometry (weight: 0.2000)
  ────────────────────────────────────────────────────────────────
    Metric                       Before      After     Change
    angle                      -15829.7   -15946.8  -117.0674
    bond                       -12166.6   -12209.8   -43.2236
    chiral                    -161.7562  -164.1183    -2.3621
    nonbonded                  -34293.9   -34373.2   -79.2500
    planarity                   -8005.8    -8031.0   -25.1909
    torsion                      5352.3     5358.9    +6.5420

  other (weight: 1.0000)
  ────────────────────────────────────────────────────────────────
    Metric                       Before      After     Change
    xray                       127849.3   127704.9  -144.3906

  Group Totals
  ────────────────────────────────────────────────────────────────
    Group                        Before      After     Change
    adp                          3231.8     3231.8     0.0000
    geometry                   -13021.1   -13073.2   -52.1105
    xray                       127849.3   127704.9  -144.3906
────────────────────────────────────────────────────────────────────
  VDW rebuild: max drift 2.46 Å > threshold 1.00 Å

Building VDW (non-bonded) restraints...
  Symmetry expansion: 19 valid (symop, offset) combos
  Grid: [7, 8, 20], 906/1120 cells occupied, max 324 entries/cell
  Built 132793 VDW restraints, 9498 symmetry contacts

────────────────────────────────────────────────────────────────────
  ADP Refinement
────────────────────────────────────────────────────────────────────

  adp (weight: 0.0200)
  ────────────────────────────────────────────────────────────────
    Metric                       Before      After     Change
    locality                    10918.3    10756.8  -161.4746
    scaler_U                     4646.9     4646.9     0.0000
    scaler_log_scale           132282.5   132282.5     0.0000
    sigd                         2395.2     2394.6    -0.5701
    simu                        11329.4    11277.4   -51.9570

  geometry (weight: 0.2000)
  ────────────────────────────────────────────────────────────────
    Metric                       Before      After     Change
    angle                      -15946.8   -15946.8     0.0000
    bond                       -12209.8   -12209.8     0.0000
    chiral                    -164.1183  -164.1183     0.0000
    nonbonded                  -34373.2   -34373.2     0.0000
    planarity                   -8031.0    -8031.0     0.0000
    torsion                      5358.9     5358.9     0.0000

  other (weight: 1.0000)
  ────────────────────────────────────────────────────────────────
    Metric                       Before      After     Change
    xray                       127704.9   127692.8   -12.1875

  Group Totals
  ────────────────────────────────────────────────────────────────
    Group                        Before      After     Change
    adp                          3231.4     3227.2    -4.2800
    geometry                   -13073.2   -13073.2     0.0000
    xray                       127704.9   127692.8   -12.1875
────────────────────────────────────────────────────────────────────

============================================================
LBFGS Refinement - Cycle 4/10
============================================================
Refining scales with LBFGS...
Scale refinement complete. rwork: 0.2760, rfree: 0.2973

Final Scale Parameters: 
  c_iso: tensor([ 0.2814,  1.0458,  0.3654, -0.1687,  0.0999, -0.0559])
  U: tensor([ 0.2940,  0.3538,  0.3175,  0.0025, -0.0066, -0.0126])
  solvent.log_k_solvent: -0.8936475515365601
  solvent.log_ss_half: -3.8093466758728027
  solvent.log_n_exp: 1.3927826881408691
  solvent.phase_offset: 0.05854807049036026
After scaling: Rwork=0.2760, Rfree=0.2973
  VDW rebuild: max drift 2.54 Å > threshold 1.00 Å

Building VDW (non-bonded) restraints...
  Symmetry expansion: 19 valid (symop, offset) combos
  Grid: [7, 8, 20], 906/1120 cells occupied, max 324 entries/cell
  Built 132793 VDW restraints, 9498 symmetry contacts

────────────────────────────────────────────────────────────────────
  XYZ Refinement
────────────────────────────────────────────────────────────────────

  adp (weight: 0.0200)
  ────────────────────────────────────────────────────────────────
    Metric                       Before      After     Change
    locality                    10756.8    10756.8     0.0000
    scaler_U                     4610.4     4610.4     0.0000
    scaler_log_scale           131198.5   131198.5     0.0000
    sigd                         2394.6     2394.6     0.0000
    simu                        11277.4    11277.4     0.0000

  geometry (weight: 0.2000)
  ────────────────────────────────────────────────────────────────
    Metric                       Before      After     Change
    angle                      -15946.8   -15903.9   +42.8301
    bond                       -12209.8   -12198.2   +11.6748
    chiral                    -164.1183  -161.9132    +2.2051
    nonbonded                  -34373.2   -34363.4    +9.7578
    planarity                   -8031.0    -8019.6   +11.3984
    torsion                      5358.9     5358.1    -0.8184

  other (weight: 1.0000)
  ────────────────────────────────────────────────────────────────
    Metric                       Before      After     Change
    xray                       127692.1   127527.6  -164.4453

  Group Totals
  ────────────────────────────────────────────────────────────────
    Group                        Before      After     Change
    adp                          3204.8     3204.8     0.0000
    geometry                   -13073.2   -13057.8   +15.4098
    xray                       127692.1   127527.6  -164.4453
────────────────────────────────────────────────────────────────────
  VDW rebuild: max drift 2.54 Å > threshold 1.00 Å

Building VDW (non-bonded) restraints...
  Symmetry expansion: 19 valid (symop, offset) combos
  Grid: [7, 8, 20], 906/1120 cells occupied, max 324 entries/cell
  Built 132793 VDW restraints, 9498 symmetry contacts

────────────────────────────────────────────────────────────────────
  ADP Refinement
────────────────────────────────────────────────────────────────────

  adp (weight: 0.0200)
  ────────────────────────────────────────────────────────────────
    Metric                       Before      After     Change
    locality                    10753.6    10593.8  -159.7988
    scaler_U                     4610.4     4610.4     0.0000
    scaler_log_scale           131198.5   131198.5     0.0000
    sigd                         2394.6     2395.4    +0.7693
    simu                        11277.4    11194.2   -83.2432

  geometry (weight: 0.2000)
  ────────────────────────────────────────────────────────────────
    Metric                       Before      After     Change
    angle                      -15903.9   -15903.9     0.0000
    bond                       -12198.2   -12198.2     0.0000
    chiral                    -161.9132  -161.9132     0.0000
    nonbonded                  -34363.4   -34363.4     0.0000
    planarity                   -8019.6    -8019.6     0.0000
    torsion                      5358.1     5358.1     0.0000

  other (weight: 1.0000)
  ────────────────────────────────────────────────────────────────
    Metric                       Before      After     Change
    xray                       127527.6   127527.3    -0.3281

  Group Totals
  ────────────────────────────────────────────────────────────────
    Group                        Before      After     Change
    adp                          3204.7     3199.8    -4.8455
    geometry                   -13057.8   -13057.8     0.0000
    xray                       127527.6   127527.3    -0.3281
────────────────────────────────────────────────────────────────────

============================================================
LBFGS Refinement - Cycle 5/10
============================================================
Refining scales with LBFGS...
Scale refinement complete. rwork: 0.2744, rfree: 0.2955

Final Scale Parameters: 
  c_iso: tensor([ 0.2832,  1.0417,  0.3680, -0.1705,  0.1000, -0.0567])
  U: tensor([ 0.2943,  0.3547,  0.3188,  0.0032, -0.0065, -0.0130])
  solvent.log_k_solvent: -0.893964946269989
  solvent.log_ss_half: -3.8077080249786377
  solvent.log_n_exp: 1.4320725202560425
  solvent.phase_offset: 0.059101179242134094
After scaling: Rwork=0.2744, Rfree=0.2955
  VDW rebuild: max drift 2.78 Å > threshold 1.00 Å

Building VDW (non-bonded) restraints...
  Symmetry expansion: 19 valid (symop, offset) combos
  Grid: [7, 8, 20], 906/1120 cells occupied, max 324 entries/cell
  Built 132793 VDW restraints, 9498 symmetry contacts

────────────────────────────────────────────────────────────────────
  XYZ Refinement
────────────────────────────────────────────────────────────────────

  adp (weight: 0.0200)
  ────────────────────────────────────────────────────────────────
    Metric                       Before      After     Change
    locality                    10593.8    10593.8     0.0000
    scaler_U                     4635.8     4635.8     0.0000
    scaler_log_scale           131183.0   131183.0     0.0000
    sigd                         2395.4     2395.4     0.0000
    simu                        11194.2    11194.2     0.0000

  geometry (weight: 0.2000)
  ────────────────────────────────────────────────────────────────
    Metric                       Before      After     Change
    angle                      -15903.9   -15918.5   -14.5586
    bond                       -12198.2   -12215.1   -16.9580
    chiral                    -161.9132  -163.1239    -1.2106
    nonbonded                  -34363.4   -34370.6    -7.1641
    planarity                   -8019.6    -8029.3    -9.6396
    torsion                      5358.1     5361.4    +3.3682

  other (weight: 1.0000)
  ────────────────────────────────────────────────────────────────
    Metric                       Before      After     Change
    xray                       127536.8   127478.7   -58.1016

  Group Totals
  ────────────────────────────────────────────────────────────────
    Group                        Before      After     Change
    adp                          3200.0     3200.0     0.0000
    geometry                   -13057.8   -13067.0    -9.2331
    xray                       127536.8   127478.7   -58.1016
────────────────────────────────────────────────────────────────────
  VDW rebuild: max drift 2.78 Å > threshold 1.00 Å

Building VDW (non-bonded) restraints...
  Symmetry expansion: 19 valid (symop, offset) combos
  Grid: [7, 8, 20], 906/1120 cells occupied, max 324 entries/cell
  Built 132793 VDW restraints, 9498 symmetry contacts

────────────────────────────────────────────────────────────────────
  ADP Refinement
────────────────────────────────────────────────────────────────────

  adp (weight: 0.0200)
  ────────────────────────────────────────────────────────────────
    Metric                       Before      After     Change
    locality                    10585.0    10497.7   -87.2490
    scaler_U                     4635.8     4635.8     0.0000
    scaler_log_scale           131183.0   131183.0     0.0000
    sigd                         2395.4     2396.2    +0.8308
    simu                        11194.2    11157.2   -37.0117

  geometry (weight: 0.2000)
  ────────────────────────────────────────────────────────────────
    Metric                       Before      After     Change
    angle                      -15918.5   -15918.5     0.0000
    bond                       -12215.1   -12215.1     0.0000
    chiral                    -163.1239  -163.1239     0.0000
    nonbonded                  -34370.6   -34370.6     0.0000
    planarity                   -8029.3    -8029.3     0.0000
    torsion                      5361.4     5361.4     0.0000

  other (weight: 1.0000)
  ────────────────────────────────────────────────────────────────
    Metric                       Before      After     Change
    xray                       127478.7   127478.0    -0.6562

  Group Totals
  ────────────────────────────────────────────────────────────────
    Group                        Before      After     Change
    adp                          3199.9     3197.4    -2.4686
    geometry                   -13067.0   -13067.0     0.0000
    xray                       127478.7   127478.0    -0.6562
────────────────────────────────────────────────────────────────────

============================================================
LBFGS Refinement - Cycle 6/10
============================================================
Refining scales with LBFGS...
Scale refinement complete. rwork: 0.2739, rfree: 0.2959

Final Scale Parameters: 
  c_iso: tensor([ 0.2762,  1.0274,  0.3680, -0.1737,  0.1010, -0.0583])
  U: tensor([ 0.2925,  0.3524,  0.3170,  0.0039, -0.0065, -0.0127])
  solvent.log_k_solvent: -0.8923813104629517
  solvent.log_ss_half: -3.802180528640747
  solvent.log_n_exp: 1.4204041957855225
  solvent.phase_offset: 0.058097537606954575
After scaling: Rwork=0.2739, Rfree=0.2959
  VDW rebuild: max drift 2.95 Å > threshold 1.00 Å

Building VDW (non-bonded) restraints...
  Symmetry expansion: 19 valid (symop, offset) combos
  Grid: [7, 8, 20], 906/1120 cells occupied, max 324 entries/cell
  Built 132793 VDW restraints, 9498 symmetry contacts

────────────────────────────────────────────────────────────────────
  XYZ Refinement
────────────────────────────────────────────────────────────────────

  adp (weight: 0.0200)
  ────────────────────────────────────────────────────────────────
    Metric                       Before      After     Change
    locality                    10497.7    10497.7     0.0000
    scaler_U                     4579.0     4579.0     0.0000
    scaler_log_scale           128743.3   128743.3     0.0000
    sigd                         2396.2     2396.2     0.0000
    simu                        11157.2    11157.2     0.0000

  geometry (weight: 0.2000)
  ────────────────────────────────────────────────────────────────
    Metric                       Before      After     Change
    angle                      -15918.5   -15885.3   +33.1611
    bond                       -12215.1   -12190.6   +24.5459
    chiral                    -163.1239  -161.3909    +1.7330
    nonbonded                  -34370.6   -34364.6    +6.0352
    planarity                   -8029.3    -8019.2   +10.0845
    torsion                      5361.4     5363.7    +2.2798

  other (weight: 1.0000)
  ────────────────────────────────────────────────────────────────
    Metric                       Before      After     Change
    xray                       127496.8   127395.5  -101.2969

  Group Totals
  ────────────────────────────────────────────────────────────────
    Group                        Before      After     Change
    adp                          3147.5     3147.5     0.0000
    geometry                   -13067.0   -13051.5   +15.5682
    xray                       127496.8   127395.5  -101.2969
────────────────────────────────────────────────────────────────────
  VDW rebuild: max drift 2.95 Å > threshold 1.00 Å

Building VDW (non-bonded) restraints...
  Symmetry expansion: 19 valid (symop, offset) combos
  Grid: [7, 8, 20], 906/1120 cells occupied, max 324 entries/cell
  Built 132793 VDW restraints, 9498 symmetry contacts

────────────────────────────────────────────────────────────────────
  ADP Refinement
────────────────────────────────────────────────────────────────────

  adp (weight: 0.0200)
  ────────────────────────────────────────────────────────────────
    Metric                       Before      After     Change
    locality                    10493.5    10337.3  -156.2148
    scaler_U                     4579.0     4579.0     0.0000
    scaler_log_scale           128743.3   128743.3     0.0000
    sigd                         2396.2     2398.2    +1.9866
    simu                        11157.2    11124.0   -33.1836

  geometry (weight: 0.2000)
  ────────────────────────────────────────────────────────────────
    Metric                       Before      After     Change
    angle                      -15885.3   -15885.3     0.0000
    bond                       -12190.6   -12190.6     0.0000
    chiral                    -161.3909  -161.3909     0.0000
    nonbonded                  -34364.6   -34364.6     0.0000
    planarity                   -8019.2    -8019.2     0.0000
    torsion                      5363.7     5363.7     0.0000

  other (weight: 1.0000)
  ────────────────────────────────────────────────────────────────
    Metric                       Before      After     Change
    xray                       127395.5   127407.6   +12.0938

  Group Totals
  ────────────────────────────────────────────────────────────────
    Group                        Before      After     Change
    adp                          3147.4     3143.6    -3.7482
    geometry                   -13051.5   -13051.5     0.0000
    xray                       127395.5   127407.6   +12.0938
────────────────────────────────────────────────────────────────────

============================================================
LBFGS Refinement - Cycle 7/10
============================================================
Refining scales with LBFGS...
Scale refinement complete. rwork: 0.2731, rfree: 0.2956

Final Scale Parameters: 
  c_iso: tensor([ 0.2795,  1.0200,  0.3730, -0.1779,  0.1030, -0.0595])
  U: tensor([ 0.2937,  0.3539,  0.3187,  0.0041, -0.0062, -0.0132])
  solvent.log_k_solvent: -0.8915973901748657
  solvent.log_ss_half: -3.8069958686828613
  solvent.log_n_exp: 1.424433708190918
  solvent.phase_offset: 0.05655694007873535
After scaling: Rwork=0.2731, Rfree=0.2956
  VDW rebuild: max drift 3.22 Å > threshold 1.00 Å

Building VDW (non-bonded) restraints...
  Symmetry expansion: 19 valid (symop, offset) combos
  Grid: [7, 8, 20], 906/1120 cells occupied, max 324 entries/cell
  Built 132793 VDW restraints, 9498 symmetry contacts

────────────────────────────────────────────────────────────────────
  XYZ Refinement
────────────────────────────────────────────────────────────────────

  adp (weight: 0.0200)
  ────────────────────────────────────────────────────────────────
    Metric                       Before      After     Change
    locality                    10337.3    10337.3     0.0000
    scaler_U                     4619.6     4619.6     0.0000
    scaler_log_scale           128505.1   128505.1     0.0000
    sigd                         2398.2     2398.2     0.0000
    simu                        11124.0    11124.0     0.0000

  geometry (weight: 0.2000)
  ────────────────────────────────────────────────────────────────
    Metric                       Before      After     Change
    angle                      -15885.3   -15909.0   -23.6162
    bond                       -12190.6   -12216.8   -26.2178
    chiral                    -161.3909  -162.5251    -1.1343
    nonbonded                  -34364.6   -34359.2    +5.3477
    planarity                   -8019.2    -8023.2    -4.0073
    torsion                      5363.7     5363.4    -0.3481

  other (weight: 1.0000)
  ────────────────────────────────────────────────────────────────
    Metric                       Before      After     Change
    xray                       127424.8   127386.3   -38.4375

  Group Totals
  ────────────────────────────────────────────────────────────────
    Group                        Before      After     Change
    adp                          3139.7     3139.7     0.0000
    geometry                   -13051.5   -13061.5    -9.9950
    xray                       127424.8   127386.3   -38.4375
────────────────────────────────────────────────────────────────────
  VDW rebuild: max drift 3.22 Å > threshold 1.00 Å

Building VDW (non-bonded) restraints...
  Symmetry expansion: 19 valid (symop, offset) combos
  Grid: [7, 8, 20], 906/1120 cells occupied, max 324 entries/cell
  Built 132793 VDW restraints, 9498 symmetry contacts

────────────────────────────────────────────────────────────────────
  ADP Refinement
────────────────────────────────────────────────────────────────────

  adp (weight: 0.0200)
  ────────────────────────────────────────────────────────────────
    Metric                       Before      After     Change
    locality                    10336.0    10277.0   -58.9453
    scaler_U                     4619.6     4619.6     0.0000
    scaler_log_scale           128505.1   128505.1     0.0000
    sigd                         2398.2     2399.3    +1.0562
    simu                        11124.0    11103.5   -20.5010

  geometry (weight: 0.2000)
  ────────────────────────────────────────────────────────────────
    Metric                       Before      After     Change
    angle                      -15909.0   -15909.0     0.0000
    bond                       -12216.8   -12216.8     0.0000
    chiral                    -162.5251  -162.5251     0.0000
    nonbonded                  -34359.2   -34359.2     0.0000
    planarity                   -8023.2    -8023.2     0.0000
    torsion                      5363.4     5363.4     0.0000

  other (weight: 1.0000)
  ────────────────────────────────────────────────────────────────
    Metric                       Before      After     Change
    xray                       127386.3   127391.3    +4.9375

  Group Totals
  ────────────────────────────────────────────────────────────────
    Group                        Before      After     Change
    adp                          3139.7     3138.1    -1.5678
    geometry                   -13061.5   -13061.5     0.0000
    xray                       127386.3   127391.3    +4.9375
────────────────────────────────────────────────────────────────────

============================================================
LBFGS Refinement - Cycle 8/10
============================================================
Refining scales with LBFGS...
Scale refinement complete. rwork: 0.2728, rfree: 0.2974

Final Scale Parameters: 
  c_iso: tensor([ 0.2738,  1.0233,  0.3679, -0.1740,  0.1012, -0.0578])
  U: tensor([ 0.2942,  0.3542,  0.3195,  0.0044, -0.0065, -0.0132])
  solvent.log_k_solvent: -0.8944067358970642
  solvent.log_ss_half: -3.8062667846679688
  solvent.log_n_exp: 1.4255290031433105
  solvent.phase_offset: 0.05809679254889488
After scaling: Rwork=0.2728, Rfree=0.2974
  VDW rebuild: max drift 3.40 Å > threshold 1.00 Å

Building VDW (non-bonded) restraints...
  Symmetry expansion: 19 valid (symop, offset) combos
  Grid: [7, 8, 20], 906/1120 cells occupied, max 324 entries/cell
  Built 132793 VDW restraints, 9498 symmetry contacts

────────────────────────────────────────────────────────────────────
  XYZ Refinement
────────────────────────────────────────────────────────────────────

  adp (weight: 0.0200)
  ────────────────────────────────────────────────────────────────
    Metric                       Before      After     Change
    locality                    10277.0    10277.0     0.0000
    scaler_U                     4635.9     4635.9     0.0000
    scaler_log_scale           127930.5   127930.5     0.0000
    sigd                         2399.3     2399.3     0.0000
    simu                        11103.5    11103.5     0.0000

  geometry (weight: 0.2000)
  ────────────────────────────────────────────────────────────────
    Metric                       Before      After     Change
    angle                      -15909.0   -15893.0   +15.9453
    bond                       -12216.8   -12208.5    +8.2549
    chiral                    -162.5251  -161.4488    +1.0763
    nonbonded                  -34359.2   -34362.3    -3.1406
    planarity                   -8023.2    -8015.1    +8.1069
    torsion                      5363.4     5363.3    -0.0879

  other (weight: 1.0000)
  ────────────────────────────────────────────────────────────────
    Metric                       Before      After     Change
    xray                       127401.8   127340.9   -60.9844

  Group Totals
  ────────────────────────────────────────────────────────────────
    Group                        Before      After     Change
    adp                          3126.9     3126.9     0.0000
    geometry                   -13061.5   -13055.4    +6.0307
    xray                       127401.8   127340.9   -60.9844
────────────────────────────────────────────────────────────────────
  VDW rebuild: max drift 3.40 Å > threshold 1.00 Å

Building VDW (non-bonded) restraints...
  Symmetry expansion: 19 valid (symop, offset) combos
  Grid: [7, 8, 20], 906/1120 cells occupied, max 324 entries/cell
  Built 132793 VDW restraints, 9498 symmetry contacts

────────────────────────────────────────────────────────────────────
  ADP Refinement
────────────────────────────────────────────────────────────────────

  adp (weight: 0.0200)
  ────────────────────────────────────────────────────────────────
    Metric                       Before      After     Change
    locality                    10265.9    10184.6   -81.2422
    scaler_U                     4635.9     4635.9     0.0000
    scaler_log_scale           127930.5   127930.5     0.0000
    sigd                         2399.3     2400.3    +0.9971
    simu                        11103.5    11040.0   -63.4521

  geometry (weight: 0.2000)
  ────────────────────────────────────────────────────────────────
    Metric                       Before      After     Change
    angle                      -15893.0   -15893.0     0.0000
    bond                       -12208.5   -12208.5     0.0000
    chiral                    -161.4488  -161.4488     0.0000
    nonbonded                  -34362.3   -34362.3     0.0000
    planarity                   -8015.1    -8015.1     0.0000
    torsion                      5363.3     5363.3     0.0000

  other (weight: 1.0000)
  ────────────────────────────────────────────────────────────────
    Metric                       Before      After     Change
    xray                       127340.9   127350.0    +9.1328

  Group Totals
  ────────────────────────────────────────────────────────────────
    Group                        Before      After     Change
    adp                          3126.7     3123.8    -2.8740
    geometry                   -13055.4   -13055.4     0.0000
    xray                       127340.9   127350.0    +9.1328
────────────────────────────────────────────────────────────────────

============================================================
LBFGS Refinement - Cycle 9/10
============================================================
Refining scales with LBFGS...
Scale refinement complete. rwork: 0.2722, rfree: 0.2994

Final Scale Parameters: 
  c_iso: tensor([ 0.2744,  1.0215,  0.3684, -0.1744,  0.1010, -0.0574])
  U: tensor([ 0.2956,  0.3558,  0.3212,  0.0043, -0.0066, -0.0134])
  solvent.log_k_solvent: -0.8935675024986267
  solvent.log_ss_half: -3.8094139099121094
  solvent.log_n_exp: 1.4266539812088013
  solvent.phase_offset: 0.05819111689925194
After scaling: Rwork=0.2722, Rfree=0.2994
  VDW rebuild: max drift 3.55 Å > threshold 1.00 Å

Building VDW (non-bonded) restraints...
  Symmetry expansion: 19 valid (symop, offset) combos
  Grid: [7, 8, 20], 906/1120 cells occupied, max 324 entries/cell
  Built 132793 VDW restraints, 9498 symmetry contacts

────────────────────────────────────────────────────────────────────
  XYZ Refinement
────────────────────────────────────────────────────────────────────

  adp (weight: 0.0200)
  ────────────────────────────────────────────────────────────────
    Metric                       Before      After     Change
    locality                    10184.6    10184.6     0.0000
    scaler_U                     4680.7     4680.7     0.0000
    scaler_log_scale           127763.3   127763.3     0.0000
    sigd                         2400.3     2400.3     0.0000
    simu                        11040.0    11040.0     0.0000

  geometry (weight: 0.2000)
  ────────────────────────────────────────────────────────────────
    Metric                       Before      After     Change
    angle                      -15893.0   -15910.0   -16.9346
    bond                       -12208.5   -12218.9   -10.3633
    chiral                    -161.4488  -162.1487    -0.6999
    nonbonded                  -34362.3   -34365.3    -2.9492
    planarity                   -8015.1    -8021.0    -5.9062
    torsion                      5363.3     5363.5    +0.2373

  other (weight: 1.0000)
  ────────────────────────────────────────────────────────────────
    Metric                       Before      After     Change
    xray                       127365.1   127344.8   -20.3203

  Group Totals
  ────────────────────────────────────────────────────────────────
    Group                        Before      After     Change
    adp                          3121.4     3121.4     0.0000
    geometry                   -13055.4   -13062.8    -7.3232
    xray                       127365.1   127344.8   -20.3203
────────────────────────────────────────────────────────────────────
  VDW rebuild: max drift 3.55 Å > threshold 1.00 Å

Building VDW (non-bonded) restraints...
  Symmetry expansion: 19 valid (symop, offset) combos
  Grid: [7, 8, 20], 906/1120 cells occupied, max 324 entries/cell
  Built 132793 VDW restraints, 9498 symmetry contacts

────────────────────────────────────────────────────────────────────
  ADP Refinement
────────────────────────────────────────────────────────────────────

  adp (weight: 0.0200)
  ────────────────────────────────────────────────────────────────
    Metric                       Before      After     Change
    locality                    10176.3    10145.4   -30.9932
    scaler_U                     4680.7     4680.7     0.0000
    scaler_log_scale           127763.3   127763.3     0.0000
    sigd                         2400.3     2401.1    +0.7876
    simu                        11040.0    10991.0   -49.0371

  geometry (weight: 0.2000)
  ────────────────────────────────────────────────────────────────
    Metric                       Before      After     Change
    angle                      -15910.0   -15910.0     0.0000
    bond                       -12218.9   -12218.9     0.0000
    chiral                    -162.1487  -162.1487     0.0000
    nonbonded                  -34365.3   -34365.3     0.0000
    planarity                   -8021.0    -8021.0     0.0000
    torsion                      5363.5     5363.5     0.0000

  other (weight: 1.0000)
  ────────────────────────────────────────────────────────────────
    Metric                       Before      After     Change
    xray                       127344.8   127343.8    -1.0312

  Group Totals
  ────────────────────────────────────────────────────────────────
    Group                        Before      After     Change
    adp                          3121.2     3119.6    -1.5849
    geometry                   -13062.8   -13062.8     0.0000
    xray                       127344.8   127343.8    -1.0312
────────────────────────────────────────────────────────────────────

============================================================
LBFGS Refinement - Cycle 10/10
============================================================
Refining scales with LBFGS...
Scale refinement complete. rwork: 0.2721, rfree: 0.3000

Final Scale Parameters: 
  c_iso: tensor([ 0.2743,  1.0275,  0.3668, -0.1718,  0.0999, -0.0563])
  U: tensor([ 0.2977,  0.3580,  0.3233,  0.0042, -0.0065, -0.0135])
  solvent.log_k_solvent: -0.8945809602737427
  solvent.log_ss_half: -3.8087644577026367
  solvent.log_n_exp: 1.4438703060150146
  solvent.phase_offset: 0.05925893783569336
After scaling: Rwork=0.2721, Rfree=0.3000
  VDW rebuild: max drift 3.60 Å > threshold 1.00 Å

Building VDW (non-bonded) restraints...
  Symmetry expansion: 19 valid (symop, offset) combos
  Grid: [7, 8, 20], 906/1120 cells occupied, max 324 entries/cell
  Built 132793 VDW restraints, 9498 symmetry contacts

────────────────────────────────────────────────────────────────────
  XYZ Refinement
────────────────────────────────────────────────────────────────────

  adp (weight: 0.0200)
  ────────────────────────────────────────────────────────────────
    Metric                       Before      After     Change
    locality                    10145.4    10145.4     0.0000
    scaler_U                     4742.1     4742.1     0.0000
    scaler_log_scale           128414.9   128414.9     0.0000
    sigd                         2401.1     2401.1     0.0000
    simu                        10991.0    10991.0     0.0000

  geometry (weight: 0.2000)
  ────────────────────────────────────────────────────────────────
    Metric                       Before      After     Change
    angle                      -15910.0   -15895.2   +14.7695
    bond                       -12218.9   -12215.3    +3.5459
    chiral                    -162.1487  -161.3460    +0.8027
    nonbonded                  -34365.3   -34369.5    -4.1875
    planarity                   -8021.0    -8013.3    +7.6738
    torsion                      5363.5     5362.9    -0.5933

  other (weight: 1.0000)
  ────────────────────────────────────────────────────────────────
    Metric                       Before      After     Change
    xray                       127359.6   127322.3   -37.3125

  Group Totals
  ────────────────────────────────────────────────────────────────
    Group                        Before      After     Change
    adp                          3133.9     3133.9     0.0000
    geometry                   -13062.8   -13058.4    +4.4022
    xray                       127359.6   127322.3   -37.3125
────────────────────────────────────────────────────────────────────
  VDW rebuild: max drift 3.60 Å > threshold 1.00 Å

Building VDW (non-bonded) restraints...
  Symmetry expansion: 19 valid (symop, offset) combos
  Grid: [7, 8, 20], 906/1120 cells occupied, max 324 entries/cell
  Built 132793 VDW restraints, 9498 symmetry contacts

────────────────────────────────────────────────────────────────────
  ADP Refinement
────────────────────────────────────────────────────────────────────

  adp (weight: 0.0200)
  ────────────────────────────────────────────────────────────────
    Metric                       Before      After     Change
    locality                    10137.9    10106.0   -31.9033
    scaler_U                     4742.1     4742.1     0.0000
    scaler_log_scale           128414.9   128414.9     0.0000
    sigd                         2401.1     2401.8    +0.6904
    simu                        10991.0    10925.8   -65.2441

  geometry (weight: 0.2000)
  ────────────────────────────────────────────────────────────────
    Metric                       Before      After     Change
    angle                      -15895.2   -15895.2     0.0000
    bond                       -12215.3   -12215.3     0.0000
    chiral                    -161.3460  -161.3460     0.0000
    nonbonded                  -34369.5   -34369.5     0.0000
    planarity                   -8013.3    -8013.3     0.0000
    torsion                      5362.9     5362.9     0.0000

  other (weight: 1.0000)
  ────────────────────────────────────────────────────────────────
    Metric                       Before      After     Change
    xray                       127322.3   127326.2    +3.9766

  Group Totals
  ────────────────────────────────────────────────────────────────
    Group                        Before      After     Change
    adp                          3133.7     3131.8    -1.9292
    geometry                   -13058.4   -13058.4     0.0000
    xray                       127322.3   127326.2    +3.9766
────────────────────────────────────────────────────────────────────
Calculating initial scale factors using 10 bins.
Refining scales with LBFGS...
Scale refinement complete. rwork: 0.2717, rfree: 0.3005

Final Scale Parameters: 
  c_iso: tensor([ 0.2720,  1.0195,  0.3682, -0.1739,  0.1006, -0.0569])
  U: tensor([ 0.2978,  0.3582,  0.3234,  0.0040, -0.0065, -0.0136])
  solvent.log_k_solvent: -0.8931807279586792
  solvent.log_ss_half: -3.8077502250671387
  solvent.log_n_exp: 1.4254963397979736
  solvent.phase_offset: 0.05867961421608925

Refinement completed successfully.

Saving results to /das/work/units/LBR-FEL/p17490/Peter/Library/work_trees_torchref/alignement/alignment_lab/benchmarks/af_mr/runs/dmin4.0/3QNM/refine_phaser_mr...
  Refined structure (PDB): /das/work/units/LBR-FEL/p17490/Peter/Library/work_trees_torchref/alignement/alignment_lab/benchmarks/af_mr/runs/dmin4.0/3QNM/refine_phaser_mr/refined.pdb
  Refined structure (mmCIF): /das/work/units/LBR-FEL/p17490/Peter/Library/work_trees_torchref/alignement/alignment_lab/benchmarks/af_mr/runs/dmin4.0/3QNM/refine_phaser_mr/refined.cif
Added map coefficients:
  2Fo-Fc: FWT, PHWT
  Fo-Fc: DELFWT, PHDELWT
  Resolution range: 1.70 - 42.85 Å
✓ Wrote MTZ file: /das/work/units/LBR-FEL/p17490/Peter/Library/work_trees_torchref/alignement/alignment_lab/benchmarks/af_mr/runs/dmin4.0/3QNM/refine_phaser_mr/refined.mtz
  Reflections: 29690
  Columns: H, K, L, F-obs, SIGF-obs, I-obs, SIGI-obs, R-free-flags, FWT, PHWT, DELFWT, PHDELWT, F-model, PH-model
  Refined structure factors: /das/work/units/LBR-FEL/p17490/Peter/Library/work_trees_torchref/alignement/alignment_lab/benchmarks/af_mr/runs/dmin4.0/3QNM/refine_phaser_mr/refined.mtz
  Refinement history: /das/work/units/LBR-FEL/p17490/Peter/Library/work_trees_torchref/alignement/alignment_lab/benchmarks/af_mr/runs/dmin4.0/3QNM/refine_phaser_mr/refinement_history.json

================================================================================
Refinement Summary
================================================================================
R-work:  0.2717 (29110 reflections)
R-free:  0.3005 (580 reflections)
NLL work: 127337.84
NLL test: 2593.82
================================================================================

Output files:
  - /das/work/units/LBR-FEL/p17490/Peter/Library/work_trees_torchref/alignement/alignment_lab/benchmarks/af_mr/runs/dmin4.0/3QNM/refine_phaser_mr/refined.pdb
  - /das/work/units/LBR-FEL/p17490/Peter/Library/work_trees_torchref/alignement/alignment_lab/benchmarks/af_mr/runs/dmin4.0/3QNM/refine_phaser_mr/refined.cif
  - /das/work/units/LBR-FEL/p17490/Peter/Library/work_trees_torchref/alignement/alignment_lab/benchmarks/af_mr/runs/dmin4.0/3QNM/refine_phaser_mr/refined.mtz
  - /das/work/units/LBR-FEL/p17490/Peter/Library/work_trees_torchref/alignement/alignment_lab/benchmarks/af_mr/runs/dmin4.0/3QNM/refine_phaser_mr/refinement_history.json

Refinement completed successfully!

Timing: 287.6s wall, 257.4s CPU
