/das/work/units/LBR-FEL/p17490/Peter/Library/work_trees_torchref/alignement/torchref/cli/refine.py:21: UserWarning: TorchRef using user-specified 8 threads from TORCHREF_NUM_THREADS.
  from torchref.cli._common import (
================================================================================
TorchRef LBFGS Refinement
================================================================================
Model:             /das/work/units/LBR-FEL/p17490/Peter/Library/work_trees_torchref/alignement/alignment_lab/benchmarks/af_mr/runs/dmin4.0/1WDV/torchref_placed.pdb
Structure factor:  /das/work/units/LBR-FEL/p17490/Peter/Library/work_trees_torchref/dev/paper/data/1WDV/1WDV.mtz
Output directory:  /das/work/units/LBR-FEL/p17490/Peter/Library/work_trees_torchref/alignement/alignment_lab/benchmarks/af_mr/runs/dmin4.0/1WDV/refine_torchref_mr
Refinement mode:   separate
X-ray target:      ml
Refinement cycles: 10
Rigid-body step:   on (iterations/cutoff = 30)
Device:            auto
ADP mode:          isotropic
Wavelength:        1 A
Manual weights:    {"adp": 0.02}
================================================================================

Initializing refinement...
found non-finite F values (NaN/Inf):  0
found non-finite F_sigma values (NaN/Inf):  0
Wilson outlier rejection: 0/28780 (0.0000%) of tested reflections flagged (0 too strong, 0 too weak)
Loaded 2232 atoms
Building restraints...
Found 109 link definitions

Building VDW (non-bonded) restraints...
  Symmetry expansion: 27 valid (symop, offset) combos
  Grid: [7, 9, 8], 445/504 cells occupied, max 456 entries/cell
  Built 37245 VDW restraints, 3578 symmetry contacts
  Hydrogen topology: 2354 riding H atoms
  H candidate pairs: 99419 (26554 H-H, 72865 H-heavy, 8289 symmetry)
================================================================================
Restraints Summary
================================================================================
CIF file: None
Residue types in dictionary: 17

INTRA-RESIDUE RESTRAINTS:
--------------------------------------------------------------------------------
  Bonds: 1970
  Angles: 2182
  Torsions: 588
  Planes: 414
  Chirals: 376

INTER-RESIDUE RESTRAINTS:
--------------------------------------------------------------------------------
  Peptide bonds: 290
  Peptide angles: 888
  Disulfide bonds: 0
  Disulfide angles: 0
  Disulfide torsions: 0
  LINK bonds: 0

BACKBONE TORSIONS:
--------------------------------------------------------------------------------
  Phi: 290
  Psi: 290
  Omega: 290
  Ramachandran: 284

VDW RESTRAINTS:
--------------------------------------------------------------------------------
  Non-bonded contacts: 37245 (33667 intra-ASU, 3578 symmetry)
================================================================================
Generated 2354 hydrogens
ADP representation: isotropic, 4586 parameters, 6.7 work reflections each
Initialized ScalerBase with 10 bins.
Building restraints...

Building VDW (non-bonded) restraints...
  Symmetry expansion: 31 valid (symop, offset) combos
  Grid: [7, 9, 8], 462/504 cells occupied, max 897 entries/cell
  Built 167751 VDW restraints, 17282 symmetry contacts
================================================================================
Restraints Summary
================================================================================
CIF file: None
Residue types in dictionary: 17

INTRA-RESIDUE RESTRAINTS:
--------------------------------------------------------------------------------
  Bonds: 4324
  Angles: 7256
  Torsions: 940
  Planes: 740
  Chirals: 376

INTER-RESIDUE RESTRAINTS:
--------------------------------------------------------------------------------
  Peptide bonds: 290
  Peptide angles: 1160
  Disulfide bonds: 0
  Disulfide angles: 0
  Disulfide torsions: 0
  LINK bonds: 0

BACKBONE TORSIONS:
--------------------------------------------------------------------------------
  Phi: 290
  Psi: 290
  Omega: 290
  Ramachandran: 284

VDW RESTRAINTS:
--------------------------------------------------------------------------------
  Non-bonded contacts: 167751 (150469 intra-ASU, 17282 symmetry)
================================================================================
Initializing TotalGeometryTarget with component targets...
Initializing TotalADPTarget with component targets: simu, locality, sigd
Parametrization built for 4 unique atom types
SfFFT: Using late symmetry (reciprocal space)
Calculating initial scale factors using 10 bins.
Refining scales with LBFGS...
Scale refinement complete. rwork: 0.4559, rfree: 0.4513

Final Scale Parameters: 
  c_iso: tensor([ 1.1984,  1.3274,  0.5747, -0.1945,  0.1280, -0.0695])
  U: tensor([ 0.5200,  0.4775,  0.4802,  0.0025,  0.0021, -0.0069])
  solvent.log_k_solvent: -0.9644649028778076
  solvent.log_ss_half: -3.769418716430664
  solvent.log_n_exp: 1.7827343940734863
  solvent.phase_offset: 0.008767474442720413
Initialized targets with xray_mode='ml'
Applied manual group weights: {'xray': 1.0, 'geometry': 0.2, 'geometry/ramachandran': 0.0, 'adp': 0.02, 'adp/sigd': 1.0, 'adp/node_load': 10.0, 'adp/node_smoothness': 0.0}
Refinement initialized successfully.

Starting refinement with 10 macro cycles...

Rigid-body step enabled: one multi-resolution rigid-body pass will run once at the start of refinement.


--- Rigid-body step (once, at start) ---
Switched to rigid-body parametrization: RigidXYZTensor(n_atoms=4586, n_chains=2) (2 chain(s))
Filtering: 709/31203 reflections in range [inf - 6.0] Å (709 valid after all masks)
  Note: Adjusted bins from 10 to 7 (min 100 refl/bin)
Initialized ScalerBase with 7 bins.
Calculating initial scale factors using 7 bins.
Calculating initial scale factors using 7 bins.
Refining scales with LBFGS...
Scale refinement complete. rwork: 0.3222, rfree: 0.3346

Final Scale Parameters: 
  c_iso: tensor([-0.3531, -0.4389,  0.7360, -0.1709, -0.6242, -0.6578])
  U: tensor([ 0.5887,  0.3330,  0.6454,  0.1500,  0.0010, -0.0517])
  solvent.log_k_solvent: -0.9681433439254761
  solvent.log_ss_half: -3.9844088554382324
  solvent.log_n_exp: 1.6000977754592896
  solvent.phase_offset: 0.00703428452834487
  rigid-body d_min=6.00 (lbfgs, iters=30): Rwork=0.3183 Rfree=0.2900
Filtering: 4762/31203 reflections in range [inf - 3.1924285932066496] Å (4762 valid after all masks)
Initialized ScalerBase with 10 bins.
Calculating initial scale factors using 10 bins.
Calculating initial scale factors using 10 bins.
Refining scales with LBFGS...
Scale refinement complete. rwork: 0.3598, rfree: 0.3525

Final Scale Parameters: 
  c_iso: tensor([ 0.7279,  0.3950, -0.8105, -0.6477, -0.0317,  0.1073])
  U: tensor([ 0.8746,  0.8241,  0.8176,  0.0208, -0.0280,  0.0097])
  solvent.log_k_solvent: -1.0600483417510986
  solvent.log_ss_half: -4.061600685119629
  solvent.log_n_exp: 1.1381328105926514
  solvent.phase_offset: -0.008201450109481812
  rigid-body d_min=3.19 (lbfgs, iters=30): Rwork=0.3477 Rfree=0.3154
Filtering: 31203/31203 reflections in range [inf - 1.6986000537872314] Å (31203 valid after all masks)
Initialized ScalerBase with 10 bins.
Calculating initial scale factors using 10 bins.
Calculating initial scale factors using 10 bins.
Refining scales with LBFGS...
Scale refinement complete. rwork: 0.4169, rfree: 0.4031

Final Scale Parameters: 
  c_iso: tensor([ 1.3950,  1.5336,  0.6285, -0.2048,  0.1357, -0.0755])
  U: tensor([ 0.5710,  0.5439,  0.5408,  0.0012, -0.0040, -0.0054])
  solvent.log_k_solvent: -0.9639719128608704
  solvent.log_ss_half: -3.8765764236450195
  solvent.log_n_exp: 1.4353843927383423
  solvent.phase_offset: 0.021439552307128906
  rigid-body d_min=1.70 (lbfgs, iters=30): Rwork=0.4160 Rfree=0.3988
Initialized ScalerBase with 10 bins.
Calculating initial scale factors using 10 bins.
Calculating initial scale factors using 10 bins.
Refining scales with LBFGS...
Scale refinement complete. rwork: 0.4136, rfree: 0.3969

Final Scale Parameters: 
  c_iso: tensor([ 1.5316,  1.7278,  0.6585, -0.1953,  0.1290, -0.0725])
  U: tensor([ 0.6235,  0.5958,  0.5912,  0.0009, -0.0038, -0.0030])
  solvent.log_k_solvent: -0.9717251658439636
  solvent.log_ss_half: -3.905902624130249
  solvent.log_n_exp: 1.2572219371795654
  solvent.phase_offset: 0.018183402717113495
Initialized ScalerBase with 10 bins.
Calculating initial scale factors using 10 bins.
Calculating initial scale factors using 10 bins.
Refining scales with LBFGS...
Scale refinement complete. rwork: 0.4136, rfree: 0.3970

Final Scale Parameters: 
  c_iso: tensor([ 1.5208,  1.7122,  0.6563, -0.1963,  0.1296, -0.0729])
  U: tensor([ 0.6193,  0.5916,  0.5870,  0.0009, -0.0038, -0.0031])
  solvent.log_k_solvent: -0.9711167216300964
  solvent.log_ss_half: -3.9025392532348633
  solvent.log_n_exp: 1.2701001167297363
  solvent.phase_offset: 0.018529029563069344

============================================================
LBFGS Refinement - Cycle 1/10
============================================================
Refining scales with LBFGS...
Scale refinement complete. rwork: 0.4136, rfree: 0.3969

Final Scale Parameters: 
  c_iso: tensor([ 1.5234,  1.7203,  0.6551, -0.1942,  0.1284, -0.0721])
  U: tensor([ 0.6208,  0.5930,  0.5884,  0.0008, -0.0038, -0.0030])
  solvent.log_k_solvent: -0.9721141457557678
  solvent.log_ss_half: -3.9022316932678223
  solvent.log_n_exp: 1.2658171653747559
  solvent.phase_offset: 0.018236316740512848
After scaling: Rwork=0.4136, Rfree=0.3969
  VDW rebuild: max drift 2.38 Å > threshold 1.00 Å

Building VDW (non-bonded) restraints...
  Symmetry expansion: 31 valid (symop, offset) combos
  Grid: [7, 9, 8], 462/504 cells occupied, max 897 entries/cell
  Built 167751 VDW restraints, 17282 symmetry contacts

────────────────────────────────────────────────────────────────────
  XYZ Refinement
────────────────────────────────────────────────────────────────────

  adp (weight: 0.0200)
  ────────────────────────────────────────────────────────────────
    Metric                       Before      After     Change
    locality                     4724.1     4724.1     0.0000
    scaler_U                    16890.6    16890.6     0.0000
    scaler_log_scale           403364.8   403364.8     0.0000
    sigd                         2911.7     2911.7     0.0000
    simu                         7720.0     7720.0     0.0000

  geometry (weight: 0.2000)
  ────────────────────────────────────────────────────────────────
    Metric                       Before      After     Change
    angle                      -19427.9   -19881.4  -453.5000
    bond                       -14426.4   -15119.3  -692.9473
    chiral                    -197.7446  -228.2000   -30.4555
    nonbonded                  -37502.3   -44253.0    -6750.7
    planarity                   -8782.5    -8705.1   +77.4746
    torsion                      5423.3     5514.7   +91.4282

  other (weight: 1.0000)
  ────────────────────────────────────────────────────────────────
    Metric                       Before      After     Change
    xray                       164080.5   160469.1    -3611.5

  Group Totals
  ────────────────────────────────────────────────────────────────
    Group                        Before      After     Change
    adp                          8712.2     8712.2     0.0000
    geometry                   -14982.7   -16534.4    -1551.7
    xray                       164080.5   160469.1    -3611.5
────────────────────────────────────────────────────────────────────
  VDW rebuild: max drift 2.38 Å > threshold 1.00 Å

Building VDW (non-bonded) restraints...
  Symmetry expansion: 31 valid (symop, offset) combos
  Grid: [7, 9, 8], 462/504 cells occupied, max 897 entries/cell
  Built 167751 VDW restraints, 17282 symmetry contacts

────────────────────────────────────────────────────────────────────
  ADP Refinement
────────────────────────────────────────────────────────────────────

  adp (weight: 0.0200)
  ────────────────────────────────────────────────────────────────
    Metric                       Before      After     Change
    locality                     4691.7    24955.1   +20263.4
    scaler_U                    16890.6    16890.6     0.0000
    scaler_log_scale           403364.8   403364.8     0.0000
    sigd                         2911.7     3407.2  +495.5381
    simu                         7720.0    11624.3    +3904.3

  geometry (weight: 0.2000)
  ────────────────────────────────────────────────────────────────
    Metric                       Before      After     Change
    angle                      -19881.4   -19881.4     0.0000
    bond                       -15119.3   -15119.3     0.0000
    chiral                    -228.2000  -228.2000     0.0000
    nonbonded                  -44253.0   -44253.0     0.0000
    planarity                   -8705.1    -8705.1     0.0000
    torsion                      5514.7     5514.7     0.0000

  other (weight: 1.0000)
  ────────────────────────────────────────────────────────────────
    Metric                       Before      After     Change
    xray                       160469.1   158096.9    -2372.2

  Group Totals
  ────────────────────────────────────────────────────────────────
    Group                        Before      After     Change
    adp                          8711.6     9204.8  +493.2655
    geometry                   -16534.4   -16534.4     0.0000
    xray                       160469.1   158096.9    -2372.2
────────────────────────────────────────────────────────────────────

============================================================
LBFGS Refinement - Cycle 2/10
============================================================
Refining scales with LBFGS...
Scale refinement complete. rwork: 0.3240, rfree: 0.3477

Final Scale Parameters: 
  c_iso: tensor([ 1.4795,  1.6720,  0.5938, -0.2058,  0.1367, -0.0707])
  U: tensor([ 0.6034,  0.5769,  0.5736, -0.0018, -0.0013, -0.0057])
  solvent.log_k_solvent: -0.9812567830085754
  solvent.log_ss_half: -3.975795269012451
  solvent.log_n_exp: 1.150269865989685
  solvent.phase_offset: 0.02462807670235634
After scaling: Rwork=0.3240, Rfree=0.3477
  VDW rebuild: max drift 2.16 Å > threshold 1.00 Å

Building VDW (non-bonded) restraints...
  Symmetry expansion: 31 valid (symop, offset) combos
  Grid: [7, 9, 8], 462/504 cells occupied, max 897 entries/cell
  Built 167751 VDW restraints, 17282 symmetry contacts

────────────────────────────────────────────────────────────────────
  XYZ Refinement
────────────────────────────────────────────────────────────────────

  adp (weight: 0.0200)
  ────────────────────────────────────────────────────────────────
    Metric                       Before      After     Change
    locality                    24955.1    24955.1     0.0000
    scaler_U                    15997.0    15997.0     0.0000
    scaler_log_scale           361580.0   361580.0     0.0000
    sigd                         3407.2     3407.2     0.0000
    simu                        11624.3    11624.3     0.0000

  geometry (weight: 0.2000)
  ────────────────────────────────────────────────────────────────
    Metric                       Before      After     Change
    angle                      -19881.4   -20360.5  -479.1836
    bond                       -15119.3   -15289.7  -170.3604
    chiral                    -228.2000  -225.8326    +2.3674
    nonbonded                  -44253.0   -44243.7    +9.3750
    planarity                   -8705.1    -8851.7  -146.6680
    torsion                      5514.7     5463.3   -51.3950

  other (weight: 1.0000)
  ────────────────────────────────────────────────────────────────
    Metric                       Before      After     Change
    xray                       158066.3   155699.7    -2366.6

  Group Totals
  ────────────────────────────────────────────────────────────────
    Group                        Before      After     Change
    adp                          8351.3     8351.3     0.0000
    geometry                   -16534.4   -16701.6  -167.1730
    xray                       158066.3   155699.7    -2366.6
────────────────────────────────────────────────────────────────────
  VDW rebuild: max drift 2.16 Å > threshold 1.00 Å

Building VDW (non-bonded) restraints...
  Symmetry expansion: 31 valid (symop, offset) combos
  Grid: [7, 9, 8], 462/504 cells occupied, max 897 entries/cell
  Built 167751 VDW restraints, 17282 symmetry contacts

────────────────────────────────────────────────────────────────────
  ADP Refinement
────────────────────────────────────────────────────────────────────

  adp (weight: 0.0200)
  ────────────────────────────────────────────────────────────────
    Metric                       Before      After     Change
    locality                    24971.4    31752.0    +6780.6
    scaler_U                    15997.0    15997.0     0.0000
    scaler_log_scale           361580.0   361580.0     0.0000
    sigd                         3407.2     3526.5  +119.2764
    simu                        11624.3    13036.4    +1412.1

  geometry (weight: 0.2000)
  ────────────────────────────────────────────────────────────────
    Metric                       Before      After     Change
    angle                      -20360.5   -20360.5     0.0000
    bond                       -15289.7   -15289.7     0.0000
    chiral                    -225.8326  -225.8326     0.0000
    nonbonded                  -44243.7   -44243.7     0.0000
    planarity                   -8851.7    -8851.7     0.0000
    torsion                      5463.3     5463.3     0.0000

  other (weight: 1.0000)
  ────────────────────────────────────────────────────────────────
    Metric                       Before      After     Change
    xray                       155699.7   155256.4  -443.2656

  Group Totals
  ────────────────────────────────────────────────────────────────
    Group                        Before      After     Change
    adp                          8351.6     8517.8  +166.2396
    geometry                   -16701.6   -16701.6     0.0000
    xray                       155699.7   155256.4  -443.2656
────────────────────────────────────────────────────────────────────

============================================================
LBFGS Refinement - Cycle 3/10
============================================================
Refining scales with LBFGS...
Scale refinement complete. rwork: 0.2921, rfree: 0.3230

Final Scale Parameters: 
  c_iso: tensor([ 0.9789,  1.0148,  0.4512, -0.2207,  0.1381, -0.0798])
  U: tensor([ 0.4143,  0.3892,  0.3853, -0.0015, -0.0009, -0.0053])
  solvent.log_k_solvent: -0.9609665870666504
  solvent.log_ss_half: -3.83298397064209
  solvent.log_n_exp: 1.3948862552642822
  solvent.phase_offset: 0.032121479511260986
After scaling: Rwork=0.2921, Rfree=0.3230
  VDW rebuild: max drift 2.41 Å > threshold 1.00 Å

Building VDW (non-bonded) restraints...
  Symmetry expansion: 31 valid (symop, offset) combos
  Grid: [7, 9, 8], 462/504 cells occupied, max 897 entries/cell
  Built 167751 VDW restraints, 17282 symmetry contacts

────────────────────────────────────────────────────────────────────
  XYZ Refinement
────────────────────────────────────────────────────────────────────

  adp (weight: 0.0200)
  ────────────────────────────────────────────────────────────────
    Metric                       Before      After     Change
    locality                    31752.0    31752.0     0.0000
    scaler_U                     7350.5     7350.5     0.0000
    scaler_log_scale           153011.2   153011.2     0.0000
    sigd                         3526.5     3526.5     0.0000
    simu                        13036.4    13036.4     0.0000

  geometry (weight: 0.2000)
  ────────────────────────────────────────────────────────────────
    Metric                       Before      After     Change
    angle                      -20360.5   -20420.9   -60.3418
    bond                       -15289.7   -15262.7   +26.9541
    chiral                    -225.8326  -230.3429    -4.5103
    nonbonded                  -44243.7   -44357.0  -113.3477
    planarity                   -8851.7    -8844.2    +7.5674
    torsion                      5463.3     5499.9   +36.5825

  other (weight: 1.0000)
  ────────────────────────────────────────────────────────────────
    Metric                       Before      After     Change
    xray                       155244.1   154262.3  -981.8125

  Group Totals
  ────────────────────────────────────────────────────────────────
    Group                        Before      After     Change
    adp                          4173.5     4173.5     0.0000
    geometry                   -16701.6   -16723.0   -21.4195
    xray                       155244.1   154262.3  -981.8125
────────────────────────────────────────────────────────────────────
  VDW rebuild: max drift 2.41 Å > threshold 1.00 Å

Building VDW (non-bonded) restraints...
  Symmetry expansion: 31 valid (symop, offset) combos
  Grid: [7, 9, 8], 462/504 cells occupied, max 897 entries/cell
  Built 167751 VDW restraints, 17282 symmetry contacts

────────────────────────────────────────────────────────────────────
  ADP Refinement
────────────────────────────────────────────────────────────────────

  adp (weight: 0.0200)
  ────────────────────────────────────────────────────────────────
    Metric                       Before      After     Change
    locality                    31823.8    31513.1  -310.6465
    scaler_U                     7350.5     7350.5     0.0000
    scaler_log_scale           153011.2   153011.2     0.0000
    sigd                         3526.5     3449.9   -76.6292
    simu                        13036.4    13072.0   +35.5303

  geometry (weight: 0.2000)
  ────────────────────────────────────────────────────────────────
    Metric                       Before      After     Change
    angle                      -20420.9   -20420.9     0.0000
    bond                       -15262.7   -15262.7     0.0000
    chiral                    -230.3429  -230.3429     0.0000
    nonbonded                  -44357.0   -44357.0     0.0000
    planarity                   -8844.2    -8844.2     0.0000
    torsion                      5499.9     5499.9     0.0000

  other (weight: 1.0000)
  ────────────────────────────────────────────────────────────────
    Metric                       Before      After     Change
    xray                       154262.3   154073.9  -188.3906

  Group Totals
  ────────────────────────────────────────────────────────────────
    Group                        Before      After     Change
    adp                          4175.0     4167.9    -7.0349
    geometry                   -16723.0   -16723.0     0.0000
    xray                       154262.3   154073.9  -188.3906
────────────────────────────────────────────────────────────────────

============================================================
LBFGS Refinement - Cycle 4/10
============================================================
Refining scales with LBFGS...
Scale refinement complete. rwork: 0.2796, rfree: 0.3177

Final Scale Parameters: 
  c_iso: tensor([ 0.8028,  0.7976,  0.4026, -0.2224,  0.1394, -0.0826])
  U: tensor([ 0.3491,  0.3252,  0.3212, -0.0015, -0.0014, -0.0048])
  solvent.log_k_solvent: -0.955521821975708
  solvent.log_ss_half: -3.7707574367523193
  solvent.log_n_exp: 1.5974401235580444
  solvent.phase_offset: 0.03219807520508766
After scaling: Rwork=0.2796, Rfree=0.3177
  VDW rebuild: max drift 2.76 Å > threshold 1.00 Å

Building VDW (non-bonded) restraints...
  Symmetry expansion: 31 valid (symop, offset) combos
  Grid: [7, 9, 8], 462/504 cells occupied, max 897 entries/cell
  Built 167751 VDW restraints, 17282 symmetry contacts

────────────────────────────────────────────────────────────────────
  XYZ Refinement
────────────────────────────────────────────────────────────────────

  adp (weight: 0.0200)
  ────────────────────────────────────────────────────────────────
    Metric                       Before      After     Change
    locality                    31513.1    31513.1     0.0000
    scaler_U                     5153.4     5153.4     0.0000
    scaler_log_scale           103044.2   103044.2     0.0000
    sigd                         3449.9     3449.9     0.0000
    simu                        13072.0    13072.0     0.0000

  geometry (weight: 0.2000)
  ────────────────────────────────────────────────────────────────
    Metric                       Before      After     Change
    angle                      -20420.9   -20530.6  -109.7109
    bond                       -15262.7   -15310.4   -47.6357
    chiral                    -230.3429  -229.4691    +0.8738
    nonbonded                  -44357.0   -44378.5   -21.5352
    planarity                   -8844.2    -8880.8   -36.6025
    torsion                      5499.9     5502.3    +2.3511

  other (weight: 1.0000)
  ────────────────────────────────────────────────────────────────
    Metric                       Before      After     Change
    xray                       154073.9   153702.9  -371.0156

  Group Totals
  ────────────────────────────────────────────────────────────────
    Group                        Before      After     Change
    adp                          3124.7     3124.7     0.0000
    geometry                   -16723.0   -16765.5   -42.4516
    xray                       154073.9   153702.9  -371.0156
────────────────────────────────────────────────────────────────────
  VDW rebuild: max drift 2.76 Å > threshold 1.00 Å

Building VDW (non-bonded) restraints...
  Symmetry expansion: 31 valid (symop, offset) combos
  Grid: [7, 9, 8], 462/504 cells occupied, max 897 entries/cell
  Built 167751 VDW restraints, 17282 symmetry contacts

────────────────────────────────────────────────────────────────────
  ADP Refinement
────────────────────────────────────────────────────────────────────

  adp (weight: 0.0200)
  ────────────────────────────────────────────────────────────────
    Metric                       Before      After     Change
    locality                    31516.3    31735.2  +218.8809
    scaler_U                     5153.4     5153.4     0.0000
    scaler_log_scale           103044.2   103044.2     0.0000
    sigd                         3449.9     3430.1   -19.7971
    simu                        13072.0    12945.5  -126.4678

  geometry (weight: 0.2000)
  ────────────────────────────────────────────────────────────────
    Metric                       Before      After     Change
    angle                      -20530.6   -20530.6     0.0000
    bond                       -15310.4   -15310.4     0.0000
    chiral                    -229.4691  -229.4691     0.0000
    nonbonded                  -44378.5   -44378.5     0.0000
    planarity                   -8880.8    -8880.8     0.0000
    torsion                      5502.3     5502.3     0.0000

  other (weight: 1.0000)
  ────────────────────────────────────────────────────────────────
    Metric                       Before      After     Change
    xray                       153702.9   153673.4   -29.4844

  Group Totals
  ────────────────────────────────────────────────────────────────
    Group                        Before      After     Change
    adp                          3124.7     3126.2    +1.4523
    geometry                   -16765.5   -16765.5     0.0000
    xray                       153702.9   153673.4   -29.4844
────────────────────────────────────────────────────────────────────

============================================================
LBFGS Refinement - Cycle 5/10
============================================================
Refining scales with LBFGS...
Scale refinement complete. rwork: 0.2748, rfree: 0.3128

Final Scale Parameters: 
  c_iso: tensor([ 0.8033,  0.8047,  0.4013, -0.2167,  0.1356, -0.0804])
  U: tensor([ 0.3531,  0.3284,  0.3249, -0.0011, -0.0020, -0.0042])
  solvent.log_k_solvent: -0.9551713466644287
  solvent.log_ss_half: -3.7638771533966064
  solvent.log_n_exp: 1.600006103515625
  solvent.phase_offset: 0.02428312413394451
After scaling: Rwork=0.2748, Rfree=0.3128
  VDW rebuild: max drift 3.12 Å > threshold 1.00 Å

Building VDW (non-bonded) restraints...
  Symmetry expansion: 31 valid (symop, offset) combos
  Grid: [7, 9, 8], 462/504 cells occupied, max 897 entries/cell
  Built 167751 VDW restraints, 17282 symmetry contacts

────────────────────────────────────────────────────────────────────
  XYZ Refinement
────────────────────────────────────────────────────────────────────

  adp (weight: 0.0200)
  ────────────────────────────────────────────────────────────────
    Metric                       Before      After     Change
    locality                    31735.2    31735.2     0.0000
    scaler_U                     5267.3     5267.3     0.0000
    scaler_log_scale           104124.0   104124.0     0.0000
    sigd                         3430.1     3430.1     0.0000
    simu                        12945.5    12945.5     0.0000

  geometry (weight: 0.2000)
  ────────────────────────────────────────────────────────────────
    Metric                       Before      After     Change
    angle                      -20530.6   -20552.5   -21.9141
    bond                       -15310.4   -15310.3    +0.0811
    chiral                    -229.4691  -232.6606    -3.1915
    nonbonded                  -44378.5   -44406.9   -28.3438
    planarity                   -8880.8    -8878.0    +2.7598
    torsion                      5502.3     5521.7   +19.3892

  other (weight: 1.0000)
  ────────────────────────────────────────────────────────────────
    Metric                       Before      After     Change
    xray                       153740.3   153346.6  -393.6719

  Group Totals
  ────────────────────────────────────────────────────────────────
    Group                        Before      After     Change
    adp                          3150.0     3150.0     0.0000
    geometry                   -16765.5   -16771.7    -6.2443
    xray                       153740.3   153346.6  -393.6719
────────────────────────────────────────────────────────────────────
  VDW rebuild: max drift 3.12 Å > threshold 1.00 Å

Building VDW (non-bonded) restraints...
  Symmetry expansion: 31 valid (symop, offset) combos
  Grid: [7, 9, 8], 462/504 cells occupied, max 897 entries/cell
  Built 167751 VDW restraints, 17282 symmetry contacts

────────────────────────────────────────────────────────────────────
  ADP Refinement
────────────────────────────────────────────────────────────────────

  adp (weight: 0.0200)
  ────────────────────────────────────────────────────────────────
    Metric                       Before      After     Change
    locality                    31772.6    31257.3  -515.3359
    scaler_U                     5267.3     5267.3     0.0000
    scaler_log_scale           104124.0   104124.0     0.0000
    sigd                         3430.1     3397.3   -32.8208
    simu                        12945.5    12851.0   -94.5029

  geometry (weight: 0.2000)
  ────────────────────────────────────────────────────────────────
    Metric                       Before      After     Change
    angle                      -20552.5   -20552.5     0.0000
    bond                       -15310.3   -15310.3     0.0000
    chiral                    -232.6606  -232.6606     0.0000
    nonbonded                  -44406.9   -44406.9     0.0000
    planarity                   -8878.0    -8878.0     0.0000
    torsion                      5521.7     5521.7     0.0000

  other (weight: 1.0000)
  ────────────────────────────────────────────────────────────────
    Metric                       Before      After     Change
    xray                       153346.6   153296.7   -49.8906

  Group Totals
  ────────────────────────────────────────────────────────────────
    Group                        Before      After     Change
    adp                          3150.8     3137.9   -12.8532
    geometry                   -16771.7   -16771.7     0.0000
    xray                       153346.6   153296.7   -49.8906
────────────────────────────────────────────────────────────────────

============================================================
LBFGS Refinement - Cycle 6/10
============================================================
Refining scales with LBFGS...
Scale refinement complete. rwork: 0.2722, rfree: 0.3099

Final Scale Parameters: 
  c_iso: tensor([ 0.8368,  0.8585,  0.4071, -0.2144,  0.1347, -0.0792])
  U: tensor([ 0.3690,  0.3443,  0.3407, -0.0011, -0.0021, -0.0036])
  solvent.log_k_solvent: -0.9622116088867188
  solvent.log_ss_half: -3.769009828567505
  solvent.log_n_exp: 1.6224355697631836
  solvent.phase_offset: 0.021898726001381874
After scaling: Rwork=0.2722, Rfree=0.3099
  VDW rebuild: max drift 3.28 Å > threshold 1.00 Å

Building VDW (non-bonded) restraints...
  Symmetry expansion: 31 valid (symop, offset) combos
  Grid: [7, 9, 8], 462/504 cells occupied, max 897 entries/cell
  Built 167751 VDW restraints, 17282 symmetry contacts

────────────────────────────────────────────────────────────────────
  XYZ Refinement
────────────────────────────────────────────────────────────────────

  adp (weight: 0.0200)
  ────────────────────────────────────────────────────────────────
    Metric                       Before      After     Change
    locality                    31257.3    31257.3     0.0000
    scaler_U                     5777.7     5777.7     0.0000
    scaler_log_scale           114249.6   114249.6     0.0000
    sigd                         3397.3     3397.3     0.0000
    simu                        12851.0    12851.0     0.0000

  geometry (weight: 0.2000)
  ────────────────────────────────────────────────────────────────
    Metric                       Before      After     Change
    angle                      -20552.5   -20518.0   +34.4980
    bond                       -15310.3   -15303.4    +6.8965
    chiral                    -232.6606  -231.0380    +1.6226
    nonbonded                  -44406.9   -44400.2    +6.6602
    planarity                   -8878.0    -8883.5    -5.4600
    torsion                      5521.7     5513.0    -8.6880

  other (weight: 1.0000)
  ────────────────────────────────────────────────────────────────
    Metric                       Before      After     Change
    xray                       153338.6   153124.5  -214.0469

  Group Totals
  ────────────────────────────────────────────────────────────────
    Group                        Before      After     Change
    adp                          3350.7     3350.7     0.0000
    geometry                   -16771.7   -16764.6    +7.1063
    xray                       153338.6   153124.5  -214.0469
────────────────────────────────────────────────────────────────────
  VDW rebuild: max drift 3.28 Å > threshold 1.00 Å

Building VDW (non-bonded) restraints...
  Symmetry expansion: 31 valid (symop, offset) combos
  Grid: [7, 9, 8], 462/504 cells occupied, max 897 entries/cell
  Built 167751 VDW restraints, 17282 symmetry contacts

────────────────────────────────────────────────────────────────────
  ADP Refinement
────────────────────────────────────────────────────────────────────

  adp (weight: 0.0200)
  ────────────────────────────────────────────────────────────────
    Metric                       Before      After     Change
    locality                    31250.7    31496.5  +245.7363
    scaler_U                     5777.7     5777.7     0.0000
    scaler_log_scale           114249.6   114249.6     0.0000
    sigd                         3397.3     3396.9    -0.4065
    simu                        12851.0    12762.2   -88.8398

  geometry (weight: 0.2000)
  ────────────────────────────────────────────────────────────────
    Metric                       Before      After     Change
    angle                      -20518.0   -20518.0     0.0000
    bond                       -15303.4   -15303.4     0.0000
    chiral                    -231.0380  -231.0380     0.0000
    nonbonded                  -44400.2   -44400.2     0.0000
    planarity                   -8883.5    -8883.5     0.0000
    torsion                      5513.0     5513.0     0.0000

  other (weight: 1.0000)
  ────────────────────────────────────────────────────────────────
    Metric                       Before      After     Change
    xray                       153124.5   153112.5   -12.0469

  Group Totals
  ────────────────────────────────────────────────────────────────
    Group                        Before      After     Change
    adp                          3350.5     3353.7    +3.1298
    geometry                   -16764.6   -16764.6     0.0000
    xray                       153124.5   153112.5   -12.0469
────────────────────────────────────────────────────────────────────

============================================================
LBFGS Refinement - Cycle 7/10
============================================================
Refining scales with LBFGS...
Scale refinement complete. rwork: 0.2709, rfree: 0.3109

Final Scale Parameters: 
  c_iso: tensor([ 0.8368,  0.8573,  0.4093, -0.2126,  0.1337, -0.0789])
  U: tensor([ 0.3711,  0.3462,  0.3425, -0.0010, -0.0023, -0.0034])
  solvent.log_k_solvent: -0.961675763130188
  solvent.log_ss_half: -3.769237518310547
  solvent.log_n_exp: 1.6211767196655273
  solvent.phase_offset: 0.024492226541042328
After scaling: Rwork=0.2709, Rfree=0.3109
  VDW rebuild: max drift 3.42 Å > threshold 1.00 Å

Building VDW (non-bonded) restraints...
  Symmetry expansion: 31 valid (symop, offset) combos
  Grid: [7, 9, 8], 462/504 cells occupied, max 897 entries/cell
  Built 167751 VDW restraints, 17282 symmetry contacts

────────────────────────────────────────────────────────────────────
  XYZ Refinement
────────────────────────────────────────────────────────────────────

  adp (weight: 0.0200)
  ────────────────────────────────────────────────────────────────
    Metric                       Before      After     Change
    locality                    31496.5    31496.5     0.0000
    scaler_U                     5841.4     5841.4     0.0000
    scaler_log_scale           114597.1   114597.1     0.0000
    sigd                         3396.9     3396.9     0.0000
    simu                        12762.2    12762.2     0.0000

  geometry (weight: 0.2000)
  ────────────────────────────────────────────────────────────────
    Metric                       Before      After     Change
    angle                      -20518.0   -20493.5   +24.5645
    bond                       -15303.4   -15291.9   +11.4570
    chiral                    -231.0380  -233.2861    -2.2481
    nonbonded                  -44400.2   -44407.2    -6.9922
    planarity                   -8883.5    -8874.1    +9.3818
    torsion                      5513.0     5518.5    +5.4868

  other (weight: 1.0000)
  ────────────────────────────────────────────────────────────────
    Metric                       Before      After     Change
    xray                       153167.7   152949.3  -218.4375

  Group Totals
  ────────────────────────────────────────────────────────────────
    Group                        Before      After     Change
    adp                          3361.9     3361.9     0.0000
    geometry                   -16764.6   -16756.3    +8.3298
    xray                       153167.7   152949.3  -218.4375
────────────────────────────────────────────────────────────────────
  VDW rebuild: max drift 3.42 Å > threshold 1.00 Å

Building VDW (non-bonded) restraints...
  Symmetry expansion: 31 valid (symop, offset) combos
  Grid: [7, 9, 8], 462/504 cells occupied, max 897 entries/cell
  Built 167751 VDW restraints, 17282 symmetry contacts

────────────────────────────────────────────────────────────────────
  ADP Refinement
────────────────────────────────────────────────────────────────────

  adp (weight: 0.0200)
  ────────────────────────────────────────────────────────────────
    Metric                       Before      After     Change
    locality                    31504.2    30881.8  -622.3379
    scaler_U                     5841.4     5841.4     0.0000
    scaler_log_scale           114597.1   114597.1     0.0000
    sigd                         3396.9     3380.0   -16.8403
    simu                        12762.2    12542.9  -219.2324

  geometry (weight: 0.2000)
  ────────────────────────────────────────────────────────────────
    Metric                       Before      After     Change
    angle                      -20493.5   -20493.5     0.0000
    bond                       -15291.9   -15291.9     0.0000
    chiral                    -233.2861  -233.2861     0.0000
    nonbonded                  -44407.2   -44407.2     0.0000
    planarity                   -8874.1    -8874.1     0.0000
    torsion                      5518.5     5518.5     0.0000

  other (weight: 1.0000)
  ────────────────────────────────────────────────────────────────
    Metric                       Before      After     Change
    xray                       152949.3   152947.5    -1.7188

  Group Totals
  ────────────────────────────────────────────────────────────────
    Group                        Before      After     Change
    adp                          3362.0     3344.9   -17.1682
    geometry                   -16756.3   -16756.3     0.0000
    xray                       152949.3   152947.5    -1.7188
────────────────────────────────────────────────────────────────────

============================================================
LBFGS Refinement - Cycle 8/10
============================================================
Refining scales with LBFGS...
Scale refinement complete. rwork: 0.2703, rfree: 0.3118

Final Scale Parameters: 
  c_iso: tensor([ 0.8400,  0.8533,  0.4149, -0.2168,  0.1370, -0.0807])
  U: tensor([ 0.3731,  0.3487,  0.3452, -0.0010, -0.0024, -0.0037])
  solvent.log_k_solvent: -0.9607601761817932
  solvent.log_ss_half: -3.7795517444610596
  solvent.log_n_exp: 1.607720136642456
  solvent.phase_offset: 0.024271246045827866
After scaling: Rwork=0.2703, Rfree=0.3118
  VDW rebuild: max drift 3.47 Å > threshold 1.00 Å

Building VDW (non-bonded) restraints...
  Symmetry expansion: 31 valid (symop, offset) combos
  Grid: [7, 9, 8], 462/504 cells occupied, max 897 entries/cell
  Built 167751 VDW restraints, 17282 symmetry contacts

────────────────────────────────────────────────────────────────────
  XYZ Refinement
────────────────────────────────────────────────────────────────────

  adp (weight: 0.0200)
  ────────────────────────────────────────────────────────────────
    Metric                       Before      After     Change
    locality                    30881.8    30881.8     0.0000
    scaler_U                     5920.1     5920.1     0.0000
    scaler_log_scale           114965.3   114965.3     0.0000
    sigd                         3380.0     3380.0     0.0000
    simu                        12542.9    12542.9     0.0000

  geometry (weight: 0.2000)
  ────────────────────────────────────────────────────────────────
    Metric                       Before      After     Change
    angle                      -20493.5   -20448.8   +44.6660
    bond                       -15291.9   -15282.0    +9.9668
    chiral                    -233.2861  -232.6767    +0.6095
    nonbonded                  -44407.2   -44394.9   +12.2734
    planarity                   -8874.1    -8882.6    -8.5342
    torsion                      5518.5     5512.4    -6.0293

  other (weight: 1.0000)
  ────────────────────────────────────────────────────────────────
    Metric                       Before      After     Change
    xray                       152993.8   152889.0  -104.7500

  Group Totals
  ────────────────────────────────────────────────────────────────
    Group                        Before      After     Change
    adp                          3353.8     3353.8     0.0000
    geometry                   -16756.3   -16745.7   +10.5909
    xray                       152993.8   152889.0  -104.7500
────────────────────────────────────────────────────────────────────
  VDW rebuild: max drift 3.47 Å > threshold 1.00 Å

Building VDW (non-bonded) restraints...
  Symmetry expansion: 31 valid (symop, offset) combos
  Grid: [7, 9, 8], 462/504 cells occupied, max 897 entries/cell
  Built 167751 VDW restraints, 17282 symmetry contacts

────────────────────────────────────────────────────────────────────
  ADP Refinement
────────────────────────────────────────────────────────────────────

  adp (weight: 0.0200)
  ────────────────────────────────────────────────────────────────
    Metric                       Before      After     Change
    locality                    30872.8    30572.9  -299.8555
    scaler_U                     5920.1     5920.1     0.0000
    scaler_log_scale           114965.3   114965.3     0.0000
    sigd                         3380.0     3373.6    -6.3848
    simu                        12542.9    12352.0  -190.9746

  geometry (weight: 0.2000)
  ────────────────────────────────────────────────────────────────
    Metric                       Before      After     Change
    angle                      -20448.8   -20448.8     0.0000
    bond                       -15282.0   -15282.0     0.0000
    chiral                    -232.6767  -232.6767     0.0000
    nonbonded                  -44394.9   -44394.9     0.0000
    planarity                   -8882.6    -8882.6     0.0000
    torsion                      5512.4     5512.4     0.0000

  other (weight: 1.0000)
  ────────────────────────────────────────────────────────────────
    Metric                       Before      After     Change
    xray                       152889.0   152949.3   +60.2656

  Group Totals
  ────────────────────────────────────────────────────────────────
    Group                        Before      After     Change
    adp                          3353.6     3343.7    -9.9443
    geometry                   -16745.7   -16745.7     0.0000
    xray                       152889.0   152949.3   +60.2656
────────────────────────────────────────────────────────────────────

============================================================
LBFGS Refinement - Cycle 9/10
============================================================
Refining scales with LBFGS...
Scale refinement complete. rwork: 0.2698, rfree: 0.3143

Final Scale Parameters: 
  c_iso: tensor([ 0.8395,  0.8527,  0.4175, -0.2163,  0.1367, -0.0808])
  U: tensor([ 0.3754,  0.3510,  0.3476, -0.0007, -0.0027, -0.0038])
  solvent.log_k_solvent: -0.9602585434913635
  solvent.log_ss_half: -3.7730607986450195
  solvent.log_n_exp: 1.6054232120513916
  solvent.phase_offset: 0.02770228683948517
After scaling: Rwork=0.2698, Rfree=0.3143
  VDW rebuild: max drift 3.51 Å > threshold 1.00 Å

Building VDW (non-bonded) restraints...
  Symmetry expansion: 31 valid (symop, offset) combos
  Grid: [7, 9, 8], 462/504 cells occupied, max 897 entries/cell
  Built 167751 VDW restraints, 17282 symmetry contacts

────────────────────────────────────────────────────────────────────
  XYZ Refinement
────────────────────────────────────────────────────────────────────

  adp (weight: 0.0200)
  ────────────────────────────────────────────────────────────────
    Metric                       Before      After     Change
    locality                    30572.9    30572.9     0.0000
    scaler_U                     5998.9     5998.9     0.0000
    scaler_log_scale           115498.3   115498.3     0.0000
    sigd                         3373.6     3373.6     0.0000
    simu                        12352.0    12352.0     0.0000

  geometry (weight: 0.2000)
  ────────────────────────────────────────────────────────────────
    Metric                       Before      After     Change
    angle                      -20448.8   -20494.4   -45.6445
    bond                       -15282.0   -15293.0   -11.0703
    chiral                    -232.6767  -233.8522    -1.1755
    nonbonded                  -44394.9   -44404.1    -9.1445
    planarity                   -8882.6    -8880.8    +1.8584
    torsion                      5512.4     5515.7    +3.2715

  other (weight: 1.0000)
  ────────────────────────────────────────────────────────────────
    Metric                       Before      After     Change
    xray                       153011.3   152902.4  -108.9688

  Group Totals
  ────────────────────────────────────────────────────────────────
    Group                        Before      After     Change
    adp                          3355.9     3355.9     0.0000
    geometry                   -16745.7   -16758.1   -12.3813
    xray                       153011.3   152902.4  -108.9688
────────────────────────────────────────────────────────────────────
  VDW rebuild: max drift 3.51 Å > threshold 1.00 Å

Building VDW (non-bonded) restraints...
  Symmetry expansion: 31 valid (symop, offset) combos
  Grid: [7, 9, 8], 462/504 cells occupied, max 897 entries/cell
  Built 167751 VDW restraints, 17282 symmetry contacts

────────────────────────────────────────────────────────────────────
  ADP Refinement
────────────────────────────────────────────────────────────────────

  adp (weight: 0.0200)
  ────────────────────────────────────────────────────────────────
    Metric                       Before      After     Change
    locality                    30566.5    30367.1  -199.4727
    scaler_U                     5998.9     5998.9     0.0000
    scaler_log_scale           115498.3   115498.3     0.0000
    sigd                         3373.6     3373.5    -0.1333
    simu                        12352.0    12174.5  -177.4248

  geometry (weight: 0.2000)
  ────────────────────────────────────────────────────────────────
    Metric                       Before      After     Change
    angle                      -20494.4   -20494.4     0.0000
    bond                       -15293.0   -15293.0     0.0000
    chiral                    -233.8522  -233.8522     0.0000
    nonbonded                  -44404.1   -44404.1     0.0000
    planarity                   -8880.8    -8880.8     0.0000
    torsion                      5515.7     5515.7     0.0000

  other (weight: 1.0000)
  ────────────────────────────────────────────────────────────────
    Metric                       Before      After     Change
    xray                       152902.4   152949.4   +47.0312

  Group Totals
  ────────────────────────────────────────────────────────────────
    Group                        Before      After     Change
    adp                          3355.8     3348.2    -7.5406
    geometry                   -16758.1   -16758.1     0.0000
    xray                       152902.4   152949.4   +47.0312
────────────────────────────────────────────────────────────────────

============================================================
LBFGS Refinement - Cycle 10/10
============================================================
Refining scales with LBFGS...
Scale refinement complete. rwork: 0.2699, rfree: 0.3146

Final Scale Parameters: 
  c_iso: tensor([ 0.8380,  0.8527,  0.4165, -0.2155,  0.1365, -0.0803])
  U: tensor([ 0.3775,  0.3535,  0.3499, -0.0007, -0.0026, -0.0039])
  solvent.log_k_solvent: -0.9597887992858887
  solvent.log_ss_half: -3.775041341781616
  solvent.log_n_exp: 1.604495882987976
  solvent.phase_offset: 0.02896597981452942
After scaling: Rwork=0.2699, Rfree=0.3146
  VDW rebuild: max drift 3.54 Å > threshold 1.00 Å

Building VDW (non-bonded) restraints...
  Symmetry expansion: 31 valid (symop, offset) combos
  Grid: [7, 9, 8], 462/504 cells occupied, max 897 entries/cell
  Built 167751 VDW restraints, 17282 symmetry contacts

────────────────────────────────────────────────────────────────────
  XYZ Refinement
────────────────────────────────────────────────────────────────────

  adp (weight: 0.0200)
  ────────────────────────────────────────────────────────────────
    Metric                       Before      After     Change
    locality                    30367.1    30367.1     0.0000
    scaler_U                     6076.5     6076.5     0.0000
    scaler_log_scale           115248.7   115248.7     0.0000
    sigd                         3373.5     3373.5     0.0000
    simu                        12174.5    12174.5     0.0000

  geometry (weight: 0.2000)
  ────────────────────────────────────────────────────────────────
    Metric                       Before      After     Change
    angle                      -20494.4   -20480.0   +14.4180
    bond                       -15293.0   -15292.5    +0.5781
    chiral                    -233.8522  -233.3184    +0.5338
    nonbonded                  -44404.1   -44401.2    +2.8984
    planarity                   -8880.8    -8884.1    -3.3145
    torsion                      5515.7     5513.4    -2.3125

  other (weight: 1.0000)
  ────────────────────────────────────────────────────────────────
    Metric                       Before      After     Change
    xray                       153010.0   152927.0   -83.0000

  Group Totals
  ────────────────────────────────────────────────────────────────
    Group                        Before      After     Change
    adp                          3344.8     3344.8     0.0000
    geometry                   -16758.1   -16755.5    +2.5598
    xray                       153010.0   152927.0   -83.0000
────────────────────────────────────────────────────────────────────
  VDW rebuild: max drift 3.54 Å > threshold 1.00 Å

Building VDW (non-bonded) restraints...
  Symmetry expansion: 31 valid (symop, offset) combos
  Grid: [7, 9, 8], 462/504 cells occupied, max 897 entries/cell
  Built 167751 VDW restraints, 17282 symmetry contacts

────────────────────────────────────────────────────────────────────
  ADP Refinement
────────────────────────────────────────────────────────────────────

  adp (weight: 0.0200)
  ────────────────────────────────────────────────────────────────
    Metric                       Before      After     Change
    locality                    30366.5    30248.8  -117.7363
    scaler_U                     6076.5     6076.5     0.0000
    scaler_log_scale           115248.7   115248.7     0.0000
    sigd                         3373.5     3376.1    +2.6406
    simu                        12174.5    12027.2  -147.3428

  geometry (weight: 0.2000)
  ────────────────────────────────────────────────────────────────
    Metric                       Before      After     Change
    angle                      -20480.0   -20480.0     0.0000
    bond                       -15292.5   -15292.5     0.0000
    chiral                    -233.3184  -233.3184     0.0000
    nonbonded                  -44401.2   -44401.2     0.0000
    planarity                   -8884.1    -8884.1     0.0000
    torsion                      5513.4     5513.4     0.0000

  other (weight: 1.0000)
  ────────────────────────────────────────────────────────────────
    Metric                       Before      After     Change
    xray                       152927.0   152986.9   +59.8906

  Group Totals
  ────────────────────────────────────────────────────────────────
    Group                        Before      After     Change
    adp                          3344.8     3339.5    -5.2488
    geometry                   -16755.5   -16755.5     0.0000
    xray                       152927.0   152986.9   +59.8906
────────────────────────────────────────────────────────────────────
Calculating initial scale factors using 10 bins.
Refining scales with LBFGS...
Scale refinement complete. rwork: 0.2699, rfree: 0.3150

Final Scale Parameters: 
  c_iso: tensor([ 0.9653,  1.0301,  0.4468, -0.2075,  0.1313, -0.0773])
  U: tensor([ 0.4299,  0.4057,  0.4022, -0.0006, -0.0028, -0.0041])
  solvent.log_k_solvent: -0.970041811466217
  solvent.log_ss_half: -3.8036797046661377
  solvent.log_n_exp: 1.490300178527832
  solvent.phase_offset: 0.026818176731467247

Refinement completed successfully.

Saving results to /das/work/units/LBR-FEL/p17490/Peter/Library/work_trees_torchref/alignement/alignment_lab/benchmarks/af_mr/runs/dmin4.0/1WDV/refine_torchref_mr...
  Refined structure (PDB): /das/work/units/LBR-FEL/p17490/Peter/Library/work_trees_torchref/alignement/alignment_lab/benchmarks/af_mr/runs/dmin4.0/1WDV/refine_torchref_mr/refined.pdb
  Refined structure (mmCIF): /das/work/units/LBR-FEL/p17490/Peter/Library/work_trees_torchref/alignement/alignment_lab/benchmarks/af_mr/runs/dmin4.0/1WDV/refine_torchref_mr/refined.cif
Added map coefficients:
  2Fo-Fc: FWT, PHWT
  Fo-Fc: DELFWT, PHDELWT
  Resolution range: 1.70 - 29.98 Å
✓ Wrote MTZ file: /das/work/units/LBR-FEL/p17490/Peter/Library/work_trees_torchref/alignement/alignment_lab/benchmarks/af_mr/runs/dmin4.0/1WDV/refine_torchref_mr/refined.mtz
  Reflections: 31203
  Columns: H, K, L, F-obs, SIGF-obs, R-free-flags, FWT, PHWT, DELFWT, PHDELWT, F-model, PH-model
  Refined structure factors: /das/work/units/LBR-FEL/p17490/Peter/Library/work_trees_torchref/alignement/alignment_lab/benchmarks/af_mr/runs/dmin4.0/1WDV/refine_torchref_mr/refined.mtz
  Refinement history: /das/work/units/LBR-FEL/p17490/Peter/Library/work_trees_torchref/alignement/alignment_lab/benchmarks/af_mr/runs/dmin4.0/1WDV/refine_torchref_mr/refinement_history.json

================================================================================
Refinement Summary
================================================================================
R-work:  0.2699 (30583 reflections)
R-free:  0.3150 (620 reflections)
NLL work: 153061.70
NLL test: 3163.20
================================================================================

Output files:
  - /das/work/units/LBR-FEL/p17490/Peter/Library/work_trees_torchref/alignement/alignment_lab/benchmarks/af_mr/runs/dmin4.0/1WDV/refine_torchref_mr/refined.pdb
  - /das/work/units/LBR-FEL/p17490/Peter/Library/work_trees_torchref/alignement/alignment_lab/benchmarks/af_mr/runs/dmin4.0/1WDV/refine_torchref_mr/refined.cif
  - /das/work/units/LBR-FEL/p17490/Peter/Library/work_trees_torchref/alignement/alignment_lab/benchmarks/af_mr/runs/dmin4.0/1WDV/refine_torchref_mr/refined.mtz
  - /das/work/units/LBR-FEL/p17490/Peter/Library/work_trees_torchref/alignement/alignment_lab/benchmarks/af_mr/runs/dmin4.0/1WDV/refine_torchref_mr/refinement_history.json

Refinement completed successfully!

Timing: 800.0s wall, 790.4s CPU
