/das/work/units/LBR-FEL/p17490/Peter/Library/work_trees_torchref/alignement/torchref/cli/refine.py:21: UserWarning: TorchRef using user-specified 8 threads from TORCHREF_NUM_THREADS.
  from torchref.cli._common import (
================================================================================
TorchRef LBFGS Refinement
================================================================================
Model:             /das/work/units/LBR-FEL/p17490/Peter/Library/work_trees_torchref/dev/paper/figure2_alphafold_start/placed/4U7A_af.pdb
Structure factor:  /das/work/units/LBR-FEL/p17490/Peter/Library/work_trees_torchref/dev/paper/data/4U7A/4U7A.mtz
Output directory:  /das/work/units/LBR-FEL/p17490/Peter/Library/work_trees_torchref/alignement/alignment_lab/benchmarks/af_mr/runs/dmin4.0/4U7A/refine_phaser_mr
Refinement mode:   separate
X-ray target:      ml
Refinement cycles: 10
Rigid-body step:   on (iterations/cutoff = 30)
Device:            auto
ADP mode:          isotropic
Wavelength:        1 A
Manual weights:    {"adp": 0.02}
================================================================================

Initializing refinement...
FrenchWilson initialized:
  Reflections: 68912
  Resolution: 1.60 - 79.11 Å
  Space group: SpaceGroup('P212121', number=19, n_ops=4)
  Centric: 6465 (9.4%)
French-Wilson input guard: 1334/68912 (1.9358%) reflections unusable as intensities (absent, or too negative to be a noisy measurement)
found non-finite F values (NaN/Inf):  1330
found non-finite F_sigma values (NaN/Inf):  1330
Wilson outlier rejection: 3/62904 (0.0048%) of tested reflections flagged (0 too strong, 3 too weak)
Loaded 2859 atoms
Building restraints...
Found 109 link definitions

Building VDW (non-bonded) restraints...
  Symmetry expansion: 13 valid (symop, offset) combos
  Grid: [8, 10, 26], 954/2080 cells occupied, max 95 entries/cell
  Built 49717 VDW restraints, 2302 symmetry contacts
  Hydrogen topology: 2863 riding H atoms
  H candidate pairs: 120203 (29615 H-H, 90588 H-heavy, 4612 symmetry)
================================================================================
Restraints Summary
================================================================================
CIF file: None
Residue types in dictionary: 20

INTRA-RESIDUE RESTRAINTS:
--------------------------------------------------------------------------------
  Bonds: 2582
  Angles: 2904
  Torsions: 760
  Planes: 556
  Chirals: 441

INTER-RESIDUE RESTRAINTS:
--------------------------------------------------------------------------------
  Peptide bonds: 354
  Peptide angles: 1083
  Disulfide bonds: 0
  Disulfide angles: 0
  Disulfide torsions: 0
  LINK bonds: 0

BACKBONE TORSIONS:
--------------------------------------------------------------------------------
  Phi: 354
  Psi: 354
  Omega: 354
  Ramachandran: 352

VDW RESTRAINTS:
--------------------------------------------------------------------------------
  Non-bonded contacts: 49717 (47415 intra-ASU, 2302 symmetry)
================================================================================
Generated 2863 hydrogens
ADP representation: isotropic, 5722 parameters, 11.6 work reflections each
Initialized ScalerBase with 10 bins.
Building restraints...

Building VDW (non-bonded) restraints...
  Symmetry expansion: 13 valid (symop, offset) combos
  Grid: [8, 10, 26], 1016/2080 cells occupied, max 180 entries/cell
  Built 208715 VDW restraints, 9880 symmetry contacts
================================================================================
Restraints Summary
================================================================================
CIF file: None
Residue types in dictionary: 20

INTRA-RESIDUE RESTRAINTS:
--------------------------------------------------------------------------------
  Bonds: 5445
  Angles: 9074
  Torsions: 1111
  Planes: 946
  Chirals: 441

INTER-RESIDUE RESTRAINTS:
--------------------------------------------------------------------------------
  Peptide bonds: 354
  Peptide angles: 1416
  Disulfide bonds: 0
  Disulfide angles: 0
  Disulfide torsions: 0
  LINK bonds: 0

BACKBONE TORSIONS:
--------------------------------------------------------------------------------
  Phi: 354
  Psi: 354
  Omega: 354
  Ramachandran: 352

VDW RESTRAINTS:
--------------------------------------------------------------------------------
  Non-bonded contacts: 208715 (198835 intra-ASU, 9880 symmetry)
================================================================================
Initializing TotalGeometryTarget with component targets...
Initializing TotalADPTarget with component targets: simu, locality, sigd
Parametrization built for 5 unique atom types
SfFFT: Using late symmetry (reciprocal space)
Calculating initial scale factors using 10 bins.
Refining scales with LBFGS...
Scale refinement complete. rwork: 0.3576, rfree: 0.3585

Final Scale Parameters: 
  c_iso: tensor([-1.3154,  1.0896,  0.4946, -0.1402,  0.1062, -0.0363])
  U: tensor([ 0.2576,  0.4762,  0.2645, -0.0031, -0.0055, -0.0094])
  solvent.log_k_solvent: -0.9246132373809814
  solvent.log_ss_half: -3.823481559753418
  solvent.log_n_exp: 1.7266744375228882
  solvent.phase_offset: 0.03964788094162941
Initialized targets with xray_mode='ml'
Applied manual group weights: {'xray': 1.0, 'geometry': 0.2, 'geometry/ramachandran': 0.0, 'adp': 0.02, 'adp/sigd': 1.0, 'adp/node_load': 10.0, 'adp/node_smoothness': 0.0}
Refinement initialized successfully.

Starting refinement with 10 macro cycles...

Rigid-body step enabled: one multi-resolution rigid-body pass will run once at the start of refinement.


--- Rigid-body step (once, at start) ---
Switched to rigid-body parametrization: RigidXYZTensor(n_atoms=5722, n_chains=1) (1 chain(s))
Filtering: 1477/68912 reflections in range [inf - 6.0] Å (1460 valid after all masks)
Initialized ScalerBase with 10 bins.
Calculating initial scale factors using 10 bins.
Calculating initial scale factors using 10 bins.
Refining scales with LBFGS...
Scale refinement complete. rwork: 0.2811, rfree: 0.1978

Final Scale Parameters: 
  c_iso: tensor([-1.8404,  0.1934, -1.3239,  0.4520,  1.2324,  0.9944])
  U: tensor([ 1.0573,  0.9150,  1.0067, -0.1449, -0.2101,  0.1053])
  solvent.log_k_solvent: -1.1282386779785156
  solvent.log_ss_half: -3.8801748752593994
  solvent.log_n_exp: 1.6815162897109985
  solvent.phase_offset: -0.027693551033735275
  rigid-body d_min=6.00 (lbfgs, iters=30): Rwork=0.2825 Rfree=0.2004
Filtering: 9899/68912 reflections in range [inf - 3.0983920095454454] Å (9813 valid after all masks)
Initialized ScalerBase with 10 bins.
Calculating initial scale factors using 10 bins.
Calculating initial scale factors using 10 bins.
Refining scales with LBFGS...
Scale refinement complete. rwork: 0.2953, rfree: 0.2997

Final Scale Parameters: 
  c_iso: tensor([-1.7763,  0.6014, -0.7748, -0.0219,  0.2572,  0.3885])
  U: tensor([ 0.7502,  0.9305,  0.7215, -0.0131, -0.0240,  0.0025])
  solvent.log_k_solvent: -1.1019818782806396
  solvent.log_ss_half: -4.072750091552734
  solvent.log_n_exp: 1.1680209636688232
  solvent.phase_offset: 0.04374430328607559
  rigid-body d_min=3.10 (lbfgs, iters=30): Rwork=0.3009 Rfree=0.3127
Filtering: 68912/68912 reflections in range [inf - 1.6000055074691772] Å (67575 valid after all masks)
Initialized ScalerBase with 10 bins.
Calculating initial scale factors using 10 bins.
Calculating initial scale factors using 10 bins.
Refining scales with LBFGS...
Scale refinement complete. rwork: 0.3578, rfree: 0.3606

Final Scale Parameters: 
  c_iso: tensor([-1.3322,  1.0629,  0.4912, -0.1430,  0.1080, -0.0376])
  U: tensor([ 0.2517,  0.4703,  0.2583, -0.0032, -0.0052, -0.0097])
  solvent.log_k_solvent: -0.9234532713890076
  solvent.log_ss_half: -3.822286605834961
  solvent.log_n_exp: 1.7383050918579102
  solvent.phase_offset: 0.0398225262761116
  rigid-body d_min=1.60 (lbfgs, iters=30): Rwork=0.3680 Rfree=0.3717
Initialized ScalerBase with 10 bins.
Calculating initial scale factors using 10 bins.
Calculating initial scale factors using 10 bins.
Refining scales with LBFGS...
Scale refinement complete. rwork: 0.3579, rfree: 0.3598

Final Scale Parameters: 
  c_iso: tensor([-1.3151,  1.0853,  0.4968, -0.1420,  0.1071, -0.0373])
  U: tensor([ 0.2570,  0.4767,  0.2638, -0.0035, -0.0050, -0.0098])
  solvent.log_k_solvent: -0.9235648512840271
  solvent.log_ss_half: -3.8224074840545654
  solvent.log_n_exp: 1.7218883037567139
  solvent.phase_offset: 0.039415083825588226
Initialized ScalerBase with 10 bins.
Calculating initial scale factors using 10 bins.
Calculating initial scale factors using 10 bins.
Refining scales with LBFGS...
Scale refinement complete. rwork: 0.3579, rfree: 0.3598

Final Scale Parameters: 
  c_iso: tensor([-1.3144,  1.0875,  0.4960, -0.1417,  0.1065, -0.0372])
  U: tensor([ 0.2575,  0.4774,  0.2642, -0.0036, -0.0049, -0.0098])
  solvent.log_k_solvent: -0.9236781001091003
  solvent.log_ss_half: -3.8227996826171875
  solvent.log_n_exp: 1.711010217666626
  solvent.phase_offset: 0.03950268030166626

============================================================
LBFGS Refinement - Cycle 1/10
============================================================
Refining scales with LBFGS...
Scale refinement complete. rwork: 0.3579, rfree: 0.3598

Final Scale Parameters: 
  c_iso: tensor([-1.3148,  1.0890,  0.4956, -0.1405,  0.1064, -0.0366])
  U: tensor([ 0.2576,  0.4774,  0.2643, -0.0036, -0.0051, -0.0099])
  solvent.log_k_solvent: -0.9239332675933838
  solvent.log_ss_half: -3.821913003921509
  solvent.log_n_exp: 1.7261022329330444
  solvent.phase_offset: 0.03961719572544098
After scaling: Rwork=0.3579, Rfree=0.3598
  VDW rebuild: max drift 3.23 Å > threshold 1.00 Å

Building VDW (non-bonded) restraints...
  Symmetry expansion: 13 valid (symop, offset) combos
  Grid: [8, 10, 26], 1016/2080 cells occupied, max 180 entries/cell
  Built 208715 VDW restraints, 9880 symmetry contacts

────────────────────────────────────────────────────────────────────
  XYZ Refinement
────────────────────────────────────────────────────────────────────

  adp (weight: 0.0200)
  ────────────────────────────────────────────────────────────────
    Metric                       Before      After     Change
    locality                   833.0215   833.0215     0.0000
    scaler_U                    11466.8    11466.8     0.0000
    scaler_log_scale           300643.3   300643.3     0.0000
    sigd                         3692.7     3692.7     0.0000
    simu                         9443.1     9443.1     0.0000

  geometry (weight: 0.2000)
  ────────────────────────────────────────────────────────────────
    Metric                       Before      After     Change
    angle                      -23291.5   -23449.7  -158.2500
    bond                       -17531.1   -18643.0    -1111.9
    chiral                    -232.9290  -255.7035   -22.7744
    nonbonded                  -25123.9   -53757.7   -28633.8
    planarity                  -11281.5   -11353.7   -72.2148
    torsion                      7097.7     7050.4   -47.2822

  other (weight: 1.0000)
  ────────────────────────────────────────────────────────────────
    Metric                       Before      After     Change
    xray                       178792.5   168742.0   -10050.5

  Group Totals
  ────────────────────────────────────────────────────────────────
    Group                        Before      After     Change
    adp                          6521.6     6521.6     0.0000
    geometry                   -14072.6   -20081.9    -6009.2
    xray                       178792.5   168742.0   -10050.5
────────────────────────────────────────────────────────────────────
  VDW rebuild: max drift 3.23 Å > threshold 1.00 Å

Building VDW (non-bonded) restraints...
  Symmetry expansion: 13 valid (symop, offset) combos
  Grid: [8, 10, 26], 1016/2080 cells occupied, max 180 entries/cell
  Built 208715 VDW restraints, 9880 symmetry contacts

────────────────────────────────────────────────────────────────────
  ADP Refinement
────────────────────────────────────────────────────────────────────

  adp (weight: 0.0200)
  ────────────────────────────────────────────────────────────────
    Metric                       Before      After     Change
    locality                   839.1129    18045.7   +17206.6
    scaler_U                    11466.8    11466.8     0.0000
    scaler_log_scale           300643.3   300643.3     0.0000
    sigd                         3692.7     3826.8  +134.0830
    simu                         9443.1    21139.4   +11696.4

  geometry (weight: 0.2000)
  ────────────────────────────────────────────────────────────────
    Metric                       Before      After     Change
    angle                      -23449.7   -23449.7     0.0000
    bond                       -18643.0   -18643.0     0.0000
    chiral                    -255.7035  -255.7035     0.0000
    nonbonded                  -53757.7   -53757.7     0.0000
    planarity                  -11353.7   -11353.7     0.0000
    torsion                      7050.4     7050.4     0.0000

  other (weight: 1.0000)
  ────────────────────────────────────────────────────────────────
    Metric                       Before      After     Change
    xray                       168742.0   156416.6   -12325.5

  Group Totals
  ────────────────────────────────────────────────────────────────
    Group                        Before      After     Change
    adp                          6521.7     7102.4  +580.7417
    geometry                   -20081.9   -20081.9     0.0000
    xray                       168742.0   156416.6   -12325.5
────────────────────────────────────────────────────────────────────

============================================================
LBFGS Refinement - Cycle 2/10
============================================================
Refining scales with LBFGS...
Scale refinement complete. rwork: 0.2558, rfree: 0.2751

Final Scale Parameters: 
  c_iso: tensor([-1.9200,  0.2975,  0.2355, -0.1576,  0.1168, -0.0364])
  U: tensor([ 0.0425,  0.2611,  0.0463,  0.0027, -0.0027, -0.0090])
  solvent.log_k_solvent: -0.923175036907196
  solvent.log_ss_half: -3.7519822120666504
  solvent.log_n_exp: 1.851933479309082
  solvent.phase_offset: 0.038398515433073044
After scaling: Rwork=0.2558, Rfree=0.2751
  VDW rebuild: max drift 3.87 Å > threshold 1.00 Å

Building VDW (non-bonded) restraints...
  Symmetry expansion: 13 valid (symop, offset) combos
  Grid: [8, 10, 26], 1016/2080 cells occupied, max 180 entries/cell
  Built 208715 VDW restraints, 9880 symmetry contacts

────────────────────────────────────────────────────────────────────
  XYZ Refinement
────────────────────────────────────────────────────────────────────

  adp (weight: 0.0200)
  ────────────────────────────────────────────────────────────────
    Metric                       Before      After     Change
    locality                    18045.7    18045.7     0.0000
    scaler_U                     1406.5     1406.5     0.0000
    scaler_log_scale            31724.4    31724.4     0.0000
    sigd                         3826.8     3826.8     0.0000
    simu                        21139.4    21139.4     0.0000

  geometry (weight: 0.2000)
  ────────────────────────────────────────────────────────────────
    Metric                       Before      After     Change
    angle                      -23449.7   -24409.8  -960.1113
    bond                       -18643.0   -18679.9   -36.9004
    chiral                    -255.7035  -256.8929    -1.1894
    nonbonded                  -53757.7   -54185.3  -427.5469
    planarity                  -11353.7   -11511.6  -157.8975
    torsion                      7050.4     7053.2    +2.8257

  other (weight: 1.0000)
  ────────────────────────────────────────────────────────────────
    Metric                       Before      After     Change
    xray                       157248.6   152469.3    -4779.3

  Group Totals
  ────────────────────────────────────────────────────────────────
    Group                        Before      After     Change
    adp                          1522.9     1522.9     0.0000
    geometry                   -20081.9   -20398.1  -316.1644
    xray                       157248.6   152469.3    -4779.3
────────────────────────────────────────────────────────────────────
  VDW rebuild: max drift 3.87 Å > threshold 1.00 Å

Building VDW (non-bonded) restraints...
  Symmetry expansion: 13 valid (symop, offset) combos
  Grid: [8, 10, 26], 1016/2080 cells occupied, max 180 entries/cell
  Built 208715 VDW restraints, 9880 symmetry contacts

────────────────────────────────────────────────────────────────────
  ADP Refinement
────────────────────────────────────────────────────────────────────

  adp (weight: 0.0200)
  ────────────────────────────────────────────────────────────────
    Metric                       Before      After     Change
    locality                    18059.7    24590.3    +6530.6
    scaler_U                     1406.5     1406.5     0.0000
    scaler_log_scale            31724.4    31724.4     0.0000
    sigd                         3826.8     3873.7   +46.9458
    simu                        21139.4    25169.7    +4030.2

  geometry (weight: 0.2000)
  ────────────────────────────────────────────────────────────────
    Metric                       Before      After     Change
    angle                      -24409.8   -24409.8     0.0000
    bond                       -18679.9   -18679.9     0.0000
    chiral                    -256.8929  -256.8929     0.0000
    nonbonded                  -54185.3   -54185.3     0.0000
    planarity                  -11511.6   -11511.6     0.0000
    torsion                      7053.2     7053.2     0.0000

  other (weight: 1.0000)
  ────────────────────────────────────────────────────────────────
    Metric                       Before      After     Change
    xray                       152469.3   151417.5    -1051.8

  Group Totals
  ────────────────────────────────────────────────────────────────
    Group                        Before      After     Change
    adp                          1523.1     1735.3  +212.1546
    geometry                   -20398.1   -20398.1     0.0000
    xray                       152469.3   151417.5    -1051.8
────────────────────────────────────────────────────────────────────

============================================================
LBFGS Refinement - Cycle 3/10
============================================================
Refining scales with LBFGS...
Scale refinement complete. rwork: 0.2358, rfree: 0.2589

Final Scale Parameters: 
  c_iso: tensor([-2.0393,  0.1103,  0.1982, -0.1711,  0.1197, -0.0454])
  U: tensor([-0.0036,  0.2197, -0.0006,  0.0038, -0.0033, -0.0109])
  solvent.log_k_solvent: -0.9195517301559448
  solvent.log_ss_half: -3.7273101806640625
  solvent.log_n_exp: 1.8726123571395874
  solvent.phase_offset: 0.03722400590777397
After scaling: Rwork=0.2358, Rfree=0.2589
  VDW rebuild: max drift 4.30 Å > threshold 1.00 Å

Building VDW (non-bonded) restraints...
  Symmetry expansion: 13 valid (symop, offset) combos
  Grid: [8, 10, 26], 1016/2080 cells occupied, max 180 entries/cell
  Built 208715 VDW restraints, 9880 symmetry contacts

────────────────────────────────────────────────────────────────────
  XYZ Refinement
────────────────────────────────────────────────────────────────────

  adp (weight: 0.0200)
  ────────────────────────────────────────────────────────────────
    Metric                       Before      After     Change
    locality                    24590.3    24590.3     0.0000
    scaler_U                   533.1640   533.1640     0.0000
    scaler_log_scale            10531.3    10531.3     0.0000
    sigd                         3873.7     3873.7     0.0000
    simu                        25169.7    25169.7     0.0000

  geometry (weight: 0.2000)
  ────────────────────────────────────────────────────────────────
    Metric                       Before      After     Change
    angle                      -24409.8   -24619.0  -209.1797
    bond                       -18679.9   -18755.2   -75.2559
    chiral                    -256.8929  -259.9084    -3.0155
    nonbonded                  -54185.3   -54318.0  -132.6953
    planarity                  -11511.6   -11540.7   -29.0869
    torsion                      7053.2     7071.6   +18.3970

  other (weight: 1.0000)
  ────────────────────────────────────────────────────────────────
    Metric                       Before      After     Change
    xray                       151397.7   150422.2  -975.5000

  Group Totals
  ────────────────────────────────────────────────────────────────
    Group                        Before      After     Change
    adp                          1294.0     1294.0     0.0000
    geometry                   -20398.1   -20484.2   -86.1673
    xray                       151397.7   150422.2  -975.5000
────────────────────────────────────────────────────────────────────
  VDW rebuild: max drift 4.30 Å > threshold 1.00 Å

Building VDW (non-bonded) restraints...
  Symmetry expansion: 13 valid (symop, offset) combos
  Grid: [8, 10, 26], 1016/2080 cells occupied, max 180 entries/cell
  Built 208715 VDW restraints, 9880 symmetry contacts

────────────────────────────────────────────────────────────────────
  ADP Refinement
────────────────────────────────────────────────────────────────────

  adp (weight: 0.0200)
  ────────────────────────────────────────────────────────────────
    Metric                       Before      After     Change
    locality                    24544.7    25780.2    +1235.5
    scaler_U                   533.1640   533.1640     0.0000
    scaler_log_scale            10531.3    10531.3     0.0000
    sigd                         3873.7     3883.4    +9.6660
    simu                        25169.7    25816.5  +646.8125

  geometry (weight: 0.2000)
  ────────────────────────────────────────────────────────────────
    Metric                       Before      After     Change
    angle                      -24619.0   -24619.0     0.0000
    bond                       -18755.2   -18755.2     0.0000
    chiral                    -259.9084  -259.9084     0.0000
    nonbonded                  -54318.0   -54318.0     0.0000
    planarity                  -11540.7   -11540.7     0.0000
    torsion                      7071.6     7071.6     0.0000

  other (weight: 1.0000)
  ────────────────────────────────────────────────────────────────
    Metric                       Before      After     Change
    xray                       150422.2   150221.8  -200.3594

  Group Totals
  ────────────────────────────────────────────────────────────────
    Group                        Before      After     Change
    adp                          1293.1     1330.9   +37.8398
    geometry                   -20484.2   -20484.2     0.0000
    xray                       150422.2   150221.8  -200.3594
────────────────────────────────────────────────────────────────────

============================================================
LBFGS Refinement - Cycle 4/10
============================================================
Refining scales with LBFGS...
Scale refinement complete. rwork: 0.2319, rfree: 0.2548

Final Scale Parameters: 
  c_iso: tensor([-2.0581,  0.1175,  0.1822, -0.1550,  0.1150, -0.0410])
  U: tensor([-0.0085,  0.2146, -0.0055,  0.0050, -0.0035, -0.0117])
  solvent.log_k_solvent: -0.9247207045555115
  solvent.log_ss_half: -3.7145888805389404
  solvent.log_n_exp: 1.86636221408844
  solvent.phase_offset: 0.03792695328593254
After scaling: Rwork=0.2319, Rfree=0.2548
  VDW rebuild: max drift 4.22 Å > threshold 1.00 Å

Building VDW (non-bonded) restraints...
  Symmetry expansion: 13 valid (symop, offset) combos
  Grid: [8, 10, 26], 1016/2080 cells occupied, max 180 entries/cell
  Built 208715 VDW restraints, 9880 symmetry contacts

────────────────────────────────────────────────────────────────────
  XYZ Refinement
────────────────────────────────────────────────────────────────────

  adp (weight: 0.0200)
  ────────────────────────────────────────────────────────────────
    Metric                       Before      After     Change
    locality                    25780.2    25780.2     0.0000
    scaler_U                   462.2202   462.2202     0.0000
    scaler_log_scale             9647.2     9647.2     0.0000
    sigd                         3883.4     3883.4     0.0000
    simu                        25816.5    25816.5     0.0000

  geometry (weight: 0.2000)
  ────────────────────────────────────────────────────────────────
    Metric                       Before      After     Change
    angle                      -24619.0   -24610.5    +8.5449
    bond                       -18755.2   -18733.3   +21.8984
    chiral                    -259.9084  -258.0888    +1.8196
    nonbonded                  -54318.0   -54267.5   +50.4453
    planarity                  -11540.7   -11526.9   +13.7207
    torsion                      7071.6     7070.9    -0.6655

  other (weight: 1.0000)
  ────────────────────────────────────────────────────────────────
    Metric                       Before      After     Change
    xray                       150254.4   149895.8  -358.6562

  Group Totals
  ────────────────────────────────────────────────────────────────
    Group                        Before      After     Change
    adp                          1311.8     1311.8     0.0000
    geometry                   -20484.2   -20465.1   +19.1524
    xray                       150254.4   149895.8  -358.6562
────────────────────────────────────────────────────────────────────
  VDW rebuild: max drift 4.22 Å > threshold 1.00 Å

Building VDW (non-bonded) restraints...
  Symmetry expansion: 13 valid (symop, offset) combos
  Grid: [8, 10, 26], 1016/2080 cells occupied, max 180 entries/cell
  Built 208715 VDW restraints, 9880 symmetry contacts

────────────────────────────────────────────────────────────────────
  ADP Refinement
────────────────────────────────────────────────────────────────────

  adp (weight: 0.0200)
  ────────────────────────────────────────────────────────────────
    Metric                       Before      After     Change
    locality                    25747.6    25868.9  +121.2988
    scaler_U                   462.2202   462.2202     0.0000
    scaler_log_scale             9647.2     9647.2     0.0000
    sigd                         3883.4     3884.5    +1.0916
    simu                        25816.5    25950.5  +134.0488

  geometry (weight: 0.2000)
  ────────────────────────────────────────────────────────────────
    Metric                       Before      After     Change
    angle                      -24610.5   -24610.5     0.0000
    bond                       -18733.3   -18733.3     0.0000
    chiral                    -258.0888  -258.0888     0.0000
    nonbonded                  -54267.5   -54267.5     0.0000
    planarity                  -11526.9   -11526.9     0.0000
    torsion                      7070.9     7070.9     0.0000

  other (weight: 1.0000)
  ────────────────────────────────────────────────────────────────
    Metric                       Before      After     Change
    xray                       149895.8   149861.0   -34.7969

  Group Totals
  ────────────────────────────────────────────────────────────────
    Group                        Before      After     Change
    adp                          1311.1     1316.3    +5.1288
    geometry                   -20465.1   -20465.1     0.0000
    xray                       149895.8   149861.0   -34.7969
────────────────────────────────────────────────────────────────────

============================================================
LBFGS Refinement - Cycle 5/10
============================================================
Refining scales with LBFGS...
Scale refinement complete. rwork: 0.2299, rfree: 0.2546

Final Scale Parameters: 
  c_iso: tensor([-2.0870,  0.0685,  0.1762, -0.1591,  0.1168, -0.0413])
  U: tensor([-0.0197,  0.2040, -0.0159,  0.0058, -0.0044, -0.0129])
  solvent.log_k_solvent: -0.9197459816932678
  solvent.log_ss_half: -3.712876319885254
  solvent.log_n_exp: 1.8662000894546509
  solvent.phase_offset: 0.039730507880449295
After scaling: Rwork=0.2299, Rfree=0.2546
  VDW rebuild: max drift 4.23 Å > threshold 1.00 Å

Building VDW (non-bonded) restraints...
  Symmetry expansion: 13 valid (symop, offset) combos
  Grid: [8, 10, 26], 1016/2080 cells occupied, max 180 entries/cell
  Built 208715 VDW restraints, 9880 symmetry contacts

────────────────────────────────────────────────────────────────────
  XYZ Refinement
────────────────────────────────────────────────────────────────────

  adp (weight: 0.0200)
  ────────────────────────────────────────────────────────────────
    Metric                       Before      After     Change
    locality                    25868.9    25868.9     0.0000
    scaler_U                   325.9770   325.9770     0.0000
    scaler_log_scale             6329.1     6329.1     0.0000
    sigd                         3884.5     3884.5     0.0000
    simu                        25950.5    25950.5     0.0000

  geometry (weight: 0.2000)
  ────────────────────────────────────────────────────────────────
    Metric                       Before      After     Change
    angle                      -24610.5   -24646.8   -36.2969
    bond                       -18733.3   -18777.2   -43.9473
    chiral                    -258.0888  -259.4529    -1.3641
    nonbonded                  -54267.5   -54305.6   -38.1055
    planarity                  -11526.9   -11543.5   -16.5117
    torsion                      7070.9     7072.3    +1.3892

  other (weight: 1.0000)
  ────────────────────────────────────────────────────────────────
    Metric                       Before      After     Change
    xray                       149861.3   149696.5  -164.7500

  Group Totals
  ────────────────────────────────────────────────────────────────
    Group                        Before      After     Change
    adp                          1247.2     1247.2     0.0000
    geometry                   -20465.1   -20492.0   -26.9672
    xray                       149861.3   149696.5  -164.7500
────────────────────────────────────────────────────────────────────
  VDW rebuild: max drift 4.23 Å > threshold 1.00 Å

Building VDW (non-bonded) restraints...
  Symmetry expansion: 13 valid (symop, offset) combos
  Grid: [8, 10, 26], 1016/2080 cells occupied, max 180 entries/cell
  Built 208715 VDW restraints, 9880 symmetry contacts

────────────────────────────────────────────────────────────────────
  ADP Refinement
────────────────────────────────────────────────────────────────────

  adp (weight: 0.0200)
  ────────────────────────────────────────────────────────────────
    Metric                       Before      After     Change
    locality                    25852.3    25713.7  -138.6133
    scaler_U                   325.9770   325.9770     0.0000
    scaler_log_scale             6329.1     6329.1     0.0000
    sigd                         3884.5     3884.3    -0.1589
    simu                        25950.5    26028.9   +78.3730

  geometry (weight: 0.2000)
  ────────────────────────────────────────────────────────────────
    Metric                       Before      After     Change
    angle                      -24646.8   -24646.8     0.0000
    bond                       -18777.2   -18777.2     0.0000
    chiral                    -259.4529  -259.4529     0.0000
    nonbonded                  -54305.6   -54305.6     0.0000
    planarity                  -11543.5   -11543.5     0.0000
    torsion                      7072.3     7072.3     0.0000

  other (weight: 1.0000)
  ────────────────────────────────────────────────────────────────
    Metric                       Before      After     Change
    xray                       149696.5   149674.3   -22.2656

  Group Totals
  ────────────────────────────────────────────────────────────────
    Group                        Before      After     Change
    adp                          1246.8     1245.6    -1.2080
    geometry                   -20492.0   -20492.0     0.0000
    xray                       149696.5   149674.3   -22.2656
────────────────────────────────────────────────────────────────────

============================================================
LBFGS Refinement - Cycle 6/10
============================================================
Refining scales with LBFGS...
Scale refinement complete. rwork: 0.2290, rfree: 0.2524

Final Scale Parameters: 
  c_iso: tensor([-2.0859,  0.0755,  0.1733, -0.1561,  0.1139, -0.0405])
  U: tensor([-0.0192,  0.2045, -0.0151,  0.0058, -0.0044, -0.0134])
  solvent.log_k_solvent: -0.920979917049408
  solvent.log_ss_half: -3.710085391998291
  solvent.log_n_exp: 1.9108582735061646
  solvent.phase_offset: 0.039701029658317566
After scaling: Rwork=0.2290, Rfree=0.2524
  VDW rebuild: max drift 4.19 Å > threshold 1.00 Å

Building VDW (non-bonded) restraints...
  Symmetry expansion: 13 valid (symop, offset) combos
  Grid: [8, 10, 26], 1016/2080 cells occupied, max 180 entries/cell
  Built 208715 VDW restraints, 9880 symmetry contacts

────────────────────────────────────────────────────────────────────
  XYZ Refinement
────────────────────────────────────────────────────────────────────

  adp (weight: 0.0200)
  ────────────────────────────────────────────────────────────────
    Metric                       Before      After     Change
    locality                    25713.7    25713.7     0.0000
    scaler_U                   332.8416   332.8416     0.0000
    scaler_log_scale             6570.4     6570.4     0.0000
    sigd                         3884.3     3884.3     0.0000
    simu                        26028.9    26028.9     0.0000

  geometry (weight: 0.2000)
  ────────────────────────────────────────────────────────────────
    Metric                       Before      After     Change
    angle                      -24646.8   -24611.5   +35.2988
    bond                       -18777.2   -18738.9   +38.3535
    chiral                    -259.4529  -257.9197    +1.5331
    nonbonded                  -54305.6   -54269.2   +36.3906
    planarity                  -11543.5   -11529.5   +13.9883
    torsion                      7072.3     7072.8    +0.4556

  other (weight: 1.0000)
  ────────────────────────────────────────────────────────────────
    Metric                       Before      After     Change
    xray                       149682.8   149551.8  -131.0156

  Group Totals
  ────────────────────────────────────────────────────────────────
    Group                        Before      After     Change
    adp                          1250.6     1250.6     0.0000
    geometry                   -20492.0   -20466.8   +25.2044
    xray                       149682.8   149551.8  -131.0156
────────────────────────────────────────────────────────────────────
  VDW rebuild: max drift 4.19 Å > threshold 1.00 Å

Building VDW (non-bonded) restraints...
  Symmetry expansion: 13 valid (symop, offset) combos
  Grid: [8, 10, 26], 1016/2080 cells occupied, max 180 entries/cell
  Built 208715 VDW restraints, 9880 symmetry contacts

────────────────────────────────────────────────────────────────────
  ADP Refinement
────────────────────────────────────────────────────────────────────

  adp (weight: 0.0200)
  ────────────────────────────────────────────────────────────────
    Metric                       Before      After     Change
    locality                    25708.3    25466.9  -241.3457
    scaler_U                   332.8416   332.8416     0.0000
    scaler_log_scale             6570.4     6570.4     0.0000
    sigd                         3884.3     3884.0    -0.3237
    simu                        26028.9    25984.9   -44.0332

  geometry (weight: 0.2000)
  ────────────────────────────────────────────────────────────────
    Metric                       Before      After     Change
    angle                      -24611.5   -24611.5     0.0000
    bond                       -18738.9   -18738.9     0.0000
    chiral                    -257.9197  -257.9197     0.0000
    nonbonded                  -54269.2   -54269.2     0.0000
    planarity                  -11529.5   -11529.5     0.0000
    torsion                      7072.8     7072.8     0.0000

  other (weight: 1.0000)
  ────────────────────────────────────────────────────────────────
    Metric                       Before      After     Change
    xray                       149551.8   149547.7    -4.0938

  Group Totals
  ────────────────────────────────────────────────────────────────
    Group                        Before      After     Change
    adp                          1250.5     1244.8    -5.7141
    geometry                   -20466.8   -20466.8     0.0000
    xray                       149551.8   149547.7    -4.0938
────────────────────────────────────────────────────────────────────

============================================================
LBFGS Refinement - Cycle 7/10
============================================================
Refining scales with LBFGS...
Scale refinement complete. rwork: 0.2283, rfree: 0.2524

Final Scale Parameters: 
  c_iso: tensor([-2.1066,  0.0325,  0.1729, -0.1634,  0.1166, -0.0431])
  U: tensor([-0.0281,  0.1954, -0.0239,  0.0061, -0.0048, -0.0134])
  solvent.log_k_solvent: -0.9171364903450012
  solvent.log_ss_half: -3.7036962509155273
  solvent.log_n_exp: 1.9044631719589233
  solvent.phase_offset: 0.0397513173520565
After scaling: Rwork=0.2283, Rfree=0.2524
  VDW rebuild: max drift 4.20 Å > threshold 1.00 Å

Building VDW (non-bonded) restraints...
  Symmetry expansion: 13 valid (symop, offset) combos
  Grid: [8, 10, 26], 1016/2080 cells occupied, max 180 entries/cell
  Built 208715 VDW restraints, 9880 symmetry contacts

────────────────────────────────────────────────────────────────────
  XYZ Refinement
────────────────────────────────────────────────────────────────────

  adp (weight: 0.0200)
  ────────────────────────────────────────────────────────────────
    Metric                       Before      After     Change
    locality                    25466.9    25466.9     0.0000
    scaler_U                   236.4165   236.4165     0.0000
    scaler_log_scale             4482.7     4482.7     0.0000
    sigd                         3884.0     3884.0     0.0000
    simu                        25984.9    25984.9     0.0000

  geometry (weight: 0.2000)
  ────────────────────────────────────────────────────────────────
    Metric                       Before      After     Change
    angle                      -24611.5   -24641.4   -29.9473
    bond                       -18738.9   -18761.7   -22.8066
    chiral                    -257.9197  -259.0965    -1.1768
    nonbonded                  -54269.2   -54282.3   -13.0547
    planarity                  -11529.5   -11540.6   -11.1328
    torsion                      7072.8     7072.5    -0.3125

  other (weight: 1.0000)
  ────────────────────────────────────────────────────────────────
    Metric                       Before      After     Change
    xray                       149557.9   149464.3   -93.6250

  Group Totals
  ────────────────────────────────────────────────────────────────
    Group                        Before      After     Change
    adp                          1201.1     1201.1     0.0000
    geometry                   -20466.8   -20482.5   -15.6868
    xray                       149557.9   149464.3   -93.6250
────────────────────────────────────────────────────────────────────
  VDW rebuild: max drift 4.20 Å > threshold 1.00 Å

Building VDW (non-bonded) restraints...
  Symmetry expansion: 13 valid (symop, offset) combos
  Grid: [8, 10, 26], 1016/2080 cells occupied, max 180 entries/cell
  Built 208715 VDW restraints, 9880 symmetry contacts

────────────────────────────────────────────────────────────────────
  ADP Refinement
────────────────────────────────────────────────────────────────────

  adp (weight: 0.0200)
  ────────────────────────────────────────────────────────────────
    Metric                       Before      After     Change
    locality                    25467.3    25497.0   +29.6602
    scaler_U                   236.4165   236.4165     0.0000
    scaler_log_scale             4482.7     4482.7     0.0000
    sigd                         3884.0     3883.2    -0.7512
    simu                        25984.9    26278.4  +293.4941

  geometry (weight: 0.2000)
  ────────────────────────────────────────────────────────────────
    Metric                       Before      After     Change
    angle                      -24641.4   -24641.4     0.0000
    bond                       -18761.7   -18761.7     0.0000
    chiral                    -259.0965  -259.0965     0.0000
    nonbonded                  -54282.3   -54282.3     0.0000
    planarity                  -11540.6   -11540.6     0.0000
    torsion                      7072.5     7072.5     0.0000

  other (weight: 1.0000)
  ────────────────────────────────────────────────────────────────
    Metric                       Before      After     Change
    xray                       149464.3   149454.4    -9.9375

  Group Totals
  ────────────────────────────────────────────────────────────────
    Group                        Before      After     Change
    adp                          1201.1     1207.6    +6.4481
    geometry                   -20482.5   -20482.5     0.0000
    xray                       149464.3   149454.4    -9.9375
────────────────────────────────────────────────────────────────────

============================================================
LBFGS Refinement - Cycle 8/10
============================================================
Refining scales with LBFGS...
Scale refinement complete. rwork: 0.2278, rfree: 0.2516

Final Scale Parameters: 
  c_iso: tensor([-2.1058,  0.0324,  0.1728, -0.1629,  0.1158, -0.0428])
  U: tensor([-0.0286,  0.1945, -0.0244,  0.0067, -0.0048, -0.0130])
  solvent.log_k_solvent: -0.9156644940376282
  solvent.log_ss_half: -3.703937292098999
  solvent.log_n_exp: 1.9046525955200195
  solvent.phase_offset: 0.0406021773815155
After scaling: Rwork=0.2278, Rfree=0.2516
  VDW rebuild: max drift 4.16 Å > threshold 1.00 Å

Building VDW (non-bonded) restraints...
  Symmetry expansion: 13 valid (symop, offset) combos
  Grid: [8, 10, 26], 1016/2080 cells occupied, max 180 entries/cell
  Built 208715 VDW restraints, 9880 symmetry contacts

────────────────────────────────────────────────────────────────────
  XYZ Refinement
────────────────────────────────────────────────────────────────────

  adp (weight: 0.0200)
  ────────────────────────────────────────────────────────────────
    Metric                       Before      After     Change
    locality                    25497.0    25497.0     0.0000
    scaler_U                   230.1033   230.1033     0.0000
    scaler_log_scale             4489.4     4489.4     0.0000
    sigd                         3883.2     3883.2     0.0000
    simu                        26278.4    26278.4     0.0000

  geometry (weight: 0.2000)
  ────────────────────────────────────────────────────────────────
    Metric                       Before      After     Change
    angle                      -24641.4   -24617.5   +23.9375
    bond                       -18761.7   -18732.7   +29.0137
    chiral                    -259.0965  -257.9887    +1.1078
    nonbonded                  -54282.3   -54263.5   +18.8164
    planarity                  -11540.6   -11533.8    +6.7676
    torsion                      7072.5     7073.4    +0.9185

  other (weight: 1.0000)
  ────────────────────────────────────────────────────────────────
    Metric                       Before      After     Change
    xray                       149455.9   149368.7   -87.2500

  Group Totals
  ────────────────────────────────────────────────────────────────
    Group                        Before      After     Change
    adp                          1207.6     1207.6     0.0000
    geometry                   -20482.5   -20466.4   +16.1127
    xray                       149455.9   149368.7   -87.2500
────────────────────────────────────────────────────────────────────
  VDW rebuild: max drift 4.16 Å > threshold 1.00 Å

Building VDW (non-bonded) restraints...
  Symmetry expansion: 13 valid (symop, offset) combos
  Grid: [8, 10, 26], 1016/2080 cells occupied, max 180 entries/cell
  Built 208715 VDW restraints, 9880 symmetry contacts

────────────────────────────────────────────────────────────────────
  ADP Refinement
────────────────────────────────────────────────────────────────────

  adp (weight: 0.0200)
  ────────────────────────────────────────────────────────────────
    Metric                       Before      After     Change
    locality                    25483.8    25406.6   -77.2129
    scaler_U                   230.1033   230.1033     0.0000
    scaler_log_scale             4489.4     4489.4     0.0000
    sigd                         3883.2     3883.6    +0.4255
    simu                        26278.4    26299.2   +20.8203

  geometry (weight: 0.2000)
  ────────────────────────────────────────────────────────────────
    Metric                       Before      After     Change
    angle                      -24617.5   -24617.5     0.0000
    bond                       -18732.7   -18732.7     0.0000
    chiral                    -257.9887  -257.9887     0.0000
    nonbonded                  -54263.5   -54263.5     0.0000
    planarity                  -11533.8   -11533.8     0.0000
    torsion                      7073.4     7073.4     0.0000

  other (weight: 1.0000)
  ────────────────────────────────────────────────────────────────
    Metric                       Before      After     Change
    xray                       149368.7   149375.1    +6.4062

  Group Totals
  ────────────────────────────────────────────────────────────────
    Group                        Before      After     Change
    adp                          1207.3     1206.2    -1.1193
    geometry                   -20466.4   -20466.4     0.0000
    xray                       149368.7   149375.1    +6.4062
────────────────────────────────────────────────────────────────────

============================================================
LBFGS Refinement - Cycle 9/10
============================================================
Refining scales with LBFGS...
Scale refinement complete. rwork: 0.2273, rfree: 0.2526

Final Scale Parameters: 
  c_iso: tensor([-2.1093,  0.0370,  0.1683, -0.1590,  0.1139, -0.0409])
  U: tensor([-0.0292,  0.1938, -0.0249,  0.0068, -0.0050, -0.0130])
  solvent.log_k_solvent: -0.9176000356674194
  solvent.log_ss_half: -3.6999123096466064
  solvent.log_n_exp: 1.9064149856567383
  solvent.phase_offset: 0.04073740914463997
After scaling: Rwork=0.2273, Rfree=0.2526
  VDW rebuild: max drift 4.16 Å > threshold 1.00 Å

Building VDW (non-bonded) restraints...
  Symmetry expansion: 13 valid (symop, offset) combos
  Grid: [8, 10, 26], 1016/2080 cells occupied, max 180 entries/cell
  Built 208715 VDW restraints, 9880 symmetry contacts

────────────────────────────────────────────────────────────────────
  XYZ Refinement
────────────────────────────────────────────────────────────────────

  adp (weight: 0.0200)
  ────────────────────────────────────────────────────────────────
    Metric                       Before      After     Change
    locality                    25406.6    25406.6     0.0000
    scaler_U                   224.1778   224.1778     0.0000
    scaler_log_scale             4442.3     4442.3     0.0000
    sigd                         3883.6     3883.6     0.0000
    simu                        26299.2    26299.2     0.0000

  geometry (weight: 0.2000)
  ────────────────────────────────────────────────────────────────
    Metric                       Before      After     Change
    angle                      -24617.5   -24651.7   -34.1992
    bond                       -18732.7   -18752.7   -20.0723
    chiral                    -257.9887  -258.6839    -0.6952
    nonbonded                  -54263.5   -54274.0   -10.5312
    planarity                  -11533.8   -11538.1    -4.2900
    torsion                      7073.4     7072.7    -0.6855

  other (weight: 1.0000)
  ────────────────────────────────────────────────────────────────
    Metric                       Before      After     Change
    xray                       149374.8   149335.2   -39.5781

  Group Totals
  ────────────────────────────────────────────────────────────────
    Group                        Before      After     Change
    adp                          1205.1     1205.1     0.0000
    geometry                   -20466.4   -20480.5   -14.0947
    xray                       149374.8   149335.2   -39.5781
────────────────────────────────────────────────────────────────────
  VDW rebuild: max drift 4.16 Å > threshold 1.00 Å

Building VDW (non-bonded) restraints...
  Symmetry expansion: 13 valid (symop, offset) combos
  Grid: [8, 10, 26], 1016/2080 cells occupied, max 180 entries/cell
  Built 208715 VDW restraints, 9880 symmetry contacts

────────────────────────────────────────────────────────────────────
  ADP Refinement
────────────────────────────────────────────────────────────────────

  adp (weight: 0.0200)
  ────────────────────────────────────────────────────────────────
    Metric                       Before      After     Change
    locality                    25400.3    25323.1   -77.1777
    scaler_U                   224.1778   224.1778     0.0000
    scaler_log_scale             4442.3     4442.3     0.0000
    sigd                         3883.6     3883.4    -0.2261
    simu                        26299.2    26317.5   +18.2871

  geometry (weight: 0.2000)
  ────────────────────────────────────────────────────────────────
    Metric                       Before      After     Change
    angle                      -24651.7   -24651.7     0.0000
    bond                       -18752.7   -18752.7     0.0000
    chiral                    -258.6839  -258.6839     0.0000
    nonbonded                  -54274.0   -54274.0     0.0000
    planarity                  -11538.1   -11538.1     0.0000
    torsion                      7072.7     7072.7     0.0000

  other (weight: 1.0000)
  ────────────────────────────────────────────────────────────────
    Metric                       Before      After     Change
    xray                       149335.2   149339.1    +3.9375

  Group Totals
  ────────────────────────────────────────────────────────────────
    Group                        Before      After     Change
    adp                          1205.0     1203.8    -1.1824
    geometry                   -20480.5   -20480.5     0.0000
    xray                       149335.2   149339.1    +3.9375
────────────────────────────────────────────────────────────────────

============================================================
LBFGS Refinement - Cycle 10/10
============================================================
Refining scales with LBFGS...
Scale refinement complete. rwork: 0.2270, rfree: 0.2522

Final Scale Parameters: 
  c_iso: tensor([-2.1024,  0.0444,  0.1710, -0.1595,  0.1141, -0.0413])
  U: tensor([-0.0273,  0.1956, -0.0230,  0.0069, -0.0050, -0.0131])
  solvent.log_k_solvent: -0.9184273481369019
  solvent.log_ss_half: -3.7016241550445557
  solvent.log_n_exp: 1.9153897762298584
  solvent.phase_offset: 0.04021323472261429
After scaling: Rwork=0.2270, Rfree=0.2522
  VDW rebuild: max drift 4.09 Å > threshold 1.00 Å

Building VDW (non-bonded) restraints...
  Symmetry expansion: 13 valid (symop, offset) combos
  Grid: [8, 10, 26], 1016/2080 cells occupied, max 180 entries/cell
  Built 208715 VDW restraints, 9880 symmetry contacts

────────────────────────────────────────────────────────────────────
  XYZ Refinement
────────────────────────────────────────────────────────────────────

  adp (weight: 0.0200)
  ────────────────────────────────────────────────────────────────
    Metric                       Before      After     Change
    locality                    25323.1    25323.1     0.0000
    scaler_U                   242.2609   242.2609     0.0000
    scaler_log_scale             4925.2     4925.2     0.0000
    sigd                         3883.4     3883.4     0.0000
    simu                        26317.5    26317.5     0.0000

  geometry (weight: 0.2000)
  ────────────────────────────────────────────────────────────────
    Metric                       Before      After     Change
    angle                      -24651.7   -24631.1   +20.5371
    bond                       -18752.7   -18725.5   +27.2461
    chiral                    -258.6839  -257.8948    +0.7891
    nonbonded                  -54274.0   -54263.2   +10.7812
    planarity                  -11538.1   -11533.2    +4.9609
    torsion                      7072.7     7072.7    -0.0205

  other (weight: 1.0000)
  ────────────────────────────────────────────────────────────────
    Metric                       Before      After     Change
    xray                       149339.5   149274.1   -65.4531

  Group Totals
  ────────────────────────────────────────────────────────────────
    Group                        Before      After     Change
    adp                          1213.8     1213.8     0.0000
    geometry                   -20480.5   -20467.6   +12.8589
    xray                       149339.5   149274.1   -65.4531
────────────────────────────────────────────────────────────────────
  VDW rebuild: max drift 4.09 Å > threshold 1.00 Å

Building VDW (non-bonded) restraints...
  Symmetry expansion: 13 valid (symop, offset) combos
  Grid: [8, 10, 26], 1016/2080 cells occupied, max 180 entries/cell
  Built 208715 VDW restraints, 9880 symmetry contacts

────────────────────────────────────────────────────────────────────
  ADP Refinement
────────────────────────────────────────────────────────────────────

  adp (weight: 0.0200)
  ────────────────────────────────────────────────────────────────
    Metric                       Before      After     Change
    locality                    25324.6    25289.1   -35.4043
    scaler_U                   242.2609   242.2609     0.0000
    scaler_log_scale             4925.2     4925.2     0.0000
    sigd                         3883.4     3882.9    -0.5425
    simu                        26317.5    26389.3   +71.8066

  geometry (weight: 0.2000)
  ────────────────────────────────────────────────────────────────
    Metric                       Before      After     Change
    angle                      -24631.1   -24631.1     0.0000
    bond                       -18725.5   -18725.5     0.0000
    chiral                    -257.8948  -257.8948     0.0000
    nonbonded                  -54263.2   -54263.2     0.0000
    planarity                  -11533.2   -11533.2     0.0000
    torsion                      7072.7     7072.7     0.0000

  other (weight: 1.0000)
  ────────────────────────────────────────────────────────────────
    Metric                       Before      After     Change
    xray                       149274.1   149268.8    -5.2656

  Group Totals
  ────────────────────────────────────────────────────────────────
    Group                        Before      After     Change
    adp                          1213.9     1214.6    +0.7172
    geometry                   -20467.6   -20467.6     0.0000
    xray                       149274.1   149268.8    -5.2656
────────────────────────────────────────────────────────────────────
Calculating initial scale factors using 10 bins.
Refining scales with LBFGS...
Scale refinement complete. rwork: 0.2267, rfree: 0.2530

Final Scale Parameters: 
  c_iso: tensor([-2.1073,  0.0312,  0.1717, -0.1623,  0.1152, -0.0421])
  U: tensor([-0.0299,  0.1933, -0.0255,  0.0066, -0.0050, -0.0131])
  solvent.log_k_solvent: -0.9178481698036194
  solvent.log_ss_half: -3.702470064163208
  solvent.log_n_exp: 1.9062378406524658
  solvent.phase_offset: 0.03983713686466217

Refinement completed successfully.

Saving results to /das/work/units/LBR-FEL/p17490/Peter/Library/work_trees_torchref/alignement/alignment_lab/benchmarks/af_mr/runs/dmin4.0/4U7A/refine_phaser_mr...
  Refined structure (PDB): /das/work/units/LBR-FEL/p17490/Peter/Library/work_trees_torchref/alignement/alignment_lab/benchmarks/af_mr/runs/dmin4.0/4U7A/refine_phaser_mr/refined.pdb
  Refined structure (mmCIF): /das/work/units/LBR-FEL/p17490/Peter/Library/work_trees_torchref/alignement/alignment_lab/benchmarks/af_mr/runs/dmin4.0/4U7A/refine_phaser_mr/refined.cif
Added map coefficients:
  2Fo-Fc: FWT, PHWT
  Fo-Fc: DELFWT, PHDELWT
  Resolution range: 1.60 - 79.11 Å
✓ Wrote MTZ file: /das/work/units/LBR-FEL/p17490/Peter/Library/work_trees_torchref/alignement/alignment_lab/benchmarks/af_mr/runs/dmin4.0/4U7A/refine_phaser_mr/refined.mtz
  Reflections: 68912
  Columns: H, K, L, F-obs, SIGF-obs, I-obs, SIGI-obs, R-free-flags, FWT, PHWT, DELFWT, PHDELWT, F-model, PH-model
  Refined structure factors: /das/work/units/LBR-FEL/p17490/Peter/Library/work_trees_torchref/alignement/alignment_lab/benchmarks/af_mr/runs/dmin4.0/4U7A/refine_phaser_mr/refined.mtz
  Refinement history: /das/work/units/LBR-FEL/p17490/Peter/Library/work_trees_torchref/alignement/alignment_lab/benchmarks/af_mr/runs/dmin4.0/4U7A/refine_phaser_mr/refinement_history.json

================================================================================
Refinement Summary
================================================================================
R-work:  0.2267 (66239 reflections)
R-free:  0.2530 (1336 reflections)
NLL work: 149286.23
NLL test: 3176.09
================================================================================

Output files:
  - /das/work/units/LBR-FEL/p17490/Peter/Library/work_trees_torchref/alignement/alignment_lab/benchmarks/af_mr/runs/dmin4.0/4U7A/refine_phaser_mr/refined.pdb
  - /das/work/units/LBR-FEL/p17490/Peter/Library/work_trees_torchref/alignement/alignment_lab/benchmarks/af_mr/runs/dmin4.0/4U7A/refine_phaser_mr/refined.cif
  - /das/work/units/LBR-FEL/p17490/Peter/Library/work_trees_torchref/alignement/alignment_lab/benchmarks/af_mr/runs/dmin4.0/4U7A/refine_phaser_mr/refined.mtz
  - /das/work/units/LBR-FEL/p17490/Peter/Library/work_trees_torchref/alignement/alignment_lab/benchmarks/af_mr/runs/dmin4.0/4U7A/refine_phaser_mr/refinement_history.json

Refinement completed successfully!

Timing: 190.4s wall, 377.4s CPU
