/das/work/units/LBR-FEL/p17490/Peter/Library/work_trees_torchref/alignement/torchref/cli/refine.py:21: UserWarning: TorchRef using user-specified 8 threads from TORCHREF_NUM_THREADS.
  from torchref.cli._common import (
================================================================================
TorchRef LBFGS Refinement
================================================================================
Model:             /das/work/units/LBR-FEL/p17490/Peter/Library/work_trees_torchref/alignement/alignment_lab/benchmarks/af_mr/runs/dmin4.0/4Q13/torchref_placed.pdb
Structure factor:  /das/work/units/LBR-FEL/p17490/Peter/Library/work_trees_torchref/dev/paper/data/4Q13/4Q13.mtz
Output directory:  /das/work/units/LBR-FEL/p17490/Peter/Library/work_trees_torchref/alignement/alignment_lab/benchmarks/af_mr/runs/dmin4.0/4Q13/refine_torchref_mr
Refinement mode:   separate
X-ray target:      ml
Refinement cycles: 10
Rigid-body step:   on (iterations/cutoff = 30)
Device:            auto
ADP mode:          isotropic
Wavelength:        1 A
Manual weights:    {"adp": 0.02}
================================================================================

Initializing refinement...
found non-finite F values (NaN/Inf):  298
found non-finite F_sigma values (NaN/Inf):  298
Wilson outlier rejection: 0/19668 (0.0000%) of tested reflections flagged (0 too strong, 0 too weak)
Loaded 3824 atoms
Building restraints...
Found 109 link definitions

Building VDW (non-bonded) restraints...
  Symmetry expansion: 27 valid (symop, offset) combos
  Grid: [9, 13, 9], 867/1053 cells occupied, max 437 entries/cell
  Built 66049 VDW restraints, 4838 symmetry contacts
  Hydrogen topology: 3930 riding H atoms
  H candidate pairs: 165891 (44059 H-H, 121832 H-heavy, 11644 symmetry)
================================================================================
Restraints Summary
================================================================================
CIF file: None
Residue types in dictionary: 20

INTRA-RESIDUE RESTRAINTS:
--------------------------------------------------------------------------------
  Bonds: 3420
  Angles: 3820
  Torsions: 1010
  Planes: 726
  Chirals: 618

INTER-RESIDUE RESTRAINTS:
--------------------------------------------------------------------------------
  Peptide bonds: 466
  Peptide angles: 1412
  Disulfide bonds: 0
  Disulfide angles: 0
  Disulfide torsions: 0
  LINK bonds: 0

BACKBONE TORSIONS:
--------------------------------------------------------------------------------
  Phi: 466
  Psi: 466
  Omega: 466
  Ramachandran: 454

VDW RESTRAINTS:
--------------------------------------------------------------------------------
  Non-bonded contacts: 66049 (61211 intra-ASU, 4838 symmetry)
================================================================================
Generated 3968 hydrogens
ADP representation: isotropic, 7792 parameters, 3.0 work reflections each
Initialized ScalerBase with 10 bins.
Building restraints...

Building VDW (non-bonded) restraints...
  Symmetry expansion: 27 valid (symop, offset) combos
  Grid: [9, 13, 9], 922/1053 cells occupied, max 779 entries/cell
  Built 287032 VDW restraints, 23133 symmetry contacts
================================================================================
Restraints Summary
================================================================================
CIF file: None
Residue types in dictionary: 20

INTRA-RESIDUE RESTRAINTS:
--------------------------------------------------------------------------------
  Bonds: 7388
  Angles: 12362
  Torsions: 1554
  Planes: 1262
  Chirals: 618

INTER-RESIDUE RESTRAINTS:
--------------------------------------------------------------------------------
  Peptide bonds: 466
  Peptide angles: 1864
  Disulfide bonds: 0
  Disulfide angles: 0
  Disulfide torsions: 0
  LINK bonds: 0

BACKBONE TORSIONS:
--------------------------------------------------------------------------------
  Phi: 466
  Psi: 466
  Omega: 466
  Ramachandran: 454

VDW RESTRAINTS:
--------------------------------------------------------------------------------
  Non-bonded contacts: 287032 (263899 intra-ASU, 23133 symmetry)
================================================================================
Initializing TotalGeometryTarget with component targets...
Initializing TotalADPTarget with component targets: simu, locality, sigd
Parametrization built for 5 unique atom types
SfFFT: Using late symmetry (reciprocal space)
Calculating initial scale factors using 10 bins.
Refining scales with LBFGS...
Scale refinement complete. rwork: 0.4064, rfree: 0.4227

Final Scale Parameters: 
  c_iso: tensor([ 0.1959,  0.4654,  0.0708,  0.1144, -0.0225,  0.1175])
  U: tensor([ 0.2843,  0.2561,  0.2513,  0.0058,  0.0035, -0.0099])
  solvent.log_k_solvent: -0.992805004119873
  solvent.log_ss_half: -4.0318522453308105
  solvent.log_n_exp: 1.7515993118286133
  solvent.phase_offset: -0.0376916229724884
Initialized targets with xray_mode='ml'
Applied manual group weights: {'xray': 1.0, 'geometry': 0.2, 'geometry/ramachandran': 0.0, 'adp': 0.02, 'adp/sigd': 1.0, 'adp/node_load': 10.0, 'adp/node_smoothness': 0.0}
Refinement initialized successfully.

Starting refinement with 10 macro cycles...

Rigid-body step enabled: one multi-resolution rigid-body pass will run once at the start of refinement.


--- Rigid-body step (once, at start) ---
Switched to rigid-body parametrization: RigidXYZTensor(n_atoms=7792, n_chains=4) (4 chain(s))
Filtering: 1298/24290 reflections in range [inf - 6.0] Å (1289 valid after all masks)
Initialized ScalerBase with 10 bins.
Calculating initial scale factors using 10 bins.
Calculating initial scale factors using 10 bins.
Refining scales with LBFGS...
Scale refinement complete. rwork: 0.3373, rfree: 0.3557

Final Scale Parameters: 
  c_iso: tensor([-0.0201,  0.2638, -0.3860, -0.4077, -0.7821, -0.2080])
  U: tensor([0.7572, 0.5172, 0.7418, 0.0281, 0.1153, 0.0915])
  solvent.log_k_solvent: -1.1038949489593506
  solvent.log_ss_half: -5.019037246704102
  solvent.log_n_exp: 2.668121337890625
  solvent.phase_offset: -0.0169963575899601
  rigid-body d_min=6.00 (lbfgs, iters=30): Rwork=0.3326 Rfree=0.3705
Filtering: 5610/24290 reflections in range [inf - 3.667435774913646] Å (5600 valid after all masks)
Initialized ScalerBase with 10 bins.
Calculating initial scale factors using 10 bins.
Calculating initial scale factors using 10 bins.
Refining scales with LBFGS...
Scale refinement complete. rwork: 0.3562, rfree: 0.4001

Final Scale Parameters: 
  c_iso: tensor([ 1.9947,  1.1151, -3.0173, -2.0646, -0.8507,  0.1157])
  U: tensor([ 3.8838,  3.8585,  3.8337,  0.0229,  0.0131, -0.0429])
  solvent.log_k_solvent: -1.1483553647994995
  solvent.log_ss_half: -5.785152435302734
  solvent.log_n_exp: 0.16298308968544006
  solvent.phase_offset: -0.0020741622429341078
  rigid-body d_min=3.67 (lbfgs, iters=30): Rwork=0.3580 Rfree=0.4112
Filtering: 24273/24290 reflections in range [inf - 2.241680860519409] Å (23992 valid after all masks)
Initialized ScalerBase with 10 bins.
Calculating initial scale factors using 10 bins.
Calculating initial scale factors using 10 bins.
Refining scales with LBFGS...
Scale refinement complete. rwork: 0.3886, rfree: 0.3959

Final Scale Parameters: 
  c_iso: tensor([ 0.3357,  0.6129,  0.1158,  0.1065, -0.0169,  0.1177])
  U: tensor([ 0.3599,  0.3384,  0.3261,  0.0072,  0.0019, -0.0078])
  solvent.log_k_solvent: -1.0013055801391602
  solvent.log_ss_half: -4.079894542694092
  solvent.log_n_exp: 1.5524400472640991
  solvent.phase_offset: -0.013163703493773937
  rigid-body d_min=2.24 (lbfgs, iters=30): Rwork=0.3928 Rfree=0.4089
Initialized ScalerBase with 10 bins.
Calculating initial scale factors using 10 bins.
Calculating initial scale factors using 10 bins.
Refining scales with LBFGS...
Scale refinement complete. rwork: 0.3879, rfree: 0.3971

Final Scale Parameters: 
  c_iso: tensor([ 0.2193,  0.4523,  0.0913,  0.0985, -0.0140,  0.1160])
  U: tensor([ 0.2810,  0.2606,  0.2478,  0.0077,  0.0019, -0.0073])
  solvent.log_k_solvent: -0.9856709241867065
  solvent.log_ss_half: -4.031805515289307
  solvent.log_n_exp: 1.804187536239624
  solvent.phase_offset: -0.031149903312325478
Initialized ScalerBase with 10 bins.
Calculating initial scale factors using 10 bins.
Calculating initial scale factors using 10 bins.
Refining scales with LBFGS...
Scale refinement complete. rwork: 0.3879, rfree: 0.3971

Final Scale Parameters: 
  c_iso: tensor([ 0.2202,  0.4550,  0.0910,  0.0990, -0.0143,  0.1162])
  U: tensor([ 0.2819,  0.2617,  0.2489,  0.0077,  0.0018, -0.0076])
  solvent.log_k_solvent: -0.9860236644744873
  solvent.log_ss_half: -4.031835079193115
  solvent.log_n_exp: 1.8055602312088013
  solvent.phase_offset: -0.03147494047880173

============================================================
LBFGS Refinement - Cycle 1/10
============================================================
Refining scales with LBFGS...
Scale refinement complete. rwork: 0.3879, rfree: 0.3972

Final Scale Parameters: 
  c_iso: tensor([ 0.2222,  0.4523,  0.0934,  0.0971, -0.0133,  0.1154])
  U: tensor([ 0.2823,  0.2620,  0.2491,  0.0077,  0.0018, -0.0074])
  solvent.log_k_solvent: -0.9845696687698364
  solvent.log_ss_half: -4.035191059112549
  solvent.log_n_exp: 1.7586976289749146
  solvent.phase_offset: -0.031585220247507095
After scaling: Rwork=0.3879, Rfree=0.3972
  VDW rebuild: max drift 3.99 Å > threshold 1.00 Å

Building VDW (non-bonded) restraints...
  Symmetry expansion: 27 valid (symop, offset) combos
  Grid: [9, 13, 9], 922/1053 cells occupied, max 779 entries/cell
  Built 287032 VDW restraints, 23133 symmetry contacts

────────────────────────────────────────────────────────────────────
  XYZ Refinement
────────────────────────────────────────────────────────────────────

  adp (weight: 0.0200)
  ────────────────────────────────────────────────────────────────
    Metric                       Before      After     Change
    locality                    33030.8    33030.8     0.0000
    scaler_U                     2548.9     2548.9     0.0000
    scaler_log_scale            41351.5    41351.5     0.0000
    sigd                         4101.3     4101.3     0.0000
    simu                        36471.2    36471.2     0.0000

  geometry (weight: 0.2000)
  ────────────────────────────────────────────────────────────────
    Metric                       Before      After     Change
    angle                      -31772.7   -32779.1    -1006.4
    bond                       -23943.8   -25328.1    -1384.3
    chiral                    -311.4512  -393.3245   -81.8733
    nonbonded                   41001.3   -74196.2  -115197.5
    planarity                  -14778.7   -14869.2   -90.5039
    torsion                      9280.9     9310.7   +29.8193

  other (weight: 1.0000)
  ────────────────────────────────────────────────────────────────
    Metric                       Before      After     Change
    xray                       127417.8   126659.7  -758.0547

  Group Totals
  ────────────────────────────────────────────────────────────────
    Group                        Before      After     Change
    adp                          2350.1     2350.1     0.0000
    geometry                    -4104.9   -27651.0   -23546.2
    xray                       127417.8   126659.7  -758.0547
────────────────────────────────────────────────────────────────────
  VDW rebuild: max drift 3.99 Å > threshold 1.00 Å

Building VDW (non-bonded) restraints...
  Symmetry expansion: 27 valid (symop, offset) combos
  Grid: [9, 13, 9], 922/1053 cells occupied, max 779 entries/cell
  Built 287032 VDW restraints, 23133 symmetry contacts

────────────────────────────────────────────────────────────────────
  ADP Refinement
────────────────────────────────────────────────────────────────────

  adp (weight: 0.0200)
  ────────────────────────────────────────────────────────────────
    Metric                       Before      After     Change
    locality                    28115.3    24683.9    -3431.4
    scaler_U                     2548.9     2548.9     0.0000
    scaler_log_scale            41351.5    41351.5     0.0000
    sigd                         4101.3     4889.5  +788.2480
    simu                        36471.2    29565.5    -6905.7

  geometry (weight: 0.2000)
  ────────────────────────────────────────────────────────────────
    Metric                       Before      After     Change
    angle                      -32779.1   -32779.1     0.0000
    bond                       -25328.1   -25328.1     0.0000
    chiral                    -393.3245  -393.3245     0.0000
    nonbonded                  -74196.2   -74196.2     0.0000
    planarity                  -14869.2   -14869.2     0.0000
    torsion                      9310.7     9310.7     0.0000

  other (weight: 1.0000)
  ────────────────────────────────────────────────────────────────
    Metric                       Before      After     Change
    xray                       126659.7   124645.7    -2014.0

  Group Totals
  ────────────────────────────────────────────────────────────────
    Group                        Before      After     Change
    adp                          2251.8     2060.8  -190.9765
    geometry                   -27651.0   -27651.0     0.0000
    xray                       126659.7   124645.7    -2014.0
────────────────────────────────────────────────────────────────────

============================================================
LBFGS Refinement - Cycle 2/10
============================================================
Refining scales with LBFGS...
Scale refinement complete. rwork: 0.3363, rfree: 0.3768

Final Scale Parameters: 
  c_iso: tensor([ 0.1879,  0.3722,  0.0702,  0.0672, -0.0005,  0.1040])
  U: tensor([ 0.2547,  0.2390,  0.2269,  0.0038,  0.0066, -0.0027])
  solvent.log_k_solvent: -0.9845287203788757
  solvent.log_ss_half: -4.06550407409668
  solvent.log_n_exp: 1.6280642747879028
  solvent.phase_offset: -0.005245945416390896
After scaling: Rwork=0.3363, Rfree=0.3768
  VDW rebuild: max drift 2.88 Å > threshold 1.00 Å

Building VDW (non-bonded) restraints...
  Symmetry expansion: 27 valid (symop, offset) combos
  Grid: [9, 13, 9], 922/1053 cells occupied, max 779 entries/cell
  Built 287032 VDW restraints, 23133 symmetry contacts

────────────────────────────────────────────────────────────────────
  XYZ Refinement
────────────────────────────────────────────────────────────────────

  adp (weight: 0.0200)
  ────────────────────────────────────────────────────────────────
    Metric                       Before      After     Change
    locality                    24683.9    24683.9     0.0000
    scaler_U                     2101.9     2101.9     0.0000
    scaler_log_scale            25680.9    25680.9     0.0000
    sigd                         4889.5     4889.5     0.0000
    simu                        29565.5    29565.5     0.0000

  geometry (weight: 0.2000)
  ────────────────────────────────────────────────────────────────
    Metric                       Before      After     Change
    angle                      -32779.1   -34860.5    -2081.4
    bond                       -25328.1   -26214.2  -886.1152
    chiral                    -393.3245  -393.0784    +0.2461
    nonbonded                  -74196.2   -75355.6    -1159.4
    planarity                  -14869.2   -15255.4  -386.2549
    torsion                      9310.7     9385.7   +75.0176

  other (weight: 1.0000)
  ────────────────────────────────────────────────────────────────
    Metric                       Before      After     Change
    xray                       124644.1   123616.5    -1027.6

  Group Totals
  ────────────────────────────────────────────────────────────────
    Group                        Before      After     Change
    adp                          1738.4     1738.4     0.0000
    geometry                   -27651.0   -28538.6  -887.5786
    xray                       124644.1   123616.5    -1027.6
────────────────────────────────────────────────────────────────────
  VDW rebuild: max drift 2.88 Å > threshold 1.00 Å

Building VDW (non-bonded) restraints...
  Symmetry expansion: 27 valid (symop, offset) combos
  Grid: [9, 13, 9], 922/1053 cells occupied, max 779 entries/cell
  Built 287032 VDW restraints, 23133 symmetry contacts

────────────────────────────────────────────────────────────────────
  ADP Refinement
────────────────────────────────────────────────────────────────────

  adp (weight: 0.0200)
  ────────────────────────────────────────────────────────────────
    Metric                       Before      After     Change
    locality                    24715.4    25926.5    +1211.1
    scaler_U                     2101.9     2101.9     0.0000
    scaler_log_scale            25680.9    25680.9     0.0000
    sigd                         4889.5     5561.3  +671.7646
    simu                        29565.5    23109.1    -6456.3

  geometry (weight: 0.2000)
  ────────────────────────────────────────────────────────────────
    Metric                       Before      After     Change
    angle                      -34860.5   -34860.5     0.0000
    bond                       -26214.2   -26214.2     0.0000
    chiral                    -393.0784  -393.0784     0.0000
    nonbonded                  -75355.6   -75355.6     0.0000
    planarity                  -15255.4   -15255.4     0.0000
    torsion                      9385.7     9385.7     0.0000

  other (weight: 1.0000)
  ────────────────────────────────────────────────────────────────
    Metric                       Before      After     Change
    xray                       123616.5   122776.1  -840.3516

  Group Totals
  ────────────────────────────────────────────────────────────────
    Group                        Before      After     Change
    adp                          1739.1     1647.6   -91.4698
    geometry                   -28538.6   -28538.6     0.0000
    xray                       123616.5   122776.1  -840.3516
────────────────────────────────────────────────────────────────────

============================================================
LBFGS Refinement - Cycle 3/10
============================================================
Refining scales with LBFGS...
Scale refinement complete. rwork: 0.3056, rfree: 0.3494

Final Scale Parameters: 
  c_iso: tensor([ 0.1351,  0.3180,  0.0258,  0.0586, -0.0033,  0.1075])
  U: tensor([ 0.2251,  0.2211,  0.2005,  0.0033,  0.0074, -0.0040])
  solvent.log_k_solvent: -1.0029232501983643
  solvent.log_ss_half: -4.078895568847656
  solvent.log_n_exp: 1.5211811065673828
  solvent.phase_offset: 0.004265049006789923
After scaling: Rwork=0.3056, Rfree=0.3494
  VDW rebuild: max drift 4.31 Å > threshold 1.00 Å

Building VDW (non-bonded) restraints...
  Symmetry expansion: 27 valid (symop, offset) combos
  Grid: [9, 13, 9], 922/1053 cells occupied, max 779 entries/cell
  Built 287032 VDW restraints, 23133 symmetry contacts

────────────────────────────────────────────────────────────────────
  XYZ Refinement
────────────────────────────────────────────────────────────────────

  adp (weight: 0.0200)
  ────────────────────────────────────────────────────────────────
    Metric                       Before      After     Change
    locality                    25926.5    25926.5     0.0000
    scaler_U                     1693.1     1693.1     0.0000
    scaler_log_scale            13782.0    13782.0     0.0000
    sigd                         5561.3     5561.3     0.0000
    simu                        23109.1    23109.1     0.0000

  geometry (weight: 0.2000)
  ────────────────────────────────────────────────────────────────
    Metric                       Before      After     Change
    angle                      -34860.5   -34812.6   +47.8438
    bond                       -26214.2   -26014.5  +199.6699
    chiral                    -393.0784  -395.2750    -2.1966
    nonbonded                  -75355.6   -75850.9  -495.2500
    planarity                  -15255.4   -15281.9   -26.4941
    torsion                      9385.7     9347.1   -38.6396

  other (weight: 1.0000)
  ────────────────────────────────────────────────────────────────
    Metric                       Before      After     Change
    xray                       122801.1   121885.1  -916.0391

  Group Totals
  ────────────────────────────────────────────────────────────────
    Group                        Before      After     Change
    adp                          1401.4     1401.4     0.0000
    geometry                   -28538.6   -28601.6   -63.0130
    xray                       122801.1   121885.1  -916.0391
────────────────────────────────────────────────────────────────────
  VDW rebuild: max drift 4.31 Å > threshold 1.00 Å

Building VDW (non-bonded) restraints...
  Symmetry expansion: 27 valid (symop, offset) combos
  Grid: [9, 13, 9], 922/1053 cells occupied, max 779 entries/cell
  Built 287032 VDW restraints, 23133 symmetry contacts

────────────────────────────────────────────────────────────────────
  ADP Refinement
────────────────────────────────────────────────────────────────────

  adp (weight: 0.0200)
  ────────────────────────────────────────────────────────────────
    Metric                       Before      After     Change
    locality                    25903.1    27926.2    +2023.0
    scaler_U                     1693.1     1693.1     0.0000
    scaler_log_scale            13782.0    13782.0     0.0000
    sigd                         5561.3     5733.9  +172.5947
    simu                        23109.1    23787.3  +678.1641

  geometry (weight: 0.2000)
  ────────────────────────────────────────────────────────────────
    Metric                       Before      After     Change
    angle                      -34812.6   -34812.6     0.0000
    bond                       -26014.5   -26014.5     0.0000
    chiral                    -395.2750  -395.2750     0.0000
    nonbonded                  -75850.9   -75850.9     0.0000
    planarity                  -15281.9   -15281.9     0.0000
    torsion                      9347.1     9347.1     0.0000

  other (weight: 1.0000)
  ────────────────────────────────────────────────────────────────
    Metric                       Before      After     Change
    xray                       121885.1   121704.7  -180.4141

  Group Totals
  ────────────────────────────────────────────────────────────────
    Group                        Before      After     Change
    adp                          1401.0     1458.4   +57.4754
    geometry                   -28601.6   -28601.6     0.0000
    xray                       121885.1   121704.7  -180.4141
────────────────────────────────────────────────────────────────────

============================================================
LBFGS Refinement - Cycle 4/10
============================================================
Refining scales with LBFGS...
Scale refinement complete. rwork: 0.2874, rfree: 0.3393

Final Scale Parameters: 
  c_iso: tensor([ 0.1246,  0.3396, -0.0027,  0.0732, -0.0128,  0.1145])
  U: tensor([ 0.2266,  0.2239,  0.2004,  0.0050,  0.0053, -0.0031])
  solvent.log_k_solvent: -1.0261238813400269
  solvent.log_ss_half: -4.070171356201172
  solvent.log_n_exp: 1.5464096069335938
  solvent.phase_offset: 0.00368537032045424
After scaling: Rwork=0.2874, Rfree=0.3393
  VDW rebuild: max drift 3.71 Å > threshold 1.00 Å

Building VDW (non-bonded) restraints...
  Symmetry expansion: 27 valid (symop, offset) combos
  Grid: [9, 13, 9], 922/1053 cells occupied, max 779 entries/cell
  Built 287032 VDW restraints, 23133 symmetry contacts

────────────────────────────────────────────────────────────────────
  XYZ Refinement
────────────────────────────────────────────────────────────────────

  adp (weight: 0.0200)
  ────────────────────────────────────────────────────────────────
    Metric                       Before      After     Change
    locality                    27926.2    27926.2     0.0000
    scaler_U                     1715.7     1715.7     0.0000
    scaler_log_scale            12625.3    12625.3     0.0000
    sigd                         5733.9     5733.9     0.0000
    simu                        23787.3    23787.3     0.0000

  geometry (weight: 0.2000)
  ────────────────────────────────────────────────────────────────
    Metric                       Before      After     Change
    angle                      -34812.6   -35248.7  -436.0312
    bond                       -26014.5   -26342.9  -328.4434
    chiral                    -395.2750  -398.2797    -3.0048
    nonbonded                  -75850.9   -75965.1  -114.2344
    planarity                  -15281.9   -15367.6   -85.6367
    torsion                      9347.1     9360.9   +13.8086

  other (weight: 1.0000)
  ────────────────────────────────────────────────────────────────
    Metric                       Before      After     Change
    xray                       121709.3   121370.5  -338.8203

  Group Totals
  ────────────────────────────────────────────────────────────────
    Group                        Before      After     Change
    adp                          1435.8     1435.8     0.0000
    geometry                   -28601.6   -28792.3  -190.7079
    xray                       121709.3   121370.5  -338.8203
────────────────────────────────────────────────────────────────────
  VDW rebuild: max drift 3.71 Å > threshold 1.00 Å

Building VDW (non-bonded) restraints...
  Symmetry expansion: 27 valid (symop, offset) combos
  Grid: [9, 13, 9], 922/1053 cells occupied, max 779 entries/cell
  Built 287032 VDW restraints, 23133 symmetry contacts

────────────────────────────────────────────────────────────────────
  ADP Refinement
────────────────────────────────────────────────────────────────────

  adp (weight: 0.0200)
  ────────────────────────────────────────────────────────────────
    Metric                       Before      After     Change
    locality                    27973.6    28634.8  +661.2500
    scaler_U                     1715.7     1715.7     0.0000
    scaler_log_scale            12625.3    12625.3     0.0000
    sigd                         5733.9     5760.7   +26.7852
    simu                        23787.3    23764.1   -23.1426

  geometry (weight: 0.2000)
  ────────────────────────────────────────────────────────────────
    Metric                       Before      After     Change
    angle                      -35248.7   -35248.7     0.0000
    bond                       -26342.9   -26342.9     0.0000
    chiral                    -398.2797  -398.2797     0.0000
    nonbonded                  -75965.1   -75965.1     0.0000
    planarity                  -15367.6   -15367.6     0.0000
    torsion                      9360.9     9360.9     0.0000

  other (weight: 1.0000)
  ────────────────────────────────────────────────────────────────
    Metric                       Before      After     Change
    xray                       121370.5   121353.2   -17.2891

  Group Totals
  ────────────────────────────────────────────────────────────────
    Group                        Before      After     Change
    adp                          1436.7     1450.0   +13.2978
    geometry                   -28792.3   -28792.3     0.0000
    xray                       121370.5   121353.2   -17.2891
────────────────────────────────────────────────────────────────────

============================================================
LBFGS Refinement - Cycle 5/10
============================================================
Refining scales with LBFGS...
Scale refinement complete. rwork: 0.2812, rfree: 0.3321

Final Scale Parameters: 
  c_iso: tensor([ 0.1305,  0.3320,  0.0033,  0.0671, -0.0103,  0.1118])
  U: tensor([ 0.2318,  0.2290,  0.2046,  0.0054,  0.0042, -0.0033])
  solvent.log_k_solvent: -1.0260308980941772
  solvent.log_ss_half: -4.064052104949951
  solvent.log_n_exp: 1.5483338832855225
  solvent.phase_offset: -0.0031531366985291243
After scaling: Rwork=0.2812, Rfree=0.3321
  VDW rebuild: max drift 3.99 Å > threshold 1.00 Å

Building VDW (non-bonded) restraints...
  Symmetry expansion: 27 valid (symop, offset) combos
  Grid: [9, 13, 9], 922/1053 cells occupied, max 779 entries/cell
  Built 287032 VDW restraints, 23133 symmetry contacts

────────────────────────────────────────────────────────────────────
  XYZ Refinement
────────────────────────────────────────────────────────────────────

  adp (weight: 0.0200)
  ────────────────────────────────────────────────────────────────
    Metric                       Before      After     Change
    locality                    28634.8    28634.8     0.0000
    scaler_U                     1792.3     1792.3     0.0000
    scaler_log_scale            12628.5    12628.5     0.0000
    sigd                         5760.7     5760.7     0.0000
    simu                        23764.1    23764.1     0.0000

  geometry (weight: 0.2000)
  ────────────────────────────────────────────────────────────────
    Metric                       Before      After     Change
    angle                      -35248.7   -35228.1   +20.5430
    bond                       -26342.9   -26332.4   +10.5137
    chiral                    -398.2797  -398.3209    -0.0412
    nonbonded                  -75965.1   -76109.3  -144.1484
    planarity                  -15367.6   -15368.6    -0.9971
    torsion                      9360.9     9334.1   -26.7754

  other (weight: 1.0000)
  ────────────────────────────────────────────────────────────────
    Metric                       Before      After     Change
    xray                       121377.2   121082.3  -294.9844

  Group Totals
  ────────────────────────────────────────────────────────────────
    Group                        Before      After     Change
    adp                          1451.6     1451.6     0.0000
    geometry                   -28792.3   -28820.5   -28.1818
    xray                       121377.2   121082.3  -294.9844
────────────────────────────────────────────────────────────────────
  VDW rebuild: max drift 3.99 Å > threshold 1.00 Å

Building VDW (non-bonded) restraints...
  Symmetry expansion: 27 valid (symop, offset) combos
  Grid: [9, 13, 9], 922/1053 cells occupied, max 779 entries/cell
  Built 287032 VDW restraints, 23133 symmetry contacts

────────────────────────────────────────────────────────────────────
  ADP Refinement
────────────────────────────────────────────────────────────────────

  adp (weight: 0.0200)
  ────────────────────────────────────────────────────────────────
    Metric                       Before      After     Change
    locality                    28577.1    28729.1  +151.9707
    scaler_U                     1792.3     1792.3     0.0000
    scaler_log_scale            12628.5    12628.5     0.0000
    sigd                         5760.7     5772.1   +11.3848
    simu                        23764.1    23588.6  -175.5605

  geometry (weight: 0.2000)
  ────────────────────────────────────────────────────────────────
    Metric                       Before      After     Change
    angle                      -35228.1   -35228.1     0.0000
    bond                       -26332.4   -26332.4     0.0000
    chiral                    -398.3209  -398.3209     0.0000
    nonbonded                  -76109.3   -76109.3     0.0000
    planarity                  -15368.6   -15368.6     0.0000
    torsion                      9334.1     9334.1     0.0000

  other (weight: 1.0000)
  ────────────────────────────────────────────────────────────────
    Metric                       Before      After     Change
    xray                       121082.3   121099.9   +17.6172

  Group Totals
  ────────────────────────────────────────────────────────────────
    Group                        Before      After     Change
    adp                          1450.5     1450.2    -0.2441
    geometry                   -28820.5   -28820.5     0.0000
    xray                       121082.3   121099.9   +17.6172
────────────────────────────────────────────────────────────────────

============================================================
LBFGS Refinement - Cycle 6/10
============================================================
Refining scales with LBFGS...
Scale refinement complete. rwork: 0.2772, rfree: 0.3261

Final Scale Parameters: 
  c_iso: tensor([ 0.1400,  0.3402,  0.0073,  0.0668, -0.0112,  0.1113])
  U: tensor([ 0.2414,  0.2381,  0.2137,  0.0067,  0.0033, -0.0026])
  solvent.log_k_solvent: -1.0260090827941895
  solvent.log_ss_half: -4.050853252410889
  solvent.log_n_exp: 1.5847116708755493
  solvent.phase_offset: -0.001048220437951386
After scaling: Rwork=0.2772, Rfree=0.3261
  VDW rebuild: max drift 4.04 Å > threshold 1.00 Å

Building VDW (non-bonded) restraints...
  Symmetry expansion: 27 valid (symop, offset) combos
  Grid: [9, 13, 9], 922/1053 cells occupied, max 779 entries/cell
  Built 287032 VDW restraints, 23133 symmetry contacts

────────────────────────────────────────────────────────────────────
  XYZ Refinement
────────────────────────────────────────────────────────────────────

  adp (weight: 0.0200)
  ────────────────────────────────────────────────────────────────
    Metric                       Before      After     Change
    locality                    28729.1    28729.1     0.0000
    scaler_U                     1945.6     1945.6     0.0000
    scaler_log_scale            13906.5    13906.5     0.0000
    sigd                         5772.1     5772.1     0.0000
    simu                        23588.6    23588.6     0.0000

  geometry (weight: 0.2000)
  ────────────────────────────────────────────────────────────────
    Metric                       Before      After     Change
    angle                      -35228.1   -35349.3  -121.1953
    bond                       -26332.4   -26359.7   -27.3008
    chiral                    -398.3209  -399.6539    -1.3330
    nonbonded                  -76109.3   -76133.6   -24.3359
    planarity                  -15368.6   -15392.1   -23.5039
    torsion                      9334.1     9339.6    +5.5137

  other (weight: 1.0000)
  ────────────────────────────────────────────────────────────────
    Metric                       Before      After     Change
    xray                       121127.7   120892.0  -235.7891

  Group Totals
  ────────────────────────────────────────────────────────────────
    Group                        Before      After     Change
    adp                          1478.8     1478.8     0.0000
    geometry                   -28820.5   -28859.0   -38.4305
    xray                       121127.7   120892.0  -235.7891
────────────────────────────────────────────────────────────────────
  VDW rebuild: max drift 4.04 Å > threshold 1.00 Å

Building VDW (non-bonded) restraints...
  Symmetry expansion: 27 valid (symop, offset) combos
  Grid: [9, 13, 9], 922/1053 cells occupied, max 779 entries/cell
  Built 287032 VDW restraints, 23133 symmetry contacts

────────────────────────────────────────────────────────────────────
  ADP Refinement
────────────────────────────────────────────────────────────────────

  adp (weight: 0.0200)
  ────────────────────────────────────────────────────────────────
    Metric                       Before      After     Change
    locality                    28764.9    28874.6  +109.7383
    scaler_U                     1945.6     1945.6     0.0000
    scaler_log_scale            13906.5    13906.5     0.0000
    sigd                         5772.1     5783.9   +11.7944
    simu                        23588.6    23562.1   -26.5312

  geometry (weight: 0.2000)
  ────────────────────────────────────────────────────────────────
    Metric                       Before      After     Change
    angle                      -35349.3   -35349.3     0.0000
    bond                       -26359.7   -26359.7     0.0000
    chiral                    -399.6539  -399.6539     0.0000
    nonbonded                  -76133.6   -76133.6     0.0000
    planarity                  -15392.1   -15392.1     0.0000
    torsion                      9339.6     9339.6     0.0000

  other (weight: 1.0000)
  ────────────────────────────────────────────────────────────────
    Metric                       Before      After     Change
    xray                       120892.0   120908.9   +16.9375

  Group Totals
  ────────────────────────────────────────────────────────────────
    Group                        Before      After     Change
    adp                          1479.6     1481.5    +1.9000
    geometry                   -28859.0   -28859.0     0.0000
    xray                       120892.0   120908.9   +16.9375
────────────────────────────────────────────────────────────────────

============================================================
LBFGS Refinement - Cycle 7/10
============================================================
Refining scales with LBFGS...
Scale refinement complete. rwork: 0.2744, rfree: 0.3263

Final Scale Parameters: 
  c_iso: tensor([ 0.0668,  0.2384, -0.0079,  0.0619, -0.0087,  0.1098])
  U: tensor([ 0.1955,  0.1935,  0.1688,  0.0074,  0.0024, -0.0033])
  solvent.log_k_solvent: -1.022789716720581
  solvent.log_ss_half: -4.017074108123779
  solvent.log_n_exp: 1.7555065155029297
  solvent.phase_offset: 0.0011864501284435391
After scaling: Rwork=0.2744, Rfree=0.3263
  VDW rebuild: max drift 4.46 Å > threshold 1.00 Å

Building VDW (non-bonded) restraints...
  Symmetry expansion: 27 valid (symop, offset) combos
  Grid: [9, 13, 9], 922/1053 cells occupied, max 779 entries/cell
  Built 287032 VDW restraints, 23133 symmetry contacts

────────────────────────────────────────────────────────────────────
  XYZ Refinement
────────────────────────────────────────────────────────────────────

  adp (weight: 0.0200)
  ────────────────────────────────────────────────────────────────
    Metric                       Before      After     Change
    locality                    28874.6    28874.6     0.0000
    scaler_U                     1260.0     1260.0     0.0000
    scaler_log_scale             4979.7     4979.7     0.0000
    sigd                         5783.9     5783.9     0.0000
    simu                        23562.1    23562.1     0.0000

  geometry (weight: 0.2000)
  ────────────────────────────────────────────────────────────────
    Metric                       Before      After     Change
    angle                      -35349.3   -35347.4    +1.9609
    bond                       -26359.7   -26329.0   +30.7070
    chiral                    -399.6539  -399.5247    +0.1292
    nonbonded                  -76133.6   -76245.2  -111.5625
    planarity                  -15392.1   -15388.4    +3.6650
    torsion                      9339.6     9332.7    -6.9258

  other (weight: 1.0000)
  ────────────────────────────────────────────────────────────────
    Metric                       Before      After     Change
    xray                       120941.7   120762.1  -179.5625

  Group Totals
  ────────────────────────────────────────────────────────────────
    Group                        Before      After     Change
    adp                          1289.2     1289.2     0.0000
    geometry                   -28859.0   -28875.4   -16.4057
    xray                       120941.7   120762.1  -179.5625
────────────────────────────────────────────────────────────────────
  VDW rebuild: max drift 4.46 Å > threshold 1.00 Å

Building VDW (non-bonded) restraints...
  Symmetry expansion: 27 valid (symop, offset) combos
  Grid: [9, 13, 9], 922/1053 cells occupied, max 779 entries/cell
  Built 287032 VDW restraints, 23133 symmetry contacts

────────────────────────────────────────────────────────────────────
  ADP Refinement
────────────────────────────────────────────────────────────────────

  adp (weight: 0.0200)
  ────────────────────────────────────────────────────────────────
    Metric                       Before      After     Change
    locality                    28799.0    28623.3  -175.6797
    scaler_U                     1260.0     1260.0     0.0000
    scaler_log_scale             4979.7     4979.7     0.0000
    sigd                         5783.9     5786.5    +2.6167
    simu                        23562.1    23398.0  -164.0723

  geometry (weight: 0.2000)
  ────────────────────────────────────────────────────────────────
    Metric                       Before      After     Change
    angle                      -35347.4   -35347.4     0.0000
    bond                       -26329.0   -26329.0     0.0000
    chiral                    -399.5247  -399.5247     0.0000
    nonbonded                  -76245.2   -76245.2     0.0000
    planarity                  -15388.4   -15388.4     0.0000
    torsion                      9332.7     9332.7     0.0000

  other (weight: 1.0000)
  ────────────────────────────────────────────────────────────────
    Metric                       Before      After     Change
    xray                       120762.1   120803.0   +40.8906

  Group Totals
  ────────────────────────────────────────────────────────────────
    Group                        Before      After     Change
    adp                          1287.7     1281.0    -6.7427
    geometry                   -28875.4   -28875.4     0.0000
    xray                       120762.1   120803.0   +40.8906
────────────────────────────────────────────────────────────────────

============================================================
LBFGS Refinement - Cycle 8/10
============================================================
Refining scales with LBFGS...
Scale refinement complete. rwork: 0.2722, rfree: 0.3252

Final Scale Parameters: 
  c_iso: tensor([ 0.0708,  0.2307, -0.0004,  0.0577, -0.0066,  0.1086])
  U: tensor([ 0.1999,  0.1981,  0.1727,  0.0085,  0.0011, -0.0039])
  solvent.log_k_solvent: -1.0207854509353638
  solvent.log_ss_half: -4.011961460113525
  solvent.log_n_exp: 1.7590268850326538
  solvent.phase_offset: 0.003351725870743394
After scaling: Rwork=0.2722, Rfree=0.3252
  VDW rebuild: max drift 4.58 Å > threshold 1.00 Å

Building VDW (non-bonded) restraints...
  Symmetry expansion: 27 valid (symop, offset) combos
  Grid: [9, 13, 9], 922/1053 cells occupied, max 779 entries/cell
  Built 287032 VDW restraints, 23133 symmetry contacts

────────────────────────────────────────────────────────────────────
  XYZ Refinement
────────────────────────────────────────────────────────────────────

  adp (weight: 0.0200)
  ────────────────────────────────────────────────────────────────
    Metric                       Before      After     Change
    locality                    28623.3    28623.3     0.0000
    scaler_U                     1318.2     1318.2     0.0000
    scaler_log_scale             5065.5     5065.5     0.0000
    sigd                         5786.5     5786.5     0.0000
    simu                        23398.0    23398.0     0.0000

  geometry (weight: 0.2000)
  ────────────────────────────────────────────────────────────────
    Metric                       Before      After     Change
    angle                      -35347.4   -35430.4   -82.9883
    bond                       -26329.0   -26375.6   -46.5723
    chiral                    -399.5247  -400.7105    -1.1858
    nonbonded                  -76245.2   -76257.8   -12.5859
    planarity                  -15388.4   -15420.8   -32.3604
    torsion                      9332.7     9340.7    +7.9893

  other (weight: 1.0000)
  ────────────────────────────────────────────────────────────────
    Metric                       Before      After     Change
    xray                       120837.9   120699.6  -138.2891

  Group Totals
  ────────────────────────────────────────────────────────────────
    Group                        Before      After     Change
    adp                          1283.8     1283.8     0.0000
    geometry                   -28875.4   -28908.9   -33.5409
    xray                       120837.9   120699.6  -138.2891
────────────────────────────────────────────────────────────────────
  VDW rebuild: max drift 4.58 Å > threshold 1.00 Å

Building VDW (non-bonded) restraints...
  Symmetry expansion: 27 valid (symop, offset) combos
  Grid: [9, 13, 9], 922/1053 cells occupied, max 779 entries/cell
  Built 287032 VDW restraints, 23133 symmetry contacts

────────────────────────────────────────────────────────────────────
  ADP Refinement
────────────────────────────────────────────────────────────────────

  adp (weight: 0.0200)
  ────────────────────────────────────────────────────────────────
    Metric                       Before      After     Change
    locality                    28639.8    28543.7   -96.1309
    scaler_U                     1318.2     1318.2     0.0000
    scaler_log_scale             5065.5     5065.5     0.0000
    sigd                         5786.5     5794.9    +8.4727
    simu                        23398.0    23198.5  -199.4570

  geometry (weight: 0.2000)
  ────────────────────────────────────────────────────────────────
    Metric                       Before      After     Change
    angle                      -35430.4   -35430.4     0.0000
    bond                       -26375.6   -26375.6     0.0000
    chiral                    -400.7105  -400.7105     0.0000
    nonbonded                  -76257.8   -76257.8     0.0000
    planarity                  -15420.8   -15420.8     0.0000
    torsion                      9340.7     9340.7     0.0000

  other (weight: 1.0000)
  ────────────────────────────────────────────────────────────────
    Metric                       Before      After     Change
    xray                       120699.6   120729.6   +29.9844

  Group Totals
  ────────────────────────────────────────────────────────────────
    Group                        Before      After     Change
    adp                          1284.2     1278.4    -5.7423
    geometry                   -28908.9   -28908.9     0.0000
    xray                       120699.6   120729.6   +29.9844
────────────────────────────────────────────────────────────────────

============================================================
LBFGS Refinement - Cycle 9/10
============================================================
Refining scales with LBFGS...
Scale refinement complete. rwork: 0.2709, rfree: 0.3248

Final Scale Parameters: 
  c_iso: tensor([ 0.0737,  0.2341,  0.0016,  0.0577, -0.0062,  0.1087])
  U: tensor([ 0.2059,  0.2042,  0.1783,  0.0091,  0.0007, -0.0036])
  solvent.log_k_solvent: -1.0229554176330566
  solvent.log_ss_half: -4.009913921356201
  solvent.log_n_exp: 1.7953423261642456
  solvent.phase_offset: 0.0073396009393036366
After scaling: Rwork=0.2709, Rfree=0.3248
  VDW rebuild: max drift 4.97 Å > threshold 1.00 Å

Building VDW (non-bonded) restraints...
  Symmetry expansion: 27 valid (symop, offset) combos
  Grid: [9, 13, 9], 922/1053 cells occupied, max 779 entries/cell
  Built 287032 VDW restraints, 23133 symmetry contacts

────────────────────────────────────────────────────────────────────
  XYZ Refinement
────────────────────────────────────────────────────────────────────

  adp (weight: 0.0200)
  ────────────────────────────────────────────────────────────────
    Metric                       Before      After     Change
    locality                    28543.7    28543.7     0.0000
    scaler_U                     1401.2     1401.2     0.0000
    scaler_log_scale             5378.1     5378.1     0.0000
    sigd                         5794.9     5794.9     0.0000
    simu                        23198.5    23198.5     0.0000

  geometry (weight: 0.2000)
  ────────────────────────────────────────────────────────────────
    Metric                       Before      After     Change
    angle                      -35430.4   -35419.7   +10.6836
    bond                       -26375.6   -26353.4   +22.2285
    chiral                    -400.7105  -400.5675    +0.1430
    nonbonded                  -76257.8   -76337.4   -79.6797
    planarity                  -15420.8   -15397.3   +23.4932
    torsion                      9340.7     9338.8    -1.9600

  other (weight: 1.0000)
  ────────────────────────────────────────────────────────────────
    Metric                       Before      After     Change
    xray                       120771.7   120598.1  -173.6250

  Group Totals
  ────────────────────────────────────────────────────────────────
    Group                        Before      After     Change
    adp                          1286.3     1286.3     0.0000
    geometry                   -28908.9   -28913.9    -5.0180
    xray                       120771.7   120598.1  -173.6250
────────────────────────────────────────────────────────────────────
  VDW rebuild: max drift 4.97 Å > threshold 1.00 Å

Building VDW (non-bonded) restraints...
  Symmetry expansion: 27 valid (symop, offset) combos
  Grid: [9, 13, 9], 922/1053 cells occupied, max 779 entries/cell
  Built 287032 VDW restraints, 23133 symmetry contacts

────────────────────────────────────────────────────────────────────
  ADP Refinement
────────────────────────────────────────────────────────────────────

  adp (weight: 0.0200)
  ────────────────────────────────────────────────────────────────
    Metric                       Before      After     Change
    locality                    28495.1    28662.2  +167.1777
    scaler_U                     1401.2     1401.2     0.0000
    scaler_log_scale             5378.1     5378.1     0.0000
    sigd                         5794.9     5807.4   +12.4839
    simu                        23198.5    23163.1   -35.4414

  geometry (weight: 0.2000)
  ────────────────────────────────────────────────────────────────
    Metric                       Before      After     Change
    angle                      -35419.7   -35419.7     0.0000
    bond                       -26353.4   -26353.4     0.0000
    chiral                    -400.5675  -400.5675     0.0000
    nonbonded                  -76337.4   -76337.4     0.0000
    planarity                  -15397.3   -15397.3     0.0000
    torsion                      9338.8     9338.8     0.0000

  other (weight: 1.0000)
  ────────────────────────────────────────────────────────────────
    Metric                       Before      After     Change
    xray                       120598.1   120621.3   +23.1719

  Group Totals
  ────────────────────────────────────────────────────────────────
    Group                        Before      After     Change
    adp                          1285.4     1288.2    +2.8844
    geometry                   -28913.9   -28913.9     0.0000
    xray                       120598.1   120621.3   +23.1719
────────────────────────────────────────────────────────────────────

============================================================
LBFGS Refinement - Cycle 10/10
============================================================
Refining scales with LBFGS...
Scale refinement complete. rwork: 0.2692, rfree: 0.3227

Final Scale Parameters: 
  c_iso: tensor([ 0.0611,  0.2101,  0.0033,  0.0542, -0.0037,  0.1087])
  U: tensor([ 0.2003,  0.1990,  0.1728,  0.0094,  0.0003, -0.0035])
  solvent.log_k_solvent: -1.0203698873519897
  solvent.log_ss_half: -4.011160373687744
  solvent.log_n_exp: 1.7922335863113403
  solvent.phase_offset: 0.0070276279002428055
After scaling: Rwork=0.2692, Rfree=0.3227
  VDW rebuild: max drift 5.08 Å > threshold 1.00 Å

Building VDW (non-bonded) restraints...
  Symmetry expansion: 27 valid (symop, offset) combos
  Grid: [9, 13, 9], 922/1053 cells occupied, max 779 entries/cell
  Built 287032 VDW restraints, 23133 symmetry contacts

────────────────────────────────────────────────────────────────────
  XYZ Refinement
────────────────────────────────────────────────────────────────────

  adp (weight: 0.0200)
  ────────────────────────────────────────────────────────────────
    Metric                       Before      After     Change
    locality                    28662.2    28662.2     0.0000
    scaler_U                     1324.8     1324.8     0.0000
    scaler_log_scale             4139.8     4139.8     0.0000
    sigd                         5807.4     5807.4     0.0000
    simu                        23163.1    23163.1     0.0000

  geometry (weight: 0.2000)
  ────────────────────────────────────────────────────────────────
    Metric                       Before      After     Change
    angle                      -35419.7   -35441.9   -22.1914
    bond                       -26353.4   -26371.2   -17.8730
    chiral                    -400.5675  -400.9192    -0.3517
    nonbonded                  -76337.4   -76327.8    +9.6562
    planarity                  -15397.3   -15428.4   -31.1426
    torsion                      9338.8     9349.2   +10.4941

  other (weight: 1.0000)
  ────────────────────────────────────────────────────────────────
    Metric                       Before      After     Change
    xray                       120665.9   120537.7  -128.2109

  Group Totals
  ────────────────────────────────────────────────────────────────
    Group                        Before      After     Change
    adp                          1261.9     1261.9     0.0000
    geometry                   -28913.9   -28924.2   -10.2815
    xray                       120665.9   120537.7  -128.2109
────────────────────────────────────────────────────────────────────
  VDW rebuild: max drift 5.08 Å > threshold 1.00 Å

Building VDW (non-bonded) restraints...
  Symmetry expansion: 27 valid (symop, offset) combos
  Grid: [9, 13, 9], 922/1053 cells occupied, max 779 entries/cell
  Built 287032 VDW restraints, 23133 symmetry contacts

────────────────────────────────────────────────────────────────────
  ADP Refinement
────────────────────────────────────────────────────────────────────

  adp (weight: 0.0200)
  ────────────────────────────────────────────────────────────────
    Metric                       Before      After     Change
    locality                    28672.5    28532.8  -139.6738
    scaler_U                     1324.8     1324.8     0.0000
    scaler_log_scale             4139.8     4139.8     0.0000
    sigd                         5807.4     5816.6    +9.1743
    simu                        23163.1    22970.3  -192.7656

  geometry (weight: 0.2000)
  ────────────────────────────────────────────────────────────────
    Metric                       Before      After     Change
    angle                      -35441.9   -35441.9     0.0000
    bond                       -26371.2   -26371.2     0.0000
    chiral                    -400.9192  -400.9192     0.0000
    nonbonded                  -76327.8   -76327.8     0.0000
    planarity                  -15428.4   -15428.4     0.0000
    torsion                      9349.2     9349.2     0.0000

  other (weight: 1.0000)
  ────────────────────────────────────────────────────────────────
    Metric                       Before      After     Change
    xray                       120537.7   120577.7   +39.9297

  Group Totals
  ────────────────────────────────────────────────────────────────
    Group                        Before      After     Change
    adp                          1262.2     1255.7    -6.4653
    geometry                   -28924.2   -28924.2     0.0000
    xray                       120537.7   120577.7   +39.9297
────────────────────────────────────────────────────────────────────
Calculating initial scale factors using 10 bins.
Refining scales with LBFGS...
Scale refinement complete. rwork: 0.2678, rfree: 0.3241

Final Scale Parameters: 
  c_iso: tensor([ 0.0625,  0.2096,  0.0055,  0.0535, -0.0033,  0.1085])
  U: tensor([ 2.0515e-01,  2.0424e-01,  1.7784e-01,  9.8750e-03,  3.9897e-05,
        -3.4476e-03])
  solvent.log_k_solvent: -1.0206128358840942
  solvent.log_ss_half: -4.011908531188965
  solvent.log_n_exp: 1.8074535131454468
  solvent.phase_offset: 0.008064260706305504

Refinement completed successfully.

Saving results to /das/work/units/LBR-FEL/p17490/Peter/Library/work_trees_torchref/alignement/alignment_lab/benchmarks/af_mr/runs/dmin4.0/4Q13/refine_torchref_mr...
  Refined structure (PDB): /das/work/units/LBR-FEL/p17490/Peter/Library/work_trees_torchref/alignement/alignment_lab/benchmarks/af_mr/runs/dmin4.0/4Q13/refine_torchref_mr/refined.pdb
  Refined structure (mmCIF): /das/work/units/LBR-FEL/p17490/Peter/Library/work_trees_torchref/alignement/alignment_lab/benchmarks/af_mr/runs/dmin4.0/4Q13/refine_torchref_mr/refined.cif
Added map coefficients:
  2Fo-Fc: FWT, PHWT
  Fo-Fc: DELFWT, PHDELWT
  Resolution range: 2.24 - 33.08 Å
✓ Wrote MTZ file: /das/work/units/LBR-FEL/p17490/Peter/Library/work_trees_torchref/alignement/alignment_lab/benchmarks/af_mr/runs/dmin4.0/4Q13/refine_torchref_mr/refined.mtz
  Reflections: 24290
  Columns: H, K, L, F-obs, SIGF-obs, R-free-flags, FWT, PHWT, DELFWT, PHDELWT, F-model, PH-model
  Refined structure factors: /das/work/units/LBR-FEL/p17490/Peter/Library/work_trees_torchref/alignement/alignment_lab/benchmarks/af_mr/runs/dmin4.0/4Q13/refine_torchref_mr/refined.mtz
  Refinement history: /das/work/units/LBR-FEL/p17490/Peter/Library/work_trees_torchref/alignement/alignment_lab/benchmarks/af_mr/runs/dmin4.0/4Q13/refine_torchref_mr/refinement_history.json

================================================================================
Refinement Summary
================================================================================
R-work:  0.2678 (23523 reflections)
R-free:  0.3241 (469 reflections)
NLL work: 120626.90
NLL test: 2452.51
================================================================================

Output files:
  - /das/work/units/LBR-FEL/p17490/Peter/Library/work_trees_torchref/alignement/alignment_lab/benchmarks/af_mr/runs/dmin4.0/4Q13/refine_torchref_mr/refined.pdb
  - /das/work/units/LBR-FEL/p17490/Peter/Library/work_trees_torchref/alignement/alignment_lab/benchmarks/af_mr/runs/dmin4.0/4Q13/refine_torchref_mr/refined.cif
  - /das/work/units/LBR-FEL/p17490/Peter/Library/work_trees_torchref/alignement/alignment_lab/benchmarks/af_mr/runs/dmin4.0/4Q13/refine_torchref_mr/refined.mtz
  - /das/work/units/LBR-FEL/p17490/Peter/Library/work_trees_torchref/alignement/alignment_lab/benchmarks/af_mr/runs/dmin4.0/4Q13/refine_torchref_mr/refinement_history.json

Refinement completed successfully!

Timing: 309.3s wall, 920.1s CPU
