/das/work/units/LBR-FEL/p17490/Peter/Library/work_trees_torchref/alignement/torchref/cli/refine.py:21: UserWarning: TorchRef using user-specified 8 threads from TORCHREF_NUM_THREADS.
  from torchref.cli._common import (
================================================================================
TorchRef LBFGS Refinement
================================================================================
Model:             /das/work/units/LBR-FEL/p17490/Peter/Library/work_trees_torchref/alignement/alignment_lab/benchmarks/af_mr/runs/dmin3.0/3B2D/torchref_placed.pdb
Structure factor:  /das/work/units/LBR-FEL/p17490/Peter/Library/work_trees_torchref/dev/paper/data/3B2D/3B2D.mtz
Output directory:  /das/work/units/LBR-FEL/p17490/Peter/Library/work_trees_torchref/alignement/alignment_lab/benchmarks/af_mr/runs/dmin3.0/3B2D/refine_torchref_mr
Refinement mode:   separate
X-ray target:      ml
Refinement cycles: 10
Rigid-body step:   on (iterations/cutoff = 30)
Device:            auto
ADP mode:          isotropic
Wavelength:        1 A
Manual weights:    {"adp": 0.02}
================================================================================

Initializing refinement...
found non-finite F values (NaN/Inf):  5714
found non-finite F_sigma values (NaN/Inf):  5714
Wilson outlier rejection: 0/21368 (0.0000%) of tested reflections flagged (0 too strong, 0 too weak)
Loaded 11570 atoms
Building restraints...
Found 109 link definitions

Building VDW (non-bonded) restraints...
  Symmetry expansion: 70 valid (symop, offset) combos
  Grid: [33, 11, 19], 4634/6897 cells occupied, max 703 entries/cell
  Built 324496 VDW restraints, 138382 symmetry contacts
  Hydrogen topology: 11488 riding H atoms
  H candidate pairs: 834014 (240892 H-H, 593122 H-heavy, 262248 symmetry)
================================================================================
Restraints Summary
================================================================================
CIF file: None
Residue types in dictionary: 20

INTRA-RESIDUE RESTRAINTS:
--------------------------------------------------------------------------------
  Bonds: 10332
  Angles: 11540
  Torsions: 2930
  Planes: 2228
  Chirals: 1862

INTER-RESIDUE RESTRAINTS:
--------------------------------------------------------------------------------
  Peptide bonds: 1470
  Peptide angles: 4466
  Disulfide bonds: 18
  Disulfide angles: 36
  Disulfide torsions: 18
  LINK bonds: 0

BACKBONE TORSIONS:
--------------------------------------------------------------------------------
  Phi: 1470
  Psi: 1470
  Omega: 1470
  Ramachandran: 1466

VDW RESTRAINTS:
--------------------------------------------------------------------------------
  Non-bonded contacts: 324496 (186114 intra-ASU, 138382 symmetry)
================================================================================
Generated 11452 hydrogens
ADP representation: isotropic, 23022 parameters, 1.5 work reflections each
Initialized ScalerBase with 10 bins.
Building restraints...

Building VDW (non-bonded) restraints...
  Symmetry expansion: 70 valid (symop, offset) combos
  Grid: [33, 11, 19], 4904/6897 cells occupied, max 1200 entries/cell
  Built 1305149 VDW restraints, 532872 symmetry contacts
================================================================================
Restraints Summary
================================================================================
CIF file: None
Residue types in dictionary: 20

INTRA-RESIDUE RESTRAINTS:
--------------------------------------------------------------------------------
  Bonds: 21784
  Angles: 36126
  Torsions: 4462
  Planes: 3902
  Chirals: 1862

INTER-RESIDUE RESTRAINTS:
--------------------------------------------------------------------------------
  Peptide bonds: 1470
  Peptide angles: 5880
  Disulfide bonds: 18
  Disulfide angles: 36
  Disulfide torsions: 18
  LINK bonds: 0

BACKBONE TORSIONS:
--------------------------------------------------------------------------------
  Phi: 1470
  Psi: 1470
  Omega: 1470
  Ramachandran: 1466

VDW RESTRAINTS:
--------------------------------------------------------------------------------
  Non-bonded contacts: 1305149 (772277 intra-ASU, 532872 symmetry)
================================================================================
Initializing TotalGeometryTarget with component targets...
Initializing TotalADPTarget with component targets: simu, locality, sigd
Parametrization built for 5 unique atom types
SfFFT: Using late symmetry (reciprocal space)
Calculating initial scale factors using 10 bins.
Refining scales with LBFGS...
Scale refinement complete. rwork: 0.5388, rfree: 0.5387

Final Scale Parameters: 
  c_iso: tensor([-0.4202,  1.6349, -0.3984,  0.1461, -0.2032,  0.1325])
  U: tensor([ 0.9738,  1.1956,  0.9369, -0.1472, -0.0528,  0.0661])
  solvent.log_k_solvent: -1.1196503639221191
  solvent.log_ss_half: -2.9851109981536865
  solvent.log_n_exp: 1.0366053581237793
  solvent.phase_offset: 1.3324893712997437
Initialized targets with xray_mode='ml'
Applied manual group weights: {'xray': 1.0, 'geometry': 0.2, 'geometry/ramachandran': 0.0, 'adp': 0.02, 'adp/sigd': 1.0, 'adp/node_load': 10.0, 'adp/node_smoothness': 0.0}
Refinement initialized successfully.

Starting refinement with 10 macro cycles...

Rigid-body step enabled: one multi-resolution rigid-body pass will run once at the start of refinement.


--- Rigid-body step (once, at start) ---
Switched to rigid-body parametrization: RigidXYZTensor(n_atoms=23022, n_chains=4) (4 chain(s))
Filtering: 4350/40737 reflections in range [inf - 6.0] Å (3973 valid after all masks)
Initialized ScalerBase with 10 bins.
Calculating initial scale factors using 10 bins.
Calculating initial scale factors using 10 bins.
Refining scales with LBFGS...
Scale refinement complete. rwork: 0.5287, rfree: 0.4880

Final Scale Parameters: 
  c_iso: tensor([ 0.6568,  2.2527, -2.3218, -3.3687, -2.7215, -0.8270])
  U: tensor([ 0.5170,  0.9629,  0.3982, -0.6025,  0.1318, -0.1791])
  solvent.log_k_solvent: -1.0860750675201416
  solvent.log_ss_half: -3.802680253982544
  solvent.log_n_exp: 1.8070669174194336
  solvent.phase_offset: 1.1073189973831177
  rigid-body d_min=6.00 (lbfgs, iters=30): Rwork=0.6010 Rfree=0.6035
Filtering: 13287/40737 reflections in range [inf - 4.098790392733353] Å (12714 valid after all masks)
Initialized ScalerBase with 10 bins.
Calculating initial scale factors using 10 bins.
Calculating initial scale factors using 10 bins.
Refining scales with LBFGS...
Scale refinement complete. rwork: 0.5392, rfree: 0.5521

Final Scale Parameters: 
  c_iso: tensor([-0.6601,  0.7372, -1.3552, -0.4169, -0.4761,  0.0727])
  U: tensor([ 1.4700,  1.8741,  1.4889, -0.1294, -0.1109,  0.1251])
  solvent.log_k_solvent: -1.4546637535095215
  solvent.log_ss_half: -1.4992767572402954
  solvent.log_n_exp: 2.646833896636963
  solvent.phase_offset: 1.0476627349853516
  rigid-body d_min=4.10 (lbfgs, iters=30): Rwork=0.6343 Rfree=0.6924
Filtering: 40737/40737 reflections in range [inf - 2.800013780593872] Å (35023 valid after all masks)
Initialized ScalerBase with 10 bins.
Calculating initial scale factors using 10 bins.
Calculating initial scale factors using 10 bins.
Refining scales with LBFGS...
Scale refinement complete. rwork: 0.5380, rfree: 0.5551

Final Scale Parameters: 
  c_iso: tensor([-0.4613,  1.5396, -0.4334,  0.1888, -0.2322,  0.1389])
  U: tensor([ 0.8653,  1.0347,  0.8591, -0.1031, -0.0568,  0.0799])
  solvent.log_k_solvent: -1.2642920017242432
  solvent.log_ss_half: -1.611148476600647
  solvent.log_n_exp: 2.0401649475097656
  solvent.phase_offset: 1.1912513971328735
  rigid-body d_min=2.80 (lbfgs, iters=30): Rwork=0.5779 Rfree=0.5846
Initialized ScalerBase with 10 bins.
Calculating initial scale factors using 10 bins.
Calculating initial scale factors using 10 bins.
Refining scales with LBFGS...
Scale refinement complete. rwork: 0.5375, rfree: 0.5453

Final Scale Parameters: 
  c_iso: tensor([-0.4498,  1.4842, -0.4267,  0.1721, -0.2188,  0.1344])
  U: tensor([ 0.8927,  1.0592,  0.8916, -0.1385, -0.0793,  0.0928])
  solvent.log_k_solvent: -1.1944721937179565
  solvent.log_ss_half: -1.7817134857177734
  solvent.log_n_exp: 2.0561904907226562
  solvent.phase_offset: 1.0760241746902466
Initialized ScalerBase with 10 bins.
Calculating initial scale factors using 10 bins.
Calculating initial scale factors using 10 bins.
Refining scales with LBFGS...
Scale refinement complete. rwork: 0.5375, rfree: 0.5453

Final Scale Parameters: 
  c_iso: tensor([-0.4505,  1.4830, -0.4270,  0.1723, -0.2190,  0.1344])
  U: tensor([ 0.8918,  1.0580,  0.8903, -0.1387, -0.0791,  0.0934])
  solvent.log_k_solvent: -1.194015622138977
  solvent.log_ss_half: -1.7004930973052979
  solvent.log_n_exp: 2.070488214492798
  solvent.phase_offset: 1.07428777217865

============================================================
LBFGS Refinement - Cycle 1/10
============================================================
Refining scales with LBFGS...
Scale refinement complete. rwork: 0.5374, rfree: 0.5453

Final Scale Parameters: 
  c_iso: tensor([-0.3470,  1.6090, -0.3899,  0.1777, -0.2144,  0.1342])
  U: tensor([ 0.9885,  1.1550,  0.9870, -0.1396, -0.0800,  0.0936])
  solvent.log_k_solvent: -1.2340303659439087
  solvent.log_ss_half: -2.9851109981536865
  solvent.log_n_exp: 1.051981806755066
  solvent.phase_offset: 1.0761297941207886
After scaling: Rwork=0.5374, Rfree=0.5453
  VDW rebuild: max drift 10.67 Å > threshold 1.00 Å

Building VDW (non-bonded) restraints...
  Symmetry expansion: 70 valid (symop, offset) combos
  Grid: [33, 11, 19], 4904/6897 cells occupied, max 1200 entries/cell
  Built 1305149 VDW restraints, 532872 symmetry contacts

────────────────────────────────────────────────────────────────────
  XYZ Refinement
────────────────────────────────────────────────────────────────────

  adp (weight: 0.0200)
  ────────────────────────────────────────────────────────────────
    Metric                       Before      After     Change
    locality                     4723.5     4723.5     0.0000
    scaler_U                    66536.8    66536.8     0.0000
    scaler_log_scale           934742.3   934742.3     0.0000
    sigd                        14849.1    14849.1     0.0000
    simu                        38328.4    38328.4     0.0000

  geometry (weight: 0.2000)
  ────────────────────────────────────────────────────────────────
    Metric                       Before      After     Change
    angle                      -95030.9    13873.2  +108904.1
    bond                       -71693.0    -7339.5   +64353.4
    chiral                    -981.7444     1424.7    +2406.4
    nonbonded                 3447995.0  -173103.9 -3621098.9
    planarity                  -46983.7   -36903.1   +10080.6
    torsion                     27594.9    32356.4    +4761.5

  other (weight: 1.0000)
  ────────────────────────────────────────────────────────────────
    Metric                       Before      After     Change
    xray                       230996.2   231046.6   +50.3594

  Group Totals
  ────────────────────────────────────────────────────────────────
    Group                        Before      After     Change
    adp                         21183.6    21183.6     0.0000
    geometry                   652180.1   -33938.4  -686118.6
    xray                       230996.2   231046.6   +50.3594
────────────────────────────────────────────────────────────────────
  VDW rebuild: max drift 10.67 Å > threshold 1.00 Å

Building VDW (non-bonded) restraints...
  Symmetry expansion: 70 valid (symop, offset) combos
  Grid: [33, 11, 19], 4904/6897 cells occupied, max 1200 entries/cell
  Built 1305149 VDW restraints, 532872 symmetry contacts

────────────────────────────────────────────────────────────────────
  ADP Refinement
────────────────────────────────────────────────────────────────────

  adp (weight: 0.0200)
  ────────────────────────────────────────────────────────────────
    Metric                       Before      After     Change
    locality                     4754.6   712.6445    -4042.0
    scaler_U                    66536.8    66536.8     0.0000
    scaler_log_scale           934742.3   934742.3     0.0000
    sigd                        14849.1    14863.7   +14.5771
    simu                        38328.4    37656.2  -672.1250

  geometry (weight: 0.2000)
  ────────────────────────────────────────────────────────────────
    Metric                       Before      After     Change
    angle                       13873.2    13873.2     0.0000
    bond                        -7339.5    -7339.5     0.0000
    chiral                       1424.7     1424.7     0.0000
    nonbonded                 -173103.9  -173103.9     0.0000
    planarity                  -36903.1   -36903.1     0.0000
    torsion                     32356.4    32356.4     0.0000

  other (weight: 1.0000)
  ────────────────────────────────────────────────────────────────
    Metric                       Before      After     Change
    xray                       231046.6   231041.4    -5.1406

  Group Totals
  ────────────────────────────────────────────────────────────────
    Group                        Before      After     Change
    adp                         21184.2    21090.2   -93.9902
    geometry                   -33938.4   -33938.4     0.0000
    xray                       231046.6   231041.4    -5.1406
────────────────────────────────────────────────────────────────────

============================================================
LBFGS Refinement - Cycle 2/10
============================================================
Refining scales with LBFGS...
Scale refinement complete. rwork: 0.5349, rfree: 0.5644

Final Scale Parameters: 
  c_iso: tensor([-0.2612,  1.5456, -0.3989,  0.1787, -0.1994,  0.1360])
  U: tensor([ 0.9887,  1.2373,  1.0442, -0.1122, -0.0729,  0.0597])
  solvent.log_k_solvent: -1.247145175933838
  solvent.log_ss_half: -2.9851109981536865
  solvent.log_n_exp: 1.0860201120376587
  solvent.phase_offset: 0.9452257752418518
After scaling: Rwork=0.5349, Rfree=0.5644
  VDW rebuild: max drift 10.67 Å > threshold 1.00 Å

Building VDW (non-bonded) restraints...
  Symmetry expansion: 70 valid (symop, offset) combos
  Grid: [33, 11, 19], 4904/6897 cells occupied, max 1200 entries/cell
  Built 1305149 VDW restraints, 532872 symmetry contacts

────────────────────────────────────────────────────────────────────
  XYZ Refinement
────────────────────────────────────────────────────────────────────

  adp (weight: 0.0200)
  ────────────────────────────────────────────────────────────────
    Metric                       Before      After     Change
    locality                   712.6445   712.6445     0.0000
    scaler_U                    72610.1    72610.1     0.0000
    scaler_log_scale           807225.8   807225.8     0.0000
    sigd                        14863.7    14863.7     0.0000
    simu                        37656.2    37656.2     0.0000

  geometry (weight: 0.2000)
  ────────────────────────────────────────────────────────────────
    Metric                       Before      After     Change
    angle                       13873.2   -41506.8   -55380.0
    bond                        -7339.5   -51126.3   -43786.8
    chiral                       1424.7   194.4743    -1230.2
    nonbonded                 -173103.9  -255913.8   -82809.9
    planarity                  -36903.1   -42776.1    -5873.0
    torsion                     32356.4    31919.9  -436.5566

  other (weight: 1.0000)
  ────────────────────────────────────────────────────────────────
    Metric                       Before      After     Change
    xray                       231027.4   230979.7   -47.7031

  Group Totals
  ────────────────────────────────────────────────────────────────
    Group                        Before      After     Change
    adp                         18661.4    18661.4     0.0000
    geometry                   -33938.4   -71841.7   -37903.3
    xray                       231027.4   230979.7   -47.7031
────────────────────────────────────────────────────────────────────
  VDW rebuild: max drift 10.67 Å > threshold 1.00 Å

Building VDW (non-bonded) restraints...
  Symmetry expansion: 70 valid (symop, offset) combos
  Grid: [33, 11, 19], 4904/6897 cells occupied, max 1200 entries/cell
  Built 1305149 VDW restraints, 532872 symmetry contacts

────────────────────────────────────────────────────────────────────
  ADP Refinement
────────────────────────────────────────────────────────────────────

  adp (weight: 0.0200)
  ────────────────────────────────────────────────────────────────
    Metric                       Before      After     Change
    locality                   716.6467   327.0596  -389.5871
    scaler_U                    72610.1    72610.1     0.0000
    scaler_log_scale           807225.8   807225.8     0.0000
    sigd                        14863.7    14859.5    -4.1709
    simu                        37656.2    37653.0    -3.2188

  geometry (weight: 0.2000)
  ────────────────────────────────────────────────────────────────
    Metric                       Before      After     Change
    angle                      -41506.8   -41506.8     0.0000
    bond                       -51126.3   -51126.3     0.0000
    chiral                     194.4743   194.4743     0.0000
    nonbonded                 -255913.8  -255913.8     0.0000
    planarity                  -42776.1   -42776.1     0.0000
    torsion                     31919.9    31919.9     0.0000

  other (weight: 1.0000)
  ────────────────────────────────────────────────────────────────
    Metric                       Before      After     Change
    xray                       230979.7   230975.5    -4.2344

  Group Totals
  ────────────────────────────────────────────────────────────────
    Group                        Before      After     Change
    adp                         18661.4    18653.5    -7.9396
    geometry                   -71841.7   -71841.7     0.0000
    xray                       230979.7   230975.5    -4.2344
────────────────────────────────────────────────────────────────────

============================================================
LBFGS Refinement - Cycle 3/10
============================================================
Refining scales with LBFGS...
Scale refinement complete. rwork: 0.5354, rfree: 0.5582

Final Scale Parameters: 
  c_iso: tensor([-0.2063,  1.5935, -0.3981,  0.1730, -0.2002,  0.1378])
  U: tensor([ 1.0614,  1.3117,  1.1128, -0.1161, -0.0701,  0.0630])
  solvent.log_k_solvent: -1.3230856657028198
  solvent.log_ss_half: -2.9851109981536865
  solvent.log_n_exp: 1.1469416618347168
  solvent.phase_offset: 0.9241303205490112
After scaling: Rwork=0.5354, Rfree=0.5582
  VDW rebuild: max drift 10.66 Å > threshold 1.00 Å

Building VDW (non-bonded) restraints...
  Symmetry expansion: 70 valid (symop, offset) combos
  Grid: [33, 11, 19], 4904/6897 cells occupied, max 1200 entries/cell
  Built 1305149 VDW restraints, 532872 symmetry contacts

────────────────────────────────────────────────────────────────────
  XYZ Refinement
────────────────────────────────────────────────────────────────────

  adp (weight: 0.0200)
  ────────────────────────────────────────────────────────────────
    Metric                       Before      After     Change
    locality                   327.0596   327.0596     0.0000
    scaler_U                    82499.9    82499.9     0.0000
    scaler_log_scale           880809.1   880809.1     0.0000
    sigd                        14859.5    14859.5     0.0000
    simu                        37653.0    37653.0     0.0000

  geometry (weight: 0.2000)
  ────────────────────────────────────────────────────────────────
    Metric                       Before      After     Change
    angle                      -41506.8   -62001.4   -20494.6
    bond                       -51126.3   -59172.8    -8046.4
    chiral                     194.4743  -315.6356  -510.1099
    nonbonded                 -255913.8  -287952.6   -32038.8
    planarity                  -42776.1   -44592.4    -1816.3
    torsion                     31919.9    31835.6   -84.2324

  other (weight: 1.0000)
  ────────────────────────────────────────────────────────────────
    Metric                       Before      After     Change
    xray                       230976.2   230991.1   +14.9219

  Group Totals
  ────────────────────────────────────────────────────────────────
    Group                        Before      After     Change
    adp                         20323.0    20323.0     0.0000
    geometry                   -71841.7   -84439.8   -12598.1
    xray                       230976.2   230991.1   +14.9219
────────────────────────────────────────────────────────────────────
  VDW rebuild: max drift 10.66 Å > threshold 1.00 Å

Building VDW (non-bonded) restraints...
  Symmetry expansion: 70 valid (symop, offset) combos
  Grid: [33, 11, 19], 4904/6897 cells occupied, max 1200 entries/cell
  Built 1305149 VDW restraints, 532872 symmetry contacts

────────────────────────────────────────────────────────────────────
  ADP Refinement
────────────────────────────────────────────────────────────────────

  adp (weight: 0.0200)
  ────────────────────────────────────────────────────────────────
    Metric                       Before      After     Change
    locality                   327.3163   157.4030  -169.9133
    scaler_U                    82499.9    82499.9     0.0000
    scaler_log_scale           880809.1   880809.1     0.0000
    sigd                        14859.5    14858.6    -0.9004
    simu                        37653.0    37568.7   -84.2812

  geometry (weight: 0.2000)
  ────────────────────────────────────────────────────────────────
    Metric                       Before      After     Change
    angle                      -62001.4   -62001.4     0.0000
    bond                       -59172.8   -59172.8     0.0000
    chiral                    -315.6356  -315.6356     0.0000
    nonbonded                 -287952.6  -287952.6     0.0000
    planarity                  -44592.4   -44592.4     0.0000
    torsion                     31835.6    31835.6     0.0000

  other (weight: 1.0000)
  ────────────────────────────────────────────────────────────────
    Metric                       Before      After     Change
    xray                       230991.1   230993.0    +1.8906

  Group Totals
  ────────────────────────────────────────────────────────────────
    Group                        Before      After     Change
    adp                         20323.0    20317.9    -5.1019
    geometry                   -84439.8   -84439.8     0.0000
    xray                       230991.1   230993.0    +1.8906
────────────────────────────────────────────────────────────────────

============================================================
LBFGS Refinement - Cycle 4/10
============================================================
Refining scales with LBFGS...
Scale refinement complete. rwork: 0.5360, rfree: 0.5599

Final Scale Parameters: 
  c_iso: tensor([-0.2226,  1.6356, -0.4074,  0.1772, -0.2020,  0.1438])
  U: tensor([ 1.0721,  1.3153,  1.1100, -0.1153, -0.0617,  0.0640])
  solvent.log_k_solvent: -1.3219321966171265
  solvent.log_ss_half: -2.9851109981536865
  solvent.log_n_exp: 1.156569004058838
  solvent.phase_offset: 1.0308836698532104
After scaling: Rwork=0.5360, Rfree=0.5599
  VDW rebuild: max drift 10.66 Å > threshold 1.00 Å

Building VDW (non-bonded) restraints...
  Symmetry expansion: 70 valid (symop, offset) combos
  Grid: [33, 11, 19], 4904/6897 cells occupied, max 1200 entries/cell
  Built 1305149 VDW restraints, 532872 symmetry contacts

────────────────────────────────────────────────────────────────────
  XYZ Refinement
────────────────────────────────────────────────────────────────────

  adp (weight: 0.0200)
  ────────────────────────────────────────────────────────────────
    Metric                       Before      After     Change
    locality                   157.4030   157.4030     0.0000
    scaler_U                    83047.8    83047.8     0.0000
    scaler_log_scale           925522.3   925522.3     0.0000
    sigd                        14858.6    14858.6     0.0000
    simu                        37568.7    37568.7     0.0000

  geometry (weight: 0.2000)
  ────────────────────────────────────────────────────────────────
    Metric                       Before      After     Change
    angle                      -62001.4   -73640.7   -11639.2
    bond                       -59172.8   -63152.0    -3979.2
    chiral                    -315.6356  -483.9479  -168.3124
    nonbonded                 -287952.6  -300798.2   -12845.6
    planarity                  -44592.4   -45580.3  -987.9258
    torsion                     31835.6    31606.5  -229.1250

  other (weight: 1.0000)
  ────────────────────────────────────────────────────────────────
    Metric                       Before      After     Change
    xray                       230995.3   230991.3    -4.0156

  Group Totals
  ────────────────────────────────────────────────────────────────
    Group                        Before      After     Change
    adp                         21223.1    21223.1     0.0000
    geometry                   -84439.8   -90409.7    -5969.9
    xray                       230995.3   230991.3    -4.0156
────────────────────────────────────────────────────────────────────
  VDW rebuild: max drift 10.66 Å > threshold 1.00 Å

Building VDW (non-bonded) restraints...
  Symmetry expansion: 70 valid (symop, offset) combos
  Grid: [33, 11, 19], 4904/6897 cells occupied, max 1200 entries/cell
  Built 1305149 VDW restraints, 532872 symmetry contacts

────────────────────────────────────────────────────────────────────
  ADP Refinement
────────────────────────────────────────────────────────────────────

  adp (weight: 0.0200)
  ────────────────────────────────────────────────────────────────
    Metric                       Before      After     Change
    locality                   157.5397   161.9367    +4.3970
    scaler_U                    83047.8    83047.8     0.0000
    scaler_log_scale           925522.3   925522.3     0.0000
    sigd                        14858.6    14858.3    -0.3398
    simu                        37568.7    37563.0    -5.7383

  geometry (weight: 0.2000)
  ────────────────────────────────────────────────────────────────
    Metric                       Before      After     Change
    angle                      -73640.7   -73640.7     0.0000
    bond                       -63152.0   -63152.0     0.0000
    chiral                    -483.9479  -483.9479     0.0000
    nonbonded                 -300798.2  -300798.2     0.0000
    planarity                  -45580.3   -45580.3     0.0000
    torsion                     31606.5    31606.5     0.0000

  other (weight: 1.0000)
  ────────────────────────────────────────────────────────────────
    Metric                       Before      After     Change
    xray                       230991.3   230989.1    -2.2188

  Group Totals
  ────────────────────────────────────────────────────────────────
    Group                        Before      After     Change
    adp                         21223.1    21223.1    -0.0336
    geometry                   -90409.7   -90409.7     0.0000
    xray                       230991.3   230989.1    -2.2188
────────────────────────────────────────────────────────────────────

============================================================
LBFGS Refinement - Cycle 5/10
============================================================
Refining scales with LBFGS...
Scale refinement complete. rwork: 0.5355, rfree: 0.5583

Final Scale Parameters: 
  c_iso: tensor([-0.2247,  1.6461, -0.4000,  0.1701, -0.2003,  0.1424])
  U: tensor([ 1.0780,  1.3073,  1.1054, -0.1136, -0.0601,  0.0693])
  solvent.log_k_solvent: -1.331689476966858
  solvent.log_ss_half: -2.9851109981536865
  solvent.log_n_exp: 1.1585344076156616
  solvent.phase_offset: 1.080998182296753
After scaling: Rwork=0.5355, Rfree=0.5583
  VDW rebuild: max drift 10.66 Å > threshold 1.00 Å

Building VDW (non-bonded) restraints...
  Symmetry expansion: 70 valid (symop, offset) combos
  Grid: [33, 11, 19], 4904/6897 cells occupied, max 1200 entries/cell
  Built 1305149 VDW restraints, 532872 symmetry contacts

────────────────────────────────────────────────────────────────────
  XYZ Refinement
────────────────────────────────────────────────────────────────────

  adp (weight: 0.0200)
  ────────────────────────────────────────────────────────────────
    Metric                       Before      After     Change
    locality                   161.9367   161.9367     0.0000
    scaler_U                    82729.0    82729.0     0.0000
    scaler_log_scale           956935.8   956935.8     0.0000
    sigd                        14858.3    14858.3     0.0000
    simu                        37563.0    37563.0     0.0000

  geometry (weight: 0.2000)
  ────────────────────────────────────────────────────────────────
    Metric                       Before      After     Change
    angle                      -73640.7   -80383.1    -6742.5
    bond                       -63152.0   -65194.9    -2043.0
    chiral                    -483.9479  -629.1396  -145.1917
    nonbonded                 -300798.2  -309440.7    -8642.4
    planarity                  -45580.3   -45848.8  -268.5273
    torsion                     31606.5    31436.1  -170.3926

  other (weight: 1.0000)
  ────────────────────────────────────────────────────────────────
    Metric                       Before      After     Change
    xray                       230990.8   230994.8    +3.9688

  Group Totals
  ────────────────────────────────────────────────────────────────
    Group                        Before      After     Change
    adp                         21845.0    21845.0     0.0000
    geometry                   -90409.7   -94012.1    -3602.4
    xray                       230990.8   230994.8    +3.9688
────────────────────────────────────────────────────────────────────
  VDW rebuild: max drift 10.66 Å > threshold 1.00 Å

Building VDW (non-bonded) restraints...
  Symmetry expansion: 70 valid (symop, offset) combos
  Grid: [33, 11, 19], 4904/6897 cells occupied, max 1200 entries/cell
  Built 1305149 VDW restraints, 532872 symmetry contacts

────────────────────────────────────────────────────────────────────
  ADP Refinement
────────────────────────────────────────────────────────────────────

  adp (weight: 0.0200)
  ────────────────────────────────────────────────────────────────
    Metric                       Before      After     Change
    locality                   162.0080   134.2672   -27.7408
    scaler_U                    82729.0    82729.0     0.0000
    scaler_log_scale           956935.8   956935.8     0.0000
    sigd                        14858.3    14857.9    -0.4434
    simu                        37563.0    37545.3   -17.7070

  geometry (weight: 0.2000)
  ────────────────────────────────────────────────────────────────
    Metric                       Before      After     Change
    angle                      -80383.1   -80383.1     0.0000
    bond                       -65194.9   -65194.9     0.0000
    chiral                    -629.1396  -629.1396     0.0000
    nonbonded                 -309440.7  -309440.7     0.0000
    planarity                  -45848.8   -45848.8     0.0000
    torsion                     31436.1    31436.1     0.0000

  other (weight: 1.0000)
  ────────────────────────────────────────────────────────────────
    Metric                       Before      After     Change
    xray                       230994.8   230995.2    +0.4062

  Group Totals
  ────────────────────────────────────────────────────────────────
    Group                        Before      After     Change
    adp                         21845.0    21844.0    -0.9178
    geometry                   -94012.1   -94012.1     0.0000
    xray                       230994.8   230995.2    +0.4062
────────────────────────────────────────────────────────────────────

============================================================
LBFGS Refinement - Cycle 6/10
============================================================
Refining scales with LBFGS...
Scale refinement complete. rwork: 0.5352, rfree: 0.5687

Final Scale Parameters: 
  c_iso: tensor([-0.2286,  1.6560, -0.4017,  0.1703, -0.2031,  0.1425])
  U: tensor([ 1.0824,  1.2981,  1.1040, -0.1088, -0.0590,  0.0764])
  solvent.log_k_solvent: -1.3363690376281738
  solvent.log_ss_half: -2.9851109981536865
  solvent.log_n_exp: 1.160456895828247
  solvent.phase_offset: 1.1053613424301147
After scaling: Rwork=0.5352, Rfree=0.5687
  VDW rebuild: max drift 10.66 Å > threshold 1.00 Å

Building VDW (non-bonded) restraints...
  Symmetry expansion: 70 valid (symop, offset) combos
  Grid: [33, 11, 19], 4904/6897 cells occupied, max 1200 entries/cell
  Built 1305149 VDW restraints, 532872 symmetry contacts

────────────────────────────────────────────────────────────────────
  XYZ Refinement
────────────────────────────────────────────────────────────────────

  adp (weight: 0.0200)
  ────────────────────────────────────────────────────────────────
    Metric                       Before      After     Change
    locality                   134.2672   134.2672     0.0000
    scaler_U                    82433.6    82433.6     0.0000
    scaler_log_scale           971963.4   971963.4     0.0000
    sigd                        14857.9    14857.9     0.0000
    simu                        37545.3    37545.3     0.0000

  geometry (weight: 0.2000)
  ────────────────────────────────────────────────────────────────
    Metric                       Before      After     Change
    angle                      -80383.1   -84307.4    -3924.2
    bond                       -65194.9   -66691.5    -1496.5
    chiral                    -629.1396  -748.3698  -119.2301
    nonbonded                 -309440.7  -314057.7    -4617.0
    planarity                  -45848.8   -46394.9  -546.0781
    torsion                     31436.1    31291.5  -144.6387

  other (weight: 1.0000)
  ────────────────────────────────────────────────────────────────
    Metric                       Before      After     Change
    xray                       230996.6   231019.9   +23.3438

  Group Totals
  ────────────────────────────────────────────────────────────────
    Group                        Before      After     Change
    adp                         22138.7    22138.7     0.0000
    geometry                   -94012.1   -96181.7    -2169.5
    xray                       230996.6   231019.9   +23.3438
────────────────────────────────────────────────────────────────────
  VDW rebuild: max drift 10.66 Å > threshold 1.00 Å

Building VDW (non-bonded) restraints...
  Symmetry expansion: 70 valid (symop, offset) combos
  Grid: [33, 11, 19], 4904/6897 cells occupied, max 1200 entries/cell
  Built 1305149 VDW restraints, 532872 symmetry contacts

────────────────────────────────────────────────────────────────────
  ADP Refinement
────────────────────────────────────────────────────────────────────

  adp (weight: 0.0200)
  ────────────────────────────────────────────────────────────────
    Metric                       Before      After     Change
    locality                   134.3540   134.1963    -0.1577
    scaler_U                    82433.6    82433.6     0.0000
    scaler_log_scale           971963.4   971963.4     0.0000
    sigd                        14857.9    14857.9    +0.0010
    simu                        37545.3    37545.2    -0.0938

  geometry (weight: 0.2000)
  ────────────────────────────────────────────────────────────────
    Metric                       Before      After     Change
    angle                      -84307.4   -84307.4     0.0000
    bond                       -66691.5   -66691.5     0.0000
    chiral                    -748.3698  -748.3698     0.0000
    nonbonded                 -314057.7  -314057.7     0.0000
    planarity                  -46394.9   -46394.9     0.0000
    torsion                     31291.5    31291.5     0.0000

  other (weight: 1.0000)
  ────────────────────────────────────────────────────────────────
    Metric                       Before      After     Change
    xray                       231019.9   231019.9     0.0000

  Group Totals
  ────────────────────────────────────────────────────────────────
    Group                        Before      After     Change
    adp                         22138.7    22138.7    -0.0050
    geometry                   -96181.7   -96181.7     0.0000
    xray                       231019.9   231019.9     0.0000
────────────────────────────────────────────────────────────────────

============================================================
LBFGS Refinement - Cycle 7/10
============================================================
Refining scales with LBFGS...
Scale refinement complete. rwork: 0.5352, rfree: 0.5670

Final Scale Parameters: 
  c_iso: tensor([-0.2103,  1.6911, -0.4038,  0.1709, -0.2075,  0.1452])
  U: tensor([ 1.1097,  1.3251,  1.1234, -0.1121, -0.0522,  0.0768])
  solvent.log_k_solvent: -1.3836324214935303
  solvent.log_ss_half: -2.9851109981536865
  solvent.log_n_exp: 1.1992477178573608
  solvent.phase_offset: 1.1307119131088257
After scaling: Rwork=0.5352, Rfree=0.5670
  VDW rebuild: max drift 10.66 Å > threshold 1.00 Å

Building VDW (non-bonded) restraints...
  Symmetry expansion: 70 valid (symop, offset) combos
  Grid: [33, 11, 19], 4904/6897 cells occupied, max 1200 entries/cell
  Built 1305149 VDW restraints, 532872 symmetry contacts

────────────────────────────────────────────────────────────────────
  XYZ Refinement
────────────────────────────────────────────────────────────────────

  adp (weight: 0.0200)
  ────────────────────────────────────────────────────────────────
    Metric                       Before      After     Change
    locality                   134.1963   134.1963     0.0000
    scaler_U                    85955.8    85955.8     0.0000
    scaler_log_scale          1027584.6  1027584.6     0.0000
    sigd                        14857.9    14857.9     0.0000
    simu                        37545.2    37545.2     0.0000

  geometry (weight: 0.2000)
  ────────────────────────────────────────────────────────────────
    Metric                       Before      After     Change
    angle                      -84307.4   -86475.5    -2168.1
    bond                       -66691.5   -67334.0  -642.5703
    chiral                    -748.3698  -793.2122   -44.8425
    nonbonded                 -314057.7  -317835.9    -3778.2
    planarity                  -46394.9   -46496.3  -101.3789
    torsion                     31291.5    31218.3   -73.1328

  other (weight: 1.0000)
  ────────────────────────────────────────────────────────────────
    Metric                       Before      After     Change
    xray                       231022.1   231014.8    -7.2812

  Group Totals
  ────────────────────────────────────────────────────────────────
    Group                        Before      After     Change
    adp                         23321.6    23321.6     0.0000
    geometry                   -96181.7   -97543.3    -1361.7
    xray                       231022.1   231014.8    -7.2812
────────────────────────────────────────────────────────────────────
  VDW rebuild: max drift 10.66 Å > threshold 1.00 Å

Building VDW (non-bonded) restraints...
  Symmetry expansion: 70 valid (symop, offset) combos
  Grid: [33, 11, 19], 4904/6897 cells occupied, max 1200 entries/cell
  Built 1305149 VDW restraints, 532872 symmetry contacts

────────────────────────────────────────────────────────────────────
  ADP Refinement
────────────────────────────────────────────────────────────────────

  adp (weight: 0.0200)
  ────────────────────────────────────────────────────────────────
    Metric                       Before      After     Change
    locality                   134.2109   134.0666    -0.1443
    scaler_U                    85955.8    85955.8     0.0000
    scaler_log_scale          1027584.6  1027584.6     0.0000
    sigd                        14857.9    14857.9     0.0000
    simu                        37545.2    37545.1    -0.0781

  geometry (weight: 0.2000)
  ────────────────────────────────────────────────────────────────
    Metric                       Before      After     Change
    angle                      -86475.5   -86475.5     0.0000
    bond                       -67334.0   -67334.0     0.0000
    chiral                    -793.2122  -793.2122     0.0000
    nonbonded                 -317835.9  -317835.9     0.0000
    planarity                  -46496.3   -46496.3     0.0000
    torsion                     31218.3    31218.3     0.0000

  other (weight: 1.0000)
  ────────────────────────────────────────────────────────────────
    Metric                       Before      After     Change
    xray                       231014.8   231014.8     0.0000

  Group Totals
  ────────────────────────────────────────────────────────────────
    Group                        Before      After     Change
    adp                         23321.6    23321.5    -0.0045
    geometry                   -97543.3   -97543.3     0.0000
    xray                       231014.8   231014.8     0.0000
────────────────────────────────────────────────────────────────────

============================================================
LBFGS Refinement - Cycle 8/10
============================================================
Refining scales with LBFGS...
Scale refinement complete. rwork: 0.5356, rfree: 0.5713

Final Scale Parameters: 
  c_iso: tensor([-0.2054,  1.6896, -0.3993,  0.1720, -0.2081,  0.1435])
  U: tensor([ 1.1070,  1.3165,  1.1195, -0.1081, -0.0499,  0.0789])
  solvent.log_k_solvent: -1.398439884185791
  solvent.log_ss_half: -2.9851109981536865
  solvent.log_n_exp: 1.2001585960388184
  solvent.phase_offset: 1.1153318881988525
After scaling: Rwork=0.5356, Rfree=0.5713
  VDW rebuild: max drift 10.66 Å > threshold 1.00 Å

Building VDW (non-bonded) restraints...
  Symmetry expansion: 70 valid (symop, offset) combos
  Grid: [33, 11, 19], 4904/6897 cells occupied, max 1200 entries/cell
  Built 1305149 VDW restraints, 532872 symmetry contacts

────────────────────────────────────────────────────────────────────
  XYZ Refinement
────────────────────────────────────────────────────────────────────

  adp (weight: 0.0200)
  ────────────────────────────────────────────────────────────────
    Metric                       Before      After     Change
    locality                   134.0666   134.0666     0.0000
    scaler_U                    85226.7    85226.7     0.0000
    scaler_log_scale          1035337.6  1035337.6     0.0000
    sigd                        14857.9    14857.9     0.0000
    simu                        37545.1    37545.1     0.0000

  geometry (weight: 0.2000)
  ────────────────────────────────────────────────────────────────
    Metric                       Before      After     Change
    angle                      -86475.5   -88395.9    -1920.4
    bond                       -67334.0   -67755.3  -421.2500
    chiral                    -793.2122  -857.0436   -63.8314
    nonbonded                 -317835.9  -320526.6    -2690.7
    planarity                  -46496.3   -46791.9  -295.6719
    torsion                     31218.3    31144.0   -74.3340

  other (weight: 1.0000)
  ────────────────────────────────────────────────────────────────
    Metric                       Before      After     Change
    xray                       231013.2   230986.8   -26.4688

  Group Totals
  ────────────────────────────────────────────────────────────────
    Group                        Before      After     Change
    adp                         23462.0    23462.0     0.0000
    geometry                   -97543.3   -98636.5    -1093.2
    xray                       231013.2   230986.8   -26.4688
────────────────────────────────────────────────────────────────────
  VDW rebuild: max drift 10.66 Å > threshold 1.00 Å

Building VDW (non-bonded) restraints...
  Symmetry expansion: 70 valid (symop, offset) combos
  Grid: [33, 11, 19], 4904/6897 cells occupied, max 1200 entries/cell
  Built 1305149 VDW restraints, 532872 symmetry contacts

────────────────────────────────────────────────────────────────────
  ADP Refinement
────────────────────────────────────────────────────────────────────

  adp (weight: 0.0200)
  ────────────────────────────────────────────────────────────────
    Metric                       Before      After     Change
    locality                   134.1897   134.1649    -0.0248
    scaler_U                    85226.7    85226.7     0.0000
    scaler_log_scale          1035337.6  1035337.6     0.0000
    sigd                        14857.9    14857.9    -0.0078
    simu                        37545.1    37545.1    -0.0039

  geometry (weight: 0.2000)
  ────────────────────────────────────────────────────────────────
    Metric                       Before      After     Change
    angle                      -88395.9   -88395.9     0.0000
    bond                       -67755.3   -67755.3     0.0000
    chiral                    -857.0436  -857.0436     0.0000
    nonbonded                 -320526.6  -320526.6     0.0000
    planarity                  -46791.9   -46791.9     0.0000
    torsion                     31144.0    31144.0     0.0000

  other (weight: 1.0000)
  ────────────────────────────────────────────────────────────────
    Metric                       Before      After     Change
    xray                       230986.8   230986.8     0.0000

  Group Totals
  ────────────────────────────────────────────────────────────────
    Group                        Before      After     Change
    adp                         23462.0    23462.0    -0.0007
    geometry                   -98636.5   -98636.5     0.0000
    xray                       230986.8   230986.8     0.0000
────────────────────────────────────────────────────────────────────

============================================================
LBFGS Refinement - Cycle 9/10
============================================================
Refining scales with LBFGS...
Scale refinement complete. rwork: 0.5355, rfree: 0.5734

Final Scale Parameters: 
  c_iso: tensor([-0.2418,  1.6560, -0.3950,  0.1755, -0.2071,  0.1422])
  U: tensor([ 1.0633,  1.2599,  1.0695, -0.1052, -0.0479,  0.0764])
  solvent.log_k_solvent: -1.369793176651001
  solvent.log_ss_half: -2.9851109981536865
  solvent.log_n_exp: 1.1926764249801636
  solvent.phase_offset: 1.1292691230773926
After scaling: Rwork=0.5355, Rfree=0.5734
  VDW rebuild: max drift 10.66 Å > threshold 1.00 Å

Building VDW (non-bonded) restraints...
  Symmetry expansion: 70 valid (symop, offset) combos
  Grid: [33, 11, 19], 4904/6897 cells occupied, max 1200 entries/cell
  Built 1305149 VDW restraints, 532872 symmetry contacts

────────────────────────────────────────────────────────────────────
  XYZ Refinement
────────────────────────────────────────────────────────────────────

  adp (weight: 0.0200)
  ────────────────────────────────────────────────────────────────
    Metric                       Before      After     Change
    locality                   134.1649   134.1649     0.0000
    scaler_U                    78150.4    78150.4     0.0000
    scaler_log_scale           987913.4   987913.4     0.0000
    sigd                        14857.9    14857.9     0.0000
    simu                        37545.1    37545.1     0.0000

  geometry (weight: 0.2000)
  ────────────────────────────────────────────────────────────────
    Metric                       Before      After     Change
    angle                      -88395.9   -90113.1    -1717.2
    bond                       -67755.3   -68317.3  -562.0000
    chiral                    -857.0436  -926.8879   -69.8443
    nonbonded                 -320526.6  -322890.6    -2364.1
    planarity                  -46791.9   -46880.7   -88.7656
    torsion                     31144.0    31005.7  -138.2949

  other (weight: 1.0000)
  ────────────────────────────────────────────────────────────────
    Metric                       Before      After     Change
    xray                       230988.9   231023.1   +34.2344

  Group Totals
  ────────────────────────────────────────────────────────────────
    Group                        Before      After     Change
    adp                         22372.0    22372.0     0.0000
    geometry                   -98636.5   -99624.6  -988.0265
    xray                       230988.9   231023.1   +34.2344
────────────────────────────────────────────────────────────────────
  VDW rebuild: max drift 10.66 Å > threshold 1.00 Å

Building VDW (non-bonded) restraints...
  Symmetry expansion: 70 valid (symop, offset) combos
  Grid: [33, 11, 19], 4904/6897 cells occupied, max 1200 entries/cell
  Built 1305149 VDW restraints, 532872 symmetry contacts

────────────────────────────────────────────────────────────────────
  ADP Refinement
────────────────────────────────────────────────────────────────────

  adp (weight: 0.0200)
  ────────────────────────────────────────────────────────────────
    Metric                       Before      After     Change
    locality                   134.2916   134.2916     0.0000
    scaler_U                    78150.4    78150.4     0.0000
    scaler_log_scale           987913.4   987913.4     0.0000
    sigd                        14857.9    14857.9     0.0000
    simu                        37545.1    37545.1     0.0000

  geometry (weight: 0.2000)
  ────────────────────────────────────────────────────────────────
    Metric                       Before      After     Change
    angle                      -90113.1   -90113.1     0.0000
    bond                       -68317.3   -68317.3     0.0000
    chiral                    -926.8879  -926.8879     0.0000
    nonbonded                 -322890.6  -322890.6     0.0000
    planarity                  -46880.7   -46880.7     0.0000
    torsion                     31005.7    31005.7     0.0000

  other (weight: 1.0000)
  ────────────────────────────────────────────────────────────────
    Metric                       Before      After     Change
    xray                       231023.1   231023.1     0.0000

  Group Totals
  ────────────────────────────────────────────────────────────────
    Group                        Before      After     Change
    adp                         22372.0    22372.0     0.0000
    geometry                   -99624.6   -99624.6     0.0000
    xray                       231023.1   231023.1     0.0000
────────────────────────────────────────────────────────────────────

============================================================
LBFGS Refinement - Cycle 10/10
============================================================
Refining scales with LBFGS...
Scale refinement complete. rwork: 0.5353, rfree: 0.5751

Final Scale Parameters: 
  c_iso: tensor([-0.2399,  1.6568, -0.3961,  0.1711, -0.2075,  0.1413])
  U: tensor([ 1.0670,  1.2657,  1.0769, -0.1024, -0.0465,  0.0780])
  solvent.log_k_solvent: -1.3593164682388306
  solvent.log_ss_half: -2.9851109981536865
  solvent.log_n_exp: 1.1948785781860352
  solvent.phase_offset: 1.1392574310302734
After scaling: Rwork=0.5353, Rfree=0.5751
  VDW rebuild: max drift 10.66 Å > threshold 1.00 Å

Building VDW (non-bonded) restraints...
  Symmetry expansion: 70 valid (symop, offset) combos
  Grid: [33, 11, 19], 4904/6897 cells occupied, max 1200 entries/cell
  Built 1305149 VDW restraints, 532872 symmetry contacts

────────────────────────────────────────────────────────────────────
  XYZ Refinement
────────────────────────────────────────────────────────────────────

  adp (weight: 0.0200)
  ────────────────────────────────────────────────────────────────
    Metric                       Before      After     Change
    locality                   134.2916   134.2916     0.0000
    scaler_U                    78930.1    78930.1     0.0000
    scaler_log_scale           989087.3   989087.3     0.0000
    sigd                        14857.9    14857.9     0.0000
    simu                        37545.1    37545.1     0.0000

  geometry (weight: 0.2000)
  ────────────────────────────────────────────────────────────────
    Metric                       Before      After     Change
    angle                      -90113.1   -91541.4    -1428.3
    bond                       -68317.3   -68768.0  -450.7422
    chiral                    -926.8879  -943.3108   -16.4229
    nonbonded                 -322890.6  -324668.8    -1778.2
    planarity                  -46880.7   -47050.1  -169.3516
    torsion                     31005.7    30908.1   -97.6250

  other (weight: 1.0000)
  ────────────────────────────────────────────────────────────────
    Metric                       Before      After     Change
    xray                       231024.4   230991.9   -32.4375

  Group Totals
  ────────────────────────────────────────────────────────────────
    Group                        Before      After     Change
    adp                         22411.1    22411.1     0.0000
    geometry                   -99624.6  -100412.7  -788.1327
    xray                       231024.4   230991.9   -32.4375
────────────────────────────────────────────────────────────────────
  VDW rebuild: max drift 10.66 Å > threshold 1.00 Å

Building VDW (non-bonded) restraints...
  Symmetry expansion: 70 valid (symop, offset) combos
  Grid: [33, 11, 19], 4904/6897 cells occupied, max 1200 entries/cell
  Built 1305149 VDW restraints, 532872 symmetry contacts

────────────────────────────────────────────────────────────────────
  ADP Refinement
────────────────────────────────────────────────────────────────────

  adp (weight: 0.0200)
  ────────────────────────────────────────────────────────────────
    Metric                       Before      After     Change
    locality                   134.4064   134.3705    -0.0359
    scaler_U                    78930.1    78930.1     0.0000
    scaler_log_scale           989087.3   989087.3     0.0000
    sigd                        14857.9    14857.9    +0.0059
    simu                        37545.1    37545.1    -0.0039

  geometry (weight: 0.2000)
  ────────────────────────────────────────────────────────────────
    Metric                       Before      After     Change
    angle                      -91541.4   -91541.4     0.0000
    bond                       -68768.0   -68768.0     0.0000
    chiral                    -943.3108  -943.3108     0.0000
    nonbonded                 -324668.8  -324668.8     0.0000
    planarity                  -47050.1   -47050.1     0.0000
    torsion                     30908.1    30908.1     0.0000

  other (weight: 1.0000)
  ────────────────────────────────────────────────────────────────
    Metric                       Before      After     Change
    xray                       230991.9   230991.9    -0.0156

  Group Totals
  ────────────────────────────────────────────────────────────────
    Group                        Before      After     Change
    adp                         22411.1    22411.1    -0.0007
    geometry                  -100412.7  -100412.7     0.0000
    xray                       230991.9   230991.9    -0.0156
────────────────────────────────────────────────────────────────────
Calculating initial scale factors using 10 bins.
Refining scales with LBFGS...
Scale refinement complete. rwork: 0.5356, rfree: 0.5752

Final Scale Parameters: 
  c_iso: tensor([-0.3443,  1.5446, -0.4227,  0.1715, -0.2117,  0.1419])
  U: tensor([ 0.9666,  1.1524,  0.9711, -0.1009, -0.0459,  0.0763])
  solvent.log_k_solvent: -1.3114537000656128
  solvent.log_ss_half: -2.7906346321105957
  solvent.log_n_exp: 1.959285855293274
  solvent.phase_offset: 1.1532914638519287

Refinement completed successfully.

Saving results to /das/work/units/LBR-FEL/p17490/Peter/Library/work_trees_torchref/alignement/alignment_lab/benchmarks/af_mr/runs/dmin3.0/3B2D/refine_torchref_mr...
  Refined structure (PDB): /das/work/units/LBR-FEL/p17490/Peter/Library/work_trees_torchref/alignement/alignment_lab/benchmarks/af_mr/runs/dmin3.0/3B2D/refine_torchref_mr/refined.pdb
  Refined structure (mmCIF): /das/work/units/LBR-FEL/p17490/Peter/Library/work_trees_torchref/alignement/alignment_lab/benchmarks/af_mr/runs/dmin3.0/3B2D/refine_torchref_mr/refined.cif
Added map coefficients:
  2Fo-Fc: FWT, PHWT
  Fo-Fc: DELFWT, PHDELWT
  Resolution range: 2.80 - 30.02 Å
✓ Wrote MTZ file: /das/work/units/LBR-FEL/p17490/Peter/Library/work_trees_torchref/alignement/alignment_lab/benchmarks/af_mr/runs/dmin3.0/3B2D/refine_torchref_mr/refined.mtz
  Reflections: 40737
  Columns: H, K, L, F-obs, SIGF-obs, R-free-flags, FWT, PHWT, DELFWT, PHDELWT, F-model, PH-model
  Refined structure factors: /das/work/units/LBR-FEL/p17490/Peter/Library/work_trees_torchref/alignement/alignment_lab/benchmarks/af_mr/runs/dmin3.0/3B2D/refine_torchref_mr/refined.mtz
  Refinement history: /das/work/units/LBR-FEL/p17490/Peter/Library/work_trees_torchref/alignement/alignment_lab/benchmarks/af_mr/runs/dmin3.0/3B2D/refine_torchref_mr/refinement_history.json

================================================================================
Refinement Summary
================================================================================
R-work:  0.5356 (34332 reflections)
R-free:  0.5752 (691 reflections)
NLL work: 230990.98
NLL test: 4658.00
================================================================================

Output files:
  - /das/work/units/LBR-FEL/p17490/Peter/Library/work_trees_torchref/alignement/alignment_lab/benchmarks/af_mr/runs/dmin3.0/3B2D/refine_torchref_mr/refined.pdb
  - /das/work/units/LBR-FEL/p17490/Peter/Library/work_trees_torchref/alignement/alignment_lab/benchmarks/af_mr/runs/dmin3.0/3B2D/refine_torchref_mr/refined.cif
  - /das/work/units/LBR-FEL/p17490/Peter/Library/work_trees_torchref/alignement/alignment_lab/benchmarks/af_mr/runs/dmin3.0/3B2D/refine_torchref_mr/refined.mtz
  - /das/work/units/LBR-FEL/p17490/Peter/Library/work_trees_torchref/alignement/alignment_lab/benchmarks/af_mr/runs/dmin3.0/3B2D/refine_torchref_mr/refinement_history.json

Refinement completed successfully!

Timing: 2049.5s wall, 5514.8s CPU
