/das/work/units/LBR-FEL/p17490/Peter/Library/work_trees_torchref/alignement/torchref/cli/refine.py:21: UserWarning: TorchRef using user-specified 8 threads from TORCHREF_NUM_THREADS.
  from torchref.cli._common import (
================================================================================
TorchRef LBFGS Refinement
================================================================================
Model:             /das/work/units/LBR-FEL/p17490/Peter/Library/work_trees_torchref/dev/paper/figure2_alphafold_start/placed/5IAW_af.pdb
Structure factor:  /das/work/units/LBR-FEL/p17490/Peter/Library/work_trees_torchref/dev/paper/data/5IAW/5IAW.mtz
Output directory:  /das/work/units/LBR-FEL/p17490/Peter/Library/work_trees_torchref/alignement/alignment_lab/benchmarks/af_mr/runs/dmin3.0/5IAW/refine_phaser_mr
Refinement mode:   separate
X-ray target:      ml
Refinement cycles: 10
Rigid-body step:   on (iterations/cutoff = 30)
Device:            auto
ADP mode:          isotropic
Wavelength:        1 A
Manual weights:    {"adp": 0.02}
================================================================================

Initializing refinement...
found non-finite F values (NaN/Inf):  396
found non-finite F_sigma values (NaN/Inf):  396
Wilson outlier rejection: 0/12467 (0.0000%) of tested reflections flagged (0 too strong, 0 too weak)
Loaded 3916 atoms
Building restraints...
Found 109 link definitions

Building VDW (non-bonded) restraints...
  Symmetry expansion: 21 valid (symop, offset) combos
  Grid: [9, 5, 24], 858/1080 cells occupied, max 288 entries/cell
  Built 67750 VDW restraints, 5020 symmetry contacts
  Hydrogen topology: 3909 riding H atoms
  H candidate pairs: 165889 (43165 H-H, 122724 H-heavy, 11581 symmetry)
================================================================================
Restraints Summary
================================================================================
CIF file: None
Residue types in dictionary: 20

INTRA-RESIDUE RESTRAINTS:
--------------------------------------------------------------------------------
  Bonds: 3524
  Angles: 3960
  Torsions: 1080
  Planes: 758
  Chirals: 608

INTER-RESIDUE RESTRAINTS:
--------------------------------------------------------------------------------
  Peptide bonds: 472
  Peptide angles: 1436
  Disulfide bonds: 0
  Disulfide angles: 0
  Disulfide torsions: 0
  LINK bonds: 0

BACKBONE TORSIONS:
--------------------------------------------------------------------------------
  Phi: 472
  Psi: 472
  Omega: 472
  Ramachandran: 468

VDW RESTRAINTS:
--------------------------------------------------------------------------------
  Non-bonded contacts: 67750 (62730 intra-ASU, 5020 symmetry)
================================================================================
Generated 3922 hydrogens
ADP representation: isotropic, 7838 parameters, 2.2 work reflections each
Initialized ScalerBase with 10 bins.
Building restraints...

Building VDW (non-bonded) restraints...
  Symmetry expansion: 21 valid (symop, offset) combos
  Grid: [9, 5, 24], 906/1080 cells occupied, max 480 entries/cell
  Built 286574 VDW restraints, 23913 symmetry contacts
================================================================================
Restraints Summary
================================================================================
CIF file: None
Residue types in dictionary: 20

INTRA-RESIDUE RESTRAINTS:
--------------------------------------------------------------------------------
  Bonds: 7446
  Angles: 12442
  Torsions: 1554
  Planes: 1298
  Chirals: 608

INTER-RESIDUE RESTRAINTS:
--------------------------------------------------------------------------------
  Peptide bonds: 472
  Peptide angles: 1888
  Disulfide bonds: 0
  Disulfide angles: 0
  Disulfide torsions: 0
  LINK bonds: 0

BACKBONE TORSIONS:
--------------------------------------------------------------------------------
  Phi: 472
  Psi: 472
  Omega: 472
  Ramachandran: 468

VDW RESTRAINTS:
--------------------------------------------------------------------------------
  Non-bonded contacts: 286574 (262661 intra-ASU, 23913 symmetry)
================================================================================
Initializing TotalGeometryTarget with component targets...
Initializing TotalADPTarget with component targets: simu, locality, sigd
Parametrization built for 5 unique atom types
SfFFT: Using late symmetry (reciprocal space)
Calculating initial scale factors using 10 bins.
Refining scales with LBFGS...
Scale refinement complete. rwork: 0.4488, rfree: 0.4271

Final Scale Parameters: 
  c_iso: tensor([ 0.6090,  1.4789, -0.0918,  0.2833, -0.2596,  0.1296])
  U: tensor([ 0.6891,  0.6309,  0.6545, -0.0131,  0.0038, -0.0125])
  solvent.log_k_solvent: -1.0861347913742065
  solvent.log_ss_half: -4.295637130737305
  solvent.log_n_exp: 1.011393427848816
  solvent.phase_offset: -0.0584811307489872
Initialized targets with xray_mode='ml'
Applied manual group weights: {'xray': 1.0, 'geometry': 0.2, 'geometry/ramachandran': 0.0, 'adp': 0.02, 'adp/sigd': 1.0, 'adp/node_load': 10.0, 'adp/node_smoothness': 0.0}
Refinement initialized successfully.

Starting refinement with 10 macro cycles...

Rigid-body step enabled: one multi-resolution rigid-body pass will run once at the start of refinement.


--- Rigid-body step (once, at start) ---
Switched to rigid-body parametrization: RigidXYZTensor(n_atoms=7838, n_chains=4) (4 chain(s))
Filtering: 1508/17753 reflections in range [inf - 6.0] Å (1496 valid after all masks)
Initialized ScalerBase with 10 bins.
Calculating initial scale factors using 10 bins.
Calculating initial scale factors using 10 bins.
Refining scales with LBFGS...
Scale refinement complete. rwork: 0.3910, rfree: 0.3467

Final Scale Parameters: 
  c_iso: tensor([ 0.0377,  0.5456, -0.7961, -0.0034, -0.4173,  0.0298])
  U: tensor([ 1.2232e+00,  9.4152e-01,  1.2076e+00, -3.6498e-02,  3.7355e-04,
        -3.8184e-01])
  solvent.log_k_solvent: -1.1363158226013184
  solvent.log_ss_half: -4.893549919128418
  solvent.log_n_exp: 1.4334639310836792
  solvent.phase_offset: -0.06829506903886795
  rigid-body d_min=6.00 (lbfgs, iters=30): Rwork=0.3962 Rfree=0.3852
Filtering: 5137/17753 reflections in range [inf - 3.93450268696538] Å (5121 valid after all masks)
Initialized ScalerBase with 10 bins.
Calculating initial scale factors using 10 bins.
Calculating initial scale factors using 10 bins.
Refining scales with LBFGS...
Scale refinement complete. rwork: 0.4144, rfree: 0.3850

Final Scale Parameters: 
  c_iso: tensor([ 0.4309, -0.2689, -3.0203, -2.0152, -1.2236, -0.1707])
  U: tensor([ 3.0230,  2.9458,  3.0136, -0.0200,  0.0174, -0.0335])
  solvent.log_k_solvent: -1.1121747493743896
  solvent.log_ss_half: -5.592531681060791
  solvent.log_n_exp: 0.1253647804260254
  solvent.phase_offset: 0.019218619912862778
  rigid-body d_min=3.93 (lbfgs, iters=30): Rwork=0.4248 Rfree=0.4150
Filtering: 17753/17753 reflections in range [inf - 2.580051898956299] Å (17357 valid after all masks)
Initialized ScalerBase with 10 bins.
Calculating initial scale factors using 10 bins.
Calculating initial scale factors using 10 bins.
Refining scales with LBFGS...
Scale refinement complete. rwork: 0.4516, rfree: 0.4221

Final Scale Parameters: 
  c_iso: tensor([ 0.5589,  1.3823, -0.0943,  0.2713, -0.2472,  0.1191])
  U: tensor([ 0.6383,  0.5788,  0.6057, -0.0134,  0.0010, -0.0124])
  solvent.log_k_solvent: -1.0953906774520874
  solvent.log_ss_half: -4.212815761566162
  solvent.log_n_exp: 1.0938423871994019
  solvent.phase_offset: 0.01472487486898899
  rigid-body d_min=2.58 (lbfgs, iters=30): Rwork=0.4577 Rfree=0.4488
Initialized ScalerBase with 10 bins.
Calculating initial scale factors using 10 bins.
Calculating initial scale factors using 10 bins.
Refining scales with LBFGS...
Scale refinement complete. rwork: 0.4491, rfree: 0.4282

Final Scale Parameters: 
  c_iso: tensor([ 0.6044,  1.4181, -0.0707,  0.2648, -0.2456,  0.1205])
  U: tensor([ 0.6712,  0.6119,  0.6382, -0.0130,  0.0015, -0.0137])
  solvent.log_k_solvent: -1.0861436128616333
  solvent.log_ss_half: -4.243152618408203
  solvent.log_n_exp: 1.040891408920288
  solvent.phase_offset: -0.041726648807525635
Initialized ScalerBase with 10 bins.
Calculating initial scale factors using 10 bins.
Calculating initial scale factors using 10 bins.
Refining scales with LBFGS...
Scale refinement complete. rwork: 0.4491, rfree: 0.4283

Final Scale Parameters: 
  c_iso: tensor([ 0.5901,  1.3896, -0.0715,  0.2614, -0.2439,  0.1199])
  U: tensor([ 0.6559,  0.5965,  0.6227, -0.0131,  0.0018, -0.0134])
  solvent.log_k_solvent: -1.0834145545959473
  solvent.log_ss_half: -4.235276222229004
  solvent.log_n_exp: 1.0502760410308838
  solvent.phase_offset: -0.04236641153693199

============================================================
LBFGS Refinement - Cycle 1/10
============================================================
Refining scales with LBFGS...
Scale refinement complete. rwork: 0.4491, rfree: 0.4281

Final Scale Parameters: 
  c_iso: tensor([ 0.6232,  1.4750, -0.0768,  0.2757, -0.2512,  0.1235])
  U: tensor([ 0.6967,  0.6378,  0.6640, -0.0131,  0.0016, -0.0142])
  solvent.log_k_solvent: -1.0916098356246948
  solvent.log_ss_half: -4.256057262420654
  solvent.log_n_exp: 1.0255409479141235
  solvent.phase_offset: -0.04185762256383896
After scaling: Rwork=0.4491, Rfree=0.4281
  VDW rebuild: max drift 2.93 Å > threshold 1.00 Å

Building VDW (non-bonded) restraints...
  Symmetry expansion: 21 valid (symop, offset) combos
  Grid: [9, 5, 24], 906/1080 cells occupied, max 480 entries/cell
  Built 286574 VDW restraints, 23913 symmetry contacts

────────────────────────────────────────────────────────────────────
  XYZ Refinement
────────────────────────────────────────────────────────────────────

  adp (weight: 0.0200)
  ────────────────────────────────────────────────────────────────
    Metric                       Before      After     Change
    locality                    43419.5    43419.5     0.0000
    scaler_U                    11817.4    11817.4     0.0000
    scaler_log_scale           391366.3   391366.3     0.0000
    sigd                         4740.2     4740.2     0.0000
    simu                        46435.1    46435.1     0.0000

  geometry (weight: 0.2000)
  ────────────────────────────────────────────────────────────────
    Metric                       Before      After     Change
    angle                      -32073.9   -34627.9    -2554.0
    bond                       -24329.0   -26335.7    -2006.7
    chiral                    -327.1432  -394.4274   -67.2841
    nonbonded                    3901.9   -74892.9   -78794.8
    planarity                  -14559.2   -15956.9    -1397.7
    torsion                      7709.3     7757.5   +48.2100

  other (weight: 1.0000)
  ────────────────────────────────────────────────────────────────
    Metric                       Before      After     Change
    xray                       101975.2   101553.5  -421.6797

  Group Totals
  ────────────────────────────────────────────────────────────────
    Group                        Before      After     Change
    adp                          9955.6     9955.6     0.0000
    geometry                   -11935.6   -28890.1   -16954.4
    xray                       101975.2   101553.5  -421.6797
────────────────────────────────────────────────────────────────────
  VDW rebuild: max drift 2.93 Å > threshold 1.00 Å

Building VDW (non-bonded) restraints...
  Symmetry expansion: 21 valid (symop, offset) combos
  Grid: [9, 5, 24], 906/1080 cells occupied, max 480 entries/cell
  Built 286574 VDW restraints, 23913 symmetry contacts

────────────────────────────────────────────────────────────────────
  ADP Refinement
────────────────────────────────────────────────────────────────────

  adp (weight: 0.0200)
  ────────────────────────────────────────────────────────────────
    Metric                       Before      After     Change
    locality                    40184.8    17914.1   -22270.7
    scaler_U                    11817.4    11817.4     0.0000
    scaler_log_scale           391366.3   391366.3     0.0000
    sigd                         4740.2     5082.1  +341.8643
    simu                        46435.1    28762.6   -17672.5

  geometry (weight: 0.2000)
  ────────────────────────────────────────────────────────────────
    Metric                       Before      After     Change
    angle                      -34627.9   -34627.9     0.0000
    bond                       -26335.7   -26335.7     0.0000
    chiral                    -394.4274  -394.4274     0.0000
    nonbonded                  -74892.9   -74892.9     0.0000
    planarity                  -15956.9   -15956.9     0.0000
    torsion                      7757.5     7757.5     0.0000

  other (weight: 1.0000)
  ────────────────────────────────────────────────────────────────
    Metric                       Before      After     Change
    xray                       101553.5   100924.6  -628.9062

  Group Totals
  ────────────────────────────────────────────────────────────────
    Group                        Before      After     Change
    adp                          9890.9     9098.8  -792.0273
    geometry                   -28890.1   -28890.1     0.0000
    xray                       101553.5   100924.6  -628.9062
────────────────────────────────────────────────────────────────────

============================================================
LBFGS Refinement - Cycle 2/10
============================================================
Refining scales with LBFGS...
Scale refinement complete. rwork: 0.4139, rfree: 0.4079

Final Scale Parameters: 
  c_iso: tensor([ 0.6128,  1.1323,  0.0376,  0.1441, -0.1905,  0.0951])
  U: tensor([ 0.5604,  0.5131,  0.5333, -0.0090,  0.0007, -0.0200])
  solvent.log_k_solvent: -1.04206383228302
  solvent.log_ss_half: -4.2985453605651855
  solvent.log_n_exp: 1.1956619024276733
  solvent.phase_offset: -0.05492020770907402
After scaling: Rwork=0.4139, Rfree=0.4079
  VDW rebuild: max drift 2.82 Å > threshold 1.00 Å

Building VDW (non-bonded) restraints...
  Symmetry expansion: 21 valid (symop, offset) combos
  Grid: [9, 5, 24], 906/1080 cells occupied, max 480 entries/cell
  Built 286574 VDW restraints, 23913 symmetry contacts

────────────────────────────────────────────────────────────────────
  XYZ Refinement
────────────────────────────────────────────────────────────────────

  adp (weight: 0.0200)
  ────────────────────────────────────────────────────────────────
    Metric                       Before      After     Change
    locality                    17914.1    17914.1     0.0000
    scaler_U                     7638.7     7638.7     0.0000
    scaler_log_scale           287496.5   287496.5     0.0000
    sigd                         5082.1     5082.1     0.0000
    simu                        28762.6    28762.6     0.0000

  geometry (weight: 0.2000)
  ────────────────────────────────────────────────────────────────
    Metric                       Before      After     Change
    angle                      -34627.9   -35523.2  -895.3398
    bond                       -26335.7   -26547.6  -211.9668
    chiral                    -394.4274  -393.2752    +1.1522
    nonbonded                  -74892.9   -75216.7  -323.7344
    planarity                  -15956.9   -15938.2   +18.7090
    torsion                      7757.5     7861.8  +104.3403

  other (weight: 1.0000)
  ────────────────────────────────────────────────────────────────
    Metric                       Before      After     Change
    xray                       101093.4   100279.0  -814.3281

  Group Totals
  ────────────────────────────────────────────────────────────────
    Group                        Before      After     Change
    adp                          6937.9     6937.9     0.0000
    geometry                   -28890.1   -29151.4  -261.3680
    xray                       101093.4   100279.0  -814.3281
────────────────────────────────────────────────────────────────────
  VDW rebuild: max drift 2.82 Å > threshold 1.00 Å

Building VDW (non-bonded) restraints...
  Symmetry expansion: 21 valid (symop, offset) combos
  Grid: [9, 5, 24], 906/1080 cells occupied, max 480 entries/cell
  Built 286574 VDW restraints, 23913 symmetry contacts

────────────────────────────────────────────────────────────────────
  ADP Refinement
────────────────────────────────────────────────────────────────────

  adp (weight: 0.0200)
  ────────────────────────────────────────────────────────────────
    Metric                       Before      After     Change
    locality                    17857.5    14334.4    -3523.1
    scaler_U                     7638.7     7638.7     0.0000
    scaler_log_scale           287496.5   287496.5     0.0000
    sigd                         5082.1     5277.1  +195.0352
    simu                        28762.6    22515.9    -6246.7

  geometry (weight: 0.2000)
  ────────────────────────────────────────────────────────────────
    Metric                       Before      After     Change
    angle                      -35523.2   -35523.2     0.0000
    bond                       -26547.6   -26547.6     0.0000
    chiral                    -393.2752  -393.2752     0.0000
    nonbonded                  -75216.7   -75216.7     0.0000
    planarity                  -15938.2   -15938.2     0.0000
    torsion                      7861.8     7861.8     0.0000

  other (weight: 1.0000)
  ────────────────────────────────────────────────────────────────
    Metric                       Before      After     Change
    xray                       100279.0    99826.4  -452.6250

  Group Totals
  ────────────────────────────────────────────────────────────────
    Group                        Before      After     Change
    adp                          6936.7     6745.3  -191.4965
    geometry                   -29151.4   -29151.4     0.0000
    xray                       100279.0    99826.4  -452.6250
────────────────────────────────────────────────────────────────────

============================================================
LBFGS Refinement - Cycle 3/10
============================================================
Refining scales with LBFGS...
Scale refinement complete. rwork: 0.3819, rfree: 0.4019

Final Scale Parameters: 
  c_iso: tensor([ 0.5074,  0.7004,  0.1030,  0.0307, -0.1441,  0.0718])
  U: tensor([ 0.3576,  0.3187,  0.3402, -0.0085, -0.0015, -0.0276])
  solvent.log_k_solvent: -1.0057930946350098
  solvent.log_ss_half: -4.264071464538574
  solvent.log_n_exp: 1.4802814722061157
  solvent.phase_offset: -0.04656759276986122
After scaling: Rwork=0.3819, Rfree=0.4019
  VDW rebuild: max drift 3.09 Å > threshold 1.00 Å

Building VDW (non-bonded) restraints...
  Symmetry expansion: 21 valid (symop, offset) combos
  Grid: [9, 5, 24], 906/1080 cells occupied, max 480 entries/cell
  Built 286574 VDW restraints, 23913 symmetry contacts

────────────────────────────────────────────────────────────────────
  XYZ Refinement
────────────────────────────────────────────────────────────────────

  adp (weight: 0.0200)
  ────────────────────────────────────────────────────────────────
    Metric                       Before      After     Change
    locality                    14334.4    14334.4     0.0000
    scaler_U                     3057.3     3057.3     0.0000
    scaler_log_scale           147357.1   147357.1     0.0000
    sigd                         5277.1     5277.1     0.0000
    simu                        22515.9    22515.9     0.0000

  geometry (weight: 0.2000)
  ────────────────────────────────────────────────────────────────
    Metric                       Before      After     Change
    angle                      -35523.2   -35453.6   +69.5898
    bond                       -26547.6   -26524.3   +23.3340
    chiral                    -393.2752  -400.2639    -6.9887
    nonbonded                  -75216.7   -75709.3  -492.6562
    planarity                  -15938.2   -16010.5   -72.2373
    torsion                      7861.8     7816.8   -45.0020

  other (weight: 1.0000)
  ────────────────────────────────────────────────────────────────
    Metric                       Before      After     Change
    xray                        99938.2    99380.6  -557.6016

  Group Totals
  ────────────────────────────────────────────────────────────────
    Group                        Before      After     Change
    adp                          3850.8     3850.8     0.0000
    geometry                   -29151.4   -29256.2  -104.7920
    xray                        99938.2    99380.6  -557.6016
────────────────────────────────────────────────────────────────────
  VDW rebuild: max drift 3.09 Å > threshold 1.00 Å

Building VDW (non-bonded) restraints...
  Symmetry expansion: 21 valid (symop, offset) combos
  Grid: [9, 5, 24], 906/1080 cells occupied, max 480 entries/cell
  Built 286574 VDW restraints, 23913 symmetry contacts

────────────────────────────────────────────────────────────────────
  ADP Refinement
────────────────────────────────────────────────────────────────────

  adp (weight: 0.0200)
  ────────────────────────────────────────────────────────────────
    Metric                       Before      After     Change
    locality                    14341.2    14402.3   +61.1084
    scaler_U                     3057.3     3057.3     0.0000
    scaler_log_scale           147357.1   147357.1     0.0000
    sigd                         5277.1     5301.8   +24.7021
    simu                        22515.9    22448.1   -67.7715

  geometry (weight: 0.2000)
  ────────────────────────────────────────────────────────────────
    Metric                       Before      After     Change
    angle                      -35453.6   -35453.6     0.0000
    bond                       -26524.3   -26524.3     0.0000
    chiral                    -400.2639  -400.2639     0.0000
    nonbonded                  -75709.3   -75709.3     0.0000
    planarity                  -16010.5   -16010.5     0.0000
    torsion                      7816.8     7816.8     0.0000

  other (weight: 1.0000)
  ────────────────────────────────────────────────────────────────
    Metric                       Before      After     Change
    xray                        99380.6    99316.2   -64.3828

  Group Totals
  ────────────────────────────────────────────────────────────────
    Group                        Before      After     Change
    adp                          3851.0     3851.3    +0.3608
    geometry                   -29256.2   -29256.2     0.0000
    xray                        99380.6    99316.2   -64.3828
────────────────────────────────────────────────────────────────────

============================================================
LBFGS Refinement - Cycle 4/10
============================================================
Refining scales with LBFGS...
Scale refinement complete. rwork: 0.3671, rfree: 0.3970

Final Scale Parameters: 
  c_iso: tensor([ 0.5106,  0.6786,  0.1028,  0.0278, -0.1441,  0.0704])
  U: tensor([ 0.3338,  0.3023,  0.3233, -0.0092, -0.0019, -0.0296])
  solvent.log_k_solvent: -1.004350185394287
  solvent.log_ss_half: -4.268975734710693
  solvent.log_n_exp: 1.4607375860214233
  solvent.phase_offset: -0.04805785045027733
After scaling: Rwork=0.3671, Rfree=0.3970
  VDW rebuild: max drift 3.05 Å > threshold 1.00 Å

Building VDW (non-bonded) restraints...
  Symmetry expansion: 21 valid (symop, offset) combos
  Grid: [9, 5, 24], 906/1080 cells occupied, max 480 entries/cell
  Built 286574 VDW restraints, 23913 symmetry contacts

────────────────────────────────────────────────────────────────────
  XYZ Refinement
────────────────────────────────────────────────────────────────────

  adp (weight: 0.0200)
  ────────────────────────────────────────────────────────────────
    Metric                       Before      After     Change
    locality                    14402.3    14402.3     0.0000
    scaler_U                     2723.5     2723.5     0.0000
    scaler_log_scale           140539.0   140539.0     0.0000
    sigd                         5301.8     5301.8     0.0000
    simu                        22448.1    22448.1     0.0000

  geometry (weight: 0.2000)
  ────────────────────────────────────────────────────────────────
    Metric                       Before      After     Change
    angle                      -35453.6   -35801.3  -347.7266
    bond                       -26524.3   -26527.8    -3.4844
    chiral                    -400.2639  -399.3167    +0.9472
    nonbonded                  -75709.3   -75696.0   +13.3516
    planarity                  -16010.5   -16057.8   -47.3838
    torsion                      7816.8     7840.1   +23.2632

  other (weight: 1.0000)
  ────────────────────────────────────────────────────────────────
    Metric                       Before      After     Change
    xray                        99356.0    98968.4  -387.5391

  Group Totals
  ────────────────────────────────────────────────────────────────
    Group                        Before      After     Change
    adp                          3708.3     3708.3     0.0000
    geometry                   -29256.2   -29328.4   -72.2064
    xray                        99356.0    98968.4  -387.5391
────────────────────────────────────────────────────────────────────
  VDW rebuild: max drift 3.05 Å > threshold 1.00 Å

Building VDW (non-bonded) restraints...
  Symmetry expansion: 21 valid (symop, offset) combos
  Grid: [9, 5, 24], 906/1080 cells occupied, max 480 entries/cell
  Built 286574 VDW restraints, 23913 symmetry contacts

────────────────────────────────────────────────────────────────────
  ADP Refinement
────────────────────────────────────────────────────────────────────

  adp (weight: 0.0200)
  ────────────────────────────────────────────────────────────────
    Metric                       Before      After     Change
    locality                    14363.4    13910.5  -452.9277
    scaler_U                     2723.5     2723.5     0.0000
    scaler_log_scale           140539.0   140539.0     0.0000
    sigd                         5301.8     5285.6   -16.2070
    simu                        22448.1    22036.5  -411.6328

  geometry (weight: 0.2000)
  ────────────────────────────────────────────────────────────────
    Metric                       Before      After     Change
    angle                      -35801.3   -35801.3     0.0000
    bond                       -26527.8   -26527.8     0.0000
    chiral                    -399.3167  -399.3167     0.0000
    nonbonded                  -75696.0   -75696.0     0.0000
    planarity                  -16057.8   -16057.8     0.0000
    torsion                      7840.1     7840.1     0.0000

  other (weight: 1.0000)
  ────────────────────────────────────────────────────────────────
    Metric                       Before      After     Change
    xray                        98968.4    98987.0   +18.6016

  Group Totals
  ────────────────────────────────────────────────────────────────
    Group                        Before      After     Change
    adp                          3707.5     3689.9   -17.6153
    geometry                   -29328.4   -29328.4     0.0000
    xray                        98968.4    98987.0   +18.6016
────────────────────────────────────────────────────────────────────

============================================================
LBFGS Refinement - Cycle 5/10
============================================================
Refining scales with LBFGS...
Scale refinement complete. rwork: 0.3570, rfree: 0.3972

Final Scale Parameters: 
  c_iso: tensor([ 0.5364,  0.6006,  0.1517, -0.0098, -0.1264,  0.0597])
  U: tensor([ 0.3179,  0.2881,  0.3095, -0.0093, -0.0028, -0.0289])
  solvent.log_k_solvent: -0.9952123761177063
  solvent.log_ss_half: -4.246932029724121
  solvent.log_n_exp: 1.3526064157485962
  solvent.phase_offset: -0.04201023653149605
After scaling: Rwork=0.3570, Rfree=0.3972
  VDW rebuild: max drift 3.14 Å > threshold 1.00 Å

Building VDW (non-bonded) restraints...
  Symmetry expansion: 21 valid (symop, offset) combos
  Grid: [9, 5, 24], 906/1080 cells occupied, max 480 entries/cell
  Built 286574 VDW restraints, 23913 symmetry contacts

────────────────────────────────────────────────────────────────────
  XYZ Refinement
────────────────────────────────────────────────────────────────────

  adp (weight: 0.0200)
  ────────────────────────────────────────────────────────────────
    Metric                       Before      After     Change
    locality                    13910.5    13910.5     0.0000
    scaler_U                     2479.8     2479.8     0.0000
    scaler_log_scale           135152.6   135152.6     0.0000
    sigd                         5285.6     5285.6     0.0000
    simu                        22036.5    22036.5     0.0000

  geometry (weight: 0.2000)
  ────────────────────────────────────────────────────────────────
    Metric                       Before      After     Change
    angle                      -35801.3   -35715.2   +86.1055
    bond                       -26527.8   -26584.4   -56.6660
    chiral                    -399.3167  -400.5379    -1.2213
    nonbonded                  -75696.0   -75857.2  -161.2500
    planarity                  -16057.8   -16074.0   -16.1260
    torsion                      7840.1     7823.3   -16.8350

  other (weight: 1.0000)
  ────────────────────────────────────────────────────────────────
    Metric                       Before      After     Change
    xray                        99007.7    98653.9  -353.7734

  Group Totals
  ────────────────────────────────────────────────────────────────
    Group                        Before      After     Change
    adp                          3577.3     3577.3     0.0000
    geometry                   -29328.4   -29361.6   -33.1982
    xray                        99007.7    98653.9  -353.7734
────────────────────────────────────────────────────────────────────
  VDW rebuild: max drift 3.14 Å > threshold 1.00 Å

Building VDW (non-bonded) restraints...
  Symmetry expansion: 21 valid (symop, offset) combos
  Grid: [9, 5, 24], 906/1080 cells occupied, max 480 entries/cell
  Built 286574 VDW restraints, 23913 symmetry contacts

────────────────────────────────────────────────────────────────────
  ADP Refinement
────────────────────────────────────────────────────────────────────

  adp (weight: 0.0200)
  ────────────────────────────────────────────────────────────────
    Metric                       Before      After     Change
    locality                    13906.3    13807.3   -98.9521
    scaler_U                     2479.8     2479.8     0.0000
    scaler_log_scale           135152.6   135152.6     0.0000
    sigd                         5285.6     5271.6   -14.0059
    simu                        22036.5    22154.3  +117.8652

  geometry (weight: 0.2000)
  ────────────────────────────────────────────────────────────────
    Metric                       Before      After     Change
    angle                      -35715.2   -35715.2     0.0000
    bond                       -26584.4   -26584.4     0.0000
    chiral                    -400.5379  -400.5379     0.0000
    nonbonded                  -75857.2   -75857.2     0.0000
    planarity                  -16074.0   -16074.0     0.0000
    torsion                      7823.3     7823.3     0.0000

  other (weight: 1.0000)
  ────────────────────────────────────────────────────────────────
    Metric                       Before      After     Change
    xray                        98653.9    98650.8    -3.1797

  Group Totals
  ────────────────────────────────────────────────────────────────
    Group                        Before      After     Change
    adp                          3577.2     3577.3    +0.0982
    geometry                   -29361.6   -29361.6     0.0000
    xray                        98653.9    98650.8    -3.1797
────────────────────────────────────────────────────────────────────

============================================================
LBFGS Refinement - Cycle 6/10
============================================================
Refining scales with LBFGS...
Scale refinement complete. rwork: 0.3489, rfree: 0.3945

Final Scale Parameters: 
  c_iso: tensor([ 0.5358,  0.5909,  0.1575, -0.0088, -0.1237,  0.0592])
  U: tensor([ 0.3066,  0.2827,  0.3030, -0.0104, -0.0009, -0.0286])
  solvent.log_k_solvent: -0.9955416321754456
  solvent.log_ss_half: -4.225928783416748
  solvent.log_n_exp: 1.313454270362854
  solvent.phase_offset: -0.045001253485679626
After scaling: Rwork=0.3489, Rfree=0.3945
  VDW rebuild: max drift 3.13 Å > threshold 1.00 Å

Building VDW (non-bonded) restraints...
  Symmetry expansion: 21 valid (symop, offset) combos
  Grid: [9, 5, 24], 906/1080 cells occupied, max 480 entries/cell
  Built 286574 VDW restraints, 23913 symmetry contacts

────────────────────────────────────────────────────────────────────
  XYZ Refinement
────────────────────────────────────────────────────────────────────

  adp (weight: 0.0200)
  ────────────────────────────────────────────────────────────────
    Metric                       Before      After     Change
    locality                    13807.3    13807.3     0.0000
    scaler_U                     2356.1     2356.1     0.0000
    scaler_log_scale           134122.1   134122.1     0.0000
    sigd                         5271.6     5271.6     0.0000
    simu                        22154.3    22154.3     0.0000

  geometry (weight: 0.2000)
  ────────────────────────────────────────────────────────────────
    Metric                       Before      After     Change
    angle                      -35715.2   -35918.0  -202.8008
    bond                       -26584.4   -26612.3   -27.8320
    chiral                    -400.5379  -400.4900    +0.0480
    nonbonded                  -75857.2   -75839.2   +18.0703
    planarity                  -16074.0   -16074.7    -0.7070
    torsion                      7823.3     7831.8    +8.5503

  other (weight: 1.0000)
  ────────────────────────────────────────────────────────────────
    Metric                       Before      After     Change
    xray                        98684.4    98442.4  -242.0156

  Group Totals
  ────────────────────────────────────────────────────────────────
    Group                        Before      After     Change
    adp                          3554.2     3554.2     0.0000
    geometry                   -29361.6   -29402.6   -40.9339
    xray                        98684.4    98442.4  -242.0156
────────────────────────────────────────────────────────────────────
  VDW rebuild: max drift 3.13 Å > threshold 1.00 Å

Building VDW (non-bonded) restraints...
  Symmetry expansion: 21 valid (symop, offset) combos
  Grid: [9, 5, 24], 906/1080 cells occupied, max 480 entries/cell
  Built 286574 VDW restraints, 23913 symmetry contacts

────────────────────────────────────────────────────────────────────
  ADP Refinement
────────────────────────────────────────────────────────────────────

  adp (weight: 0.0200)
  ────────────────────────────────────────────────────────────────
    Metric                       Before      After     Change
    locality                    13788.0    13650.4  -137.5850
    scaler_U                     2356.1     2356.1     0.0000
    scaler_log_scale           134122.1   134122.1     0.0000
    sigd                         5271.6     5262.2    -9.3896
    simu                        22154.3    22066.3   -88.0469

  geometry (weight: 0.2000)
  ────────────────────────────────────────────────────────────────
    Metric                       Before      After     Change
    angle                      -35918.0   -35918.0     0.0000
    bond                       -26612.3   -26612.3     0.0000
    chiral                    -400.4900  -400.4900     0.0000
    nonbonded                  -75839.2   -75839.2     0.0000
    planarity                  -16074.7   -16074.7     0.0000
    torsion                      7831.8     7831.8     0.0000

  other (weight: 1.0000)
  ────────────────────────────────────────────────────────────────
    Metric                       Before      After     Change
    xray                        98442.4    98456.8   +14.4219

  Group Totals
  ────────────────────────────────────────────────────────────────
    Group                        Before      After     Change
    adp                          3553.8     3549.1    -4.7005
    geometry                   -29402.6   -29402.6     0.0000
    xray                        98442.4    98456.8   +14.4219
────────────────────────────────────────────────────────────────────

============================================================
LBFGS Refinement - Cycle 7/10
============================================================
Refining scales with LBFGS...
Scale refinement complete. rwork: 0.3434, rfree: 0.3910

Final Scale Parameters: 
  c_iso: tensor([ 0.5503,  0.5249,  0.1953, -0.0374, -0.1086,  0.0512])
  U: tensor([ 0.2927,  0.2709,  0.2917, -0.0107, -0.0004, -0.0285])
  solvent.log_k_solvent: -0.990272045135498
  solvent.log_ss_half: -4.2140936851501465
  solvent.log_n_exp: 1.3004568815231323
  solvent.phase_offset: -0.036876335740089417
After scaling: Rwork=0.3434, Rfree=0.3910
  VDW rebuild: max drift 3.22 Å > threshold 1.00 Å

Building VDW (non-bonded) restraints...
  Symmetry expansion: 21 valid (symop, offset) combos
  Grid: [9, 5, 24], 906/1080 cells occupied, max 480 entries/cell
  Built 286574 VDW restraints, 23913 symmetry contacts

────────────────────────────────────────────────────────────────────
  XYZ Refinement
────────────────────────────────────────────────────────────────────

  adp (weight: 0.0200)
  ────────────────────────────────────────────────────────────────
    Metric                       Before      After     Change
    locality                    13650.4    13650.4     0.0000
    scaler_U                     2164.6     2164.6     0.0000
    scaler_log_scale           127982.9   127982.9     0.0000
    sigd                         5262.2     5262.2     0.0000
    simu                        22066.3    22066.3     0.0000

  geometry (weight: 0.2000)
  ────────────────────────────────────────────────────────────────
    Metric                       Before      After     Change
    angle                      -35918.0   -35837.5   +80.4805
    bond                       -26612.3   -26617.9    -5.6406
    chiral                    -400.4900  -401.0666    -0.5766
    nonbonded                  -75839.2   -75920.8   -81.6719
    planarity                  -16074.7   -16095.2   -20.4932
    torsion                      7831.8     7827.8    -4.0278

  other (weight: 1.0000)
  ────────────────────────────────────────────────────────────────
    Metric                       Before      After     Change
    xray                        98469.8    98226.2  -243.5312

  Group Totals
  ────────────────────────────────────────────────────────────────
    Group                        Before      After     Change
    adp                          3422.5     3422.5     0.0000
    geometry                   -29402.6   -29408.9    -6.3862
    xray                        98469.8    98226.2  -243.5312
────────────────────────────────────────────────────────────────────
  VDW rebuild: max drift 3.22 Å > threshold 1.00 Å

Building VDW (non-bonded) restraints...
  Symmetry expansion: 21 valid (symop, offset) combos
  Grid: [9, 5, 24], 906/1080 cells occupied, max 480 entries/cell
  Built 286574 VDW restraints, 23913 symmetry contacts

────────────────────────────────────────────────────────────────────
  ADP Refinement
────────────────────────────────────────────────────────────────────

  adp (weight: 0.0200)
  ────────────────────────────────────────────────────────────────
    Metric                       Before      After     Change
    locality                    13644.6    13606.6   -37.9873
    scaler_U                     2164.6     2164.6     0.0000
    scaler_log_scale           127982.9   127982.9     0.0000
    sigd                         5262.2     5256.8    -5.4224
    simu                        22066.3    22018.1   -48.1992

  geometry (weight: 0.2000)
  ────────────────────────────────────────────────────────────────
    Metric                       Before      After     Change
    angle                      -35837.5   -35837.5     0.0000
    bond                       -26617.9   -26617.9     0.0000
    chiral                    -401.0666  -401.0666     0.0000
    nonbonded                  -75920.8   -75920.8     0.0000
    planarity                  -16095.2   -16095.2     0.0000
    torsion                      7827.8     7827.8     0.0000

  other (weight: 1.0000)
  ────────────────────────────────────────────────────────────────
    Metric                       Before      After     Change
    xray                        98226.2    98226.6    +0.3828

  Group Totals
  ────────────────────────────────────────────────────────────────
    Group                        Before      After     Change
    adp                          3422.4     3420.6    -1.8322
    geometry                   -29408.9   -29408.9     0.0000
    xray                        98226.2    98226.6    +0.3828
────────────────────────────────────────────────────────────────────

============================================================
LBFGS Refinement - Cycle 8/10
============================================================
Refining scales with LBFGS...
Scale refinement complete. rwork: 0.3379, rfree: 0.3919

Final Scale Parameters: 
  c_iso: tensor([ 0.5018,  0.4355,  0.1918, -0.0471, -0.1031,  0.0496])
  U: tensor([ 0.2407,  0.2220,  0.2416, -0.0114,  0.0009, -0.0277])
  solvent.log_k_solvent: -0.9841899871826172
  solvent.log_ss_half: -4.1971516609191895
  solvent.log_n_exp: 1.3329325914382935
  solvent.phase_offset: -0.03595486655831337
After scaling: Rwork=0.3379, Rfree=0.3919
  VDW rebuild: max drift 3.21 Å > threshold 1.00 Å

Building VDW (non-bonded) restraints...
  Symmetry expansion: 21 valid (symop, offset) combos
  Grid: [9, 5, 24], 906/1080 cells occupied, max 480 entries/cell
  Built 286574 VDW restraints, 23913 symmetry contacts

────────────────────────────────────────────────────────────────────
  XYZ Refinement
────────────────────────────────────────────────────────────────────

  adp (weight: 0.0200)
  ────────────────────────────────────────────────────────────────
    Metric                       Before      After     Change
    locality                    13606.6    13606.6     0.0000
    scaler_U                     1467.5     1467.5     0.0000
    scaler_log_scale           100405.0   100405.0     0.0000
    sigd                         5256.8     5256.8     0.0000
    simu                        22018.1    22018.1     0.0000

  geometry (weight: 0.2000)
  ────────────────────────────────────────────────────────────────
    Metric                       Before      After     Change
    angle                      -35837.5   -35924.4   -86.8789
    bond                       -26617.9   -26614.6    +3.2812
    chiral                    -401.0666  -400.7228    +0.3438
    nonbonded                  -75920.8   -75900.0   +20.8672
    planarity                  -16095.2   -16081.3   +13.8350
    torsion                      7827.8     7834.8    +6.9995

  other (weight: 1.0000)
  ────────────────────────────────────────────────────────────────
    Metric                       Before      After     Change
    xray                        98249.6    98059.5  -190.1016

  Group Totals
  ────────────────────────────────────────────────────────────────
    Group                        Before      After     Change
    adp                          2855.1     2855.1     0.0000
    geometry                   -29408.9   -29417.3    -8.3104
    xray                        98249.6    98059.5  -190.1016
────────────────────────────────────────────────────────────────────
  VDW rebuild: max drift 3.21 Å > threshold 1.00 Å

Building VDW (non-bonded) restraints...
  Symmetry expansion: 21 valid (symop, offset) combos
  Grid: [9, 5, 24], 906/1080 cells occupied, max 480 entries/cell
  Built 286574 VDW restraints, 23913 symmetry contacts

────────────────────────────────────────────────────────────────────
  ADP Refinement
────────────────────────────────────────────────────────────────────

  adp (weight: 0.0200)
  ────────────────────────────────────────────────────────────────
    Metric                       Before      After     Change
    locality                    13597.6    13592.7    -4.8887
    scaler_U                     1467.5     1467.5     0.0000
    scaler_log_scale           100405.0   100405.0     0.0000
    sigd                         5256.8     5251.6    -5.2314
    simu                        22018.1    21852.9  -165.1680

  geometry (weight: 0.2000)
  ────────────────────────────────────────────────────────────────
    Metric                       Before      After     Change
    angle                      -35924.4   -35924.4     0.0000
    bond                       -26614.6   -26614.6     0.0000
    chiral                    -400.7228  -400.7228     0.0000
    nonbonded                  -75900.0   -75900.0     0.0000
    planarity                  -16081.3   -16081.3     0.0000
    torsion                      7834.8     7834.8     0.0000

  other (weight: 1.0000)
  ────────────────────────────────────────────────────────────────
    Metric                       Before      After     Change
    xray                        98059.5    98076.1   +16.5547

  Group Totals
  ────────────────────────────────────────────────────────────────
    Group                        Before      After     Change
    adp                          2854.9     2851.4    -3.5058
    geometry                   -29417.3   -29417.3     0.0000
    xray                        98059.5    98076.1   +16.5547
────────────────────────────────────────────────────────────────────

============================================================
LBFGS Refinement - Cycle 9/10
============================================================
Refining scales with LBFGS...
Scale refinement complete. rwork: 0.3329, rfree: 0.3901

Final Scale Parameters: 
  c_iso: tensor([ 0.4872,  0.4720,  0.1672, -0.0313, -0.1125,  0.0529])
  U: tensor([ 0.2452,  0.2272,  0.2459, -0.0111,  0.0007, -0.0266])
  solvent.log_k_solvent: -0.9900040030479431
  solvent.log_ss_half: -4.198528289794922
  solvent.log_n_exp: 1.3471578359603882
  solvent.phase_offset: -0.038251522928476334
After scaling: Rwork=0.3329, Rfree=0.3901
  VDW rebuild: max drift 3.29 Å > threshold 1.00 Å

Building VDW (non-bonded) restraints...
  Symmetry expansion: 21 valid (symop, offset) combos
  Grid: [9, 5, 24], 906/1080 cells occupied, max 480 entries/cell
  Built 286574 VDW restraints, 23913 symmetry contacts

────────────────────────────────────────────────────────────────────
  XYZ Refinement
────────────────────────────────────────────────────────────────────

  adp (weight: 0.0200)
  ────────────────────────────────────────────────────────────────
    Metric                       Before      After     Change
    locality                    13592.7    13592.7     0.0000
    scaler_U                     1526.5     1526.5     0.0000
    scaler_log_scale           102343.2   102343.2     0.0000
    sigd                         5251.6     5251.6     0.0000
    simu                        21852.9    21852.9     0.0000

  geometry (weight: 0.2000)
  ────────────────────────────────────────────────────────────────
    Metric                       Before      After     Change
    angle                      -35924.4   -35914.2   +10.2695
    bond                       -26614.6   -26640.3   -25.6641
    chiral                    -400.7228  -401.3417    -0.6190
    nonbonded                  -75900.0   -75955.2   -55.2188
    planarity                  -16081.3   -16108.2   -26.8252
    torsion                      7834.8     7832.8    -2.0288

  other (weight: 1.0000)
  ────────────────────────────────────────────────────────────────
    Metric                       Before      After     Change
    xray                        98096.1    97943.3  -152.7812

  Group Totals
  ────────────────────────────────────────────────────────────────
    Group                        Before      After     Change
    adp                          2891.3     2891.3     0.0000
    geometry                   -29417.3   -29437.3   -20.0176
    xray                        98096.1    97943.3  -152.7812
────────────────────────────────────────────────────────────────────
  VDW rebuild: max drift 3.29 Å > threshold 1.00 Å

Building VDW (non-bonded) restraints...
  Symmetry expansion: 21 valid (symop, offset) combos
  Grid: [9, 5, 24], 906/1080 cells occupied, max 480 entries/cell
  Built 286574 VDW restraints, 23913 symmetry contacts

────────────────────────────────────────────────────────────────────
  ADP Refinement
────────────────────────────────────────────────────────────────────

  adp (weight: 0.0200)
  ────────────────────────────────────────────────────────────────
    Metric                       Before      After     Change
    locality                    13585.9    13472.6  -113.2646
    scaler_U                     1526.5     1526.5     0.0000
    scaler_log_scale           102343.2   102343.2     0.0000
    sigd                         5251.6     5248.5    -3.0659
    simu                        21852.9    21642.7  -210.1875

  geometry (weight: 0.2000)
  ────────────────────────────────────────────────────────────────
    Metric                       Before      After     Change
    angle                      -35914.2   -35914.2     0.0000
    bond                       -26640.3   -26640.3     0.0000
    chiral                    -401.3417  -401.3417     0.0000
    nonbonded                  -75955.2   -75955.2     0.0000
    planarity                  -16108.2   -16108.2     0.0000
    torsion                      7832.8     7832.8     0.0000

  other (weight: 1.0000)
  ────────────────────────────────────────────────────────────────
    Metric                       Before      After     Change
    xray                        97943.3    97962.7   +19.3828

  Group Totals
  ────────────────────────────────────────────────────────────────
    Group                        Before      After     Change
    adp                          2891.2     2884.7    -6.5303
    geometry                   -29437.3   -29437.3     0.0000
    xray                        97943.3    97962.7   +19.3828
────────────────────────────────────────────────────────────────────

============================================================
LBFGS Refinement - Cycle 10/10
============================================================
Refining scales with LBFGS...
Scale refinement complete. rwork: 0.3299, rfree: 0.3896

Final Scale Parameters: 
  c_iso: tensor([ 0.4845,  0.4677,  0.1646, -0.0295, -0.1148,  0.0544])
  U: tensor([ 0.2447,  0.2295,  0.2475, -0.0120,  0.0028, -0.0272])
  solvent.log_k_solvent: -0.9883207082748413
  solvent.log_ss_half: -4.208902835845947
  solvent.log_n_exp: 1.3450409173965454
  solvent.phase_offset: -0.03961934521794319
After scaling: Rwork=0.3299, Rfree=0.3896
  VDW rebuild: max drift 3.33 Å > threshold 1.00 Å

Building VDW (non-bonded) restraints...
  Symmetry expansion: 21 valid (symop, offset) combos
  Grid: [9, 5, 24], 906/1080 cells occupied, max 480 entries/cell
  Built 286574 VDW restraints, 23913 symmetry contacts

────────────────────────────────────────────────────────────────────
  XYZ Refinement
────────────────────────────────────────────────────────────────────

  adp (weight: 0.0200)
  ────────────────────────────────────────────────────────────────
    Metric                       Before      After     Change
    locality                    13472.6    13472.6     0.0000
    scaler_U                     1540.8     1540.8     0.0000
    scaler_log_scale           100515.4   100515.4     0.0000
    sigd                         5248.5     5248.5     0.0000
    simu                        21642.7    21642.7     0.0000

  geometry (weight: 0.2000)
  ────────────────────────────────────────────────────────────────
    Metric                       Before      After     Change
    angle                      -35914.2   -35978.7   -64.5898
    bond                       -26640.3   -26628.3   +12.0117
    chiral                    -401.3417  -401.6496    -0.3079
    nonbonded                  -75955.2   -75956.5    -1.3281
    planarity                  -16108.2   -16098.2    +9.9170
    torsion                      7832.8     7833.9    +1.0977

  other (weight: 1.0000)
  ────────────────────────────────────────────────────────────────
    Metric                       Before      After     Change
    xray                        97981.8    97845.1  -136.6406

  Group Totals
  ────────────────────────────────────────────────────────────────
    Group                        Before      After     Change
    adp                          2848.4     2848.4     0.0000
    geometry                   -29437.3   -29445.9    -8.6399
    xray                        97981.8    97845.1  -136.6406
────────────────────────────────────────────────────────────────────
  VDW rebuild: max drift 3.33 Å > threshold 1.00 Å

Building VDW (non-bonded) restraints...
  Symmetry expansion: 21 valid (symop, offset) combos
  Grid: [9, 5, 24], 906/1080 cells occupied, max 480 entries/cell
  Built 286574 VDW restraints, 23913 symmetry contacts

────────────────────────────────────────────────────────────────────
  ADP Refinement
────────────────────────────────────────────────────────────────────

  adp (weight: 0.0200)
  ────────────────────────────────────────────────────────────────
    Metric                       Before      After     Change
    locality                    13459.5    13340.1  -119.4268
    scaler_U                     1540.8     1540.8     0.0000
    scaler_log_scale           100515.4   100515.4     0.0000
    sigd                         5248.5     5246.2    -2.3291
    simu                        21642.7    21367.7  -275.0586

  geometry (weight: 0.2000)
  ────────────────────────────────────────────────────────────────
    Metric                       Before      After     Change
    angle                      -35978.7   -35978.7     0.0000
    bond                       -26628.3   -26628.3     0.0000
    chiral                    -401.6496  -401.6496     0.0000
    nonbonded                  -75956.5   -75956.5     0.0000
    planarity                  -16098.2   -16098.2     0.0000
    torsion                      7833.9     7833.9     0.0000

  other (weight: 1.0000)
  ────────────────────────────────────────────────────────────────
    Metric                       Before      After     Change
    xray                        97845.1    97864.7   +19.5703

  Group Totals
  ────────────────────────────────────────────────────────────────
    Group                        Before      After     Change
    adp                          2848.1     2840.2    -7.9363
    geometry                   -29445.9   -29445.9     0.0000
    xray                        97845.1    97864.7   +19.5703
────────────────────────────────────────────────────────────────────
Calculating initial scale factors using 10 bins.
Refining scales with LBFGS...
Scale refinement complete. rwork: 0.3263, rfree: 0.3856

Final Scale Parameters: 
  c_iso: tensor([ 0.5119,  0.4915,  0.1755, -0.0340, -0.1137,  0.0533])
  U: tensor([ 0.2692,  0.2540,  0.2718, -0.0122,  0.0033, -0.0261])
  solvent.log_k_solvent: -0.9893262982368469
  solvent.log_ss_half: -4.218567848205566
  solvent.log_n_exp: 1.3289620876312256
  solvent.phase_offset: -0.03691541776061058

Refinement completed successfully.

Saving results to /das/work/units/LBR-FEL/p17490/Peter/Library/work_trees_torchref/alignement/alignment_lab/benchmarks/af_mr/runs/dmin3.0/5IAW/refine_phaser_mr...
  Refined structure (PDB): /das/work/units/LBR-FEL/p17490/Peter/Library/work_trees_torchref/alignement/alignment_lab/benchmarks/af_mr/runs/dmin3.0/5IAW/refine_phaser_mr/refined.pdb
  Refined structure (mmCIF): /das/work/units/LBR-FEL/p17490/Peter/Library/work_trees_torchref/alignement/alignment_lab/benchmarks/af_mr/runs/dmin3.0/5IAW/refine_phaser_mr/refined.cif
Added map coefficients:
  2Fo-Fc: FWT, PHWT
  Fo-Fc: DELFWT, PHDELWT
  Resolution range: 2.58 - 144.09 Å
✓ Wrote MTZ file: /das/work/units/LBR-FEL/p17490/Peter/Library/work_trees_torchref/alignement/alignment_lab/benchmarks/af_mr/runs/dmin3.0/5IAW/refine_phaser_mr/refined.mtz
  Reflections: 17753
  Columns: H, K, L, F-obs, SIGF-obs, R-free-flags, FWT, PHWT, DELFWT, PHDELWT, F-model, PH-model
  Refined structure factors: /das/work/units/LBR-FEL/p17490/Peter/Library/work_trees_torchref/alignement/alignment_lab/benchmarks/af_mr/runs/dmin3.0/5IAW/refine_phaser_mr/refined.mtz
  Refinement history: /das/work/units/LBR-FEL/p17490/Peter/Library/work_trees_torchref/alignement/alignment_lab/benchmarks/af_mr/runs/dmin3.0/5IAW/refine_phaser_mr/refinement_history.json

================================================================================
Refinement Summary
================================================================================
R-work:  0.3263 (17023 reflections)
R-free:  0.3856 (334 reflections)
NLL work: 97875.38
NLL test: 1957.09
================================================================================

Output files:
  - /das/work/units/LBR-FEL/p17490/Peter/Library/work_trees_torchref/alignement/alignment_lab/benchmarks/af_mr/runs/dmin3.0/5IAW/refine_phaser_mr/refined.pdb
  - /das/work/units/LBR-FEL/p17490/Peter/Library/work_trees_torchref/alignement/alignment_lab/benchmarks/af_mr/runs/dmin3.0/5IAW/refine_phaser_mr/refined.cif
  - /das/work/units/LBR-FEL/p17490/Peter/Library/work_trees_torchref/alignement/alignment_lab/benchmarks/af_mr/runs/dmin3.0/5IAW/refine_phaser_mr/refined.mtz
  - /das/work/units/LBR-FEL/p17490/Peter/Library/work_trees_torchref/alignement/alignment_lab/benchmarks/af_mr/runs/dmin3.0/5IAW/refine_phaser_mr/refinement_history.json

Refinement completed successfully!

Timing: 427.3s wall, 444.6s CPU
