/das/work/units/LBR-FEL/p17490/Peter/Library/work_trees_torchref/alignement/torchref/cli/refine.py:21: UserWarning: TorchRef using user-specified 8 threads from TORCHREF_NUM_THREADS.
  from torchref.cli._common import (
================================================================================
TorchRef LBFGS Refinement
================================================================================
Model:             /das/work/units/LBR-FEL/p17490/Peter/Library/work_trees_torchref/alignement/alignment_lab/benchmarks/af_mr/runs/dmin4.0/3OC7/torchref_placed.pdb
Structure factor:  /das/work/units/LBR-FEL/p17490/Peter/Library/work_trees_torchref/dev/paper/data/3OC7/3OC7.mtz
Output directory:  /das/work/units/LBR-FEL/p17490/Peter/Library/work_trees_torchref/alignement/alignment_lab/benchmarks/af_mr/runs/dmin4.0/3OC7/refine_torchref_mr
Refinement mode:   separate
X-ray target:      ml
Refinement cycles: 10
Rigid-body step:   on (iterations/cutoff = 30)
Device:            auto
ADP mode:          isotropic
Wavelength:        1 A
Manual weights:    {"adp": 0.02}
================================================================================

Initializing refinement...
found non-finite F values (NaN/Inf):  0
found non-finite F_sigma values (NaN/Inf):  0
Wilson outlier rejection: 0/36784 (0.0000%) of tested reflections flagged (0 too strong, 0 too weak)
Loaded 1839 atoms
Building restraints...
Found 109 link definitions

Building VDW (non-bonded) restraints...
  Symmetry expansion: 21 valid (symop, offset) combos
  Grid: [13, 13, 15], 2018/2535 cells occupied, max 60 entries/cell
  Built 32469 VDW restraints, 2877 symmetry contacts
  Hydrogen topology: 1852 riding H atoms
  H candidate pairs: 83574 (22417 H-H, 61157 H-heavy, 7280 symmetry)
================================================================================
Restraints Summary
================================================================================
CIF file: None
Residue types in dictionary: 20

INTRA-RESIDUE RESTRAINTS:
--------------------------------------------------------------------------------
  Bonds: 1616
  Angles: 1774
  Torsions: 443
  Planes: 366
  Chirals: 298

INTER-RESIDUE RESTRAINTS:
--------------------------------------------------------------------------------
  Peptide bonds: 248
  Peptide angles: 754
  Disulfide bonds: 0
  Disulfide angles: 0
  Disulfide torsions: 0
  LINK bonds: 0

BACKBONE TORSIONS:
--------------------------------------------------------------------------------
  Phi: 248
  Psi: 248
  Omega: 248
  Ramachandran: 246

VDW RESTRAINTS:
--------------------------------------------------------------------------------
  Non-bonded contacts: 32469 (29592 intra-ASU, 2877 symmetry)
================================================================================
Generated 1852 hydrogens
ADP representation: isotropic, 3691 parameters, 10.3 work reflections each
Initialized ScalerBase with 10 bins.
Building restraints...

Building VDW (non-bonded) restraints...
  Symmetry expansion: 23 valid (symop, offset) combos
  Grid: [13, 13, 15], 2151/2535 cells occupied, max 108 entries/cell
  Built 139314 VDW restraints, 14251 symmetry contacts
================================================================================
Restraints Summary
================================================================================
CIF file: None
Residue types in dictionary: 20

INTRA-RESIDUE RESTRAINTS:
--------------------------------------------------------------------------------
  Bonds: 3468
  Angles: 5716
  Torsions: 728
  Planes: 656
  Chirals: 298

INTER-RESIDUE RESTRAINTS:
--------------------------------------------------------------------------------
  Peptide bonds: 248
  Peptide angles: 992
  Disulfide bonds: 0
  Disulfide angles: 0
  Disulfide torsions: 0
  LINK bonds: 0

BACKBONE TORSIONS:
--------------------------------------------------------------------------------
  Phi: 248
  Psi: 248
  Omega: 248
  Ramachandran: 246

VDW RESTRAINTS:
--------------------------------------------------------------------------------
  Non-bonded contacts: 139314 (125063 intra-ASU, 14251 symmetry)
================================================================================
Initializing TotalGeometryTarget with component targets...
Initializing TotalADPTarget with component targets: simu, locality, sigd
Parametrization built for 5 unique atom types
SfFFT: Using late symmetry (reciprocal space)
Calculating initial scale factors using 10 bins.
Refining scales with LBFGS...
Scale refinement complete. rwork: 0.4577, rfree: 0.4722

Final Scale Parameters: 
  c_iso: tensor([ 0.9043,  1.1304,  0.3355, -0.0539,  0.0437, -0.0415])
  U: tensor([ 0.2807,  0.2938,  0.3106,  0.0101, -0.0060,  0.0100])
  solvent.log_k_solvent: -0.9142111539840698
  solvent.log_ss_half: -4.1902594566345215
  solvent.log_n_exp: 2.3703038692474365
  solvent.phase_offset: -0.026898525655269623
Initialized targets with xray_mode='ml'
Applied manual group weights: {'xray': 1.0, 'geometry': 0.2, 'geometry/ramachandran': 0.0, 'adp': 0.02, 'adp/sigd': 1.0, 'adp/node_load': 10.0, 'adp/node_smoothness': 0.0}
Refinement initialized successfully.

Starting refinement with 10 macro cycles...

Rigid-body step enabled: one multi-resolution rigid-body pass will run once at the start of refinement.


--- Rigid-body step (once, at start) ---
Switched to rigid-body parametrization: RigidXYZTensor(n_atoms=3691, n_chains=1) (1 chain(s))
Filtering: 610/38836 reflections in range [inf - 6.0] Å (610 valid after all masks)
  Note: Adjusted bins from 10 to 6 (min 100 refl/bin)
Initialized ScalerBase with 6 bins.
Calculating initial scale factors using 6 bins.
Calculating initial scale factors using 6 bins.
Refining scales with LBFGS...
Scale refinement complete. rwork: 0.3023, rfree: 0.3142

Final Scale Parameters: 
  c_iso: tensor([-0.4095, -0.2124,  0.7197, -0.1782, -0.8040, -0.6307])
  U: tensor([ 0.3913,  0.2196,  0.1189, -0.0823, -0.1154,  0.0492])
  solvent.log_k_solvent: -0.9103319644927979
  solvent.log_ss_half: -3.8768703937530518
  solvent.log_n_exp: 1.6925016641616821
  solvent.phase_offset: -0.020031405612826347
  rigid-body d_min=6.00 (lbfgs, iters=30): Rwork=0.3007 Rfree=0.3423
Filtering: 4856/38836 reflections in range [inf - 3.0000116824876293] Å (4856 valid after all masks)
Initialized ScalerBase with 10 bins.
Calculating initial scale factors using 10 bins.
Calculating initial scale factors using 10 bins.
Refining scales with LBFGS...
Scale refinement complete. rwork: 0.3481, rfree: 0.3348

Final Scale Parameters: 
  c_iso: tensor([ 0.2709,  0.0982, -0.1224, -0.0795,  0.1668,  0.0272])
  U: tensor([ 0.2656,  0.2760,  0.2836,  0.0248, -0.0116,  0.0202])
  solvent.log_k_solvent: -0.9097082018852234
  solvent.log_ss_half: -4.177639484405518
  solvent.log_n_exp: 2.19655442237854
  solvent.phase_offset: -0.03434298560023308
  rigid-body d_min=3.00 (lbfgs, iters=30): Rwork=0.3449 Rfree=0.3239
Filtering: 38836/38836 reflections in range [inf - 1.500011682510376] Å (38836 valid after all masks)
Initialized ScalerBase with 10 bins.
Calculating initial scale factors using 10 bins.
Calculating initial scale factors using 10 bins.
Refining scales with LBFGS...
Scale refinement complete. rwork: 0.4204, rfree: 0.4023

Final Scale Parameters: 
  c_iso: tensor([ 0.9136,  1.1217,  0.3272, -0.0581,  0.0455, -0.0387])
  U: tensor([ 0.2825,  0.2908,  0.3048,  0.0069, -0.0059,  0.0092])
  solvent.log_k_solvent: -0.9132612347602844
  solvent.log_ss_half: -4.238736629486084
  solvent.log_n_exp: 3.622584581375122
  solvent.phase_offset: -0.037632543593645096
  rigid-body d_min=1.50 (lbfgs, iters=30): Rwork=0.4219 Rfree=0.3984
Initialized ScalerBase with 10 bins.
Calculating initial scale factors using 10 bins.
Calculating initial scale factors using 10 bins.
Refining scales with LBFGS...
Scale refinement complete. rwork: 0.4182, rfree: 0.3923

Final Scale Parameters: 
  c_iso: tensor([ 0.8447,  1.0348,  0.3072, -0.0600,  0.0468, -0.0396])
  U: tensor([ 0.2623,  0.2703,  0.2844,  0.0062, -0.0063,  0.0091])
  solvent.log_k_solvent: -0.912713885307312
  solvent.log_ss_half: -4.234774589538574
  solvent.log_n_exp: 3.4540696144104004
  solvent.phase_offset: -0.03633319213986397
Initialized ScalerBase with 10 bins.
Calculating initial scale factors using 10 bins.
Calculating initial scale factors using 10 bins.
Refining scales with LBFGS...
Scale refinement complete. rwork: 0.4182, rfree: 0.3923

Final Scale Parameters: 
  c_iso: tensor([ 0.8534,  1.0452,  0.3105, -0.0600,  0.0472, -0.0395])
  U: tensor([ 0.2647,  0.2727,  0.2868,  0.0063, -0.0064,  0.0091])
  solvent.log_k_solvent: -0.9127622842788696
  solvent.log_ss_half: -4.235087871551514
  solvent.log_n_exp: 3.460972547531128
  solvent.phase_offset: -0.03628122806549072

============================================================
LBFGS Refinement - Cycle 1/10
============================================================
Refining scales with LBFGS...
Scale refinement complete. rwork: 0.4182, rfree: 0.3922

Final Scale Parameters: 
  c_iso: tensor([ 0.9160,  1.1228,  0.3302, -0.0615,  0.0473, -0.0396])
  U: tensor([ 0.2827,  0.2910,  0.3052,  0.0063, -0.0062,  0.0090])
  solvent.log_k_solvent: -0.9131659269332886
  solvent.log_ss_half: -4.227980136871338
  solvent.log_n_exp: 2.3574023246765137
  solvent.phase_offset: -0.03499195724725723
After scaling: Rwork=0.4182, Rfree=0.3922
  VDW rebuild: max drift 3.76 Å > threshold 1.00 Å

Building VDW (non-bonded) restraints...
  Symmetry expansion: 23 valid (symop, offset) combos
  Grid: [13, 13, 15], 2151/2535 cells occupied, max 108 entries/cell
  Built 139314 VDW restraints, 14251 symmetry contacts

────────────────────────────────────────────────────────────────────
  XYZ Refinement
────────────────────────────────────────────────────────────────────

  adp (weight: 0.0200)
  ────────────────────────────────────────────────────────────────
    Metric                       Before      After     Change
    locality                     1805.5     1805.5     0.0000
    scaler_U                     5000.0     5000.0     0.0000
    scaler_log_scale           110518.3   110518.3     0.0000
    sigd                         2367.9     2367.9     0.0000
    simu                         6072.1     6072.1     0.0000

  geometry (weight: 0.2000)
  ────────────────────────────────────────────────────────────────
    Metric                       Before      After     Change
    angle                      -15361.8   -14807.7  +554.0293
    bond                       -11557.0   -11740.4  -183.3955
    chiral                    -166.6330  -178.6295   -11.9965
    nonbonded                  -31331.7   -37032.4    -5700.6
    planarity                   -7754.0    -7616.4  +137.5771
    torsion                      5483.8     5518.8   +34.9395

  other (weight: 1.0000)
  ────────────────────────────────────────────────────────────────
    Metric                       Before      After     Change
    xray                       242237.9   233886.6    -8351.3

  Group Totals
  ────────────────────────────────────────────────────────────────
    Group                        Before      After     Change
    adp                          2515.3     2515.3     0.0000
    geometry                   -12137.5   -13171.3    -1033.9
    xray                       242237.9   233886.6    -8351.3
────────────────────────────────────────────────────────────────────
  VDW rebuild: max drift 3.76 Å > threshold 1.00 Å

Building VDW (non-bonded) restraints...
  Symmetry expansion: 23 valid (symop, offset) combos
  Grid: [13, 13, 15], 2151/2535 cells occupied, max 108 entries/cell
  Built 139314 VDW restraints, 14251 symmetry contacts

────────────────────────────────────────────────────────────────────
  ADP Refinement
────────────────────────────────────────────────────────────────────

  adp (weight: 0.0200)
  ────────────────────────────────────────────────────────────────
    Metric                       Before      After     Change
    locality                     1815.3    20076.6   +18261.3
    scaler_U                     5000.0     5000.0     0.0000
    scaler_log_scale           110518.3   110518.3     0.0000
    sigd                         2367.9     2732.2  +364.3274
    simu                         6072.1    10308.8    +4236.7

  geometry (weight: 0.2000)
  ────────────────────────────────────────────────────────────────
    Metric                       Before      After     Change
    angle                      -14807.7   -14807.7     0.0000
    bond                       -11740.4   -11740.4     0.0000
    chiral                    -178.6295  -178.6295     0.0000
    nonbonded                  -37032.4   -37032.4     0.0000
    planarity                   -7616.4    -7616.4     0.0000
    torsion                      5518.8     5518.8     0.0000

  other (weight: 1.0000)
  ────────────────────────────────────────────────────────────────
    Metric                       Before      After     Change
    xray                       233886.6   226995.9    -6890.8

  Group Totals
  ────────────────────────────────────────────────────────────────
    Group                        Before      After     Change
    adp                          2515.5     2972.7  +457.2476
    geometry                   -13171.3   -13171.3     0.0000
    xray                       233886.6   226995.9    -6890.8
────────────────────────────────────────────────────────────────────

============================================================
LBFGS Refinement - Cycle 2/10
============================================================
Refining scales with LBFGS...
Scale refinement complete. rwork: 0.2674, rfree: 0.2792

Final Scale Parameters: 
  c_iso: tensor([ 1.0813,  1.2494,  0.3544, -0.1143,  0.0790, -0.0493])
  U: tensor([ 0.3126,  0.3170,  0.3386,  0.0035, -0.0078,  0.0071])
  solvent.log_k_solvent: -0.9212589263916016
  solvent.log_ss_half: -4.0955705642700195
  solvent.log_n_exp: 1.3613578081130981
  solvent.phase_offset: -7.264527084771544e-05
After scaling: Rwork=0.2674, Rfree=0.2792
  VDW rebuild: max drift 3.43 Å > threshold 1.00 Å

Building VDW (non-bonded) restraints...
  Symmetry expansion: 23 valid (symop, offset) combos
  Grid: [13, 13, 15], 2151/2535 cells occupied, max 108 entries/cell
  Built 139314 VDW restraints, 14251 symmetry contacts

────────────────────────────────────────────────────────────────────
  XYZ Refinement
────────────────────────────────────────────────────────────────────

  adp (weight: 0.0200)
  ────────────────────────────────────────────────────────────────
    Metric                       Before      After     Change
    locality                    20076.6    20076.6     0.0000
    scaler_U                     6067.4     6067.4     0.0000
    scaler_log_scale           131495.0   131495.0     0.0000
    sigd                         2732.2     2732.2     0.0000
    simu                        10308.8    10308.8     0.0000

  geometry (weight: 0.2000)
  ────────────────────────────────────────────────────────────────
    Metric                       Before      After     Change
    angle                      -14807.7   -14995.6  -187.8916
    bond                       -11740.4   -10921.7  +818.6797
    chiral                    -178.6295  -172.8307    +5.7988
    nonbonded                  -37032.4   -37227.4  -195.0117
    planarity                   -7616.4    -7753.6  -137.2676
    torsion                      5518.8     5486.7   -32.0283

  other (weight: 1.0000)
  ────────────────────────────────────────────────────────────────
    Metric                       Before      After     Change
    xray                       228116.1   221068.3    -7047.7

  Group Totals
  ────────────────────────────────────────────────────────────────
    Group                        Before      After     Change
    adp                          3413.6     3413.6     0.0000
    geometry                   -13171.3   -13116.9   +54.4564
    xray                       228116.1   221068.3    -7047.7
────────────────────────────────────────────────────────────────────
  VDW rebuild: max drift 3.43 Å > threshold 1.00 Å

Building VDW (non-bonded) restraints...
  Symmetry expansion: 23 valid (symop, offset) combos
  Grid: [13, 13, 15], 2151/2535 cells occupied, max 108 entries/cell
  Built 139314 VDW restraints, 14251 symmetry contacts

────────────────────────────────────────────────────────────────────
  ADP Refinement
────────────────────────────────────────────────────────────────────

  adp (weight: 0.0200)
  ────────────────────────────────────────────────────────────────
    Metric                       Before      After     Change
    locality                    19768.5    26248.8    +6480.3
    scaler_U                     6067.4     6067.4     0.0000
    scaler_log_scale           131495.0   131495.0     0.0000
    sigd                         2732.2     2725.2    -7.0037
    simu                        10308.8    12340.3    +2031.5

  geometry (weight: 0.2000)
  ────────────────────────────────────────────────────────────────
    Metric                       Before      After     Change
    angle                      -14995.6   -14995.6     0.0000
    bond                       -10921.7   -10921.7     0.0000
    chiral                    -172.8307  -172.8307     0.0000
    nonbonded                  -37227.4   -37227.4     0.0000
    planarity                   -7753.6    -7753.6     0.0000
    torsion                      5486.7     5486.7     0.0000

  other (weight: 1.0000)
  ────────────────────────────────────────────────────────────────
    Metric                       Before      After     Change
    xray                       221068.3   220019.2    -1049.1

  Group Totals
  ────────────────────────────────────────────────────────────────
    Group                        Before      After     Change
    adp                          3407.4     3577.5  +170.0949
    geometry                   -13116.9   -13116.9     0.0000
    xray                       221068.3   220019.2    -1049.1
────────────────────────────────────────────────────────────────────

============================================================
LBFGS Refinement - Cycle 3/10
============================================================
Refining scales with LBFGS...
Scale refinement complete. rwork: 0.2275, rfree: 0.2570

Final Scale Parameters: 
  c_iso: tensor([ 1.0959,  1.2464,  0.3619, -0.1224,  0.0754, -0.0520])
  U: tensor([ 0.3154,  0.3155,  0.3398,  0.0030, -0.0071,  0.0067])
  solvent.log_k_solvent: -0.9299388527870178
  solvent.log_ss_half: -4.006921768188477
  solvent.log_n_exp: 1.3520227670669556
  solvent.phase_offset: 0.0009302127291448414
After scaling: Rwork=0.2275, Rfree=0.2570
  VDW rebuild: max drift 3.53 Å > threshold 1.00 Å

Building VDW (non-bonded) restraints...
  Symmetry expansion: 23 valid (symop, offset) combos
  Grid: [13, 13, 15], 2151/2535 cells occupied, max 108 entries/cell
  Built 139314 VDW restraints, 14251 symmetry contacts

────────────────────────────────────────────────────────────────────
  XYZ Refinement
────────────────────────────────────────────────────────────────────

  adp (weight: 0.0200)
  ────────────────────────────────────────────────────────────────
    Metric                       Before      After     Change
    locality                    26248.8    26248.8     0.0000
    scaler_U                     6098.5     6098.5     0.0000
    scaler_log_scale           133246.1   133246.1     0.0000
    sigd                         2725.2     2725.2     0.0000
    simu                        12340.3    12340.3     0.0000

  geometry (weight: 0.2000)
  ────────────────────────────────────────────────────────────────
    Metric                       Before      After     Change
    angle                      -14995.6   -15013.3   -17.7178
    bond                       -10921.7   -11102.6  -180.8486
    chiral                    -172.8307  -169.0077    +3.8230
    nonbonded                  -37227.4   -37243.5   -16.1289
    planarity                   -7753.6    -7750.4    +3.1982
    torsion                      5486.7     5486.5    -0.1904

  other (weight: 1.0000)
  ────────────────────────────────────────────────────────────────
    Metric                       Before      After     Change
    xray                       220013.3   218833.8    -1179.5

  Group Totals
  ────────────────────────────────────────────────────────────────
    Group                        Before      After     Change
    adp                          3613.2     3613.2     0.0000
    geometry                   -13116.9   -13158.5   -41.5733
    xray                       220013.3   218833.8    -1179.5
────────────────────────────────────────────────────────────────────
  VDW rebuild: max drift 3.53 Å > threshold 1.00 Å

Building VDW (non-bonded) restraints...
  Symmetry expansion: 23 valid (symop, offset) combos
  Grid: [13, 13, 15], 2151/2535 cells occupied, max 108 entries/cell
  Built 139314 VDW restraints, 14251 symmetry contacts

────────────────────────────────────────────────────────────────────
  ADP Refinement
────────────────────────────────────────────────────────────────────

  adp (weight: 0.0200)
  ────────────────────────────────────────────────────────────────
    Metric                       Before      After     Change
    locality                    26007.4    25551.4  -456.0840
    scaler_U                     6098.5     6098.5     0.0000
    scaler_log_scale           133246.1   133246.1     0.0000
    sigd                         2725.2     2682.2   -42.9819
    simu                        12340.3    12219.3  -121.0137

  geometry (weight: 0.2000)
  ────────────────────────────────────────────────────────────────
    Metric                       Before      After     Change
    angle                      -15013.3   -15013.3     0.0000
    bond                       -11102.6   -11102.6     0.0000
    chiral                    -169.0077  -169.0077     0.0000
    nonbonded                  -37243.5   -37243.5     0.0000
    planarity                   -7750.4    -7750.4     0.0000
    torsion                      5486.5     5486.5     0.0000

  other (weight: 1.0000)
  ────────────────────────────────────────────────────────────────
    Metric                       Before      After     Change
    xray                       218833.8   218733.1  -100.7344

  Group Totals
  ────────────────────────────────────────────────────────────────
    Group                        Before      After     Change
    adp                          3608.4     3595.9   -12.4016
    geometry                   -13158.5   -13158.5     0.0000
    xray                       218833.8   218733.1  -100.7344
────────────────────────────────────────────────────────────────────

============================================================
LBFGS Refinement - Cycle 4/10
============================================================
Refining scales with LBFGS...
Scale refinement complete. rwork: 0.2208, rfree: 0.2499

Final Scale Parameters: 
  c_iso: tensor([ 1.1035,  1.2344,  0.3761, -0.1338,  0.0823, -0.0566])
  U: tensor([ 0.3143,  0.3152,  0.3403,  0.0038, -0.0062,  0.0063])
  solvent.log_k_solvent: -0.9310650825500488
  solvent.log_ss_half: -3.9998717308044434
  solvent.log_n_exp: 1.3016029596328735
  solvent.phase_offset: 0.0017865716945379972
After scaling: Rwork=0.2208, Rfree=0.2499
  VDW rebuild: max drift 3.61 Å > threshold 1.00 Å

Building VDW (non-bonded) restraints...
  Symmetry expansion: 23 valid (symop, offset) combos
  Grid: [13, 13, 15], 2151/2535 cells occupied, max 108 entries/cell
  Built 139314 VDW restraints, 14251 symmetry contacts

────────────────────────────────────────────────────────────────────
  XYZ Refinement
────────────────────────────────────────────────────────────────────

  adp (weight: 0.0200)
  ────────────────────────────────────────────────────────────────
    Metric                       Before      After     Change
    locality                    25551.4    25551.4     0.0000
    scaler_U                     6088.0     6088.0     0.0000
    scaler_log_scale           134038.3   134038.3     0.0000
    sigd                         2682.2     2682.2     0.0000
    simu                        12219.3    12219.3     0.0000

  geometry (weight: 0.2000)
  ────────────────────────────────────────────────────────────────
    Metric                       Before      After     Change
    angle                      -15013.3   -15102.0   -88.6377
    bond                       -11102.6   -11123.9   -21.3330
    chiral                    -169.0077  -169.0746    -0.0669
    nonbonded                  -37243.5   -37317.5   -73.9805
    planarity                   -7750.4    -7781.5   -31.0190
    torsion                      5486.5     5487.6    +1.0405

  other (weight: 1.0000)
  ────────────────────────────────────────────────────────────────
    Metric                       Before      After     Change
    xray                       218739.5   218283.9  -455.6406

  Group Totals
  ────────────────────────────────────────────────────────────────
    Group                        Before      After     Change
    adp                          3611.6     3611.6     0.0000
    geometry                   -13158.5   -13201.3   -42.7990
    xray                       218739.5   218283.9  -455.6406
────────────────────────────────────────────────────────────────────
  VDW rebuild: max drift 3.61 Å > threshold 1.00 Å

Building VDW (non-bonded) restraints...
  Symmetry expansion: 23 valid (symop, offset) combos
  Grid: [13, 13, 15], 2151/2535 cells occupied, max 108 entries/cell
  Built 139314 VDW restraints, 14251 symmetry contacts

────────────────────────────────────────────────────────────────────
  ADP Refinement
────────────────────────────────────────────────────────────────────

  adp (weight: 0.0200)
  ────────────────────────────────────────────────────────────────
    Metric                       Before      After     Change
    locality                    25401.9    24284.5    -1117.4
    scaler_U                     6088.0     6088.0     0.0000
    scaler_log_scale           134038.3   134038.3     0.0000
    sigd                         2682.2     2655.8   -26.3840
    simu                        12219.3    11783.5  -435.7812

  geometry (weight: 0.2000)
  ────────────────────────────────────────────────────────────────
    Metric                       Before      After     Change
    angle                      -15102.0   -15102.0     0.0000
    bond                       -11123.9   -11123.9     0.0000
    chiral                    -169.0746  -169.0746     0.0000
    nonbonded                  -37317.5   -37317.5     0.0000
    planarity                   -7781.5    -7781.5     0.0000
    torsion                      5487.6     5487.6     0.0000

  other (weight: 1.0000)
  ────────────────────────────────────────────────────────────────
    Metric                       Before      After     Change
    xray                       218283.9   218236.8   -47.1562

  Group Totals
  ────────────────────────────────────────────────────────────────
    Group                        Before      After     Change
    adp                          3608.6     3577.0   -31.5917
    geometry                   -13201.3   -13201.3     0.0000
    xray                       218283.9   218236.8   -47.1562
────────────────────────────────────────────────────────────────────

============================================================
LBFGS Refinement - Cycle 5/10
============================================================
Refining scales with LBFGS...
Scale refinement complete. rwork: 0.2171, rfree: 0.2475

Final Scale Parameters: 
  c_iso: tensor([ 1.1070,  1.2361,  0.3787, -0.1353,  0.0814, -0.0552])
  U: tensor([ 0.3153,  0.3162,  0.3416,  0.0040, -0.0059,  0.0062])
  solvent.log_k_solvent: -0.9321372509002686
  solvent.log_ss_half: -3.9805898666381836
  solvent.log_n_exp: 1.3008575439453125
  solvent.phase_offset: -0.000664981605950743
After scaling: Rwork=0.2171, Rfree=0.2475
  VDW rebuild: max drift 3.60 Å > threshold 1.00 Å

Building VDW (non-bonded) restraints...
  Symmetry expansion: 23 valid (symop, offset) combos
  Grid: [13, 13, 15], 2151/2535 cells occupied, max 108 entries/cell
  Built 139314 VDW restraints, 14251 symmetry contacts

────────────────────────────────────────────────────────────────────
  XYZ Refinement
────────────────────────────────────────────────────────────────────

  adp (weight: 0.0200)
  ────────────────────────────────────────────────────────────────
    Metric                       Before      After     Change
    locality                    24284.5    24284.5     0.0000
    scaler_U                     6128.4     6128.4     0.0000
    scaler_log_scale           134866.5   134866.5     0.0000
    sigd                         2655.8     2655.8     0.0000
    simu                        11783.5    11783.5     0.0000

  geometry (weight: 0.2000)
  ────────────────────────────────────────────────────────────────
    Metric                       Before      After     Change
    angle                      -15102.0   -15084.8   +17.1299
    bond                       -11123.9   -11144.3   -20.3691
    chiral                    -169.0746  -170.0156    -0.9409
    nonbonded                  -37317.5   -37352.8   -35.3242
    planarity                   -7781.5    -7769.6   +11.8638
    torsion                      5487.6     5491.0    +3.4585

  other (weight: 1.0000)
  ────────────────────────────────────────────────────────────────
    Metric                       Before      After     Change
    xray                       218248.0   218075.1  -172.9062

  Group Totals
  ────────────────────────────────────────────────────────────────
    Group                        Before      After     Change
    adp                          3594.4     3594.4     0.0000
    geometry                   -13201.3   -13206.1    -4.8367
    xray                       218248.0   218075.1  -172.9062
────────────────────────────────────────────────────────────────────
  VDW rebuild: max drift 3.60 Å > threshold 1.00 Å

Building VDW (non-bonded) restraints...
  Symmetry expansion: 23 valid (symop, offset) combos
  Grid: [13, 13, 15], 2151/2535 cells occupied, max 108 entries/cell
  Built 139314 VDW restraints, 14251 symmetry contacts

────────────────────────────────────────────────────────────────────
  ADP Refinement
────────────────────────────────────────────────────────────────────

  adp (weight: 0.0200)
  ────────────────────────────────────────────────────────────────
    Metric                       Before      After     Change
    locality                    24159.7    23569.1  -590.6016
    scaler_U                     6128.4     6128.4     0.0000
    scaler_log_scale           134866.5   134866.5     0.0000
    sigd                         2655.8     2647.9    -7.9482
    simu                        11783.5    11580.5  -203.0088

  geometry (weight: 0.2000)
  ────────────────────────────────────────────────────────────────
    Metric                       Before      After     Change
    angle                      -15084.8   -15084.8     0.0000
    bond                       -11144.3   -11144.3     0.0000
    chiral                    -170.0156  -170.0156     0.0000
    nonbonded                  -37352.8   -37352.8     0.0000
    planarity                   -7769.6    -7769.6     0.0000
    torsion                      5491.0     5491.0     0.0000

  other (weight: 1.0000)
  ────────────────────────────────────────────────────────────────
    Metric                       Before      After     Change
    xray                       218075.1   218066.8    -8.3281

  Group Totals
  ────────────────────────────────────────────────────────────────
    Group                        Before      After     Change
    adp                          3591.9     3575.8   -16.0312
    geometry                   -13206.1   -13206.1     0.0000
    xray                       218075.1   218066.8    -8.3281
────────────────────────────────────────────────────────────────────

============================================================
LBFGS Refinement - Cycle 6/10
============================================================
Refining scales with LBFGS...
Scale refinement complete. rwork: 0.2156, rfree: 0.2447

Final Scale Parameters: 
  c_iso: tensor([ 1.1257,  1.2571,  0.3858, -0.1367,  0.0817, -0.0553])
  U: tensor([ 0.3193,  0.3216,  0.3474,  0.0050, -0.0057,  0.0062])
  solvent.log_k_solvent: -0.9323368668556213
  solvent.log_ss_half: -3.984853744506836
  solvent.log_n_exp: 1.346158742904663
  solvent.phase_offset: 0.0002805812400765717
After scaling: Rwork=0.2156, Rfree=0.2447
  VDW rebuild: max drift 3.74 Å > threshold 1.00 Å

Building VDW (non-bonded) restraints...
  Symmetry expansion: 23 valid (symop, offset) combos
  Grid: [13, 13, 15], 2151/2535 cells occupied, max 108 entries/cell
  Built 139314 VDW restraints, 14251 symmetry contacts

────────────────────────────────────────────────────────────────────
  XYZ Refinement
────────────────────────────────────────────────────────────────────

  adp (weight: 0.0200)
  ────────────────────────────────────────────────────────────────
    Metric                       Before      After     Change
    locality                    23569.1    23569.1     0.0000
    scaler_U                     6321.2     6321.2     0.0000
    scaler_log_scale           139683.4   139683.4     0.0000
    sigd                         2647.9     2647.9     0.0000
    simu                        11580.5    11580.5     0.0000

  geometry (weight: 0.2000)
  ────────────────────────────────────────────────────────────────
    Metric                       Before      After     Change
    angle                      -15084.8   -15096.7   -11.8525
    bond                       -11144.3   -11145.3    -0.9980
    chiral                    -170.0156  -169.2316    +0.7840
    nonbonded                  -37352.8   -37376.7   -23.9336
    planarity                   -7769.6    -7784.7   -15.1377
    torsion                      5491.0     5488.6    -2.4043

  other (weight: 1.0000)
  ────────────────────────────────────────────────────────────────
    Metric                       Before      After     Change
    xray                       218082.9   218004.2   -78.6875

  Group Totals
  ────────────────────────────────────────────────────────────────
    Group                        Before      After     Change
    adp                          3676.0     3676.0     0.0000
    geometry                   -13206.1   -13216.8   -10.7082
    xray                       218082.9   218004.2   -78.6875
────────────────────────────────────────────────────────────────────
  VDW rebuild: max drift 3.74 Å > threshold 1.00 Å

Building VDW (non-bonded) restraints...
  Symmetry expansion: 23 valid (symop, offset) combos
  Grid: [13, 13, 15], 2151/2535 cells occupied, max 108 entries/cell
  Built 139314 VDW restraints, 14251 symmetry contacts

────────────────────────────────────────────────────────────────────
  ADP Refinement
────────────────────────────────────────────────────────────────────

  adp (weight: 0.0200)
  ────────────────────────────────────────────────────────────────
    Metric                       Before      After     Change
    locality                    23493.5    23108.8  -384.6719
    scaler_U                     6321.2     6321.2     0.0000
    scaler_log_scale           139683.4   139683.4     0.0000
    sigd                         2647.9     2646.5    -1.3247
    simu                        11580.5    11457.1  -123.4209

  geometry (weight: 0.2000)
  ────────────────────────────────────────────────────────────────
    Metric                       Before      After     Change
    angle                      -15096.7   -15096.7     0.0000
    bond                       -11145.3   -11145.3     0.0000
    chiral                    -169.2316  -169.2316     0.0000
    nonbonded                  -37376.7   -37376.7     0.0000
    planarity                   -7784.7    -7784.7     0.0000
    torsion                      5488.6     5488.6     0.0000

  other (weight: 1.0000)
  ────────────────────────────────────────────────────────────────
    Metric                       Before      After     Change
    xray                       218004.2   218007.6    +3.3906

  Group Totals
  ────────────────────────────────────────────────────────────────
    Group                        Before      After     Change
    adp                          3674.5     3664.3   -10.1883
    geometry                   -13216.8   -13216.8     0.0000
    xray                       218004.2   218007.6    +3.3906
────────────────────────────────────────────────────────────────────

============================================================
LBFGS Refinement - Cycle 7/10
============================================================
Refining scales with LBFGS...
Scale refinement complete. rwork: 0.2144, rfree: 0.2438

Final Scale Parameters: 
  c_iso: tensor([ 1.1464,  1.2816,  0.3924, -0.1368,  0.0810, -0.0543])
  U: tensor([ 0.3256,  0.3279,  0.3538,  0.0051, -0.0056,  0.0062])
  solvent.log_k_solvent: -0.9335999488830566
  solvent.log_ss_half: -3.987642288208008
  solvent.log_n_exp: 1.366327166557312
  solvent.phase_offset: -0.0015461089788004756
After scaling: Rwork=0.2144, Rfree=0.2438
  VDW rebuild: max drift 3.77 Å > threshold 1.00 Å

Building VDW (non-bonded) restraints...
  Symmetry expansion: 23 valid (symop, offset) combos
  Grid: [13, 13, 15], 2151/2535 cells occupied, max 108 entries/cell
  Built 139314 VDW restraints, 14251 symmetry contacts

────────────────────────────────────────────────────────────────────
  XYZ Refinement
────────────────────────────────────────────────────────────────────

  adp (weight: 0.0200)
  ────────────────────────────────────────────────────────────────
    Metric                       Before      After     Change
    locality                    23108.8    23108.8     0.0000
    scaler_U                     6567.5     6567.5     0.0000
    scaler_log_scale           145100.8   145100.8     0.0000
    sigd                         2646.5     2646.5     0.0000
    simu                        11457.1    11457.1     0.0000

  geometry (weight: 0.2000)
  ────────────────────────────────────────────────────────────────
    Metric                       Before      After     Change
    angle                      -15096.7   -15096.8    -0.1240
    bond                       -11145.3   -11154.6    -9.3164
    chiral                    -169.2316  -170.5202    -1.2886
    nonbonded                  -37376.7   -37378.8    -2.0430
    planarity                   -7784.7    -7779.7    +5.0171
    torsion                      5488.6     5488.8    +0.2056

  other (weight: 1.0000)
  ────────────────────────────────────────────────────────────────
    Metric                       Before      After     Change
    xray                       218026.3   217955.4   -70.9219

  Group Totals
  ────────────────────────────────────────────────────────────────
    Group                        Before      After     Change
    adp                          3777.6     3777.6     0.0000
    geometry                   -13216.8   -13218.3    -1.5098
    xray                       218026.3   217955.4   -70.9219
────────────────────────────────────────────────────────────────────
  VDW rebuild: max drift 3.77 Å > threshold 1.00 Å

Building VDW (non-bonded) restraints...
  Symmetry expansion: 23 valid (symop, offset) combos
  Grid: [13, 13, 15], 2151/2535 cells occupied, max 108 entries/cell
  Built 139314 VDW restraints, 14251 symmetry contacts

────────────────────────────────────────────────────────────────────
  ADP Refinement
────────────────────────────────────────────────────────────────────

  adp (weight: 0.0200)
  ────────────────────────────────────────────────────────────────
    Metric                       Before      After     Change
    locality                    22998.1    22726.6  -271.4707
    scaler_U                     6567.5     6567.5     0.0000
    scaler_log_scale           145100.8   145100.8     0.0000
    sigd                         2646.5     2648.5    +1.9539
    simu                        11457.1    11389.5   -67.5977

  geometry (weight: 0.2000)
  ────────────────────────────────────────────────────────────────
    Metric                       Before      After     Change
    angle                      -15096.8   -15096.8     0.0000
    bond                       -11154.6   -11154.6     0.0000
    chiral                    -170.5202  -170.5202     0.0000
    nonbonded                  -37378.8   -37378.8     0.0000
    planarity                   -7779.7    -7779.7     0.0000
    torsion                      5488.8     5488.8     0.0000

  other (weight: 1.0000)
  ────────────────────────────────────────────────────────────────
    Metric                       Before      After     Change
    xray                       217955.4   217953.3    -2.0781

  Group Totals
  ────────────────────────────────────────────────────────────────
    Group                        Before      After     Change
    adp                          3775.4     3768.7    -6.7423
    geometry                   -13218.3   -13218.3     0.0000
    xray                       217955.4   217953.3    -2.0781
────────────────────────────────────────────────────────────────────

============================================================
LBFGS Refinement - Cycle 8/10
============================================================
Refining scales with LBFGS...
Scale refinement complete. rwork: 0.2135, rfree: 0.2416

Final Scale Parameters: 
  c_iso: tensor([ 1.1466,  1.2822,  0.3926, -0.1359,  0.0809, -0.0538])
  U: tensor([ 0.3252,  0.3284,  0.3544,  0.0055, -0.0058,  0.0063])
  solvent.log_k_solvent: -0.9326963424682617
  solvent.log_ss_half: -3.9894087314605713
  solvent.log_n_exp: 1.3667291402816772
  solvent.phase_offset: -0.0007765142945572734
After scaling: Rwork=0.2135, Rfree=0.2416
  VDW rebuild: max drift 3.85 Å > threshold 1.00 Å

Building VDW (non-bonded) restraints...
  Symmetry expansion: 23 valid (symop, offset) combos
  Grid: [13, 13, 15], 2151/2535 cells occupied, max 108 entries/cell
  Built 139314 VDW restraints, 14251 symmetry contacts

────────────────────────────────────────────────────────────────────
  XYZ Refinement
────────────────────────────────────────────────────────────────────

  adp (weight: 0.0200)
  ────────────────────────────────────────────────────────────────
    Metric                       Before      After     Change
    locality                    22726.6    22726.6     0.0000
    scaler_U                     6576.0     6576.0     0.0000
    scaler_log_scale           145202.2   145202.2     0.0000
    sigd                         2648.5     2648.5     0.0000
    simu                        11389.5    11389.5     0.0000

  geometry (weight: 0.2000)
  ────────────────────────────────────────────────────────────────
    Metric                       Before      After     Change
    angle                      -15096.8   -15111.9   -15.0977
    bond                       -11154.6   -11165.6   -11.0205
    chiral                    -170.5202  -169.9044    +0.6158
    nonbonded                  -37378.8   -37384.0    -5.2070
    planarity                   -7779.7    -7787.8    -8.1123
    torsion                      5488.8     5489.3    +0.4668

  other (weight: 1.0000)
  ────────────────────────────────────────────────────────────────
    Metric                       Before      After     Change
    xray                       217956.1   217899.7   -56.4219

  Group Totals
  ────────────────────────────────────────────────────────────────
    Group                        Before      After     Change
    adp                          3770.9     3770.9     0.0000
    geometry                   -13218.3   -13226.0    -7.6713
    xray                       217956.1   217899.7   -56.4219
────────────────────────────────────────────────────────────────────
  VDW rebuild: max drift 3.85 Å > threshold 1.00 Å

Building VDW (non-bonded) restraints...
  Symmetry expansion: 23 valid (symop, offset) combos
  Grid: [13, 13, 15], 2151/2535 cells occupied, max 108 entries/cell
  Built 139314 VDW restraints, 14251 symmetry contacts

────────────────────────────────────────────────────────────────────
  ADP Refinement
────────────────────────────────────────────────────────────────────

  adp (weight: 0.0200)
  ────────────────────────────────────────────────────────────────
    Metric                       Before      After     Change
    locality                    22668.6    22501.7  -166.8730
    scaler_U                     6576.0     6576.0     0.0000
    scaler_log_scale           145202.2   145202.2     0.0000
    sigd                         2648.5     2650.4    +1.8818
    simu                        11389.5    11338.4   -51.0674

  geometry (weight: 0.2000)
  ────────────────────────────────────────────────────────────────
    Metric                       Before      After     Change
    angle                      -15111.9   -15111.9     0.0000
    bond                       -11165.6   -11165.6     0.0000
    chiral                    -169.9044  -169.9044     0.0000
    nonbonded                  -37384.0   -37384.0     0.0000
    planarity                   -7787.8    -7787.8     0.0000
    torsion                      5489.3     5489.3     0.0000

  other (weight: 1.0000)
  ────────────────────────────────────────────────────────────────
    Metric                       Before      After     Change
    xray                       217899.7   217898.2    -1.5000

  Group Totals
  ────────────────────────────────────────────────────────────────
    Group                        Before      After     Change
    adp                          3769.7     3765.4    -4.3212
    geometry                   -13226.0   -13226.0     0.0000
    xray                       217899.7   217898.2    -1.5000
────────────────────────────────────────────────────────────────────

============================================================
LBFGS Refinement - Cycle 9/10
============================================================
Refining scales with LBFGS...
Scale refinement complete. rwork: 0.2126, rfree: 0.2415

Final Scale Parameters: 
  c_iso: tensor([ 1.1467,  1.2835,  0.3922, -0.1357,  0.0808, -0.0533])
  U: tensor([ 0.3262,  0.3292,  0.3550,  0.0053, -0.0059,  0.0064])
  solvent.log_k_solvent: -0.9343428015708923
  solvent.log_ss_half: -3.9926960468292236
  solvent.log_n_exp: 1.3683608770370483
  solvent.phase_offset: -0.002097582444548607
After scaling: Rwork=0.2126, Rfree=0.2415
  VDW rebuild: max drift 3.86 Å > threshold 1.00 Å

Building VDW (non-bonded) restraints...
  Symmetry expansion: 23 valid (symop, offset) combos
  Grid: [13, 13, 15], 2151/2535 cells occupied, max 108 entries/cell
  Built 139314 VDW restraints, 14251 symmetry contacts

────────────────────────────────────────────────────────────────────
  XYZ Refinement
────────────────────────────────────────────────────────────────────

  adp (weight: 0.0200)
  ────────────────────────────────────────────────────────────────
    Metric                       Before      After     Change
    locality                    22501.7    22501.7     0.0000
    scaler_U                     6607.1     6607.1     0.0000
    scaler_log_scale           145294.0   145294.0     0.0000
    sigd                         2650.4     2650.4     0.0000
    simu                        11338.4    11338.4     0.0000

  geometry (weight: 0.2000)
  ────────────────────────────────────────────────────────────────
    Metric                       Before      After     Change
    angle                      -15111.9   -15108.0    +3.8672
    bond                       -11165.6   -11172.5    -6.8662
    chiral                    -169.9044  -171.2522    -1.3478
    nonbonded                  -37384.0   -37382.1    +1.8516
    planarity                   -7787.8    -7783.4    +4.3965
    torsion                      5489.3     5492.2    +2.8970

  other (weight: 1.0000)
  ────────────────────────────────────────────────────────────────
    Metric                       Before      After     Change
    xray                       217919.3   217833.8   -85.4844

  Group Totals
  ────────────────────────────────────────────────────────────────
    Group                        Before      After     Change
    adp                          3767.8     3767.8     0.0000
    geometry                   -13226.0   -13225.0    +0.9600
    xray                       217919.3   217833.8   -85.4844
────────────────────────────────────────────────────────────────────
  VDW rebuild: max drift 3.86 Å > threshold 1.00 Å

Building VDW (non-bonded) restraints...
  Symmetry expansion: 23 valid (symop, offset) combos
  Grid: [13, 13, 15], 2151/2535 cells occupied, max 108 entries/cell
  Built 139314 VDW restraints, 14251 symmetry contacts

────────────────────────────────────────────────────────────────────
  ADP Refinement
────────────────────────────────────────────────────────────────────

  adp (weight: 0.0200)
  ────────────────────────────────────────────────────────────────
    Metric                       Before      After     Change
    locality                    22404.5    22164.8  -239.7188
    scaler_U                     6607.1     6607.1     0.0000
    scaler_log_scale           145294.0   145294.0     0.0000
    sigd                         2650.4     2650.9    +0.5188
    simu                        11338.4    11319.6   -18.8506

  geometry (weight: 0.2000)
  ────────────────────────────────────────────────────────────────
    Metric                       Before      After     Change
    angle                      -15108.0   -15108.0     0.0000
    bond                       -11172.5   -11172.5     0.0000
    chiral                    -171.2522  -171.2522     0.0000
    nonbonded                  -37382.1   -37382.1     0.0000
    planarity                   -7783.4    -7783.4     0.0000
    torsion                      5492.2     5492.2     0.0000

  other (weight: 1.0000)
  ────────────────────────────────────────────────────────────────
    Metric                       Before      After     Change
    xray                       217833.8   217840.7    +6.8438

  Group Totals
  ────────────────────────────────────────────────────────────────
    Group                        Before      After     Change
    adp                          3765.9     3760.7    -5.1610
    geometry                   -13225.0   -13225.0     0.0000
    xray                       217833.8   217840.7    +6.8438
────────────────────────────────────────────────────────────────────

============================================================
LBFGS Refinement - Cycle 10/10
============================================================
Refining scales with LBFGS...
Scale refinement complete. rwork: 0.2119, rfree: 0.2409

Final Scale Parameters: 
  c_iso: tensor([ 1.1680,  1.3094,  0.3995, -0.1354,  0.0813, -0.0531])
  U: tensor([ 0.3316,  0.3356,  0.3615,  0.0058, -0.0060,  0.0064])
  solvent.log_k_solvent: -0.9365608096122742
  solvent.log_ss_half: -3.993764638900757
  solvent.log_n_exp: 1.4010374546051025
  solvent.phase_offset: -0.0033852492924779654
After scaling: Rwork=0.2119, Rfree=0.2409
  VDW rebuild: max drift 3.92 Å > threshold 1.00 Å

Building VDW (non-bonded) restraints...
  Symmetry expansion: 23 valid (symop, offset) combos
  Grid: [13, 13, 15], 2151/2535 cells occupied, max 108 entries/cell
  Built 139314 VDW restraints, 14251 symmetry contacts

────────────────────────────────────────────────────────────────────
  XYZ Refinement
────────────────────────────────────────────────────────────────────

  adp (weight: 0.0200)
  ────────────────────────────────────────────────────────────────
    Metric                       Before      After     Change
    locality                    22164.8    22164.8     0.0000
    scaler_U                     6849.7     6849.7     0.0000
    scaler_log_scale           151107.6   151107.6     0.0000
    sigd                         2650.9     2650.9     0.0000
    simu                        11319.6    11319.6     0.0000

  geometry (weight: 0.2000)
  ────────────────────────────────────────────────────────────────
    Metric                       Before      After     Change
    angle                      -15108.0   -15115.1    -7.0312
    bond                       -11172.5   -11156.9   +15.5244
    chiral                    -171.2522  -170.6668    +0.5854
    nonbonded                  -37382.1   -37386.0    -3.8633
    planarity                   -7783.4    -7785.3    -1.8442
    torsion                      5492.2     5495.1    +2.8721

  other (weight: 1.0000)
  ────────────────────────────────────────────────────────────────
    Metric                       Before      After     Change
    xray                       217844.8   217769.8   -75.0312

  Group Totals
  ────────────────────────────────────────────────────────────────
    Group                        Before      After     Change
    adp                          3881.8     3881.8     0.0000
    geometry                   -13225.0   -13223.8    +1.2483
    xray                       217844.8   217769.8   -75.0312
────────────────────────────────────────────────────────────────────
  VDW rebuild: max drift 3.92 Å > threshold 1.00 Å

Building VDW (non-bonded) restraints...
  Symmetry expansion: 23 valid (symop, offset) combos
  Grid: [13, 13, 15], 2151/2535 cells occupied, max 108 entries/cell
  Built 139314 VDW restraints, 14251 symmetry contacts

────────────────────────────────────────────────────────────────────
  ADP Refinement
────────────────────────────────────────────────────────────────────

  adp (weight: 0.0200)
  ────────────────────────────────────────────────────────────────
    Metric                       Before      After     Change
    locality                    22105.4    21822.1  -283.2383
    scaler_U                     6849.7     6849.7     0.0000
    scaler_log_scale           151107.6   151107.6     0.0000
    sigd                         2650.9     2650.8    -0.1379
    simu                        11319.6    11238.9   -80.6816

  geometry (weight: 0.2000)
  ────────────────────────────────────────────────────────────────
    Metric                       Before      After     Change
    angle                      -15115.1   -15115.1     0.0000
    bond                       -11156.9   -11156.9     0.0000
    chiral                    -170.6668  -170.6668     0.0000
    nonbonded                  -37386.0   -37386.0     0.0000
    planarity                   -7785.3    -7785.3     0.0000
    torsion                      5495.1     5495.1     0.0000

  other (weight: 1.0000)
  ────────────────────────────────────────────────────────────────
    Metric                       Before      After     Change
    xray                       217769.8   217767.8    -2.0000

  Group Totals
  ────────────────────────────────────────────────────────────────
    Group                        Before      After     Change
    adp                          3880.7     3873.4    -7.2812
    geometry                   -13223.8   -13223.8     0.0000
    xray                       217769.8   217767.8    -2.0000
────────────────────────────────────────────────────────────────────
Calculating initial scale factors using 10 bins.
Refining scales with LBFGS...
Scale refinement complete. rwork: 0.2109, rfree: 0.2420

Final Scale Parameters: 
  c_iso: tensor([ 1.3687,  1.5697,  0.4601, -0.1341,  0.0807, -0.0522])
  U: tensor([ 0.3914,  0.3955,  0.4215,  0.0059, -0.0061,  0.0064])
  solvent.log_k_solvent: -0.9432745575904846
  solvent.log_ss_half: -4.028597831726074
  solvent.log_n_exp: 1.3117295503616333
  solvent.phase_offset: -0.004300129134207964

Refinement completed successfully.

Saving results to /das/work/units/LBR-FEL/p17490/Peter/Library/work_trees_torchref/alignement/alignment_lab/benchmarks/af_mr/runs/dmin4.0/3OC7/refine_torchref_mr...
  Refined structure (PDB): /das/work/units/LBR-FEL/p17490/Peter/Library/work_trees_torchref/alignement/alignment_lab/benchmarks/af_mr/runs/dmin4.0/3OC7/refine_torchref_mr/refined.pdb
  Refined structure (mmCIF): /das/work/units/LBR-FEL/p17490/Peter/Library/work_trees_torchref/alignement/alignment_lab/benchmarks/af_mr/runs/dmin4.0/3OC7/refine_torchref_mr/refined.cif
Added map coefficients:
  2Fo-Fc: FWT, PHWT
  Fo-Fc: DELFWT, PHDELWT
  Resolution range: 1.50 - 41.62 Å
✓ Wrote MTZ file: /das/work/units/LBR-FEL/p17490/Peter/Library/work_trees_torchref/alignement/alignment_lab/benchmarks/af_mr/runs/dmin4.0/3OC7/refine_torchref_mr/refined.mtz
  Reflections: 38836
  Columns: H, K, L, F-obs, SIGF-obs, R-free-flags, FWT, PHWT, DELFWT, PHDELWT, F-model, PH-model
  Refined structure factors: /das/work/units/LBR-FEL/p17490/Peter/Library/work_trees_torchref/alignement/alignment_lab/benchmarks/af_mr/runs/dmin4.0/3OC7/refine_torchref_mr/refined.mtz
  Refinement history: /das/work/units/LBR-FEL/p17490/Peter/Library/work_trees_torchref/alignement/alignment_lab/benchmarks/af_mr/runs/dmin4.0/3OC7/refine_torchref_mr/refinement_history.json

================================================================================
Refinement Summary
================================================================================
R-work:  0.2109 (38076 reflections)
R-free:  0.2420 (760 reflections)
NLL work: 217782.41
NLL test: 4453.37
================================================================================

Output files:
  - /das/work/units/LBR-FEL/p17490/Peter/Library/work_trees_torchref/alignement/alignment_lab/benchmarks/af_mr/runs/dmin4.0/3OC7/refine_torchref_mr/refined.pdb
  - /das/work/units/LBR-FEL/p17490/Peter/Library/work_trees_torchref/alignement/alignment_lab/benchmarks/af_mr/runs/dmin4.0/3OC7/refine_torchref_mr/refined.cif
  - /das/work/units/LBR-FEL/p17490/Peter/Library/work_trees_torchref/alignement/alignment_lab/benchmarks/af_mr/runs/dmin4.0/3OC7/refine_torchref_mr/refined.mtz
  - /das/work/units/LBR-FEL/p17490/Peter/Library/work_trees_torchref/alignement/alignment_lab/benchmarks/af_mr/runs/dmin4.0/3OC7/refine_torchref_mr/refinement_history.json

Refinement completed successfully!

Timing: 563.5s wall, 385.8s CPU
