/das/work/units/LBR-FEL/p17490/Peter/Library/work_trees_torchref/alignement/torchref/cli/refine.py:21: UserWarning: TorchRef using user-specified 8 threads from TORCHREF_NUM_THREADS.
  from torchref.cli._common import (
================================================================================
TorchRef LBFGS Refinement
================================================================================
Model:             /das/work/units/LBR-FEL/p17490/Peter/Library/work_trees_torchref/dev/paper/figure2_alphafold_start/placed/2Z1D_af.pdb
Structure factor:  /das/work/units/LBR-FEL/p17490/Peter/Library/work_trees_torchref/dev/paper/data/2Z1D/2Z1D.mtz
Output directory:  /das/work/units/LBR-FEL/p17490/Peter/Library/work_trees_torchref/alignement/alignment_lab/benchmarks/af_mr/runs/dmin4.0/2Z1D/refine_phaser_mr
Refinement mode:   separate
X-ray target:      ml
Refinement cycles: 10
Rigid-body step:   on (iterations/cutoff = 30)
Device:            auto
ADP mode:          isotropic
Wavelength:        1 A
Manual weights:    {"adp": 0.02}
================================================================================

Initializing refinement...
found non-finite F values (NaN/Inf):  0
found non-finite F_sigma values (NaN/Inf):  0
Wilson outlier rejection: 0/40781 (0.0000%) of tested reflections flagged (0 too strong, 0 too weak)
Loaded 5728 atoms
Building restraints...
Found 109 link definitions

Building VDW (non-bonded) restraints...
  Symmetry expansion: 21 valid (symop, offset) combos
  Grid: [7, 19, 13], 1322/1729 cells occupied, max 264 entries/cell
  Built 99711 VDW restraints, 5116 symmetry contacts
  Hydrogen topology: 5785 riding H atoms
  H candidate pairs: 248031 (61418 H-H, 186613 H-heavy, 11740 symmetry)
================================================================================
Restraints Summary
================================================================================
CIF file: None
Residue types in dictionary: 20

INTRA-RESIDUE RESTRAINTS:
--------------------------------------------------------------------------------
  Bonds: 5132
  Angles: 5706
  Torsions: 1554
  Planes: 1096
  Chirals: 884

INTER-RESIDUE RESTRAINTS:
--------------------------------------------------------------------------------
  Peptide bonds: 720
  Peptide angles: 2204
  Disulfide bonds: 4
  Disulfide angles: 8
  Disulfide torsions: 4
  LINK bonds: 0

BACKBONE TORSIONS:
--------------------------------------------------------------------------------
  Phi: 720
  Psi: 720
  Omega: 720
  Ramachandran: 714

VDW RESTRAINTS:
--------------------------------------------------------------------------------
  Non-bonded contacts: 99711 (94595 intra-ASU, 5116 symmetry)
================================================================================
Generated 5782 hydrogens
ADP representation: isotropic, 11510 parameters, 4.0 work reflections each
Initialized ScalerBase with 10 bins.
Building restraints...

Building VDW (non-bonded) restraints...
  Symmetry expansion: 21 valid (symop, offset) combos
  Grid: [7, 19, 13], 1409/1729 cells occupied, max 456 entries/cell
  Built 428567 VDW restraints, 24104 symmetry contacts
================================================================================
Restraints Summary
================================================================================
CIF file: None
Residue types in dictionary: 20

INTRA-RESIDUE RESTRAINTS:
--------------------------------------------------------------------------------
  Bonds: 10914
  Angles: 18210
  Torsions: 2290
  Planes: 1882
  Chirals: 884

INTER-RESIDUE RESTRAINTS:
--------------------------------------------------------------------------------
  Peptide bonds: 720
  Peptide angles: 2880
  Disulfide bonds: 4
  Disulfide angles: 8
  Disulfide torsions: 4
  LINK bonds: 0

BACKBONE TORSIONS:
--------------------------------------------------------------------------------
  Phi: 720
  Psi: 720
  Omega: 720
  Ramachandran: 714

VDW RESTRAINTS:
--------------------------------------------------------------------------------
  Non-bonded contacts: 428567 (404463 intra-ASU, 24104 symmetry)
================================================================================
Initializing TotalGeometryTarget with component targets...
Initializing TotalADPTarget with component targets: simu, locality, sigd
Parametrization built for 5 unique atom types
SfFFT: Using late symmetry (reciprocal space)
Calculating initial scale factors using 10 bins.
Refining scales with LBFGS...
Scale refinement complete. rwork: 0.3299, rfree: 0.3221

Final Scale Parameters: 
  c_iso: tensor([8.8994e-01, 1.4292e+00, 2.7820e-01, 4.8173e-02, 1.3470e-03, 6.9243e-02])
  U: tensor([ 0.5136,  0.5222,  0.6646,  0.0045,  0.0079, -0.0052])
  solvent.log_k_solvent: -1.0116474628448486
  solvent.log_ss_half: -3.9814250469207764
  solvent.log_n_exp: 1.2979555130004883
  solvent.phase_offset: 0.022689664736390114
Initialized targets with xray_mode='ml'
Applied manual group weights: {'xray': 1.0, 'geometry': 0.2, 'geometry/ramachandran': 0.0, 'adp': 0.02, 'adp/sigd': 1.0, 'adp/node_load': 10.0, 'adp/node_smoothness': 0.0}
Refinement initialized successfully.

Starting refinement with 10 macro cycles...

Rigid-body step enabled: one multi-resolution rigid-body pass will run once at the start of refinement.


--- Rigid-body step (once, at start) ---
Switched to rigid-body parametrization: RigidXYZTensor(n_atoms=11510, n_chains=4) (4 chain(s))
Filtering: 1968/47451 reflections in range [inf - 6.0] Å (1968 valid after all masks)
Initialized ScalerBase with 10 bins.
Calculating initial scale factors using 10 bins.
Calculating initial scale factors using 10 bins.
Refining scales with LBFGS...
Scale refinement complete. rwork: 0.3205, rfree: 0.3106

Final Scale Parameters: 
  c_iso: tensor([-0.1095,  0.0230, -0.2645,  0.2028,  0.0606,  0.0365])
  U: tensor([ 0.8259,  0.6484,  0.9696, -0.0315,  0.0481, -0.0782])
  solvent.log_k_solvent: -1.0676449537277222
  solvent.log_ss_half: -3.915755033493042
  solvent.log_n_exp: 1.6430137157440186
  solvent.phase_offset: 0.016305554658174515
  rigid-body d_min=6.00 (lbfgs, iters=30): Rwork=0.3495 Rfree=0.3891
Filtering: 9675/47451 reflections in range [inf - 3.524624305345954] Å (9675 valid after all masks)
Initialized ScalerBase with 10 bins.
Calculating initial scale factors using 10 bins.
Calculating initial scale factors using 10 bins.
Refining scales with LBFGS...
Scale refinement complete. rwork: 0.2884, rfree: 0.2816

Final Scale Parameters: 
  c_iso: tensor([ 2.0881,  1.5726, -2.6629, -2.1492, -0.9754, -0.0934])
  U: tensor([ 2.9997,  3.0181,  3.1439,  0.0117, -0.0100, -0.0196])
  solvent.log_k_solvent: -1.1683650016784668
  solvent.log_ss_half: -5.388563632965088
  solvent.log_n_exp: 0.24964480102062225
  solvent.phase_offset: 0.015636306256055832
  rigid-body d_min=3.52 (lbfgs, iters=30): Rwork=0.2916 Rfree=0.2971
Filtering: 47451/47451 reflections in range [inf - 2.070496082305908] Å (47451 valid after all masks)
Initialized ScalerBase with 10 bins.
Calculating initial scale factors using 10 bins.
Calculating initial scale factors using 10 bins.
Refining scales with LBFGS...
Scale refinement complete. rwork: 0.3287, rfree: 0.3230

Final Scale Parameters: 
  c_iso: tensor([8.9334e-01, 1.4384e+00, 2.7705e-01, 5.0073e-02, 2.9498e-05, 6.9287e-02])
  U: tensor([ 0.5166,  0.5242,  0.6685,  0.0053,  0.0072, -0.0056])
  solvent.log_k_solvent: -1.0135228633880615
  solvent.log_ss_half: -3.97985577583313
  solvent.log_n_exp: 1.2909245491027832
  solvent.phase_offset: 0.018185457214713097
  rigid-body d_min=2.07 (lbfgs, iters=30): Rwork=0.3309 Rfree=0.3267
Initialized ScalerBase with 10 bins.
Calculating initial scale factors using 10 bins.
Calculating initial scale factors using 10 bins.
Refining scales with LBFGS...
Scale refinement complete. rwork: 0.3281, rfree: 0.3192

Final Scale Parameters: 
  c_iso: tensor([ 9.2049e-01,  1.4752e+00,  2.8444e-01,  5.0640e-02, -1.6461e-04,
         7.0148e-02])
  U: tensor([ 0.5318,  0.5388,  0.6828,  0.0049,  0.0077, -0.0046])
  solvent.log_k_solvent: -1.0158721208572388
  solvent.log_ss_half: -3.989224672317505
  solvent.log_n_exp: 1.287409782409668
  solvent.phase_offset: 0.017081167548894882
Initialized ScalerBase with 10 bins.
Calculating initial scale factors using 10 bins.
Calculating initial scale factors using 10 bins.
Refining scales with LBFGS...
Scale refinement complete. rwork: 0.3281, rfree: 0.3190

Final Scale Parameters: 
  c_iso: tensor([0.8477, 1.3669, 0.2694, 0.0444, 0.0027, 0.0682])
  U: tensor([ 0.4888,  0.4957,  0.6398,  0.0049,  0.0077, -0.0047])
  solvent.log_k_solvent: -1.0068864822387695
  solvent.log_ss_half: -3.9641971588134766
  solvent.log_n_exp: 1.3366270065307617
  solvent.phase_offset: 0.018636271357536316

============================================================
LBFGS Refinement - Cycle 1/10
============================================================
Refining scales with LBFGS...
Scale refinement complete. rwork: 0.3281, rfree: 0.3191

Final Scale Parameters: 
  c_iso: tensor([8.9364e-01, 1.4378e+00, 2.7789e-01, 4.9276e-02, 3.1078e-04, 6.9730e-02])
  U: tensor([ 0.5164,  0.5234,  0.6673,  0.0049,  0.0076, -0.0046])
  solvent.log_k_solvent: -1.0132372379302979
  solvent.log_ss_half: -3.979063034057617
  solvent.log_n_exp: 1.3119350671768188
  solvent.phase_offset: 0.017814451828598976
After scaling: Rwork=0.3281, Rfree=0.3191
  VDW rebuild: max drift 3.05 Å > threshold 1.00 Å

Building VDW (non-bonded) restraints...
  Symmetry expansion: 21 valid (symop, offset) combos
  Grid: [7, 19, 13], 1409/1729 cells occupied, max 456 entries/cell
  Built 428567 VDW restraints, 24104 symmetry contacts

────────────────────────────────────────────────────────────────────
  XYZ Refinement
────────────────────────────────────────────────────────────────────

  adp (weight: 0.0200)
  ────────────────────────────────────────────────────────────────
    Metric                       Before      After     Change
    locality                     2032.9     2032.9     0.0000
    scaler_U                    23045.9    23045.9     0.0000
    scaler_log_scale           649871.8   649871.8     0.0000
    sigd                         7414.1     7414.1     0.0000
    simu                        19285.9    19285.9     0.0000

  geometry (weight: 0.2000)
  ────────────────────────────────────────────────────────────────
    Metric                       Before      After     Change
    angle                      -47854.8   -51323.4    -3468.6
    bond                       -35981.8   -38340.5    -2358.7
    chiral                    -482.6459  -569.1146   -86.4688
    nonbonded                  -89125.9  -112930.5   -23804.6
    planarity                  -22457.2   -23115.2  -657.9785
    torsion                     14054.7    14127.9   +73.1885

  other (weight: 1.0000)
  ────────────────────────────────────────────────────────────────
    Metric                       Before      After     Change
    xray                       255256.0   251896.9    -3359.0

  Group Totals
  ────────────────────────────────────────────────────────────────
    Group                        Before      After     Change
    adp                         14033.0    14033.0     0.0000
    geometry                   -36369.5   -42430.1    -6060.6
    xray                       255256.0   251896.9    -3359.0
────────────────────────────────────────────────────────────────────
  VDW rebuild: max drift 3.05 Å > threshold 1.00 Å

Building VDW (non-bonded) restraints...
  Symmetry expansion: 21 valid (symop, offset) combos
  Grid: [7, 19, 13], 1409/1729 cells occupied, max 456 entries/cell
  Built 428567 VDW restraints, 24104 symmetry contacts

────────────────────────────────────────────────────────────────────
  ADP Refinement
────────────────────────────────────────────────────────────────────

  adp (weight: 0.0200)
  ────────────────────────────────────────────────────────────────
    Metric                       Before      After     Change
    locality                     2041.6    24323.9   +22282.4
    scaler_U                    23045.9    23045.9     0.0000
    scaler_log_scale           649871.8   649871.8     0.0000
    sigd                         7414.1     7620.2  +206.0840
    simu                        19285.9    33349.4   +14063.4

  geometry (weight: 0.2000)
  ────────────────────────────────────────────────────────────────
    Metric                       Before      After     Change
    angle                      -51323.4   -51323.4     0.0000
    bond                       -38340.5   -38340.5     0.0000
    chiral                    -569.1146  -569.1146     0.0000
    nonbonded                 -112930.5  -112930.5     0.0000
    planarity                  -23115.2   -23115.2     0.0000
    torsion                     14127.9    14127.9     0.0000

  other (weight: 1.0000)
  ────────────────────────────────────────────────────────────────
    Metric                       Before      After     Change
    xray                       251896.9   246400.3    -5496.6

  Group Totals
  ────────────────────────────────────────────────────────────────
    Group                        Before      After     Change
    adp                         14033.2    14764.2  +731.0376
    geometry                   -42430.1   -42430.1     0.0000
    xray                       251896.9   246400.3    -5496.6
────────────────────────────────────────────────────────────────────

============================================================
LBFGS Refinement - Cycle 2/10
============================================================
Refining scales with LBFGS...
Scale refinement complete. rwork: 0.2658, rfree: 0.2893

Final Scale Parameters: 
  c_iso: tensor([0.5405, 0.9774, 0.1602, 0.0268, 0.0204, 0.0656])
  U: tensor([ 0.3234,  0.3235,  0.4682,  0.0048,  0.0083, -0.0060])
  solvent.log_k_solvent: -1.0122733116149902
  solvent.log_ss_half: -3.880298614501953
  solvent.log_n_exp: 1.4329956769943237
  solvent.phase_offset: 0.02673548460006714
After scaling: Rwork=0.2658, Rfree=0.2893
  VDW rebuild: max drift 2.52 Å > threshold 1.00 Å

Building VDW (non-bonded) restraints...
  Symmetry expansion: 21 valid (symop, offset) combos
  Grid: [7, 19, 13], 1409/1729 cells occupied, max 456 entries/cell
  Built 428567 VDW restraints, 24104 symmetry contacts

────────────────────────────────────────────────────────────────────
  XYZ Refinement
────────────────────────────────────────────────────────────────────

  adp (weight: 0.0200)
  ────────────────────────────────────────────────────────────────
    Metric                       Before      After     Change
    locality                    24323.9    24323.9     0.0000
    scaler_U                     9834.3     9834.3     0.0000
    scaler_log_scale           270602.7   270602.7     0.0000
    sigd                         7620.2     7620.2     0.0000
    simu                        33349.4    33349.4     0.0000

  geometry (weight: 0.2000)
  ────────────────────────────────────────────────────────────────
    Metric                       Before      After     Change
    angle                      -51323.4   -51934.6  -611.1797
    bond                       -38340.5   -38723.4  -382.9297
    chiral                    -569.1146  -566.9877    +2.1269
    nonbonded                 -112930.5  -112818.0  +112.5000
    planarity                  -23115.2   -23204.7   -89.4844
    torsion                     14127.9    14137.0    +9.0791

  other (weight: 1.0000)
  ────────────────────────────────────────────────────────────────
    Metric                       Before      After     Change
    xray                       246433.2   244211.0    -2222.2

  Group Totals
  ────────────────────────────────────────────────────────────────
    Group                        Before      After     Change
    adp                          6914.6     6914.6     0.0000
    geometry                   -42430.1   -42622.1  -191.9772
    xray                       246433.2   244211.0    -2222.2
────────────────────────────────────────────────────────────────────
  VDW rebuild: max drift 2.52 Å > threshold 1.00 Å

Building VDW (non-bonded) restraints...
  Symmetry expansion: 21 valid (symop, offset) combos
  Grid: [7, 19, 13], 1409/1729 cells occupied, max 456 entries/cell
  Built 428567 VDW restraints, 24104 symmetry contacts

────────────────────────────────────────────────────────────────────
  ADP Refinement
────────────────────────────────────────────────────────────────────

  adp (weight: 0.0200)
  ────────────────────────────────────────────────────────────────
    Metric                       Before      After     Change
    locality                    24284.7    30655.0    +6370.3
    scaler_U                     9834.3     9834.3     0.0000
    scaler_log_scale           270602.7   270602.7     0.0000
    sigd                         7620.2     7661.1   +40.8428
    simu                        33349.4    38353.9    +5004.5

  geometry (weight: 0.2000)
  ────────────────────────────────────────────────────────────────
    Metric                       Before      After     Change
    angle                      -51934.6   -51934.6     0.0000
    bond                       -38723.4   -38723.4     0.0000
    chiral                    -566.9877  -566.9877     0.0000
    nonbonded                 -112818.0  -112818.0     0.0000
    planarity                  -23204.7   -23204.7     0.0000
    torsion                     14137.0    14137.0     0.0000

  other (weight: 1.0000)
  ────────────────────────────────────────────────────────────────
    Metric                       Before      After     Change
    xray                       244211.0   243773.8  -437.2188

  Group Totals
  ────────────────────────────────────────────────────────────────
    Group                        Before      After     Change
    adp                          6913.8     7142.1  +228.3118
    geometry                   -42622.1   -42622.1     0.0000
    xray                       244211.0   243773.8  -437.2188
────────────────────────────────────────────────────────────────────

============================================================
LBFGS Refinement - Cycle 3/10
============================================================
Refining scales with LBFGS...
Scale refinement complete. rwork: 0.2471, rfree: 0.2799

Final Scale Parameters: 
  c_iso: tensor([0.4631, 0.8536, 0.1478, 0.0169, 0.0304, 0.0642])
  U: tensor([ 0.2752,  0.2732,  0.4195,  0.0046,  0.0084, -0.0068])
  solvent.log_k_solvent: -1.0074267387390137
  solvent.log_ss_half: -3.8401076793670654
  solvent.log_n_exp: 1.5057145357131958
  solvent.phase_offset: 0.02601345255970955
After scaling: Rwork=0.2471, Rfree=0.2799
  VDW rebuild: max drift 2.87 Å > threshold 1.00 Å

Building VDW (non-bonded) restraints...
  Symmetry expansion: 21 valid (symop, offset) combos
  Grid: [7, 19, 13], 1409/1729 cells occupied, max 456 entries/cell
  Built 428567 VDW restraints, 24104 symmetry contacts

────────────────────────────────────────────────────────────────────
  XYZ Refinement
────────────────────────────────────────────────────────────────────

  adp (weight: 0.0200)
  ────────────────────────────────────────────────────────────────
    Metric                       Before      After     Change
    locality                    30655.0    30655.0     0.0000
    scaler_U                     7409.3     7409.3     0.0000
    scaler_log_scale           205858.5   205858.5     0.0000
    sigd                         7661.1     7661.1     0.0000
    simu                        38353.9    38353.9     0.0000

  geometry (weight: 0.2000)
  ────────────────────────────────────────────────────────────────
    Metric                       Before      After     Change
    angle                      -51934.6   -52017.9   -83.3008
    bond                       -38723.4   -38706.6   +16.8242
    chiral                    -566.9877  -567.7612    -0.7734
    nonbonded                 -112818.0  -113136.2  -318.1641
    planarity                  -23204.7   -23247.1   -42.3750
    torsion                     14137.0    14153.4   +16.4141

  other (weight: 1.0000)
  ────────────────────────────────────────────────────────────────
    Metric                       Before      After     Change
    xray                       243740.2   242862.8  -877.4375

  Group Totals
  ────────────────────────────────────────────────────────────────
    Group                        Before      After     Change
    adp                          5798.8     5798.8     0.0000
    geometry                   -42622.1   -42704.4   -82.2751
    xray                       243740.2   242862.8  -877.4375
────────────────────────────────────────────────────────────────────
  VDW rebuild: max drift 2.87 Å > threshold 1.00 Å

Building VDW (non-bonded) restraints...
  Symmetry expansion: 21 valid (symop, offset) combos
  Grid: [7, 19, 13], 1409/1729 cells occupied, max 456 entries/cell
  Built 428567 VDW restraints, 24104 symmetry contacts

────────────────────────────────────────────────────────────────────
  ADP Refinement
────────────────────────────────────────────────────────────────────

  adp (weight: 0.0200)
  ────────────────────────────────────────────────────────────────
    Metric                       Before      After     Change
    locality                    30610.0    30785.8  +175.7930
    scaler_U                     7409.3     7409.3     0.0000
    scaler_log_scale           205858.5   205858.5     0.0000
    sigd                         7661.1     7655.6    -5.4893
    simu                        38353.9    38612.9  +258.9922

  geometry (weight: 0.2000)
  ────────────────────────────────────────────────────────────────
    Metric                       Before      After     Change
    angle                      -52017.9   -52017.9     0.0000
    bond                       -38706.6   -38706.6     0.0000
    chiral                    -567.7612  -567.7612     0.0000
    nonbonded                 -113136.2  -113136.2     0.0000
    planarity                  -23247.1   -23247.1     0.0000
    torsion                     14153.4    14153.4     0.0000

  other (weight: 1.0000)
  ────────────────────────────────────────────────────────────────
    Metric                       Before      After     Change
    xray                       242862.8   242807.8   -55.0156

  Group Totals
  ────────────────────────────────────────────────────────────────
    Group                        Before      After     Change
    adp                          5797.9     5806.4    +8.5860
    geometry                   -42704.4   -42704.4     0.0000
    xray                       242862.8   242807.8   -55.0156
────────────────────────────────────────────────────────────────────

============================================================
LBFGS Refinement - Cycle 4/10
============================================================
Refining scales with LBFGS...
Scale refinement complete. rwork: 0.2413, rfree: 0.2782

Final Scale Parameters: 
  c_iso: tensor([0.4643, 0.8534, 0.1528, 0.0181, 0.0322, 0.0638])
  U: tensor([ 0.2758,  0.2741,  0.4204,  0.0042,  0.0086, -0.0076])
  solvent.log_k_solvent: -1.0100557804107666
  solvent.log_ss_half: -3.827150344848633
  solvent.log_n_exp: 1.5046943426132202
  solvent.phase_offset: 0.027082962915301323
After scaling: Rwork=0.2413, Rfree=0.2782
  VDW rebuild: max drift 2.63 Å > threshold 1.00 Å

Building VDW (non-bonded) restraints...
  Symmetry expansion: 21 valid (symop, offset) combos
  Grid: [7, 19, 13], 1409/1729 cells occupied, max 456 entries/cell
  Built 428567 VDW restraints, 24104 symmetry contacts

────────────────────────────────────────────────────────────────────
  XYZ Refinement
────────────────────────────────────────────────────────────────────

  adp (weight: 0.0200)
  ────────────────────────────────────────────────────────────────
    Metric                       Before      After     Change
    locality                    30785.8    30785.8     0.0000
    scaler_U                     7445.8     7445.8     0.0000
    scaler_log_scale           208110.3   208110.3     0.0000
    sigd                         7655.6     7655.6     0.0000
    simu                        38612.9    38612.9     0.0000

  geometry (weight: 0.2000)
  ────────────────────────────────────────────────────────────────
    Metric                       Before      After     Change
    angle                      -52017.9   -52149.5  -131.6289
    bond                       -38706.6   -38794.6   -88.0703
    chiral                    -567.7612  -568.0381    -0.2770
    nonbonded                 -113136.2  -113034.7  +101.5000
    planarity                  -23247.1   -23267.5   -20.4336
    torsion                     14153.4    14148.6    -4.8359

  other (weight: 1.0000)
  ────────────────────────────────────────────────────────────────
    Metric                       Before      After     Change
    xray                       242844.0   242540.1  -303.9688

  Group Totals
  ────────────────────────────────────────────────────────────────
    Group                        Before      After     Change
    adp                          5852.2     5852.2     0.0000
    geometry                   -42704.4   -42733.1   -28.7483
    xray                       242844.0   242540.1  -303.9688
────────────────────────────────────────────────────────────────────
  VDW rebuild: max drift 2.63 Å > threshold 1.00 Å

Building VDW (non-bonded) restraints...
  Symmetry expansion: 21 valid (symop, offset) combos
  Grid: [7, 19, 13], 1409/1729 cells occupied, max 456 entries/cell
  Built 428567 VDW restraints, 24104 symmetry contacts

────────────────────────────────────────────────────────────────────
  ADP Refinement
────────────────────────────────────────────────────────────────────

  adp (weight: 0.0200)
  ────────────────────────────────────────────────────────────────
    Metric                       Before      After     Change
    locality                    30746.1    30242.9  -503.1133
    scaler_U                     7445.8     7445.8     0.0000
    scaler_log_scale           208110.3   208110.3     0.0000
    sigd                         7655.6     7653.9    -1.6963
    simu                        38612.9    38223.9  -389.0039

  geometry (weight: 0.2000)
  ────────────────────────────────────────────────────────────────
    Metric                       Before      After     Change
    angle                      -52149.5   -52149.5     0.0000
    bond                       -38794.6   -38794.6     0.0000
    chiral                    -568.0381  -568.0381     0.0000
    nonbonded                 -113034.7  -113034.7     0.0000
    planarity                  -23267.5   -23267.5     0.0000
    torsion                     14148.6    14148.6     0.0000

  other (weight: 1.0000)
  ────────────────────────────────────────────────────────────────
    Metric                       Before      After     Change
    xray                       242540.1   242557.8   +17.7812

  Group Totals
  ────────────────────────────────────────────────────────────────
    Group                        Before      After     Change
    adp                          5851.4     5833.5   -17.8763
    geometry                   -42733.1   -42733.1     0.0000
    xray                       242540.1   242557.8   +17.7812
────────────────────────────────────────────────────────────────────

============================================================
LBFGS Refinement - Cycle 5/10
============================================================
Refining scales with LBFGS...
Scale refinement complete. rwork: 0.2392, rfree: 0.2755

Final Scale Parameters: 
  c_iso: tensor([0.4680, 0.8488, 0.1583, 0.0147, 0.0339, 0.0630])
  U: tensor([ 0.2779,  0.2764,  0.4232,  0.0042,  0.0088, -0.0084])
  solvent.log_k_solvent: -1.0087045431137085
  solvent.log_ss_half: -3.8250324726104736
  solvent.log_n_exp: 1.5051288604736328
  solvent.phase_offset: 0.023362688720226288
After scaling: Rwork=0.2392, Rfree=0.2755
  VDW rebuild: max drift 2.86 Å > threshold 1.00 Å

Building VDW (non-bonded) restraints...
  Symmetry expansion: 21 valid (symop, offset) combos
  Grid: [7, 19, 13], 1409/1729 cells occupied, max 456 entries/cell
  Built 428567 VDW restraints, 24104 symmetry contacts

────────────────────────────────────────────────────────────────────
  XYZ Refinement
────────────────────────────────────────────────────────────────────

  adp (weight: 0.0200)
  ────────────────────────────────────────────────────────────────
    Metric                       Before      After     Change
    locality                    30242.9    30242.9     0.0000
    scaler_U                     7557.6     7557.6     0.0000
    scaler_log_scale           208948.9   208948.9     0.0000
    sigd                         7653.9     7653.9     0.0000
    simu                        38223.9    38223.9     0.0000

  geometry (weight: 0.2000)
  ────────────────────────────────────────────────────────────────
    Metric                       Before      After     Change
    angle                      -52149.5   -52212.9   -63.4102
    bond                       -38794.6   -38819.1   -24.5000
    chiral                    -568.0381  -570.0293    -1.9911
    nonbonded                 -113034.7  -113163.3  -128.6719
    planarity                  -23267.5   -23280.5   -12.9941
    torsion                     14148.6    14150.5    +1.9150

  other (weight: 1.0000)
  ────────────────────────────────────────────────────────────────
    Metric                       Before      After     Change
    xray                       242588.3   242377.1  -211.2031

  Group Totals
  ────────────────────────────────────────────────────────────────
    Group                        Before      After     Change
    adp                          5852.5     5852.5     0.0000
    geometry                   -42733.1   -42779.1   -45.9307
    xray                       242588.3   242377.1  -211.2031
────────────────────────────────────────────────────────────────────
  VDW rebuild: max drift 2.86 Å > threshold 1.00 Å

Building VDW (non-bonded) restraints...
  Symmetry expansion: 21 valid (symop, offset) combos
  Grid: [7, 19, 13], 1409/1729 cells occupied, max 456 entries/cell
  Built 428567 VDW restraints, 24104 symmetry contacts

────────────────────────────────────────────────────────────────────
  ADP Refinement
────────────────────────────────────────────────────────────────────

  adp (weight: 0.0200)
  ────────────────────────────────────────────────────────────────
    Metric                       Before      After     Change
    locality                    30213.5    30147.6   -65.9531
    scaler_U                     7557.6     7557.6     0.0000
    scaler_log_scale           208948.9   208948.9     0.0000
    sigd                         7653.9     7651.7    -2.1748
    simu                        38223.9    38240.4   +16.5039

  geometry (weight: 0.2000)
  ────────────────────────────────────────────────────────────────
    Metric                       Before      After     Change
    angle                      -52212.9   -52212.9     0.0000
    bond                       -38819.1   -38819.1     0.0000
    chiral                    -570.0293  -570.0293     0.0000
    nonbonded                 -113163.3  -113163.3     0.0000
    planarity                  -23280.5   -23280.5     0.0000
    torsion                     14150.5    14150.5     0.0000

  other (weight: 1.0000)
  ────────────────────────────────────────────────────────────────
    Metric                       Before      After     Change
    xray                       242377.1   242383.9    +6.7969

  Group Totals
  ────────────────────────────────────────────────────────────────
    Group                        Before      After     Change
    adp                          5852.0     5850.9    -1.0325
    geometry                   -42779.1   -42779.1     0.0000
    xray                       242377.1   242383.9    +6.7969
────────────────────────────────────────────────────────────────────

============================================================
LBFGS Refinement - Cycle 6/10
============================================================
Refining scales with LBFGS...
Scale refinement complete. rwork: 0.2385, rfree: 0.2752

Final Scale Parameters: 
  c_iso: tensor([0.4680, 0.8485, 0.1596, 0.0142, 0.0344, 0.0637])
  U: tensor([ 0.2793,  0.2782,  0.4249,  0.0041,  0.0091, -0.0089])
  solvent.log_k_solvent: -1.0082417726516724
  solvent.log_ss_half: -3.8274521827697754
  solvent.log_n_exp: 1.5060174465179443
  solvent.phase_offset: 0.025642065331339836
After scaling: Rwork=0.2385, Rfree=0.2752
  VDW rebuild: max drift 2.73 Å > threshold 1.00 Å

Building VDW (non-bonded) restraints...
  Symmetry expansion: 21 valid (symop, offset) combos
  Grid: [7, 19, 13], 1409/1729 cells occupied, max 456 entries/cell
  Built 428567 VDW restraints, 24104 symmetry contacts

────────────────────────────────────────────────────────────────────
  XYZ Refinement
────────────────────────────────────────────────────────────────────

  adp (weight: 0.0200)
  ────────────────────────────────────────────────────────────────
    Metric                       Before      After     Change
    locality                    30147.6    30147.6     0.0000
    scaler_U                     7631.4     7631.4     0.0000
    scaler_log_scale           209313.1   209313.1     0.0000
    sigd                         7651.7     7651.7     0.0000
    simu                        38240.4    38240.4     0.0000

  geometry (weight: 0.2000)
  ────────────────────────────────────────────────────────────────
    Metric                       Before      After     Change
    angle                      -52212.9   -52197.3   +15.6406
    bond                       -38819.1   -38817.7    +1.4648
    chiral                    -570.0293  -568.6478    +1.3815
    nonbonded                 -113163.3  -113083.3   +80.0156
    planarity                  -23280.5   -23281.2    -0.7598
    torsion                     14150.5    14153.7    +3.1719

  other (weight: 1.0000)
  ────────────────────────────────────────────────────────────────
    Metric                       Before      After     Change
    xray                       242430.7   242317.1  -113.6562

  Group Totals
  ────────────────────────────────────────────────────────────────
    Group                        Before      After     Change
    adp                          5859.7     5859.7     0.0000
    geometry                   -42779.1   -42758.9   +20.1835
    xray                       242430.7   242317.1  -113.6562
────────────────────────────────────────────────────────────────────
  VDW rebuild: max drift 2.73 Å > threshold 1.00 Å

Building VDW (non-bonded) restraints...
  Symmetry expansion: 21 valid (symop, offset) combos
  Grid: [7, 19, 13], 1409/1729 cells occupied, max 456 entries/cell
  Built 428567 VDW restraints, 24104 symmetry contacts

────────────────────────────────────────────────────────────────────
  ADP Refinement
────────────────────────────────────────────────────────────────────

  adp (weight: 0.0200)
  ────────────────────────────────────────────────────────────────
    Metric                       Before      After     Change
    locality                    30125.9    29821.4  -304.4844
    scaler_U                     7631.4     7631.4     0.0000
    scaler_log_scale           209313.1   209313.1     0.0000
    sigd                         7651.7     7651.0    -0.7197
    simu                        38240.4    37885.9  -354.4258

  geometry (weight: 0.2000)
  ────────────────────────────────────────────────────────────────
    Metric                       Before      After     Change
    angle                      -52197.3   -52197.3     0.0000
    bond                       -38817.7   -38817.7     0.0000
    chiral                    -568.6478  -568.6478     0.0000
    nonbonded                 -113083.3  -113083.3     0.0000
    planarity                  -23281.2   -23281.2     0.0000
    torsion                     14153.7    14153.7     0.0000

  other (weight: 1.0000)
  ────────────────────────────────────────────────────────────────
    Metric                       Before      After     Change
    xray                       242317.1   242347.3   +30.2500

  Group Totals
  ────────────────────────────────────────────────────────────────
    Group                        Before      After     Change
    adp                          5859.2     5846.1   -13.1926
    geometry                   -42758.9   -42758.9     0.0000
    xray                       242317.1   242347.3   +30.2500
────────────────────────────────────────────────────────────────────

============================================================
LBFGS Refinement - Cycle 7/10
============================================================
Refining scales with LBFGS...
Scale refinement complete. rwork: 0.2375, rfree: 0.2754

Final Scale Parameters: 
  c_iso: tensor([0.4721, 0.8477, 0.1637, 0.0121, 0.0355, 0.0633])
  U: tensor([ 0.2822,  0.2813,  0.4282,  0.0041,  0.0092, -0.0093])
  solvent.log_k_solvent: -1.0076862573623657
  solvent.log_ss_half: -3.8269107341766357
  solvent.log_n_exp: 1.5085562467575073
  solvent.phase_offset: 0.022840840741991997
After scaling: Rwork=0.2375, Rfree=0.2754
  VDW rebuild: max drift 2.91 Å > threshold 1.00 Å

Building VDW (non-bonded) restraints...
  Symmetry expansion: 21 valid (symop, offset) combos
  Grid: [7, 19, 13], 1409/1729 cells occupied, max 456 entries/cell
  Built 428567 VDW restraints, 24104 symmetry contacts

────────────────────────────────────────────────────────────────────
  XYZ Refinement
────────────────────────────────────────────────────────────────────

  adp (weight: 0.0200)
  ────────────────────────────────────────────────────────────────
    Metric                       Before      After     Change
    locality                    29821.4    29821.4     0.0000
    scaler_U                     7778.7     7778.7     0.0000
    scaler_log_scale           211066.6   211066.6     0.0000
    sigd                         7651.0     7651.0     0.0000
    simu                        37885.9    37885.9     0.0000

  geometry (weight: 0.2000)
  ────────────────────────────────────────────────────────────────
    Metric                       Before      After     Change
    angle                      -52197.3   -52248.0   -50.6836
    bond                       -38817.7   -38837.4   -19.7539
    chiral                    -568.6478  -570.6401    -1.9923
    nonbonded                 -113083.3  -113169.0   -85.6797
    planarity                  -23281.2   -23289.0    -7.7266
    torsion                     14153.7    14155.4    +1.6943

  other (weight: 1.0000)
  ────────────────────────────────────────────────────────────────
    Metric                       Before      After     Change
    xray                       242372.2   242278.6   -93.5469

  Group Totals
  ────────────────────────────────────────────────────────────────
    Group                        Before      After     Change
    adp                          5884.1     5884.1     0.0000
    geometry                   -42758.9   -42791.7   -32.8291
    xray                       242372.2   242278.6   -93.5469
────────────────────────────────────────────────────────────────────
  VDW rebuild: max drift 2.91 Å > threshold 1.00 Å

Building VDW (non-bonded) restraints...
  Symmetry expansion: 21 valid (symop, offset) combos
  Grid: [7, 19, 13], 1409/1729 cells occupied, max 456 entries/cell
  Built 428567 VDW restraints, 24104 symmetry contacts

────────────────────────────────────────────────────────────────────
  ADP Refinement
────────────────────────────────────────────────────────────────────

  adp (weight: 0.0200)
  ────────────────────────────────────────────────────────────────
    Metric                       Before      After     Change
    locality                    29803.4    29593.3  -210.1504
    scaler_U                     7778.7     7778.7     0.0000
    scaler_log_scale           211066.6   211066.6     0.0000
    sigd                         7651.0     7649.1    -1.9277
    simu                        37885.9    37767.8  -118.1016

  geometry (weight: 0.2000)
  ────────────────────────────────────────────────────────────────
    Metric                       Before      After     Change
    angle                      -52248.0   -52248.0     0.0000
    bond                       -38837.4   -38837.4     0.0000
    chiral                    -570.6401  -570.6401     0.0000
    nonbonded                 -113169.0  -113169.0     0.0000
    planarity                  -23289.0   -23289.0     0.0000
    torsion                     14155.4    14155.4     0.0000

  other (weight: 1.0000)
  ────────────────────────────────────────────────────────────────
    Metric                       Before      After     Change
    xray                       242278.6   242300.2   +21.6094

  Group Totals
  ────────────────────────────────────────────────────────────────
    Group                        Before      After     Change
    adp                          5883.7     5877.1    -6.6037
    geometry                   -42791.7   -42791.7     0.0000
    xray                       242278.6   242300.2   +21.6094
────────────────────────────────────────────────────────────────────

============================================================
LBFGS Refinement - Cycle 8/10
============================================================
Refining scales with LBFGS...
Scale refinement complete. rwork: 0.2373, rfree: 0.2748

Final Scale Parameters: 
  c_iso: tensor([0.4710, 0.8470, 0.1640, 0.0125, 0.0353, 0.0636])
  U: tensor([ 0.2835,  0.2829,  0.4298,  0.0041,  0.0094, -0.0097])
  solvent.log_k_solvent: -1.0076775550842285
  solvent.log_ss_half: -3.8265140056610107
  solvent.log_n_exp: 1.5086774826049805
  solvent.phase_offset: 0.022339848801493645
After scaling: Rwork=0.2373, Rfree=0.2748
  VDW rebuild: max drift 2.82 Å > threshold 1.00 Å

Building VDW (non-bonded) restraints...
  Symmetry expansion: 21 valid (symop, offset) combos
  Grid: [7, 19, 13], 1409/1729 cells occupied, max 456 entries/cell
  Built 428567 VDW restraints, 24104 symmetry contacts

────────────────────────────────────────────────────────────────────
  XYZ Refinement
────────────────────────────────────────────────────────────────────

  adp (weight: 0.0200)
  ────────────────────────────────────────────────────────────────
    Metric                       Before      After     Change
    locality                    29593.3    29593.3     0.0000
    scaler_U                     7847.0     7847.0     0.0000
    scaler_log_scale           210909.5   210909.5     0.0000
    sigd                         7649.1     7649.1     0.0000
    simu                        37767.8    37767.8     0.0000

  geometry (weight: 0.2000)
  ────────────────────────────────────────────────────────────────
    Metric                       Before      After     Change
    angle                      -52248.0   -52224.5   +23.4570
    bond                       -38837.4   -38832.4    +4.9883
    chiral                    -570.6401  -569.4254    +1.2147
    nonbonded                 -113169.0  -113117.3   +51.6875
    planarity                  -23289.0   -23283.5    +5.4648
    torsion                     14155.4    14158.5    +3.1777

  other (weight: 1.0000)
  ────────────────────────────────────────────────────────────────
    Metric                       Before      After     Change
    xray                       242332.8   242254.9   -77.8906

  Group Totals
  ────────────────────────────────────────────────────────────────
    Group                        Before      After     Change
    adp                          5875.3     5875.3     0.0000
    geometry                   -42791.7   -42773.7   +17.9986
    xray                       242332.8   242254.9   -77.8906
────────────────────────────────────────────────────────────────────
  VDW rebuild: max drift 2.82 Å > threshold 1.00 Å

Building VDW (non-bonded) restraints...
  Symmetry expansion: 21 valid (symop, offset) combos
  Grid: [7, 19, 13], 1409/1729 cells occupied, max 456 entries/cell
  Built 428567 VDW restraints, 24104 symmetry contacts

────────────────────────────────────────────────────────────────────
  ADP Refinement
────────────────────────────────────────────────────────────────────

  adp (weight: 0.0200)
  ────────────────────────────────────────────────────────────────
    Metric                       Before      After     Change
    locality                    29585.8    29407.3  -178.4688
    scaler_U                     7847.0     7847.0     0.0000
    scaler_log_scale           210909.5   210909.5     0.0000
    sigd                         7649.1     7649.7    +0.6050
    simu                        37767.8    37479.0  -288.8633

  geometry (weight: 0.2000)
  ────────────────────────────────────────────────────────────────
    Metric                       Before      After     Change
    angle                      -52224.5   -52224.5     0.0000
    bond                       -38832.4   -38832.4     0.0000
    chiral                    -569.4254  -569.4254     0.0000
    nonbonded                 -113117.3  -113117.3     0.0000
    planarity                  -23283.5   -23283.5     0.0000
    torsion                     14158.5    14158.5     0.0000

  other (weight: 1.0000)
  ────────────────────────────────────────────────────────────────
    Metric                       Before      After     Change
    xray                       242254.9   242273.5   +18.5938

  Group Totals
  ────────────────────────────────────────────────────────────────
    Group                        Before      After     Change
    adp                          5875.2     5865.8    -9.3345
    geometry                   -42773.7   -42773.7     0.0000
    xray                       242254.9   242273.5   +18.5938
────────────────────────────────────────────────────────────────────

============================================================
LBFGS Refinement - Cycle 9/10
============================================================
Refining scales with LBFGS...
Scale refinement complete. rwork: 0.2369, rfree: 0.2746

Final Scale Parameters: 
  c_iso: tensor([0.4758, 0.8555, 0.1649, 0.0135, 0.0347, 0.0641])
  U: tensor([ 0.2885,  0.2878,  0.4347,  0.0042,  0.0095, -0.0097])
  solvent.log_k_solvent: -1.0094447135925293
  solvent.log_ss_half: -3.82710862159729
  solvent.log_n_exp: 1.5227794647216797
  solvent.phase_offset: 0.022991063073277473
After scaling: Rwork=0.2369, Rfree=0.2746
  VDW rebuild: max drift 2.98 Å > threshold 1.00 Å

Building VDW (non-bonded) restraints...
  Symmetry expansion: 21 valid (symop, offset) combos
  Grid: [7, 19, 13], 1409/1729 cells occupied, max 456 entries/cell
  Built 428567 VDW restraints, 24104 symmetry contacts

────────────────────────────────────────────────────────────────────
  XYZ Refinement
────────────────────────────────────────────────────────────────────

  adp (weight: 0.0200)
  ────────────────────────────────────────────────────────────────
    Metric                       Before      After     Change
    locality                    29407.3    29407.3     0.0000
    scaler_U                     8084.5     8084.5     0.0000
    scaler_log_scale           215065.0   215065.0     0.0000
    sigd                         7649.7     7649.7     0.0000
    simu                        37479.0    37479.0     0.0000

  geometry (weight: 0.2000)
  ────────────────────────────────────────────────────────────────
    Metric                       Before      After     Change
    angle                      -52224.5   -52263.6   -39.1016
    bond                       -38832.4   -38833.8    -1.3516
    chiral                    -569.4254  -571.0080    -1.5826
    nonbonded                 -113117.3  -113178.6   -61.2812
    planarity                  -23283.5   -23292.3    -8.7500
    torsion                     14158.5    14161.7    +3.1133

  other (weight: 1.0000)
  ────────────────────────────────────────────────────────────────
    Metric                       Before      After     Change
    xray                       242308.1   242227.1   -81.0312

  Group Totals
  ────────────────────────────────────────────────────────────────
    Group                        Before      After     Change
    adp                          5953.7     5953.7     0.0000
    geometry                   -42773.7   -42795.5   -21.7899
    xray                       242308.1   242227.1   -81.0312
────────────────────────────────────────────────────────────────────
  VDW rebuild: max drift 2.98 Å > threshold 1.00 Å

Building VDW (non-bonded) restraints...
  Symmetry expansion: 21 valid (symop, offset) combos
  Grid: [7, 19, 13], 1409/1729 cells occupied, max 456 entries/cell
  Built 428567 VDW restraints, 24104 symmetry contacts

────────────────────────────────────────────────────────────────────
  ADP Refinement
────────────────────────────────────────────────────────────────────

  adp (weight: 0.0200)
  ────────────────────────────────────────────────────────────────
    Metric                       Before      After     Change
    locality                    29395.8    29351.6   -44.2227
    scaler_U                     8084.5     8084.5     0.0000
    scaler_log_scale           215065.0   215065.0     0.0000
    sigd                         7649.7     7649.5    -0.1206
    simu                        37479.0    37397.1   -81.8672

  geometry (weight: 0.2000)
  ────────────────────────────────────────────────────────────────
    Metric                       Before      After     Change
    angle                      -52263.6   -52263.6     0.0000
    bond                       -38833.8   -38833.8     0.0000
    chiral                    -571.0080  -571.0080     0.0000
    nonbonded                 -113178.6  -113178.6     0.0000
    planarity                  -23292.3   -23292.3     0.0000
    torsion                     14161.7    14161.7     0.0000

  other (weight: 1.0000)
  ────────────────────────────────────────────────────────────────
    Metric                       Before      After     Change
    xray                       242227.1   242246.0   +18.9375

  Group Totals
  ────────────────────────────────────────────────────────────────
    Group                        Before      After     Change
    adp                          5953.5     5951.0    -2.5242
    geometry                   -42795.5   -42795.5     0.0000
    xray                       242227.1   242246.0   +18.9375
────────────────────────────────────────────────────────────────────

============================================================
LBFGS Refinement - Cycle 10/10
============================================================
Refining scales with LBFGS...
Scale refinement complete. rwork: 0.2367, rfree: 0.2748

Final Scale Parameters: 
  c_iso: tensor([0.4742, 0.8553, 0.1643, 0.0138, 0.0345, 0.0644])
  U: tensor([ 0.2898,  0.2892,  0.4360,  0.0041,  0.0096, -0.0097])
  solvent.log_k_solvent: -1.008857011795044
  solvent.log_ss_half: -3.828658103942871
  solvent.log_n_exp: 1.5227932929992676
  solvent.phase_offset: 0.025988955050706863
After scaling: Rwork=0.2367, Rfree=0.2748
  VDW rebuild: max drift 2.95 Å > threshold 1.00 Å

Building VDW (non-bonded) restraints...
  Symmetry expansion: 21 valid (symop, offset) combos
  Grid: [7, 19, 13], 1409/1729 cells occupied, max 456 entries/cell
  Built 428567 VDW restraints, 24104 symmetry contacts

────────────────────────────────────────────────────────────────────
  XYZ Refinement
────────────────────────────────────────────────────────────────────

  adp (weight: 0.0200)
  ────────────────────────────────────────────────────────────────
    Metric                       Before      After     Change
    locality                    29351.6    29351.6     0.0000
    scaler_U                     8148.0     8148.0     0.0000
    scaler_log_scale           214619.4   214619.4     0.0000
    sigd                         7649.5     7649.5     0.0000
    simu                        37397.1    37397.1     0.0000

  geometry (weight: 0.2000)
  ────────────────────────────────────────────────────────────────
    Metric                       Before      After     Change
    angle                      -52263.6   -52235.3   +28.2852
    bond                       -38833.8   -38837.5    -3.6875
    chiral                    -571.0080  -570.0469    +0.9611
    nonbonded                 -113178.6  -113154.5   +24.0391
    planarity                  -23292.3   -23289.6    +2.6484
    torsion                     14161.7    14162.4    +0.6914

  other (weight: 1.0000)
  ────────────────────────────────────────────────────────────────
    Metric                       Before      After     Change
    xray                       242269.9   242235.6   -34.3438

  Group Totals
  ────────────────────────────────────────────────────────────────
    Group                        Before      After     Change
    adp                          5943.3     5943.3     0.0000
    geometry                   -42795.5   -42784.9   +10.5858
    xray                       242269.9   242235.6   -34.3438
────────────────────────────────────────────────────────────────────
  VDW rebuild: max drift 2.95 Å > threshold 1.00 Å

Building VDW (non-bonded) restraints...
  Symmetry expansion: 21 valid (symop, offset) combos
  Grid: [7, 19, 13], 1409/1729 cells occupied, max 456 entries/cell
  Built 428567 VDW restraints, 24104 symmetry contacts

────────────────────────────────────────────────────────────────────
  ADP Refinement
────────────────────────────────────────────────────────────────────

  adp (weight: 0.0200)
  ────────────────────────────────────────────────────────────────
    Metric                       Before      After     Change
    locality                    29345.9    29177.6  -168.3262
    scaler_U                     8148.0     8148.0     0.0000
    scaler_log_scale           214619.4   214619.4     0.0000
    sigd                         7649.5     7650.3    +0.7798
    simu                        37397.1    37056.4  -340.7383

  geometry (weight: 0.2000)
  ────────────────────────────────────────────────────────────────
    Metric                       Before      After     Change
    angle                      -52235.3   -52235.3     0.0000
    bond                       -38837.5   -38837.5     0.0000
    chiral                    -570.0469  -570.0469     0.0000
    nonbonded                 -113154.5  -113154.5     0.0000
    planarity                  -23289.6   -23289.6     0.0000
    torsion                     14162.4    14162.4     0.0000

  other (weight: 1.0000)
  ────────────────────────────────────────────────────────────────
    Metric                       Before      After     Change
    xray                       242235.6   242254.1   +18.5469

  Group Totals
  ────────────────────────────────────────────────────────────────
    Group                        Before      After     Change
    adp                          5943.2     5933.0   -10.1657
    geometry                   -42784.9   -42784.9     0.0000
    xray                       242235.6   242254.1   +18.5469
────────────────────────────────────────────────────────────────────
Calculating initial scale factors using 10 bins.
Refining scales with LBFGS...
Scale refinement complete. rwork: 0.2365, rfree: 0.2749

Final Scale Parameters: 
  c_iso: tensor([0.4775, 0.8634, 0.1637, 0.0159, 0.0334, 0.0650])
  U: tensor([ 0.2947,  0.2939,  0.4410,  0.0040,  0.0097, -0.0098])
  solvent.log_k_solvent: -1.0099499225616455
  solvent.log_ss_half: -3.830462694168091
  solvent.log_n_exp: 1.5151267051696777
  solvent.phase_offset: 0.0258961021900177

Refinement completed successfully.

Saving results to /das/work/units/LBR-FEL/p17490/Peter/Library/work_trees_torchref/alignement/alignment_lab/benchmarks/af_mr/runs/dmin4.0/2Z1D/refine_phaser_mr...
  Refined structure (PDB): /das/work/units/LBR-FEL/p17490/Peter/Library/work_trees_torchref/alignement/alignment_lab/benchmarks/af_mr/runs/dmin4.0/2Z1D/refine_phaser_mr/refined.pdb
  Refined structure (mmCIF): /das/work/units/LBR-FEL/p17490/Peter/Library/work_trees_torchref/alignement/alignment_lab/benchmarks/af_mr/runs/dmin4.0/2Z1D/refine_phaser_mr/refined.cif
Added map coefficients:
  2Fo-Fc: FWT, PHWT
  Fo-Fc: DELFWT, PHDELWT
  Resolution range: 2.07 - 41.49 Å
✓ Wrote MTZ file: /das/work/units/LBR-FEL/p17490/Peter/Library/work_trees_torchref/alignement/alignment_lab/benchmarks/af_mr/runs/dmin4.0/2Z1D/refine_phaser_mr/refined.mtz
  Reflections: 47451
  Columns: H, K, L, F-obs, SIGF-obs, R-free-flags, FWT, PHWT, DELFWT, PHDELWT, F-model, PH-model
  Refined structure factors: /das/work/units/LBR-FEL/p17490/Peter/Library/work_trees_torchref/alignement/alignment_lab/benchmarks/af_mr/runs/dmin4.0/2Z1D/refine_phaser_mr/refined.mtz
  Refinement history: /das/work/units/LBR-FEL/p17490/Peter/Library/work_trees_torchref/alignement/alignment_lab/benchmarks/af_mr/runs/dmin4.0/2Z1D/refine_phaser_mr/refinement_history.json

================================================================================
Refinement Summary
================================================================================
R-work:  0.2365 (46511 reflections)
R-free:  0.2749 (940 reflections)
NLL work: 242288.38
NLL test: 5041.63
================================================================================

Output files:
  - /das/work/units/LBR-FEL/p17490/Peter/Library/work_trees_torchref/alignement/alignment_lab/benchmarks/af_mr/runs/dmin4.0/2Z1D/refine_phaser_mr/refined.pdb
  - /das/work/units/LBR-FEL/p17490/Peter/Library/work_trees_torchref/alignement/alignment_lab/benchmarks/af_mr/runs/dmin4.0/2Z1D/refine_phaser_mr/refined.cif
  - /das/work/units/LBR-FEL/p17490/Peter/Library/work_trees_torchref/alignement/alignment_lab/benchmarks/af_mr/runs/dmin4.0/2Z1D/refine_phaser_mr/refined.mtz
  - /das/work/units/LBR-FEL/p17490/Peter/Library/work_trees_torchref/alignement/alignment_lab/benchmarks/af_mr/runs/dmin4.0/2Z1D/refine_phaser_mr/refinement_history.json

Refinement completed successfully!

Timing: 206.3s wall, 685.4s CPU
