/das/work/units/LBR-FEL/p17490/Peter/Library/work_trees_torchref/alignement/torchref/cli/refine.py:21: UserWarning: TorchRef using user-specified 8 threads from TORCHREF_NUM_THREADS.
  from torchref.cli._common import (
================================================================================
TorchRef LBFGS Refinement
================================================================================
Model:             /das/work/units/LBR-FEL/p17490/Peter/Library/work_trees_torchref/dev/paper/figure2_alphafold_start/placed/1B9K_af.pdb
Structure factor:  /das/work/units/LBR-FEL/p17490/Peter/Library/work_trees_torchref/dev/paper/data/1B9K/1B9K.mtz
Output directory:  /das/work/units/LBR-FEL/p17490/Peter/Library/work_trees_torchref/alignement/alignment_lab/benchmarks/af_mr/runs/dmin4.0/1B9K/refine_phaser_mr
Refinement mode:   separate
X-ray target:      ml
Refinement cycles: 10
Rigid-body step:   on (iterations/cutoff = 30)
Device:            auto
ADP mode:          isotropic
Wavelength:        1 A
Manual weights:    {"adp": 0.02}
================================================================================

Initializing refinement...
found non-finite F values (NaN/Inf):  0
found non-finite F_sigma values (NaN/Inf):  0
Wilson outlier rejection: 2/16247 (0.0123%) of tested reflections flagged (2 too strong, 0 too weak)
Loaded 1891 atoms
Building restraints...
Found 109 link definitions

Building VDW (non-bonded) restraints...
  Symmetry expansion: 25 valid (symop, offset) combos
  Grid: [6, 6, 7], 211/252 cells occupied, max 525 entries/cell
  Built 32778 VDW restraints, 3244 symmetry contacts
  Hydrogen topology: 1874 riding H atoms
  H candidate pairs: 79658 (20084 H-H, 59574 H-heavy, 7057 symmetry)
================================================================================
Restraints Summary
================================================================================
CIF file: None
Residue types in dictionary: 20

INTRA-RESIDUE RESTRAINTS:
--------------------------------------------------------------------------------
  Bonds: 1691
  Angles: 1890
  Torsions: 503
  Planes: 369
  Chirals: 295

INTER-RESIDUE RESTRAINTS:
--------------------------------------------------------------------------------
  Peptide bonds: 228
  Peptide angles: 695
  Disulfide bonds: 0
  Disulfide angles: 0
  Disulfide torsions: 0
  LINK bonds: 0

BACKBONE TORSIONS:
--------------------------------------------------------------------------------
  Phi: 228
  Psi: 228
  Omega: 228
  Ramachandran: 219

VDW RESTRAINTS:
--------------------------------------------------------------------------------
  Non-bonded contacts: 32778 (29534 intra-ASU, 3244 symmetry)
================================================================================
Generated 1882 hydrogens
ADP representation: isotropic, 3773 parameters, 4.7 work reflections each
Initialized ScalerBase with 10 bins.
Building restraints...

Building VDW (non-bonded) restraints...
  Symmetry expansion: 25 valid (symop, offset) combos
  Grid: [6, 6, 7], 221/252 cells occupied, max 850 entries/cell
  Built 138177 VDW restraints, 14792 symmetry contacts
================================================================================
Restraints Summary
================================================================================
CIF file: None
Residue types in dictionary: 20

INTRA-RESIDUE RESTRAINTS:
--------------------------------------------------------------------------------
  Bonds: 3573
  Angles: 5926
  Torsions: 760
  Planes: 645
  Chirals: 295

INTER-RESIDUE RESTRAINTS:
--------------------------------------------------------------------------------
  Peptide bonds: 228
  Peptide angles: 912
  Disulfide bonds: 0
  Disulfide angles: 0
  Disulfide torsions: 0
  LINK bonds: 0

BACKBONE TORSIONS:
--------------------------------------------------------------------------------
  Phi: 228
  Psi: 228
  Omega: 228
  Ramachandran: 219

VDW RESTRAINTS:
--------------------------------------------------------------------------------
  Non-bonded contacts: 138177 (123385 intra-ASU, 14792 symmetry)
================================================================================
Initializing TotalGeometryTarget with component targets...
Initializing TotalADPTarget with component targets: simu, locality, sigd
Parametrization built for 5 unique atom types
SfFFT: Using late symmetry (reciprocal space)
Calculating initial scale factors using 10 bins.
Refining scales with LBFGS...
Scale refinement complete. rwork: 0.4131, rfree: 0.4511

Final Scale Parameters: 
  c_iso: tensor([ 1.3383,  1.5275,  0.3638, -0.0639,  0.0738, -0.0345])
  U: tensor([0.6997, 0.5893, 0.5973, 0.0213, 0.0083, 0.0010])
  solvent.log_k_solvent: -0.9592348337173462
  solvent.log_ss_half: -3.9220364093780518
  solvent.log_n_exp: 1.5555381774902344
  solvent.phase_offset: -0.020181847736239433
Initialized targets with xray_mode='ml'
Applied manual group weights: {'xray': 1.0, 'geometry': 0.2, 'geometry/ramachandran': 0.0, 'adp': 0.02, 'adp/sigd': 1.0, 'adp/node_load': 10.0, 'adp/node_smoothness': 0.0}
Refinement initialized successfully.

Starting refinement with 10 macro cycles...

Rigid-body step enabled: one multi-resolution rigid-body pass will run once at the start of refinement.


--- Rigid-body step (once, at start) ---
Switched to rigid-body parametrization: RigidXYZTensor(n_atoms=3773, n_chains=2) (2 chain(s))
Filtering: 556/18198 reflections in range [inf - 6.0] Å (556 valid after all masks)
  Note: Adjusted bins from 10 to 5 (min 100 refl/bin)
Initialized ScalerBase with 5 bins.
Calculating initial scale factors using 5 bins.
Calculating initial scale factors using 5 bins.
Refining scales with LBFGS...
Scale refinement complete. rwork: 0.2764, rfree: 0.2183

Final Scale Parameters: 
  c_iso: tensor([-0.0419, -0.3271, -0.1599,  0.2470,  0.0903,  0.0837])
  U: tensor([1.0061, 0.9311, 1.0440, 0.0580, 0.0446, 0.0213])
  solvent.log_k_solvent: -1.1023024320602417
  solvent.log_ss_half: -3.83609676361084
  solvent.log_n_exp: 1.733002781867981
  solvent.phase_offset: -0.020197317004203796
  rigid-body d_min=6.00 (lbfgs, iters=30): Rwork=0.2703 Rfree=0.2133
Filtering: 3264/18198 reflections in range [inf - 3.376675719587637] Å (3264 valid after all masks)
Initialized ScalerBase with 10 bins.
Calculating initial scale factors using 10 bins.
Calculating initial scale factors using 10 bins.
Refining scales with LBFGS...
Scale refinement complete. rwork: 0.3235, rfree: 0.3456

Final Scale Parameters: 
  c_iso: tensor([ 1.0708,  0.4973, -1.0935, -0.5832,  0.0020,  0.1639])
  U: tensor([ 1.3067e+00,  1.2287e+00,  1.1966e+00,  9.2115e-04,  3.4967e-02,
        -2.0809e-03])
  solvent.log_k_solvent: -1.1302804946899414
  solvent.log_ss_half: -4.296994686126709
  solvent.log_n_exp: 0.89948970079422
  solvent.phase_offset: -0.01294004824012518
  rigid-body d_min=3.38 (lbfgs, iters=30): Rwork=0.3407 Rfree=0.3802
Filtering: 18198/18198 reflections in range [inf - 1.9003231525421143] Å (18196 valid after all masks)
Initialized ScalerBase with 10 bins.
Calculating initial scale factors using 10 bins.
Calculating initial scale factors using 10 bins.
Refining scales with LBFGS...
Scale refinement complete. rwork: 0.3881, rfree: 0.4159

Final Scale Parameters: 
  c_iso: tensor([ 0.6262,  0.6224,  0.2165, -0.0907,  0.0879, -0.0444])
  U: tensor([0.3718, 0.2566, 0.2702, 0.0224, 0.0047, 0.0038])
  solvent.log_k_solvent: -0.8411286473274231
  solvent.log_ss_half: -3.7752432823181152
  solvent.log_n_exp: 2.4363925457000732
  solvent.phase_offset: -0.010114660486578941
  rigid-body d_min=1.90 (lbfgs, iters=30): Rwork=0.4117 Rfree=0.4571
Initialized ScalerBase with 10 bins.
Calculating initial scale factors using 10 bins.
Calculating initial scale factors using 10 bins.
Refining scales with LBFGS...
Scale refinement complete. rwork: 0.3872, rfree: 0.4134

Final Scale Parameters: 
  c_iso: tensor([ 0.6931,  0.7063,  0.2304, -0.0864,  0.0842, -0.0414])
  U: tensor([0.4017, 0.2861, 0.3008, 0.0228, 0.0044, 0.0042])
  solvent.log_k_solvent: -0.844860851764679
  solvent.log_ss_half: -3.7763242721557617
  solvent.log_n_exp: 2.5341272354125977
  solvent.phase_offset: -0.009410161525011063
Initialized ScalerBase with 10 bins.
Calculating initial scale factors using 10 bins.
Calculating initial scale factors using 10 bins.
Refining scales with LBFGS...
Scale refinement complete. rwork: 0.3872, rfree: 0.4129

Final Scale Parameters: 
  c_iso: tensor([ 0.5896,  0.5750,  0.2098, -0.0905,  0.0860, -0.0435])
  U: tensor([0.3549, 0.2392, 0.2540, 0.0229, 0.0044, 0.0042])
  solvent.log_k_solvent: -0.8278021216392517
  solvent.log_ss_half: -3.76076340675354
  solvent.log_n_exp: 3.463399887084961
  solvent.phase_offset: -0.010735777206718922

============================================================
LBFGS Refinement - Cycle 1/10
============================================================
Refining scales with LBFGS...
Scale refinement complete. rwork: 0.3871, rfree: 0.4148

Final Scale Parameters: 
  c_iso: tensor([ 1.0394,  1.1338,  0.3025, -0.0778,  0.0817, -0.0391])
  U: tensor([0.5573, 0.4416, 0.4562, 0.0228, 0.0046, 0.0041])
  solvent.log_k_solvent: -0.8922595977783203
  solvent.log_ss_half: -3.8655309677124023
  solvent.log_n_exp: 1.6692824363708496
  solvent.phase_offset: -0.005204130429774523
After scaling: Rwork=0.3871, Rfree=0.4148
  VDW rebuild: max drift 1.34 Å > threshold 1.00 Å

Building VDW (non-bonded) restraints...
  Symmetry expansion: 25 valid (symop, offset) combos
  Grid: [6, 6, 7], 221/252 cells occupied, max 850 entries/cell
  Built 138177 VDW restraints, 14792 symmetry contacts

────────────────────────────────────────────────────────────────────
  XYZ Refinement
────────────────────────────────────────────────────────────────────

  adp (weight: 0.0200)
  ────────────────────────────────────────────────────────────────
    Metric                       Before      After     Change
    locality                    10833.1    10833.1     0.0000
    scaler_U                     6422.0     6422.0     0.0000
    scaler_log_scale           139208.2   139208.2     0.0000
    sigd                         2492.3     2492.3     0.0000
    simu                         6492.8     6492.8     0.0000

  geometry (weight: 0.2000)
  ────────────────────────────────────────────────────────────────
    Metric                       Before      After     Change
    angle                      -15718.7   -16493.6  -774.8398
    bond                       -11777.3   -12598.6  -821.2734
    chiral                    -160.0180  -185.5907   -25.5727
    nonbonded                  -31662.5   -35997.2    -4334.7
    planarity                   -7693.5    -7782.5   -88.9829
    torsion                      6152.2     6237.1   +84.8340

  other (weight: 1.0000)
  ────────────────────────────────────────────────────────────────
    Metric                       Before      After     Change
    xray                        93514.6    92153.9    -1360.8

  Group Totals
  ────────────────────────────────────────────────────────────────
    Group                        Before      After     Change
    adp                          3309.0     3309.0     0.0000
    geometry                   -12172.0   -13364.1    -1192.1
    xray                        93514.6    92153.9    -1360.8
────────────────────────────────────────────────────────────────────
  VDW rebuild: max drift 1.34 Å > threshold 1.00 Å

Building VDW (non-bonded) restraints...
  Symmetry expansion: 25 valid (symop, offset) combos
  Grid: [6, 6, 7], 221/252 cells occupied, max 850 entries/cell
  Built 138177 VDW restraints, 14792 symmetry contacts

────────────────────────────────────────────────────────────────────
  ADP Refinement
────────────────────────────────────────────────────────────────────

  adp (weight: 0.0200)
  ────────────────────────────────────────────────────────────────
    Metric                       Before      After     Change
    locality                    10840.4    13359.2    +2518.8
    scaler_U                     6422.0     6422.0     0.0000
    scaler_log_scale           139208.2   139208.2     0.0000
    sigd                         2492.3     2557.5   +65.1619
    simu                         6492.8     8043.3    +1550.6

  geometry (weight: 0.2000)
  ────────────────────────────────────────────────────────────────
    Metric                       Before      After     Change
    angle                      -16493.6   -16493.6     0.0000
    bond                       -12598.6   -12598.6     0.0000
    chiral                    -185.5907  -185.5907     0.0000
    nonbonded                  -35997.2   -35997.2     0.0000
    planarity                   -7782.5    -7782.5     0.0000
    torsion                      6237.1     6237.1     0.0000

  other (weight: 1.0000)
  ────────────────────────────────────────────────────────────────
    Metric                       Before      After     Change
    xray                        92153.9    91280.1  -873.7344

  Group Totals
  ────────────────────────────────────────────────────────────────
    Group                        Before      After     Change
    adp                          3309.1     3391.8   +82.6900
    geometry                   -13364.1   -13364.1     0.0000
    xray                        92153.9    91280.1  -873.7344
────────────────────────────────────────────────────────────────────

============================================================
LBFGS Refinement - Cycle 2/10
============================================================
Refining scales with LBFGS...
Scale refinement complete. rwork: 0.3294, rfree: 0.3813

Final Scale Parameters: 
  c_iso: tensor([ 1.0407,  1.1281,  0.2893, -0.0996,  0.0913, -0.0492])
  U: tensor([0.5558, 0.4400, 0.4514, 0.0230, 0.0055, 0.0048])
  solvent.log_k_solvent: -0.8988356590270996
  solvent.log_ss_half: -3.910383701324463
  solvent.log_n_exp: 1.583377718925476
  solvent.phase_offset: -0.014913283288478851
After scaling: Rwork=0.3294, Rfree=0.3813
  VDW rebuild: max drift 1.61 Å > threshold 1.00 Å

Building VDW (non-bonded) restraints...
  Symmetry expansion: 25 valid (symop, offset) combos
  Grid: [6, 6, 7], 221/252 cells occupied, max 850 entries/cell
  Built 138177 VDW restraints, 14792 symmetry contacts

────────────────────────────────────────────────────────────────────
  XYZ Refinement
────────────────────────────────────────────────────────────────────

  adp (weight: 0.0200)
  ────────────────────────────────────────────────────────────────
    Metric                       Before      After     Change
    locality                    13359.2    13359.2     0.0000
    scaler_U                     6352.4     6352.4     0.0000
    scaler_log_scale           135829.4   135829.4     0.0000
    sigd                         2557.5     2557.5     0.0000
    simu                         8043.3     8043.3     0.0000

  geometry (weight: 0.2000)
  ────────────────────────────────────────────────────────────────
    Metric                       Before      After     Change
    angle                      -16493.6   -16496.9    -3.3691
    bond                       -12598.6   -12606.1    -7.4707
    chiral                    -185.5907  -180.0903    +5.5004
    nonbonded                  -35997.2   -35823.6  +173.6523
    planarity                   -7782.5    -7783.7    -1.1309
    torsion                      6237.1     6238.4    +1.3301

  other (weight: 1.0000)
  ────────────────────────────────────────────────────────────────
    Metric                       Before      After     Change
    xray                        91229.4    89346.0    -1883.4

  Group Totals
  ────────────────────────────────────────────────────────────────
    Group                        Before      After     Change
    adp                          3322.8     3322.8     0.0000
    geometry                   -13364.1   -13330.4   +33.7025
    xray                        91229.4    89346.0    -1883.4
────────────────────────────────────────────────────────────────────
  VDW rebuild: max drift 1.61 Å > threshold 1.00 Å

Building VDW (non-bonded) restraints...
  Symmetry expansion: 25 valid (symop, offset) combos
  Grid: [6, 6, 7], 221/252 cells occupied, max 850 entries/cell
  Built 138177 VDW restraints, 14792 symmetry contacts

────────────────────────────────────────────────────────────────────
  ADP Refinement
────────────────────────────────────────────────────────────────────

  adp (weight: 0.0200)
  ────────────────────────────────────────────────────────────────
    Metric                       Before      After     Change
    locality                    13374.8    20943.5    +7568.7
    scaler_U                     6352.4     6352.4     0.0000
    scaler_log_scale           135829.4   135829.4     0.0000
    sigd                         2557.5     2624.0   +66.5071
    simu                         8043.3     9654.7    +1611.4

  geometry (weight: 0.2000)
  ────────────────────────────────────────────────────────────────
    Metric                       Before      After     Change
    angle                      -16496.9   -16496.9     0.0000
    bond                       -12606.1   -12606.1     0.0000
    chiral                    -180.0903  -180.0903     0.0000
    nonbonded                  -35823.6   -35823.6     0.0000
    planarity                   -7783.7    -7783.7     0.0000
    torsion                      6238.4     6238.4     0.0000

  other (weight: 1.0000)
  ────────────────────────────────────────────────────────────────
    Metric                       Before      After     Change
    xray                        89346.0    88880.9  -465.0469

  Group Totals
  ────────────────────────────────────────────────────────────────
    Group                        Before      After     Change
    adp                          3323.1     3508.1  +184.9324
    geometry                   -13330.4   -13330.4     0.0000
    xray                        89346.0    88880.9  -465.0469
────────────────────────────────────────────────────────────────────

============================================================
LBFGS Refinement - Cycle 3/10
============================================================
Refining scales with LBFGS...
Scale refinement complete. rwork: 0.2797, rfree: 0.3319

Final Scale Parameters: 
  c_iso: tensor([ 1.0414,  1.1173,  0.2779, -0.1095,  0.0852, -0.0580])
  U: tensor([0.5469, 0.4315, 0.4449, 0.0245, 0.0042, 0.0071])
  solvent.log_k_solvent: -0.9070975184440613
  solvent.log_ss_half: -3.907442808151245
  solvent.log_n_exp: 1.5275039672851562
  solvent.phase_offset: -0.021505173295736313
After scaling: Rwork=0.2797, Rfree=0.3319
  VDW rebuild: max drift 1.70 Å > threshold 1.00 Å

Building VDW (non-bonded) restraints...
  Symmetry expansion: 25 valid (symop, offset) combos
  Grid: [6, 6, 7], 221/252 cells occupied, max 850 entries/cell
  Built 138177 VDW restraints, 14792 symmetry contacts

────────────────────────────────────────────────────────────────────
  XYZ Refinement
────────────────────────────────────────────────────────────────────

  adp (weight: 0.0200)
  ────────────────────────────────────────────────────────────────
    Metric                       Before      After     Change
    locality                    20943.5    20943.5     0.0000
    scaler_U                     6143.8     6143.8     0.0000
    scaler_log_scale           133287.7   133287.7     0.0000
    sigd                         2624.0     2624.0     0.0000
    simu                         9654.7     9654.7     0.0000

  geometry (weight: 0.2000)
  ────────────────────────────────────────────────────────────────
    Metric                       Before      After     Change
    angle                      -16496.9   -16427.2   +69.7324
    bond                       -12606.1   -12630.8   -24.7344
    chiral                    -180.0903  -178.8877    +1.2026
    nonbonded                  -35823.6   -35811.0   +12.5898
    planarity                   -7783.7    -7783.4    +0.2285
    torsion                      6238.4     6270.1   +31.7021

  other (weight: 1.0000)
  ────────────────────────────────────────────────────────────────
    Metric                       Before      After     Change
    xray                        88817.5    87613.5    -1204.0

  Group Totals
  ────────────────────────────────────────────────────────────────
    Group                        Before      After     Change
    adp                          3453.1     3453.1     0.0000
    geometry                   -13330.4   -13312.2   +18.1444
    xray                        88817.5    87613.5    -1204.0
────────────────────────────────────────────────────────────────────
  VDW rebuild: max drift 1.70 Å > threshold 1.00 Å

Building VDW (non-bonded) restraints...
  Symmetry expansion: 25 valid (symop, offset) combos
  Grid: [6, 6, 7], 221/252 cells occupied, max 850 entries/cell
  Built 138177 VDW restraints, 14792 symmetry contacts

────────────────────────────────────────────────────────────────────
  ADP Refinement
────────────────────────────────────────────────────────────────────

  adp (weight: 0.0200)
  ────────────────────────────────────────────────────────────────
    Metric                       Before      After     Change
    locality                    20982.8    24399.8    +3417.0
    scaler_U                     6143.8     6143.8     0.0000
    scaler_log_scale           133287.7   133287.7     0.0000
    sigd                         2624.0     2640.3   +16.3418
    simu                         9654.7    10649.5  +994.8008

  geometry (weight: 0.2000)
  ────────────────────────────────────────────────────────────────
    Metric                       Before      After     Change
    angle                      -16427.2   -16427.2     0.0000
    bond                       -12630.8   -12630.8     0.0000
    chiral                    -178.8877  -178.8877     0.0000
    nonbonded                  -35811.0   -35811.0     0.0000
    planarity                   -7783.4    -7783.4     0.0000
    torsion                      6270.1     6270.1     0.0000

  other (weight: 1.0000)
  ────────────────────────────────────────────────────────────────
    Metric                       Before      After     Change
    xray                        87613.5    87378.9  -234.5703

  Group Totals
  ────────────────────────────────────────────────────────────────
    Group                        Before      After     Change
    adp                          3453.9     3542.4   +88.5619
    geometry                   -13312.2   -13312.2     0.0000
    xray                        87613.5    87378.9  -234.5703
────────────────────────────────────────────────────────────────────

============================================================
LBFGS Refinement - Cycle 4/10
============================================================
Refining scales with LBFGS...
Scale refinement complete. rwork: 0.2548, rfree: 0.3085

Final Scale Parameters: 
  c_iso: tensor([ 1.0198,  1.0955,  0.2703, -0.1102,  0.0856, -0.0612])
  U: tensor([0.5319, 0.4179, 0.4325, 0.0242, 0.0032, 0.0081])
  solvent.log_k_solvent: -0.911509096622467
  solvent.log_ss_half: -3.8853282928466797
  solvent.log_n_exp: 1.4835498332977295
  solvent.phase_offset: -0.02033505216240883
After scaling: Rwork=0.2548, Rfree=0.3085
  VDW rebuild: max drift 2.56 Å > threshold 1.00 Å

Building VDW (non-bonded) restraints...
  Symmetry expansion: 25 valid (symop, offset) combos
  Grid: [6, 6, 7], 221/252 cells occupied, max 850 entries/cell
  Built 138177 VDW restraints, 14792 symmetry contacts

────────────────────────────────────────────────────────────────────
  XYZ Refinement
────────────────────────────────────────────────────────────────────

  adp (weight: 0.0200)
  ────────────────────────────────────────────────────────────────
    Metric                       Before      After     Change
    locality                    24399.8    24399.8     0.0000
    scaler_U                     5795.9     5795.9     0.0000
    scaler_log_scale           127867.0   127867.0     0.0000
    sigd                         2640.3     2640.3     0.0000
    simu                        10649.5    10649.5     0.0000

  geometry (weight: 0.2000)
  ────────────────────────────────────────────────────────────────
    Metric                       Before      After     Change
    angle                      -16427.2   -16411.2   +16.0527
    bond                       -12630.8   -12594.7   +36.1133
    chiral                    -178.8877  -177.5414    +1.3463
    nonbonded                  -35811.0   -35785.2   +25.7461
    planarity                   -7783.4    -7800.8   -17.3330
    torsion                      6270.1     6250.2   -19.8794

  other (weight: 1.0000)
  ────────────────────────────────────────────────────────────────
    Metric                       Before      After     Change
    xray                        87324.5    86614.7  -709.7812

  Group Totals
  ────────────────────────────────────────────────────────────────
    Group                        Before      After     Change
    adp                          3427.1     3427.1     0.0000
    geometry                   -13312.2   -13303.8    +8.4088
    xray                        87324.5    86614.7  -709.7812
────────────────────────────────────────────────────────────────────
  VDW rebuild: max drift 2.56 Å > threshold 1.00 Å

Building VDW (non-bonded) restraints...
  Symmetry expansion: 25 valid (symop, offset) combos
  Grid: [6, 6, 7], 221/252 cells occupied, max 850 entries/cell
  Built 138177 VDW restraints, 14792 symmetry contacts

────────────────────────────────────────────────────────────────────
  ADP Refinement
────────────────────────────────────────────────────────────────────

  adp (weight: 0.0200)
  ────────────────────────────────────────────────────────────────
    Metric                       Before      After     Change
    locality                    24400.2    25061.0  +660.8027
    scaler_U                     5795.9     5795.9     0.0000
    scaler_log_scale           127867.0   127867.0     0.0000
    sigd                         2640.3     2637.5    -2.8091
    simu                        10649.5    10776.9  +127.4121

  geometry (weight: 0.2000)
  ────────────────────────────────────────────────────────────────
    Metric                       Before      After     Change
    angle                      -16411.2   -16411.2     0.0000
    bond                       -12594.7   -12594.7     0.0000
    chiral                    -177.5414  -177.5414     0.0000
    nonbonded                  -35785.2   -35785.2     0.0000
    planarity                   -7800.8    -7800.8     0.0000
    torsion                      6250.2     6250.2     0.0000

  other (weight: 1.0000)
  ────────────────────────────────────────────────────────────────
    Metric                       Before      After     Change
    xray                        86614.7    86544.4   -70.2578

  Group Totals
  ────────────────────────────────────────────────────────────────
    Group                        Before      After     Change
    adp                          3427.1     3442.8   +15.7081
    geometry                   -13303.8   -13303.8     0.0000
    xray                        86614.7    86544.4   -70.2578
────────────────────────────────────────────────────────────────────

============================================================
LBFGS Refinement - Cycle 5/10
============================================================
Refining scales with LBFGS...
Scale refinement complete. rwork: 0.2421, rfree: 0.3029

Final Scale Parameters: 
  c_iso: tensor([ 1.0087,  1.0731,  0.2691, -0.1125,  0.0882, -0.0602])
  U: tensor([0.5251, 0.4118, 0.4273, 0.0239, 0.0030, 0.0086])
  solvent.log_k_solvent: -0.913692831993103
  solvent.log_ss_half: -3.8924238681793213
  solvent.log_n_exp: 1.4630154371261597
  solvent.phase_offset: -0.022692106664180756
After scaling: Rwork=0.2421, Rfree=0.3029
  VDW rebuild: max drift 2.20 Å > threshold 1.00 Å

Building VDW (non-bonded) restraints...
  Symmetry expansion: 25 valid (symop, offset) combos
  Grid: [6, 6, 7], 221/252 cells occupied, max 850 entries/cell
  Built 138177 VDW restraints, 14792 symmetry contacts

────────────────────────────────────────────────────────────────────
  XYZ Refinement
────────────────────────────────────────────────────────────────────

  adp (weight: 0.0200)
  ────────────────────────────────────────────────────────────────
    Metric                       Before      After     Change
    locality                    25061.0    25061.0     0.0000
    scaler_U                     5645.0     5645.0     0.0000
    scaler_log_scale           123262.9   123262.9     0.0000
    sigd                         2637.5     2637.5     0.0000
    simu                        10776.9    10776.9     0.0000

  geometry (weight: 0.2000)
  ────────────────────────────────────────────────────────────────
    Metric                       Before      After     Change
    angle                      -16411.2   -16451.6   -40.4434
    bond                       -12594.7   -12611.8   -17.0879
    chiral                    -177.5414  -179.6487    -2.1073
    nonbonded                  -35785.2   -35885.6  -100.3945
    planarity                   -7800.8    -7803.0    -2.2500
    torsion                      6250.2     6253.1    +2.9014

  other (weight: 1.0000)
  ────────────────────────────────────────────────────────────────
    Metric                       Before      After     Change
    xray                        86540.5    86040.9  -499.6172

  Group Totals
  ────────────────────────────────────────────────────────────────
    Group                        Before      After     Change
    adp                          3347.7     3347.7     0.0000
    geometry                   -13303.8   -13335.7   -31.8758
    xray                        86540.5    86040.9  -499.6172
────────────────────────────────────────────────────────────────────
  VDW rebuild: max drift 2.20 Å > threshold 1.00 Å

Building VDW (non-bonded) restraints...
  Symmetry expansion: 25 valid (symop, offset) combos
  Grid: [6, 6, 7], 221/252 cells occupied, max 850 entries/cell
  Built 138177 VDW restraints, 14792 symmetry contacts

────────────────────────────────────────────────────────────────────
  ADP Refinement
────────────────────────────────────────────────────────────────────

  adp (weight: 0.0200)
  ────────────────────────────────────────────────────────────────
    Metric                       Before      After     Change
    locality                    25066.9    25865.5  +798.6289
    scaler_U                     5645.0     5645.0     0.0000
    scaler_log_scale           123262.9   123262.9     0.0000
    sigd                         2637.5     2643.0    +5.5364
    simu                        10776.9    11151.2  +374.2275

  geometry (weight: 0.2000)
  ────────────────────────────────────────────────────────────────
    Metric                       Before      After     Change
    angle                      -16451.6   -16451.6     0.0000
    bond                       -12611.8   -12611.8     0.0000
    chiral                    -179.6487  -179.6487     0.0000
    nonbonded                  -35885.6   -35885.6     0.0000
    planarity                   -7803.0    -7803.0     0.0000
    torsion                      6253.1     6253.1     0.0000

  other (weight: 1.0000)
  ────────────────────────────────────────────────────────────────
    Metric                       Before      After     Change
    xray                        86040.9    85954.1   -86.7891

  Group Totals
  ────────────────────────────────────────────────────────────────
    Group                        Before      After     Change
    adp                          3347.8     3371.4   +23.5679
    geometry                   -13335.7   -13335.7     0.0000
    xray                        86040.9    85954.1   -86.7891
────────────────────────────────────────────────────────────────────

============================================================
LBFGS Refinement - Cycle 6/10
============================================================
Refining scales with LBFGS...
Scale refinement complete. rwork: 0.2350, rfree: 0.2879

Final Scale Parameters: 
  c_iso: tensor([ 0.8522,  0.8852,  0.2327, -0.1178,  0.0928, -0.0644])
  U: tensor([0.4530, 0.3414, 0.3568, 0.0234, 0.0033, 0.0085])
  solvent.log_k_solvent: -0.8994024991989136
  solvent.log_ss_half: -3.8569376468658447
  solvent.log_n_exp: 1.5843299627304077
  solvent.phase_offset: -0.024348760023713112
After scaling: Rwork=0.2350, Rfree=0.2879
  VDW rebuild: max drift 2.19 Å > threshold 1.00 Å

Building VDW (non-bonded) restraints...
  Symmetry expansion: 25 valid (symop, offset) combos
  Grid: [6, 6, 7], 221/252 cells occupied, max 850 entries/cell
  Built 138177 VDW restraints, 14792 symmetry contacts

────────────────────────────────────────────────────────────────────
  XYZ Refinement
────────────────────────────────────────────────────────────────────

  adp (weight: 0.0200)
  ────────────────────────────────────────────────────────────────
    Metric                       Before      After     Change
    locality                    25865.5    25865.5     0.0000
    scaler_U                     4019.9     4019.9     0.0000
    scaler_log_scale            85507.7    85507.7     0.0000
    sigd                         2643.0     2643.0     0.0000
    simu                        11151.2    11151.2     0.0000

  geometry (weight: 0.2000)
  ────────────────────────────────────────────────────────────────
    Metric                       Before      After     Change
    angle                      -16451.6   -16374.5   +77.0889
    bond                       -12611.8   -12592.2   +19.5820
    chiral                    -179.6487  -175.7286    +3.9201
    nonbonded                  -35885.6   -35737.4  +148.1953
    planarity                   -7803.0    -7810.5    -7.5117
    torsion                      6253.1     6255.1    +1.9995

  other (weight: 1.0000)
  ────────────────────────────────────────────────────────────────
    Metric                       Before      After     Change
    xray                        85946.8    85617.0  -329.8203

  Group Totals
  ────────────────────────────────────────────────────────────────
    Group                        Before      After     Change
    adp                          2583.7     2583.7     0.0000
    geometry                   -13335.7   -13287.0   +48.6543
    xray                        85946.8    85617.0  -329.8203
────────────────────────────────────────────────────────────────────
  VDW rebuild: max drift 2.19 Å > threshold 1.00 Å

Building VDW (non-bonded) restraints...
  Symmetry expansion: 25 valid (symop, offset) combos
  Grid: [6, 6, 7], 221/252 cells occupied, max 850 entries/cell
  Built 138177 VDW restraints, 14792 symmetry contacts

────────────────────────────────────────────────────────────────────
  ADP Refinement
────────────────────────────────────────────────────────────────────

  adp (weight: 0.0200)
  ────────────────────────────────────────────────────────────────
    Metric                       Before      After     Change
    locality                    25905.6    25766.9  -138.6934
    scaler_U                     4019.9     4019.9     0.0000
    scaler_log_scale            85507.7    85507.7     0.0000
    sigd                         2643.0     2643.3    +0.2339
    simu                        11151.2    11144.8    -6.3379

  geometry (weight: 0.2000)
  ────────────────────────────────────────────────────────────────
    Metric                       Before      After     Change
    angle                      -16374.5   -16374.5     0.0000
    bond                       -12592.2   -12592.2     0.0000
    chiral                    -175.7286  -175.7286     0.0000
    nonbonded                  -35737.4   -35737.4     0.0000
    planarity                   -7810.5    -7810.5     0.0000
    torsion                      6255.1     6255.1     0.0000

  other (weight: 1.0000)
  ────────────────────────────────────────────────────────────────
    Metric                       Before      After     Change
    xray                        85617.0    85603.3   -13.6484

  Group Totals
  ────────────────────────────────────────────────────────────────
    Group                        Before      After     Change
    adp                          2584.5     2581.7    -2.8960
    geometry                   -13287.0   -13287.0     0.0000
    xray                        85617.0    85603.3   -13.6484
────────────────────────────────────────────────────────────────────

============================================================
LBFGS Refinement - Cycle 7/10
============================================================
Refining scales with LBFGS...
Scale refinement complete. rwork: 0.2297, rfree: 0.2862

Final Scale Parameters: 
  c_iso: tensor([ 0.8526,  0.8859,  0.2312, -0.1161,  0.0888, -0.0621])
  U: tensor([0.4527, 0.3406, 0.3566, 0.0230, 0.0038, 0.0087])
  solvent.log_k_solvent: -0.9021732211112976
  solvent.log_ss_half: -3.8540618419647217
  solvent.log_n_exp: 1.5840363502502441
  solvent.phase_offset: -0.025117037817835808
After scaling: Rwork=0.2297, Rfree=0.2862
  VDW rebuild: max drift 2.53 Å > threshold 1.00 Å

Building VDW (non-bonded) restraints...
  Symmetry expansion: 25 valid (symop, offset) combos
  Grid: [6, 6, 7], 221/252 cells occupied, max 850 entries/cell
  Built 138177 VDW restraints, 14792 symmetry contacts

────────────────────────────────────────────────────────────────────
  XYZ Refinement
────────────────────────────────────────────────────────────────────

  adp (weight: 0.0200)
  ────────────────────────────────────────────────────────────────
    Metric                       Before      After     Change
    locality                    25766.9    25766.9     0.0000
    scaler_U                     4010.9     4010.9     0.0000
    scaler_log_scale            85566.0    85566.0     0.0000
    sigd                         2643.3     2643.3     0.0000
    simu                        11144.8    11144.8     0.0000

  geometry (weight: 0.2000)
  ────────────────────────────────────────────────────────────────
    Metric                       Before      After     Change
    angle                      -16374.5   -16388.8   -14.2549
    bond                       -12592.2   -12610.3   -18.0859
    chiral                    -175.7286  -178.4471    -2.7185
    nonbonded                  -35737.4   -35821.1   -83.6758
    planarity                   -7810.5    -7805.9    +4.6719
    torsion                      6255.1     6263.3    +8.2002

  other (weight: 1.0000)
  ────────────────────────────────────────────────────────────────
    Metric                       Before      After     Change
    xray                        85607.5    85468.1  -139.4453

  Group Totals
  ────────────────────────────────────────────────────────────────
    Group                        Before      After     Change
    adp                          2582.6     2582.6     0.0000
    geometry                   -13287.0   -13308.2   -21.1722
    xray                        85607.5    85468.1  -139.4453
────────────────────────────────────────────────────────────────────
  VDW rebuild: max drift 2.53 Å > threshold 1.00 Å

Building VDW (non-bonded) restraints...
  Symmetry expansion: 25 valid (symop, offset) combos
  Grid: [6, 6, 7], 221/252 cells occupied, max 850 entries/cell
  Built 138177 VDW restraints, 14792 symmetry contacts

────────────────────────────────────────────────────────────────────
  ADP Refinement
────────────────────────────────────────────────────────────────────

  adp (weight: 0.0200)
  ────────────────────────────────────────────────────────────────
    Metric                       Before      After     Change
    locality                    25781.0    25173.9  -607.1152
    scaler_U                     4010.9     4010.9     0.0000
    scaler_log_scale            85566.0    85566.0     0.0000
    sigd                         2643.3     2636.7    -6.6101
    simu                        11144.8    11050.4   -94.4561

  geometry (weight: 0.2000)
  ────────────────────────────────────────────────────────────────
    Metric                       Before      After     Change
    angle                      -16388.8   -16388.8     0.0000
    bond                       -12610.3   -12610.3     0.0000
    chiral                    -178.4471  -178.4471     0.0000
    nonbonded                  -35821.1   -35821.1     0.0000
    planarity                   -7805.9    -7805.9     0.0000
    torsion                      6263.3     6263.3     0.0000

  other (weight: 1.0000)
  ────────────────────────────────────────────────────────────────
    Metric                       Before      After     Change
    xray                        85468.1    85481.0   +12.9219

  Group Totals
  ────────────────────────────────────────────────────────────────
    Group                        Before      After     Change
    adp                          2582.9     2568.8   -14.1637
    geometry                   -13308.2   -13308.2     0.0000
    xray                        85468.1    85481.0   +12.9219
────────────────────────────────────────────────────────────────────

============================================================
LBFGS Refinement - Cycle 8/10
============================================================
Refining scales with LBFGS...
Scale refinement complete. rwork: 0.2280, rfree: 0.2874

Final Scale Parameters: 
  c_iso: tensor([ 0.8521,  0.8867,  0.2310, -0.1144,  0.0893, -0.0614])
  U: tensor([0.4520, 0.3401, 0.3563, 0.0229, 0.0041, 0.0087])
  solvent.log_k_solvent: -0.9018445611000061
  solvent.log_ss_half: -3.8567302227020264
  solvent.log_n_exp: 1.584334373474121
  solvent.phase_offset: -0.0238961074501276
After scaling: Rwork=0.2280, Rfree=0.2874
  VDW rebuild: max drift 2.60 Å > threshold 1.00 Å

Building VDW (non-bonded) restraints...
  Symmetry expansion: 25 valid (symop, offset) combos
  Grid: [6, 6, 7], 221/252 cells occupied, max 850 entries/cell
  Built 138177 VDW restraints, 14792 symmetry contacts

────────────────────────────────────────────────────────────────────
  XYZ Refinement
────────────────────────────────────────────────────────────────────

  adp (weight: 0.0200)
  ────────────────────────────────────────────────────────────────
    Metric                       Before      After     Change
    locality                    25173.9    25173.9     0.0000
    scaler_U                     4000.4     4000.4     0.0000
    scaler_log_scale            85482.3    85482.3     0.0000
    sigd                         2636.7     2636.7     0.0000
    simu                        11050.4    11050.4     0.0000

  geometry (weight: 0.2000)
  ────────────────────────────────────────────────────────────────
    Metric                       Before      After     Change
    angle                      -16388.8   -16389.4    -0.6133
    bond                       -12610.3   -12581.1   +29.1631
    chiral                    -178.4471  -177.0561    +1.3910
    nonbonded                  -35821.1   -35736.2   +84.9219
    planarity                   -7805.9    -7803.9    +1.9639
    torsion                      6263.3     6272.8    +9.4814

  other (weight: 1.0000)
  ────────────────────────────────────────────────────────────────
    Metric                       Before      After     Change
    xray                        85482.6    85356.9  -125.6953

  Group Totals
  ────────────────────────────────────────────────────────────────
    Group                        Before      After     Change
    adp                          2566.9     2566.9     0.0000
    geometry                   -13308.2   -13283.0   +25.2616
    xray                        85482.6    85356.9  -125.6953
────────────────────────────────────────────────────────────────────
  VDW rebuild: max drift 2.60 Å > threshold 1.00 Å

Building VDW (non-bonded) restraints...
  Symmetry expansion: 25 valid (symop, offset) combos
  Grid: [6, 6, 7], 221/252 cells occupied, max 850 entries/cell
  Built 138177 VDW restraints, 14792 symmetry contacts

────────────────────────────────────────────────────────────────────
  ADP Refinement
────────────────────────────────────────────────────────────────────

  adp (weight: 0.0200)
  ────────────────────────────────────────────────────────────────
    Metric                       Before      After     Change
    locality                    25224.5    24308.6  -915.9785
    scaler_U                     4000.4     4000.4     0.0000
    scaler_log_scale            85482.3    85482.3     0.0000
    sigd                         2636.7     2629.0    -7.6980
    simu                        11050.4    10760.6  -289.7930

  geometry (weight: 0.2000)
  ────────────────────────────────────────────────────────────────
    Metric                       Before      After     Change
    angle                      -16389.4   -16389.4     0.0000
    bond                       -12581.1   -12581.1     0.0000
    chiral                    -177.0561  -177.0561     0.0000
    nonbonded                  -35736.2   -35736.2     0.0000
    planarity                   -7803.9    -7803.9     0.0000
    torsion                      6272.8     6272.8     0.0000

  other (weight: 1.0000)
  ────────────────────────────────────────────────────────────────
    Metric                       Before      After     Change
    xray                        85356.9    85393.0   +36.1406

  Group Totals
  ────────────────────────────────────────────────────────────────
    Group                        Before      After     Change
    adp                          2567.9     2543.6   -24.2694
    geometry                   -13283.0   -13283.0     0.0000
    xray                        85356.9    85393.0   +36.1406
────────────────────────────────────────────────────────────────────

============================================================
LBFGS Refinement - Cycle 9/10
============================================================
Refining scales with LBFGS...
Scale refinement complete. rwork: 0.2259, rfree: 0.2880

Final Scale Parameters: 
  c_iso: tensor([ 0.8523,  0.8883,  0.2302, -0.1137,  0.0880, -0.0594])
  U: tensor([0.4524, 0.3408, 0.3572, 0.0228, 0.0043, 0.0085])
  solvent.log_k_solvent: -0.8982937335968018
  solvent.log_ss_half: -3.8501691818237305
  solvent.log_n_exp: 1.5853887796401978
  solvent.phase_offset: -0.02214519865810871
After scaling: Rwork=0.2259, Rfree=0.2880
  VDW rebuild: max drift 2.81 Å > threshold 1.00 Å

Building VDW (non-bonded) restraints...
  Symmetry expansion: 25 valid (symop, offset) combos
  Grid: [6, 6, 7], 221/252 cells occupied, max 850 entries/cell
  Built 138177 VDW restraints, 14792 symmetry contacts

────────────────────────────────────────────────────────────────────
  XYZ Refinement
────────────────────────────────────────────────────────────────────

  adp (weight: 0.0200)
  ────────────────────────────────────────────────────────────────
    Metric                       Before      After     Change
    locality                    24308.6    24308.6     0.0000
    scaler_U                     4013.9     4013.9     0.0000
    scaler_log_scale            85570.0    85570.0     0.0000
    sigd                         2629.0     2629.0     0.0000
    simu                        10760.6    10760.6     0.0000

  geometry (weight: 0.2000)
  ────────────────────────────────────────────────────────────────
    Metric                       Before      After     Change
    angle                      -16389.4   -16464.8   -75.4668
    bond                       -12581.1   -12616.7   -35.6201
    chiral                    -177.0561  -178.5552    -1.4991
    nonbonded                  -35736.2   -35811.5   -75.3125
    planarity                   -7803.9    -7815.6   -11.7358
    torsion                      6272.8     6274.9    +2.1108

  other (weight: 1.0000)
  ────────────────────────────────────────────────────────────────
    Metric                       Before      After     Change
    xray                        85397.5    85385.3   -12.2188

  Group Totals
  ────────────────────────────────────────────────────────────────
    Group                        Before      After     Change
    adp                          2545.6     2545.6     0.0000
    geometry                   -13283.0   -13322.5   -39.5045
    xray                        85397.5    85385.3   -12.2188
────────────────────────────────────────────────────────────────────
  VDW rebuild: max drift 2.81 Å > threshold 1.00 Å

Building VDW (non-bonded) restraints...
  Symmetry expansion: 25 valid (symop, offset) combos
  Grid: [6, 6, 7], 221/252 cells occupied, max 850 entries/cell
  Built 138177 VDW restraints, 14792 symmetry contacts

────────────────────────────────────────────────────────────────────
  ADP Refinement
────────────────────────────────────────────────────────────────────

  adp (weight: 0.0200)
  ────────────────────────────────────────────────────────────────
    Metric                       Before      After     Change
    locality                    24331.9    23787.6  -544.2559
    scaler_U                     4013.9     4013.9     0.0000
    scaler_log_scale            85570.0    85570.0     0.0000
    sigd                         2629.0     2624.6    -4.3149
    simu                        10760.6    10574.4  -186.2109

  geometry (weight: 0.2000)
  ────────────────────────────────────────────────────────────────
    Metric                       Before      After     Change
    angle                      -16464.8   -16464.8     0.0000
    bond                       -12616.7   -12616.7     0.0000
    chiral                    -178.5552  -178.5552     0.0000
    nonbonded                  -35811.5   -35811.5     0.0000
    planarity                   -7815.6    -7815.6     0.0000
    torsion                      6274.9     6274.9     0.0000

  other (weight: 1.0000)
  ────────────────────────────────────────────────────────────────
    Metric                       Before      After     Change
    xray                        85385.3    85402.9   +17.6016

  Group Totals
  ────────────────────────────────────────────────────────────────
    Group                        Before      After     Change
    adp                          2546.1     2531.4   -14.6957
    geometry                   -13322.5   -13322.5     0.0000
    xray                        85385.3    85402.9   +17.6016
────────────────────────────────────────────────────────────────────

============================================================
LBFGS Refinement - Cycle 10/10
============================================================
Refining scales with LBFGS...
Scale refinement complete. rwork: 0.2259, rfree: 0.2886

Final Scale Parameters: 
  c_iso: tensor([ 0.8521,  0.8878,  0.2310, -0.1143,  0.0894, -0.0592])
  U: tensor([0.4526, 0.3415, 0.3580, 0.0225, 0.0043, 0.0083])
  solvent.log_k_solvent: -0.8987950682640076
  solvent.log_ss_half: -3.850504159927368
  solvent.log_n_exp: 1.585687518119812
  solvent.phase_offset: -0.025823283940553665
After scaling: Rwork=0.2259, Rfree=0.2886
  VDW rebuild: max drift 2.74 Å > threshold 1.00 Å

Building VDW (non-bonded) restraints...
  Symmetry expansion: 25 valid (symop, offset) combos
  Grid: [6, 6, 7], 221/252 cells occupied, max 850 entries/cell
  Built 138177 VDW restraints, 14792 symmetry contacts

────────────────────────────────────────────────────────────────────
  XYZ Refinement
────────────────────────────────────────────────────────────────────

  adp (weight: 0.0200)
  ────────────────────────────────────────────────────────────────
    Metric                       Before      After     Change
    locality                    23787.6    23787.6     0.0000
    scaler_U                     4025.9     4025.9     0.0000
    scaler_log_scale            85497.3    85497.3     0.0000
    sigd                         2624.6     2624.6     0.0000
    simu                        10574.4    10574.4     0.0000

  geometry (weight: 0.2000)
  ────────────────────────────────────────────────────────────────
    Metric                       Before      After     Change
    angle                      -16464.8   -16471.8    -6.9531
    bond                       -12616.7   -12606.0   +10.7461
    chiral                    -178.5552  -177.6701    +0.8851
    nonbonded                  -35811.5   -35758.8   +52.7070
    planarity                   -7815.6    -7820.8    -5.2192
    torsion                      6274.9     6277.5    +2.5527

  other (weight: 1.0000)
  ────────────────────────────────────────────────────────────────
    Metric                       Before      After     Change
    xray                        85412.4    85366.9   -45.4766

  Group Totals
  ────────────────────────────────────────────────────────────────
    Group                        Before      After     Change
    adp                          2530.2     2530.2     0.0000
    geometry                   -13322.5   -13311.5   +10.9436
    xray                        85412.4    85366.9   -45.4766
────────────────────────────────────────────────────────────────────
  VDW rebuild: max drift 2.74 Å > threshold 1.00 Å

Building VDW (non-bonded) restraints...
  Symmetry expansion: 25 valid (symop, offset) combos
  Grid: [6, 6, 7], 221/252 cells occupied, max 850 entries/cell
  Built 138177 VDW restraints, 14792 symmetry contacts

────────────────────────────────────────────────────────────────────
  ADP Refinement
────────────────────────────────────────────────────────────────────

  adp (weight: 0.0200)
  ────────────────────────────────────────────────────────────────
    Metric                       Before      After     Change
    locality                    23810.5    23415.7  -394.8496
    scaler_U                     4025.9     4025.9     0.0000
    scaler_log_scale            85497.3    85497.3     0.0000
    sigd                         2624.6     2622.1    -2.4993
    simu                        10574.4    10418.9  -155.4502

  geometry (weight: 0.2000)
  ────────────────────────────────────────────────────────────────
    Metric                       Before      After     Change
    angle                      -16471.8   -16471.8     0.0000
    bond                       -12606.0   -12606.0     0.0000
    chiral                    -177.6701  -177.6701     0.0000
    nonbonded                  -35758.8   -35758.8     0.0000
    planarity                   -7820.8    -7820.8     0.0000
    torsion                      6277.5     6277.5     0.0000

  other (weight: 1.0000)
  ────────────────────────────────────────────────────────────────
    Metric                       Before      After     Change
    xray                        85366.9    85393.7   +26.7422

  Group Totals
  ────────────────────────────────────────────────────────────────
    Group                        Before      After     Change
    adp                          2530.7     2519.6   -11.0560
    geometry                   -13311.5   -13311.5     0.0000
    xray                        85366.9    85393.7   +26.7422
────────────────────────────────────────────────────────────────────
Calculating initial scale factors using 10 bins.
Refining scales with LBFGS...
Scale refinement complete. rwork: 0.2251, rfree: 0.2893

Final Scale Parameters: 
  c_iso: tensor([ 0.8480,  0.8867,  0.2282, -0.1124,  0.0879, -0.0575])
  U: tensor([0.4522, 0.3415, 0.3579, 0.0222, 0.0043, 0.0082])
  solvent.log_k_solvent: -0.8981606364250183
  solvent.log_ss_half: -3.8454880714416504
  solvent.log_n_exp: 1.6072897911071777
  solvent.phase_offset: -0.022373029962182045

Refinement completed successfully.

Saving results to /das/work/units/LBR-FEL/p17490/Peter/Library/work_trees_torchref/alignement/alignment_lab/benchmarks/af_mr/runs/dmin4.0/1B9K/refine_phaser_mr...
  Refined structure (PDB): /das/work/units/LBR-FEL/p17490/Peter/Library/work_trees_torchref/alignement/alignment_lab/benchmarks/af_mr/runs/dmin4.0/1B9K/refine_phaser_mr/refined.pdb
  Refined structure (mmCIF): /das/work/units/LBR-FEL/p17490/Peter/Library/work_trees_torchref/alignement/alignment_lab/benchmarks/af_mr/runs/dmin4.0/1B9K/refine_phaser_mr/refined.cif
Added map coefficients:
  2Fo-Fc: FWT, PHWT
  Fo-Fc: DELFWT, PHDELWT
  Resolution range: 1.90 - 15.60 Å
✓ Wrote MTZ file: /das/work/units/LBR-FEL/p17490/Peter/Library/work_trees_torchref/alignement/alignment_lab/benchmarks/af_mr/runs/dmin4.0/1B9K/refine_phaser_mr/refined.mtz
  Reflections: 18198
  Columns: H, K, L, F-obs, SIGF-obs, R-free-flags, FWT, PHWT, DELFWT, PHDELWT, F-model, PH-model
  Refined structure factors: /das/work/units/LBR-FEL/p17490/Peter/Library/work_trees_torchref/alignement/alignment_lab/benchmarks/af_mr/runs/dmin4.0/1B9K/refine_phaser_mr/refined.mtz
  Refinement history: /das/work/units/LBR-FEL/p17490/Peter/Library/work_trees_torchref/alignement/alignment_lab/benchmarks/af_mr/runs/dmin4.0/1B9K/refine_phaser_mr/refinement_history.json

================================================================================
Refinement Summary
================================================================================
R-work:  0.2251 (17836 reflections)
R-free:  0.2893 (360 reflections)
NLL work: 85406.98
NLL test: 1774.28
================================================================================

Output files:
  - /das/work/units/LBR-FEL/p17490/Peter/Library/work_trees_torchref/alignement/alignment_lab/benchmarks/af_mr/runs/dmin4.0/1B9K/refine_phaser_mr/refined.pdb
  - /das/work/units/LBR-FEL/p17490/Peter/Library/work_trees_torchref/alignement/alignment_lab/benchmarks/af_mr/runs/dmin4.0/1B9K/refine_phaser_mr/refined.cif
  - /das/work/units/LBR-FEL/p17490/Peter/Library/work_trees_torchref/alignement/alignment_lab/benchmarks/af_mr/runs/dmin4.0/1B9K/refine_phaser_mr/refined.mtz
  - /das/work/units/LBR-FEL/p17490/Peter/Library/work_trees_torchref/alignement/alignment_lab/benchmarks/af_mr/runs/dmin4.0/1B9K/refine_phaser_mr/refinement_history.json

Refinement completed successfully!

Timing: 613.1s wall, 449.1s CPU
