/das/work/units/LBR-FEL/p17490/Peter/Library/work_trees_torchref/alignement/torchref/cli/refine.py:21: UserWarning: TorchRef using user-specified 8 threads from TORCHREF_NUM_THREADS.
  from torchref.cli._common import (
================================================================================
TorchRef LBFGS Refinement
================================================================================
Model:             /das/work/units/LBR-FEL/p17490/Peter/Library/work_trees_torchref/dev/paper/figure2_alphafold_start/placed/1B9K_af.pdb
Structure factor:  /das/work/units/LBR-FEL/p17490/Peter/Library/work_trees_torchref/dev/paper/data/1B9K/1B9K.mtz
Output directory:  /das/work/units/LBR-FEL/p17490/Peter/Library/work_trees_torchref/alignement/alignment_lab/benchmarks/af_mr/runs/dmin3.0/1B9K/refine_phaser_mr
Refinement mode:   separate
X-ray target:      ml
Refinement cycles: 10
Rigid-body step:   on (iterations/cutoff = 30)
Device:            auto
ADP mode:          isotropic
Wavelength:        1 A
Manual weights:    {"adp": 0.02}
================================================================================

Initializing refinement...
found non-finite F values (NaN/Inf):  0
found non-finite F_sigma values (NaN/Inf):  0
Wilson outlier rejection: 2/16247 (0.0123%) of tested reflections flagged (2 too strong, 0 too weak)
Loaded 1891 atoms
Building restraints...
Found 109 link definitions

Building VDW (non-bonded) restraints...
  Symmetry expansion: 25 valid (symop, offset) combos
  Grid: [6, 6, 7], 211/252 cells occupied, max 525 entries/cell
  Built 32778 VDW restraints, 3244 symmetry contacts
  Hydrogen topology: 1874 riding H atoms
  H candidate pairs: 79658 (20084 H-H, 59574 H-heavy, 7057 symmetry)
================================================================================
Restraints Summary
================================================================================
CIF file: None
Residue types in dictionary: 20

INTRA-RESIDUE RESTRAINTS:
--------------------------------------------------------------------------------
  Bonds: 1691
  Angles: 1890
  Torsions: 503
  Planes: 369
  Chirals: 295

INTER-RESIDUE RESTRAINTS:
--------------------------------------------------------------------------------
  Peptide bonds: 228
  Peptide angles: 695
  Disulfide bonds: 0
  Disulfide angles: 0
  Disulfide torsions: 0
  LINK bonds: 0

BACKBONE TORSIONS:
--------------------------------------------------------------------------------
  Phi: 228
  Psi: 228
  Omega: 228
  Ramachandran: 219

VDW RESTRAINTS:
--------------------------------------------------------------------------------
  Non-bonded contacts: 32778 (29534 intra-ASU, 3244 symmetry)
================================================================================
Generated 1882 hydrogens
ADP representation: isotropic, 3773 parameters, 4.7 work reflections each
Initialized ScalerBase with 10 bins.
Building restraints...

Building VDW (non-bonded) restraints...
  Symmetry expansion: 25 valid (symop, offset) combos
  Grid: [6, 6, 7], 221/252 cells occupied, max 850 entries/cell
  Built 138177 VDW restraints, 14792 symmetry contacts
================================================================================
Restraints Summary
================================================================================
CIF file: None
Residue types in dictionary: 20

INTRA-RESIDUE RESTRAINTS:
--------------------------------------------------------------------------------
  Bonds: 3573
  Angles: 5926
  Torsions: 760
  Planes: 645
  Chirals: 295

INTER-RESIDUE RESTRAINTS:
--------------------------------------------------------------------------------
  Peptide bonds: 228
  Peptide angles: 912
  Disulfide bonds: 0
  Disulfide angles: 0
  Disulfide torsions: 0
  LINK bonds: 0

BACKBONE TORSIONS:
--------------------------------------------------------------------------------
  Phi: 228
  Psi: 228
  Omega: 228
  Ramachandran: 219

VDW RESTRAINTS:
--------------------------------------------------------------------------------
  Non-bonded contacts: 138177 (123385 intra-ASU, 14792 symmetry)
================================================================================
Initializing TotalGeometryTarget with component targets...
Initializing TotalADPTarget with component targets: simu, locality, sigd
Parametrization built for 5 unique atom types
SfFFT: Using late symmetry (reciprocal space)
Calculating initial scale factors using 10 bins.
Refining scales with LBFGS...
Scale refinement complete. rwork: 0.4131, rfree: 0.4511

Final Scale Parameters: 
  c_iso: tensor([ 1.3201,  1.5066,  0.3592, -0.0638,  0.0737, -0.0345])
  U: tensor([0.6917, 0.5813, 0.5893, 0.0213, 0.0082, 0.0009])
  solvent.log_k_solvent: -0.9575188755989075
  solvent.log_ss_half: -3.916378974914551
  solvent.log_n_exp: 1.5760207176208496
  solvent.phase_offset: -0.0208881888538599
Initialized targets with xray_mode='ml'
Applied manual group weights: {'xray': 1.0, 'geometry': 0.2, 'geometry/ramachandran': 0.0, 'adp': 0.02, 'adp/sigd': 1.0, 'adp/node_load': 10.0, 'adp/node_smoothness': 0.0}
Refinement initialized successfully.

Starting refinement with 10 macro cycles...

Rigid-body step enabled: one multi-resolution rigid-body pass will run once at the start of refinement.


--- Rigid-body step (once, at start) ---
Switched to rigid-body parametrization: RigidXYZTensor(n_atoms=3773, n_chains=2) (2 chain(s))
Filtering: 556/18198 reflections in range [inf - 6.0] Å (556 valid after all masks)
  Note: Adjusted bins from 10 to 5 (min 100 refl/bin)
Initialized ScalerBase with 5 bins.
Calculating initial scale factors using 5 bins.
Calculating initial scale factors using 5 bins.
Refining scales with LBFGS...
Scale refinement complete. rwork: 0.2764, rfree: 0.2183

Final Scale Parameters: 
  c_iso: tensor([-0.0426, -0.3274, -0.1590,  0.2477,  0.0900,  0.0833])
  U: tensor([1.0062, 0.9312, 1.0442, 0.0578, 0.0444, 0.0213])
  solvent.log_k_solvent: -1.1022790670394897
  solvent.log_ss_half: -3.8346469402313232
  solvent.log_n_exp: 1.7347763776779175
  solvent.phase_offset: -0.02022155188024044
  rigid-body d_min=6.00 (lbfgs, iters=30): Rwork=0.2703 Rfree=0.2159
Filtering: 3264/18198 reflections in range [inf - 3.376675719587637] Å (3264 valid after all masks)
Initialized ScalerBase with 10 bins.
Calculating initial scale factors using 10 bins.
Calculating initial scale factors using 10 bins.
Refining scales with LBFGS...
Scale refinement complete. rwork: 0.3237, rfree: 0.3464

Final Scale Parameters: 
  c_iso: tensor([ 1.1278,  0.5221, -1.1539, -0.6239, -0.0093,  0.1636])
  U: tensor([ 1.3701e+00,  1.2924e+00,  1.2602e+00,  4.9967e-04,  3.4617e-02,
        -1.9061e-03])
  solvent.log_k_solvent: -1.1373463869094849
  solvent.log_ss_half: -4.334084510803223
  solvent.log_n_exp: 0.8290194272994995
  solvent.phase_offset: -0.015095790848135948
  rigid-body d_min=3.38 (lbfgs, iters=30): Rwork=0.3423 Rfree=0.3840
Filtering: 18198/18198 reflections in range [inf - 1.9003231525421143] Å (18196 valid after all masks)
Initialized ScalerBase with 10 bins.
Calculating initial scale factors using 10 bins.
Calculating initial scale factors using 10 bins.
Refining scales with LBFGS...
Scale refinement complete. rwork: 0.3881, rfree: 0.4162

Final Scale Parameters: 
  c_iso: tensor([ 0.6367,  0.6367,  0.2181, -0.0897,  0.0876, -0.0436])
  U: tensor([0.3766, 0.2616, 0.2750, 0.0222, 0.0047, 0.0037])
  solvent.log_k_solvent: -0.8410821557044983
  solvent.log_ss_half: -3.7800090312957764
  solvent.log_n_exp: 2.446654796600342
  solvent.phase_offset: -0.010657193139195442
  rigid-body d_min=1.90 (lbfgs, iters=30): Rwork=0.4118 Rfree=0.4579
Initialized ScalerBase with 10 bins.
Calculating initial scale factors using 10 bins.
Calculating initial scale factors using 10 bins.
Refining scales with LBFGS...
Scale refinement complete. rwork: 0.3871, rfree: 0.4136

Final Scale Parameters: 
  c_iso: tensor([ 0.7086,  0.7229,  0.2345, -0.0868,  0.0841, -0.0414])
  U: tensor([0.4085, 0.2928, 0.3074, 0.0229, 0.0045, 0.0042])
  solvent.log_k_solvent: -0.8457878828048706
  solvent.log_ss_half: -3.780191421508789
  solvent.log_n_exp: 2.540876626968384
  solvent.phase_offset: -0.0069544147700071335
Initialized ScalerBase with 10 bins.
Calculating initial scale factors using 10 bins.
Calculating initial scale factors using 10 bins.
Refining scales with LBFGS...
Scale refinement complete. rwork: 0.3871, rfree: 0.4136

Final Scale Parameters: 
  c_iso: tensor([ 0.7090,  0.7227,  0.2349, -0.0870,  0.0843, -0.0415])
  U: tensor([0.4085, 0.2929, 0.3074, 0.0229, 0.0045, 0.0042])
  solvent.log_k_solvent: -0.8456360101699829
  solvent.log_ss_half: -3.7800939083099365
  solvent.log_n_exp: 2.544316291809082
  solvent.phase_offset: -0.007135170977562666

============================================================
LBFGS Refinement - Cycle 1/10
============================================================
Refining scales with LBFGS...
Scale refinement complete. rwork: 0.3871, rfree: 0.4149

Final Scale Parameters: 
  c_iso: tensor([ 1.0327,  1.1226,  0.3024, -0.0789,  0.0820, -0.0395])
  U: tensor([0.5540, 0.4383, 0.4527, 0.0229, 0.0046, 0.0041])
  solvent.log_k_solvent: -0.8892806172370911
  solvent.log_ss_half: -3.861051082611084
  solvent.log_n_exp: 1.6974900960922241
  solvent.phase_offset: -0.0037883389741182327
After scaling: Rwork=0.3871, Rfree=0.4149
  VDW rebuild: max drift 1.33 Å > threshold 1.00 Å

Building VDW (non-bonded) restraints...
  Symmetry expansion: 25 valid (symop, offset) combos
  Grid: [6, 6, 7], 221/252 cells occupied, max 850 entries/cell
  Built 138177 VDW restraints, 14792 symmetry contacts

────────────────────────────────────────────────────────────────────
  XYZ Refinement
────────────────────────────────────────────────────────────────────

  adp (weight: 0.0200)
  ────────────────────────────────────────────────────────────────
    Metric                       Before      After     Change
    locality                    10832.5    10832.5     0.0000
    scaler_U                     6332.7     6332.7     0.0000
    scaler_log_scale           137084.7   137084.7     0.0000
    sigd                         2492.3     2492.3     0.0000
    simu                         6492.8     6492.8     0.0000

  geometry (weight: 0.2000)
  ────────────────────────────────────────────────────────────────
    Metric                       Before      After     Change
    angle                      -15718.7   -16495.2  -776.4844
    bond                       -11777.3   -12599.5  -822.1377
    chiral                    -160.0180  -185.6552   -25.6372
    nonbonded                  -31657.1   -35995.6    -4338.5
    planarity                   -7693.6    -7783.3   -89.7148
    torsion                      6152.2     6236.8   +84.5884

  other (weight: 1.0000)
  ────────────────────────────────────────────────────────────────
    Metric                       Before      After     Change
    xray                        93515.2    92163.2    -1352.1

  Group Totals
  ────────────────────────────────────────────────────────────────
    Group                        Before      After     Change
    adp                          3264.7     3264.7     0.0000
    geometry                   -12170.9   -13364.5    -1193.6
    xray                        93515.2    92163.2    -1352.1
────────────────────────────────────────────────────────────────────
  VDW rebuild: max drift 1.33 Å > threshold 1.00 Å

Building VDW (non-bonded) restraints...
  Symmetry expansion: 25 valid (symop, offset) combos
  Grid: [6, 6, 7], 221/252 cells occupied, max 850 entries/cell
  Built 138177 VDW restraints, 14792 symmetry contacts

────────────────────────────────────────────────────────────────────
  ADP Refinement
────────────────────────────────────────────────────────────────────

  adp (weight: 0.0200)
  ────────────────────────────────────────────────────────────────
    Metric                       Before      After     Change
    locality                    10840.2    13303.9    +2463.7
    scaler_U                     6332.7     6332.7     0.0000
    scaler_log_scale           137084.7   137084.7     0.0000
    sigd                         2492.3     2557.0   +64.7292
    simu                         6492.8     8027.8    +1535.0

  geometry (weight: 0.2000)
  ────────────────────────────────────────────────────────────────
    Metric                       Before      After     Change
    angle                      -16495.2   -16495.2     0.0000
    bond                       -12599.5   -12599.5     0.0000
    chiral                    -185.6552  -185.6552     0.0000
    nonbonded                  -35995.6   -35995.6     0.0000
    planarity                   -7783.3    -7783.3     0.0000
    torsion                      6236.8     6236.8     0.0000

  other (weight: 1.0000)
  ────────────────────────────────────────────────────────────────
    Metric                       Before      After     Change
    xray                        92163.2    91292.0  -871.1250

  Group Totals
  ────────────────────────────────────────────────────────────────
    Group                        Before      After     Change
    adp                          3264.9     3346.1   +81.2683
    geometry                   -13364.5   -13364.5     0.0000
    xray                        92163.2    91292.0  -871.1250
────────────────────────────────────────────────────────────────────

============================================================
LBFGS Refinement - Cycle 2/10
============================================================
Refining scales with LBFGS...
Scale refinement complete. rwork: 0.3296, rfree: 0.3815

Final Scale Parameters: 
  c_iso: tensor([ 1.0304,  1.1162,  0.2868, -0.0989,  0.0906, -0.0487])
  U: tensor([0.5516, 0.4357, 0.4471, 0.0231, 0.0054, 0.0047])
  solvent.log_k_solvent: -0.89729243516922
  solvent.log_ss_half: -3.903912305831909
  solvent.log_n_exp: 1.5882021188735962
  solvent.phase_offset: -0.013692367821931839
After scaling: Rwork=0.3296, Rfree=0.3815
  VDW rebuild: max drift 1.61 Å > threshold 1.00 Å

Building VDW (non-bonded) restraints...
  Symmetry expansion: 25 valid (symop, offset) combos
  Grid: [6, 6, 7], 221/252 cells occupied, max 850 entries/cell
  Built 138177 VDW restraints, 14792 symmetry contacts

────────────────────────────────────────────────────────────────────
  XYZ Refinement
────────────────────────────────────────────────────────────────────

  adp (weight: 0.0200)
  ────────────────────────────────────────────────────────────────
    Metric                       Before      After     Change
    locality                    13303.9    13303.9     0.0000
    scaler_U                     6240.8     6240.8     0.0000
    scaler_log_scale           133091.0   133091.0     0.0000
    sigd                         2557.0     2557.0     0.0000
    simu                         8027.8     8027.8     0.0000

  geometry (weight: 0.2000)
  ────────────────────────────────────────────────────────────────
    Metric                       Before      After     Change
    angle                      -16495.2   -16506.8   -11.6270
    bond                       -12599.5   -12605.2    -5.7100
    chiral                    -185.6552  -180.0286    +5.6266
    nonbonded                  -35995.6   -35813.1  +182.4297
    planarity                   -7783.3    -7786.4    -3.1587
    torsion                      6236.8     6236.4    -0.4741

  other (weight: 1.0000)
  ────────────────────────────────────────────────────────────────
    Metric                       Before      After     Change
    xray                        91240.6    89386.0    -1854.6

  Group Totals
  ────────────────────────────────────────────────────────────────
    Group                        Before      After     Change
    adp                          3264.4     3264.4     0.0000
    geometry                   -13364.5   -13331.0   +33.4171
    xray                        91240.6    89386.0    -1854.6
────────────────────────────────────────────────────────────────────
  VDW rebuild: max drift 1.61 Å > threshold 1.00 Å

Building VDW (non-bonded) restraints...
  Symmetry expansion: 25 valid (symop, offset) combos
  Grid: [6, 6, 7], 221/252 cells occupied, max 850 entries/cell
  Built 138177 VDW restraints, 14792 symmetry contacts

────────────────────────────────────────────────────────────────────
  ADP Refinement
────────────────────────────────────────────────────────────────────

  adp (weight: 0.0200)
  ────────────────────────────────────────────────────────────────
    Metric                       Before      After     Change
    locality                    13317.7    20890.6    +7573.0
    scaler_U                     6240.8     6240.8     0.0000
    scaler_log_scale           133091.0   133091.0     0.0000
    sigd                         2557.0     2622.9   +65.8994
    simu                         8027.8     9631.4    +1603.6

  geometry (weight: 0.2000)
  ────────────────────────────────────────────────────────────────
    Metric                       Before      After     Change
    angle                      -16506.8   -16506.8     0.0000
    bond                       -12605.2   -12605.2     0.0000
    chiral                    -180.0286  -180.0286     0.0000
    nonbonded                  -35813.1   -35813.1     0.0000
    planarity                   -7786.4    -7786.4     0.0000
    torsion                      6236.4     6236.4     0.0000

  other (weight: 1.0000)
  ────────────────────────────────────────────────────────────────
    Metric                       Before      After     Change
    xray                        89386.0    88921.6  -464.4688

  Group Totals
  ────────────────────────────────────────────────────────────────
    Group                        Before      After     Change
    adp                          3264.7     3449.5  +184.8503
    geometry                   -13331.0   -13331.0     0.0000
    xray                        89386.0    88921.6  -464.4688
────────────────────────────────────────────────────────────────────

============================================================
LBFGS Refinement - Cycle 3/10
============================================================
Refining scales with LBFGS...
Scale refinement complete. rwork: 0.2805, rfree: 0.3324

Final Scale Parameters: 
  c_iso: tensor([ 1.0323,  1.1061,  0.2761, -0.1097,  0.0853, -0.0579])
  U: tensor([0.5433, 0.4276, 0.4410, 0.0246, 0.0042, 0.0070])
  solvent.log_k_solvent: -0.9062654376029968
  solvent.log_ss_half: -3.906062126159668
  solvent.log_n_exp: 1.5269520282745361
  solvent.phase_offset: -0.019609177485108376
After scaling: Rwork=0.2805, Rfree=0.3324
  VDW rebuild: max drift 1.72 Å > threshold 1.00 Å

Building VDW (non-bonded) restraints...
  Symmetry expansion: 25 valid (symop, offset) combos
  Grid: [6, 6, 7], 221/252 cells occupied, max 850 entries/cell
  Built 138177 VDW restraints, 14792 symmetry contacts

────────────────────────────────────────────────────────────────────
  XYZ Refinement
────────────────────────────────────────────────────────────────────

  adp (weight: 0.0200)
  ────────────────────────────────────────────────────────────────
    Metric                       Before      After     Change
    locality                    20890.6    20890.6     0.0000
    scaler_U                     6045.6     6045.6     0.0000
    scaler_log_scale           130812.3   130812.3     0.0000
    sigd                         2622.9     2622.9     0.0000
    simu                         9631.4     9631.4     0.0000

  geometry (weight: 0.2000)
  ────────────────────────────────────────────────────────────────
    Metric                       Before      After     Change
    angle                      -16506.8   -16412.8   +94.0625
    bond                       -12605.2   -12643.0   -37.8008
    chiral                    -180.0286  -178.8121    +1.2165
    nonbonded                  -35813.1   -35799.5   +13.5977
    planarity                   -7786.4    -7775.3   +11.1401
    torsion                      6236.4     6270.3   +33.9243

  other (weight: 1.0000)
  ────────────────────────────────────────────────────────────────
    Metric                       Before      After     Change
    xray                        88861.8    87619.3    -1242.5

  Group Totals
  ────────────────────────────────────────────────────────────────
    Group                        Before      After     Change
    adp                          3400.1     3400.1     0.0000
    geometry                   -13331.0   -13307.8   +23.2279
    xray                        88861.8    87619.3    -1242.5
────────────────────────────────────────────────────────────────────
  VDW rebuild: max drift 1.72 Å > threshold 1.00 Å

Building VDW (non-bonded) restraints...
  Symmetry expansion: 25 valid (symop, offset) combos
  Grid: [6, 6, 7], 221/252 cells occupied, max 850 entries/cell
  Built 138177 VDW restraints, 14792 symmetry contacts

────────────────────────────────────────────────────────────────────
  ADP Refinement
────────────────────────────────────────────────────────────────────

  adp (weight: 0.0200)
  ────────────────────────────────────────────────────────────────
    Metric                       Before      After     Change
    locality                    20928.7    24443.8    +3515.1
    scaler_U                     6045.6     6045.6     0.0000
    scaler_log_scale           130812.3   130812.3     0.0000
    sigd                         2622.9     2641.0   +18.0977
    simu                         9631.4    10639.5    +1008.1

  geometry (weight: 0.2000)
  ────────────────────────────────────────────────────────────────
    Metric                       Before      After     Change
    angle                      -16412.8   -16412.8     0.0000
    bond                       -12643.0   -12643.0     0.0000
    chiral                    -178.8121  -178.8121     0.0000
    nonbonded                  -35799.5   -35799.5     0.0000
    planarity                   -7775.3    -7775.3     0.0000
    torsion                      6270.3     6270.3     0.0000

  other (weight: 1.0000)
  ────────────────────────────────────────────────────────────────
    Metric                       Before      After     Change
    xray                        87619.3    87379.7  -239.5781

  Group Totals
  ────────────────────────────────────────────────────────────────
    Group                        Before      After     Change
    adp                          3400.8     3491.6   +90.8259
    geometry                   -13307.8   -13307.8     0.0000
    xray                        87619.3    87379.7  -239.5781
────────────────────────────────────────────────────────────────────

============================================================
LBFGS Refinement - Cycle 4/10
============================================================
Refining scales with LBFGS...
Scale refinement complete. rwork: 0.2550, rfree: 0.3082

Final Scale Parameters: 
  c_iso: tensor([ 1.0130,  1.0873,  0.2690, -0.1106,  0.0855, -0.0611])
  U: tensor([0.5290, 0.4150, 0.4296, 0.0242, 0.0033, 0.0080])
  solvent.log_k_solvent: -0.9101675748825073
  solvent.log_ss_half: -3.8814773559570312
  solvent.log_n_exp: 1.4915523529052734
  solvent.phase_offset: -0.021360166370868683
After scaling: Rwork=0.2550, Rfree=0.3082
  VDW rebuild: max drift 2.65 Å > threshold 1.00 Å

Building VDW (non-bonded) restraints...
  Symmetry expansion: 25 valid (symop, offset) combos
  Grid: [6, 6, 7], 221/252 cells occupied, max 850 entries/cell
  Built 138177 VDW restraints, 14792 symmetry contacts

────────────────────────────────────────────────────────────────────
  XYZ Refinement
────────────────────────────────────────────────────────────────────

  adp (weight: 0.0200)
  ────────────────────────────────────────────────────────────────
    Metric                       Before      After     Change
    locality                    24443.8    24443.8     0.0000
    scaler_U                     5722.2     5722.2     0.0000
    scaler_log_scale           126118.0   126118.0     0.0000
    sigd                         2641.0     2641.0     0.0000
    simu                        10639.5    10639.5     0.0000

  geometry (weight: 0.2000)
  ────────────────────────────────────────────────────────────────
    Metric                       Before      After     Change
    angle                      -16412.8   -16324.7   +88.0996
    bond                       -12643.0   -12450.4  +192.5439
    chiral                    -178.8121  -176.2892    +2.5230
    nonbonded                  -35799.5   -35787.4   +12.1055
    planarity                   -7775.3    -7806.8   -31.5132
    torsion                      6270.3     6254.8   -15.4404

  other (weight: 1.0000)
  ────────────────────────────────────────────────────────────────
    Metric                       Before      After     Change
    xray                        87322.6    86538.9  -783.7188

  Group Totals
  ────────────────────────────────────────────────────────────────
    Group                        Before      After     Change
    adp                          3391.3     3391.3     0.0000
    geometry                   -13307.8   -13258.2   +49.6639
    xray                        87322.6    86538.9  -783.7188
────────────────────────────────────────────────────────────────────
  VDW rebuild: max drift 2.65 Å > threshold 1.00 Å

Building VDW (non-bonded) restraints...
  Symmetry expansion: 25 valid (symop, offset) combos
  Grid: [6, 6, 7], 221/252 cells occupied, max 850 entries/cell
  Built 138177 VDW restraints, 14792 symmetry contacts

────────────────────────────────────────────────────────────────────
  ADP Refinement
────────────────────────────────────────────────────────────────────

  adp (weight: 0.0200)
  ────────────────────────────────────────────────────────────────
    Metric                       Before      After     Change
    locality                    24453.4    25109.9  +656.4707
    scaler_U                     5722.2     5722.2     0.0000
    scaler_log_scale           126118.0   126118.0     0.0000
    sigd                         2641.0     2638.1    -2.8970
    simu                        10639.5    10785.6  +146.1084

  geometry (weight: 0.2000)
  ────────────────────────────────────────────────────────────────
    Metric                       Before      After     Change
    angle                      -16324.7   -16324.7     0.0000
    bond                       -12450.4   -12450.4     0.0000
    chiral                    -176.2892  -176.2892     0.0000
    nonbonded                  -35787.4   -35787.4     0.0000
    planarity                   -7806.8    -7806.8     0.0000
    torsion                      6254.8     6254.8     0.0000

  other (weight: 1.0000)
  ────────────────────────────────────────────────────────────────
    Metric                       Before      After     Change
    xray                        86538.9    86461.6   -77.2578

  Group Totals
  ────────────────────────────────────────────────────────────────
    Group                        Before      After     Change
    adp                          3391.5     3407.5   +15.9937
    geometry                   -13258.2   -13258.2     0.0000
    xray                        86538.9    86461.6   -77.2578
────────────────────────────────────────────────────────────────────

============================================================
LBFGS Refinement - Cycle 5/10
============================================================
Refining scales with LBFGS...
Scale refinement complete. rwork: 0.2410, rfree: 0.3032

Final Scale Parameters: 
  c_iso: tensor([ 1.0005,  1.0646,  0.2670, -0.1136,  0.0892, -0.0611])
  U: tensor([0.5217, 0.4085, 0.4242, 0.0238, 0.0030, 0.0086])
  solvent.log_k_solvent: -0.9171639680862427
  solvent.log_ss_half: -3.8893892765045166
  solvent.log_n_exp: 1.4711103439331055
  solvent.phase_offset: -0.023599253967404366
After scaling: Rwork=0.2410, Rfree=0.3032
  VDW rebuild: max drift 2.26 Å > threshold 1.00 Å

Building VDW (non-bonded) restraints...
  Symmetry expansion: 25 valid (symop, offset) combos
  Grid: [6, 6, 7], 221/252 cells occupied, max 850 entries/cell
  Built 138177 VDW restraints, 14792 symmetry contacts

────────────────────────────────────────────────────────────────────
  XYZ Refinement
────────────────────────────────────────────────────────────────────

  adp (weight: 0.0200)
  ────────────────────────────────────────────────────────────────
    Metric                       Before      After     Change
    locality                    25109.9    25109.9     0.0000
    scaler_U                     5564.3     5564.3     0.0000
    scaler_log_scale           121321.9   121321.9     0.0000
    sigd                         2638.1     2638.1     0.0000
    simu                        10785.6    10785.6     0.0000

  geometry (weight: 0.2000)
  ────────────────────────────────────────────────────────────────
    Metric                       Before      After     Change
    angle                      -16324.7   -16445.5  -120.8086
    bond                       -12450.4   -12619.6  -169.1465
    chiral                    -176.2892  -179.4165    -3.1274
    nonbonded                  -35787.4   -35886.8   -99.3906
    planarity                   -7806.8    -7803.4    +3.3916
    torsion                      6254.8     6252.5    -2.3359

  other (weight: 1.0000)
  ────────────────────────────────────────────────────────────────
    Metric                       Before      After     Change
    xray                        86464.1    85987.5  -476.5547

  Group Totals
  ────────────────────────────────────────────────────────────────
    Group                        Before      After     Change
    adp                          3308.4     3308.4     0.0000
    geometry                   -13258.2   -13336.4   -78.2837
    xray                        86464.1    85987.5  -476.5547
────────────────────────────────────────────────────────────────────
  VDW rebuild: max drift 2.26 Å > threshold 1.00 Å

Building VDW (non-bonded) restraints...
  Symmetry expansion: 25 valid (symop, offset) combos
  Grid: [6, 6, 7], 221/252 cells occupied, max 850 entries/cell
  Built 138177 VDW restraints, 14792 symmetry contacts

────────────────────────────────────────────────────────────────────
  ADP Refinement
────────────────────────────────────────────────────────────────────

  adp (weight: 0.0200)
  ────────────────────────────────────────────────────────────────
    Metric                       Before      After     Change
    locality                    25106.5    25659.7  +553.2051
    scaler_U                     5564.3     5564.3     0.0000
    scaler_log_scale           121321.9   121321.9     0.0000
    sigd                         2638.1     2642.2    +4.0806
    simu                        10785.6    11097.8  +312.2109

  geometry (weight: 0.2000)
  ────────────────────────────────────────────────────────────────
    Metric                       Before      After     Change
    angle                      -16445.5   -16445.5     0.0000
    bond                       -12619.6   -12619.6     0.0000
    chiral                    -179.4165  -179.4165     0.0000
    nonbonded                  -35886.8   -35886.8     0.0000
    planarity                   -7803.4    -7803.4     0.0000
    torsion                      6252.5     6252.5     0.0000

  other (weight: 1.0000)
  ────────────────────────────────────────────────────────────────
    Metric                       Before      After     Change
    xray                        85987.5    85911.0   -76.5078

  Group Totals
  ────────────────────────────────────────────────────────────────
    Group                        Before      After     Change
    adp                          3308.3     3325.7   +17.3899
    geometry                   -13336.4   -13336.4     0.0000
    xray                        85987.5    85911.0   -76.5078
────────────────────────────────────────────────────────────────────

============================================================
LBFGS Refinement - Cycle 6/10
============================================================
Refining scales with LBFGS...
Scale refinement complete. rwork: 0.2344, rfree: 0.2890

Final Scale Parameters: 
  c_iso: tensor([ 0.8839,  0.9249,  0.2392, -0.1170,  0.0923, -0.0644])
  U: tensor([0.4677, 0.3559, 0.3715, 0.0233, 0.0033, 0.0085])
  solvent.log_k_solvent: -0.9042536616325378
  solvent.log_ss_half: -3.865135908126831
  solvent.log_n_exp: 1.5578808784484863
  solvent.phase_offset: -0.024245750159025192
After scaling: Rwork=0.2344, Rfree=0.2890
  VDW rebuild: max drift 2.17 Å > threshold 1.00 Å

Building VDW (non-bonded) restraints...
  Symmetry expansion: 25 valid (symop, offset) combos
  Grid: [6, 6, 7], 221/252 cells occupied, max 850 entries/cell
  Built 138177 VDW restraints, 14792 symmetry contacts

────────────────────────────────────────────────────────────────────
  XYZ Refinement
────────────────────────────────────────────────────────────────────

  adp (weight: 0.0200)
  ────────────────────────────────────────────────────────────────
    Metric                       Before      After     Change
    locality                    25659.7    25659.7     0.0000
    scaler_U                     4331.9     4331.9     0.0000
    scaler_log_scale            92733.5    92733.5     0.0000
    sigd                         2642.2     2642.2     0.0000
    simu                        11097.8    11097.8     0.0000

  geometry (weight: 0.2000)
  ────────────────────────────────────────────────────────────────
    Metric                       Before      After     Change
    angle                      -16445.5   -16383.7   +61.7529
    bond                       -12619.6   -12592.0   +27.5635
    chiral                    -179.4165  -175.9459    +3.4707
    nonbonded                  -35886.8   -35740.1  +146.7461
    planarity                   -7803.4    -7809.1    -5.6484
    torsion                      6252.5     6258.2    +5.7324

  other (weight: 1.0000)
  ────────────────────────────────────────────────────────────────
    Metric                       Before      After     Change
    xray                        85897.5    85586.8  -310.7500

  Group Totals
  ────────────────────────────────────────────────────────────────
    Group                        Before      After     Change
    adp                          2729.3     2729.3     0.0000
    geometry                   -13336.4   -13288.5   +47.9237
    xray                        85897.5    85586.8  -310.7500
────────────────────────────────────────────────────────────────────
  VDW rebuild: max drift 2.17 Å > threshold 1.00 Å

Building VDW (non-bonded) restraints...
  Symmetry expansion: 25 valid (symop, offset) combos
  Grid: [6, 6, 7], 221/252 cells occupied, max 850 entries/cell
  Built 138177 VDW restraints, 14792 symmetry contacts

────────────────────────────────────────────────────────────────────
  ADP Refinement
────────────────────────────────────────────────────────────────────

  adp (weight: 0.0200)
  ────────────────────────────────────────────────────────────────
    Metric                       Before      After     Change
    locality                    25707.7    25713.0    +5.2891
    scaler_U                     4331.9     4331.9     0.0000
    scaler_log_scale            92733.5    92733.5     0.0000
    sigd                         2642.2     2643.1    +0.8582
    simu                        11097.8    11112.9   +15.0703

  geometry (weight: 0.2000)
  ────────────────────────────────────────────────────────────────
    Metric                       Before      After     Change
    angle                      -16383.7   -16383.7     0.0000
    bond                       -12592.0   -12592.0     0.0000
    chiral                    -175.9459  -175.9459     0.0000
    nonbonded                  -35740.1   -35740.1     0.0000
    planarity                   -7809.1    -7809.1     0.0000
    torsion                      6258.2     6258.2     0.0000

  other (weight: 1.0000)
  ────────────────────────────────────────────────────────────────
    Metric                       Before      After     Change
    xray                        85586.8    85573.8   -13.0156

  Group Totals
  ────────────────────────────────────────────────────────────────
    Group                        Before      After     Change
    adp                          2730.3     2730.7    +0.4243
    geometry                   -13288.5   -13288.5     0.0000
    xray                        85586.8    85573.8   -13.0156
────────────────────────────────────────────────────────────────────

============================================================
LBFGS Refinement - Cycle 7/10
============================================================
Refining scales with LBFGS...
Scale refinement complete. rwork: 0.2293, rfree: 0.2871

Final Scale Parameters: 
  c_iso: tensor([ 0.8842,  0.9261,  0.2376, -0.1150,  0.0881, -0.0618])
  U: tensor([0.4674, 0.3554, 0.3714, 0.0231, 0.0038, 0.0087])
  solvent.log_k_solvent: -0.9063633680343628
  solvent.log_ss_half: -3.8602991104125977
  solvent.log_n_exp: 1.5584920644760132
  solvent.phase_offset: -0.023478161543607712
After scaling: Rwork=0.2293, Rfree=0.2871
  VDW rebuild: max drift 2.56 Å > threshold 1.00 Å

Building VDW (non-bonded) restraints...
  Symmetry expansion: 25 valid (symop, offset) combos
  Grid: [6, 6, 7], 221/252 cells occupied, max 850 entries/cell
  Built 138177 VDW restraints, 14792 symmetry contacts

────────────────────────────────────────────────────────────────────
  XYZ Refinement
────────────────────────────────────────────────────────────────────

  adp (weight: 0.0200)
  ────────────────────────────────────────────────────────────────
    Metric                       Before      After     Change
    locality                    25713.0    25713.0     0.0000
    scaler_U                     4325.0     4325.0     0.0000
    scaler_log_scale            92836.9    92836.9     0.0000
    sigd                         2643.1     2643.1     0.0000
    simu                        11112.9    11112.9     0.0000

  geometry (weight: 0.2000)
  ────────────────────────────────────────────────────────────────
    Metric                       Before      After     Change
    angle                      -16383.7   -16400.0   -16.3037
    bond                       -12592.0   -12602.0    -9.9902
    chiral                    -175.9459  -178.3729    -2.4270
    nonbonded                  -35740.1   -35823.1   -83.0156
    planarity                   -7809.1    -7807.2    +1.8076
    torsion                      6258.2     6264.7    +6.5098

  other (weight: 1.0000)
  ────────────────────────────────────────────────────────────────
    Metric                       Before      After     Change
    xray                        85575.2    85449.9  -125.3047

  Group Totals
  ────────────────────────────────────────────────────────────────
    Group                        Before      After     Change
    adp                          2732.6     2732.6     0.0000
    geometry                   -13288.5   -13309.2   -20.6841
    xray                        85575.2    85449.9  -125.3047
────────────────────────────────────────────────────────────────────
  VDW rebuild: max drift 2.56 Å > threshold 1.00 Å

Building VDW (non-bonded) restraints...
  Symmetry expansion: 25 valid (symop, offset) combos
  Grid: [6, 6, 7], 221/252 cells occupied, max 850 entries/cell
  Built 138177 VDW restraints, 14792 symmetry contacts

────────────────────────────────────────────────────────────────────
  ADP Refinement
────────────────────────────────────────────────────────────────────

  adp (weight: 0.0200)
  ────────────────────────────────────────────────────────────────
    Metric                       Before      After     Change
    locality                    25726.0    25005.9  -720.0293
    scaler_U                     4325.0     4325.0     0.0000
    scaler_log_scale            92836.9    92836.9     0.0000
    sigd                         2643.1     2635.9    -7.1682
    simu                        11112.9    10973.0  -139.8711

  geometry (weight: 0.2000)
  ────────────────────────────────────────────────────────────────
    Metric                       Before      After     Change
    angle                      -16400.0   -16400.0     0.0000
    bond                       -12602.0   -12602.0     0.0000
    chiral                    -178.3729  -178.3729     0.0000
    nonbonded                  -35823.1   -35823.1     0.0000
    planarity                   -7807.2    -7807.2     0.0000
    torsion                      6264.7     6264.7     0.0000

  other (weight: 1.0000)
  ────────────────────────────────────────────────────────────────
    Metric                       Before      After     Change
    xray                        85449.9    85464.4   +14.5000

  Group Totals
  ────────────────────────────────────────────────────────────────
    Group                        Before      After     Change
    adp                          2732.9     2715.5   -17.3413
    geometry                   -13309.2   -13309.2     0.0000
    xray                        85449.9    85464.4   +14.5000
────────────────────────────────────────────────────────────────────

============================================================
LBFGS Refinement - Cycle 8/10
============================================================
Refining scales with LBFGS...
Scale refinement complete. rwork: 0.2278, rfree: 0.2868

Final Scale Parameters: 
  c_iso: tensor([ 0.8839,  0.9265,  0.2375, -0.1136,  0.0883, -0.0611])
  U: tensor([0.4669, 0.3550, 0.3713, 0.0228, 0.0041, 0.0086])
  solvent.log_k_solvent: -0.9054381251335144
  solvent.log_ss_half: -3.862417221069336
  solvent.log_n_exp: 1.5591135025024414
  solvent.phase_offset: -0.02431989461183548
After scaling: Rwork=0.2278, Rfree=0.2868
  VDW rebuild: max drift 2.55 Å > threshold 1.00 Å

Building VDW (non-bonded) restraints...
  Symmetry expansion: 25 valid (symop, offset) combos
  Grid: [6, 6, 7], 221/252 cells occupied, max 850 entries/cell
  Built 138177 VDW restraints, 14792 symmetry contacts

────────────────────────────────────────────────────────────────────
  XYZ Refinement
────────────────────────────────────────────────────────────────────

  adp (weight: 0.0200)
  ────────────────────────────────────────────────────────────────
    Metric                       Before      After     Change
    locality                    25005.9    25005.9     0.0000
    scaler_U                     4318.4     4318.4     0.0000
    scaler_log_scale            92741.8    92741.8     0.0000
    sigd                         2635.9     2635.9     0.0000
    simu                        10973.0    10973.0     0.0000

  geometry (weight: 0.2000)
  ────────────────────────────────────────────────────────────────
    Metric                       Before      After     Change
    angle                      -16400.0   -16412.6   -12.5605
    bond                       -12602.0   -12592.3    +9.6660
    chiral                    -178.3729  -176.5732    +1.7996
    nonbonded                  -35823.1   -35738.6   +84.4766
    planarity                   -7807.2    -7812.5    -5.2539
    torsion                      6264.7     6271.7    +6.9155

  other (weight: 1.0000)
  ────────────────────────────────────────────────────────────────
    Metric                       Before      After     Change
    xray                        85467.0    85362.4  -104.6094

  Group Totals
  ────────────────────────────────────────────────────────────────
    Group                        Before      After     Change
    adp                          2713.5     2713.5     0.0000
    geometry                   -13309.2   -13292.2   +17.0086
    xray                        85467.0    85362.4  -104.6094
────────────────────────────────────────────────────────────────────
  VDW rebuild: max drift 2.55 Å > threshold 1.00 Å

Building VDW (non-bonded) restraints...
  Symmetry expansion: 25 valid (symop, offset) combos
  Grid: [6, 6, 7], 221/252 cells occupied, max 850 entries/cell
  Built 138177 VDW restraints, 14792 symmetry contacts

────────────────────────────────────────────────────────────────────
  ADP Refinement
────────────────────────────────────────────────────────────────────

  adp (weight: 0.0200)
  ────────────────────────────────────────────────────────────────
    Metric                       Before      After     Change
    locality                    25036.9    24450.7  -586.2754
    scaler_U                     4318.4     4318.4     0.0000
    scaler_log_scale            92741.8    92741.8     0.0000
    sigd                         2635.9     2630.6    -5.2629
    simu                        10973.0    10769.1  -203.9473

  geometry (weight: 0.2000)
  ────────────────────────────────────────────────────────────────
    Metric                       Before      After     Change
    angle                      -16412.6   -16412.6     0.0000
    bond                       -12592.3   -12592.3     0.0000
    chiral                    -176.5732  -176.5732     0.0000
    nonbonded                  -35738.6   -35738.6     0.0000
    planarity                   -7812.5    -7812.5     0.0000
    torsion                      6271.7     6271.7     0.0000

  other (weight: 1.0000)
  ────────────────────────────────────────────────────────────────
    Metric                       Before      After     Change
    xray                        85362.4    85386.7   +24.3125

  Group Totals
  ────────────────────────────────────────────────────────────────
    Group                        Before      After     Change
    adp                          2714.1     2698.2   -15.9097
    geometry                   -13292.2   -13292.2     0.0000
    xray                        85362.4    85386.7   +24.3125
────────────────────────────────────────────────────────────────────

============================================================
LBFGS Refinement - Cycle 9/10
============================================================
Refining scales with LBFGS...
Scale refinement complete. rwork: 0.2261, rfree: 0.2882

Final Scale Parameters: 
  c_iso: tensor([ 0.8860,  0.9329,  0.2365, -0.1117,  0.0871, -0.0585])
  U: tensor([0.4684, 0.3568, 0.3733, 0.0227, 0.0043, 0.0085])
  solvent.log_k_solvent: -0.905932605266571
  solvent.log_ss_half: -3.855030059814453
  solvent.log_n_exp: 1.5896717309951782
  solvent.phase_offset: -0.0247100330889225
After scaling: Rwork=0.2261, Rfree=0.2882
  VDW rebuild: max drift 2.85 Å > threshold 1.00 Å

Building VDW (non-bonded) restraints...
  Symmetry expansion: 25 valid (symop, offset) combos
  Grid: [6, 6, 7], 221/252 cells occupied, max 850 entries/cell
  Built 138177 VDW restraints, 14792 symmetry contacts

────────────────────────────────────────────────────────────────────
  XYZ Refinement
────────────────────────────────────────────────────────────────────

  adp (weight: 0.0200)
  ────────────────────────────────────────────────────────────────
    Metric                       Before      After     Change
    locality                    24450.7    24450.7     0.0000
    scaler_U                     4356.4     4356.4     0.0000
    scaler_log_scale            93455.7    93455.7     0.0000
    sigd                         2630.6     2630.6     0.0000
    simu                        10769.1    10769.1     0.0000

  geometry (weight: 0.2000)
  ────────────────────────────────────────────────────────────────
    Metric                       Before      After     Change
    angle                      -16412.6   -16453.5   -40.8828
    bond                       -12592.3   -12613.1   -20.8027
    chiral                    -176.5732  -178.5205    -1.9472
    nonbonded                  -35738.6   -35811.0   -72.4102
    planarity                   -7812.5    -7812.7    -0.2456
    torsion                      6271.7     6274.5    +2.8892

  other (weight: 1.0000)
  ────────────────────────────────────────────────────────────────
    Metric                       Before      After     Change
    xray                        85392.4    85371.3   -21.1562

  Group Totals
  ────────────────────────────────────────────────────────────────
    Group                        Before      After     Change
    adp                          2713.2     2713.2     0.0000
    geometry                   -13292.2   -13318.9   -26.6796
    xray                        85392.4    85371.3   -21.1562
────────────────────────────────────────────────────────────────────
  VDW rebuild: max drift 2.85 Å > threshold 1.00 Å

Building VDW (non-bonded) restraints...
  Symmetry expansion: 25 valid (symop, offset) combos
  Grid: [6, 6, 7], 221/252 cells occupied, max 850 entries/cell
  Built 138177 VDW restraints, 14792 symmetry contacts

────────────────────────────────────────────────────────────────────
  ADP Refinement
────────────────────────────────────────────────────────────────────

  adp (weight: 0.0200)
  ────────────────────────────────────────────────────────────────
    Metric                       Before      After     Change
    locality                    24493.1    23899.0  -594.1348
    scaler_U                     4356.4     4356.4     0.0000
    scaler_log_scale            93455.7    93455.7     0.0000
    sigd                         2630.6     2625.8    -4.8838
    simu                        10769.1    10596.0  -173.0635

  geometry (weight: 0.2000)
  ────────────────────────────────────────────────────────────────
    Metric                       Before      After     Change
    angle                      -16453.5   -16453.5     0.0000
    bond                       -12613.1   -12613.1     0.0000
    chiral                    -178.5205  -178.5205     0.0000
    nonbonded                  -35811.0   -35811.0     0.0000
    planarity                   -7812.7    -7812.7     0.0000
    torsion                      6274.5     6274.5     0.0000

  other (weight: 1.0000)
  ────────────────────────────────────────────────────────────────
    Metric                       Before      After     Change
    xray                        85371.3    85388.2   +16.8984

  Group Totals
  ────────────────────────────────────────────────────────────────
    Group                        Before      After     Change
    adp                          2714.1     2698.7   -15.4416
    geometry                   -13318.9   -13318.9     0.0000
    xray                        85371.3    85388.2   +16.8984
────────────────────────────────────────────────────────────────────

============================================================
LBFGS Refinement - Cycle 10/10
============================================================
Refining scales with LBFGS...
Scale refinement complete. rwork: 0.2259, rfree: 0.2880

Final Scale Parameters: 
  c_iso: tensor([ 0.8858,  0.9319,  0.2370, -0.1124,  0.0878, -0.0588])
  U: tensor([0.4685, 0.3574, 0.3739, 0.0225, 0.0043, 0.0083])
  solvent.log_k_solvent: -0.9061530828475952
  solvent.log_ss_half: -3.85271954536438
  solvent.log_n_exp: 1.589065432548523
  solvent.phase_offset: -0.024321336299180984
After scaling: Rwork=0.2259, Rfree=0.2880
  VDW rebuild: max drift 2.70 Å > threshold 1.00 Å

Building VDW (non-bonded) restraints...
  Symmetry expansion: 25 valid (symop, offset) combos
  Grid: [6, 6, 7], 221/252 cells occupied, max 850 entries/cell
  Built 138177 VDW restraints, 14792 symmetry contacts

────────────────────────────────────────────────────────────────────
  XYZ Refinement
────────────────────────────────────────────────────────────────────

  adp (weight: 0.0200)
  ────────────────────────────────────────────────────────────────
    Metric                       Before      After     Change
    locality                    23899.0    23899.0     0.0000
    scaler_U                     4365.5     4365.5     0.0000
    scaler_log_scale            93373.5    93373.5     0.0000
    sigd                         2625.8     2625.8     0.0000
    simu                        10596.0    10596.0     0.0000

  geometry (weight: 0.2000)
  ────────────────────────────────────────────────────────────────
    Metric                       Before      After     Change
    angle                      -16453.5   -16473.6   -20.1562
    bond                       -12613.1   -12604.3    +8.8213
    chiral                    -178.5205  -177.4672    +1.0533
    nonbonded                  -35811.0   -35753.5   +57.5625
    planarity                   -7812.7    -7817.8    -5.0737
    torsion                      6274.5     6277.6    +3.0830

  other (weight: 1.0000)
  ────────────────────────────────────────────────────────────────
    Metric                       Before      After     Change
    xray                        85398.0    85366.3   -31.7266

  Group Totals
  ────────────────────────────────────────────────────────────────
    Group                        Before      After     Change
    adp                          2697.2     2697.2     0.0000
    geometry                   -13318.9   -13309.8    +9.0577
    xray                        85398.0    85366.3   -31.7266
────────────────────────────────────────────────────────────────────
  VDW rebuild: max drift 2.70 Å > threshold 1.00 Å

Building VDW (non-bonded) restraints...
  Symmetry expansion: 25 valid (symop, offset) combos
  Grid: [6, 6, 7], 221/252 cells occupied, max 850 entries/cell
  Built 138177 VDW restraints, 14792 symmetry contacts

────────────────────────────────────────────────────────────────────
  ADP Refinement
────────────────────────────────────────────────────────────────────

  adp (weight: 0.0200)
  ────────────────────────────────────────────────────────────────
    Metric                       Before      After     Change
    locality                    23913.5    23526.6  -386.8770
    scaler_U                     4365.5     4365.5     0.0000
    scaler_log_scale            93373.5    93373.5     0.0000
    sigd                         2625.8     2623.7    -2.0684
    simu                        10596.0    10423.5  -172.5039

  geometry (weight: 0.2000)
  ────────────────────────────────────────────────────────────────
    Metric                       Before      After     Change
    angle                      -16473.6   -16473.6     0.0000
    bond                       -12604.3   -12604.3     0.0000
    chiral                    -177.4672  -177.4672     0.0000
    nonbonded                  -35753.5   -35753.5     0.0000
    planarity                   -7817.8    -7817.8     0.0000
    torsion                      6277.6     6277.6     0.0000

  other (weight: 1.0000)
  ────────────────────────────────────────────────────────────────
    Metric                       Before      After     Change
    xray                        85366.3    85395.8   +29.4922

  Group Totals
  ────────────────────────────────────────────────────────────────
    Group                        Before      After     Change
    adp                          2697.5     2686.3   -11.2290
    geometry                   -13309.8   -13309.8     0.0000
    xray                        85366.3    85395.8   +29.4922
────────────────────────────────────────────────────────────────────
Calculating initial scale factors using 10 bins.
Refining scales with LBFGS...
Scale refinement complete. rwork: 0.2251, rfree: 0.2896

Final Scale Parameters: 
  c_iso: tensor([ 0.8553,  0.8950,  0.2302, -0.1128,  0.0879, -0.0578])
  U: tensor([0.4558, 0.3449, 0.3613, 0.0223, 0.0044, 0.0082])
  solvent.log_k_solvent: -0.8989707231521606
  solvent.log_ss_half: -3.8466856479644775
  solvent.log_n_exp: 1.61613130569458
  solvent.phase_offset: -0.023127518594264984

Refinement completed successfully.

Saving results to /das/work/units/LBR-FEL/p17490/Peter/Library/work_trees_torchref/alignement/alignment_lab/benchmarks/af_mr/runs/dmin3.0/1B9K/refine_phaser_mr...
  Refined structure (PDB): /das/work/units/LBR-FEL/p17490/Peter/Library/work_trees_torchref/alignement/alignment_lab/benchmarks/af_mr/runs/dmin3.0/1B9K/refine_phaser_mr/refined.pdb
  Refined structure (mmCIF): /das/work/units/LBR-FEL/p17490/Peter/Library/work_trees_torchref/alignement/alignment_lab/benchmarks/af_mr/runs/dmin3.0/1B9K/refine_phaser_mr/refined.cif
Added map coefficients:
  2Fo-Fc: FWT, PHWT
  Fo-Fc: DELFWT, PHDELWT
  Resolution range: 1.90 - 15.60 Å
✓ Wrote MTZ file: /das/work/units/LBR-FEL/p17490/Peter/Library/work_trees_torchref/alignement/alignment_lab/benchmarks/af_mr/runs/dmin3.0/1B9K/refine_phaser_mr/refined.mtz
  Reflections: 18198
  Columns: H, K, L, F-obs, SIGF-obs, R-free-flags, FWT, PHWT, DELFWT, PHDELWT, F-model, PH-model
  Refined structure factors: /das/work/units/LBR-FEL/p17490/Peter/Library/work_trees_torchref/alignement/alignment_lab/benchmarks/af_mr/runs/dmin3.0/1B9K/refine_phaser_mr/refined.mtz
  Refinement history: /das/work/units/LBR-FEL/p17490/Peter/Library/work_trees_torchref/alignement/alignment_lab/benchmarks/af_mr/runs/dmin3.0/1B9K/refine_phaser_mr/refinement_history.json

================================================================================
Refinement Summary
================================================================================
R-work:  0.2251 (17836 reflections)
R-free:  0.2896 (360 reflections)
NLL work: 85404.28
NLL test: 1774.33
================================================================================

Output files:
  - /das/work/units/LBR-FEL/p17490/Peter/Library/work_trees_torchref/alignement/alignment_lab/benchmarks/af_mr/runs/dmin3.0/1B9K/refine_phaser_mr/refined.pdb
  - /das/work/units/LBR-FEL/p17490/Peter/Library/work_trees_torchref/alignement/alignment_lab/benchmarks/af_mr/runs/dmin3.0/1B9K/refine_phaser_mr/refined.cif
  - /das/work/units/LBR-FEL/p17490/Peter/Library/work_trees_torchref/alignement/alignment_lab/benchmarks/af_mr/runs/dmin3.0/1B9K/refine_phaser_mr/refined.mtz
  - /das/work/units/LBR-FEL/p17490/Peter/Library/work_trees_torchref/alignement/alignment_lab/benchmarks/af_mr/runs/dmin3.0/1B9K/refine_phaser_mr/refinement_history.json

Refinement completed successfully!

Timing: 409.0s wall, 449.8s CPU
