/das/work/units/LBR-FEL/p17490/Peter/Library/work_trees_torchref/alignement/torchref/cli/refine.py:21: UserWarning: TorchRef using user-specified 8 threads from TORCHREF_NUM_THREADS.
  from torchref.cli._common import (
================================================================================
TorchRef LBFGS Refinement
================================================================================
Model:             /das/work/units/LBR-FEL/p17490/Peter/Library/work_trees_torchref/dev/paper/figure2_alphafold_start/placed/4K36_af.pdb
Structure factor:  /das/work/units/LBR-FEL/p17490/Peter/Library/work_trees_torchref/dev/paper/data/4K36/4K36.mtz
Output directory:  /das/work/units/LBR-FEL/p17490/Peter/Library/work_trees_torchref/alignement/alignment_lab/benchmarks/af_mr/runs/dmin4.0/4K36/refine_phaser_mr
Refinement mode:   separate
X-ray target:      ml
Refinement cycles: 10
Rigid-body step:   on (iterations/cutoff = 30)
Device:            auto
ADP mode:          isotropic
Wavelength:        1 A
Manual weights:    {"adp": 0.02}
================================================================================

Initializing refinement...
FrenchWilson initialized:
  Reflections: 99308
  Resolution: 1.62 - 92.12 Å
  Space group: SpaceGroup('P21', number=4, n_ops=2)
  Centric: 2567 (2.6%)
French-Wilson input guard: 1579/99308 (1.5900%) reflections unusable as intensities (absent, or too negative to be a noisy measurement)
found non-finite F values (NaN/Inf):  1389
found non-finite F_sigma values (NaN/Inf):  1389
Wilson outlier rejection: 66/91411 (0.0722%) of tested reflections flagged (1 too strong, 65 too weak)
Loaded 5980 atoms
Building restraints...
Found 109 link definitions

Building VDW (non-bonded) restraints...
  Symmetry expansion: 27 valid (symop, offset) combos
  Grid: [7, 15, 15], 1298/1575 cells occupied, max 330 entries/cell
  Built 102469 VDW restraints, 4076 symmetry contacts
  Hydrogen topology: 5842 riding H atoms
  H candidate pairs: 237655 (56721 H-H, 180934 H-heavy, 9340 symmetry)
================================================================================
Restraints Summary
================================================================================
CIF file: None
Residue types in dictionary: 20

INTRA-RESIDUE RESTRAINTS:
--------------------------------------------------------------------------------
  Bonds: 5396
  Angles: 6026
  Torsions: 1560
  Planes: 1184
  Chirals: 856

INTER-RESIDUE RESTRAINTS:
--------------------------------------------------------------------------------
  Peptide bonds: 714
  Peptide angles: 2158
  Disulfide bonds: 0
  Disulfide angles: 0
  Disulfide torsions: 0
  LINK bonds: 0

BACKBONE TORSIONS:
--------------------------------------------------------------------------------
  Phi: 714
  Psi: 714
  Omega: 714
  Ramachandran: 700

VDW RESTRAINTS:
--------------------------------------------------------------------------------
  Non-bonded contacts: 102469 (98393 intra-ASU, 4076 symmetry)
================================================================================
Generated 5850 hydrogens
ADP representation: isotropic, 11830 parameters, 8.1 work reflections each
Initialized ScalerBase with 10 bins.
Building restraints...

Building VDW (non-bonded) restraints...
  Symmetry expansion: 27 valid (symop, offset) combos
  Grid: [7, 15, 15], 1370/1575 cells occupied, max 555 entries/cell
  Built 420708 VDW restraints, 19922 symmetry contacts
================================================================================
Restraints Summary
================================================================================
CIF file: None
Residue types in dictionary: 20

INTRA-RESIDUE RESTRAINTS:
--------------------------------------------------------------------------------
  Bonds: 11246
  Angles: 18570
  Torsions: 2234
  Planes: 2006
  Chirals: 856

INTER-RESIDUE RESTRAINTS:
--------------------------------------------------------------------------------
  Peptide bonds: 714
  Peptide angles: 2856
  Disulfide bonds: 0
  Disulfide angles: 0
  Disulfide torsions: 0
  LINK bonds: 0

BACKBONE TORSIONS:
--------------------------------------------------------------------------------
  Phi: 714
  Psi: 714
  Omega: 714
  Ramachandran: 700

VDW RESTRAINTS:
--------------------------------------------------------------------------------
  Non-bonded contacts: 420708 (400786 intra-ASU, 19922 symmetry)
================================================================================
Initializing TotalGeometryTarget with component targets...
Initializing TotalADPTarget with component targets: simu, locality, sigd
Parametrization built for 5 unique atom types
SfFFT: Using late symmetry (reciprocal space)
Calculating initial scale factors using 10 bins.
Refining scales with LBFGS...
Scale refinement complete. rwork: 0.4354, rfree: 0.4223

Final Scale Parameters: 
  c_iso: tensor([-1.8747,  1.2469,  0.3598,  0.0170, -0.0212,  0.0036])
  U: tensor([ 0.4347,  0.2522,  0.3009, -0.0025, -0.0638, -0.0038])
  solvent.log_k_solvent: -0.8983770608901978
  solvent.log_ss_half: -3.914865016937256
  solvent.log_n_exp: 1.3694114685058594
  solvent.phase_offset: -0.06278601288795471
Initialized targets with xray_mode='ml'
Applied manual group weights: {'xray': 1.0, 'geometry': 0.2, 'geometry/ramachandran': 0.0, 'adp': 0.02, 'adp/sigd': 1.0, 'adp/node_load': 10.0, 'adp/node_smoothness': 0.0}
Refinement initialized successfully.

Starting refinement with 10 macro cycles...

Rigid-body step enabled: one multi-resolution rigid-body pass will run once at the start of refinement.


--- Rigid-body step (once, at start) ---
Switched to rigid-body parametrization: RigidXYZTensor(n_atoms=11830, n_chains=4) (4 chain(s))
Filtering: 2019/99308 reflections in range [inf - 6.0] Å (1829 valid after all masks)
Initialized ScalerBase with 10 bins.
Calculating initial scale factors using 10 bins.
Calculating initial scale factors using 10 bins.
Refining scales with LBFGS...
Scale refinement complete. rwork: 0.4161, rfree: 0.3398

Final Scale Parameters: 
  c_iso: tensor([-2.5930,  0.0132, -0.4124,  0.1748,  0.4420,  0.2593])
  U: tensor([ 0.3217,  0.6690,  0.4733,  0.0164,  0.0623, -0.3172])
  solvent.log_k_solvent: -0.9076917767524719
  solvent.log_ss_half: -3.787351608276367
  solvent.log_n_exp: 1.7700637578964233
  solvent.phase_offset: -0.07563847303390503
  rigid-body d_min=6.00 (lbfgs, iters=30): Rwork=0.4177 Rfree=0.3748
Filtering: 14078/99308 reflections in range [inf - 3.1167433572877226] Å (13803 valid after all masks)
Initialized ScalerBase with 10 bins.
Calculating initial scale factors using 10 bins.
Calculating initial scale factors using 10 bins.
Refining scales with LBFGS...
Scale refinement complete. rwork: 0.3810, rfree: 0.3598

Final Scale Parameters: 
  c_iso: tensor([-1.9788,  0.8925, -1.0589, -0.9533, -0.6597, -0.0921])
  U: tensor([ 0.7353,  0.5626,  0.5913, -0.0080, -0.0679, -0.0177])
  solvent.log_k_solvent: -1.0094051361083984
  solvent.log_ss_half: -4.086893081665039
  solvent.log_n_exp: 1.3219388723373413
  solvent.phase_offset: -0.059174731373786926
  rigid-body d_min=3.12 (lbfgs, iters=30): Rwork=0.3791 Rfree=0.3682
Filtering: 99305/99308 reflections in range [inf - 1.619014859199524] Å (97723 valid after all masks)
Initialized ScalerBase with 10 bins.
Calculating initial scale factors using 10 bins.
Calculating initial scale factors using 10 bins.
Refining scales with LBFGS...
Scale refinement complete. rwork: 0.4354, rfree: 0.4205

Final Scale Parameters: 
  c_iso: tensor([-1.7848,  1.3567,  0.3893,  0.0135, -0.0210,  0.0021])
  U: tensor([ 0.4654,  0.2835,  0.3317, -0.0023, -0.0644, -0.0038])
  solvent.log_k_solvent: -0.89943528175354
  solvent.log_ss_half: -3.936450719833374
  solvent.log_n_exp: 1.335325837135315
  solvent.phase_offset: -0.06018292158842087
  rigid-body d_min=1.62 (lbfgs, iters=30): Rwork=0.4562 Rfree=0.4415
Initialized ScalerBase with 10 bins.
Calculating initial scale factors using 10 bins.
Calculating initial scale factors using 10 bins.
Refining scales with LBFGS...
Scale refinement complete. rwork: 0.4353, rfree: 0.4214

Final Scale Parameters: 
  c_iso: tensor([-1.7635e+00,  1.3771e+00,  3.9873e-01,  9.9507e-03, -1.9280e-02,
         8.1024e-04])
  U: tensor([ 0.4728,  0.2897,  0.3392, -0.0022, -0.0652, -0.0046])
  solvent.log_k_solvent: -0.898853600025177
  solvent.log_ss_half: -3.948512554168701
  solvent.log_n_exp: 1.297139286994934
  solvent.phase_offset: -0.05802484229207039
Initialized ScalerBase with 10 bins.
Calculating initial scale factors using 10 bins.
Calculating initial scale factors using 10 bins.
Refining scales with LBFGS...
Scale refinement complete. rwork: 0.4353, rfree: 0.4214

Final Scale Parameters: 
  c_iso: tensor([-1.7861e+00,  1.3386e+00,  3.9474e-01,  6.3041e-03, -1.7510e-02,
        -4.3668e-04])
  U: tensor([ 0.4641,  0.2809,  0.3304, -0.0022, -0.0652, -0.0046])
  solvent.log_k_solvent: -0.8964776992797852
  solvent.log_ss_half: -3.9440269470214844
  solvent.log_n_exp: 1.3106924295425415
  solvent.phase_offset: -0.057677414268255234

============================================================
LBFGS Refinement - Cycle 1/10
============================================================
Refining scales with LBFGS...
Scale refinement complete. rwork: 0.4353, rfree: 0.4213

Final Scale Parameters: 
  c_iso: tensor([-1.8595e+00,  1.2373e+00,  3.7412e-01,  4.7512e-03, -1.5963e-02,
        -7.7828e-04])
  U: tensor([ 0.4376,  0.2546,  0.3041, -0.0022, -0.0652, -0.0046])
  solvent.log_k_solvent: -0.8913004398345947
  solvent.log_ss_half: -3.926603078842163
  solvent.log_n_exp: 1.3641421794891357
  solvent.phase_offset: -0.05732974037528038
After scaling: Rwork=0.4353, Rfree=0.4213
  VDW rebuild: max drift 1.85 Å > threshold 1.00 Å

Building VDW (non-bonded) restraints...
  Symmetry expansion: 27 valid (symop, offset) combos
  Grid: [7, 15, 15], 1370/1575 cells occupied, max 555 entries/cell
  Built 420708 VDW restraints, 19922 symmetry contacts

────────────────────────────────────────────────────────────────────
  XYZ Refinement
────────────────────────────────────────────────────────────────────

  adp (weight: 0.0200)
  ────────────────────────────────────────────────────────────────
    Metric                       Before      After     Change
    locality                     1656.9     1656.9     0.0000
    scaler_U                    16428.7    16428.7     0.0000
    scaler_log_scale           480706.5   480706.5     0.0000
    sigd                         7617.6     7617.6     0.0000
    simu                        19716.4    19716.4     0.0000

  geometry (weight: 0.2000)
  ────────────────────────────────────────────────────────────────
    Metric                       Before      After     Change
    angle                      -48320.3   -49651.3    -1331.0
    bond                       -36591.9   -39107.3    -2515.3
    chiral                    -470.5511  -512.0572   -41.5061
    nonbonded                  -80528.5  -108762.8   -28234.2
    planarity                  -23906.0   -24563.7  -657.7539
    torsion                     12698.5    12958.7  +260.2217

  other (weight: 1.0000)
  ────────────────────────────────────────────────────────────────
    Metric                       Before      After     Change
    xray                       221750.9   214564.8    -7186.1

  Group Totals
  ────────────────────────────────────────────────────────────────
    Group                        Before      After     Change
    adp                         10522.5    10522.5     0.0000
    geometry                   -35423.8   -41927.7    -6503.9
    xray                       221750.9   214564.8    -7186.1
────────────────────────────────────────────────────────────────────
  VDW rebuild: max drift 1.85 Å > threshold 1.00 Å

Building VDW (non-bonded) restraints...
  Symmetry expansion: 27 valid (symop, offset) combos
  Grid: [7, 15, 15], 1370/1575 cells occupied, max 555 entries/cell
  Built 420708 VDW restraints, 19922 symmetry contacts

────────────────────────────────────────────────────────────────────
  ADP Refinement
────────────────────────────────────────────────────────────────────

  adp (weight: 0.0200)
  ────────────────────────────────────────────────────────────────
    Metric                       Before      After     Change
    locality                     1665.3    34288.5   +32623.2
    scaler_U                    16428.7    16428.7     0.0000
    scaler_log_scale           480706.5   480706.5     0.0000
    sigd                         7617.6     7958.3  +340.7383
    simu                        19716.4    43235.3   +23518.9

  geometry (weight: 0.2000)
  ────────────────────────────────────────────────────────────────
    Metric                       Before      After     Change
    angle                      -49651.3   -49651.3     0.0000
    bond                       -39107.3   -39107.3     0.0000
    chiral                    -512.0572  -512.0572     0.0000
    nonbonded                 -108762.8  -108762.8     0.0000
    planarity                  -24563.7   -24563.7     0.0000
    torsion                     12958.7    12958.7     0.0000

  other (weight: 1.0000)
  ────────────────────────────────────────────────────────────────
    Metric                       Before      After     Change
    xray                       214564.8   205784.5    -8780.3

  Group Totals
  ────────────────────────────────────────────────────────────────
    Group                        Before      After     Change
    adp                         10522.7    11652.3    +1129.7
    geometry                   -41927.7   -41927.7     0.0000
    xray                       214564.8   205784.5    -8780.3
────────────────────────────────────────────────────────────────────

============================================================
LBFGS Refinement - Cycle 2/10
============================================================
Refining scales with LBFGS...
Scale refinement complete. rwork: 0.3609, rfree: 0.3797

Final Scale Parameters: 
  c_iso: tensor([-2.2023,  0.7477,  0.1971, -0.0450,  0.0061, -0.0113])
  U: tensor([ 0.3102,  0.1306,  0.1741, -0.0014, -0.0647,  0.0066])
  solvent.log_k_solvent: -0.9049841165542603
  solvent.log_ss_half: -3.9332525730133057
  solvent.log_n_exp: 1.3024604320526123
  solvent.phase_offset: -0.071349136531353
After scaling: Rwork=0.3609, Rfree=0.3797
  VDW rebuild: max drift 2.16 Å > threshold 1.00 Å

Building VDW (non-bonded) restraints...
  Symmetry expansion: 27 valid (symop, offset) combos
  Grid: [7, 15, 15], 1370/1575 cells occupied, max 555 entries/cell
  Built 420708 VDW restraints, 19922 symmetry contacts

────────────────────────────────────────────────────────────────────
  XYZ Refinement
────────────────────────────────────────────────────────────────────

  adp (weight: 0.0200)
  ────────────────────────────────────────────────────────────────
    Metric                       Before      After     Change
    locality                    34288.5    34288.5     0.0000
    scaler_U                     6260.0     6260.0     0.0000
    scaler_log_scale           159921.4   159921.4     0.0000
    sigd                         7958.3     7958.3     0.0000
    simu                        43235.3    43235.3     0.0000

  geometry (weight: 0.2000)
  ────────────────────────────────────────────────────────────────
    Metric                       Before      After     Change
    angle                      -49651.3   -50996.3    -1345.0
    bond                       -39107.3   -39492.5  -385.2930
    chiral                    -512.0572  -511.4444    +0.6128
    nonbonded                 -108762.8  -108300.3  +462.4844
    planarity                  -24563.7   -24680.3  -116.5508
    torsion                     12958.7    12924.3   -34.3936

  other (weight: 1.0000)
  ────────────────────────────────────────────────────────────────
    Metric                       Before      After     Change
    xray                       206759.4   201147.9    -5611.5

  Group Totals
  ────────────────────────────────────────────────────────────────
    Group                        Before      After     Change
    adp                          5033.3     5033.3     0.0000
    geometry                   -41927.7   -42211.3  -283.6189
    xray                       206759.4   201147.9    -5611.5
────────────────────────────────────────────────────────────────────
  VDW rebuild: max drift 2.16 Å > threshold 1.00 Å

Building VDW (non-bonded) restraints...
  Symmetry expansion: 27 valid (symop, offset) combos
  Grid: [7, 15, 15], 1370/1575 cells occupied, max 555 entries/cell
  Built 420708 VDW restraints, 19922 symmetry contacts

────────────────────────────────────────────────────────────────────
  ADP Refinement
────────────────────────────────────────────────────────────────────

  adp (weight: 0.0200)
  ────────────────────────────────────────────────────────────────
    Metric                       Before      After     Change
    locality                    34196.3    40898.9    +6702.6
    scaler_U                     6260.0     6260.0     0.0000
    scaler_log_scale           159921.4   159921.4     0.0000
    sigd                         7958.3     8028.4   +70.0947
    simu                        43235.3    46932.6    +3697.3

  geometry (weight: 0.2000)
  ────────────────────────────────────────────────────────────────
    Metric                       Before      After     Change
    angle                      -50996.3   -50996.3     0.0000
    bond                       -39492.5   -39492.5     0.0000
    chiral                    -511.4444  -511.4444     0.0000
    nonbonded                 -108300.3  -108300.3     0.0000
    planarity                  -24680.3   -24680.3     0.0000
    torsion                     12924.3    12924.3     0.0000

  other (weight: 1.0000)
  ────────────────────────────────────────────────────────────────
    Metric                       Before      After     Change
    xray                       201147.9   199800.2    -1347.6

  Group Totals
  ────────────────────────────────────────────────────────────────
    Group                        Before      After     Change
    adp                          5031.4     5240.8  +209.3998
    geometry                   -42211.3   -42211.3     0.0000
    xray                       201147.9   199800.2    -1347.6
────────────────────────────────────────────────────────────────────

============================================================
LBFGS Refinement - Cycle 3/10
============================================================
Refining scales with LBFGS...
Scale refinement complete. rwork: 0.3298, rfree: 0.3593

Final Scale Parameters: 
  c_iso: tensor([-2.2147,  0.6948,  0.1865, -0.0681,  0.0098, -0.0204])
  U: tensor([ 0.3036,  0.1251,  0.1679, -0.0010, -0.0656,  0.0075])
  solvent.log_k_solvent: -0.9154658317565918
  solvent.log_ss_half: -3.927201747894287
  solvent.log_n_exp: 1.1915562152862549
  solvent.phase_offset: -0.06498908251523972
After scaling: Rwork=0.3298, Rfree=0.3593
  VDW rebuild: max drift 2.72 Å > threshold 1.00 Å

Building VDW (non-bonded) restraints...
  Symmetry expansion: 27 valid (symop, offset) combos
  Grid: [7, 15, 15], 1370/1575 cells occupied, max 555 entries/cell
  Built 420708 VDW restraints, 19922 symmetry contacts

────────────────────────────────────────────────────────────────────
  XYZ Refinement
────────────────────────────────────────────────────────────────────

  adp (weight: 0.0200)
  ────────────────────────────────────────────────────────────────
    Metric                       Before      After     Change
    locality                    40898.9    40898.9     0.0000
    scaler_U                     5891.3     5891.3     0.0000
    scaler_log_scale           139772.7   139772.7     0.0000
    sigd                         8028.4     8028.4     0.0000
    simu                        46932.6    46932.6     0.0000

  geometry (weight: 0.2000)
  ────────────────────────────────────────────────────────────────
    Metric                       Before      After     Change
    angle                      -50996.3   -51594.6  -598.3594
    bond                       -39492.5   -39645.5  -152.9375
    chiral                    -511.4444  -525.3711   -13.9267
    nonbonded                 -108300.3  -109027.3  -726.9922
    planarity                  -24680.3   -24857.6  -177.3203
    torsion                     12924.3    12990.8   +66.5166

  other (weight: 1.0000)
  ────────────────────────────────────────────────────────────────
    Metric                       Before      After     Change
    xray                       199952.4   197953.2    -1999.2

  Group Totals
  ────────────────────────────────────────────────────────────────
    Group                        Before      After     Change
    adp                          4830.5     4830.5     0.0000
    geometry                   -42211.3   -42531.9  -320.6042
    xray                       199952.4   197953.2    -1999.2
────────────────────────────────────────────────────────────────────
  VDW rebuild: max drift 2.72 Å > threshold 1.00 Å

Building VDW (non-bonded) restraints...
  Symmetry expansion: 27 valid (symop, offset) combos
  Grid: [7, 15, 15], 1370/1575 cells occupied, max 555 entries/cell
  Built 420708 VDW restraints, 19922 symmetry contacts

────────────────────────────────────────────────────────────────────
  ADP Refinement
────────────────────────────────────────────────────────────────────

  adp (weight: 0.0200)
  ────────────────────────────────────────────────────────────────
    Metric                       Before      After     Change
    locality                    40760.1    41711.2  +951.1719
    scaler_U                     5891.3     5891.3     0.0000
    scaler_log_scale           139772.7   139772.7     0.0000
    sigd                         8028.4     8022.2    -6.1558
    simu                        46932.6    46748.2  -184.4648

  geometry (weight: 0.2000)
  ────────────────────────────────────────────────────────────────
    Metric                       Before      After     Change
    angle                      -51594.6   -51594.6     0.0000
    bond                       -39645.5   -39645.5     0.0000
    chiral                    -525.3711  -525.3711     0.0000
    nonbonded                 -109027.3  -109027.3     0.0000
    planarity                  -24857.6   -24857.6     0.0000
    torsion                     12990.8    12990.8     0.0000

  other (weight: 1.0000)
  ────────────────────────────────────────────────────────────────
    Metric                       Before      After     Change
    xray                       197953.2   197530.2  -423.0312

  Group Totals
  ────────────────────────────────────────────────────────────────
    Group                        Before      After     Change
    adp                          4827.7     4842.9   +15.2111
    geometry                   -42531.9   -42531.9     0.0000
    xray                       197953.2   197530.2  -423.0312
────────────────────────────────────────────────────────────────────

============================================================
LBFGS Refinement - Cycle 4/10
============================================================
Refining scales with LBFGS...
Scale refinement complete. rwork: 0.3183, rfree: 0.3522

Final Scale Parameters: 
  c_iso: tensor([-2.2297,  0.6878,  0.1789, -0.0594,  0.0096, -0.0183])
  U: tensor([ 3.0087e-01,  1.2442e-01,  1.6697e-01, -1.5632e-04, -6.6341e-02,
         7.5945e-03])
  solvent.log_k_solvent: -0.9227340817451477
  solvent.log_ss_half: -3.9125452041625977
  solvent.log_n_exp: 1.1779664754867554
  solvent.phase_offset: -0.06573034822940826
After scaling: Rwork=0.3183, Rfree=0.3522
  VDW rebuild: max drift 2.91 Å > threshold 1.00 Å

Building VDW (non-bonded) restraints...
  Symmetry expansion: 27 valid (symop, offset) combos
  Grid: [7, 15, 15], 1370/1575 cells occupied, max 555 entries/cell
  Built 420708 VDW restraints, 19922 symmetry contacts

────────────────────────────────────────────────────────────────────
  XYZ Refinement
────────────────────────────────────────────────────────────────────

  adp (weight: 0.0200)
  ────────────────────────────────────────────────────────────────
    Metric                       Before      After     Change
    locality                    41711.2    41711.2     0.0000
    scaler_U                     5805.7     5805.7     0.0000
    scaler_log_scale           134439.8   134439.8     0.0000
    sigd                         8022.2     8022.2     0.0000
    simu                        46748.2    46748.2     0.0000

  geometry (weight: 0.2000)
  ────────────────────────────────────────────────────────────────
    Metric                       Before      After     Change
    angle                      -51594.6   -51888.9  -294.2422
    bond                       -39645.5   -39745.5  -100.0625
    chiral                    -525.3711  -528.1055    -2.7344
    nonbonded                 -109027.3  -108893.8  +133.4531
    planarity                  -24857.6   -24871.2   -13.5781
    torsion                     12990.8    13014.7   +23.9014

  other (weight: 1.0000)
  ────────────────────────────────────────────────────────────────
    Metric                       Before      After     Change
    xray                       197682.3   196706.7  -975.6094

  Group Totals
  ────────────────────────────────────────────────────────────────
    Group                        Before      After     Change
    adp                          4734.5     4734.5     0.0000
    geometry                   -42531.9   -42582.6   -50.6538
    xray                       197682.3   196706.7  -975.6094
────────────────────────────────────────────────────────────────────
  VDW rebuild: max drift 2.91 Å > threshold 1.00 Å

Building VDW (non-bonded) restraints...
  Symmetry expansion: 27 valid (symop, offset) combos
  Grid: [7, 15, 15], 1370/1575 cells occupied, max 555 entries/cell
  Built 420708 VDW restraints, 19922 symmetry contacts

────────────────────────────────────────────────────────────────────
  ADP Refinement
────────────────────────────────────────────────────────────────────

  adp (weight: 0.0200)
  ────────────────────────────────────────────────────────────────
    Metric                       Before      After     Change
    locality                    41678.3    42222.4  +544.1367
    scaler_U                     5805.7     5805.7     0.0000
    scaler_log_scale           134439.8   134439.8     0.0000
    sigd                         8022.2     8019.1    -3.1343
    simu                        46748.2    46134.9  -613.3008

  geometry (weight: 0.2000)
  ────────────────────────────────────────────────────────────────
    Metric                       Before      After     Change
    angle                      -51888.9   -51888.9     0.0000
    bond                       -39745.5   -39745.5     0.0000
    chiral                    -528.1055  -528.1055     0.0000
    nonbonded                 -108893.8  -108893.8     0.0000
    planarity                  -24871.2   -24871.2     0.0000
    torsion                     13014.7    13014.7     0.0000

  other (weight: 1.0000)
  ────────────────────────────────────────────────────────────────
    Metric                       Before      After     Change
    xray                       196706.7   196592.4  -114.3125

  Group Totals
  ────────────────────────────────────────────────────────────────
    Group                        Before      After     Change
    adp                          4733.9     4732.4    -1.4459
    geometry                   -42582.6   -42582.6     0.0000
    xray                       196706.7   196592.4  -114.3125
────────────────────────────────────────────────────────────────────

============================================================
LBFGS Refinement - Cycle 5/10
============================================================
Refining scales with LBFGS...
Scale refinement complete. rwork: 0.3128, rfree: 0.3466

Final Scale Parameters: 
  c_iso: tensor([-2.2315,  0.6832,  0.1772, -0.0595,  0.0102, -0.0167])
  U: tensor([ 3.0621e-01,  1.3000e-01,  1.7186e-01,  3.3232e-05, -6.6526e-02,
         7.6701e-03])
  solvent.log_k_solvent: -0.9240666031837463
  solvent.log_ss_half: -3.914550304412842
  solvent.log_n_exp: 1.1786081790924072
  solvent.phase_offset: -0.0642673671245575
After scaling: Rwork=0.3128, Rfree=0.3466
  VDW rebuild: max drift 3.20 Å > threshold 1.00 Å

Building VDW (non-bonded) restraints...
  Symmetry expansion: 27 valid (symop, offset) combos
  Grid: [7, 15, 15], 1370/1575 cells occupied, max 555 entries/cell
  Built 420708 VDW restraints, 19922 symmetry contacts

────────────────────────────────────────────────────────────────────
  XYZ Refinement
────────────────────────────────────────────────────────────────────

  adp (weight: 0.0200)
  ────────────────────────────────────────────────────────────────
    Metric                       Before      After     Change
    locality                    42222.4    42222.4     0.0000
    scaler_U                     6119.7     6119.7     0.0000
    scaler_log_scale           132087.8   132087.8     0.0000
    sigd                         8019.1     8019.1     0.0000
    simu                        46134.9    46134.9     0.0000

  geometry (weight: 0.2000)
  ────────────────────────────────────────────────────────────────
    Metric                       Before      After     Change
    angle                      -51888.9   -52028.0  -139.1016
    bond                       -39745.5   -39789.7   -44.1406
    chiral                    -528.1055  -534.6976    -6.5922
    nonbonded                 -108893.8  -109162.5  -268.6953
    planarity                  -24871.2   -24918.2   -47.0039
    torsion                     13014.7    13042.2   +27.4922

  other (weight: 1.0000)
  ────────────────────────────────────────────────────────────────
    Metric                       Before      After     Change
    xray                       196923.9   196154.9  -769.0156

  Group Totals
  ────────────────────────────────────────────────────────────────
    Group                        Before      After     Change
    adp                          4691.7     4691.7     0.0000
    geometry                   -42582.6   -42678.2   -95.6075
    xray                       196923.9   196154.9  -769.0156
────────────────────────────────────────────────────────────────────
  VDW rebuild: max drift 3.20 Å > threshold 1.00 Å

Building VDW (non-bonded) restraints...
  Symmetry expansion: 27 valid (symop, offset) combos
  Grid: [7, 15, 15], 1370/1575 cells occupied, max 555 entries/cell
  Built 420708 VDW restraints, 19922 symmetry contacts

────────────────────────────────────────────────────────────────────
  ADP Refinement
────────────────────────────────────────────────────────────────────

  adp (weight: 0.0200)
  ────────────────────────────────────────────────────────────────
    Metric                       Before      After     Change
    locality                    42194.3    42387.4  +193.0898
    scaler_U                     6119.7     6119.7     0.0000
    scaler_log_scale           132087.8   132087.8     0.0000
    sigd                         8019.1     8014.0    -5.0864
    simu                        46134.9    45743.6  -391.3125

  geometry (weight: 0.2000)
  ────────────────────────────────────────────────────────────────
    Metric                       Before      After     Change
    angle                      -52028.0   -52028.0     0.0000
    bond                       -39789.7   -39789.7     0.0000
    chiral                    -534.6976  -534.6976     0.0000
    nonbonded                 -109162.5  -109162.5     0.0000
    planarity                  -24918.2   -24918.2     0.0000
    torsion                     13042.2    13042.2     0.0000

  other (weight: 1.0000)
  ────────────────────────────────────────────────────────────────
    Metric                       Before      After     Change
    xray                       196154.9   196108.0   -46.8750

  Group Totals
  ────────────────────────────────────────────────────────────────
    Group                        Before      After     Change
    adp                          4691.1     4687.1    -4.0663
    geometry                   -42678.2   -42678.2     0.0000
    xray                       196154.9   196108.0   -46.8750
────────────────────────────────────────────────────────────────────

============================================================
LBFGS Refinement - Cycle 6/10
============================================================
Refining scales with LBFGS...
Scale refinement complete. rwork: 0.3098, rfree: 0.3449

Final Scale Parameters: 
  c_iso: tensor([-2.2416,  0.6756,  0.1736, -0.0582,  0.0110, -0.0167])
  U: tensor([ 3.0881e-01,  1.3282e-01,  1.7466e-01,  2.5328e-04, -6.6385e-02,
         7.5018e-03])
  solvent.log_k_solvent: -0.932103157043457
  solvent.log_ss_half: -3.9036827087402344
  solvent.log_n_exp: 1.2205513715744019
  solvent.phase_offset: -0.06297603994607925
After scaling: Rwork=0.3098, Rfree=0.3449
  VDW rebuild: max drift 3.30 Å > threshold 1.00 Å

Building VDW (non-bonded) restraints...
  Symmetry expansion: 27 valid (symop, offset) combos
  Grid: [7, 15, 15], 1370/1575 cells occupied, max 555 entries/cell
  Built 420708 VDW restraints, 19922 symmetry contacts

────────────────────────────────────────────────────────────────────
  XYZ Refinement
────────────────────────────────────────────────────────────────────

  adp (weight: 0.0200)
  ────────────────────────────────────────────────────────────────
    Metric                       Before      After     Change
    locality                    42387.4    42387.4     0.0000
    scaler_U                     6286.5     6286.5     0.0000
    scaler_log_scale           128396.2   128396.2     0.0000
    sigd                         8014.0     8014.0     0.0000
    simu                        45743.6    45743.6     0.0000

  geometry (weight: 0.2000)
  ────────────────────────────────────────────────────────────────
    Metric                       Before      After     Change
    angle                      -52028.0   -52050.6   -22.6680
    bond                       -39789.7   -39735.0   +54.6992
    chiral                    -534.6976  -530.7001    +3.9976
    nonbonded                 -109162.5  -109048.2  +114.3359
    planarity                  -24918.2   -24906.6   +11.5781
    torsion                     13042.2    13063.7   +21.4814

  other (weight: 1.0000)
  ────────────────────────────────────────────────────────────────
    Metric                       Before      After     Change
    xray                       196397.5   195705.0  -692.5000

  Group Totals
  ────────────────────────────────────────────────────────────────
    Group                        Before      After     Change
    adp                          4616.6     4616.6     0.0000
    geometry                   -42678.2   -42641.5   +36.6855
    xray                       196397.5   195705.0  -692.5000
────────────────────────────────────────────────────────────────────
  VDW rebuild: max drift 3.30 Å > threshold 1.00 Å

Building VDW (non-bonded) restraints...
  Symmetry expansion: 27 valid (symop, offset) combos
  Grid: [7, 15, 15], 1370/1575 cells occupied, max 555 entries/cell
  Built 420708 VDW restraints, 19922 symmetry contacts

────────────────────────────────────────────────────────────────────
  ADP Refinement
────────────────────────────────────────────────────────────────────

  adp (weight: 0.0200)
  ────────────────────────────────────────────────────────────────
    Metric                       Before      After     Change
    locality                    42360.4    42479.2  +118.8359
    scaler_U                     6286.5     6286.5     0.0000
    scaler_log_scale           128396.2   128396.2     0.0000
    sigd                         8014.0     8012.2    -1.8228
    simu                        45743.6    45253.6  -489.9961

  geometry (weight: 0.2000)
  ────────────────────────────────────────────────────────────────
    Metric                       Before      After     Change
    angle                      -52050.6   -52050.6     0.0000
    bond                       -39735.0   -39735.0     0.0000
    chiral                    -530.7001  -530.7001     0.0000
    nonbonded                 -109048.2  -109048.2     0.0000
    planarity                  -24906.6   -24906.6     0.0000
    torsion                     13063.7    13063.7     0.0000

  other (weight: 1.0000)
  ────────────────────────────────────────────────────────────────
    Metric                       Before      After     Change
    xray                       195705.0   195636.0   -69.0312

  Group Totals
  ────────────────────────────────────────────────────────────────
    Group                        Before      After     Change
    adp                          4616.0     4608.6    -7.4597
    geometry                   -42641.5   -42641.5     0.0000
    xray                       195705.0   195636.0   -69.0312
────────────────────────────────────────────────────────────────────

============================================================
LBFGS Refinement - Cycle 7/10
============================================================
Refining scales with LBFGS...
Scale refinement complete. rwork: 0.3070, rfree: 0.3417

Final Scale Parameters: 
  c_iso: tensor([-2.4349,  0.3766,  0.1290, -0.0756,  0.0197, -0.0220])
  U: tensor([ 0.2428,  0.0668,  0.1084,  0.0003, -0.0665,  0.0072])
  solvent.log_k_solvent: -0.9108105897903442
  solvent.log_ss_half: -3.863088846206665
  solvent.log_n_exp: 1.314256191253662
  solvent.phase_offset: -0.06579500436782837
After scaling: Rwork=0.3070, Rfree=0.3417
  VDW rebuild: max drift 3.58 Å > threshold 1.00 Å

Building VDW (non-bonded) restraints...
  Symmetry expansion: 27 valid (symop, offset) combos
  Grid: [7, 15, 15], 1370/1575 cells occupied, max 555 entries/cell
  Built 420708 VDW restraints, 19922 symmetry contacts

────────────────────────────────────────────────────────────────────
  XYZ Refinement
────────────────────────────────────────────────────────────────────

  adp (weight: 0.0200)
  ────────────────────────────────────────────────────────────────
    Metric                       Before      After     Change
    locality                    42479.2    42479.2     0.0000
    scaler_U                     2892.6     2892.6     0.0000
    scaler_log_scale            46526.6    46526.6     0.0000
    sigd                         8012.2     8012.2     0.0000
    simu                        45253.6    45253.6     0.0000

  geometry (weight: 0.2000)
  ────────────────────────────────────────────────────────────────
    Metric                       Before      After     Change
    angle                      -52050.6   -52149.4   -98.7266
    bond                       -39735.0   -39802.8   -67.7891
    chiral                    -530.7001  -535.1055    -4.4054
    nonbonded                 -109048.2  -109199.3  -151.1094
    planarity                  -24906.6   -24926.4   -19.8301
    torsion                     13063.7    13083.6   +19.8545

  other (weight: 1.0000)
  ────────────────────────────────────────────────────────────────
    Metric                       Before      After     Change
    xray                       195946.4   195445.0  -501.4062

  Group Totals
  ────────────────────────────────────────────────────────────────
    Group                        Before      After     Change
    adp                          2903.3     2903.3     0.0000
    geometry                   -42641.5   -42705.9   -64.4023
    xray                       195946.4   195445.0  -501.4062
────────────────────────────────────────────────────────────────────
  VDW rebuild: max drift 3.58 Å > threshold 1.00 Å

Building VDW (non-bonded) restraints...
  Symmetry expansion: 27 valid (symop, offset) combos
  Grid: [7, 15, 15], 1370/1575 cells occupied, max 555 entries/cell
  Built 420708 VDW restraints, 19922 symmetry contacts

────────────────────────────────────────────────────────────────────
  ADP Refinement
────────────────────────────────────────────────────────────────────

  adp (weight: 0.0200)
  ────────────────────────────────────────────────────────────────
    Metric                       Before      After     Change
    locality                    42476.3    42807.0  +330.7109
    scaler_U                     2892.6     2892.6     0.0000
    scaler_log_scale            46526.6    46526.6     0.0000
    sigd                         8012.2     8016.6    +4.3809
    simu                        45253.6    44967.5  -286.0977

  geometry (weight: 0.2000)
  ────────────────────────────────────────────────────────────────
    Metric                       Before      After     Change
    angle                      -52149.4   -52149.4     0.0000
    bond                       -39802.8   -39802.8     0.0000
    chiral                    -535.1055  -535.1055     0.0000
    nonbonded                 -109199.3  -109199.3     0.0000
    planarity                  -24926.4   -24926.4     0.0000
    torsion                     13083.6    13083.6     0.0000

  other (weight: 1.0000)
  ────────────────────────────────────────────────────────────────
    Metric                       Before      After     Change
    xray                       195445.0   195441.7    -3.2812

  Group Totals
  ────────────────────────────────────────────────────────────────
    Group                        Before      After     Change
    adp                          2903.2     2904.2    +0.9799
    geometry                   -42705.9   -42705.9     0.0000
    xray                       195445.0   195441.7    -3.2812
────────────────────────────────────────────────────────────────────

============================================================
LBFGS Refinement - Cycle 8/10
============================================================
Refining scales with LBFGS...
Scale refinement complete. rwork: 0.3057, rfree: 0.3420

Final Scale Parameters: 
  c_iso: tensor([-2.4306,  0.3737,  0.1343, -0.0794,  0.0213, -0.0240])
  U: tensor([ 2.4929e-01,  7.3403e-02,  1.1496e-01,  1.8632e-04, -6.6382e-02,
         6.9869e-03])
  solvent.log_k_solvent: -0.9100220799446106
  solvent.log_ss_half: -3.861354112625122
  solvent.log_n_exp: 1.3203877210617065
  solvent.phase_offset: -0.06450025737285614
After scaling: Rwork=0.3057, Rfree=0.3420
  VDW rebuild: max drift 3.72 Å > threshold 1.00 Å

Building VDW (non-bonded) restraints...
  Symmetry expansion: 27 valid (symop, offset) combos
  Grid: [7, 15, 15], 1370/1575 cells occupied, max 555 entries/cell
  Built 420708 VDW restraints, 19922 symmetry contacts

────────────────────────────────────────────────────────────────────
  XYZ Refinement
────────────────────────────────────────────────────────────────────

  adp (weight: 0.0200)
  ────────────────────────────────────────────────────────────────
    Metric                       Before      After     Change
    locality                    42807.0    42807.0     0.0000
    scaler_U                     3170.2     3170.2     0.0000
    scaler_log_scale            47243.0    47243.0     0.0000
    sigd                         8016.6     8016.6     0.0000
    simu                        44967.5    44967.5     0.0000

  geometry (weight: 0.2000)
  ────────────────────────────────────────────────────────────────
    Metric                       Before      After     Change
    angle                      -52149.4   -52157.9    -8.5508
    bond                       -39802.8   -39742.9   +59.8398
    chiral                    -535.1055  -532.3472    +2.7582
    nonbonded                 -109199.3  -109135.6   +63.6719
    planarity                  -24926.4   -24916.7    +9.7773
    torsion                     13083.6    13094.3   +10.7676

  other (weight: 1.0000)
  ────────────────────────────────────────────────────────────────
    Metric                       Before      After     Change
    xray                       195739.3   195253.5  -485.7969

  Group Totals
  ────────────────────────────────────────────────────────────────
    Group                        Before      After     Change
    adp                          2924.1     2924.1     0.0000
    geometry                   -42705.9   -42678.2   +27.6535
    xray                       195739.3   195253.5  -485.7969
────────────────────────────────────────────────────────────────────
  VDW rebuild: max drift 3.72 Å > threshold 1.00 Å

Building VDW (non-bonded) restraints...
  Symmetry expansion: 27 valid (symop, offset) combos
  Grid: [7, 15, 15], 1370/1575 cells occupied, max 555 entries/cell
  Built 420708 VDW restraints, 19922 symmetry contacts

────────────────────────────────────────────────────────────────────
  ADP Refinement
────────────────────────────────────────────────────────────────────

  adp (weight: 0.0200)
  ────────────────────────────────────────────────────────────────
    Metric                       Before      After     Change
    locality                    42823.9    42821.8    -2.0391
    scaler_U                     3170.2     3170.2     0.0000
    scaler_log_scale            47243.0    47243.0     0.0000
    sigd                         8016.6     8023.6    +7.0249
    simu                        44967.5    44415.3  -552.1211

  geometry (weight: 0.2000)
  ────────────────────────────────────────────────────────────────
    Metric                       Before      After     Change
    angle                      -52157.9   -52157.9     0.0000
    bond                       -39742.9   -39742.9     0.0000
    chiral                    -532.3472  -532.3472     0.0000
    nonbonded                 -109135.6  -109135.6     0.0000
    planarity                  -24916.7   -24916.7     0.0000
    torsion                     13094.3    13094.3     0.0000

  other (weight: 1.0000)
  ────────────────────────────────────────────────────────────────
    Metric                       Before      After     Change
    xray                       195253.5   195248.5    -5.0469

  Group Totals
  ────────────────────────────────────────────────────────────────
    Group                        Before      After     Change
    adp                          2924.4     2913.5   -10.9428
    geometry                   -42678.2   -42678.2     0.0000
    xray                       195253.5   195248.5    -5.0469
────────────────────────────────────────────────────────────────────

============================================================
LBFGS Refinement - Cycle 9/10
============================================================
Refining scales with LBFGS...
Scale refinement complete. rwork: 0.3044, rfree: 0.3427

Final Scale Parameters: 
  c_iso: tensor([-2.4327,  0.3717,  0.1328, -0.0795,  0.0208, -0.0239])
  U: tensor([ 2.5506e-01,  7.9060e-02,  1.2048e-01,  9.8303e-05, -6.6563e-02,
         6.7583e-03])
  solvent.log_k_solvent: -0.9101575613021851
  solvent.log_ss_half: -3.8663439750671387
  solvent.log_n_exp: 1.322068452835083
  solvent.phase_offset: -0.06644629687070847
After scaling: Rwork=0.3044, Rfree=0.3427
  VDW rebuild: max drift 3.90 Å > threshold 1.00 Å

Building VDW (non-bonded) restraints...
  Symmetry expansion: 27 valid (symop, offset) combos
  Grid: [7, 15, 15], 1370/1575 cells occupied, max 555 entries/cell
  Built 420708 VDW restraints, 19922 symmetry contacts

────────────────────────────────────────────────────────────────────
  XYZ Refinement
────────────────────────────────────────────────────────────────────

  adp (weight: 0.0200)
  ────────────────────────────────────────────────────────────────
    Metric                       Before      After     Change
    locality                    42821.8    42821.8     0.0000
    scaler_U                     3420.5     3420.5     0.0000
    scaler_log_scale            46611.7    46611.7     0.0000
    sigd                         8023.6     8023.6     0.0000
    simu                        44415.3    44415.3     0.0000

  geometry (weight: 0.2000)
  ────────────────────────────────────────────────────────────────
    Metric                       Before      After     Change
    angle                      -52157.9   -52233.6   -75.6445
    bond                       -39742.9   -39815.1   -72.1523
    chiral                    -532.3472  -534.8416    -2.4943
    nonbonded                 -109135.6  -109197.8   -62.1641
    planarity                  -24916.7   -24935.4   -18.7480
    torsion                     13094.3    13105.6   +11.2842

  other (weight: 1.0000)
  ────────────────────────────────────────────────────────────────
    Metric                       Before      After     Change
    xray                       195572.6   195140.4  -432.2344

  Group Totals
  ────────────────────────────────────────────────────────────────
    Group                        Before      After     Change
    adp                          2905.9     2905.9     0.0000
    geometry                   -42678.2   -42722.2   -43.9828
    xray                       195572.6   195140.4  -432.2344
────────────────────────────────────────────────────────────────────
  VDW rebuild: max drift 3.90 Å > threshold 1.00 Å

Building VDW (non-bonded) restraints...
  Symmetry expansion: 27 valid (symop, offset) combos
  Grid: [7, 15, 15], 1370/1575 cells occupied, max 555 entries/cell
  Built 420708 VDW restraints, 19922 symmetry contacts

────────────────────────────────────────────────────────────────────
  ADP Refinement
────────────────────────────────────────────────────────────────────

  adp (weight: 0.0200)
  ────────────────────────────────────────────────────────────────
    Metric                       Before      After     Change
    locality                    42835.4    43219.5  +384.0742
    scaler_U                     3420.5     3420.5     0.0000
    scaler_log_scale            46611.7    46611.7     0.0000
    sigd                         8023.6     8034.1   +10.5322
    simu                        44415.3    44102.0  -313.3320

  geometry (weight: 0.2000)
  ────────────────────────────────────────────────────────────────
    Metric                       Before      After     Change
    angle                      -52233.6   -52233.6     0.0000
    bond                       -39815.1   -39815.1     0.0000
    chiral                    -534.8416  -534.8416     0.0000
    nonbonded                 -109197.8  -109197.8     0.0000
    planarity                  -24935.4   -24935.4     0.0000
    torsion                     13105.6    13105.6     0.0000

  other (weight: 1.0000)
  ────────────────────────────────────────────────────────────────
    Metric                       Before      After     Change
    xray                       195140.4   195124.8   -15.5625

  Group Totals
  ────────────────────────────────────────────────────────────────
    Group                        Before      After     Change
    adp                          2906.1     2907.8    +1.6254
    geometry                   -42722.2   -42722.2     0.0000
    xray                       195140.4   195124.8   -15.5625
────────────────────────────────────────────────────────────────────

============================================================
LBFGS Refinement - Cycle 10/10
============================================================
Refining scales with LBFGS...
Scale refinement complete. rwork: 0.3038, rfree: 0.3425

Final Scale Parameters: 
  c_iso: tensor([-2.4323,  0.3899,  0.1275, -0.0735,  0.0180, -0.0216])
  U: tensor([ 2.6333e-01,  8.7385e-02,  1.2878e-01,  9.5356e-05, -6.6451e-02,
         6.2919e-03])
  solvent.log_k_solvent: -0.9159944653511047
  solvent.log_ss_half: -3.858422040939331
  solvent.log_n_exp: 1.3439677953720093
  solvent.phase_offset: -0.06823842227458954
After scaling: Rwork=0.3038, Rfree=0.3425
  VDW rebuild: max drift 4.00 Å > threshold 1.00 Å

Building VDW (non-bonded) restraints...
  Symmetry expansion: 27 valid (symop, offset) combos
  Grid: [7, 15, 15], 1370/1575 cells occupied, max 555 entries/cell
  Built 420708 VDW restraints, 19922 symmetry contacts

────────────────────────────────────────────────────────────────────
  XYZ Refinement
────────────────────────────────────────────────────────────────────

  adp (weight: 0.0200)
  ────────────────────────────────────────────────────────────────
    Metric                       Before      After     Change
    locality                    43219.5    43219.5     0.0000
    scaler_U                     3805.4     3805.4     0.0000
    scaler_log_scale            48606.0    48606.0     0.0000
    sigd                         8034.1     8034.1     0.0000
    simu                        44102.0    44102.0     0.0000

  geometry (weight: 0.2000)
  ────────────────────────────────────────────────────────────────
    Metric                       Before      After     Change
    angle                      -52233.6   -52207.7   +25.8164
    bond                       -39815.1   -39794.8   +20.2656
    chiral                    -534.8416  -531.7541    +3.0875
    nonbonded                 -109197.8  -109144.0   +53.7422
    planarity                  -24935.4   -24926.4    +8.9961
    torsion                     13105.6    13111.9    +6.2793

  other (weight: 1.0000)
  ────────────────────────────────────────────────────────────────
    Metric                       Before      After     Change
    xray                       195435.5   194944.9  -490.6250

  Group Totals
  ────────────────────────────────────────────────────────────────
    Group                        Before      After     Change
    adp                          2955.3     2955.3     0.0000
    geometry                   -42722.2   -42698.6   +23.6370
    xray                       195435.5   194944.9  -490.6250
────────────────────────────────────────────────────────────────────
  VDW rebuild: max drift 4.00 Å > threshold 1.00 Å

Building VDW (non-bonded) restraints...
  Symmetry expansion: 27 valid (symop, offset) combos
  Grid: [7, 15, 15], 1370/1575 cells occupied, max 555 entries/cell
  Built 420708 VDW restraints, 19922 symmetry contacts

────────────────────────────────────────────────────────────────────
  ADP Refinement
────────────────────────────────────────────────────────────────────

  adp (weight: 0.0200)
  ────────────────────────────────────────────────────────────────
    Metric                       Before      After     Change
    locality                    43246.6    43596.4  +349.8398
    scaler_U                     3805.4     3805.4     0.0000
    scaler_log_scale            48606.0    48606.0     0.0000
    sigd                         8034.1     8045.6   +11.4609
    simu                        44102.0    43854.3  -247.7344

  geometry (weight: 0.2000)
  ────────────────────────────────────────────────────────────────
    Metric                       Before      After     Change
    angle                      -52207.7   -52207.7     0.0000
    bond                       -39794.8   -39794.8     0.0000
    chiral                    -531.7541  -531.7541     0.0000
    nonbonded                 -109144.0  -109144.0     0.0000
    planarity                  -24926.4   -24926.4     0.0000
    torsion                     13111.9    13111.9     0.0000

  other (weight: 1.0000)
  ────────────────────────────────────────────────────────────────
    Metric                       Before      After     Change
    xray                       194944.9   194954.5    +9.5781

  Group Totals
  ────────────────────────────────────────────────────────────────
    Group                        Before      After     Change
    adp                          2955.9     2958.2    +2.2713
    geometry                   -42698.6   -42698.6     0.0000
    xray                       194944.9   194954.5    +9.5781
────────────────────────────────────────────────────────────────────
Calculating initial scale factors using 10 bins.
Refining scales with LBFGS...
Scale refinement complete. rwork: 0.3031, rfree: 0.3429

Final Scale Parameters: 
  c_iso: tensor([-2.3495,  0.5046,  0.1521, -0.0695,  0.0161, -0.0199])
  U: tensor([ 2.9888e-01,  1.2267e-01,  1.6391e-01,  1.3094e-05, -6.6450e-02,
         6.3564e-03])
  solvent.log_k_solvent: -0.920336902141571
  solvent.log_ss_half: -3.880418539047241
  solvent.log_n_exp: 1.283054232597351
  solvent.phase_offset: -0.0685153380036354

Refinement completed successfully.

Saving results to /das/work/units/LBR-FEL/p17490/Peter/Library/work_trees_torchref/alignement/alignment_lab/benchmarks/af_mr/runs/dmin4.0/4K36/refine_phaser_mr...
  Refined structure (PDB): /das/work/units/LBR-FEL/p17490/Peter/Library/work_trees_torchref/alignement/alignment_lab/benchmarks/af_mr/runs/dmin4.0/4K36/refine_phaser_mr/refined.pdb
  Refined structure (mmCIF): /das/work/units/LBR-FEL/p17490/Peter/Library/work_trees_torchref/alignement/alignment_lab/benchmarks/af_mr/runs/dmin4.0/4K36/refine_phaser_mr/refined.cif
Added map coefficients:
  2Fo-Fc: FWT, PHWT
  Fo-Fc: DELFWT, PHDELWT
  Resolution range: 1.62 - 92.12 Å
✓ Wrote MTZ file: /das/work/units/LBR-FEL/p17490/Peter/Library/work_trees_torchref/alignement/alignment_lab/benchmarks/af_mr/runs/dmin4.0/4K36/refine_phaser_mr/refined.mtz
  Reflections: 99308
  Columns: H, K, L, F-obs, SIGF-obs, I-obs, SIGI-obs, R-free-flags, FWT, PHWT, DELFWT, PHDELWT, F-model, PH-model
  Refined structure factors: /das/work/units/LBR-FEL/p17490/Peter/Library/work_trees_torchref/alignement/alignment_lab/benchmarks/af_mr/runs/dmin4.0/4K36/refine_phaser_mr/refined.mtz
  Refinement history: /das/work/units/LBR-FEL/p17490/Peter/Library/work_trees_torchref/alignement/alignment_lab/benchmarks/af_mr/runs/dmin4.0/4K36/refine_phaser_mr/refinement_history.json

================================================================================
Refinement Summary
================================================================================
R-work:  0.3031 (95768 reflections)
R-free:  0.3429 (1955 reflections)
NLL work: 195259.17
NLL test: 4218.10
================================================================================

Output files:
  - /das/work/units/LBR-FEL/p17490/Peter/Library/work_trees_torchref/alignement/alignment_lab/benchmarks/af_mr/runs/dmin4.0/4K36/refine_phaser_mr/refined.pdb
  - /das/work/units/LBR-FEL/p17490/Peter/Library/work_trees_torchref/alignement/alignment_lab/benchmarks/af_mr/runs/dmin4.0/4K36/refine_phaser_mr/refined.cif
  - /das/work/units/LBR-FEL/p17490/Peter/Library/work_trees_torchref/alignement/alignment_lab/benchmarks/af_mr/runs/dmin4.0/4K36/refine_phaser_mr/refined.mtz
  - /das/work/units/LBR-FEL/p17490/Peter/Library/work_trees_torchref/alignement/alignment_lab/benchmarks/af_mr/runs/dmin4.0/4K36/refine_phaser_mr/refinement_history.json

Refinement completed successfully!

Timing: 355.9s wall, 1406.7s CPU
