/das/work/units/LBR-FEL/p17490/Peter/Library/work_trees_torchref/alignement/torchref/cli/refine.py:21: UserWarning: TorchRef using user-specified 8 threads from TORCHREF_NUM_THREADS.
  from torchref.cli._common import (
================================================================================
TorchRef LBFGS Refinement
================================================================================
Model:             /das/work/units/LBR-FEL/p17490/Peter/Library/work_trees_torchref/alignement/alignment_lab/benchmarks/af_mr/runs/dmin3.0/1J5W/torchref_placed.pdb
Structure factor:  /das/work/units/LBR-FEL/p17490/Peter/Library/work_trees_torchref/dev/paper/data/1J5W/1J5W.mtz
Output directory:  /das/work/units/LBR-FEL/p17490/Peter/Library/work_trees_torchref/alignement/alignment_lab/benchmarks/af_mr/runs/dmin3.0/1J5W/refine_torchref_mr
Refinement mode:   separate
X-ray target:      ml
Refinement cycles: 10
Rigid-body step:   on (iterations/cutoff = 30)
Device:            auto
ADP mode:          isotropic
Wavelength:        1 A
Manual weights:    {"adp": 0.02}
================================================================================

Initializing refinement...
found non-finite F values (NaN/Inf):  0
found non-finite F_sigma values (NaN/Inf):  0
Wilson outlier rejection: 0/50556 (0.0000%) of tested reflections flagged (0 too strong, 0 too weak)
Loaded 4534 atoms
Building restraints...
Found 109 link definitions

Building VDW (non-bonded) restraints...
  Symmetry expansion: 62 valid (symop, offset) combos
  Grid: [10, 11, 23], 1933/2530 cells occupied, max 437 entries/cell
  Built 83332 VDW restraints, 7995 symmetry contacts
  Hydrogen topology: 4346 riding H atoms
  H candidate pairs: 197903 (50684 H-H, 147219 H-heavy, 17284 symmetry)
================================================================================
Restraints Summary
================================================================================
CIF file: None
Residue types in dictionary: 19

INTRA-RESIDUE RESTRAINTS:
--------------------------------------------------------------------------------
  Bonds: 4120
  Angles: 4678
  Torsions: 1164
  Planes: 946
  Chirals: 644

INTER-RESIDUE RESTRAINTS:
--------------------------------------------------------------------------------
  Peptide bonds: 530
  Peptide angles: 1612
  Disulfide bonds: 0
  Disulfide angles: 0
  Disulfide torsions: 0
  LINK bonds: 0

BACKBONE TORSIONS:
--------------------------------------------------------------------------------
  Phi: 530
  Psi: 530
  Omega: 530
  Ramachandran: 516

VDW RESTRAINTS:
--------------------------------------------------------------------------------
  Non-bonded contacts: 83332 (75337 intra-ASU, 7995 symmetry)
================================================================================
Generated 4346 hydrogens
ADP representation: isotropic, 8880 parameters, 6.2 work reflections each
Initialized ScalerBase with 10 bins.
Building restraints...

Building VDW (non-bonded) restraints...
  Symmetry expansion: 63 valid (symop, offset) combos
  Grid: [10, 11, 23], 2018/2530 cells occupied, max 703 entries/cell
  Built 339771 VDW restraints, 36196 symmetry contacts
================================================================================
Restraints Summary
================================================================================
CIF file: None
Residue types in dictionary: 19

INTRA-RESIDUE RESTRAINTS:
--------------------------------------------------------------------------------
  Bonds: 8466
  Angles: 13986
  Torsions: 1710
  Planes: 1576
  Chirals: 644

INTER-RESIDUE RESTRAINTS:
--------------------------------------------------------------------------------
  Peptide bonds: 530
  Peptide angles: 2120
  Disulfide bonds: 0
  Disulfide angles: 0
  Disulfide torsions: 0
  LINK bonds: 0

BACKBONE TORSIONS:
--------------------------------------------------------------------------------
  Phi: 530
  Psi: 530
  Omega: 530
  Ramachandran: 516

VDW RESTRAINTS:
--------------------------------------------------------------------------------
  Non-bonded contacts: 339771 (303575 intra-ASU, 36196 symmetry)
================================================================================
Initializing TotalGeometryTarget with component targets...
Initializing TotalADPTarget with component targets: simu, locality, sigd
Parametrization built for 5 unique atom types
SfFFT: Using late symmetry (reciprocal space)
Calculating initial scale factors using 10 bins.
Refining scales with LBFGS...
Scale refinement complete. rwork: 0.4357, rfree: 0.4347

Final Scale Parameters: 
  c_iso: tensor([ 0.7534,  1.0269,  0.3597, -0.0549,  0.0448, -0.0207])
  U: tensor([ 0.5417,  0.3361,  0.4298,  0.0052, -0.0143, -0.0183])
  solvent.log_k_solvent: -0.8868445158004761
  solvent.log_ss_half: -3.949821710586548
  solvent.log_n_exp: 1.2856827974319458
  solvent.phase_offset: 0.024569733068346977
Initialized targets with xray_mode='ml'
Applied manual group weights: {'xray': 1.0, 'geometry': 0.2, 'geometry/ramachandran': 0.0, 'adp': 0.02, 'adp/sigd': 1.0, 'adp/node_load': 10.0, 'adp/node_smoothness': 0.0}
Refinement initialized successfully.

Starting refinement with 10 macro cycles...

Rigid-body step enabled: one multi-resolution rigid-body pass will run once at the start of refinement.


--- Rigid-body step (once, at start) ---
Switched to rigid-body parametrization: RigidXYZTensor(n_atoms=8880, n_chains=2) (2 chain(s))
Filtering: 1649/56032 reflections in range [inf - 6.0] Å (1649 valid after all masks)
Initialized ScalerBase with 10 bins.
Calculating initial scale factors using 10 bins.
Calculating initial scale factors using 10 bins.
Refining scales with LBFGS...
Scale refinement complete. rwork: 0.3417, rfree: 0.3620

Final Scale Parameters: 
  c_iso: tensor([-0.0937, -0.1548, -0.1949,  0.0969,  0.2587,  0.1925])
  U: tensor([ 0.6308,  0.4884,  0.4623, -0.0602,  0.0340, -0.1664])
  solvent.log_k_solvent: -0.8993971943855286
  solvent.log_ss_half: -3.853536605834961
  solvent.log_n_exp: 1.7114084959030151
  solvent.phase_offset: -0.06252126395702362
  rigid-body d_min=6.00 (lbfgs, iters=30): Rwork=0.3306 Rfree=0.3841
Filtering: 9767/56032 reflections in range [inf - 3.2863356279699913] Å (9767 valid after all masks)
Initialized ScalerBase with 10 bins.
Calculating initial scale factors using 10 bins.
Calculating initial scale factors using 10 bins.
Refining scales with LBFGS...
Scale refinement complete. rwork: 0.3658, rfree: 0.3725

Final Scale Parameters: 
  c_iso: tensor([ 0.2566,  0.2045, -0.2909, -0.2073,  0.0533,  0.0896])
  U: tensor([ 0.6479,  0.4147,  0.4761, -0.0121, -0.0118, -0.0241])
  solvent.log_k_solvent: -0.9054771065711975
  solvent.log_ss_half: -4.014516353607178
  solvent.log_n_exp: 1.2221839427947998
  solvent.phase_offset: 0.0398646704852581
  rigid-body d_min=3.29 (lbfgs, iters=30): Rwork=0.3605 Rfree=0.3808
Filtering: 56032/56032 reflections in range [inf - 1.8000003099441528] Å (56032 valid after all masks)
Initialized ScalerBase with 10 bins.
Calculating initial scale factors using 10 bins.
Calculating initial scale factors using 10 bins.
Refining scales with LBFGS...
Scale refinement complete. rwork: 0.4073, rfree: 0.4134

Final Scale Parameters: 
  c_iso: tensor([ 0.7449,  1.0010,  0.3436, -0.0614,  0.0474, -0.0191])
  U: tensor([ 0.5432,  0.3254,  0.4060,  0.0062, -0.0187, -0.0126])
  solvent.log_k_solvent: -0.8841863870620728
  solvent.log_ss_half: -3.982086420059204
  solvent.log_n_exp: 1.4097501039505005
  solvent.phase_offset: 0.022858019918203354
  rigid-body d_min=1.80 (lbfgs, iters=30): Rwork=0.4240 Rfree=0.4333
Initialized ScalerBase with 10 bins.
Calculating initial scale factors using 10 bins.
Calculating initial scale factors using 10 bins.
Refining scales with LBFGS...
Scale refinement complete. rwork: 0.4070, rfree: 0.4156

Final Scale Parameters: 
  c_iso: tensor([ 0.7048,  0.9514,  0.3309, -0.0612,  0.0458, -0.0188])
  U: tensor([ 0.5286,  0.3094,  0.3882,  0.0055, -0.0192, -0.0122])
  solvent.log_k_solvent: -0.882840633392334
  solvent.log_ss_half: -3.9627773761749268
  solvent.log_n_exp: 1.4394482374191284
  solvent.phase_offset: 0.01973460055887699
Initialized ScalerBase with 10 bins.
Calculating initial scale factors using 10 bins.
Calculating initial scale factors using 10 bins.
Refining scales with LBFGS...
Scale refinement complete. rwork: 0.4070, rfree: 0.4156

Final Scale Parameters: 
  c_iso: tensor([ 0.6949,  0.9363,  0.3287, -0.0626,  0.0461, -0.0195])
  U: tensor([ 0.5245,  0.3052,  0.3840,  0.0054, -0.0193, -0.0123])
  solvent.log_k_solvent: -0.8817608952522278
  solvent.log_ss_half: -3.961184024810791
  solvent.log_n_exp: 1.4439493417739868
  solvent.phase_offset: 0.019285982474684715

============================================================
LBFGS Refinement - Cycle 1/10
============================================================
Refining scales with LBFGS...
Scale refinement complete. rwork: 0.4070, rfree: 0.4155

Final Scale Parameters: 
  c_iso: tensor([ 0.7690,  1.0384,  0.3466, -0.0582,  0.0442, -0.0177])
  U: tensor([ 0.5563,  0.3370,  0.4161,  0.0055, -0.0195, -0.0123])
  solvent.log_k_solvent: -0.887607753276825
  solvent.log_ss_half: -3.9782488346099854
  solvent.log_n_exp: 1.3954988718032837
  solvent.phase_offset: 0.020744983106851578
After scaling: Rwork=0.4070, Rfree=0.4155
  VDW rebuild: max drift 2.03 Å > threshold 1.00 Å

Building VDW (non-bonded) restraints...
  Symmetry expansion: 63 valid (symop, offset) combos
  Grid: [10, 11, 23], 2018/2530 cells occupied, max 703 entries/cell
  Built 339771 VDW restraints, 36196 symmetry contacts

────────────────────────────────────────────────────────────────────
  XYZ Refinement
────────────────────────────────────────────────────────────────────

  adp (weight: 0.0200)
  ────────────────────────────────────────────────────────────────
    Metric                       Before      After     Change
    locality                   269.0034   269.0034     0.0000
    scaler_U                    16011.8    16011.8     0.0000
    scaler_log_scale           309266.4   309266.4     0.0000
    sigd                         5730.4     5730.4     0.0000
    simu                        14524.8    14524.8     0.0000

  geometry (weight: 0.2000)
  ────────────────────────────────────────────────────────────────
    Metric                       Before      After     Change
    angle                      -36649.8   -38492.0    -1842.2
    bond                       -27509.9   -29655.1    -2145.2
    chiral                    -352.0663  -405.8672   -53.8010
    nonbonded                  -45198.3   -87962.4   -42764.1
    planarity                  -18682.0   -19476.0  -794.0039
    torsion                     13943.7    13986.6   +42.8799

  other (weight: 1.0000)
  ────────────────────────────────────────────────────────────────
    Metric                       Before      After     Change
    xray                       292159.4   288213.2    -3946.2

  Group Totals
  ────────────────────────────────────────────────────────────────
    Group                        Before      After     Change
    adp                          6916.0     6916.0     0.0000
    geometry                   -22889.7   -32400.9    -9511.3
    xray                       292159.4   288213.2    -3946.2
────────────────────────────────────────────────────────────────────
  VDW rebuild: max drift 2.03 Å > threshold 1.00 Å

Building VDW (non-bonded) restraints...
  Symmetry expansion: 63 valid (symop, offset) combos
  Grid: [10, 11, 23], 2018/2530 cells occupied, max 703 entries/cell
  Built 339771 VDW restraints, 36196 symmetry contacts

────────────────────────────────────────────────────────────────────
  ADP Refinement
────────────────────────────────────────────────────────────────────

  adp (weight: 0.0200)
  ────────────────────────────────────────────────────────────────
    Metric                       Before      After     Change
    locality                   270.0566    22460.4   +22190.4
    scaler_U                    16011.8    16011.8     0.0000
    scaler_log_scale           309266.4   309266.4     0.0000
    sigd                         5730.4     5999.1  +268.6753
    simu                        14524.8    26658.4   +12133.6

  geometry (weight: 0.2000)
  ────────────────────────────────────────────────────────────────
    Metric                       Before      After     Change
    angle                      -38492.0   -38492.0     0.0000
    bond                       -29655.1   -29655.1     0.0000
    chiral                    -405.8672  -405.8672     0.0000
    nonbonded                  -87962.4   -87962.4     0.0000
    planarity                  -19476.0   -19476.0     0.0000
    torsion                     13986.6    13986.6     0.0000

  other (weight: 1.0000)
  ────────────────────────────────────────────────────────────────
    Metric                       Before      After     Change
    xray                       288213.2   282852.0    -5361.2

  Group Totals
  ────────────────────────────────────────────────────────────────
    Group                        Before      After     Change
    adp                          6916.1     7607.9  +691.8527
    geometry                   -32400.9   -32400.9     0.0000
    xray                       288213.2   282852.0    -5361.2
────────────────────────────────────────────────────────────────────

============================================================
LBFGS Refinement - Cycle 2/10
============================================================
Refining scales with LBFGS...
Scale refinement complete. rwork: 0.3280, rfree: 0.3563

Final Scale Parameters: 
  c_iso: tensor([ 0.4190,  0.5700,  0.1799, -0.0924,  0.0645, -0.0211])
  U: tensor([ 4.0981e-01,  1.7831e-01,  2.5189e-01,  3.8687e-05, -2.1095e-02,
         4.6119e-03])
  solvent.log_k_solvent: -0.8962804079055786
  solvent.log_ss_half: -3.9741406440734863
  solvent.log_n_exp: 1.424952745437622
  solvent.phase_offset: -0.04262988269329071
After scaling: Rwork=0.3280, Rfree=0.3563
  VDW rebuild: max drift 1.95 Å > threshold 1.00 Å

Building VDW (non-bonded) restraints...
  Symmetry expansion: 63 valid (symop, offset) combos
  Grid: [10, 11, 23], 2018/2530 cells occupied, max 703 entries/cell
  Built 339771 VDW restraints, 36196 symmetry contacts

────────────────────────────────────────────────────────────────────
  XYZ Refinement
────────────────────────────────────────────────────────────────────

  adp (weight: 0.0200)
  ────────────────────────────────────────────────────────────────
    Metric                       Before      After     Change
    locality                    22460.4    22460.4     0.0000
    scaler_U                     6589.6     6589.6     0.0000
    scaler_log_scale            86455.7    86455.7     0.0000
    sigd                         5999.1     5999.1     0.0000
    simu                        26658.4    26658.4     0.0000

  geometry (weight: 0.2000)
  ────────────────────────────────────────────────────────────────
    Metric                       Before      After     Change
    angle                      -38492.0   -39179.3  -687.2305
    bond                       -29655.1   -29938.0  -282.8984
    chiral                    -405.8672  -400.3384    +5.5288
    nonbonded                  -87962.4   -87967.1    -4.7422
    planarity                  -19476.0   -19604.1  -128.1562
    torsion                     13986.6    13979.4    -7.2119

  other (weight: 1.0000)
  ────────────────────────────────────────────────────────────────
    Metric                       Before      After     Change
    xray                       283345.2   278609.3    -4735.9

  Group Totals
  ────────────────────────────────────────────────────────────────
    Group                        Before      After     Change
    adp                          2963.3     2963.3     0.0000
    geometry                   -32400.9   -32621.9  -220.9411
    xray                       283345.2   278609.3    -4735.9
────────────────────────────────────────────────────────────────────
  VDW rebuild: max drift 1.95 Å > threshold 1.00 Å

Building VDW (non-bonded) restraints...
  Symmetry expansion: 63 valid (symop, offset) combos
  Grid: [10, 11, 23], 2018/2530 cells occupied, max 703 entries/cell
  Built 339771 VDW restraints, 36196 symmetry contacts

────────────────────────────────────────────────────────────────────
  ADP Refinement
────────────────────────────────────────────────────────────────────

  adp (weight: 0.0200)
  ────────────────────────────────────────────────────────────────
    Metric                       Before      After     Change
    locality                    22445.0    30366.1    +7921.1
    scaler_U                     6589.6     6589.6     0.0000
    scaler_log_scale            86455.7    86455.7     0.0000
    sigd                         5999.1     6078.7   +79.5762
    simu                        26658.4    31912.0    +5253.6

  geometry (weight: 0.2000)
  ────────────────────────────────────────────────────────────────
    Metric                       Before      After     Change
    angle                      -39179.3   -39179.3     0.0000
    bond                       -29938.0   -29938.0     0.0000
    chiral                    -400.3384  -400.3384     0.0000
    nonbonded                  -87967.1   -87967.1     0.0000
    planarity                  -19604.1   -19604.1     0.0000
    torsion                     13979.4    13979.4     0.0000

  other (weight: 1.0000)
  ────────────────────────────────────────────────────────────────
    Metric                       Before      After     Change
    xray                       278609.3   277487.6    -1121.7

  Group Totals
  ────────────────────────────────────────────────────────────────
    Group                        Before      After     Change
    adp                          2963.0     3228.0  +265.0845
    geometry                   -32621.9   -32621.9     0.0000
    xray                       278609.3   277487.6    -1121.7
────────────────────────────────────────────────────────────────────

============================================================
LBFGS Refinement - Cycle 3/10
============================================================
Refining scales with LBFGS...
Scale refinement complete. rwork: 0.2888, rfree: 0.3261

Final Scale Parameters: 
  c_iso: tensor([ 0.2660,  0.3600,  0.1245, -0.1043,  0.0654, -0.0231])
  U: tensor([ 0.3420,  0.1058,  0.1795, -0.0025, -0.0222,  0.0057])
  solvent.log_k_solvent: -0.8960817456245422
  solvent.log_ss_half: -3.9441330432891846
  solvent.log_n_exp: 1.4752875566482544
  solvent.phase_offset: -0.04455610364675522
After scaling: Rwork=0.2888, Rfree=0.3261
  VDW rebuild: max drift 2.32 Å > threshold 1.00 Å

Building VDW (non-bonded) restraints...
  Symmetry expansion: 63 valid (symop, offset) combos
  Grid: [10, 11, 23], 2018/2530 cells occupied, max 703 entries/cell
  Built 339771 VDW restraints, 36196 symmetry contacts

────────────────────────────────────────────────────────────────────
  XYZ Refinement
────────────────────────────────────────────────────────────────────

  adp (weight: 0.0200)
  ────────────────────────────────────────────────────────────────
    Metric                       Before      After     Change
    locality                    30366.1    30366.1     0.0000
    scaler_U                     3675.6     3675.6     0.0000
    scaler_log_scale            35389.4    35389.4     0.0000
    sigd                         6078.7     6078.7     0.0000
    simu                        31912.0    31912.0     0.0000

  geometry (weight: 0.2000)
  ────────────────────────────────────────────────────────────────
    Metric                       Before      After     Change
    angle                      -39179.3   -39329.0  -149.7031
    bond                       -29938.0   -29956.7   -18.7383
    chiral                    -400.3384  -404.4390    -4.1006
    nonbonded                  -87967.1   -88283.9  -316.7344
    planarity                  -19604.1   -19690.1   -85.9902
    torsion                     13979.4    13996.5   +17.1328

  other (weight: 1.0000)
  ────────────────────────────────────────────────────────────────
    Metric                       Before      After     Change
    xray                       277548.1   276053.1    -1494.9

  Group Totals
  ────────────────────────────────────────────────────────────────
    Group                        Before      After     Change
    adp                          2148.4     2148.4     0.0000
    geometry                   -32621.9   -32733.5  -111.6277
    xray                       277548.1   276053.1    -1494.9
────────────────────────────────────────────────────────────────────
  VDW rebuild: max drift 2.32 Å > threshold 1.00 Å

Building VDW (non-bonded) restraints...
  Symmetry expansion: 63 valid (symop, offset) combos
  Grid: [10, 11, 23], 2018/2530 cells occupied, max 703 entries/cell
  Built 339771 VDW restraints, 36196 symmetry contacts

────────────────────────────────────────────────────────────────────
  ADP Refinement
────────────────────────────────────────────────────────────────────

  adp (weight: 0.0200)
  ────────────────────────────────────────────────────────────────
    Metric                       Before      After     Change
    locality                    30388.5    31204.2  +815.6641
    scaler_U                     3675.6     3675.6     0.0000
    scaler_log_scale            35389.4    35389.4     0.0000
    sigd                         6078.7     6071.9    -6.8076
    simu                        31912.0    32505.1  +593.1582

  geometry (weight: 0.2000)
  ────────────────────────────────────────────────────────────────
    Metric                       Before      After     Change
    angle                      -39329.0   -39329.0     0.0000
    bond                       -29956.7   -29956.7     0.0000
    chiral                    -404.4390  -404.4390     0.0000
    nonbonded                  -88283.9   -88283.9     0.0000
    planarity                  -19690.1   -19690.1     0.0000
    torsion                     13996.5    13996.5     0.0000

  other (weight: 1.0000)
  ────────────────────────────────────────────────────────────────
    Metric                       Before      After     Change
    xray                       276053.1   275833.7  -219.4375

  Group Totals
  ────────────────────────────────────────────────────────────────
    Group                        Before      After     Change
    adp                          2148.9     2176.9   +28.0403
    geometry                   -32733.5   -32733.5     0.0000
    xray                       276053.1   275833.7  -219.4375
────────────────────────────────────────────────────────────────────

============================================================
LBFGS Refinement - Cycle 4/10
============================================================
Refining scales with LBFGS...
Scale refinement complete. rwork: 0.2758, rfree: 0.3241

Final Scale Parameters: 
  c_iso: tensor([ 0.2054,  0.2845,  0.1112, -0.0970,  0.0659, -0.0217])
  U: tensor([ 0.3105,  0.0763,  0.1509,  0.0006, -0.0196,  0.0058])
  solvent.log_k_solvent: -0.8889774680137634
  solvent.log_ss_half: -3.9280848503112793
  solvent.log_n_exp: 1.5062642097473145
  solvent.phase_offset: -0.04208932816982269
After scaling: Rwork=0.2758, Rfree=0.3241
  VDW rebuild: max drift 2.75 Å > threshold 1.00 Å

Building VDW (non-bonded) restraints...
  Symmetry expansion: 63 valid (symop, offset) combos
  Grid: [10, 11, 23], 2018/2530 cells occupied, max 703 entries/cell
  Built 339771 VDW restraints, 36196 symmetry contacts

────────────────────────────────────────────────────────────────────
  XYZ Refinement
────────────────────────────────────────────────────────────────────

  adp (weight: 0.0200)
  ────────────────────────────────────────────────────────────────
    Metric                       Before      After     Change
    locality                    31204.2    31204.2     0.0000
    scaler_U                     2700.4     2700.4     0.0000
    scaler_log_scale            23193.0    23193.0     0.0000
    sigd                         6071.9     6071.9     0.0000
    simu                        32505.1    32505.1     0.0000

  geometry (weight: 0.2000)
  ────────────────────────────────────────────────────────────────
    Metric                       Before      After     Change
    angle                      -39329.0   -39570.4  -241.4414
    bond                       -29956.7   -30021.2   -64.5098
    chiral                    -404.4390  -406.1650    -1.7260
    nonbonded                  -88283.9   -88266.5   +17.3672
    planarity                  -19690.1   -19694.2    -4.1094
    torsion                     13996.5    13987.2    -9.3438

  other (weight: 1.0000)
  ────────────────────────────────────────────────────────────────
    Metric                       Before      After     Change
    xray                       275827.8   275239.5  -588.3438

  Group Totals
  ────────────────────────────────────────────────────────────────
    Group                        Before      After     Change
    adp                          1913.5     1913.5     0.0000
    geometry                   -32733.5   -32794.3   -60.7512
    xray                       275827.8   275239.5  -588.3438
────────────────────────────────────────────────────────────────────
  VDW rebuild: max drift 2.75 Å > threshold 1.00 Å

Building VDW (non-bonded) restraints...
  Symmetry expansion: 63 valid (symop, offset) combos
  Grid: [10, 11, 23], 2018/2530 cells occupied, max 703 entries/cell
  Built 339771 VDW restraints, 36196 symmetry contacts

────────────────────────────────────────────────────────────────────
  ADP Refinement
────────────────────────────────────────────────────────────────────

  adp (weight: 0.0200)
  ────────────────────────────────────────────────────────────────
    Metric                       Before      After     Change
    locality                    31170.1    30261.2  -908.8516
    scaler_U                     2700.4     2700.4     0.0000
    scaler_log_scale            23193.0    23193.0     0.0000
    sigd                         6071.9     6059.1   -12.7998
    simu                        32505.1    31897.8  -607.2656

  geometry (weight: 0.2000)
  ────────────────────────────────────────────────────────────────
    Metric                       Before      After     Change
    angle                      -39570.4   -39570.4     0.0000
    bond                       -30021.2   -30021.2     0.0000
    chiral                    -406.1650  -406.1650     0.0000
    nonbonded                  -88266.5   -88266.5     0.0000
    planarity                  -19694.2   -19694.2     0.0000
    torsion                     13987.2    13987.2     0.0000

  other (weight: 1.0000)
  ────────────────────────────────────────────────────────────────
    Metric                       Before      After     Change
    xray                       275239.5   275263.3   +23.8438

  Group Totals
  ────────────────────────────────────────────────────────────────
    Group                        Before      After     Change
    adp                          1912.8     1882.2   -30.5784
    geometry                   -32794.3   -32794.3     0.0000
    xray                       275239.5   275263.3   +23.8438
────────────────────────────────────────────────────────────────────

============================================================
LBFGS Refinement - Cycle 5/10
============================================================
Refining scales with LBFGS...
Scale refinement complete. rwork: 0.2701, rfree: 0.3221

Final Scale Parameters: 
  c_iso: tensor([ 0.2014,  0.2862,  0.1071, -0.0934,  0.0661, -0.0190])
  U: tensor([ 0.3093,  0.0767,  0.1521,  0.0020, -0.0185,  0.0047])
  solvent.log_k_solvent: -0.8929277062416077
  solvent.log_ss_half: -3.92734694480896
  solvent.log_n_exp: 1.5048110485076904
  solvent.phase_offset: -0.042332734912633896
After scaling: Rwork=0.2701, Rfree=0.3221
  VDW rebuild: max drift 3.31 Å > threshold 1.00 Å

Building VDW (non-bonded) restraints...
  Symmetry expansion: 63 valid (symop, offset) combos
  Grid: [10, 11, 23], 2018/2530 cells occupied, max 703 entries/cell
  Built 339771 VDW restraints, 36196 symmetry contacts

────────────────────────────────────────────────────────────────────
  XYZ Refinement
────────────────────────────────────────────────────────────────────

  adp (weight: 0.0200)
  ────────────────────────────────────────────────────────────────
    Metric                       Before      After     Change
    locality                    30261.2    30261.2     0.0000
    scaler_U                     2703.9     2703.9     0.0000
    scaler_log_scale            22586.7    22586.7     0.0000
    sigd                         6059.1     6059.1     0.0000
    simu                        31897.8    31897.8     0.0000

  geometry (weight: 0.2000)
  ────────────────────────────────────────────────────────────────
    Metric                       Before      After     Change
    angle                      -39570.4   -39653.2   -82.8281
    bond                       -30021.2   -30089.1   -67.8555
    chiral                    -406.1650  -406.8007    -0.6357
    nonbonded                  -88266.5   -88405.2  -138.6875
    planarity                  -19694.2   -19754.6   -60.3438
    torsion                     13987.2    13981.9    -5.3135

  other (weight: 1.0000)
  ────────────────────────────────────────────────────────────────
    Metric                       Before      After     Change
    xray                       275306.4   274887.8  -418.5938

  Group Totals
  ────────────────────────────────────────────────────────────────
    Group                        Before      After     Change
    adp                          1870.2     1870.2     0.0000
    geometry                   -32794.3   -32865.4   -71.1335
    xray                       275306.4   274887.8  -418.5938
────────────────────────────────────────────────────────────────────
  VDW rebuild: max drift 3.31 Å > threshold 1.00 Å

Building VDW (non-bonded) restraints...
  Symmetry expansion: 63 valid (symop, offset) combos
  Grid: [10, 11, 23], 2018/2530 cells occupied, max 703 entries/cell
  Built 339771 VDW restraints, 36196 symmetry contacts

────────────────────────────────────────────────────────────────────
  ADP Refinement
────────────────────────────────────────────────────────────────────

  adp (weight: 0.0200)
  ────────────────────────────────────────────────────────────────
    Metric                       Before      After     Change
    locality                    30263.8    29643.8  -620.0234
    scaler_U                     2703.9     2703.9     0.0000
    scaler_log_scale            22586.7    22586.7     0.0000
    sigd                         6059.1     6052.4    -6.6606
    simu                        31897.8    31493.7  -404.1152

  geometry (weight: 0.2000)
  ────────────────────────────────────────────────────────────────
    Metric                       Before      After     Change
    angle                      -39653.2   -39653.2     0.0000
    bond                       -30089.1   -30089.1     0.0000
    chiral                    -406.8007  -406.8007     0.0000
    nonbonded                  -88405.2   -88405.2     0.0000
    planarity                  -19754.6   -19754.6     0.0000
    torsion                     13981.9    13981.9     0.0000

  other (weight: 1.0000)
  ────────────────────────────────────────────────────────────────
    Metric                       Before      After     Change
    xray                       274887.8   274870.0   -17.7500

  Group Totals
  ────────────────────────────────────────────────────────────────
    Group                        Before      After     Change
    adp                          1870.2     1849.6   -20.6159
    geometry                   -32865.4   -32865.4     0.0000
    xray                       274887.8   274870.0   -17.7500
────────────────────────────────────────────────────────────────────

============================================================
LBFGS Refinement - Cycle 6/10
============================================================
Refining scales with LBFGS...
Scale refinement complete. rwork: 0.2672, rfree: 0.3195

Final Scale Parameters: 
  c_iso: tensor([ 0.2001,  0.2891,  0.1054, -0.0925,  0.0649, -0.0186])
  U: tensor([ 0.3094,  0.0784,  0.1535,  0.0030, -0.0171,  0.0043])
  solvent.log_k_solvent: -0.8936274647712708
  solvent.log_ss_half: -3.920886278152466
  solvent.log_n_exp: 1.5053648948669434
  solvent.phase_offset: -0.042008720338344574
After scaling: Rwork=0.2672, Rfree=0.3195
  VDW rebuild: max drift 3.44 Å > threshold 1.00 Å

Building VDW (non-bonded) restraints...
  Symmetry expansion: 63 valid (symop, offset) combos
  Grid: [10, 11, 23], 2018/2530 cells occupied, max 703 entries/cell
  Built 339771 VDW restraints, 36196 symmetry contacts

────────────────────────────────────────────────────────────────────
  XYZ Refinement
────────────────────────────────────────────────────────────────────

  adp (weight: 0.0200)
  ────────────────────────────────────────────────────────────────
    Metric                       Before      After     Change
    locality                    29643.8    29643.8     0.0000
    scaler_U                     2735.7     2735.7     0.0000
    scaler_log_scale            22727.8    22727.8     0.0000
    sigd                         6052.4     6052.4     0.0000
    simu                        31493.7    31493.7     0.0000

  geometry (weight: 0.2000)
  ────────────────────────────────────────────────────────────────
    Metric                       Before      After     Change
    angle                      -39653.2   -39695.0   -41.7695
    bond                       -30089.1   -30077.4   +11.6504
    chiral                    -406.8007  -407.4255    -0.6248
    nonbonded                  -88405.2   -88369.7   +35.4844
    planarity                  -19754.6   -19751.4    +3.1816
    torsion                     13981.9    13976.5    -5.3594

  other (weight: 1.0000)
  ────────────────────────────────────────────────────────────────
    Metric                       Before      After     Change
    xray                       274909.4   274512.7  -396.7188

  Group Totals
  ────────────────────────────────────────────────────────────────
    Group                        Before      After     Change
    adp                          1853.1     1853.1     0.0000
    geometry                   -32865.4   -32864.9    +0.5132
    xray                       274909.4   274512.7  -396.7188
────────────────────────────────────────────────────────────────────
  VDW rebuild: max drift 3.44 Å > threshold 1.00 Å

Building VDW (non-bonded) restraints...
  Symmetry expansion: 63 valid (symop, offset) combos
  Grid: [10, 11, 23], 2018/2530 cells occupied, max 703 entries/cell
  Built 339771 VDW restraints, 36196 symmetry contacts

────────────────────────────────────────────────────────────────────
  ADP Refinement
────────────────────────────────────────────────────────────────────

  adp (weight: 0.0200)
  ────────────────────────────────────────────────────────────────
    Metric                       Before      After     Change
    locality                    29608.5    29094.0  -514.4551
    scaler_U                     2735.7     2735.7     0.0000
    scaler_log_scale            22727.8    22727.8     0.0000
    sigd                         6052.4     6050.3    -2.1499
    simu                        31493.7    31218.2  -275.4980

  geometry (weight: 0.2000)
  ────────────────────────────────────────────────────────────────
    Metric                       Before      After     Change
    angle                      -39695.0   -39695.0     0.0000
    bond                       -30077.4   -30077.4     0.0000
    chiral                    -407.4255  -407.4255     0.0000
    nonbonded                  -88369.7   -88369.7     0.0000
    planarity                  -19751.4   -19751.4     0.0000
    torsion                     13976.5    13976.5     0.0000

  other (weight: 1.0000)
  ────────────────────────────────────────────────────────────────
    Metric                       Before      After     Change
    xray                       274512.7   274502.0   -10.6562

  Group Totals
  ────────────────────────────────────────────────────────────────
    Group                        Before      After     Change
    adp                          1852.4     1836.5   -15.8420
    geometry                   -32864.9   -32864.9     0.0000
    xray                       274512.7   274502.0   -10.6562
────────────────────────────────────────────────────────────────────

============================================================
LBFGS Refinement - Cycle 7/10
============================================================
Refining scales with LBFGS...
Scale refinement complete. rwork: 0.2644, rfree: 0.3181

Final Scale Parameters: 
  c_iso: tensor([ 0.1990,  0.2891,  0.1049, -0.0924,  0.0648, -0.0184])
  U: tensor([ 0.3093,  0.0807,  0.1552,  0.0031, -0.0150,  0.0029])
  solvent.log_k_solvent: -0.8945400714874268
  solvent.log_ss_half: -3.9184679985046387
  solvent.log_n_exp: 1.5049517154693604
  solvent.phase_offset: -0.04059512913227081
After scaling: Rwork=0.2644, Rfree=0.3181
  VDW rebuild: max drift 3.60 Å > threshold 1.00 Å

Building VDW (non-bonded) restraints...
  Symmetry expansion: 63 valid (symop, offset) combos
  Grid: [10, 11, 23], 2018/2530 cells occupied, max 703 entries/cell
  Built 339771 VDW restraints, 36196 symmetry contacts

────────────────────────────────────────────────────────────────────
  XYZ Refinement
────────────────────────────────────────────────────────────────────

  adp (weight: 0.0200)
  ────────────────────────────────────────────────────────────────
    Metric                       Before      After     Change
    locality                    29094.0    29094.0     0.0000
    scaler_U                     2776.3     2776.3     0.0000
    scaler_log_scale            22660.5    22660.5     0.0000
    sigd                         6050.3     6050.3     0.0000
    simu                        31218.2    31218.2     0.0000

  geometry (weight: 0.2000)
  ────────────────────────────────────────────────────────────────
    Metric                       Before      After     Change
    angle                      -39695.0   -39667.7   +27.2969
    bond                       -30077.4   -30086.4    -8.9863
    chiral                    -407.4255  -406.8035    +0.6220
    nonbonded                  -88369.7   -88412.8   -43.0938
    planarity                  -19751.4   -19757.4    -5.9824
    torsion                     13976.5    13977.5    +0.9697

  other (weight: 1.0000)
  ────────────────────────────────────────────────────────────────
    Metric                       Before      After     Change
    xray                       274544.1   274299.0  -245.1250

  Group Totals
  ────────────────────────────────────────────────────────────────
    Group                        Before      After     Change
    adp                          1836.0     1836.0     0.0000
    geometry                   -32864.9   -32870.7    -5.8353
    xray                       274544.1   274299.0  -245.1250
────────────────────────────────────────────────────────────────────
  VDW rebuild: max drift 3.60 Å > threshold 1.00 Å

Building VDW (non-bonded) restraints...
  Symmetry expansion: 63 valid (symop, offset) combos
  Grid: [10, 11, 23], 2018/2530 cells occupied, max 703 entries/cell
  Built 339771 VDW restraints, 36196 symmetry contacts

────────────────────────────────────────────────────────────────────
  ADP Refinement
────────────────────────────────────────────────────────────────────

  adp (weight: 0.0200)
  ────────────────────────────────────────────────────────────────
    Metric                       Before      After     Change
    locality                    29082.2    28269.3  -812.9551
    scaler_U                     2776.3     2776.3     0.0000
    scaler_log_scale            22660.5    22660.5     0.0000
    sigd                         6050.3     6046.3    -4.0029
    simu                        31218.2    30794.1  -424.1289

  geometry (weight: 0.2000)
  ────────────────────────────────────────────────────────────────
    Metric                       Before      After     Change
    angle                      -39667.7   -39667.7     0.0000
    bond                       -30086.4   -30086.4     0.0000
    chiral                    -406.8035  -406.8035     0.0000
    nonbonded                  -88412.8   -88412.8     0.0000
    planarity                  -19757.4   -19757.4     0.0000
    torsion                     13977.5    13977.5     0.0000

  other (weight: 1.0000)
  ────────────────────────────────────────────────────────────────
    Metric                       Before      After     Change
    xray                       274299.0   274297.6    -1.4375

  Group Totals
  ────────────────────────────────────────────────────────────────
    Group                        Before      After     Change
    adp                          1835.8     1810.9   -24.8218
    geometry                   -32870.7   -32870.7     0.0000
    xray                       274299.0   274297.6    -1.4375
────────────────────────────────────────────────────────────────────

============================================================
LBFGS Refinement - Cycle 8/10
============================================================
Refining scales with LBFGS...
Scale refinement complete. rwork: 0.2626, rfree: 0.3174

Final Scale Parameters: 
  c_iso: tensor([ 0.2047,  0.2990,  0.1053, -0.0912,  0.0627, -0.0172])
  U: tensor([ 0.3129,  0.0862,  0.1604,  0.0035, -0.0137,  0.0021])
  solvent.log_k_solvent: -0.8932302594184875
  solvent.log_ss_half: -3.9161880016326904
  solvent.log_n_exp: 1.471652626991272
  solvent.phase_offset: -0.04143146798014641
After scaling: Rwork=0.2626, Rfree=0.3174
  VDW rebuild: max drift 3.56 Å > threshold 1.00 Å

Building VDW (non-bonded) restraints...
  Symmetry expansion: 63 valid (symop, offset) combos
  Grid: [10, 11, 23], 2018/2530 cells occupied, max 703 entries/cell
  Built 339771 VDW restraints, 36196 symmetry contacts

────────────────────────────────────────────────────────────────────
  XYZ Refinement
────────────────────────────────────────────────────────────────────

  adp (weight: 0.0200)
  ────────────────────────────────────────────────────────────────
    Metric                       Before      After     Change
    locality                    28269.3    28269.3     0.0000
    scaler_U                     2923.3     2923.3     0.0000
    scaler_log_scale            23953.7    23953.7     0.0000
    sigd                         6046.3     6046.3     0.0000
    simu                        30794.1    30794.1     0.0000

  geometry (weight: 0.2000)
  ────────────────────────────────────────────────────────────────
    Metric                       Before      After     Change
    angle                      -39667.7   -39722.4   -54.6523
    bond                       -30086.4   -30101.9   -15.4492
    chiral                    -406.8035  -407.2923    -0.4888
    nonbonded                  -88412.8   -88402.6   +10.2344
    planarity                  -19757.4   -19767.5   -10.1348
    torsion                     13977.5    13978.4    +0.8926

  other (weight: 1.0000)
  ────────────────────────────────────────────────────────────────
    Metric                       Before      After     Change
    xray                       274340.7   274031.8  -308.8750

  Group Totals
  ────────────────────────────────────────────────────────────────
    Group                        Before      After     Change
    adp                          1839.7     1839.7     0.0000
    geometry                   -32870.7   -32884.6   -13.9193
    xray                       274340.7   274031.8  -308.8750
────────────────────────────────────────────────────────────────────
  VDW rebuild: max drift 3.56 Å > threshold 1.00 Å

Building VDW (non-bonded) restraints...
  Symmetry expansion: 63 valid (symop, offset) combos
  Grid: [10, 11, 23], 2018/2530 cells occupied, max 703 entries/cell
  Built 339771 VDW restraints, 36196 symmetry contacts

────────────────────────────────────────────────────────────────────
  ADP Refinement
────────────────────────────────────────────────────────────────────

  adp (weight: 0.0200)
  ────────────────────────────────────────────────────────────────
    Metric                       Before      After     Change
    locality                    28256.5    27956.3  -300.2070
    scaler_U                     2923.3     2923.3     0.0000
    scaler_log_scale            23953.7    23953.7     0.0000
    sigd                         6046.3     6047.0    +0.7451
    simu                        30794.1    30573.3  -220.7617

  geometry (weight: 0.2000)
  ────────────────────────────────────────────────────────────────
    Metric                       Before      After     Change
    angle                      -39722.4   -39722.4     0.0000
    bond                       -30101.9   -30101.9     0.0000
    chiral                    -407.2923  -407.2923     0.0000
    nonbonded                  -88402.6   -88402.6     0.0000
    planarity                  -19767.5   -19767.5     0.0000
    torsion                     13978.4    13978.4     0.0000

  other (weight: 1.0000)
  ────────────────────────────────────────────────────────────────
    Metric                       Before      After     Change
    xray                       274031.8   274019.4   -12.3438

  Group Totals
  ────────────────────────────────────────────────────────────────
    Group                        Before      After     Change
    adp                          1839.5     1829.1   -10.4045
    geometry                   -32884.6   -32884.6     0.0000
    xray                       274031.8   274019.4   -12.3438
────────────────────────────────────────────────────────────────────

============================================================
LBFGS Refinement - Cycle 9/10
============================================================
Refining scales with LBFGS...
Scale refinement complete. rwork: 0.2609, rfree: 0.3152

Final Scale Parameters: 
  c_iso: tensor([ 0.2094,  0.3000,  0.1103, -0.0942,  0.0652, -0.0187])
  U: tensor([ 0.3152,  0.0896,  0.1635,  0.0040, -0.0126,  0.0018])
  solvent.log_k_solvent: -0.895189642906189
  solvent.log_ss_half: -3.916696786880493
  solvent.log_n_exp: 1.4480817317962646
  solvent.phase_offset: -0.04109273850917816
After scaling: Rwork=0.2609, Rfree=0.3152
  VDW rebuild: max drift 3.62 Å > threshold 1.00 Å

Building VDW (non-bonded) restraints...
  Symmetry expansion: 63 valid (symop, offset) combos
  Grid: [10, 11, 23], 2018/2530 cells occupied, max 703 entries/cell
  Built 339771 VDW restraints, 36196 symmetry contacts

────────────────────────────────────────────────────────────────────
  XYZ Refinement
────────────────────────────────────────────────────────────────────

  adp (weight: 0.0200)
  ────────────────────────────────────────────────────────────────
    Metric                       Before      After     Change
    locality                    27956.3    27956.3     0.0000
    scaler_U                     3015.8     3015.8     0.0000
    scaler_log_scale            24742.1    24742.1     0.0000
    sigd                         6047.0     6047.0     0.0000
    simu                        30573.3    30573.3     0.0000

  geometry (weight: 0.2000)
  ────────────────────────────────────────────────────────────────
    Metric                       Before      After     Change
    angle                      -39722.4   -39665.3   +57.0781
    bond                       -30101.9   -30079.5   +22.3574
    chiral                    -407.2923  -406.9793    +0.3130
    nonbonded                  -88402.6   -88434.2   -31.5938
    planarity                  -19767.5   -19762.7    +4.8027
    torsion                     13978.4    13982.7    +4.3213

  other (weight: 1.0000)
  ────────────────────────────────────────────────────────────────
    Metric                       Before      After     Change
    xray                       274061.4   273772.2  -289.1250

  Group Totals
  ────────────────────────────────────────────────────────────────
    Group                        Before      After     Change
    adp                          1846.7     1846.7     0.0000
    geometry                   -32884.6   -32873.2   +11.4557
    xray                       274061.4   273772.2  -289.1250
────────────────────────────────────────────────────────────────────
  VDW rebuild: max drift 3.62 Å > threshold 1.00 Å

Building VDW (non-bonded) restraints...
  Symmetry expansion: 63 valid (symop, offset) combos
  Grid: [10, 11, 23], 2018/2530 cells occupied, max 703 entries/cell
  Built 339771 VDW restraints, 36196 symmetry contacts

────────────────────────────────────────────────────────────────────
  ADP Refinement
────────────────────────────────────────────────────────────────────

  adp (weight: 0.0200)
  ────────────────────────────────────────────────────────────────
    Metric                       Before      After     Change
    locality                    27964.2    27742.9  -221.2441
    scaler_U                     3015.8     3015.8     0.0000
    scaler_log_scale            24742.1    24742.1     0.0000
    sigd                         6047.0     6046.5    -0.5420
    simu                        30573.3    30441.4  -131.9258

  geometry (weight: 0.2000)
  ────────────────────────────────────────────────────────────────
    Metric                       Before      After     Change
    angle                      -39665.3   -39665.3     0.0000
    bond                       -30079.5   -30079.5     0.0000
    chiral                    -406.9793  -406.9793     0.0000
    nonbonded                  -88434.2   -88434.2     0.0000
    planarity                  -19762.7   -19762.7     0.0000
    torsion                     13982.7    13982.7     0.0000

  other (weight: 1.0000)
  ────────────────────────────────────────────────────────────────
    Metric                       Before      After     Change
    xray                       273772.2   273750.2   -22.0000

  Group Totals
  ────────────────────────────────────────────────────────────────
    Group                        Before      After     Change
    adp                          1846.8     1839.8    -7.0742
    geometry                   -32873.2   -32873.2     0.0000
    xray                       273772.2   273750.2   -22.0000
────────────────────────────────────────────────────────────────────

============================================================
LBFGS Refinement - Cycle 10/10
============================================================
Refining scales with LBFGS...
Scale refinement complete. rwork: 0.2594, rfree: 0.3118

Final Scale Parameters: 
  c_iso: tensor([ 0.2149,  0.3143,  0.1092, -0.0907,  0.0630, -0.0171])
  U: tensor([ 0.3188,  0.0946,  0.1682,  0.0046, -0.0114,  0.0022])
  solvent.log_k_solvent: -0.8965668678283691
  solvent.log_ss_half: -3.916097402572632
  solvent.log_n_exp: 1.4564077854156494
  solvent.phase_offset: -0.042061928659677505
After scaling: Rwork=0.2594, Rfree=0.3118
  VDW rebuild: max drift 3.52 Å > threshold 1.00 Å

Building VDW (non-bonded) restraints...
  Symmetry expansion: 63 valid (symop, offset) combos
  Grid: [10, 11, 23], 2018/2530 cells occupied, max 703 entries/cell
  Built 339771 VDW restraints, 36196 symmetry contacts

────────────────────────────────────────────────────────────────────
  XYZ Refinement
────────────────────────────────────────────────────────────────────

  adp (weight: 0.0200)
  ────────────────────────────────────────────────────────────────
    Metric                       Before      After     Change
    locality                    27742.9    27742.9     0.0000
    scaler_U                     3159.3     3159.3     0.0000
    scaler_log_scale            26361.4    26361.4     0.0000
    sigd                         6046.5     6046.5     0.0000
    simu                        30441.4    30441.4     0.0000

  geometry (weight: 0.2000)
  ────────────────────────────────────────────────────────────────
    Metric                       Before      After     Change
    angle                      -39665.3   -39692.6   -27.3516
    bond                       -30079.5   -30067.4   +12.0586
    chiral                    -406.9793  -406.8659    +0.1135
    nonbonded                  -88434.2   -88405.5   +28.6797
    planarity                  -19762.7   -19766.9    -4.2246
    torsion                     13982.7    13988.4    +5.6631

  other (weight: 1.0000)
  ────────────────────────────────────────────────────────────────
    Metric                       Before      After     Change
    xray                       273798.8   273577.7  -221.0312

  Group Totals
  ────────────────────────────────────────────────────────────────
    Group                        Before      After     Change
    adp                          1875.0     1875.0     0.0000
    geometry                   -32873.2   -32870.2    +2.9870
    xray                       273798.8   273577.7  -221.0312
────────────────────────────────────────────────────────────────────
  VDW rebuild: max drift 3.52 Å > threshold 1.00 Å

Building VDW (non-bonded) restraints...
  Symmetry expansion: 63 valid (symop, offset) combos
  Grid: [10, 11, 23], 2018/2530 cells occupied, max 703 entries/cell
  Built 339771 VDW restraints, 36196 symmetry contacts

────────────────────────────────────────────────────────────────────
  ADP Refinement
────────────────────────────────────────────────────────────────────

  adp (weight: 0.0200)
  ────────────────────────────────────────────────────────────────
    Metric                       Before      After     Change
    locality                    27726.7    27731.6    +4.9160
    scaler_U                     3159.3     3159.3     0.0000
    scaler_log_scale            26361.4    26361.4     0.0000
    sigd                         6046.5     6049.5    +3.0718
    simu                        30441.4    30387.5   -53.8984

  geometry (weight: 0.2000)
  ────────────────────────────────────────────────────────────────
    Metric                       Before      After     Change
    angle                      -39692.6   -39692.6     0.0000
    bond                       -30067.4   -30067.4     0.0000
    chiral                    -406.8659  -406.8659     0.0000
    nonbonded                  -88405.5   -88405.5     0.0000
    planarity                  -19766.9   -19766.9     0.0000
    torsion                     13988.4    13988.4     0.0000

  other (weight: 1.0000)
  ────────────────────────────────────────────────────────────────
    Metric                       Before      After     Change
    xray                       273577.7   273592.8   +15.0938

  Group Totals
  ────────────────────────────────────────────────────────────────
    Group                        Before      After     Change
    adp                          1874.7     1873.8    -0.9182
    geometry                   -32870.2   -32870.2     0.0000
    xray                       273577.7   273592.8   +15.0938
────────────────────────────────────────────────────────────────────
Calculating initial scale factors using 10 bins.
Refining scales with LBFGS...
Scale refinement complete. rwork: 0.2584, rfree: 0.3116

Final Scale Parameters: 
  c_iso: tensor([ 0.2529,  0.3607,  0.1208, -0.0913,  0.0635, -0.0174])
  U: tensor([ 0.3360,  0.1132,  0.1864,  0.0045, -0.0107,  0.0014])
  solvent.log_k_solvent: -0.8982890844345093
  solvent.log_ss_half: -3.931157112121582
  solvent.log_n_exp: 1.432632565498352
  solvent.phase_offset: -0.042344726622104645

Refinement completed successfully.

Saving results to /das/work/units/LBR-FEL/p17490/Peter/Library/work_trees_torchref/alignement/alignment_lab/benchmarks/af_mr/runs/dmin3.0/1J5W/refine_torchref_mr...
  Refined structure (PDB): /das/work/units/LBR-FEL/p17490/Peter/Library/work_trees_torchref/alignement/alignment_lab/benchmarks/af_mr/runs/dmin3.0/1J5W/refine_torchref_mr/refined.pdb
  Refined structure (mmCIF): /das/work/units/LBR-FEL/p17490/Peter/Library/work_trees_torchref/alignement/alignment_lab/benchmarks/af_mr/runs/dmin3.0/1J5W/refine_torchref_mr/refined.cif
Added map coefficients:
  2Fo-Fc: FWT, PHWT
  Fo-Fc: DELFWT, PHDELWT
  Resolution range: 1.80 - 29.70 Å
✓ Wrote MTZ file: /das/work/units/LBR-FEL/p17490/Peter/Library/work_trees_torchref/alignement/alignment_lab/benchmarks/af_mr/runs/dmin3.0/1J5W/refine_torchref_mr/refined.mtz
  Reflections: 56032
  Columns: H, K, L, F-obs, SIGF-obs, R-free-flags, FWT, PHWT, DELFWT, PHDELWT, F-model, PH-model
  Refined structure factors: /das/work/units/LBR-FEL/p17490/Peter/Library/work_trees_torchref/alignement/alignment_lab/benchmarks/af_mr/runs/dmin3.0/1J5W/refine_torchref_mr/refined.mtz
  Refinement history: /das/work/units/LBR-FEL/p17490/Peter/Library/work_trees_torchref/alignement/alignment_lab/benchmarks/af_mr/runs/dmin3.0/1J5W/refine_torchref_mr/refinement_history.json

================================================================================
Refinement Summary
================================================================================
R-work:  0.2584 (54912 reflections)
R-free:  0.3116 (1120 reflections)
NLL work: 273645.94
NLL test: 5740.54
================================================================================

Output files:
  - /das/work/units/LBR-FEL/p17490/Peter/Library/work_trees_torchref/alignement/alignment_lab/benchmarks/af_mr/runs/dmin3.0/1J5W/refine_torchref_mr/refined.pdb
  - /das/work/units/LBR-FEL/p17490/Peter/Library/work_trees_torchref/alignement/alignment_lab/benchmarks/af_mr/runs/dmin3.0/1J5W/refine_torchref_mr/refined.cif
  - /das/work/units/LBR-FEL/p17490/Peter/Library/work_trees_torchref/alignement/alignment_lab/benchmarks/af_mr/runs/dmin3.0/1J5W/refine_torchref_mr/refined.mtz
  - /das/work/units/LBR-FEL/p17490/Peter/Library/work_trees_torchref/alignement/alignment_lab/benchmarks/af_mr/runs/dmin3.0/1J5W/refine_torchref_mr/refinement_history.json

Refinement completed successfully!

Timing: 344.1s wall, 1131.2s CPU
