/das/work/units/LBR-FEL/p17490/Peter/Library/work_trees_torchref/alignement/torchref/cli/refine.py:21: UserWarning: TorchRef using user-specified 8 threads from TORCHREF_NUM_THREADS.
  from torchref.cli._common import (
================================================================================
TorchRef LBFGS Refinement
================================================================================
Model:             /das/work/units/LBR-FEL/p17490/Peter/Library/work_trees_torchref/alignement/alignment_lab/benchmarks/af_mr/runs/dmin3.0/1IKN/torchref_placed.pdb
Structure factor:  /das/work/units/LBR-FEL/p17490/Peter/Library/work_trees_torchref/dev/paper/data/1IKN/1IKN.mtz
Output directory:  /das/work/units/LBR-FEL/p17490/Peter/Library/work_trees_torchref/alignement/alignment_lab/benchmarks/af_mr/runs/dmin3.0/1IKN/refine_torchref_mr
Refinement mode:   separate
X-ray target:      ml
Refinement cycles: 10
Rigid-body step:   on (iterations/cutoff = 30)
Device:            auto
ADP mode:          isotropic
Wavelength:        1 A
Manual weights:    {"adp": 0.02}
================================================================================

Initializing refinement...
found non-finite F values (NaN/Inf):  0
found non-finite F_sigma values (NaN/Inf):  0
Wilson outlier rejection: 1/19998 (0.0050%) of tested reflections flagged (1 too strong, 0 too weak)
Loaded 4687 atoms
Building restraints...
Found 109 link definitions

Building VDW (non-bonded) restraints...
  Symmetry expansion: 78 valid (symop, offset) combos
  Grid: [20, 8, 20], 2076/3200 cells occupied, max 762 entries/cell
  Built 132574 VDW restraints, 60011 symmetry contacts
  Hydrogen topology: 4634 riding H atoms
  H candidate pairs: 347757 (99893 H-H, 247864 H-heavy, 118604 symmetry)
================================================================================
Restraints Summary
================================================================================
CIF file: None
Residue types in dictionary: 20

INTRA-RESIDUE RESTRAINTS:
--------------------------------------------------------------------------------
  Bonds: 4200
  Angles: 4692
  Torsions: 1290
  Planes: 932
  Chirals: 719

INTER-RESIDUE RESTRAINTS:
--------------------------------------------------------------------------------
  Peptide bonds: 586
  Peptide angles: 1797
  Disulfide bonds: 0
  Disulfide angles: 0
  Disulfide torsions: 0
  LINK bonds: 0

BACKBONE TORSIONS:
--------------------------------------------------------------------------------
  Phi: 586
  Psi: 586
  Omega: 586
  Ramachandran: 580

VDW RESTRAINTS:
--------------------------------------------------------------------------------
  Non-bonded contacts: 132574 (72563 intra-ASU, 60011 symmetry)
================================================================================
Generated 4634 hydrogens
ADP representation: isotropic, 9321 parameters, 2.7 work reflections each
Initialized ScalerBase with 10 bins.
Building restraints...

Building VDW (non-bonded) restraints...
  Symmetry expansion: 78 valid (symop, offset) combos
  Grid: [20, 8, 20], 2240/3200 cells occupied, max 1323 entries/cell
  Built 540231 VDW restraints, 237520 symmetry contacts
================================================================================
Restraints Summary
================================================================================
CIF file: None
Residue types in dictionary: 20

INTRA-RESIDUE RESTRAINTS:
--------------------------------------------------------------------------------
  Bonds: 8834
  Angles: 14665
  Torsions: 1911
  Planes: 1617
  Chirals: 719

INTER-RESIDUE RESTRAINTS:
--------------------------------------------------------------------------------
  Peptide bonds: 586
  Peptide angles: 2344
  Disulfide bonds: 0
  Disulfide angles: 0
  Disulfide torsions: 0
  LINK bonds: 0

BACKBONE TORSIONS:
--------------------------------------------------------------------------------
  Phi: 586
  Psi: 586
  Omega: 586
  Ramachandran: 580

VDW RESTRAINTS:
--------------------------------------------------------------------------------
  Non-bonded contacts: 540231 (302711 intra-ASU, 237520 symmetry)
================================================================================
Initializing TotalGeometryTarget with component targets...
Initializing TotalADPTarget with component targets: simu, locality, sigd
Parametrization built for 5 unique atom types
SfFFT: Using late symmetry (reciprocal space)
Calculating initial scale factors using 10 bins.
Refining scales with LBFGS...
Scale refinement complete. rwork: 0.4964, rfree: 0.4956

Final Scale Parameters: 
  c_iso: tensor([ 0.9332,  3.6342,  0.5850,  0.2342, -0.0122,  0.1852])
  U: tensor([ 1.7341,  1.6889,  1.9039,  0.0144,  0.0506, -0.0390])
  solvent.log_k_solvent: -1.1013555526733398
  solvent.log_ss_half: -4.874845027923584
  solvent.log_n_exp: 0.40853962302207947
  solvent.phase_offset: 0.40963640809059143
Initialized targets with xray_mode='ml'
Applied manual group weights: {'xray': 1.0, 'geometry': 0.2, 'geometry/ramachandran': 0.0, 'adp': 0.02, 'adp/sigd': 1.0, 'adp/node_load': 10.0, 'adp/node_smoothness': 0.0}
Refinement initialized successfully.

Starting refinement with 10 macro cycles...

Rigid-body step enabled: one multi-resolution rigid-body pass will run once at the start of refinement.


--- Rigid-body step (once, at start) ---
Switched to rigid-body parametrization: RigidXYZTensor(n_atoms=9321, n_chains=3) (3 chain(s))
Filtering: 1690/25696 reflections in range [inf - 6.0] Å (1690 valid after all masks)
Initialized ScalerBase with 10 bins.
Calculating initial scale factors using 10 bins.
Calculating initial scale factors using 10 bins.
Refining scales with LBFGS...
Scale refinement complete. rwork: 0.5102, rfree: 0.5029

Final Scale Parameters: 
  c_iso: tensor([-1.5780,  0.0628, -0.6296,  0.3772,  0.0731,  0.1914])
  U: tensor([ 1.8182,  2.6061,  2.3115,  0.5167, -0.4020, -0.6032])
  solvent.log_k_solvent: -1.2424275875091553
  solvent.log_ss_half: -3.797335624694824
  solvent.log_n_exp: 1.7908170223236084
  solvent.phase_offset: 0.49287092685699463
  rigid-body d_min=6.00 (lbfgs, iters=30): Rwork=0.5830 Rfree=0.6237
Filtering: 7283/25696 reflections in range [inf - 3.6749705800027157] Å (7283 valid after all masks)
Initialized ScalerBase with 10 bins.
Calculating initial scale factors using 10 bins.
Calculating initial scale factors using 10 bins.
Refining scales with LBFGS...
Scale refinement complete. rwork: 0.5256, rfree: 0.5503

Final Scale Parameters: 
  c_iso: tensor([-2.3682, -0.1693,  0.2954,  0.9577,  0.4768,  0.5217])
  U: tensor([-0.4842, -0.4559, -0.1720,  0.0040,  0.0736, -0.1636])
  solvent.log_k_solvent: -0.9866594672203064
  solvent.log_ss_half: -1.448641061782837
  solvent.log_n_exp: 2.030961036682129
  solvent.phase_offset: 0.3682768940925598
  rigid-body d_min=3.67 (lbfgs, iters=30): Rwork=0.5895 Rfree=0.5931
Filtering: 25696/25696 reflections in range [inf - 2.250901460647583] Å (25695 valid after all masks)
Initialized ScalerBase with 10 bins.
Calculating initial scale factors using 10 bins.
Calculating initial scale factors using 10 bins.
Refining scales with LBFGS...
Scale refinement complete. rwork: 0.5006, rfree: 0.5164

Final Scale Parameters: 
  c_iso: tensor([-1.6380,  0.3480, -0.0540,  0.2060, -0.0081,  0.2002])
  U: tensor([ 0.0818,  0.0093,  0.2447,  0.0173,  0.0543, -0.0431])
  solvent.log_k_solvent: -0.9342601299285889
  solvent.log_ss_half: -3.8724260330200195
  solvent.log_n_exp: 2.6822543144226074
  solvent.phase_offset: 0.3518507182598114
  rigid-body d_min=2.25 (lbfgs, iters=30): Rwork=0.5203 Rfree=0.5354
Initialized ScalerBase with 10 bins.
Calculating initial scale factors using 10 bins.
Calculating initial scale factors using 10 bins.
Refining scales with LBFGS...
Scale refinement complete. rwork: 0.4998, rfree: 0.5157

Final Scale Parameters: 
  c_iso: tensor([-1.2983,  0.7850,  0.0159,  0.1981, -0.0252,  0.1942])
  U: tensor([ 0.3039,  0.2355,  0.4607,  0.0216,  0.0491, -0.0410])
  solvent.log_k_solvent: -0.9566219449043274
  solvent.log_ss_half: -3.9783849716186523
  solvent.log_n_exp: 2.8829941749572754
  solvent.phase_offset: 0.35807520151138306
Initialized ScalerBase with 10 bins.
Calculating initial scale factors using 10 bins.
Calculating initial scale factors using 10 bins.
Refining scales with LBFGS...
Scale refinement complete. rwork: 0.4998, rfree: 0.5157

Final Scale Parameters: 
  c_iso: tensor([-1.3015,  0.7808,  0.0153,  0.1982, -0.0250,  0.1943])
  U: tensor([ 0.3018,  0.2334,  0.4585,  0.0217,  0.0491, -0.0411])
  solvent.log_k_solvent: -0.9556418061256409
  solvent.log_ss_half: -3.977926254272461
  solvent.log_n_exp: 2.88360595703125
  solvent.phase_offset: 0.35811495780944824

============================================================
LBFGS Refinement - Cycle 1/10
============================================================
Refining scales with LBFGS...
Scale refinement complete. rwork: 0.4999, rfree: 0.5167

Final Scale Parameters: 
  c_iso: tensor([ 0.9719,  3.6212,  0.5933,  0.2209, -0.0180,  0.2031])
  U: tensor([ 1.7623,  1.6915,  1.9139,  0.0227,  0.0484, -0.0384])
  solvent.log_k_solvent: -1.1433284282684326
  solvent.log_ss_half: -4.761876583099365
  solvent.log_n_exp: 0.6135427951812744
  solvent.phase_offset: 0.3670477867126465
After scaling: Rwork=0.4999, Rfree=0.5167
  VDW rebuild: max drift 7.36 Å > threshold 1.00 Å

Building VDW (non-bonded) restraints...
  Symmetry expansion: 78 valid (symop, offset) combos
  Grid: [20, 8, 20], 2240/3200 cells occupied, max 1323 entries/cell
  Built 540231 VDW restraints, 237520 symmetry contacts

────────────────────────────────────────────────────────────────────
  XYZ Refinement
────────────────────────────────────────────────────────────────────

  adp (weight: 0.0200)
  ────────────────────────────────────────────────────────────────
    Metric                       Before      After     Change
    locality                     1590.3     1590.3     0.0000
    scaler_U                   123389.6   123389.6     0.0000
    scaler_log_scale          2951870.2  2951870.2     0.0000
    sigd                         6013.0     6013.0     0.0000
    simu                        15681.9    15681.9     0.0000

  geometry (weight: 0.2000)
  ────────────────────────────────────────────────────────────────
    Metric                       Before      After     Change
    angle                      -38092.7    16576.6   +54669.3
    bond                       -28833.1    -1556.1   +27277.0
    chiral                    -385.2089   692.9792    +1078.2
    nonbonded                 1780768.0   -60022.5 -1840790.5
    planarity                  -19172.7   -14322.0    +4850.8
    torsion                     14973.9    17234.0    +2260.1

  other (weight: 1.0000)
  ────────────────────────────────────────────────────────────────
    Metric                       Before      After     Change
    xray                       122875.4   123502.8  +627.3906

  Group Totals
  ────────────────────────────────────────────────────────────────
    Group                        Before      After     Change
    adp                         61970.9    61970.9     0.0000
    geometry                   341851.6    -8279.4  -350131.0
    xray                       122875.4   123502.8  +627.3906
────────────────────────────────────────────────────────────────────
  VDW rebuild: max drift 7.36 Å > threshold 1.00 Å

Building VDW (non-bonded) restraints...
  Symmetry expansion: 78 valid (symop, offset) combos
  Grid: [20, 8, 20], 2240/3200 cells occupied, max 1323 entries/cell
  Built 540231 VDW restraints, 237520 symmetry contacts

────────────────────────────────────────────────────────────────────
  ADP Refinement
────────────────────────────────────────────────────────────────────

  adp (weight: 0.0200)
  ────────────────────────────────────────────────────────────────
    Metric                       Before      After     Change
    locality                     1627.3    12523.0   +10895.7
    scaler_U                   123389.6   123389.6     0.0000
    scaler_log_scale          2951870.2  2951870.2     0.0000
    sigd                         6013.0     7430.0    +1416.9
    simu                        15681.9    23040.8    +7358.9

  geometry (weight: 0.2000)
  ────────────────────────────────────────────────────────────────
    Metric                       Before      After     Change
    angle                       16576.6    16576.6     0.0000
    bond                        -1556.1    -1556.1     0.0000
    chiral                     692.9792   692.9792     0.0000
    nonbonded                  -60022.5   -60022.5     0.0000
    planarity                  -14322.0   -14322.0     0.0000
    torsion                     17234.0    17234.0     0.0000

  other (weight: 1.0000)
  ────────────────────────────────────────────────────────────────
    Metric                       Before      After     Change
    xray                       123502.8   120902.8    -2600.0

  Group Totals
  ────────────────────────────────────────────────────────────────
    Group                        Before      After     Change
    adp                         61971.6    62365.1  +393.4307
    geometry                    -8279.4    -8279.4     0.0000
    xray                       123502.8   120902.8    -2600.0
────────────────────────────────────────────────────────────────────

============================================================
LBFGS Refinement - Cycle 2/10
============================================================
Refining scales with LBFGS...
Scale refinement complete. rwork: 0.4445, rfree: 0.4688

Final Scale Parameters: 
  c_iso: tensor([1.1161e+00, 3.5070e+00, 5.4338e-01, 1.8816e-01, 1.5923e-03, 1.8350e-01])
  U: tensor([ 1.7266,  1.6826,  1.8878,  0.0054,  0.0568, -0.0330])
  solvent.log_k_solvent: -1.189810872077942
  solvent.log_ss_half: -4.8349609375
  solvent.log_n_exp: 0.6049491763114929
  solvent.phase_offset: 0.16852682828903198
After scaling: Rwork=0.4445, Rfree=0.4688
  VDW rebuild: max drift 7.47 Å > threshold 1.00 Å

Building VDW (non-bonded) restraints...
  Symmetry expansion: 78 valid (symop, offset) combos
  Grid: [20, 8, 20], 2240/3200 cells occupied, max 1323 entries/cell
  Built 540231 VDW restraints, 237520 symmetry contacts

────────────────────────────────────────────────────────────────────
  XYZ Refinement
────────────────────────────────────────────────────────────────────

  adp (weight: 0.0200)
  ────────────────────────────────────────────────────────────────
    Metric                       Before      After     Change
    locality                    12523.0    12523.0     0.0000
    scaler_U                   120165.7   120165.7     0.0000
    scaler_log_scale          2728831.0  2728831.0     0.0000
    sigd                         7430.0     7430.0     0.0000
    simu                        23040.8    23040.8     0.0000

  geometry (weight: 0.2000)
  ────────────────────────────────────────────────────────────────
    Metric                       Before      After     Change
    angle                       16576.6   -12725.2   -29301.8
    bond                        -1556.1   -20618.3   -19062.2
    chiral                     692.9792   150.2869  -542.6923
    nonbonded                  -60022.5  -103626.2   -43603.8
    planarity                  -14322.0   -17283.1    -2961.2
    torsion                     17234.0    16929.7  -304.3203

  other (weight: 1.0000)
  ────────────────────────────────────────────────────────────────
    Metric                       Before      After     Change
    xray                       121621.1   120578.0    -1043.1

  Group Totals
  ────────────────────────────────────────────────────────────────
    Group                        Before      After     Change
    adp                         57839.8    57839.8     0.0000
    geometry                    -8279.4   -27434.6   -19155.2
    xray                       121621.1   120578.0    -1043.1
────────────────────────────────────────────────────────────────────
  VDW rebuild: max drift 7.47 Å > threshold 1.00 Å

Building VDW (non-bonded) restraints...
  Symmetry expansion: 78 valid (symop, offset) combos
  Grid: [20, 8, 20], 2240/3200 cells occupied, max 1323 entries/cell
  Built 540231 VDW restraints, 237520 symmetry contacts

────────────────────────────────────────────────────────────────────
  ADP Refinement
────────────────────────────────────────────────────────────────────

  adp (weight: 0.0200)
  ────────────────────────────────────────────────────────────────
    Metric                       Before      After     Change
    locality                    12517.0     9358.7    -3158.3
    scaler_U                   120165.7   120165.7     0.0000
    scaler_log_scale          2728831.0  2728831.0     0.0000
    sigd                         7430.0     8465.6    +1035.6
    simu                        23040.8    20383.0    -2657.8

  geometry (weight: 0.2000)
  ────────────────────────────────────────────────────────────────
    Metric                       Before      After     Change
    angle                      -12725.2   -12725.2     0.0000
    bond                       -20618.3   -20618.3     0.0000
    chiral                     150.2869   150.2869     0.0000
    nonbonded                 -103626.2  -103626.2     0.0000
    planarity                  -17283.1   -17283.1     0.0000
    torsion                     16929.7    16929.7     0.0000

  other (weight: 1.0000)
  ────────────────────────────────────────────────────────────────
    Metric                       Before      After     Change
    xray                       120578.0   120377.5  -200.5156

  Group Totals
  ────────────────────────────────────────────────────────────────
    Group                        Before      After     Change
    adp                         57839.7    57744.1   -95.6100
    geometry                   -27434.6   -27434.6     0.0000
    xray                       120578.0   120377.5  -200.5156
────────────────────────────────────────────────────────────────────

============================================================
LBFGS Refinement - Cycle 3/10
============================================================
Refining scales with LBFGS...
Scale refinement complete. rwork: 0.4285, rfree: 0.4727

Final Scale Parameters: 
  c_iso: tensor([ 1.1289,  3.4812,  0.4976,  0.1709, -0.0081,  0.1750])
  U: tensor([ 1.7213,  1.6891,  1.8851,  0.0023,  0.0638, -0.0219])
  solvent.log_k_solvent: -1.2072536945343018
  solvent.log_ss_half: -4.816770076751709
  solvent.log_n_exp: 0.6211406588554382
  solvent.phase_offset: 0.15546852350234985
After scaling: Rwork=0.4285, Rfree=0.4727
  VDW rebuild: max drift 7.63 Å > threshold 1.00 Å

Building VDW (non-bonded) restraints...
  Symmetry expansion: 78 valid (symop, offset) combos
  Grid: [20, 8, 20], 2240/3200 cells occupied, max 1323 entries/cell
  Built 540231 VDW restraints, 237520 symmetry contacts

────────────────────────────────────────────────────────────────────
  XYZ Refinement
────────────────────────────────────────────────────────────────────

  adp (weight: 0.0200)
  ────────────────────────────────────────────────────────────────
    Metric                       Before      After     Change
    locality                     9358.7     9358.7     0.0000
    scaler_U                   120097.1   120097.1     0.0000
    scaler_log_scale          2661342.8  2661342.8     0.0000
    sigd                         8465.6     8465.6     0.0000
    simu                        20383.0    20383.0     0.0000

  geometry (weight: 0.2000)
  ────────────────────────────────────────────────────────────────
    Metric                       Before      After     Change
    angle                      -12725.2   -23276.3   -10551.1
    bond                       -20618.3   -23872.4    -3254.1
    chiral                     150.2869   -68.2329  -218.5199
    nonbonded                 -103626.2  -116940.5   -13314.3
    planarity                  -17283.1   -18236.3  -953.1582
    torsion                     16929.7    16820.2  -109.5156

  other (weight: 1.0000)
  ────────────────────────────────────────────────────────────────
    Metric                       Before      After     Change
    xray                       120418.8   120286.1  -132.6797

  Group Totals
  ────────────────────────────────────────────────────────────────
    Group                        Before      After     Change
    adp                         56392.9    56392.9     0.0000
    geometry                   -27434.6   -33114.7    -5680.1
    xray                       120418.8   120286.1  -132.6797
────────────────────────────────────────────────────────────────────
  VDW rebuild: max drift 7.63 Å > threshold 1.00 Å

Building VDW (non-bonded) restraints...
  Symmetry expansion: 78 valid (symop, offset) combos
  Grid: [20, 8, 20], 2240/3200 cells occupied, max 1323 entries/cell
  Built 540231 VDW restraints, 237520 symmetry contacts

────────────────────────────────────────────────────────────────────
  ADP Refinement
────────────────────────────────────────────────────────────────────

  adp (weight: 0.0200)
  ────────────────────────────────────────────────────────────────
    Metric                       Before      After     Change
    locality                     9382.1     9736.0  +353.9619
    scaler_U                   120097.1   120097.1     0.0000
    scaler_log_scale          2661342.8  2661342.8     0.0000
    sigd                         8465.6     9210.7  +745.1650
    simu                        20383.0    19963.6  -419.3574

  geometry (weight: 0.2000)
  ────────────────────────────────────────────────────────────────
    Metric                       Before      After     Change
    angle                      -23276.3   -23276.3     0.0000
    bond                       -23872.4   -23872.4     0.0000
    chiral                     -68.2329   -68.2329     0.0000
    nonbonded                 -116940.5  -116940.5     0.0000
    planarity                  -18236.3   -18236.3     0.0000
    torsion                     16820.2    16820.2     0.0000

  other (weight: 1.0000)
  ────────────────────────────────────────────────────────────────
    Metric                       Before      After     Change
    xray                       120286.1   120200.9   -85.1953

  Group Totals
  ────────────────────────────────────────────────────────────────
    Group                        Before      After     Change
    adp                         56393.4    56407.0   +13.5954
    geometry                   -33114.7   -33114.7     0.0000
    xray                       120286.1   120200.9   -85.1953
────────────────────────────────────────────────────────────────────

============================================================
LBFGS Refinement - Cycle 4/10
============================================================
Refining scales with LBFGS...
Scale refinement complete. rwork: 0.4232, rfree: 0.4688

Final Scale Parameters: 
  c_iso: tensor([-1.0975,  0.6466, -0.0627,  0.1435,  0.0078,  0.1661])
  U: tensor([ 0.2763,  0.2529,  0.4351, -0.0007,  0.0653, -0.0170])
  solvent.log_k_solvent: -1.0257928371429443
  solvent.log_ss_half: -4.1834917068481445
  solvent.log_n_exp: 1.387802243232727
  solvent.phase_offset: 0.1580621749162674
After scaling: Rwork=0.4232, Rfree=0.4688
  VDW rebuild: max drift 7.70 Å > threshold 1.00 Å

Building VDW (non-bonded) restraints...
  Symmetry expansion: 78 valid (symop, offset) combos
  Grid: [20, 8, 20], 2240/3200 cells occupied, max 1323 entries/cell
  Built 540231 VDW restraints, 237520 symmetry contacts

────────────────────────────────────────────────────────────────────
  XYZ Refinement
────────────────────────────────────────────────────────────────────

  adp (weight: 0.0200)
  ────────────────────────────────────────────────────────────────
    Metric                       Before      After     Change
    locality                     9736.0     9736.0     0.0000
    scaler_U                     3982.2     3982.2     0.0000
    scaler_log_scale            31962.1    31962.1     0.0000
    sigd                         9210.7     9210.7     0.0000
    simu                        19963.6    19963.6     0.0000

  geometry (weight: 0.2000)
  ────────────────────────────────────────────────────────────────
    Metric                       Before      After     Change
    angle                      -23276.3   -28571.1    -5294.8
    bond                       -23872.4   -24968.1    -1095.7
    chiral                     -68.2329  -210.5840  -142.3511
    nonbonded                 -116940.5  -125037.6    -8097.1
    planarity                  -18236.3   -18799.1  -562.8203
    torsion                     16820.2    17040.9  +220.7051

  other (weight: 1.0000)
  ────────────────────────────────────────────────────────────────
    Metric                       Before      After     Change
    xray                       120228.8   120106.1  -122.7344

  Group Totals
  ────────────────────────────────────────────────────────────────
    Group                        Before      After     Change
    adp                          1497.1     1497.1     0.0000
    geometry                   -33114.7   -36109.1    -2994.4
    xray                       120228.8   120106.1  -122.7344
────────────────────────────────────────────────────────────────────
  VDW rebuild: max drift 7.70 Å > threshold 1.00 Å

Building VDW (non-bonded) restraints...
  Symmetry expansion: 78 valid (symop, offset) combos
  Grid: [20, 8, 20], 2240/3200 cells occupied, max 1323 entries/cell
  Built 540231 VDW restraints, 237520 symmetry contacts

────────────────────────────────────────────────────────────────────
  ADP Refinement
────────────────────────────────────────────────────────────────────

  adp (weight: 0.0200)
  ────────────────────────────────────────────────────────────────
    Metric                       Before      After     Change
    locality                     9739.1     8931.2  -807.9814
    scaler_U                     3982.2     3982.2     0.0000
    scaler_log_scale            31962.1    31962.1     0.0000
    sigd                         9210.7     9700.4  +489.6514
    simu                        19963.6    19570.9  -392.7812

  geometry (weight: 0.2000)
  ────────────────────────────────────────────────────────────────
    Metric                       Before      After     Change
    angle                      -28571.1   -28571.1     0.0000
    bond                       -24968.1   -24968.1     0.0000
    chiral                    -210.5840  -210.5840     0.0000
    nonbonded                 -125037.6  -125037.6     0.0000
    planarity                  -18799.1   -18799.1     0.0000
    torsion                     17040.9    17040.9     0.0000

  other (weight: 1.0000)
  ────────────────────────────────────────────────────────────────
    Metric                       Before      After     Change
    xray                       120106.1   120091.2   -14.9375

  Group Totals
  ────────────────────────────────────────────────────────────────
    Group                        Before      After     Change
    adp                          1497.2     1482.9   -14.2222
    geometry                   -36109.1   -36109.1     0.0000
    xray                       120106.1   120091.2   -14.9375
────────────────────────────────────────────────────────────────────

============================================================
LBFGS Refinement - Cycle 5/10
============================================================
Refining scales with LBFGS...
Scale refinement complete. rwork: 0.4196, rfree: 0.4632

Final Scale Parameters: 
  c_iso: tensor([-1.1146,  0.6270, -0.0710,  0.1464,  0.0097,  0.1676])
  U: tensor([ 0.2617,  0.2456,  0.4267, -0.0021,  0.0646, -0.0186])
  solvent.log_k_solvent: -1.0442428588867188
  solvent.log_ss_half: -4.215024948120117
  solvent.log_n_exp: 1.2808676958084106
  solvent.phase_offset: 0.1491948515176773
After scaling: Rwork=0.4196, Rfree=0.4632
  VDW rebuild: max drift 7.74 Å > threshold 1.00 Å

Building VDW (non-bonded) restraints...
  Symmetry expansion: 78 valid (symop, offset) combos
  Grid: [20, 8, 20], 2240/3200 cells occupied, max 1323 entries/cell
  Built 540231 VDW restraints, 237520 symmetry contacts

────────────────────────────────────────────────────────────────────
  XYZ Refinement
────────────────────────────────────────────────────────────────────

  adp (weight: 0.0200)
  ────────────────────────────────────────────────────────────────
    Metric                       Before      After     Change
    locality                     8931.2     8931.2     0.0000
    scaler_U                     3736.3     3736.3     0.0000
    scaler_log_scale            27217.1    27217.1     0.0000
    sigd                         9700.4     9700.4     0.0000
    simu                        19570.9    19570.9     0.0000

  geometry (weight: 0.2000)
  ────────────────────────────────────────────────────────────────
    Metric                       Before      After     Change
    angle                      -28571.1   -31756.9    -3185.7
    bond                       -24968.1   -26034.9    -1066.8
    chiral                    -210.5840  -297.6812   -87.0971
    nonbonded                 -125037.6  -127589.2    -2551.5
    planarity                  -18799.1   -19052.5  -253.3438
    torsion                     17040.9    16786.6  -254.2812

  other (weight: 1.0000)
  ────────────────────────────────────────────────────────────────
    Metric                       Before      After     Change
    xray                       120114.8   120030.1   -84.6875

  Group Totals
  ────────────────────────────────────────────────────────────────
    Group                        Before      After     Change
    adp                          1383.1     1383.1     0.0000
    geometry                   -36109.1   -37588.9    -1479.8
    xray                       120114.8   120030.1   -84.6875
────────────────────────────────────────────────────────────────────
  VDW rebuild: max drift 7.74 Å > threshold 1.00 Å

Building VDW (non-bonded) restraints...
  Symmetry expansion: 78 valid (symop, offset) combos
  Grid: [20, 8, 20], 2240/3200 cells occupied, max 1323 entries/cell
  Built 540231 VDW restraints, 237520 symmetry contacts

────────────────────────────────────────────────────────────────────
  ADP Refinement
────────────────────────────────────────────────────────────────────

  adp (weight: 0.0200)
  ────────────────────────────────────────────────────────────────
    Metric                       Before      After     Change
    locality                     8944.4     9258.4  +314.0020
    scaler_U                     3736.3     3736.3     0.0000
    scaler_log_scale            27217.1    27217.1     0.0000
    sigd                         9700.4    10185.5  +485.1416
    simu                        19570.9    19626.8   +55.9785

  geometry (weight: 0.2000)
  ────────────────────────────────────────────────────────────────
    Metric                       Before      After     Change
    angle                      -31756.9   -31756.9     0.0000
    bond                       -26034.9   -26034.9     0.0000
    chiral                    -297.6812  -297.6812     0.0000
    nonbonded                 -127589.2  -127589.2     0.0000
    planarity                  -19052.5   -19052.5     0.0000
    torsion                     16786.6    16786.6     0.0000

  other (weight: 1.0000)
  ────────────────────────────────────────────────────────────────
    Metric                       Before      After     Change
    xray                       120030.1   120003.7   -26.4219

  Group Totals
  ────────────────────────────────────────────────────────────────
    Group                        Before      After     Change
    adp                          1383.4     1400.5   +17.1024
    geometry                   -37588.9   -37588.9     0.0000
    xray                       120030.1   120003.7   -26.4219
────────────────────────────────────────────────────────────────────

============================================================
LBFGS Refinement - Cycle 6/10
============================================================
Refining scales with LBFGS...
Scale refinement complete. rwork: 0.4170, rfree: 0.4628

Final Scale Parameters: 
  c_iso: tensor([-1.1130,  0.6210, -0.0728,  0.1491,  0.0116,  0.1669])
  U: tensor([ 0.2594,  0.2494,  0.4265, -0.0025,  0.0635, -0.0201])
  solvent.log_k_solvent: -1.0466797351837158
  solvent.log_ss_half: -4.21561861038208
  solvent.log_n_exp: 1.238308072090149
  solvent.phase_offset: 0.15133875608444214
After scaling: Rwork=0.4170, Rfree=0.4628
  VDW rebuild: max drift 7.76 Å > threshold 1.00 Å

Building VDW (non-bonded) restraints...
  Symmetry expansion: 78 valid (symop, offset) combos
  Grid: [20, 8, 20], 2240/3200 cells occupied, max 1323 entries/cell
  Built 540231 VDW restraints, 237520 symmetry contacts

────────────────────────────────────────────────────────────────────
  XYZ Refinement
────────────────────────────────────────────────────────────────────

  adp (weight: 0.0200)
  ────────────────────────────────────────────────────────────────
    Metric                       Before      After     Change
    locality                     9258.4     9258.4     0.0000
    scaler_U                     3746.8     3746.8     0.0000
    scaler_log_scale            25697.1    25697.1     0.0000
    sigd                        10185.5    10185.5     0.0000
    simu                        19626.8    19626.8     0.0000

  geometry (weight: 0.2000)
  ────────────────────────────────────────────────────────────────
    Metric                       Before      After     Change
    angle                      -31756.9   -33250.8    -1493.9
    bond                       -26034.9   -26488.7  -453.8457
    chiral                    -297.6812  -316.0845   -18.4033
    nonbonded                 -127589.2  -130653.6    -3064.4
    planarity                  -19052.5   -19138.4   -85.9492
    torsion                     16786.6    16715.2   -71.3750

  other (weight: 1.0000)
  ────────────────────────────────────────────────────────────────
    Metric                       Before      After     Change
    xray                       120019.2   119917.5  -101.6250

  Group Totals
  ────────────────────────────────────────────────────────────────
    Group                        Before      After     Change
    adp                          1370.3     1370.3     0.0000
    geometry                   -37588.9   -38626.5    -1037.6
    xray                       120019.2   119917.5  -101.6250
────────────────────────────────────────────────────────────────────
  VDW rebuild: max drift 7.76 Å > threshold 1.00 Å

Building VDW (non-bonded) restraints...
  Symmetry expansion: 78 valid (symop, offset) combos
  Grid: [20, 8, 20], 2240/3200 cells occupied, max 1323 entries/cell
  Built 540231 VDW restraints, 237520 symmetry contacts

────────────────────────────────────────────────────────────────────
  ADP Refinement
────────────────────────────────────────────────────────────────────

  adp (weight: 0.0200)
  ────────────────────────────────────────────────────────────────
    Metric                       Before      After     Change
    locality                     9262.4     8972.3  -290.1064
    scaler_U                     3746.8     3746.8     0.0000
    scaler_log_scale            25697.1    25697.1     0.0000
    sigd                        10185.5    10496.5  +310.9443
    simu                        19626.8    19503.5  -123.2969

  geometry (weight: 0.2000)
  ────────────────────────────────────────────────────────────────
    Metric                       Before      After     Change
    angle                      -33250.8   -33250.8     0.0000
    bond                       -26488.7   -26488.7     0.0000
    chiral                    -316.0845  -316.0845     0.0000
    nonbonded                 -130653.6  -130653.6     0.0000
    planarity                  -19138.4   -19138.4     0.0000
    torsion                     16715.2    16715.2     0.0000

  other (weight: 1.0000)
  ────────────────────────────────────────────────────────────────
    Metric                       Before      After     Change
    xray                       119917.5   119909.0    -8.5078

  Group Totals
  ────────────────────────────────────────────────────────────────
    Group                        Before      After     Change
    adp                          1370.4     1368.3    -2.0492
    geometry                   -38626.5   -38626.5     0.0000
    xray                       119917.5   119909.0    -8.5078
────────────────────────────────────────────────────────────────────

============================================================
LBFGS Refinement - Cycle 7/10
============================================================
Refining scales with LBFGS...
Scale refinement complete. rwork: 0.4153, rfree: 0.4643

Final Scale Parameters: 
  c_iso: tensor([-1.1127,  0.6177, -0.0740,  0.1479,  0.0129,  0.1662])
  U: tensor([ 0.2578,  0.2513,  0.4272, -0.0030,  0.0619, -0.0207])
  solvent.log_k_solvent: -1.0560362339019775
  solvent.log_ss_half: -4.222596168518066
  solvent.log_n_exp: 1.2365574836730957
  solvent.phase_offset: 0.13954401016235352
After scaling: Rwork=0.4153, Rfree=0.4643
  VDW rebuild: max drift 7.77 Å > threshold 1.00 Å

Building VDW (non-bonded) restraints...
  Symmetry expansion: 78 valid (symop, offset) combos
  Grid: [20, 8, 20], 2240/3200 cells occupied, max 1323 entries/cell
  Built 540231 VDW restraints, 237520 symmetry contacts

────────────────────────────────────────────────────────────────────
  XYZ Refinement
────────────────────────────────────────────────────────────────────

  adp (weight: 0.0200)
  ────────────────────────────────────────────────────────────────
    Metric                       Before      After     Change
    locality                     8972.3     8972.3     0.0000
    scaler_U                     3754.3     3754.3     0.0000
    scaler_log_scale            25041.0    25041.0     0.0000
    sigd                        10496.5    10496.5     0.0000
    simu                        19503.5    19503.5     0.0000

  geometry (weight: 0.2000)
  ────────────────────────────────────────────────────────────────
    Metric                       Before      After     Change
    angle                      -33250.8   -34781.6    -1530.8
    bond                       -26488.7   -27124.2  -635.4785
    chiral                    -316.0845  -365.1985   -49.1140
    nonbonded                 -130653.6  -131929.6    -1276.0
    planarity                  -19138.4   -19322.3  -183.8965
    torsion                     16715.2    16534.9  -180.3457

  other (weight: 1.0000)
  ────────────────────────────────────────────────────────────────
    Metric                       Before      After     Change
    xray                       119922.9   119863.8   -59.0469

  Group Totals
  ────────────────────────────────────────────────────────────────
    Group                        Before      After     Change
    adp                          1355.4     1355.4     0.0000
    geometry                   -38626.5   -39397.6  -771.1204
    xray                       119922.9   119863.8   -59.0469
────────────────────────────────────────────────────────────────────
  VDW rebuild: max drift 7.77 Å > threshold 1.00 Å

Building VDW (non-bonded) restraints...
  Symmetry expansion: 78 valid (symop, offset) combos
  Grid: [20, 8, 20], 2240/3200 cells occupied, max 1323 entries/cell
  Built 540231 VDW restraints, 237520 symmetry contacts

────────────────────────────────────────────────────────────────────
  ADP Refinement
────────────────────────────────────────────────────────────────────

  adp (weight: 0.0200)
  ────────────────────────────────────────────────────────────────
    Metric                       Before      After     Change
    locality                     8981.6     9116.9  +135.3330
    scaler_U                     3754.3     3754.3     0.0000
    scaler_log_scale            25041.0    25041.0     0.0000
    sigd                        10496.5    10831.3  +334.7793
    simu                        19503.5    19564.2   +60.7051

  geometry (weight: 0.2000)
  ────────────────────────────────────────────────────────────────
    Metric                       Before      After     Change
    angle                      -34781.6   -34781.6     0.0000
    bond                       -27124.2   -27124.2     0.0000
    chiral                    -365.1985  -365.1985     0.0000
    nonbonded                 -131929.6  -131929.6     0.0000
    planarity                  -19322.3   -19322.3     0.0000
    torsion                     16534.9    16534.9     0.0000

  other (weight: 1.0000)
  ────────────────────────────────────────────────────────────────
    Metric                       Before      After     Change
    xray                       119863.8   119847.7   -16.1094

  Group Totals
  ────────────────────────────────────────────────────────────────
    Group                        Before      After     Change
    adp                          1355.5     1366.2   +10.6163
    geometry                   -39397.6   -39397.6     0.0000
    xray                       119863.8   119847.7   -16.1094
────────────────────────────────────────────────────────────────────

============================================================
LBFGS Refinement - Cycle 8/10
============================================================
Refining scales with LBFGS...
Scale refinement complete. rwork: 0.4143, rfree: 0.4626

Final Scale Parameters: 
  c_iso: tensor([-1.1105,  0.6126, -0.0739,  0.1480,  0.0142,  0.1659])
  U: tensor([ 0.2586,  0.2539,  0.4297, -0.0028,  0.0611, -0.0224])
  solvent.log_k_solvent: -1.0595805644989014
  solvent.log_ss_half: -4.243673801422119
  solvent.log_n_exp: 1.2001596689224243
  solvent.phase_offset: 0.12435943633317947
After scaling: Rwork=0.4143, Rfree=0.4626
  VDW rebuild: max drift 7.77 Å > threshold 1.00 Å

Building VDW (non-bonded) restraints...
  Symmetry expansion: 78 valid (symop, offset) combos
  Grid: [20, 8, 20], 2240/3200 cells occupied, max 1323 entries/cell
  Built 540231 VDW restraints, 237520 symmetry contacts

────────────────────────────────────────────────────────────────────
  XYZ Refinement
────────────────────────────────────────────────────────────────────

  adp (weight: 0.0200)
  ────────────────────────────────────────────────────────────────
    Metric                       Before      After     Change
    locality                     9116.9     9116.9     0.0000
    scaler_U                     3801.7     3801.7     0.0000
    scaler_log_scale            24210.9    24210.9     0.0000
    sigd                        10831.3    10831.3     0.0000
    simu                        19564.2    19564.2     0.0000

  geometry (weight: 0.2000)
  ────────────────────────────────────────────────────────────────
    Metric                       Before      After     Change
    angle                      -34781.6   -35709.0  -927.4219
    bond                       -27124.2   -27208.1   -83.8965
    chiral                    -365.1985  -373.9691    -8.7707
    nonbonded                 -131929.6  -133683.6    -1754.1
    planarity                  -19322.3   -19343.0   -20.6758
    torsion                     16534.9    16464.8   -70.0996

  other (weight: 1.0000)
  ────────────────────────────────────────────────────────────────
    Metric                       Before      After     Change
    xray                       119859.5   119768.3   -91.2266

  Group Totals
  ────────────────────────────────────────────────────────────────
    Group                        Before      After     Change
    adp                          1350.5     1350.5     0.0000
    geometry                   -39397.6   -39970.6  -572.9895
    xray                       119859.5   119768.3   -91.2266
────────────────────────────────────────────────────────────────────
  VDW rebuild: max drift 7.77 Å > threshold 1.00 Å

Building VDW (non-bonded) restraints...
  Symmetry expansion: 78 valid (symop, offset) combos
  Grid: [20, 8, 20], 2240/3200 cells occupied, max 1323 entries/cell
  Built 540231 VDW restraints, 237520 symmetry contacts

────────────────────────────────────────────────────────────────────
  ADP Refinement
────────────────────────────────────────────────────────────────────

  adp (weight: 0.0200)
  ────────────────────────────────────────────────────────────────
    Metric                       Before      After     Change
    locality                     9117.8     9018.0   -99.7959
    scaler_U                     3801.7     3801.7     0.0000
    scaler_log_scale            24210.9    24210.9     0.0000
    sigd                        10831.3    11034.3  +203.0010
    simu                        19564.2    19593.1   +28.8398

  geometry (weight: 0.2000)
  ────────────────────────────────────────────────────────────────
    Metric                       Before      After     Change
    angle                      -35709.0   -35709.0     0.0000
    bond                       -27208.1   -27208.1     0.0000
    chiral                    -373.9691  -373.9691     0.0000
    nonbonded                 -133683.6  -133683.6     0.0000
    planarity                  -19343.0   -19343.0     0.0000
    torsion                     16464.8    16464.8     0.0000

  other (weight: 1.0000)
  ────────────────────────────────────────────────────────────────
    Metric                       Before      After     Change
    xray                       119768.3   119761.2    -7.1016

  Group Totals
  ────────────────────────────────────────────────────────────────
    Group                        Before      After     Change
    adp                          1350.5     1353.2    +2.6409
    geometry                   -39970.6   -39970.6     0.0000
    xray                       119768.3   119761.2    -7.1016
────────────────────────────────────────────────────────────────────

============================================================
LBFGS Refinement - Cycle 9/10
============================================================
Refining scales with LBFGS...
Scale refinement complete. rwork: 0.4126, rfree: 0.4644

Final Scale Parameters: 
  c_iso: tensor([-1.0947,  0.6331, -0.0737,  0.1493,  0.0138,  0.1655])
  U: tensor([ 0.2685,  0.2663,  0.4413, -0.0027,  0.0601, -0.0243])
  solvent.log_k_solvent: -1.0655646324157715
  solvent.log_ss_half: -4.25095272064209
  solvent.log_n_exp: 1.2442939281463623
  solvent.phase_offset: 0.12196775525808334
After scaling: Rwork=0.4126, Rfree=0.4644
  VDW rebuild: max drift 7.76 Å > threshold 1.00 Å

Building VDW (non-bonded) restraints...
  Symmetry expansion: 78 valid (symop, offset) combos
  Grid: [20, 8, 20], 2240/3200 cells occupied, max 1323 entries/cell
