/das/work/units/LBR-FEL/p17490/Peter/Library/work_trees_torchref/alignement/torchref/cli/refine.py:21: UserWarning: TorchRef using user-specified 8 threads from TORCHREF_NUM_THREADS.
  from torchref.cli._common import (
================================================================================
TorchRef LBFGS Refinement
================================================================================
Model:             /das/work/units/LBR-FEL/p17490/Peter/Library/work_trees_torchref/dev/paper/figure2_alphafold_start/placed/2I7H_af.pdb
Structure factor:  /das/work/units/LBR-FEL/p17490/Peter/Library/work_trees_torchref/dev/paper/data/2I7H/2I7H.mtz
Output directory:  /das/work/units/LBR-FEL/p17490/Peter/Library/work_trees_torchref/alignement/alignment_lab/benchmarks/af_mr/runs/dmin4.0/2I7H/refine_phaser_mr
Refinement mode:   separate
X-ray target:      ml
Refinement cycles: 10
Rigid-body step:   on (iterations/cutoff = 30)
Device:            auto
ADP mode:          isotropic
Wavelength:        1 A
Manual weights:    {"adp": 0.02}
================================================================================

Initializing refinement...
found non-finite F values (NaN/Inf):  337
found non-finite F_sigma values (NaN/Inf):  337
Wilson outlier rejection: 1/60191 (0.0017%) of tested reflections flagged (1 too strong, 0 too weak)
Loaded 8652 atoms
Building restraints...
Found 109 link definitions

Building VDW (non-bonded) restraints...
  Symmetry expansion: 34 valid (symop, offset) combos
  Grid: [40, 14, 13], 4180/7280 cells occupied, max 216 entries/cell
  Built 148281 VDW restraints, 11627 symmetry contacts
  Hydrogen topology: 8631 riding H atoms
  H candidate pairs: 361159 (91167 H-H, 269992 H-heavy, 27463 symmetry)
================================================================================
Restraints Summary
================================================================================
CIF file: None
Residue types in dictionary: 19

INTRA-RESIDUE RESTRAINTS:
--------------------------------------------------------------------------------
  Bonds: 7758
  Angles: 8676
  Torsions: 2322
  Planes: 1722
  Chirals: 1290

INTER-RESIDUE RESTRAINTS:
--------------------------------------------------------------------------------
  Peptide bonds: 1050
  Peptide angles: 3192
  Disulfide bonds: 0
  Disulfide angles: 0
  Disulfide torsions: 0
  LINK bonds: 0

BACKBONE TORSIONS:
--------------------------------------------------------------------------------
  Phi: 1050
  Psi: 1050
  Omega: 1050
  Ramachandran: 1026

VDW RESTRAINTS:
--------------------------------------------------------------------------------
  Non-bonded contacts: 148281 (136654 intra-ASU, 11627 symmetry)
================================================================================
Generated 8646 hydrogens
ADP representation: isotropic, 17298 parameters, 4.2 work reflections each
Initialized ScalerBase with 10 bins.
Building restraints...

Building VDW (non-bonded) restraints...
  Symmetry expansion: 34 valid (symop, offset) combos
  Grid: [40, 14, 13], 4452/7280 cells occupied, max 333 entries/cell
  Built 628671 VDW restraints, 54313 symmetry contacts
================================================================================
Restraints Summary
================================================================================
CIF file: None
Residue types in dictionary: 19

INTRA-RESIDUE RESTRAINTS:
--------------------------------------------------------------------------------
  Bonds: 16404
  Angles: 27246
  Torsions: 3450
  Planes: 2988
  Chirals: 1290

INTER-RESIDUE RESTRAINTS:
--------------------------------------------------------------------------------
  Peptide bonds: 1050
  Peptide angles: 4200
  Disulfide bonds: 0
  Disulfide angles: 0
  Disulfide torsions: 0
  LINK bonds: 0

BACKBONE TORSIONS:
--------------------------------------------------------------------------------
  Phi: 1050
  Psi: 1050
  Omega: 1050
  Ramachandran: 1026

VDW RESTRAINTS:
--------------------------------------------------------------------------------
  Non-bonded contacts: 628671 (574358 intra-ASU, 54313 symmetry)
================================================================================
Initializing TotalGeometryTarget with component targets...
Initializing TotalADPTarget with component targets: simu, locality, sigd
Parametrization built for 5 unique atom types
SfFFT: Using late symmetry (reciprocal space)
Calculating initial scale factors using 10 bins.
Refining scales with LBFGS...
Scale refinement complete. rwork: 0.3981, rfree: 0.4001

Final Scale Parameters: 
  c_iso: tensor([ 0.4418,  1.9420,  0.0919,  0.2268, -0.1725,  0.1539])
  U: tensor([ 1.0211,  0.9563,  0.7560, -0.0102,  0.0609,  0.0431])
  solvent.log_k_solvent: -1.0146701335906982
  solvent.log_ss_half: -4.3593668937683105
  solvent.log_n_exp: 0.9442363381385803
  solvent.phase_offset: 0.012087581679224968
Initialized targets with xray_mode='ml'
Applied manual group weights: {'xray': 1.0, 'geometry': 0.2, 'geometry/ramachandran': 0.0, 'adp': 0.02, 'adp/sigd': 1.0, 'adp/node_load': 10.0, 'adp/node_smoothness': 0.0}
Refinement initialized successfully.

Starting refinement with 10 macro cycles...

Rigid-body step enabled: one multi-resolution rigid-body pass will run once at the start of refinement.


--- Rigid-body step (once, at start) ---
Switched to rigid-body parametrization: RigidXYZTensor(n_atoms=17298, n_chains=6) (6 chain(s))
Filtering: 4278/74654 reflections in range [inf - 6.0] Å (4225 valid after all masks)
Initialized ScalerBase with 10 bins.
Calculating initial scale factors using 10 bins.
Calculating initial scale factors using 10 bins.
Refining scales with LBFGS...
Scale refinement complete. rwork: 0.3359, rfree: 0.3139

Final Scale Parameters: 
  c_iso: tensor([ 4.4395,  4.4460, -6.5411, -7.7187, -4.8961, -1.2063])
  U: tensor([ 5.2713e+00,  5.2368e+00,  5.1570e+00,  1.5289e-02, -3.5663e-03,
         1.1809e-02])
  solvent.log_k_solvent: -1.1703604459762573
  solvent.log_ss_half: -5.992974758148193
  solvent.log_n_exp: 0.1792597770690918
  solvent.phase_offset: -0.004599594045430422
  rigid-body d_min=6.00 (lbfgs, iters=30): Rwork=0.3304 Rfree=0.3165
Filtering: 17775/74654 reflections in range [inf - 3.705371416757112] Å (17721 valid after all masks)
Initialized ScalerBase with 10 bins.
Calculating initial scale factors using 10 bins.
Calculating initial scale factors using 10 bins.
Refining scales with LBFGS...
Scale refinement complete. rwork: 0.3667, rfree: 0.3756

Final Scale Parameters: 
  c_iso: tensor([ 0.0705,  1.2326, -1.4009, -0.5070, -0.6057,  0.1689])
  U: tensor([ 1.7382,  1.6677,  1.4354, -0.0076,  0.0668,  0.0368])
  solvent.log_k_solvent: -1.0761066675186157
  solvent.log_ss_half: -4.762688636779785
  solvent.log_n_exp: 0.5436250567436218
  solvent.phase_offset: 0.0024523253086954355
  rigid-body d_min=3.71 (lbfgs, iters=30): Rwork=0.3663 Rfree=0.3803
Filtering: 74622/74654 reflections in range [inf - 2.2882962226867676] Å (74316 valid after all masks)
Initialized ScalerBase with 10 bins.
Calculating initial scale factors using 10 bins.
Calculating initial scale factors using 10 bins.
Refining scales with LBFGS...
Scale refinement complete. rwork: 0.3998, rfree: 0.4019

Final Scale Parameters: 
  c_iso: tensor([ 0.4914,  2.0170,  0.1023,  0.2345, -0.1767,  0.1563])
  U: tensor([ 1.0597,  0.9943,  0.7927, -0.0103,  0.0610,  0.0435])
  solvent.log_k_solvent: -1.015002727508545
  solvent.log_ss_half: -4.382824897766113
  solvent.log_n_exp: 0.8861510753631592
  solvent.phase_offset: -0.004181955941021442
  rigid-body d_min=2.29 (lbfgs, iters=30): Rwork=0.4107 Rfree=0.4171
Initialized ScalerBase with 10 bins.
Calculating initial scale factors using 10 bins.
Calculating initial scale factors using 10 bins.
Refining scales with LBFGS...
Scale refinement complete. rwork: 0.3984, rfree: 0.4009

Final Scale Parameters: 
  c_iso: tensor([ 0.4910,  2.0083,  0.1063,  0.2297, -0.1744,  0.1547])
  U: tensor([ 1.0566,  0.9917,  0.7905, -0.0102,  0.0615,  0.0426])
  solvent.log_k_solvent: -1.013181209564209
  solvent.log_ss_half: -4.3828864097595215
  solvent.log_n_exp: 0.8894724249839783
  solvent.phase_offset: -0.015077141113579273
Initialized ScalerBase with 10 bins.
Calculating initial scale factors using 10 bins.
Calculating initial scale factors using 10 bins.
Refining scales with LBFGS...
Scale refinement complete. rwork: 0.3984, rfree: 0.4009

Final Scale Parameters: 
  c_iso: tensor([ 0.3596,  1.8025,  0.0776,  0.2176, -0.1685,  0.1519])
  U: tensor([ 0.9578,  0.8927,  0.6917, -0.0102,  0.0616,  0.0428])
  solvent.log_k_solvent: -0.9999772906303406
  solvent.log_ss_half: -4.330008029937744
  solvent.log_n_exp: 0.9528311491012573
  solvent.phase_offset: 0.01594906859099865

============================================================
LBFGS Refinement - Cycle 1/10
============================================================
Refining scales with LBFGS...
Scale refinement complete. rwork: 0.3984, rfree: 0.4008

Final Scale Parameters: 
  c_iso: tensor([ 0.4361,  1.9399,  0.0877,  0.2309, -0.1753,  0.1553])
  U: tensor([ 1.0190,  0.9538,  0.7529, -0.0103,  0.0616,  0.0428])
  solvent.log_k_solvent: -1.0099446773529053
  solvent.log_ss_half: -4.3608245849609375
  solvent.log_n_exp: 0.9187813401222229
  solvent.phase_offset: -0.01436594221740961
After scaling: Rwork=0.3984, Rfree=0.4008
  VDW rebuild: max drift 3.60 Å > threshold 1.00 Å

Building VDW (non-bonded) restraints...
  Symmetry expansion: 34 valid (symop, offset) combos
  Grid: [40, 14, 13], 4452/7280 cells occupied, max 333 entries/cell
  Built 628671 VDW restraints, 54313 symmetry contacts

────────────────────────────────────────────────────────────────────
  XYZ Refinement
────────────────────────────────────────────────────────────────────

  adp (weight: 0.0200)
  ────────────────────────────────────────────────────────────────
    Metric                       Before      After     Change
    locality                     6661.3     6661.3     0.0000
    scaler_U                    92441.6    92441.6     0.0000
    scaler_log_scale          2049395.1  2049395.1     0.0000
    sigd                        11357.3    11357.3     0.0000
    simu                        29173.4    29173.4     0.0000

  geometry (weight: 0.2000)
  ────────────────────────────────────────────────────────────────
    Metric                       Before      After     Change
    angle                      -72008.8   -76026.5    -4017.7
    bond                       -53882.7   -57795.9    -3913.3
    chiral                    -700.1110  -820.0858  -119.9748
    nonbonded                 -127353.6  -165060.1   -37706.5
    planarity                  -35827.0   -36669.1  -842.1445
    torsion                     21666.9    21675.9    +9.0293

  other (weight: 1.0000)
  ────────────────────────────────────────────────────────────────
    Metric                       Before      After     Change
    xray                       449407.8   445006.1    -4401.6

  Group Totals
  ────────────────────────────────────────────────────────────────
    Group                        Before      After     Change
    adp                         43780.6    43780.6     0.0000
    geometry                   -53621.1   -62939.2    -9318.1
    xray                       449407.8   445006.1    -4401.6
────────────────────────────────────────────────────────────────────
  VDW rebuild: max drift 3.60 Å > threshold 1.00 Å

Building VDW (non-bonded) restraints...
  Symmetry expansion: 34 valid (symop, offset) combos
  Grid: [40, 14, 13], 4452/7280 cells occupied, max 333 entries/cell
  Built 628671 VDW restraints, 54313 symmetry contacts

────────────────────────────────────────────────────────────────────
  ADP Refinement
────────────────────────────────────────────────────────────────────

  adp (weight: 0.0200)
  ────────────────────────────────────────────────────────────────
    Metric                       Before      After     Change
    locality                     6615.6    46031.5   +39415.9
    scaler_U                    92441.6    92441.6     0.0000
    scaler_log_scale          2049395.1  2049395.1     0.0000
    sigd                        11357.3    12293.0  +935.6865
    simu                        29173.4    48966.2   +19792.9

  geometry (weight: 0.2000)
  ────────────────────────────────────────────────────────────────
    Metric                       Before      After     Change
    angle                      -76026.5   -76026.5     0.0000
    bond                       -57795.9   -57795.9     0.0000
    chiral                    -820.0858  -820.0858     0.0000
    nonbonded                 -165060.1  -165060.1     0.0000
    planarity                  -36669.1   -36669.1     0.0000
    torsion                     21675.9    21675.9     0.0000

  other (weight: 1.0000)
  ────────────────────────────────────────────────────────────────
    Metric                       Before      After     Change
    xray                       445006.1   438846.3    -6159.8

  Group Totals
  ────────────────────────────────────────────────────────────────
    Group                        Before      After     Change
    adp                         43779.7    44982.6    +1202.9
    geometry                   -62939.2   -62939.2     0.0000
    xray                       445006.1   438846.3    -6159.8
────────────────────────────────────────────────────────────────────

============================================================
LBFGS Refinement - Cycle 2/10
============================================================
Refining scales with LBFGS...
Scale refinement complete. rwork: 0.3377, rfree: 0.3579

Final Scale Parameters: 
  c_iso: tensor([ 0.0600,  1.2688,  0.0032,  0.1363, -0.1380,  0.1327])
  U: tensor([ 0.7085,  0.6506,  0.4536, -0.0060,  0.0573,  0.0311])
  solvent.log_k_solvent: -0.9832241535186768
  solvent.log_ss_half: -4.2356791496276855
  solvent.log_n_exp: 0.9539681673049927
  solvent.phase_offset: 0.02055041864514351
After scaling: Rwork=0.3377, Rfree=0.3579
  VDW rebuild: max drift 3.35 Å > threshold 1.00 Å

Building VDW (non-bonded) restraints...
  Symmetry expansion: 34 valid (symop, offset) combos
  Grid: [40, 14, 13], 4452/7280 cells occupied, max 333 entries/cell
  Built 628671 VDW restraints, 54313 symmetry contacts

────────────────────────────────────────────────────────────────────
  XYZ Refinement
────────────────────────────────────────────────────────────────────

  adp (weight: 0.0200)
  ────────────────────────────────────────────────────────────────
    Metric                       Before      After     Change
    locality                    46031.5    46031.5     0.0000
    scaler_U                    40885.2    40885.2     0.0000
    scaler_log_scale           784400.2   784400.2     0.0000
    sigd                        12293.0    12293.0     0.0000
    simu                        48966.2    48966.2     0.0000

  geometry (weight: 0.2000)
  ────────────────────────────────────────────────────────────────
    Metric                       Before      After     Change
    angle                      -76026.5   -76605.0  -578.5156
    bond                       -57795.9   -57597.3  +198.6211
    chiral                    -820.0858  -817.4537    +2.6320
    nonbonded                 -165060.1  -165140.4   -80.2500
    planarity                  -36669.1   -36648.8   +20.3125
    torsion                     21675.9    21862.7  +186.7773

  other (weight: 1.0000)
  ────────────────────────────────────────────────────────────────
    Metric                       Before      After     Change
    xray                       439403.8   434382.9    -5020.8

  Group Totals
  ────────────────────────────────────────────────────────────────
    Group                        Before      After     Change
    adp                         18651.5    18651.5     0.0000
    geometry                   -62939.2   -62989.3   -50.0810
    xray                       439403.8   434382.9    -5020.8
────────────────────────────────────────────────────────────────────
  VDW rebuild: max drift 3.35 Å > threshold 1.00 Å

Building VDW (non-bonded) restraints...
  Symmetry expansion: 34 valid (symop, offset) combos
  Grid: [40, 14, 13], 4452/7280 cells occupied, max 333 entries/cell
  Built 628671 VDW restraints, 54313 symmetry contacts

────────────────────────────────────────────────────────────────────
  ADP Refinement
────────────────────────────────────────────────────────────────────

  adp (weight: 0.0200)
  ────────────────────────────────────────────────────────────────
    Metric                       Before      After     Change
    locality                    46029.3    60106.9   +14077.5
    scaler_U                    40885.2    40885.2     0.0000
    scaler_log_scale           784400.2   784400.2     0.0000
    sigd                        12293.0    12609.7  +316.6787
    simu                        48966.2    56218.4    +7252.2

  geometry (weight: 0.2000)
  ────────────────────────────────────────────────────────────────
    Metric                       Before      After     Change
    angle                      -76605.0   -76605.0     0.0000
    bond                       -57597.3   -57597.3     0.0000
    chiral                    -817.4537  -817.4537     0.0000
    nonbonded                 -165140.4  -165140.4     0.0000
    planarity                  -36648.8   -36648.8     0.0000
    torsion                     21862.7    21862.7     0.0000

  other (weight: 1.0000)
  ────────────────────────────────────────────────────────────────
    Metric                       Before      After     Change
    xray                       434382.9   433379.3    -1003.6

  Group Totals
  ────────────────────────────────────────────────────────────────
    Group                        Before      After     Change
    adp                         18651.5    19084.4  +432.9283
    geometry                   -62989.3   -62989.3     0.0000
    xray                       434382.9   433379.3    -1003.6
────────────────────────────────────────────────────────────────────

============================================================
LBFGS Refinement - Cycle 3/10
============================================================
Refining scales with LBFGS...
Scale refinement complete. rwork: 0.3045, rfree: 0.3387

Final Scale Parameters: 
  c_iso: tensor([ 0.0622,  1.2521, -0.0067,  0.1267, -0.1456,  0.1290])
  U: tensor([ 0.7057,  0.6473,  0.4498, -0.0061,  0.0578,  0.0291])
  solvent.log_k_solvent: -0.982625424861908
  solvent.log_ss_half: -4.233556747436523
  solvent.log_n_exp: 0.8608900308609009
  solvent.phase_offset: 0.025273429229855537
After scaling: Rwork=0.3045, Rfree=0.3387
  VDW rebuild: max drift 3.63 Å > threshold 1.00 Å

Building VDW (non-bonded) restraints...
  Symmetry expansion: 34 valid (symop, offset) combos
  Grid: [40, 14, 13], 4452/7280 cells occupied, max 333 entries/cell
  Built 628671 VDW restraints, 54313 symmetry contacts

────────────────────────────────────────────────────────────────────
  XYZ Refinement
────────────────────────────────────────────────────────────────────

  adp (weight: 0.0200)
  ────────────────────────────────────────────────────────────────
    Metric                       Before      After     Change
    locality                    60106.9    60106.9     0.0000
    scaler_U                    40440.7    40440.7     0.0000
    scaler_log_scale           756529.3   756529.3     0.0000
    sigd                        12609.7    12609.7     0.0000
    simu                        56218.4    56218.4     0.0000

  geometry (weight: 0.2000)
  ────────────────────────────────────────────────────────────────
    Metric                       Before      After     Change
    angle                      -76605.0   -77347.7  -742.7188
    bond                       -57597.3   -58320.8  -723.4648
    chiral                    -817.4537  -830.1400   -12.6863
    nonbonded                 -165140.4  -165901.7  -761.3594
    planarity                  -36648.8   -36945.1  -296.2695
    torsion                     21862.7    21816.6   -46.1113

  other (weight: 1.0000)
  ────────────────────────────────────────────────────────────────
    Metric                       Before      After     Change
    xray                       433384.3   431247.6    -2136.8

  Group Totals
  ────────────────────────────────────────────────────────────────
    Group                        Before      After     Change
    adp                         18518.1    18518.1     0.0000
    geometry                   -62989.3   -63505.8  -516.5241
    xray                       433384.3   431247.6    -2136.8
────────────────────────────────────────────────────────────────────
  VDW rebuild: max drift 3.63 Å > threshold 1.00 Å

Building VDW (non-bonded) restraints...
  Symmetry expansion: 34 valid (symop, offset) combos
  Grid: [40, 14, 13], 4452/7280 cells occupied, max 333 entries/cell
  Built 628671 VDW restraints, 54313 symmetry contacts

────────────────────────────────────────────────────────────────────
  ADP Refinement
────────────────────────────────────────────────────────────────────

  adp (weight: 0.0200)
  ────────────────────────────────────────────────────────────────
    Metric                       Before      After     Change
    locality                    60042.9    61065.0    +1022.1
    scaler_U                    40440.7    40440.7     0.0000
    scaler_log_scale           756529.3   756529.3     0.0000
    sigd                        12609.7    12577.2   -32.4375
    simu                        56218.4    57008.7  +790.2383

  geometry (weight: 0.2000)
  ────────────────────────────────────────────────────────────────
    Metric                       Before      After     Change
    angle                      -77347.7   -77347.7     0.0000
    bond                       -58320.8   -58320.8     0.0000
    chiral                    -830.1400  -830.1400     0.0000
    nonbonded                 -165901.7  -165901.7     0.0000
    planarity                  -36945.1   -36945.1     0.0000
    torsion                     21816.6    21816.6     0.0000

  other (weight: 1.0000)
  ────────────────────────────────────────────────────────────────
    Metric                       Before      After     Change
    xray                       431247.6   431105.0  -142.5312

  Group Totals
  ────────────────────────────────────────────────────────────────
    Group                        Before      After     Change
    adp                         18516.8    18552.4   +35.5972
    geometry                   -63505.8   -63505.8     0.0000
    xray                       431247.6   431105.0  -142.5312
────────────────────────────────────────────────────────────────────

============================================================
LBFGS Refinement - Cycle 4/10
============================================================
Refining scales with LBFGS...
Scale refinement complete. rwork: 0.2927, rfree: 0.3264

Final Scale Parameters: 
  c_iso: tensor([ 0.0758,  1.2191,  0.0144,  0.1119, -0.1394,  0.1238])
  U: tensor([ 0.7023,  0.6430,  0.4485, -0.0070,  0.0579,  0.0302])
  solvent.log_k_solvent: -0.9722628593444824
  solvent.log_ss_half: -4.2270283699035645
  solvent.log_n_exp: 0.7771651148796082
  solvent.phase_offset: 0.030344819650053978
After scaling: Rwork=0.2927, Rfree=0.3264
  VDW rebuild: max drift 3.62 Å > threshold 1.00 Å

Building VDW (non-bonded) restraints...
  Symmetry expansion: 34 valid (symop, offset) combos
  Grid: [40, 14, 13], 4452/7280 cells occupied, max 333 entries/cell
  Built 628671 VDW restraints, 54313 symmetry contacts

────────────────────────────────────────────────────────────────────
  XYZ Refinement
────────────────────────────────────────────────────────────────────

  adp (weight: 0.0200)
  ────────────────────────────────────────────────────────────────
    Metric                       Before      After     Change
    locality                    61065.0    61065.0     0.0000
    scaler_U                    40033.1    40033.1     0.0000
    scaler_log_scale           750116.2   750116.2     0.0000
    sigd                        12577.2    12577.2     0.0000
    simu                        57008.7    57008.7     0.0000

  geometry (weight: 0.2000)
  ────────────────────────────────────────────────────────────────
    Metric                       Before      After     Change
    angle                      -77347.7   -77441.3   -93.5625
    bond                       -58320.8   -58109.9  +210.9180
    chiral                    -830.1400  -831.5204    -1.3804
    nonbonded                 -165901.7  -165819.3   +82.4688
    planarity                  -36945.1   -36963.5   -18.3594
    torsion                     21816.6    21912.9   +96.2949

  other (weight: 1.0000)
  ────────────────────────────────────────────────────────────────
    Metric                       Before      After     Change
    xray                       431100.4   429266.9    -1833.5

  Group Totals
  ────────────────────────────────────────────────────────────────
    Group                        Before      After     Change
    adp                         18416.0    18416.0     0.0000
    geometry                   -63505.8   -63450.5   +55.2737
    xray                       431100.4   429266.9    -1833.5
────────────────────────────────────────────────────────────────────
  VDW rebuild: max drift 3.62 Å > threshold 1.00 Å

Building VDW (non-bonded) restraints...
  Symmetry expansion: 34 valid (symop, offset) combos
  Grid: [40, 14, 13], 4452/7280 cells occupied, max 333 entries/cell
  Built 628671 VDW restraints, 54313 symmetry contacts

────────────────────────────────────────────────────────────────────
  ADP Refinement
────────────────────────────────────────────────────────────────────

  adp (weight: 0.0200)
  ────────────────────────────────────────────────────────────────
    Metric                       Before      After     Change
    locality                    60930.3    60034.9  -895.3789
    scaler_U                    40033.1    40033.1     0.0000
    scaler_log_scale           750116.2   750116.2     0.0000
    sigd                        12577.2    12534.9   -42.3633
    simu                        57008.7    56434.5  -574.1289

  geometry (weight: 0.2000)
  ────────────────────────────────────────────────────────────────
    Metric                       Before      After     Change
    angle                      -77441.3   -77441.3     0.0000
    bond                       -58109.9   -58109.9     0.0000
    chiral                    -831.5204  -831.5204     0.0000
    nonbonded                 -165819.3  -165819.3     0.0000
    planarity                  -36963.5   -36963.5     0.0000
    torsion                     21912.9    21912.9     0.0000

  other (weight: 1.0000)
  ────────────────────────────────────────────────────────────────
    Metric                       Before      After     Change
    xray                       429266.9   429075.7  -191.2812

  Group Totals
  ────────────────────────────────────────────────────────────────
    Group                        Before      After     Change
    adp                         18413.3    18383.1   -30.2374
    geometry                   -63450.5   -63450.5     0.0000
    xray                       429266.9   429075.7  -191.2812
────────────────────────────────────────────────────────────────────

============================================================
LBFGS Refinement - Cycle 5/10
============================================================
Refining scales with LBFGS...
Scale refinement complete. rwork: 0.2827, rfree: 0.3171

Final Scale Parameters: 
  c_iso: tensor([ 0.0743,  1.2229,  0.0118,  0.1177, -0.1424,  0.1265])
  U: tensor([ 0.7010,  0.6410,  0.4474, -0.0073,  0.0578,  0.0308])
  solvent.log_k_solvent: -0.9737368822097778
  solvent.log_ss_half: -4.225793361663818
  solvent.log_n_exp: 0.7698768973350525
  solvent.phase_offset: 0.031072430312633514
After scaling: Rwork=0.2827, Rfree=0.3171
  VDW rebuild: max drift 3.81 Å > threshold 1.00 Å

Building VDW (non-bonded) restraints...
  Symmetry expansion: 34 valid (symop, offset) combos
  Grid: [40, 14, 13], 4452/7280 cells occupied, max 333 entries/cell
  Built 628671 VDW restraints, 54313 symmetry contacts

────────────────────────────────────────────────────────────────────
  XYZ Refinement
────────────────────────────────────────────────────────────────────

  adp (weight: 0.0200)
  ────────────────────────────────────────────────────────────────
    Metric                       Before      After     Change
    locality                    60034.9    60034.9     0.0000
    scaler_U                    39837.1    39837.1     0.0000
    scaler_log_scale           751517.0   751517.0     0.0000
    sigd                        12534.9    12534.9     0.0000
    simu                        56434.5    56434.5     0.0000

  geometry (weight: 0.2000)
  ────────────────────────────────────────────────────────────────
    Metric                       Before      After     Change
    angle                      -77441.3   -77554.7  -113.4375
    bond                       -58109.9   -58347.9  -238.0156
    chiral                    -831.5204  -831.8489    -0.3285
    nonbonded                 -165819.3  -165966.6  -147.2969
    planarity                  -36963.5   -37019.0   -55.5547
    torsion                     21912.9    21897.5   -15.4453

  other (weight: 1.0000)
  ────────────────────────────────────────────────────────────────
    Metric                       Before      After     Change
    xray                       429099.6   428047.8    -1051.7

  Group Totals
  ────────────────────────────────────────────────────────────────
    Group                        Before      After     Change
    adp                         18407.2    18407.2     0.0000
    geometry                   -63450.5   -63564.5  -114.0125
    xray                       429099.6   428047.8    -1051.7
────────────────────────────────────────────────────────────────────
  VDW rebuild: max drift 3.81 Å > threshold 1.00 Å

Building VDW (non-bonded) restraints...
  Symmetry expansion: 34 valid (symop, offset) combos
  Grid: [40, 14, 13], 4452/7280 cells occupied, max 333 entries/cell
  Built 628671 VDW restraints, 54313 symmetry contacts

────────────────────────────────────────────────────────────────────
  ADP Refinement
────────────────────────────────────────────────────────────────────

  adp (weight: 0.0200)
  ────────────────────────────────────────────────────────────────
    Metric                       Before      After     Change
    locality                    59913.0    59684.8  -228.2539
    scaler_U                    39837.1    39837.1     0.0000
    scaler_log_scale           751517.0   751517.0     0.0000
    sigd                        12534.9    12475.4   -59.4883
    simu                        56434.5    56765.4  +330.8945

  geometry (weight: 0.2000)
  ────────────────────────────────────────────────────────────────
    Metric                       Before      After     Change
    angle                      -77554.7   -77554.7     0.0000
    bond                       -58347.9   -58347.9     0.0000
    chiral                    -831.8489  -831.8489     0.0000
    nonbonded                 -165966.6  -165966.6     0.0000
    planarity                  -37019.0   -37019.0     0.0000
    torsion                     21897.5    21897.5     0.0000

  other (weight: 1.0000)
  ────────────────────────────────────────────────────────────────
    Metric                       Before      After     Change
    xray                       428047.8   427917.4  -130.4062

  Group Totals
  ────────────────────────────────────────────────────────────────
    Group                        Before      After     Change
    adp                         18404.7    18405.6    +0.8630
    geometry                   -63564.5   -63564.5     0.0000
    xray                       428047.8   427917.4  -130.4062
────────────────────────────────────────────────────────────────────

============================================================
LBFGS Refinement - Cycle 6/10
============================================================
Refining scales with LBFGS...
Scale refinement complete. rwork: 0.2771, rfree: 0.3125

Final Scale Parameters: 
  c_iso: tensor([ 0.0757,  1.2247,  0.0147,  0.1179, -0.1417,  0.1256])
  U: tensor([ 0.7002,  0.6397,  0.4465, -0.0077,  0.0583,  0.0316])
  solvent.log_k_solvent: -0.9765670299530029
  solvent.log_ss_half: -4.218122482299805
  solvent.log_n_exp: 0.7657260298728943
  solvent.phase_offset: 0.03298049792647362
After scaling: Rwork=0.2771, Rfree=0.3125
  VDW rebuild: max drift 3.81 Å > threshold 1.00 Å

Building VDW (non-bonded) restraints...
  Symmetry expansion: 34 valid (symop, offset) combos
  Grid: [40, 14, 13], 4452/7280 cells occupied, max 333 entries/cell
  Built 628671 VDW restraints, 54313 symmetry contacts

────────────────────────────────────────────────────────────────────
  XYZ Refinement
────────────────────────────────────────────────────────────────────

  adp (weight: 0.0200)
  ────────────────────────────────────────────────────────────────
    Metric                       Before      After     Change
    locality                    59684.8    59684.8     0.0000
    scaler_U                    39702.9    39702.9     0.0000
    scaler_log_scale           758341.4   758341.4     0.0000
    sigd                        12475.4    12475.4     0.0000
    simu                        56765.4    56765.4     0.0000

  geometry (weight: 0.2000)
  ────────────────────────────────────────────────────────────────
    Metric                       Before      After     Change
    angle                      -77554.7   -77767.1  -212.4062
    bond                       -58347.9   -58379.7   -31.8203
    chiral                    -831.8489  -832.1933    -0.3444
    nonbonded                 -165966.6  -165886.9   +79.6875
    planarity                  -37019.0   -37031.4   -12.3828
    torsion                     21897.5    21962.4   +64.9668

  other (weight: 1.0000)
  ────────────────────────────────────────────────────────────────
    Metric                       Before      After     Change
    xray                       427918.1   427175.9  -742.1562

  Group Totals
  ────────────────────────────────────────────────────────────────
    Group                        Before      After     Change
    adp                         18539.4    18539.4     0.0000
    geometry                   -63564.5   -63587.0   -22.4605
    xray                       427918.1   427175.9  -742.1562
────────────────────────────────────────────────────────────────────
  VDW rebuild: max drift 3.81 Å > threshold 1.00 Å

Building VDW (non-bonded) restraints...
  Symmetry expansion: 34 valid (symop, offset) combos
  Grid: [40, 14, 13], 4452/7280 cells occupied, max 333 entries/cell
  Built 628671 VDW restraints, 54313 symmetry contacts

────────────────────────────────────────────────────────────────────
  ADP Refinement
────────────────────────────────────────────────────────────────────

  adp (weight: 0.0200)
  ────────────────────────────────────────────────────────────────
    Metric                       Before      After     Change
    locality                    59563.2    59299.5  -263.7734
    scaler_U                    39702.9    39702.9     0.0000
    scaler_log_scale           758341.4   758341.4     0.0000
    sigd                        12475.4    12444.3   -31.0986
    simu                        56765.4    56980.7  +215.2461

  geometry (weight: 0.2000)
  ────────────────────────────────────────────────────────────────
    Metric                       Before      After     Change
    angle                      -77767.1   -77767.1     0.0000
    bond                       -58379.7   -58379.7     0.0000
    chiral                    -832.1933  -832.1933     0.0000
    nonbonded                 -165886.9  -165886.9     0.0000
    planarity                  -37031.4   -37031.4     0.0000
    torsion                     21962.4    21962.4     0.0000

  other (weight: 1.0000)
  ────────────────────────────────────────────────────────────────
    Metric                       Before      After     Change
    xray                       427175.9   427075.0  -100.9062

  Group Totals
  ────────────────────────────────────────────────────────────────
    Group                        Before      After     Change
    adp                         18537.0    18535.4    -1.5925
    geometry                   -63587.0   -63587.0     0.0000
    xray                       427175.9   427075.0  -100.9062
────────────────────────────────────────────────────────────────────

============================================================
LBFGS Refinement - Cycle 7/10
============================================================
Refining scales with LBFGS...
Scale refinement complete. rwork: 0.2735, rfree: 0.3094

Final Scale Parameters: 
  c_iso: tensor([ 0.0761,  1.2262,  0.0151,  0.1192, -0.1427,  0.1249])
  U: tensor([ 0.7001,  0.6389,  0.4452, -0.0076,  0.0586,  0.0319])
  solvent.log_k_solvent: -0.9766420125961304
  solvent.log_ss_half: -4.213827610015869
  solvent.log_n_exp: 0.7632179260253906
  solvent.phase_offset: 0.03463267162442207
After scaling: Rwork=0.2735, Rfree=0.3094
  VDW rebuild: max drift 4.01 Å > threshold 1.00 Å

Building VDW (non-bonded) restraints...
  Symmetry expansion: 34 valid (symop, offset) combos
  Grid: [40, 14, 13], 4452/7280 cells occupied, max 333 entries/cell
  Built 628671 VDW restraints, 54313 symmetry contacts

────────────────────────────────────────────────────────────────────
  XYZ Refinement
────────────────────────────────────────────────────────────────────

  adp (weight: 0.0200)
  ────────────────────────────────────────────────────────────────
    Metric                       Before      After     Change
    locality                    59299.5    59299.5     0.0000
    scaler_U                    39610.6    39610.6     0.0000
    scaler_log_scale           762174.8   762174.8     0.0000
    sigd                        12444.3    12444.3     0.0000
    simu                        56980.7    56980.7     0.0000

  geometry (weight: 0.2000)
  ────────────────────────────────────────────────────────────────
    Metric                       Before      After     Change
    angle                      -77767.1   -77381.3  +385.8750
    bond                       -58379.7   -58176.5  +203.1953
    chiral                    -832.1933  -830.4360    +1.7573
    nonbonded                 -165886.9  -165936.2   -49.3750
    planarity                  -37031.4   -37001.7   +29.6523
    torsion                     21962.4    21971.2    +8.8066

  other (weight: 1.0000)
  ────────────────────────────────────────────────────────────────
    Metric                       Before      After     Change
    xray                       427073.5   426195.0  -878.5000

  Group Totals
  ────────────────────────────────────────────────────────────────
    Group                        Before      After     Change
    adp                         18610.2    18610.2     0.0000
    geometry                   -63587.0   -63471.0  +115.9828
    xray                       427073.5   426195.0  -878.5000
────────────────────────────────────────────────────────────────────
  VDW rebuild: max drift 4.01 Å > threshold 1.00 Å

Building VDW (non-bonded) restraints...
  Symmetry expansion: 34 valid (symop, offset) combos
  Grid: [40, 14, 13], 4452/7280 cells occupied, max 333 entries/cell
  Built 628671 VDW restraints, 54313 symmetry contacts

────────────────────────────────────────────────────────────────────
  ADP Refinement
────────────────────────────────────────────────────────────────────

  adp (weight: 0.0200)
  ────────────────────────────────────────────────────────────────
    Metric                       Before      After     Change
    locality                    59152.3    58546.8  -605.4844
    scaler_U                    39610.6    39610.6     0.0000
    scaler_log_scale           762174.8   762174.8     0.0000
    sigd                        12444.3    12381.7   -62.6348
    simu                        56980.7    57473.2  +492.4961

  geometry (weight: 0.2000)
  ────────────────────────────────────────────────────────────────
    Metric                       Before      After     Change
    angle                      -77381.3   -77381.3     0.0000
    bond                       -58176.5   -58176.5     0.0000
    chiral                    -830.4360  -830.4360     0.0000
    nonbonded                 -165936.2  -165936.2     0.0000
    planarity                  -37001.7   -37001.7     0.0000
    torsion                     21971.2    21971.2     0.0000

  other (weight: 1.0000)
  ────────────────────────────────────────────────────────────────
    Metric                       Before      After     Change
    xray                       426195.0   426093.9  -101.1250

  Group Totals
  ────────────────────────────────────────────────────────────────
    Group                        Before      After     Change
    adp                         18607.3    18603.7    -3.5126
    geometry                   -63471.0   -63471.0     0.0000
    xray                       426195.0   426093.9  -101.1250
────────────────────────────────────────────────────────────────────

============================================================
LBFGS Refinement - Cycle 8/10
============================================================
Refining scales with LBFGS...
Scale refinement complete. rwork: 0.2695, rfree: 0.3063

Final Scale Parameters: 
  c_iso: tensor([ 0.0727,  1.2295,  0.0116,  0.1218, -0.1456,  0.1249])
  U: tensor([ 0.6983,  0.6357,  0.4419, -0.0078,  0.0589,  0.0328])
  solvent.log_k_solvent: -0.9772195219993591
  solvent.log_ss_half: -4.2122931480407715
  solvent.log_n_exp: 0.7484450936317444
  solvent.phase_offset: 0.03361432999372482
After scaling: Rwork=0.2695, Rfree=0.3063
  VDW rebuild: max drift 4.02 Å > threshold 1.00 Å

Building VDW (non-bonded) restraints...
  Symmetry expansion: 34 valid (symop, offset) combos
  Grid: [40, 14, 13], 4452/7280 cells occupied, max 333 entries/cell
  Built 628671 VDW restraints, 54313 symmetry contacts

────────────────────────────────────────────────────────────────────
  XYZ Refinement
────────────────────────────────────────────────────────────────────

  adp (weight: 0.0200)
  ────────────────────────────────────────────────────────────────
    Metric                       Before      After     Change
    locality                    58546.8    58546.8     0.0000
    scaler_U                    39242.6    39242.6     0.0000
    scaler_log_scale           762730.2   762730.2     0.0000
    sigd                        12381.7    12381.7     0.0000
    simu                        57473.2    57473.2     0.0000

  geometry (weight: 0.2000)
  ────────────────────────────────────────────────────────────────
    Metric                       Before      After     Change
    angle                      -77381.3   -77708.3  -327.0469
    bond                       -58176.5   -58385.4  -208.8906
    chiral                    -830.4360  -831.4911    -1.0552
    nonbonded                 -165936.2  -165877.0   +59.2031
    planarity                  -37001.7   -37040.8   -39.0859
    torsion                     21971.2    22013.7   +42.4980

  other (weight: 1.0000)
  ────────────────────────────────────────────────────────────────
    Metric                       Before      After     Change
    xray                       426107.6   425663.5  -444.0938

  Group Totals
  ────────────────────────────────────────────────────────────────
    Group                        Before      After     Change
    adp                         18607.5    18607.5     0.0000
    geometry                   -63471.0   -63565.9   -94.8761
    xray                       426107.6   425663.5  -444.0938
────────────────────────────────────────────────────────────────────
  VDW rebuild: max drift 4.02 Å > threshold 1.00 Å

Building VDW (non-bonded) restraints...
  Symmetry expansion: 34 valid (symop, offset) combos
  Grid: [40, 14, 13], 4452/7280 cells occupied, max 333 entries/cell
  Built 628671 VDW restraints, 54313 symmetry contacts

────────────────────────────────────────────────────────────────────
  ADP Refinement
────────────────────────────────────────────────────────────────────

  adp (weight: 0.0200)
  ────────────────────────────────────────────────────────────────
    Metric                       Before      After     Change
    locality                    58490.9    58345.5  -145.3086
    scaler_U                    39242.6    39242.6     0.0000
    scaler_log_scale           762730.2   762730.2     0.0000
    sigd                        12381.7    12363.5   -18.1348
    simu                        57473.2    57805.5  +332.3438

  geometry (weight: 0.2000)
  ────────────────────────────────────────────────────────────────
    Metric                       Before      After     Change
    angle                      -77708.3   -77708.3     0.0000
    bond                       -58385.4   -58385.4     0.0000
    chiral                    -831.4911  -831.4911     0.0000
    nonbonded                 -165877.0  -165877.0     0.0000
    planarity                  -37040.8   -37040.8     0.0000
    torsion                     22013.7    22013.7     0.0000

  other (weight: 1.0000)
  ────────────────────────────────────────────────────────────────
    Metric                       Before      After     Change
    xray                       425663.5   425595.6   -67.8750

  Group Totals
  ────────────────────────────────────────────────────────────────
    Group                        Before      After     Change
    adp                         18606.4    18609.7    +3.3779
    geometry                   -63565.9   -63565.9     0.0000
    xray                       425663.5   425595.6   -67.8750
────────────────────────────────────────────────────────────────────

============================================================
LBFGS Refinement - Cycle 9/10
============================================================
Refining scales with LBFGS...
Scale refinement complete. rwork: 0.2676, rfree: 0.3052

Final Scale Parameters: 
  c_iso: tensor([ 0.0711,  1.2335,  0.0097,  0.1243, -0.1470,  0.1251])
  U: tensor([ 0.6971,  0.6336,  0.4394, -0.0079,  0.0592,  0.0335])
  solvent.log_k_solvent: -0.9792843461036682
  solvent.log_ss_half: -4.210616111755371
  solvent.log_n_exp: 0.7433567047119141
  solvent.phase_offset: 0.03276641294360161
After scaling: Rwork=0.2676, Rfree=0.3052
  VDW rebuild: max drift 4.20 Å > threshold 1.00 Å

Building VDW (non-bonded) restraints...
  Symmetry expansion: 34 valid (symop, offset) combos
  Grid: [40, 14, 13], 4452/7280 cells occupied, max 333 entries/cell
  Built 628671 VDW restraints, 54313 symmetry contacts

────────────────────────────────────────────────────────────────────
  XYZ Refinement
────────────────────────────────────────────────────────────────────

  adp (weight: 0.0200)
  ────────────────────────────────────────────────────────────────
    Metric                       Before      After     Change
    locality                    58345.5    58345.5     0.0000
    scaler_U                    38987.6    38987.6     0.0000
    scaler_log_scale           765398.0   765398.0     0.0000
    sigd                        12363.5    12363.5     0.0000
    simu                        57805.5    57805.5     0.0000

  geometry (weight: 0.2000)
  ────────────────────────────────────────────────────────────────
    Metric                       Before      After     Change
    angle                      -77708.3   -77528.0  +180.3359
    bond                       -58385.4   -58288.7   +96.7227
    chiral                    -831.4911  -830.9972    +0.4940
    nonbonded                 -165877.0  -165925.4   -48.3594
    planarity                  -37040.8   -37051.9   -11.0430
    torsion                     22013.7    22013.5    -0.2734

  other (weight: 1.0000)
  ────────────────────────────────────────────────────────────────
    Metric                       Before      After     Change
    xray                       425602.9   425059.8  -543.1875

  Group Totals
  ────────────────────────────────────────────────────────────────
    Group                        Before      After     Change
    adp                         18658.0    18658.0     0.0000
    geometry                   -63565.9   -63522.3   +43.5749
    xray                       425602.9   425059.8  -543.1875
────────────────────────────────────────────────────────────────────
  VDW rebuild: max drift 4.20 Å > threshold 1.00 Å

Building VDW (non-bonded) restraints...
  Symmetry expansion: 34 valid (symop, offset) combos
  Grid: [40, 14, 13], 4452/7280 cells occupied, max 333 entries/cell
  Built 628671 VDW restraints, 54313 symmetry contacts

────────────────────────────────────────────────────────────────────
  ADP Refinement
────────────────────────────────────────────────────────────────────

  adp (weight: 0.0200)
  ────────────────────────────────────────────────────────────────
    Metric                       Before      After     Change
    locality                    58270.0    57529.2  -740.7031
    scaler_U                    38987.6    38987.6     0.0000
    scaler_log_scale           765398.0   765398.0     0.0000
    sigd                        12363.5    12320.8   -42.7188
    simu                        57805.5    58043.2  +237.6367

  geometry (weight: 0.2000)
  ────────────────────────────────────────────────────────────────
    Metric                       Before      After     Change
    angle                      -77528.0   -77528.0     0.0000
    bond                       -58288.7   -58288.7     0.0000
    chiral                    -830.9972  -830.9972     0.0000
    nonbonded                 -165925.4  -165925.4     0.0000
    planarity                  -37051.9   -37051.9     0.0000
    torsion                     22013.5    22013.5     0.0000

  other (weight: 1.0000)
  ────────────────────────────────────────────────────────────────
    Metric                       Before      After     Change
    xray                       425059.8   425031.1   -28.6562

  Group Totals
  ────────────────────────────────────────────────────────────────
    Group                        Before      After     Change
    adp                         18656.5    18645.6   -10.9157
    geometry                   -63522.3   -63522.3     0.0000
    xray                       425059.8   425031.1   -28.6562
────────────────────────────────────────────────────────────────────

============================================================
LBFGS Refinement - Cycle 10/10
============================================================
Refining scales with LBFGS...
Scale refinement complete. rwork: 0.2652, rfree: 0.3044

Final Scale Parameters: 
  c_iso: tensor([ 0.0697,  1.2364,  0.0078,  0.1265, -0.1487,  0.1257])
  U: tensor([ 0.6955,  0.6319,  0.4375, -0.0081,  0.0593,  0.0331])
  solvent.log_k_solvent: -0.979758083820343
  solvent.log_ss_half: -4.208265781402588
  solvent.log_n_exp: 0.7375984787940979
  solvent.phase_offset: 0.03269416093826294
After scaling: Rwork=0.2652, Rfree=0.3044
  VDW rebuild: max drift 4.23 Å > threshold 1.00 Å

Building VDW (non-bonded) restraints...
  Symmetry expansion: 34 valid (symop, offset) combos
  Grid: [40, 14, 13], 4452/7280 cells occupied, max 333 entries/cell
  Built 628671 VDW restraints, 54313 symmetry contacts

────────────────────────────────────────────────────────────────────
  XYZ Refinement
────────────────────────────────────────────────────────────────────

  adp (weight: 0.0200)
  ────────────────────────────────────────────────────────────────
    Metric                       Before      After     Change
    locality                    57529.2    57529.2     0.0000
    scaler_U                    38758.2    38758.2     0.0000
    scaler_log_scale           766915.4   766915.4     0.0000
    sigd                        12320.8    12320.8     0.0000
    simu                        58043.2    58043.2     0.0000

  geometry (weight: 0.2000)
  ────────────────────────────────────────────────────────────────
    Metric                       Before      After     Change
    angle                      -77528.0   -77621.1   -93.1016
    bond                       -58288.7   -58358.3   -69.6055
    chiral                    -830.9972  -830.7559    +0.2413
    nonbonded                 -165925.4  -165871.8   +53.6250
    planarity                  -37051.9   -37038.7   +13.1562
    torsion                     22013.5    22049.1   +35.6289

  other (weight: 1.0000)
  ────────────────────────────────────────────────────────────────
    Metric                       Before      After     Change
    xray                       425047.6   424773.8  -273.8125

  Group Totals
  ────────────────────────────────────────────────────────────────
    Group                        Before      After     Change
    adp                         18671.3    18671.3     0.0000
    geometry                   -63522.3   -63534.3   -12.0093
    xray                       425047.6   424773.8  -273.8125
────────────────────────────────────────────────────────────────────
  VDW rebuild: max drift 4.23 Å > threshold 1.00 Å

Building VDW (non-bonded) restraints...
  Symmetry expansion: 34 valid (symop, offset) combos
  Grid: [40, 14, 13], 4452/7280 cells occupied, max 333 entries/cell
  Built 628671 VDW restraints, 54313 symmetry contacts

────────────────────────────────────────────────────────────────────
  ADP Refinement
────────────────────────────────────────────────────────────────────

  adp (weight: 0.0200)
  ────────────────────────────────────────────────────────────────
    Metric                       Before      After     Change
    locality                    57483.8    56626.4  -857.3789
    scaler_U                    38758.2    38758.2     0.0000
    scaler_log_scale           766915.4   766915.4     0.0000
    sigd                        12320.8    12290.8   -30.0352
    simu                        58043.2    57916.3  -126.8672

  geometry (weight: 0.2000)
  ────────────────────────────────────────────────────────────────
    Metric                       Before      After     Change
    angle                      -77621.1   -77621.1     0.0000
    bond                       -58358.3   -58358.3     0.0000
    chiral                    -830.7559  -830.7559     0.0000
    nonbonded                 -165871.8  -165871.8     0.0000
    planarity                  -37038.7   -37038.7     0.0000
    torsion                     22049.1    22049.1     0.0000

  other (weight: 1.0000)
  ────────────────────────────────────────────────────────────────
    Metric                       Before      After     Change
    xray                       424773.8   424754.0   -19.8125

  Group Totals
  ────────────────────────────────────────────────────────────────
    Group                        Before      After     Change
    adp                         18670.4    18650.1   -20.2856
    geometry                   -63534.3   -63534.3     0.0000
    xray                       424773.8   424754.0   -19.8125
────────────────────────────────────────────────────────────────────
Calculating initial scale factors using 10 bins.
Refining scales with LBFGS...
Scale refinement complete. rwork: 0.2639, rfree: 0.3031

Final Scale Parameters: 
  c_iso: tensor([ 0.0735,  1.2507,  0.0057,  0.1307, -0.1512,  0.1269])
  U: tensor([ 0.6989,  0.6350,  0.4402, -0.0082,  0.0596,  0.0330])
  solvent.log_k_solvent: -0.9807928204536438
  solvent.log_ss_half: -4.210616588592529
  solvent.log_n_exp: 0.7382684350013733
  solvent.phase_offset: 0.03108815848827362

Refinement completed successfully.

Saving results to /das/work/units/LBR-FEL/p17490/Peter/Library/work_trees_torchref/alignement/alignment_lab/benchmarks/af_mr/runs/dmin4.0/2I7H/refine_phaser_mr...
  Refined structure (PDB): /das/work/units/LBR-FEL/p17490/Peter/Library/work_trees_torchref/alignement/alignment_lab/benchmarks/af_mr/runs/dmin4.0/2I7H/refine_phaser_mr/refined.pdb
  Refined structure (mmCIF): /das/work/units/LBR-FEL/p17490/Peter/Library/work_trees_torchref/alignement/alignment_lab/benchmarks/af_mr/runs/dmin4.0/2I7H/refine_phaser_mr/refined.cif
Added map coefficients:
  2Fo-Fc: FWT, PHWT
  Fo-Fc: DELFWT, PHDELWT
  Resolution range: 2.29 - 118.23 Å
✓ Wrote MTZ file: /das/work/units/LBR-FEL/p17490/Peter/Library/work_trees_torchref/alignement/alignment_lab/benchmarks/af_mr/runs/dmin4.0/2I7H/refine_phaser_mr/refined.mtz
  Reflections: 74654
  Columns: H, K, L, F-obs, SIGF-obs, R-free-flags, FWT, PHWT, DELFWT, PHDELWT, F-model, PH-model
  Refined structure factors: /das/work/units/LBR-FEL/p17490/Peter/Library/work_trees_torchref/alignement/alignment_lab/benchmarks/af_mr/runs/dmin4.0/2I7H/refine_phaser_mr/refined.mtz
  Refinement history: /das/work/units/LBR-FEL/p17490/Peter/Library/work_trees_torchref/alignement/alignment_lab/benchmarks/af_mr/runs/dmin4.0/2I7H/refine_phaser_mr/refinement_history.json

================================================================================
Refinement Summary
================================================================================
R-work:  0.2639 (72844 reflections)
R-free:  0.3031 (1472 reflections)
NLL work: 424749.06
NLL test: 8785.89
================================================================================

Output files:
  - /das/work/units/LBR-FEL/p17490/Peter/Library/work_trees_torchref/alignement/alignment_lab/benchmarks/af_mr/runs/dmin4.0/2I7H/refine_phaser_mr/refined.pdb
  - /das/work/units/LBR-FEL/p17490/Peter/Library/work_trees_torchref/alignement/alignment_lab/benchmarks/af_mr/runs/dmin4.0/2I7H/refine_phaser_mr/refined.cif
  - /das/work/units/LBR-FEL/p17490/Peter/Library/work_trees_torchref/alignement/alignment_lab/benchmarks/af_mr/runs/dmin4.0/2I7H/refine_phaser_mr/refined.mtz
  - /das/work/units/LBR-FEL/p17490/Peter/Library/work_trees_torchref/alignement/alignment_lab/benchmarks/af_mr/runs/dmin4.0/2I7H/refine_phaser_mr/refinement_history.json

Refinement completed successfully!

Timing: 191.4s wall, 764.6s CPU
