/das/work/units/LBR-FEL/p17490/Peter/Library/work_trees_torchref/alignement/torchref/cli/refine.py:21: UserWarning: TorchRef using user-specified 8 threads from TORCHREF_NUM_THREADS.
  from torchref.cli._common import (
================================================================================
TorchRef LBFGS Refinement
================================================================================
Model:             /das/work/units/LBR-FEL/p17490/Peter/Library/work_trees_torchref/dev/paper/figure2_alphafold_start/placed/1RHC_af.pdb
Structure factor:  /das/work/units/LBR-FEL/p17490/Peter/Library/work_trees_torchref/dev/paper/data/1RHC/1RHC.mtz
Output directory:  /das/work/units/LBR-FEL/p17490/Peter/Library/work_trees_torchref/alignement/alignment_lab/benchmarks/af_mr/runs/dmin3.0/1RHC/refine_phaser_mr
Refinement mode:   separate
X-ray target:      ml
Refinement cycles: 10
Rigid-body step:   on (iterations/cutoff = 30)
Device:            auto
ADP mode:          isotropic
Wavelength:        1 A
Manual weights:    {"adp": 0.02}
================================================================================

Initializing refinement...
found non-finite F values (NaN/Inf):  0
found non-finite F_sigma values (NaN/Inf):  0
Wilson outlier rejection: 1/34616 (0.0029%) of tested reflections flagged (1 too strong, 0 too weak)
Loaded 2610 atoms
Building restraints...
Found 109 link definitions

Building VDW (non-bonded) restraints...
  Symmetry expansion: 22 valid (symop, offset) combos
  Grid: [14, 26, 10], 2108/3640 cells occupied, max 105 entries/cell
  Built 48383 VDW restraints, 4126 symmetry contacts
  Hydrogen topology: 2527 riding H atoms
  H candidate pairs: 115739 (28921 H-H, 86818 H-heavy, 8888 symmetry)
================================================================================
Restraints Summary
================================================================================
CIF file: None
Residue types in dictionary: 20

INTRA-RESIDUE RESTRAINTS:
--------------------------------------------------------------------------------
  Bonds: 2354
  Angles: 2635
  Torsions: 675
  Planes: 515
  Chirals: 386

INTER-RESIDUE RESTRAINTS:
--------------------------------------------------------------------------------
  Peptide bonds: 329
  Peptide angles: 1007
  Disulfide bonds: 0
  Disulfide angles: 0
  Disulfide torsions: 0
  LINK bonds: 0

BACKBONE TORSIONS:
--------------------------------------------------------------------------------
  Phi: 329
  Psi: 329
  Omega: 329
  Ramachandran: 328

VDW RESTRAINTS:
--------------------------------------------------------------------------------
  Non-bonded contacts: 48383 (44257 intra-ASU, 4126 symmetry)
================================================================================
Generated 2527 hydrogens
ADP representation: isotropic, 5137 parameters, 7.3 work reflections each
Initialized ScalerBase with 10 bins.
Building restraints...

Building VDW (non-bonded) restraints...
  Symmetry expansion: 22 valid (symop, offset) combos
  Grid: [14, 26, 10], 2276/3640 cells occupied, max 160 entries/cell
  Built 198532 VDW restraints, 18216 symmetry contacts
================================================================================
Restraints Summary
================================================================================
CIF file: None
Residue types in dictionary: 20

INTRA-RESIDUE RESTRAINTS:
--------------------------------------------------------------------------------
  Bonds: 4881
  Angles: 8083
  Torsions: 974
  Planes: 865
  Chirals: 386

INTER-RESIDUE RESTRAINTS:
--------------------------------------------------------------------------------
  Peptide bonds: 329
  Peptide angles: 1316
  Disulfide bonds: 0
  Disulfide angles: 0
  Disulfide torsions: 0
  LINK bonds: 0

BACKBONE TORSIONS:
--------------------------------------------------------------------------------
  Phi: 329
  Psi: 329
  Omega: 329
  Ramachandran: 328

VDW RESTRAINTS:
--------------------------------------------------------------------------------
  Non-bonded contacts: 198532 (180316 intra-ASU, 18216 symmetry)
================================================================================
Initializing TotalGeometryTarget with component targets...
Initializing TotalADPTarget with component targets: simu, locality, sigd
Parametrization built for 5 unique atom types
SfFFT: Using late symmetry (reciprocal space)
Calculating initial scale factors using 10 bins.
Refining scales with LBFGS...
Scale refinement complete. rwork: 0.4028, rfree: 0.4051

Final Scale Parameters: 
  c_iso: tensor([ 0.3426,  1.2314,  0.3852, -0.0289,  0.0373, -0.0105])
  U: tensor([ 0.3728,  0.3515,  0.4635, -0.0091, -0.0139, -0.0341])
  solvent.log_k_solvent: -0.9710832238197327
  solvent.log_ss_half: -3.926826000213623
  solvent.log_n_exp: 1.3278199434280396
  solvent.phase_offset: 0.001651140977628529
Initialized targets with xray_mode='ml'
Applied manual group weights: {'xray': 1.0, 'geometry': 0.2, 'geometry/ramachandran': 0.0, 'adp': 0.02, 'adp/sigd': 1.0, 'adp/node_load': 10.0, 'adp/node_smoothness': 0.0}
Refinement initialized successfully.

Starting refinement with 10 macro cycles...

Rigid-body step enabled: one multi-resolution rigid-body pass will run once at the start of refinement.


--- Rigid-body step (once, at start) ---
Switched to rigid-body parametrization: RigidXYZTensor(n_atoms=5137, n_chains=1) (1 chain(s))
Filtering: 1032/38136 reflections in range [inf - 6.0] Å (1032 valid after all masks)
Initialized ScalerBase with 10 bins.
Calculating initial scale factors using 10 bins.
Calculating initial scale factors using 10 bins.
Refining scales with LBFGS...
Scale refinement complete. rwork: 0.2646, rfree: 0.3844

Final Scale Parameters: 
  c_iso: tensor([-0.4335, -0.1360, -0.4339,  0.2106,  0.3586,  0.2491])
  U: tensor([ 0.8995,  1.0598,  1.0932,  0.0776,  0.0729, -0.2983])
  solvent.log_k_solvent: -1.0759880542755127
  solvent.log_ss_half: -4.797773838043213
  solvent.log_n_exp: 1.2064000368118286
  solvent.phase_offset: 0.04094022512435913
  rigid-body d_min=6.00 (lbfgs, iters=30): Rwork=0.2636 Rfree=0.3724
Filtering: 6346/38136 reflections in range [inf - 3.284396379657126] Å (6346 valid after all masks)
Initialized ScalerBase with 10 bins.
Calculating initial scale factors using 10 bins.
Calculating initial scale factors using 10 bins.
Refining scales with LBFGS...
Scale refinement complete. rwork: 0.3256, rfree: 0.3389

Final Scale Parameters: 
  c_iso: tensor([-0.1833,  0.2749, -0.3987, -0.1897,  0.0895,  0.1256])
  U: tensor([ 0.5388,  0.5381,  0.6843, -0.0119, -0.0307, -0.0741])
  solvent.log_k_solvent: -1.0226929187774658
  solvent.log_ss_half: -4.056478023529053
  solvent.log_n_exp: 1.0327895879745483
  solvent.phase_offset: 0.01801668293774128
  rigid-body d_min=3.28 (lbfgs, iters=30): Rwork=0.3280 Rfree=0.3449
Filtering: 38136/38136 reflections in range [inf - 1.7978765964508057] Å (38135 valid after all masks)
Initialized ScalerBase with 10 bins.
Calculating initial scale factors using 10 bins.
Calculating initial scale factors using 10 bins.
Refining scales with LBFGS...
Scale refinement complete. rwork: 0.4034, rfree: 0.4048

Final Scale Parameters: 
  c_iso: tensor([ 0.3150,  1.1980,  0.3791, -0.0290,  0.0383, -0.0108])
  U: tensor([ 0.3627,  0.3406,  0.4504, -0.0098, -0.0138, -0.0331])
  solvent.log_k_solvent: -0.9754523038864136
  solvent.log_ss_half: -3.9097962379455566
  solvent.log_n_exp: 1.370017409324646
  solvent.phase_offset: -0.014861886389553547
  rigid-body d_min=1.80 (lbfgs, iters=30): Rwork=0.4062 Rfree=0.4088
Initialized ScalerBase with 10 bins.
Calculating initial scale factors using 10 bins.
Calculating initial scale factors using 10 bins.
Refining scales with LBFGS...
Scale refinement complete. rwork: 0.4026, rfree: 0.4056

Final Scale Parameters: 
  c_iso: tensor([ 0.3570,  1.2494,  0.3889, -0.0287,  0.0373, -0.0099])
  U: tensor([ 0.3787,  0.3573,  0.4696, -0.0093, -0.0138, -0.0343])
  solvent.log_k_solvent: -0.9710090160369873
  solvent.log_ss_half: -3.930082082748413
  solvent.log_n_exp: 1.314409613609314
  solvent.phase_offset: 0.008701937273144722
Initialized ScalerBase with 10 bins.
Calculating initial scale factors using 10 bins.
Calculating initial scale factors using 10 bins.
Refining scales with LBFGS...
Scale refinement complete. rwork: 0.4026, rfree: 0.4055

Final Scale Parameters: 
  c_iso: tensor([ 0.3534,  1.2454,  0.3880, -0.0285,  0.0372, -0.0098])
  U: tensor([ 0.3774,  0.3560,  0.4682, -0.0094, -0.0138, -0.0343])
  solvent.log_k_solvent: -0.9709935188293457
  solvent.log_ss_half: -3.928210496902466
  solvent.log_n_exp: 1.3178316354751587
  solvent.phase_offset: 0.008787191472947598

============================================================
LBFGS Refinement - Cycle 1/10
============================================================
Refining scales with LBFGS...
Scale refinement complete. rwork: 0.4026, rfree: 0.4055

Final Scale Parameters: 
  c_iso: tensor([ 0.3430,  1.2317,  0.3855, -0.0291,  0.0373, -0.0101])
  U: tensor([ 0.3729,  0.3516,  0.4638, -0.0093, -0.0137, -0.0343])
  solvent.log_k_solvent: -0.9700303673744202
  solvent.log_ss_half: -3.925245523452759
  solvent.log_n_exp: 1.3271403312683105
  solvent.phase_offset: 0.009198484010994434
After scaling: Rwork=0.4026, Rfree=0.4055
  VDW rebuild: max drift 1.41 Å > threshold 1.00 Å

Building VDW (non-bonded) restraints...
  Symmetry expansion: 22 valid (symop, offset) combos
  Grid: [14, 26, 10], 2276/3640 cells occupied, max 160 entries/cell
  Built 198532 VDW restraints, 18216 symmetry contacts

────────────────────────────────────────────────────────────────────
  XYZ Refinement
────────────────────────────────────────────────────────────────────

  adp (weight: 0.0200)
  ────────────────────────────────────────────────────────────────
    Metric                       Before      After     Change
    locality                     1038.8     1038.8     0.0000
    scaler_U                     8976.0     8976.0     0.0000
    scaler_log_scale           293113.1   293113.1     0.0000
    sigd                         3313.9     3313.9     0.0000
    simu                         8581.5     8581.5     0.0000

  geometry (weight: 0.2000)
  ────────────────────────────────────────────────────────────────
    Metric                       Before      After     Change
    angle                      -21237.0   -22035.8  -798.7949
    bond                       -16046.1   -17114.3    -1068.2
    chiral                    -221.0672  -237.5629   -16.4957
    nonbonded                  -50757.5   -51948.3    -1190.9
    planarity                  -10288.8   -10599.1  -310.2314
    torsion                      4980.1     5079.9   +99.7632

  other (weight: 1.0000)
  ────────────────────────────────────────────────────────────────
    Metric                       Before      After     Change
    xray                       205945.5   200407.8    -5537.7

  Group Totals
  ────────────────────────────────────────────────────────────────
    Group                        Before      After     Change
    adp                          6300.5     6300.5     0.0000
    geometry                   -18714.1   -19371.0  -656.9574
    xray                       205945.5   200407.8    -5537.7
────────────────────────────────────────────────────────────────────
  VDW rebuild: max drift 1.41 Å > threshold 1.00 Å

Building VDW (non-bonded) restraints...
  Symmetry expansion: 22 valid (symop, offset) combos
  Grid: [14, 26, 10], 2276/3640 cells occupied, max 160 entries/cell
  Built 198532 VDW restraints, 18216 symmetry contacts

────────────────────────────────────────────────────────────────────
  ADP Refinement
────────────────────────────────────────────────────────────────────

  adp (weight: 0.0200)
  ────────────────────────────────────────────────────────────────
    Metric                       Before      After     Change
    locality                     1039.3    14884.8   +13845.5
    scaler_U                     8976.0     8976.0     0.0000
    scaler_log_scale           293113.1   293113.1     0.0000
    sigd                         3313.9     3420.5  +106.5508
    simu                         8581.5    17662.9    +9081.4

  geometry (weight: 0.2000)
  ────────────────────────────────────────────────────────────────
    Metric                       Before      After     Change
    angle                      -22035.8   -22035.8     0.0000
    bond                       -17114.3   -17114.3     0.0000
    chiral                    -237.5629  -237.5629     0.0000
    nonbonded                  -51948.3   -51948.3     0.0000
    planarity                  -10599.1   -10599.1     0.0000
    torsion                      5079.9     5079.9     0.0000

  other (weight: 1.0000)
  ────────────────────────────────────────────────────────────────
    Metric                       Before      After     Change
    xray                       200407.8   195732.0    -4675.8

  Group Totals
  ────────────────────────────────────────────────────────────────
    Group                        Before      After     Change
    adp                          6300.5     6761.1  +460.6686
    geometry                   -19371.0   -19371.0     0.0000
    xray                       200407.8   195732.0    -4675.8
────────────────────────────────────────────────────────────────────

============================================================
LBFGS Refinement - Cycle 2/10
============================================================
Refining scales with LBFGS...
Scale refinement complete. rwork: 0.2817, rfree: 0.3034

Final Scale Parameters: 
  c_iso: tensor([-0.2528,  0.4678,  0.1839, -0.0711,  0.0626, -0.0143])
  U: tensor([ 0.1190,  0.0904,  0.1999, -0.0053, -0.0060, -0.0244])
  solvent.log_k_solvent: -0.9504575133323669
  solvent.log_ss_half: -3.8133108615875244
  solvent.log_n_exp: 1.4303418397903442
  solvent.phase_offset: -0.008868319913744926
After scaling: Rwork=0.2817, Rfree=0.3034
  VDW rebuild: max drift 1.62 Å > threshold 1.00 Å

Building VDW (non-bonded) restraints...
  Symmetry expansion: 22 valid (symop, offset) combos
  Grid: [14, 26, 10], 2276/3640 cells occupied, max 160 entries/cell
  Built 198532 VDW restraints, 18216 symmetry contacts

────────────────────────────────────────────────────────────────────
  XYZ Refinement
────────────────────────────────────────────────────────────────────

  adp (weight: 0.0200)
  ────────────────────────────────────────────────────────────────
    Metric                       Before      After     Change
    locality                    14884.8    14884.8     0.0000
    scaler_U                     1064.5     1064.5     0.0000
    scaler_log_scale            45965.2    45965.2     0.0000
    sigd                         3420.5     3420.5     0.0000
    simu                        17662.9    17662.9     0.0000

  geometry (weight: 0.2000)
  ────────────────────────────────────────────────────────────────
    Metric                       Before      After     Change
    angle                      -22035.8   -22226.6  -190.8398
    bond                       -17114.3   -16906.4  +207.9355
    chiral                    -237.5629  -226.9367   +10.6262
    nonbonded                  -51948.3   -51708.1  +240.2812
    planarity                  -10599.1   -10716.1  -117.0439
    torsion                      5079.9     5014.1   -65.7622

  other (weight: 1.0000)
  ────────────────────────────────────────────────────────────────
    Metric                       Before      After     Change
    xray                       195943.1   190212.9    -5730.2

  Group Totals
  ────────────────────────────────────────────────────────────────
    Group                        Before      After     Change
    adp                          1660.0     1660.0     0.0000
    geometry                   -19371.0   -19354.0   +17.0397
    xray                       195943.1   190212.9    -5730.2
────────────────────────────────────────────────────────────────────
  VDW rebuild: max drift 1.62 Å > threshold 1.00 Å

Building VDW (non-bonded) restraints...
  Symmetry expansion: 22 valid (symop, offset) combos
  Grid: [14, 26, 10], 2276/3640 cells occupied, max 160 entries/cell
  Built 198532 VDW restraints, 18216 symmetry contacts

────────────────────────────────────────────────────────────────────
  ADP Refinement
────────────────────────────────────────────────────────────────────

  adp (weight: 0.0200)
  ────────────────────────────────────────────────────────────────
    Metric                       Before      After     Change
    locality                    14878.4    20011.6    +5133.2
    scaler_U                     1064.5     1064.5     0.0000
    scaler_log_scale            45965.2    45965.2     0.0000
    sigd                         3420.5     3412.9    -7.5693
    simu                        17662.9    21846.1    +4183.2

  geometry (weight: 0.2000)
  ────────────────────────────────────────────────────────────────
    Metric                       Before      After     Change
    angle                      -22226.6   -22226.6     0.0000
    bond                       -16906.4   -16906.4     0.0000
    chiral                    -226.9367  -226.9367     0.0000
    nonbonded                  -51708.1   -51708.1     0.0000
    planarity                  -10716.1   -10716.1     0.0000
    torsion                      5014.1     5014.1     0.0000

  other (weight: 1.0000)
  ────────────────────────────────────────────────────────────────
    Metric                       Before      After     Change
    xray                       190212.9   189164.3    -1048.6

  Group Totals
  ────────────────────────────────────────────────────────────────
    Group                        Before      After     Change
    adp                          1659.8     1846.0  +186.1761
    geometry                   -19354.0   -19354.0     0.0000
    xray                       190212.9   189164.3    -1048.6
────────────────────────────────────────────────────────────────────

============================================================
LBFGS Refinement - Cycle 3/10
============================================================
Refining scales with LBFGS...
Scale refinement complete. rwork: 0.2315, rfree: 0.2519

Final Scale Parameters: 
  c_iso: tensor([-0.2718,  0.4413,  0.1702, -0.0735,  0.0579, -0.0144])
  U: tensor([ 0.1073,  0.0764,  0.1835, -0.0041, -0.0050, -0.0187])
  solvent.log_k_solvent: -0.9511119723320007
  solvent.log_ss_half: -3.7786481380462646
  solvent.log_n_exp: 1.3627212047576904
  solvent.phase_offset: -0.0022622819524258375
After scaling: Rwork=0.2315, Rfree=0.2519
  VDW rebuild: max drift 2.62 Å > threshold 1.00 Å

Building VDW (non-bonded) restraints...
  Symmetry expansion: 22 valid (symop, offset) combos
  Grid: [14, 26, 10], 2276/3640 cells occupied, max 160 entries/cell
  Built 198532 VDW restraints, 18216 symmetry contacts

────────────────────────────────────────────────────────────────────
  XYZ Refinement
────────────────────────────────────────────────────────────────────

  adp (weight: 0.0200)
  ────────────────────────────────────────────────────────────────
    Metric                       Before      After     Change
    locality                    20011.6    20011.6     0.0000
    scaler_U                   857.3668   857.3668     0.0000
    scaler_log_scale            40651.6    40651.6     0.0000
    sigd                         3412.9     3412.9     0.0000
    simu                        21846.1    21846.1     0.0000

  geometry (weight: 0.2000)
  ────────────────────────────────────────────────────────────────
    Metric                       Before      After     Change
    angle                      -22226.6   -22340.2  -113.6094
    bond                       -16906.4   -17199.8  -293.3828
    chiral                    -226.9367  -231.5514    -4.6147
    nonbonded                  -51708.1   -51753.7   -45.6367
    planarity                  -10716.1   -10732.4   -16.2588
    torsion                      5014.1     5018.1    +3.9834

  other (weight: 1.0000)
  ────────────────────────────────────────────────────────────────
    Metric                       Before      After     Change
    xray                       189049.8   187372.4    -1677.5

  Group Totals
  ────────────────────────────────────────────────────────────────
    Group                        Before      After     Change
    adp                          1735.6     1735.6     0.0000
    geometry                   -19354.0   -19447.9   -93.9049
    xray                       189049.8   187372.4    -1677.5
────────────────────────────────────────────────────────────────────
  VDW rebuild: max drift 2.62 Å > threshold 1.00 Å

Building VDW (non-bonded) restraints...
  Symmetry expansion: 22 valid (symop, offset) combos
  Grid: [14, 26, 10], 2276/3640 cells occupied, max 160 entries/cell
  Built 198532 VDW restraints, 18216 symmetry contacts

────────────────────────────────────────────────────────────────────
  ADP Refinement
────────────────────────────────────────────────────────────────────

  adp (weight: 0.0200)
  ────────────────────────────────────────────────────────────────
    Metric                       Before      After     Change
    locality                    19996.6    19547.7  -448.9102
    scaler_U                   857.3668   857.3668     0.0000
    scaler_log_scale            40651.6    40651.6     0.0000
    sigd                         3412.9     3404.7    -8.2317
    simu                        21846.1    21482.5  -363.6191

  geometry (weight: 0.2000)
  ────────────────────────────────────────────────────────────────
    Metric                       Before      After     Change
    angle                      -22340.2   -22340.2     0.0000
    bond                       -17199.8   -17199.8     0.0000
    chiral                    -231.5514  -231.5514     0.0000
    nonbonded                  -51753.7   -51753.7     0.0000
    planarity                  -10732.4   -10732.4     0.0000
    torsion                      5018.1     5018.1     0.0000

  other (weight: 1.0000)
  ────────────────────────────────────────────────────────────────
    Metric                       Before      After     Change
    xray                       187372.4   187036.9  -335.4844

  Group Totals
  ────────────────────────────────────────────────────────────────
    Group                        Before      After     Change
    adp                          1735.3     1718.9   -16.4152
    geometry                   -19447.9   -19447.9     0.0000
    xray                       187372.4   187036.9  -335.4844
────────────────────────────────────────────────────────────────────

============================================================
LBFGS Refinement - Cycle 4/10
============================================================
Refining scales with LBFGS...
Scale refinement complete. rwork: 0.2180, rfree: 0.2458

Final Scale Parameters: 
  c_iso: tensor([-0.2954,  0.4169,  0.1667, -0.0688,  0.0574, -0.0144])
  U: tensor([ 0.0994,  0.0676,  0.1737, -0.0035, -0.0052, -0.0181])
  solvent.log_k_solvent: -0.9517214894294739
  solvent.log_ss_half: -3.7642600536346436
  solvent.log_n_exp: 1.425506591796875
  solvent.phase_offset: 1.2810136468033306e-05
After scaling: Rwork=0.2180, Rfree=0.2458
  VDW rebuild: max drift 2.41 Å > threshold 1.00 Å

Building VDW (non-bonded) restraints...
  Symmetry expansion: 22 valid (symop, offset) combos
  Grid: [14, 26, 10], 2276/3640 cells occupied, max 160 entries/cell
  Built 198532 VDW restraints, 18216 symmetry contacts

────────────────────────────────────────────────────────────────────
  XYZ Refinement
────────────────────────────────────────────────────────────────────

  adp (weight: 0.0200)
  ────────────────────────────────────────────────────────────────
    Metric                       Before      After     Change
    locality                    19547.7    19547.7     0.0000
    scaler_U                   737.4443   737.4443     0.0000
    scaler_log_scale            36978.9    36978.9     0.0000
    sigd                         3404.7     3404.7     0.0000
    simu                        21482.5    21482.5     0.0000

  geometry (weight: 0.2000)
  ────────────────────────────────────────────────────────────────
    Metric                       Before      After     Change
    angle                      -22340.2   -22461.4  -121.1250
    bond                       -17199.8   -17199.4    +0.3262
    chiral                    -231.5514  -236.3606    -4.8092
    nonbonded                  -51753.7   -51803.0   -49.2734
    planarity                  -10732.4   -10755.0   -22.5889
    torsion                      5018.1     5036.0   +17.9331

  other (weight: 1.0000)
  ────────────────────────────────────────────────────────────────
    Metric                       Before      After     Change
    xray                       187072.1   186295.3  -776.7969

  Group Totals
  ────────────────────────────────────────────────────────────────
    Group                        Before      After     Change
    adp                          1643.0     1643.0     0.0000
    geometry                   -19447.9   -19483.8   -35.9067
    xray                       187072.1   186295.3  -776.7969
────────────────────────────────────────────────────────────────────
  VDW rebuild: max drift 2.41 Å > threshold 1.00 Å

Building VDW (non-bonded) restraints...
  Symmetry expansion: 22 valid (symop, offset) combos
  Grid: [14, 26, 10], 2276/3640 cells occupied, max 160 entries/cell
  Built 198532 VDW restraints, 18216 symmetry contacts

────────────────────────────────────────────────────────────────────
  ADP Refinement
────────────────────────────────────────────────────────────────────

  adp (weight: 0.0200)
  ────────────────────────────────────────────────────────────────
    Metric                       Before      After     Change
    locality                    19543.8    19208.9  -334.8945
    scaler_U                   737.4443   737.4443     0.0000
    scaler_log_scale            36978.9    36978.9     0.0000
    sigd                         3404.7     3400.3    -4.4189
    simu                        21482.5    21284.6  -197.8828

  geometry (weight: 0.2000)
  ────────────────────────────────────────────────────────────────
    Metric                       Before      After     Change
    angle                      -22461.4   -22461.4     0.0000
    bond                       -17199.4   -17199.4     0.0000
    chiral                    -236.3606  -236.3606     0.0000
    nonbonded                  -51803.0   -51803.0     0.0000
    planarity                  -10755.0   -10755.0     0.0000
    torsion                      5036.0     5036.0     0.0000

  other (weight: 1.0000)
  ────────────────────────────────────────────────────────────────
    Metric                       Before      After     Change
    xray                       186295.3   186110.2  -185.1250

  Group Totals
  ────────────────────────────────────────────────────────────────
    Group                        Before      After     Change
    adp                          1642.9     1632.2   -10.7439
    geometry                   -19483.8   -19483.8     0.0000
    xray                       186295.3   186110.2  -185.1250
────────────────────────────────────────────────────────────────────

============================================================
LBFGS Refinement - Cycle 5/10
============================================================
Refining scales with LBFGS...
Scale refinement complete. rwork: 0.2135, rfree: 0.2392

Final Scale Parameters: 
  c_iso: tensor([-0.2977,  0.4173,  0.1674, -0.0681,  0.0569, -0.0148])
  U: tensor([ 0.1000,  0.0680,  0.1744, -0.0032, -0.0051, -0.0187])
  solvent.log_k_solvent: -0.9556573033332825
  solvent.log_ss_half: -3.76314377784729
  solvent.log_n_exp: 1.4261616468429565
  solvent.phase_offset: 0.006815697066485882
After scaling: Rwork=0.2135, Rfree=0.2392
  VDW rebuild: max drift 2.34 Å > threshold 1.00 Å

Building VDW (non-bonded) restraints...
  Symmetry expansion: 22 valid (symop, offset) combos
  Grid: [14, 26, 10], 2276/3640 cells occupied, max 160 entries/cell
  Built 198532 VDW restraints, 18216 symmetry contacts

────────────────────────────────────────────────────────────────────
  XYZ Refinement
────────────────────────────────────────────────────────────────────

  adp (weight: 0.0200)
  ────────────────────────────────────────────────────────────────
    Metric                       Before      After     Change
    locality                    19208.9    19208.9     0.0000
    scaler_U                   744.9184   744.9184     0.0000
    scaler_log_scale            37179.1    37179.1     0.0000
    sigd                         3400.3     3400.3     0.0000
    simu                        21284.6    21284.6     0.0000

  geometry (weight: 0.2000)
  ────────────────────────────────────────────────────────────────
    Metric                       Before      After     Change
    angle                      -22461.4   -22428.8   +32.5645
    bond                       -17199.4   -17190.8    +8.6426
    chiral                    -236.3606  -235.7955    +0.5651
    nonbonded                  -51803.0   -51804.3    -1.3359
    planarity                  -10755.0   -10729.2   +25.7568
    torsion                      5036.0     5063.8   +27.7607

  other (weight: 1.0000)
  ────────────────────────────────────────────────────────────────
    Metric                       Before      After     Change
    xray                       186142.6   185822.3  -320.3594

  Group Totals
  ────────────────────────────────────────────────────────────────
    Group                        Before      After     Change
    adp                          1636.4     1636.4     0.0000
    geometry                   -19483.8   -19465.0   +18.7911
    xray                       186142.6   185822.3  -320.3594
────────────────────────────────────────────────────────────────────
  VDW rebuild: max drift 2.34 Å > threshold 1.00 Å

Building VDW (non-bonded) restraints...
  Symmetry expansion: 22 valid (symop, offset) combos
  Grid: [14, 26, 10], 2276/3640 cells occupied, max 160 entries/cell
  Built 198532 VDW restraints, 18216 symmetry contacts

────────────────────────────────────────────────────────────────────
  ADP Refinement
────────────────────────────────────────────────────────────────────

  adp (weight: 0.0200)
  ────────────────────────────────────────────────────────────────
    Metric                       Before      After     Change
    locality                    19164.9    18924.4  -240.5312
    scaler_U                   744.9184   744.9184     0.0000
    scaler_log_scale            37179.1    37179.1     0.0000
    sigd                         3400.3     3401.3    +0.9854
    simu                        21284.6    21255.0   -29.6035

  geometry (weight: 0.2000)
  ────────────────────────────────────────────────────────────────
    Metric                       Before      After     Change
    angle                      -22428.8   -22428.8     0.0000
    bond                       -17190.8   -17190.8     0.0000
    chiral                    -235.7955  -235.7955     0.0000
    nonbonded                  -51804.3   -51804.3     0.0000
    planarity                  -10729.2   -10729.2     0.0000
    torsion                      5063.8     5063.8     0.0000

  other (weight: 1.0000)
  ────────────────────────────────────────────────────────────────
    Metric                       Before      After     Change
    xray                       185822.3   185747.4   -74.8750

  Group Totals
  ────────────────────────────────────────────────────────────────
    Group                        Before      After     Change
    adp                          1635.5     1630.1    -5.3830
    geometry                   -19465.0   -19465.0     0.0000
    xray                       185822.3   185747.4   -74.8750
────────────────────────────────────────────────────────────────────

============================================================
LBFGS Refinement - Cycle 6/10
============================================================
Refining scales with LBFGS...
Scale refinement complete. rwork: 0.2114, rfree: 0.2400

Final Scale Parameters: 
  c_iso: tensor([-0.3072,  0.4068,  0.1654, -0.0678,  0.0565, -0.0157])
  U: tensor([ 0.0970,  0.0649,  0.1714, -0.0026, -0.0047, -0.0194])
  solvent.log_k_solvent: -0.9563647508621216
  solvent.log_ss_half: -3.7657992839813232
  solvent.log_n_exp: 1.4597753286361694
  solvent.phase_offset: 0.005265557672828436
After scaling: Rwork=0.2114, Rfree=0.2400
  VDW rebuild: max drift 2.39 Å > threshold 1.00 Å

Building VDW (non-bonded) restraints...
  Symmetry expansion: 22 valid (symop, offset) combos
  Grid: [14, 26, 10], 2276/3640 cells occupied, max 160 entries/cell
  Built 198532 VDW restraints, 18216 symmetry contacts

────────────────────────────────────────────────────────────────────
  XYZ Refinement
────────────────────────────────────────────────────────────────────

  adp (weight: 0.0200)
  ────────────────────────────────────────────────────────────────
    Metric                       Before      After     Change
    locality                    18924.4    18924.4     0.0000
    scaler_U                   706.0203   706.0203     0.0000
    scaler_log_scale            35667.7    35667.7     0.0000
    sigd                         3401.3     3401.3     0.0000
    simu                        21255.0    21255.0     0.0000

  geometry (weight: 0.2000)
  ────────────────────────────────────────────────────────────────
    Metric                       Before      After     Change
    angle                      -22428.8   -22519.3   -90.4609
    bond                       -17190.8   -17202.9   -12.1348
    chiral                    -235.7955  -238.7642    -2.9687
    nonbonded                  -51804.3   -51851.5   -47.2305
    planarity                  -10729.2   -10750.0   -20.7559
    torsion                      5063.8     5086.1   +22.3594

  other (weight: 1.0000)
  ────────────────────────────────────────────────────────────────
    Metric                       Before      After     Change
    xray                       185787.2   185633.4  -153.7812

  Group Totals
  ────────────────────────────────────────────────────────────────
    Group                        Before      After     Change
    adp                          1599.1     1599.1     0.0000
    geometry                   -19465.0   -19495.3   -30.2386
    xray                       185787.2   185633.4  -153.7812
────────────────────────────────────────────────────────────────────
  VDW rebuild: max drift 2.39 Å > threshold 1.00 Å

Building VDW (non-bonded) restraints...
  Symmetry expansion: 22 valid (symop, offset) combos
  Grid: [14, 26, 10], 2276/3640 cells occupied, max 160 entries/cell
  Built 198532 VDW restraints, 18216 symmetry contacts

────────────────────────────────────────────────────────────────────
  ADP Refinement
────────────────────────────────────────────────────────────────────

  adp (weight: 0.0200)
  ────────────────────────────────────────────────────────────────
    Metric                       Before      After     Change
    locality                    18920.1    18852.0   -68.1094
    scaler_U                   706.0203   706.0203     0.0000
    scaler_log_scale            35667.7    35667.7     0.0000
    sigd                         3401.3     3401.5    +0.2166
    simu                        21255.0    21339.3   +84.2832

  geometry (weight: 0.2000)
  ────────────────────────────────────────────────────────────────
    Metric                       Before      After     Change
    angle                      -22519.3   -22519.3     0.0000
    bond                       -17202.9   -17202.9     0.0000
    chiral                    -238.7642  -238.7642     0.0000
    nonbonded                  -51851.5   -51851.5     0.0000
    planarity                  -10750.0   -10750.0     0.0000
    torsion                      5086.1     5086.1     0.0000

  other (weight: 1.0000)
  ────────────────────────────────────────────────────────────────
    Metric                       Before      After     Change
    xray                       185633.4   185603.0   -30.4375

  Group Totals
  ────────────────────────────────────────────────────────────────
    Group                        Before      After     Change
    adp                          1599.0     1599.3    +0.3278
    geometry                   -19495.3   -19495.3     0.0000
    xray                       185633.4   185603.0   -30.4375
────────────────────────────────────────────────────────────────────

============================================================
LBFGS Refinement - Cycle 7/10
============================================================
Refining scales with LBFGS...
Scale refinement complete. rwork: 0.2105, rfree: 0.2386

Final Scale Parameters: 
  c_iso: tensor([-0.3015,  0.4174,  0.1656, -0.0659,  0.0545, -0.0161])
  U: tensor([ 0.1008,  0.0689,  0.1759, -0.0024, -0.0051, -0.0199])
  solvent.log_k_solvent: -0.9567479491233826
  solvent.log_ss_half: -3.765272617340088
  solvent.log_n_exp: 1.4927895069122314
  solvent.phase_offset: 0.010782134719192982
After scaling: Rwork=0.2105, Rfree=0.2386
  VDW rebuild: max drift 2.86 Å > threshold 1.00 Å

Building VDW (non-bonded) restraints...
  Symmetry expansion: 22 valid (symop, offset) combos
  Grid: [14, 26, 10], 2276/3640 cells occupied, max 160 entries/cell
  Built 198532 VDW restraints, 18216 symmetry contacts

────────────────────────────────────────────────────────────────────
  XYZ Refinement
────────────────────────────────────────────────────────────────────

  adp (weight: 0.0200)
  ────────────────────────────────────────────────────────────────
    Metric                       Before      After     Change
    locality                    18852.0    18852.0     0.0000
    scaler_U                   759.1543   759.1543     0.0000
    scaler_log_scale            37145.4    37145.4     0.0000
    sigd                         3401.5     3401.5     0.0000
    simu                        21339.3    21339.3     0.0000

  geometry (weight: 0.2000)
  ────────────────────────────────────────────────────────────────
    Metric                       Before      After     Change
    angle                      -22519.3   -22453.9   +65.3574
    bond                       -17202.9   -17179.5   +23.4238
    chiral                    -238.7642  -238.5426    +0.2215
    nonbonded                  -51851.5   -51852.0    -0.4766
    planarity                  -10750.0   -10740.8    +9.1250
    torsion                      5086.1     5075.7   -10.4575

  other (weight: 1.0000)
  ────────────────────────────────────────────────────────────────
    Metric                       Before      After     Change
    xray                       185620.7   185496.4  -124.3438

  Group Totals
  ────────────────────────────────────────────────────────────────
    Group                        Before      After     Change
    adp                          1629.9     1629.9     0.0000
    geometry                   -19495.3   -19477.8   +17.4387
    xray                       185620.7   185496.4  -124.3438
────────────────────────────────────────────────────────────────────
  VDW rebuild: max drift 2.86 Å > threshold 1.00 Å

Building VDW (non-bonded) restraints...
  Symmetry expansion: 22 valid (symop, offset) combos
  Grid: [14, 26, 10], 2276/3640 cells occupied, max 160 entries/cell
  Built 198532 VDW restraints, 18216 symmetry contacts

────────────────────────────────────────────────────────────────────
  ADP Refinement
────────────────────────────────────────────────────────────────────

  adp (weight: 0.0200)
  ────────────────────────────────────────────────────────────────
    Metric                       Before      After     Change
    locality                    18837.8    18858.0   +20.2676
    scaler_U                   759.1543   759.1543     0.0000
    scaler_log_scale            37145.4    37145.4     0.0000
    sigd                         3401.5     3402.4    +0.9470
    simu                        21339.3    21468.8  +129.5625

  geometry (weight: 0.2000)
  ────────────────────────────────────────────────────────────────
    Metric                       Before      After     Change
    angle                      -22453.9   -22453.9     0.0000
    bond                       -17179.5   -17179.5     0.0000
    chiral                    -238.5426  -238.5426     0.0000
    nonbonded                  -51852.0   -51852.0     0.0000
    planarity                  -10740.8   -10740.8     0.0000
    torsion                      5075.7     5075.7     0.0000

  other (weight: 1.0000)
  ────────────────────────────────────────────────────────────────
    Metric                       Before      After     Change
    xray                       185496.4   185477.3   -19.0781

  Group Totals
  ────────────────────────────────────────────────────────────────
    Group                        Before      After     Change
    adp                          1629.7     1632.7    +3.0155
    geometry                   -19477.8   -19477.8     0.0000
    xray                       185496.4   185477.3   -19.0781
────────────────────────────────────────────────────────────────────

============================================================
LBFGS Refinement - Cycle 8/10
============================================================
Refining scales with LBFGS...
Scale refinement complete. rwork: 0.2097, rfree: 0.2393

Final Scale Parameters: 
  c_iso: tensor([-0.3013,  0.4138,  0.1678, -0.0670,  0.0553, -0.0170])
  U: tensor([ 0.1010,  0.0693,  0.1759, -0.0020, -0.0050, -0.0201])
  solvent.log_k_solvent: -0.956264078617096
  solvent.log_ss_half: -3.7681310176849365
  solvent.log_n_exp: 1.492594599723816
  solvent.phase_offset: 0.01038407627493143
After scaling: Rwork=0.2097, Rfree=0.2393
  VDW rebuild: max drift 3.09 Å > threshold 1.00 Å

Building VDW (non-bonded) restraints...
  Symmetry expansion: 22 valid (symop, offset) combos
  Grid: [14, 26, 10], 2276/3640 cells occupied, max 160 entries/cell
  Built 198532 VDW restraints, 18216 symmetry contacts

────────────────────────────────────────────────────────────────────
  XYZ Refinement
────────────────────────────────────────────────────────────────────

  adp (weight: 0.0200)
  ────────────────────────────────────────────────────────────────
    Metric                       Before      After     Change
    locality                    18858.0    18858.0     0.0000
    scaler_U                   761.6985   761.6985     0.0000
    scaler_log_scale            37027.9    37027.9     0.0000
    sigd                         3402.4     3402.4     0.0000
    simu                        21468.8    21468.8     0.0000

  geometry (weight: 0.2000)
  ────────────────────────────────────────────────────────────────
    Metric                       Before      After     Change
    angle                      -22453.9   -22477.0   -23.0605
    bond                       -17179.5   -17167.8   +11.7422
    chiral                    -238.5426  -239.6086    -1.0659
    nonbonded                  -51852.0   -51891.9   -39.8438
    planarity                  -10740.8   -10746.5    -5.6465
    torsion                      5075.7     5077.2    +1.5552

  other (weight: 1.0000)
  ────────────────────────────────────────────────────────────────
    Metric                       Before      After     Change
    xray                       185501.3   185416.9   -84.4531

  Group Totals
  ────────────────────────────────────────────────────────────────
    Group                        Before      After     Change
    adp                          1630.4     1630.4     0.0000
    geometry                   -19477.8   -19489.1   -11.2640
    xray                       185501.3   185416.9   -84.4531
────────────────────────────────────────────────────────────────────
  VDW rebuild: max drift 3.09 Å > threshold 1.00 Å

Building VDW (non-bonded) restraints...
  Symmetry expansion: 22 valid (symop, offset) combos
  Grid: [14, 26, 10], 2276/3640 cells occupied, max 160 entries/cell
  Built 198532 VDW restraints, 18216 symmetry contacts

────────────────────────────────────────────────────────────────────
  ADP Refinement
────────────────────────────────────────────────────────────────────

  adp (weight: 0.0200)
  ────────────────────────────────────────────────────────────────
    Metric                       Before      After     Change
    locality                    18835.5    18688.3  -147.1934
    scaler_U                   761.6985   761.6985     0.0000
    scaler_log_scale            37027.9    37027.9     0.0000
    sigd                         3402.4     3402.9    +0.5061
    simu                        21468.8    21370.2   -98.6758

  geometry (weight: 0.2000)
  ────────────────────────────────────────────────────────────────
    Metric                       Before      After     Change
    angle                      -22477.0   -22477.0     0.0000
    bond                       -17167.8   -17167.8     0.0000
    chiral                    -239.6086  -239.6086     0.0000
    nonbonded                  -51891.9   -51891.9     0.0000
    planarity                  -10746.5   -10746.5     0.0000
    torsion                      5077.2     5077.2     0.0000

  other (weight: 1.0000)
  ────────────────────────────────────────────────────────────────
    Metric                       Before      After     Change
    xray                       185416.9   185397.2   -19.6875

  Group Totals
  ────────────────────────────────────────────────────────────────
    Group                        Before      After     Change
    adp                          1629.9     1625.0    -4.9073
    geometry                   -19489.1   -19489.1     0.0000
    xray                       185416.9   185397.2   -19.6875
────────────────────────────────────────────────────────────────────

============================================================
LBFGS Refinement - Cycle 9/10
============================================================
Refining scales with LBFGS...
Scale refinement complete. rwork: 0.2095, rfree: 0.2390

Final Scale Parameters: 
  c_iso: tensor([-0.3076,  0.4084,  0.1664, -0.0663,  0.0554, -0.0169])
  U: tensor([ 0.0995,  0.0681,  0.1746, -0.0020, -0.0048, -0.0205])
  solvent.log_k_solvent: -0.9602616429328918
  solvent.log_ss_half: -3.761960744857788
  solvent.log_n_exp: 1.5319344997406006
  solvent.phase_offset: 0.007990161888301373
After scaling: Rwork=0.2095, Rfree=0.2390
  VDW rebuild: max drift 3.20 Å > threshold 1.00 Å

Building VDW (non-bonded) restraints...
  Symmetry expansion: 22 valid (symop, offset) combos
  Grid: [14, 26, 10], 2276/3640 cells occupied, max 160 entries/cell
  Built 198532 VDW restraints, 18216 symmetry contacts

────────────────────────────────────────────────────────────────────
  XYZ Refinement
────────────────────────────────────────────────────────────────────

  adp (weight: 0.0200)
  ────────────────────────────────────────────────────────────────
    Metric                       Before      After     Change
    locality                    18688.3    18688.3     0.0000
    scaler_U                   744.6787   744.6787     0.0000
    scaler_log_scale            36125.6    36125.6     0.0000
    sigd                         3402.9     3402.9     0.0000
    simu                        21370.2    21370.2     0.0000

  geometry (weight: 0.2000)
  ────────────────────────────────────────────────────────────────
    Metric                       Before      After     Change
    angle                      -22477.0   -22450.8   +26.1680
    bond                       -17167.8   -17153.6   +14.1855
    chiral                    -239.6086  -239.4148    +0.1938
    nonbonded                  -51891.9   -51892.2    -0.3203
    planarity                  -10746.5   -10740.6    +5.9033
    torsion                      5077.2     5068.8    -8.4033

  other (weight: 1.0000)
  ────────────────────────────────────────────────────────────────
    Metric                       Before      After     Change
    xray                       185416.3   185386.4   -29.8438

  Group Totals
  ────────────────────────────────────────────────────────────────
    Group                        Before      After     Change
    adp                          1606.6     1606.6     0.0000
    geometry                   -19489.1   -19481.5    +7.5458
    xray                       185416.3   185386.4   -29.8438
────────────────────────────────────────────────────────────────────
  VDW rebuild: max drift 3.20 Å > threshold 1.00 Å

Building VDW (non-bonded) restraints...
  Symmetry expansion: 22 valid (symop, offset) combos
  Grid: [14, 26, 10], 2276/3640 cells occupied, max 160 entries/cell
  Built 198532 VDW restraints, 18216 symmetry contacts

────────────────────────────────────────────────────────────────────
  ADP Refinement
────────────────────────────────────────────────────────────────────

  adp (weight: 0.0200)
  ────────────────────────────────────────────────────────────────
    Metric                       Before      After     Change
    locality                    18698.6    18591.2  -107.3945
    scaler_U                   744.6787   744.6787     0.0000
    scaler_log_scale            36125.6    36125.6     0.0000
    sigd                         3402.9     3403.1    +0.1492
    simu                        21370.2    21268.9  -101.2988

  geometry (weight: 0.2000)
  ────────────────────────────────────────────────────────────────
    Metric                       Before      After     Change
    angle                      -22450.8   -22450.8     0.0000
    bond                       -17153.6   -17153.6     0.0000
    chiral                    -239.4148  -239.4148     0.0000
    nonbonded                  -51892.2   -51892.2     0.0000
    planarity                  -10740.6   -10740.6     0.0000
    torsion                      5068.8     5068.8     0.0000

  other (weight: 1.0000)
  ────────────────────────────────────────────────────────────────
    Metric                       Before      After     Change
    xray                       185386.4   185379.8    -6.6875

  Group Totals
  ────────────────────────────────────────────────────────────────
    Group                        Before      After     Change
    adp                          1606.8     1602.7    -4.1709
    geometry                   -19481.5   -19481.5     0.0000
    xray                       185386.4   185379.8    -6.6875
────────────────────────────────────────────────────────────────────

============================================================
LBFGS Refinement - Cycle 10/10
============================================================
Refining scales with LBFGS...
Scale refinement complete. rwork: 0.2093, rfree: 0.2410

Final Scale Parameters: 
  c_iso: tensor([-0.3087,  0.4082,  0.1659, -0.0654,  0.0551, -0.0167])
  U: tensor([ 0.0998,  0.0686,  0.1750, -0.0019, -0.0045, -0.0210])
  solvent.log_k_solvent: -0.9610157012939453
  solvent.log_ss_half: -3.761280059814453
  solvent.log_n_exp: 1.5315189361572266
  solvent.phase_offset: 0.007355977781116962
After scaling: Rwork=0.2093, Rfree=0.2410
  VDW rebuild: max drift 3.23 Å > threshold 1.00 Å

Building VDW (non-bonded) restraints...
  Symmetry expansion: 22 valid (symop, offset) combos
  Grid: [14, 26, 10], 2276/3640 cells occupied, max 160 entries/cell
  Built 198532 VDW restraints, 18216 symmetry contacts

────────────────────────────────────────────────────────────────────
  XYZ Refinement
────────────────────────────────────────────────────────────────────

  adp (weight: 0.0200)
  ────────────────────────────────────────────────────────────────
    Metric                       Before      After     Change
    locality                    18591.2    18591.2     0.0000
    scaler_U                   749.4110   749.4110     0.0000
    scaler_log_scale            36020.9    36020.9     0.0000
    sigd                         3403.1     3403.1     0.0000
    simu                        21268.9    21268.9     0.0000

  geometry (weight: 0.2000)
  ────────────────────────────────────────────────────────────────
    Metric                       Before      After     Change
    angle                      -22450.8   -22484.0   -33.1680
    bond                       -17153.6   -17164.0   -10.4141
    chiral                    -239.4148  -239.8949    -0.4801
    nonbonded                  -51892.2   -51910.3   -18.1445
    planarity                  -10740.6   -10747.1    -6.5674
    torsion                      5068.8     5063.2    -5.6709

  other (weight: 1.0000)
  ────────────────────────────────────────────────────────────────
    Metric                       Before      After     Change
    xray                       185393.9   185337.9   -55.9219

  Group Totals
  ────────────────────────────────────────────────────────────────
    Group                        Before      After     Change
    adp                          1600.7     1600.7     0.0000
    geometry                   -19481.5   -19496.4   -14.8889
    xray                       185393.9   185337.9   -55.9219
────────────────────────────────────────────────────────────────────
  VDW rebuild: max drift 3.23 Å > threshold 1.00 Å

Building VDW (non-bonded) restraints...
  Symmetry expansion: 22 valid (symop, offset) combos
  Grid: [14, 26, 10], 2276/3640 cells occupied, max 160 entries/cell
  Built 198532 VDW restraints, 18216 symmetry contacts

────────────────────────────────────────────────────────────────────
  ADP Refinement
────────────────────────────────────────────────────────────────────

  adp (weight: 0.0200)
  ────────────────────────────────────────────────────────────────
    Metric                       Before      After     Change
    locality                    18590.1    18465.4  -124.6621
    scaler_U                   749.4110   749.4110     0.0000
    scaler_log_scale            36020.9    36020.9     0.0000
    sigd                         3403.1     3403.7    +0.6487
    simu                        21268.9    21120.7  -148.1504

  geometry (weight: 0.2000)
  ────────────────────────────────────────────────────────────────
    Metric                       Before      After     Change
    angle                      -22484.0   -22484.0     0.0000
    bond                       -17164.0   -17164.0     0.0000
    chiral                    -239.8949  -239.8949     0.0000
    nonbonded                  -51910.3   -51910.3     0.0000
    planarity                  -10747.1   -10747.1     0.0000
    torsion                      5063.2     5063.2     0.0000

  other (weight: 1.0000)
  ────────────────────────────────────────────────────────────────
    Metric                       Before      After     Change
    xray                       185337.9   185335.8    -2.1719

  Group Totals
  ────────────────────────────────────────────────────────────────
    Group                        Before      After     Change
    adp                          1600.6     1595.2    -5.4433
    geometry                   -19496.4   -19496.4     0.0000
    xray                       185337.9   185335.8    -2.1719
────────────────────────────────────────────────────────────────────
Calculating initial scale factors using 10 bins.
Refining scales with LBFGS...
Scale refinement complete. rwork: 0.2091, rfree: 0.2408

Final Scale Parameters: 
  c_iso: tensor([-0.3290,  0.3799,  0.1623, -0.0665,  0.0559, -0.0169])
  U: tensor([ 0.0918,  0.0611,  0.1672, -0.0019, -0.0041, -0.0214])
  solvent.log_k_solvent: -0.9576367735862732
  solvent.log_ss_half: -3.757721424102783
  solvent.log_n_exp: 1.5378412008285522
  solvent.phase_offset: 0.00858394056558609

Refinement completed successfully.

Saving results to /das/work/units/LBR-FEL/p17490/Peter/Library/work_trees_torchref/alignement/alignment_lab/benchmarks/af_mr/runs/dmin3.0/1RHC/refine_phaser_mr...
  Refined structure (PDB): /das/work/units/LBR-FEL/p17490/Peter/Library/work_trees_torchref/alignement/alignment_lab/benchmarks/af_mr/runs/dmin3.0/1RHC/refine_phaser_mr/refined.pdb
  Refined structure (mmCIF): /das/work/units/LBR-FEL/p17490/Peter/Library/work_trees_torchref/alignement/alignment_lab/benchmarks/af_mr/runs/dmin3.0/1RHC/refine_phaser_mr/refined.cif
Added map coefficients:
  2Fo-Fc: FWT, PHWT
  Fo-Fc: DELFWT, PHDELWT
  Resolution range: 1.80 - 19.76 Å
✓ Wrote MTZ file: /das/work/units/LBR-FEL/p17490/Peter/Library/work_trees_torchref/alignement/alignment_lab/benchmarks/af_mr/runs/dmin3.0/1RHC/refine_phaser_mr/refined.mtz
  Reflections: 38136
  Columns: H, K, L, F-obs, SIGF-obs, R-free-flags, FWT, PHWT, DELFWT, PHDELWT, F-model, PH-model
  Refined structure factors: /das/work/units/LBR-FEL/p17490/Peter/Library/work_trees_torchref/alignement/alignment_lab/benchmarks/af_mr/runs/dmin3.0/1RHC/refine_phaser_mr/refined.mtz
  Refinement history: /das/work/units/LBR-FEL/p17490/Peter/Library/work_trees_torchref/alignement/alignment_lab/benchmarks/af_mr/runs/dmin3.0/1RHC/refine_phaser_mr/refinement_history.json

================================================================================
Refinement Summary
================================================================================
R-work:  0.2091 (37375 reflections)
R-free:  0.2408 (760 reflections)
NLL work: 185351.05
NLL test: 3871.25
================================================================================

Output files:
  - /das/work/units/LBR-FEL/p17490/Peter/Library/work_trees_torchref/alignement/alignment_lab/benchmarks/af_mr/runs/dmin3.0/1RHC/refine_phaser_mr/refined.pdb
  - /das/work/units/LBR-FEL/p17490/Peter/Library/work_trees_torchref/alignement/alignment_lab/benchmarks/af_mr/runs/dmin3.0/1RHC/refine_phaser_mr/refined.cif
  - /das/work/units/LBR-FEL/p17490/Peter/Library/work_trees_torchref/alignement/alignment_lab/benchmarks/af_mr/runs/dmin3.0/1RHC/refine_phaser_mr/refined.mtz
  - /das/work/units/LBR-FEL/p17490/Peter/Library/work_trees_torchref/alignement/alignment_lab/benchmarks/af_mr/runs/dmin3.0/1RHC/refine_phaser_mr/refinement_history.json

Refinement completed successfully!

Timing: 290.0s wall, 310.2s CPU
