/das/work/units/LBR-FEL/p17490/Peter/Library/work_trees_torchref/alignement/torchref/cli/refine.py:21: UserWarning: TorchRef using user-specified 8 threads from TORCHREF_NUM_THREADS.
  from torchref.cli._common import (
================================================================================
TorchRef LBFGS Refinement
================================================================================
Model:             /das/work/units/LBR-FEL/p17490/Peter/Library/work_trees_torchref/alignement/alignment_lab/benchmarks/af_mr/runs/dmin4.0/2W3X/torchref_placed.pdb
Structure factor:  /das/work/units/LBR-FEL/p17490/Peter/Library/work_trees_torchref/dev/paper/data/2W3X/2W3X.mtz
Output directory:  /das/work/units/LBR-FEL/p17490/Peter/Library/work_trees_torchref/alignement/alignment_lab/benchmarks/af_mr/runs/dmin4.0/2W3X/refine_torchref_mr
Refinement mode:   separate
X-ray target:      ml
Refinement cycles: 10
Rigid-body step:   on (iterations/cutoff = 30)
Device:            auto
ADP mode:          isotropic
Wavelength:        1 A
Manual weights:    {"adp": 0.02}
================================================================================

Initializing refinement...
found non-finite F values (NaN/Inf):  0
found non-finite F_sigma values (NaN/Inf):  0
Wilson outlier rejection: 3/83255 (0.0036%) of tested reflections flagged (3 too strong, 0 too weak)
Loaded 6852 atoms
Building restraints...
Found 109 link definitions

Building VDW (non-bonded) restraints...
  Symmetry expansion: 53 valid (symop, offset) combos
  Grid: [16, 12, 20], 2876/3840 cells occupied, max 438 entries/cell
  Built 128713 VDW restraints, 21169 symmetry contacts
  Hydrogen topology: 6777 riding H atoms
  H candidate pairs: 312439 (79732 H-H, 232707 H-heavy, 43169 symmetry)
================================================================================
Restraints Summary
================================================================================
CIF file: None
Residue types in dictionary: 20

INTRA-RESIDUE RESTRAINTS:
--------------------------------------------------------------------------------
  Bonds: 6192
  Angles: 6960
  Torsions: 1884
  Planes: 1452
  Chirals: 978

INTER-RESIDUE RESTRAINTS:
--------------------------------------------------------------------------------
  Peptide bonds: 816
  Peptide angles: 2484
  Disulfide bonds: 0
  Disulfide angles: 0
  Disulfide torsions: 0
  LINK bonds: 0

BACKBONE TORSIONS:
--------------------------------------------------------------------------------
  Phi: 816
  Psi: 816
  Omega: 816
  Ramachandran: 804

VDW RESTRAINTS:
--------------------------------------------------------------------------------
  Non-bonded contacts: 128713 (107544 intra-ASU, 21169 symmetry)
================================================================================
Generated 6780 hydrogens
ADP representation: isotropic, 13632 parameters, 6.5 work reflections each
Initialized ScalerBase with 10 bins.
Building restraints...

Building VDW (non-bonded) restraints...
  Symmetry expansion: 55 valid (symop, offset) combos
  Grid: [16, 12, 20], 3032/3840 cells occupied, max 948 entries/cell
  Built 533401 VDW restraints, 88482 symmetry contacts
================================================================================
Restraints Summary
================================================================================
CIF file: None
Residue types in dictionary: 20

INTRA-RESIDUE RESTRAINTS:
--------------------------------------------------------------------------------
  Bonds: 12972
  Angles: 21462
  Torsions: 2796
  Planes: 2496
  Chirals: 978

INTER-RESIDUE RESTRAINTS:
--------------------------------------------------------------------------------
  Peptide bonds: 816
  Peptide angles: 3264
  Disulfide bonds: 0
  Disulfide angles: 0
  Disulfide torsions: 0
  LINK bonds: 0

BACKBONE TORSIONS:
--------------------------------------------------------------------------------
  Phi: 816
  Psi: 816
  Omega: 816
  Ramachandran: 804

VDW RESTRAINTS:
--------------------------------------------------------------------------------
  Non-bonded contacts: 533401 (444919 intra-ASU, 88482 symmetry)
================================================================================
Initializing TotalGeometryTarget with component targets...
Initializing TotalADPTarget with component targets: simu, locality, sigd
Parametrization built for 5 unique atom types
SfFFT: Using late symmetry (reciprocal space)
