/das/work/units/LBR-FEL/p17490/Peter/Library/work_trees_torchref/alignement/torchref/cli/refine.py:21: UserWarning: TorchRef using user-specified 8 threads from TORCHREF_NUM_THREADS.
  from torchref.cli._common import (
================================================================================
TorchRef LBFGS Refinement
================================================================================
Model:             /das/work/units/LBR-FEL/p17490/Peter/Library/work_trees_torchref/dev/paper/figure2_alphafold_start/placed/2W3X_af.pdb
Structure factor:  /das/work/units/LBR-FEL/p17490/Peter/Library/work_trees_torchref/dev/paper/data/2W3X/2W3X.mtz
Output directory:  /das/work/units/LBR-FEL/p17490/Peter/Library/work_trees_torchref/alignement/alignment_lab/benchmarks/af_mr/runs/dmin4.0/2W3X/refine_phaser_mr
Refinement mode:   separate
X-ray target:      ml
Refinement cycles: 10
Rigid-body step:   on (iterations/cutoff = 30)
Device:            auto
ADP mode:          isotropic
Wavelength:        1 A
Manual weights:    {"adp": 0.02}
================================================================================

Initializing refinement...
found non-finite F values (NaN/Inf):  0
found non-finite F_sigma values (NaN/Inf):  0
Wilson outlier rejection: 3/83255 (0.0036%) of tested reflections flagged (3 too strong, 0 too weak)
Loaded 6852 atoms
Building restraints...
Found 109 link definitions

Building VDW (non-bonded) restraints...
  Symmetry expansion: 38 valid (symop, offset) combos
  Grid: [16, 12, 20], 2940/3840 cells occupied, max 264 entries/cell
  Built 124049 VDW restraints, 11063 symmetry contacts
  Hydrogen topology: 6760 riding H atoms
  H candidate pairs: 295533 (72353 H-H, 223180 H-heavy, 22695 symmetry)
================================================================================
Restraints Summary
================================================================================
CIF file: None
Residue types in dictionary: 20

INTRA-RESIDUE RESTRAINTS:
--------------------------------------------------------------------------------
  Bonds: 6192
  Angles: 6960
  Torsions: 1884
  Planes: 1452
  Chirals: 978

INTER-RESIDUE RESTRAINTS:
--------------------------------------------------------------------------------
  Peptide bonds: 816
  Peptide angles: 2484
  Disulfide bonds: 0
  Disulfide angles: 0
  Disulfide torsions: 0
  LINK bonds: 0

BACKBONE TORSIONS:
--------------------------------------------------------------------------------
  Phi: 816
  Psi: 816
  Omega: 816
  Ramachandran: 804

VDW RESTRAINTS:
--------------------------------------------------------------------------------
  Non-bonded contacts: 124049 (112986 intra-ASU, 11063 symmetry)
================================================================================
Generated 6780 hydrogens
ADP representation: isotropic, 13632 parameters, 6.5 work reflections each
Initialized ScalerBase with 10 bins.
Building restraints...

Building VDW (non-bonded) restraints...
  Symmetry expansion: 38 valid (symop, offset) combos
  Grid: [16, 12, 20], 3116/3840 cells occupied, max 444 entries/cell
  Built 515663 VDW restraints, 47142 symmetry contacts
================================================================================
Restraints Summary
================================================================================
CIF file: None
Residue types in dictionary: 20

INTRA-RESIDUE RESTRAINTS:
--------------------------------------------------------------------------------
  Bonds: 12972
  Angles: 21462
  Torsions: 2796
  Planes: 2496
  Chirals: 978

INTER-RESIDUE RESTRAINTS:
--------------------------------------------------------------------------------
  Peptide bonds: 816
  Peptide angles: 3264
  Disulfide bonds: 0
  Disulfide angles: 0
  Disulfide torsions: 0
  LINK bonds: 0

BACKBONE TORSIONS:
--------------------------------------------------------------------------------
  Phi: 816
  Psi: 816
  Omega: 816
  Ramachandran: 804

VDW RESTRAINTS:
--------------------------------------------------------------------------------
  Non-bonded contacts: 515663 (468521 intra-ASU, 47142 symmetry)
================================================================================
Initializing TotalGeometryTarget with component targets...
Initializing TotalADPTarget with component targets: simu, locality, sigd
Parametrization built for 5 unique atom types
SfFFT: Using late symmetry (reciprocal space)
Calculating initial scale factors using 10 bins.
Refining scales with LBFGS...
Scale refinement complete. rwork: 0.4229, rfree: 0.4345

Final Scale Parameters: 
  c_iso: tensor([ 0.7367,  1.2079,  0.4231, -0.0113,  0.0298, -0.0085])
  U: tensor([ 0.3642,  0.5530,  0.4153,  0.0006,  0.0268, -0.0373])
  solvent.log_k_solvent: -0.9000980854034424
  solvent.log_ss_half: -4.04972505569458
  solvent.log_n_exp: 1.3127683401107788
  solvent.phase_offset: -0.017381133511662483
Initialized targets with xray_mode='ml'
Applied manual group weights: {'xray': 1.0, 'geometry': 0.2, 'geometry/ramachandran': 0.0, 'adp': 0.02, 'adp/sigd': 1.0, 'adp/node_load': 10.0, 'adp/node_smoothness': 0.0}
Refinement initialized successfully.

Starting refinement with 10 macro cycles...

Rigid-body step enabled: one multi-resolution rigid-body pass will run once at the start of refinement.


--- Rigid-body step (once, at start) ---
Switched to rigid-body parametrization: RigidXYZTensor(n_atoms=13632, n_chains=6) (6 chain(s))
Filtering: 2219/90876 reflections in range [inf - 6.0] Å (2219 valid after all masks)
Initialized ScalerBase with 10 bins.
Calculating initial scale factors using 10 bins.
Calculating initial scale factors using 10 bins.
Refining scales with LBFGS...
Scale refinement complete. rwork: 0.3402, rfree: 0.3130

Final Scale Parameters: 
  c_iso: tensor([-0.1344,  0.0530, -0.4318, -0.0156, -0.0708,  0.1823])
  U: tensor([ 0.7346,  0.9376,  0.9140, -0.0827,  0.0795, -0.1399])
  solvent.log_k_solvent: -0.9961698055267334
  solvent.log_ss_half: -4.9304585456848145
  solvent.log_n_exp: 2.422205924987793
  solvent.phase_offset: 0.008083460852503777
  rigid-body d_min=6.00 (lbfgs, iters=30): Rwork=0.3357 Rfree=0.3101
Filtering: 14330/90876 reflections in range [inf - 3.2392255374932466] Å (14330 valid after all masks)
Initialized ScalerBase with 10 bins.
Calculating initial scale factors using 10 bins.
Calculating initial scale factors using 10 bins.
Refining scales with LBFGS...
Scale refinement complete. rwork: 0.3737, rfree: 0.4071

Final Scale Parameters: 
  c_iso: tensor([-0.0082,  0.0606, -0.3908,  0.2819,  0.4517,  0.3823])
  U: tensor([ 0.6186,  0.8900,  0.7228, -0.0025,  0.0233, -0.0882])
  solvent.log_k_solvent: -0.9545364379882812
  solvent.log_ss_half: -4.239085674285889
  solvent.log_n_exp: 0.8968039751052856
  solvent.phase_offset: -0.011147606186568737
  rigid-body d_min=3.24 (lbfgs, iters=30): Rwork=0.3749 Rfree=0.4103
Filtering: 90876/90876 reflections in range [inf - 1.7487636804580688] Å (90873 valid after all masks)
Initialized ScalerBase with 10 bins.
Calculating initial scale factors using 10 bins.
Calculating initial scale factors using 10 bins.
Refining scales with LBFGS...
Scale refinement complete. rwork: 0.4238, rfree: 0.4400

Final Scale Parameters: 
  c_iso: tensor([ 0.7415,  1.2139,  0.4243, -0.0115,  0.0302, -0.0098])
  U: tensor([ 0.3668,  0.5556,  0.4173,  0.0006,  0.0267, -0.0373])
  solvent.log_k_solvent: -0.9005813598632812
  solvent.log_ss_half: -4.045581817626953
  solvent.log_n_exp: 1.3360695838928223
  solvent.phase_offset: -0.015948530286550522
  rigid-body d_min=1.75 (lbfgs, iters=30): Rwork=0.4381 Rfree=0.4570
Initialized ScalerBase with 10 bins.
Calculating initial scale factors using 10 bins.
Calculating initial scale factors using 10 bins.
Refining scales with LBFGS...
Scale refinement complete. rwork: 0.4231, rfree: 0.4364

Final Scale Parameters: 
  c_iso: tensor([ 0.7960,  1.2956,  0.4354, -0.0066,  0.0270, -0.0064])
  U: tensor([ 0.3891,  0.5779,  0.4399,  0.0006,  0.0270, -0.0369])
  solvent.log_k_solvent: -0.9097430109977722
  solvent.log_ss_half: -4.053212642669678
  solvent.log_n_exp: 1.3092344999313354
  solvent.phase_offset: -0.011107382364571095
Initialized ScalerBase with 10 bins.
Calculating initial scale factors using 10 bins.
Calculating initial scale factors using 10 bins.
Refining scales with LBFGS...
Scale refinement complete. rwork: 0.4231, rfree: 0.4364

Final Scale Parameters: 
  c_iso: tensor([ 0.8005,  1.3011,  0.4369, -0.0066,  0.0271, -0.0065])
  U: tensor([ 0.3908,  0.5797,  0.4416,  0.0006,  0.0270, -0.0370])
  solvent.log_k_solvent: -0.9100146889686584
  solvent.log_ss_half: -4.053968906402588
  solvent.log_n_exp: 1.3069791793823242
  solvent.phase_offset: -0.011181469075381756

============================================================
LBFGS Refinement - Cycle 1/10
============================================================
Refining scales with LBFGS...
Scale refinement complete. rwork: 0.4231, rfree: 0.4363

Final Scale Parameters: 
  c_iso: tensor([ 0.7436,  1.2263,  0.4219, -0.0078,  0.0278, -0.0069])
  U: tensor([ 0.3680,  0.5568,  0.4188,  0.0006,  0.0270, -0.0370])
  solvent.log_k_solvent: -0.9062456488609314
  solvent.log_ss_half: -4.040130615234375
  solvent.log_n_exp: 1.3446274995803833
  solvent.phase_offset: -0.011952724307775497
After scaling: Rwork=0.4231, Rfree=0.4363
  VDW rebuild: max drift 3.33 Å > threshold 1.00 Å

Building VDW (non-bonded) restraints...
  Symmetry expansion: 38 valid (symop, offset) combos
  Grid: [16, 12, 20], 3116/3840 cells occupied, max 444 entries/cell
  Built 515663 VDW restraints, 47142 symmetry contacts

────────────────────────────────────────────────────────────────────
  XYZ Refinement
────────────────────────────────────────────────────────────────────

  adp (weight: 0.0200)
  ────────────────────────────────────────────────────────────────
    Metric                       Before      After     Change
    locality                     8901.0     8901.0     0.0000
    scaler_U                    27344.6    27344.6     0.0000
    scaler_log_scale           640200.7   640200.7     0.0000
    sigd                         8776.2     8776.2     0.0000
    simu                        24145.3    24145.3     0.0000

  geometry (weight: 0.2000)
  ────────────────────────────────────────────────────────────────
    Metric                       Before      After     Change
    angle                      -56853.1   -58616.2    -1763.1
    bond                       -42427.4   -45304.0    -2876.6
    chiral                    -529.6087  -612.6078   -82.9991
    nonbonded                  -57743.6  -133563.7   -75820.2
    planarity                  -29932.4   -30295.4  -362.9609
    torsion                     29730.1    29897.0  +166.9277

  other (weight: 1.0000)
  ────────────────────────────────────────────────────────────────
    Metric                       Before      After     Change
    xray                       496019.1   490178.8    -5840.4

  Group Totals
  ────────────────────────────────────────────────────────────────
    Group                        Before      After     Change
    adp                         14187.4    14187.4     0.0000
    geometry                   -31551.2   -47699.0   -16147.8
    xray                       496019.1   490178.8    -5840.4
────────────────────────────────────────────────────────────────────
  VDW rebuild: max drift 3.33 Å > threshold 1.00 Å

Building VDW (non-bonded) restraints...
  Symmetry expansion: 38 valid (symop, offset) combos
  Grid: [16, 12, 20], 3116/3840 cells occupied, max 444 entries/cell
  Built 515663 VDW restraints, 47142 symmetry contacts

────────────────────────────────────────────────────────────────────
  ADP Refinement
────────────────────────────────────────────────────────────────────

  adp (weight: 0.0200)
  ────────────────────────────────────────────────────────────────
    Metric                       Before      After     Change
    locality                     8821.9    44404.6   +35582.7
    scaler_U                    27344.6    27344.6     0.0000
    scaler_log_scale           640200.7   640200.7     0.0000
    sigd                         8776.2     9331.6  +555.3516
    simu                        24145.3    46254.4   +22109.2

  geometry (weight: 0.2000)
  ────────────────────────────────────────────────────────────────
    Metric                       Before      After     Change
    angle                      -58616.2   -58616.2     0.0000
    bond                       -45304.0   -45304.0     0.0000
    chiral                    -612.6078  -612.6078     0.0000
    nonbonded                 -133563.7  -133563.7     0.0000
    planarity                  -30295.4   -30295.4     0.0000
    torsion                     29897.0    29897.0     0.0000

  other (weight: 1.0000)
  ────────────────────────────────────────────────────────────────
    Metric                       Before      After     Change
    xray                       490178.8   479916.6   -10262.2

  Group Totals
  ────────────────────────────────────────────────────────────────
    Group                        Before      After     Change
    adp                         14185.8    15350.7    +1164.9
    geometry                   -47699.0   -47699.0     0.0000
    xray                       490178.8   479916.6   -10262.2
────────────────────────────────────────────────────────────────────

============================================================
LBFGS Refinement - Cycle 2/10
============================================================
Refining scales with LBFGS...
Scale refinement complete. rwork: 0.3376, rfree: 0.3699

Final Scale Parameters: 
  c_iso: tensor([ 0.3596,  0.6744,  0.2376, -0.0478,  0.0343, -0.0083])
  U: tensor([ 0.2183,  0.4017,  0.2616,  0.0010,  0.0269, -0.0382])
  solvent.log_k_solvent: -0.898205041885376
  solvent.log_ss_half: -4.084319114685059
  solvent.log_n_exp: 1.3518352508544922
  solvent.phase_offset: -0.012540566734969616
After scaling: Rwork=0.3376, Rfree=0.3699
  VDW rebuild: max drift 3.10 Å > threshold 1.00 Å

Building VDW (non-bonded) restraints...
  Symmetry expansion: 38 valid (symop, offset) combos
  Grid: [16, 12, 20], 3116/3840 cells occupied, max 444 entries/cell
  Built 515663 VDW restraints, 47142 symmetry contacts

────────────────────────────────────────────────────────────────────
  XYZ Refinement
────────────────────────────────────────────────────────────────────

  adp (weight: 0.0200)
  ────────────────────────────────────────────────────────────────
    Metric                       Before      After     Change
    locality                    44404.6    44404.6     0.0000
    scaler_U                    11772.1    11772.1     0.0000
    scaler_log_scale           193316.2   193316.2     0.0000
    sigd                         9331.6     9331.6     0.0000
    simu                        46254.4    46254.4     0.0000

  geometry (weight: 0.2000)
  ────────────────────────────────────────────────────────────────
    Metric                       Before      After     Change
    angle                      -58616.2   -58713.6   -97.4258
    bond                       -45304.0   -45159.8  +144.1445
    chiral                    -612.6078  -579.9375   +32.6703
    nonbonded                 -133563.7  -133099.3  +464.4375
    planarity                  -30295.4   -30428.2  -132.8633
    torsion                     29897.0    29862.9   -34.1152

  other (weight: 1.0000)
  ────────────────────────────────────────────────────────────────
    Metric                       Before      After     Change
    xray                       480643.4   469858.2   -10785.2

  Group Totals
  ────────────────────────────────────────────────────────────────
    Group                        Before      After     Change
    adp                          6101.6     6101.6     0.0000
    geometry                   -47699.0   -47623.6   +75.3700
    xray                       480643.4   469858.2   -10785.2
────────────────────────────────────────────────────────────────────
  VDW rebuild: max drift 3.10 Å > threshold 1.00 Å

Building VDW (non-bonded) restraints...
  Symmetry expansion: 38 valid (symop, offset) combos
  Grid: [16, 12, 20], 3116/3840 cells occupied, max 444 entries/cell
  Built 515663 VDW restraints, 47142 symmetry contacts

────────────────────────────────────────────────────────────────────
  ADP Refinement
────────────────────────────────────────────────────────────────────

  adp (weight: 0.0200)
  ────────────────────────────────────────────────────────────────
    Metric                       Before      After     Change
    locality                    44495.6    63114.3   +18618.7
    scaler_U                    11772.1    11772.1     0.0000
    scaler_log_scale           193316.2   193316.2     0.0000
    sigd                         9331.6     9478.3  +146.6934
    simu                        46254.4    59303.5   +13049.1

  geometry (weight: 0.2000)
  ────────────────────────────────────────────────────────────────
    Metric                       Before      After     Change
    angle                      -58713.6   -58713.6     0.0000
    bond                       -45159.8   -45159.8     0.0000
    chiral                    -579.9375  -579.9375     0.0000
    nonbonded                 -133099.3  -133099.3     0.0000
    planarity                  -30428.2   -30428.2     0.0000
    torsion                     29862.9    29862.9     0.0000

  other (weight: 1.0000)
  ────────────────────────────────────────────────────────────────
    Metric                       Before      After     Change
    xray                       469858.2   467147.1    -2711.1

  Group Totals
  ────────────────────────────────────────────────────────────────
    Group                        Before      After     Change
    adp                          6103.4     6739.7  +636.2893
    geometry                   -47623.6   -47623.6     0.0000
    xray                       469858.2   467147.1    -2711.1
────────────────────────────────────────────────────────────────────

============================================================
LBFGS Refinement - Cycle 3/10
============================================================
Refining scales with LBFGS...
Scale refinement complete. rwork: 0.2880, rfree: 0.3239

Final Scale Parameters: 
  c_iso: tensor([ 0.2162,  0.4963,  0.1748, -0.0553,  0.0356, -0.0120])
  U: tensor([ 0.1575,  0.3412,  0.1995, -0.0012,  0.0276, -0.0350])
  solvent.log_k_solvent: -0.9068023562431335
  solvent.log_ss_half: -4.049435615539551
  solvent.log_n_exp: 1.4384337663650513
  solvent.phase_offset: -0.009324864484369755
After scaling: Rwork=0.2880, Rfree=0.3239
  VDW rebuild: max drift 3.14 Å > threshold 1.00 Å

Building VDW (non-bonded) restraints...
  Symmetry expansion: 38 valid (symop, offset) combos
  Grid: [16, 12, 20], 3116/3840 cells occupied, max 444 entries/cell
  Built 515663 VDW restraints, 47142 symmetry contacts

────────────────────────────────────────────────────────────────────
  XYZ Refinement
────────────────────────────────────────────────────────────────────

  adp (weight: 0.0200)
  ────────────────────────────────────────────────────────────────
    Metric                       Before      After     Change
    locality                    63114.3    63114.3     0.0000
    scaler_U                     7382.3     7382.3     0.0000
    scaler_log_scale           103731.6   103731.6     0.0000
    sigd                         9478.3     9478.3     0.0000
    simu                        59303.5    59303.5     0.0000

  geometry (weight: 0.2000)
  ────────────────────────────────────────────────────────────────
    Metric                       Before      After     Change
    angle                      -58713.6   -58653.4   +60.1875
    bond                       -45159.8   -45481.7  -321.8633
    chiral                    -579.9375  -595.6808   -15.7433
    nonbonded                 -133099.3  -133592.3  -493.0312
    planarity                  -30428.2   -30441.2   -13.0254
    torsion                     29862.9    29910.6   +47.7109

  other (weight: 1.0000)
  ────────────────────────────────────────────────────────────────
    Metric                       Before      After     Change
    xray                       467149.9   461890.1    -5259.9

  Group Totals
  ────────────────────────────────────────────────────────────────
    Group                        Before      After     Change
    adp                          4860.2     4860.2     0.0000
    geometry                   -47623.6   -47770.8  -147.1531
    xray                       467149.9   461890.1    -5259.9
────────────────────────────────────────────────────────────────────
  VDW rebuild: max drift 3.14 Å > threshold 1.00 Å

Building VDW (non-bonded) restraints...
  Symmetry expansion: 38 valid (symop, offset) combos
  Grid: [16, 12, 20], 3116/3840 cells occupied, max 444 entries/cell
  Built 515663 VDW restraints, 47142 symmetry contacts

────────────────────────────────────────────────────────────────────
  ADP Refinement
────────────────────────────────────────────────────────────────────

  adp (weight: 0.0200)
  ────────────────────────────────────────────────────────────────
    Metric                       Before      After     Change
    locality                    63159.7    67613.9    +4454.3
    scaler_U                     7382.3     7382.3     0.0000
    scaler_log_scale           103731.6   103731.6     0.0000
    sigd                         9478.3     9457.9   -20.3457
    simu                        59303.5    63454.4    +4150.9

  geometry (weight: 0.2000)
  ────────────────────────────────────────────────────────────────
    Metric                       Before      After     Change
    angle                      -58653.4   -58653.4     0.0000
    bond                       -45481.7   -45481.7     0.0000
    chiral                    -595.6808  -595.6808     0.0000
    nonbonded                 -133592.3  -133592.3     0.0000
    planarity                  -30441.2   -30441.2     0.0000
    torsion                     29910.6    29910.6     0.0000

  other (weight: 1.0000)
  ────────────────────────────────────────────────────────────────
    Metric                       Before      After     Change
    xray                       461890.1   460905.6  -984.4688

  Group Totals
  ────────────────────────────────────────────────────────────────
    Group                        Before      After     Change
    adp                          4861.1     5032.8  +171.6964
    geometry                   -47770.8   -47770.8     0.0000
    xray                       461890.1   460905.6  -984.4688
────────────────────────────────────────────────────────────────────

============================================================
LBFGS Refinement - Cycle 4/10
============================================================
Refining scales with LBFGS...
Scale refinement complete. rwork: 0.2671, rfree: 0.3032

Final Scale Parameters: 
  c_iso: tensor([ 0.1328,  0.3842,  0.1577, -0.0538,  0.0353, -0.0163])
  U: tensor([ 0.1211,  0.3058,  0.1632, -0.0021,  0.0287, -0.0341])
  solvent.log_k_solvent: -0.9078180193901062
  solvent.log_ss_half: -4.0072855949401855
  solvent.log_n_exp: 1.5198308229446411
  solvent.phase_offset: -0.006943634711205959
After scaling: Rwork=0.2671, Rfree=0.3032
  VDW rebuild: max drift 3.05 Å > threshold 1.00 Å

Building VDW (non-bonded) restraints...
  Symmetry expansion: 38 valid (symop, offset) combos
  Grid: [16, 12, 20], 3116/3840 cells occupied, max 444 entries/cell
  Built 515663 VDW restraints, 47142 symmetry contacts

────────────────────────────────────────────────────────────────────
  XYZ Refinement
────────────────────────────────────────────────────────────────────

  adp (weight: 0.0200)
  ────────────────────────────────────────────────────────────────
    Metric                       Before      After     Change
    locality                    67613.9    67613.9     0.0000
    scaler_U                     5275.0     5275.0     0.0000
    scaler_log_scale            68716.3    68716.3     0.0000
    sigd                         9457.9     9457.9     0.0000
    simu                        63454.4    63454.4     0.0000

  geometry (weight: 0.2000)
  ────────────────────────────────────────────────────────────────
    Metric                       Before      After     Change
    angle                      -58653.4   -59295.4  -641.9922
    bond                       -45481.7   -45392.1   +89.6250
    chiral                    -595.6808  -597.2753    -1.5945
    nonbonded                 -133592.3  -133668.8   -76.4844
    planarity                  -30441.2   -30520.8   -79.5703
    torsion                     29910.6    29909.9    -0.7168

  other (weight: 1.0000)
  ────────────────────────────────────────────────────────────────
    Metric                       Before      After     Change
    xray                       460900.0   457909.0    -2991.0

  Group Totals
  ────────────────────────────────────────────────────────────────
    Group                        Before      After     Change
    adp                          4290.4     4290.4     0.0000
    geometry                   -47770.8   -47912.9  -142.1465
    xray                       460900.0   457909.0    -2991.0
────────────────────────────────────────────────────────────────────
  VDW rebuild: max drift 3.05 Å > threshold 1.00 Å

Building VDW (non-bonded) restraints...
  Symmetry expansion: 38 valid (symop, offset) combos
  Grid: [16, 12, 20], 3116/3840 cells occupied, max 444 entries/cell
  Built 515663 VDW restraints, 47142 symmetry contacts

────────────────────────────────────────────────────────────────────
  ADP Refinement
────────────────────────────────────────────────────────────────────

  adp (weight: 0.0200)
  ────────────────────────────────────────────────────────────────
    Metric                       Before      After     Change
    locality                    67664.8    67570.0   -94.7578
    scaler_U                     5275.0     5275.0     0.0000
    scaler_log_scale            68716.3    68716.3     0.0000
    sigd                         9457.9     9402.5   -55.4326
    simu                        63454.4    64342.4  +887.9258

  geometry (weight: 0.2000)
  ────────────────────────────────────────────────────────────────
    Metric                       Before      After     Change
    angle                      -59295.4   -59295.4     0.0000
    bond                       -45392.1   -45392.1     0.0000
    chiral                    -597.2753  -597.2753     0.0000
    nonbonded                 -133668.8  -133668.8     0.0000
    planarity                  -30520.8   -30520.8     0.0000
    torsion                     29909.9    29909.9     0.0000

  other (weight: 1.0000)
  ────────────────────────────────────────────────────────────────
    Metric                       Before      After     Change
    xray                       457909.0   457343.6  -565.4688

  Group Totals
  ────────────────────────────────────────────────────────────────
    Group                        Before      After     Change
    adp                          4291.4     4306.1   +14.7546
    geometry                   -47912.9   -47912.9     0.0000
    xray                       457909.0   457343.6  -565.4688
────────────────────────────────────────────────────────────────────

============================================================
LBFGS Refinement - Cycle 5/10
============================================================
Refining scales with LBFGS...
Scale refinement complete. rwork: 0.2558, rfree: 0.2911

Final Scale Parameters: 
  c_iso: tensor([ 0.1942,  0.4766,  0.1715, -0.0459,  0.0324, -0.0122])
  U: tensor([ 0.1485,  0.3346,  0.1910, -0.0020,  0.0293, -0.0340])
  solvent.log_k_solvent: -0.9173340201377869
  solvent.log_ss_half: -4.008843421936035
  solvent.log_n_exp: 1.482452630996704
  solvent.phase_offset: -0.00998503528535366
After scaling: Rwork=0.2558, Rfree=0.2911
  VDW rebuild: max drift 3.09 Å > threshold 1.00 Å

Building VDW (non-bonded) restraints...
  Symmetry expansion: 38 valid (symop, offset) combos
  Grid: [16, 12, 20], 3116/3840 cells occupied, max 444 entries/cell
  Built 515663 VDW restraints, 47142 symmetry contacts

────────────────────────────────────────────────────────────────────
  XYZ Refinement
────────────────────────────────────────────────────────────────────

  adp (weight: 0.0200)
  ────────────────────────────────────────────────────────────────
    Metric                       Before      After     Change
    locality                    67570.0    67570.0     0.0000
    scaler_U                     6881.4     6881.4     0.0000
    scaler_log_scale            97316.2    97316.2     0.0000
    sigd                         9402.5     9402.5     0.0000
    simu                        64342.4    64342.4     0.0000

  geometry (weight: 0.2000)
  ────────────────────────────────────────────────────────────────
    Metric                       Before      After     Change
    angle                      -59295.4   -59455.8  -160.3711
    bond                       -45392.1   -45552.0  -159.8984
    chiral                    -597.2753  -598.1802    -0.9049
    nonbonded                 -133668.8  -133785.9  -117.1406
    planarity                  -30520.8   -30498.0   +22.8027
    torsion                     29909.9    29937.8   +27.8535

  other (weight: 1.0000)
  ────────────────────────────────────────────────────────────────
    Metric                       Before      After     Change
    xray                       457430.5   455518.6    -1911.9

  Group Totals
  ────────────────────────────────────────────────────────────────
    Group                        Before      After     Change
    adp                          4910.2     4910.2     0.0000
    geometry                   -47912.9   -47990.4   -77.5316
    xray                       457430.5   455518.6    -1911.9
────────────────────────────────────────────────────────────────────
  VDW rebuild: max drift 3.09 Å > threshold 1.00 Å

Building VDW (non-bonded) restraints...
  Symmetry expansion: 38 valid (symop, offset) combos
  Grid: [16, 12, 20], 3116/3840 cells occupied, max 444 entries/cell
  Built 515663 VDW restraints, 47142 symmetry contacts

────────────────────────────────────────────────────────────────────
  ADP Refinement
────────────────────────────────────────────────────────────────────

  adp (weight: 0.0200)
  ────────────────────────────────────────────────────────────────
    Metric                       Before      After     Change
    locality                    67709.1    66890.3  -818.8203
    scaler_U                     6881.4     6881.4     0.0000
    scaler_log_scale            97316.2    97316.2     0.0000
    sigd                         9402.5     9368.7   -33.7783
    simu                        64342.4    64497.7  +155.2969

  geometry (weight: 0.2000)
  ────────────────────────────────────────────────────────────────
    Metric                       Before      After     Change
    angle                      -59455.8   -59455.8     0.0000
    bond                       -45552.0   -45552.0     0.0000
    chiral                    -598.1802  -598.1802     0.0000
    nonbonded                 -133785.9  -133785.9     0.0000
    planarity                  -30498.0   -30498.0     0.0000
    torsion                     29937.8    29937.8     0.0000

  other (weight: 1.0000)
  ────────────────────────────────────────────────────────────────
    Metric                       Before      After     Change
    xray                       455518.6   455238.1  -280.5312

  Group Totals
  ────────────────────────────────────────────────────────────────
    Group                        Before      After     Change
    adp                          4913.0     4899.1   -13.9460
    geometry                   -47990.4   -47990.4     0.0000
    xray                       455518.6   455238.1  -280.5312
────────────────────────────────────────────────────────────────────

============================================================
LBFGS Refinement - Cycle 6/10
============================================================
Refining scales with LBFGS...
Scale refinement complete. rwork: 0.2489, rfree: 0.2861

Final Scale Parameters: 
  c_iso: tensor([ 0.1951,  0.4816,  0.1692, -0.0454,  0.0295, -0.0109])
  U: tensor([ 0.1520,  0.3388,  0.1954, -0.0028,  0.0305, -0.0342])
  solvent.log_k_solvent: -0.9203439354896545
  solvent.log_ss_half: -4.004837989807129
  solvent.log_n_exp: 1.496421217918396
  solvent.phase_offset: -0.005882443860173225
After scaling: Rwork=0.2489, Rfree=0.2861
  VDW rebuild: max drift 3.02 Å > threshold 1.00 Å

Building VDW (non-bonded) restraints...
  Symmetry expansion: 38 valid (symop, offset) combos
  Grid: [16, 12, 20], 3116/3840 cells occupied, max 444 entries/cell
  Built 515663 VDW restraints, 47142 symmetry contacts

────────────────────────────────────────────────────────────────────
  XYZ Refinement
────────────────────────────────────────────────────────────────────

  adp (weight: 0.0200)
  ────────────────────────────────────────────────────────────────
    Metric                       Before      After     Change
    locality                    66890.3    66890.3     0.0000
    scaler_U                     7132.1     7132.1     0.0000
    scaler_log_scale            98260.9    98260.9     0.0000
    sigd                         9368.7     9368.7     0.0000
    simu                        64497.7    64497.7     0.0000

  geometry (weight: 0.2000)
  ────────────────────────────────────────────────────────────────
    Metric                       Before      After     Change
    angle                      -59455.8   -59663.2  -207.4375
    bond                       -45552.0   -45537.4   +14.5312
    chiral                    -598.1802  -600.2783    -2.0981
    nonbonded                 -133785.9  -133705.2   +80.7812
    planarity                  -30498.0   -30542.6   -44.5840
    torsion                     29937.8    29934.9    -2.8789

  other (weight: 1.0000)
  ────────────────────────────────────────────────────────────────
    Metric                       Before      After     Change
    xray                       455368.8   454223.9    -1145.0

  Group Totals
  ────────────────────────────────────────────────────────────────
    Group                        Before      After     Change
    adp                          4923.0     4923.0     0.0000
    geometry                   -47990.4   -48022.8   -32.3371
    xray                       455368.8   454223.9    -1145.0
────────────────────────────────────────────────────────────────────
  VDW rebuild: max drift 3.02 Å > threshold 1.00 Å

Building VDW (non-bonded) restraints...
  Symmetry expansion: 38 valid (symop, offset) combos
  Grid: [16, 12, 20], 3116/3840 cells occupied, max 444 entries/cell
  Built 515663 VDW restraints, 47142 symmetry contacts

────────────────────────────────────────────────────────────────────
  ADP Refinement
────────────────────────────────────────────────────────────────────

  adp (weight: 0.0200)
  ────────────────────────────────────────────────────────────────
    Metric                       Before      After     Change
    locality                    66926.9    65582.2    -1344.7
    scaler_U                     7132.1     7132.1     0.0000
    scaler_log_scale            98260.9    98260.9     0.0000
    sigd                         9368.7     9344.8   -23.9102
    simu                        64497.7    63698.2  -799.5117

  geometry (weight: 0.2000)
  ────────────────────────────────────────────────────────────────
    Metric                       Before      After     Change
    angle                      -59663.2   -59663.2     0.0000
    bond                       -45537.4   -45537.4     0.0000
    chiral                    -600.2783  -600.2783     0.0000
    nonbonded                 -133705.2  -133705.2     0.0000
    planarity                  -30542.6   -30542.6     0.0000
    torsion                     29934.9    29934.9     0.0000

  other (weight: 1.0000)
  ────────────────────────────────────────────────────────────────
    Metric                       Before      After     Change
    xray                       454223.9   454194.2   -29.6875

  Group Totals
  ────────────────────────────────────────────────────────────────
    Group                        Before      After     Change
    adp                          4923.7     4880.4   -43.3627
    geometry                   -48022.8   -48022.8     0.0000
    xray                       454223.9   454194.2   -29.6875
────────────────────────────────────────────────────────────────────

============================================================
LBFGS Refinement - Cycle 7/10
============================================================
Refining scales with LBFGS...
Scale refinement complete. rwork: 0.2453, rfree: 0.2852

Final Scale Parameters: 
  c_iso: tensor([ 0.1920,  0.4814,  0.1673, -0.0457,  0.0283, -0.0112])
  U: tensor([ 0.1546,  0.3416,  0.1986, -0.0028,  0.0307, -0.0346])
  solvent.log_k_solvent: -0.9209962487220764
  solvent.log_ss_half: -4.00950813293457
  solvent.log_n_exp: 1.4962217807769775
  solvent.phase_offset: -0.005618481896817684
After scaling: Rwork=0.2453, Rfree=0.2852
  VDW rebuild: max drift 3.11 Å > threshold 1.00 Å

Building VDW (non-bonded) restraints...
  Symmetry expansion: 38 valid (symop, offset) combos
  Grid: [16, 12, 20], 3116/3840 cells occupied, max 444 entries/cell
  Built 515663 VDW restraints, 47142 symmetry contacts

────────────────────────────────────────────────────────────────────
  XYZ Refinement
────────────────────────────────────────────────────────────────────

  adp (weight: 0.0200)
  ────────────────────────────────────────────────────────────────
    Metric                       Before      After     Change
    locality                    65582.2    65582.2     0.0000
    scaler_U                     7312.1     7312.1     0.0000
    scaler_log_scale            97786.2    97786.2     0.0000
    sigd                         9344.8     9344.8     0.0000
    simu                        63698.2    63698.2     0.0000

  geometry (weight: 0.2000)
  ────────────────────────────────────────────────────────────────
    Metric                       Before      After     Change
    angle                      -59663.2   -59688.6   -25.3750
    bond                       -45537.4   -45543.8    -6.4062
    chiral                    -600.2783  -603.3712    -3.0928
    nonbonded                 -133705.2  -133816.8  -111.6562
    planarity                  -30542.6   -30549.6    -6.9805
    torsion                     29934.9    29940.4    +5.5684

  other (weight: 1.0000)
  ────────────────────────────────────────────────────────────────
    Metric                       Before      After     Change
    xray                       454390.9   453494.8  -896.1250

  Group Totals
  ────────────────────────────────────────────────────────────────
    Group                        Before      After     Change
    adp                          4874.5     4874.5     0.0000
    geometry                   -48022.8   -48052.4   -29.5893
    xray                       454390.9   453494.8  -896.1250
────────────────────────────────────────────────────────────────────
  VDW rebuild: max drift 3.11 Å > threshold 1.00 Å

Building VDW (non-bonded) restraints...
  Symmetry expansion: 38 valid (symop, offset) combos
  Grid: [16, 12, 20], 3116/3840 cells occupied, max 444 entries/cell
  Built 515663 VDW restraints, 47142 symmetry contacts

────────────────────────────────────────────────────────────────────
  ADP Refinement
────────────────────────────────────────────────────────────────────

  adp (weight: 0.0200)
  ────────────────────────────────────────────────────────────────
    Metric                       Before      After     Change
    locality                    65621.1    64652.7  -968.4180
    scaler_U                     7312.1     7312.1     0.0000
    scaler_log_scale            97786.2    97786.2     0.0000
    sigd                         9344.8     9331.5   -13.3223
    simu                        63698.2    63024.2  -674.0000

  geometry (weight: 0.2000)
  ────────────────────────────────────────────────────────────────
    Metric                       Before      After     Change
    angle                      -59688.6   -59688.6     0.0000
    bond                       -45543.8   -45543.8     0.0000
    chiral                    -603.3712  -603.3712     0.0000
    nonbonded                 -133816.8  -133816.8     0.0000
    planarity                  -30549.6   -30549.6     0.0000
    torsion                     29940.4    29940.4     0.0000

  other (weight: 1.0000)
  ────────────────────────────────────────────────────────────────
    Metric                       Before      After     Change
    xray                       453494.8   453516.9   +22.1250

  Group Totals
  ────────────────────────────────────────────────────────────────
    Group                        Before      After     Change
    adp                          4875.2     4842.1   -33.1147
    geometry                   -48052.4   -48052.4     0.0000
    xray                       453494.8   453516.9   +22.1250
────────────────────────────────────────────────────────────────────

============================================================
LBFGS Refinement - Cycle 8/10
============================================================
Refining scales with LBFGS...
Scale refinement complete. rwork: 0.2427, rfree: 0.2825

Final Scale Parameters: 
  c_iso: tensor([ 0.1893,  0.4820,  0.1656, -0.0443,  0.0268, -0.0108])
  U: tensor([ 0.1578,  0.3449,  0.2021, -0.0028,  0.0308, -0.0354])
  solvent.log_k_solvent: -0.9217953681945801
  solvent.log_ss_half: -4.005415439605713
  solvent.log_n_exp: 1.4955940246582031
  solvent.phase_offset: -0.0043625785037875175
After scaling: Rwork=0.2427, Rfree=0.2825
  VDW rebuild: max drift 3.05 Å > threshold 1.00 Å

Building VDW (non-bonded) restraints...
  Symmetry expansion: 38 valid (symop, offset) combos
  Grid: [16, 12, 20], 3116/3840 cells occupied, max 444 entries/cell
  Built 515663 VDW restraints, 47142 symmetry contacts

────────────────────────────────────────────────────────────────────
  XYZ Refinement
────────────────────────────────────────────────────────────────────

  adp (weight: 0.0200)
  ────────────────────────────────────────────────────────────────
    Metric                       Before      After     Change
    locality                    64652.7    64652.7     0.0000
    scaler_U                     7524.0     7524.0     0.0000
    scaler_log_scale            97531.2    97531.2     0.0000
    sigd                         9331.5     9331.5     0.0000
    simu                        63024.2    63024.2     0.0000

  geometry (weight: 0.2000)
  ────────────────────────────────────────────────────────────────
    Metric                       Before      After     Change
    angle                      -59688.6   -59781.0   -92.3516
    bond                       -45543.8   -45586.4   -42.5234
    chiral                    -603.3712  -603.0771    +0.2940
    nonbonded                 -133816.8  -133767.4   +49.4219
    planarity                  -30549.6   -30575.2   -25.6035
    torsion                     29940.4    29928.1   -12.3652

  other (weight: 1.0000)
  ────────────────────────────────────────────────────────────────
    Metric                       Before      After     Change
    xray                       453745.0   453043.6  -701.3750

  Group Totals
  ────────────────────────────────────────────────────────────────
    Group                        Before      After     Change
    adp                          4841.3     4841.3     0.0000
    geometry                   -48052.4   -48077.0   -24.6258
    xray                       453745.0   453043.6  -701.3750
────────────────────────────────────────────────────────────────────
  VDW rebuild: max drift 3.05 Å > threshold 1.00 Å

Building VDW (non-bonded) restraints...
  Symmetry expansion: 38 valid (symop, offset) combos
  Grid: [16, 12, 20], 3116/3840 cells occupied, max 444 entries/cell
  Built 515663 VDW restraints, 47142 symmetry contacts

────────────────────────────────────────────────────────────────────
  ADP Refinement
────────────────────────────────────────────────────────────────────

  adp (weight: 0.0200)
  ────────────────────────────────────────────────────────────────
    Metric                       Before      After     Change
    locality                    64664.7    63886.8  -777.8867
    scaler_U                     7524.0     7524.0     0.0000
    scaler_log_scale            97531.2    97531.2     0.0000
    sigd                         9331.5     9322.6    -8.8623
    simu                        63024.2    62298.9  -725.2852

  geometry (weight: 0.2000)
  ────────────────────────────────────────────────────────────────
    Metric                       Before      After     Change
    angle                      -59781.0   -59781.0     0.0000
    bond                       -45586.4   -45586.4     0.0000
    chiral                    -603.0771  -603.0771     0.0000
    nonbonded                 -133767.4  -133767.4     0.0000
    planarity                  -30575.2   -30575.2     0.0000
    torsion                     29928.1    29928.1     0.0000

  other (weight: 1.0000)
  ────────────────────────────────────────────────────────────────
    Metric                       Before      After     Change
    xray                       453043.6   453074.0   +30.3750

  Group Totals
  ────────────────────────────────────────────────────────────────
    Group                        Before      After     Change
    adp                          4841.5     4811.3   -30.2407
    geometry                   -48077.0   -48077.0     0.0000
    xray                       453043.6   453074.0   +30.3750
────────────────────────────────────────────────────────────────────

============================================================
LBFGS Refinement - Cycle 9/10
============================================================
Refining scales with LBFGS...
Scale refinement complete. rwork: 0.2413, rfree: 0.2828

Final Scale Parameters: 
  c_iso: tensor([ 0.1865,  0.4809,  0.1655, -0.0443,  0.0268, -0.0103])
  U: tensor([ 0.1610,  0.3482,  0.2058, -0.0025,  0.0308, -0.0364])
  solvent.log_k_solvent: -0.921768307685852
  solvent.log_ss_half: -4.0052170753479
  solvent.log_n_exp: 1.4945251941680908
  solvent.phase_offset: -0.005251494236290455
After scaling: Rwork=0.2413, Rfree=0.2828
  VDW rebuild: max drift 3.13 Å > threshold 1.00 Å

Building VDW (non-bonded) restraints...
  Symmetry expansion: 38 valid (symop, offset) combos
  Grid: [16, 12, 20], 3116/3840 cells occupied, max 444 entries/cell
  Built 515663 VDW restraints, 47142 symmetry contacts

────────────────────────────────────────────────────────────────────
  XYZ Refinement
────────────────────────────────────────────────────────────────────

  adp (weight: 0.0200)
  ────────────────────────────────────────────────────────────────
    Metric                       Before      After     Change
    locality                    63886.8    63886.8     0.0000
    scaler_U                     7741.0     7741.0     0.0000
    scaler_log_scale            97118.6    97118.6     0.0000
    sigd                         9322.6     9322.6     0.0000
    simu                        62298.9    62298.9     0.0000

  geometry (weight: 0.2000)
  ────────────────────────────────────────────────────────────────
    Metric                       Before      After     Change
    angle                      -59781.0   -59710.4   +70.6094
    bond                       -45586.4   -45493.4   +92.9766
    chiral                    -603.0771  -603.4986    -0.4214
    nonbonded                 -133767.4  -133818.5   -51.1406
    planarity                  -30575.2   -30541.4   +33.7637
    torsion                     29928.1    29924.9    -3.1406

  other (weight: 1.0000)
  ────────────────────────────────────────────────────────────────
    Metric                       Before      After     Change
    xray                       453345.6   452597.0  -748.6250

  Group Totals
  ────────────────────────────────────────────────────────────────
    Group                        Before      After     Change
    adp                          4807.4     4807.4     0.0000
    geometry                   -48077.0   -48048.5   +28.5300
    xray                       453345.6   452597.0  -748.6250
────────────────────────────────────────────────────────────────────
  VDW rebuild: max drift 3.13 Å > threshold 1.00 Å

Building VDW (non-bonded) restraints...
  Symmetry expansion: 38 valid (symop, offset) combos
  Grid: [16, 12, 20], 3116/3840 cells occupied, max 444 entries/cell
  Built 515663 VDW restraints, 47142 symmetry contacts

────────────────────────────────────────────────────────────────────
  ADP Refinement
────────────────────────────────────────────────────────────────────

  adp (weight: 0.0200)
  ────────────────────────────────────────────────────────────────
    Metric                       Before      After     Change
    locality                    63919.4    63288.3  -631.1172
    scaler_U                     7741.0     7741.0     0.0000
    scaler_log_scale            97118.6    97118.6     0.0000
    sigd                         9322.6     9317.5    -5.1504
    simu                        62298.9    61629.6  -669.2695

  geometry (weight: 0.2000)
  ────────────────────────────────────────────────────────────────
    Metric                       Before      After     Change
    angle                      -59710.4   -59710.4     0.0000
    bond                       -45493.4   -45493.4     0.0000
    chiral                    -603.4986  -603.4986     0.0000
    nonbonded                 -133818.5  -133818.5     0.0000
    planarity                  -30541.4   -30541.4     0.0000
    torsion                     29924.9    29924.9     0.0000

  other (weight: 1.0000)
  ────────────────────────────────────────────────────────────────
    Metric                       Before      After     Change
    xray                       452597.0   452545.1   -51.8750

  Group Totals
  ────────────────────────────────────────────────────────────────
    Group                        Before      After     Change
    adp                          4808.0     4781.9   -26.1107
    geometry                   -48048.5   -48048.5     0.0000
    xray                       452597.0   452545.1   -51.8750
────────────────────────────────────────────────────────────────────

============================================================
LBFGS Refinement - Cycle 10/10
============================================================
Refining scales with LBFGS...
Scale refinement complete. rwork: 0.2399, rfree: 0.2826

Final Scale Parameters: 
  c_iso: tensor([ 0.1830,  0.4825,  0.1630, -0.0414,  0.0251, -0.0083])
  U: tensor([ 0.1638,  0.3514,  0.2093, -0.0023,  0.0306, -0.0373])
  solvent.log_k_solvent: -0.922198474407196
  solvent.log_ss_half: -4.001547336578369
  solvent.log_n_exp: 1.4944283962249756
  solvent.phase_offset: -0.007707236334681511
After scaling: Rwork=0.2399, Rfree=0.2826
  VDW rebuild: max drift 3.07 Å > threshold 1.00 Å

Building VDW (non-bonded) restraints...
  Symmetry expansion: 38 valid (symop, offset) combos
  Grid: [16, 12, 20], 3116/3840 cells occupied, max 444 entries/cell
  Built 515663 VDW restraints, 47142 symmetry contacts

────────────────────────────────────────────────────────────────────
  XYZ Refinement
────────────────────────────────────────────────────────────────────

  adp (weight: 0.0200)
  ────────────────────────────────────────────────────────────────
    Metric                       Before      After     Change
    locality                    63288.3    63288.3     0.0000
    scaler_U                     7952.1     7952.1     0.0000
    scaler_log_scale            96670.1    96670.1     0.0000
    sigd                         9317.5     9317.5     0.0000
    simu                        61629.6    61629.6     0.0000

  geometry (weight: 0.2000)
  ────────────────────────────────────────────────────────────────
    Metric                       Before      After     Change
    angle                      -59710.4   -59777.8   -67.4609
    bond                       -45493.4   -45593.2   -99.7852
    chiral                    -603.4986  -602.1362    +1.3624
    nonbonded                 -133818.5  -133782.5   +36.0625
    planarity                  -30541.4   -30579.3   -37.8633
    torsion                     29924.9    29916.8    -8.1836

  other (weight: 1.0000)
  ────────────────────────────────────────────────────────────────
    Metric                       Before      After     Change
    xray                       452795.2   452371.6  -423.5312

  Group Totals
  ────────────────────────────────────────────────────────────────
    Group                        Before      After     Change
    adp                          4777.2     4777.2     0.0000
    geometry                   -48048.5   -48083.6   -35.1733
    xray                       452795.2   452371.6  -423.5312
────────────────────────────────────────────────────────────────────
  VDW rebuild: max drift 3.07 Å > threshold 1.00 Å

Building VDW (non-bonded) restraints...
  Symmetry expansion: 38 valid (symop, offset) combos
  Grid: [16, 12, 20], 3116/3840 cells occupied, max 444 entries/cell
  Built 515663 VDW restraints, 47142 symmetry contacts

────────────────────────────────────────────────────────────────────
  ADP Refinement
────────────────────────────────────────────────────────────────────

  adp (weight: 0.0200)
  ────────────────────────────────────────────────────────────────
    Metric                       Before      After     Change
    locality                    63308.3    62605.0  -703.2969
    scaler_U                     7952.1     7952.1     0.0000
    scaler_log_scale            96670.1    96670.1     0.0000
    sigd                         9317.5     9315.4    -2.0186
    simu                        61629.6    60811.7  -817.9336

  geometry (weight: 0.2000)
  ────────────────────────────────────────────────────────────────
    Metric                       Before      After     Change
    angle                      -59777.8   -59777.8     0.0000
    bond                       -45593.2   -45593.2     0.0000
    chiral                    -602.1362  -602.1362     0.0000
    nonbonded                 -133782.5  -133782.5     0.0000
    planarity                  -30579.3   -30579.3     0.0000
    torsion                     29916.8    29916.8     0.0000

  other (weight: 1.0000)
  ────────────────────────────────────────────────────────────────
    Metric                       Before      After     Change
    xray                       452371.6   452423.0   +51.4062

  Group Totals
  ────────────────────────────────────────────────────────────────
    Group                        Before      After     Change
    adp                          4777.6     4747.1   -30.4650
    geometry                   -48083.6   -48083.6     0.0000
    xray                       452371.6   452423.0   +51.4062
────────────────────────────────────────────────────────────────────
Calculating initial scale factors using 10 bins.
Refining scales with LBFGS...
Scale refinement complete. rwork: 0.2392, rfree: 0.2812

Final Scale Parameters: 
  c_iso: tensor([ 0.1964,  0.5006,  0.1670, -0.0410,  0.0246, -0.0077])
  U: tensor([ 0.1728,  0.3605,  0.2185, -0.0021,  0.0305, -0.0374])
  solvent.log_k_solvent: -0.923098623752594
  solvent.log_ss_half: -4.0102362632751465
  solvent.log_n_exp: 1.4706628322601318
  solvent.phase_offset: -0.005817310884594917

Refinement completed successfully.

Saving results to /das/work/units/LBR-FEL/p17490/Peter/Library/work_trees_torchref/alignement/alignment_lab/benchmarks/af_mr/runs/dmin4.0/2W3X/refine_phaser_mr...
  Refined structure (PDB): /das/work/units/LBR-FEL/p17490/Peter/Library/work_trees_torchref/alignement/alignment_lab/benchmarks/af_mr/runs/dmin4.0/2W3X/refine_phaser_mr/refined.pdb
  Refined structure (mmCIF): /das/work/units/LBR-FEL/p17490/Peter/Library/work_trees_torchref/alignement/alignment_lab/benchmarks/af_mr/runs/dmin4.0/2W3X/refine_phaser_mr/refined.cif
Added map coefficients:
  2Fo-Fc: FWT, PHWT
  Fo-Fc: DELFWT, PHDELWT
  Resolution range: 1.75 - 29.68 Å
✓ Wrote MTZ file: /das/work/units/LBR-FEL/p17490/Peter/Library/work_trees_torchref/alignement/alignment_lab/benchmarks/af_mr/runs/dmin4.0/2W3X/refine_phaser_mr/refined.mtz
  Reflections: 90876
  Columns: H, K, L, F-obs, SIGF-obs, R-free-flags, FWT, PHWT, DELFWT, PHDELWT, F-model, PH-model
  Refined structure factors: /das/work/units/LBR-FEL/p17490/Peter/Library/work_trees_torchref/alignement/alignment_lab/benchmarks/af_mr/runs/dmin4.0/2W3X/refine_phaser_mr/refined.mtz
  Refinement history: /das/work/units/LBR-FEL/p17490/Peter/Library/work_trees_torchref/alignement/alignment_lab/benchmarks/af_mr/runs/dmin4.0/2W3X/refine_phaser_mr/refinement_history.json

================================================================================
Refinement Summary
================================================================================
R-work:  0.2392 (89074 reflections)
R-free:  0.2812 (1799 reflections)
NLL work: 452660.94
NLL test: 9399.27
================================================================================

Output files:
  - /das/work/units/LBR-FEL/p17490/Peter/Library/work_trees_torchref/alignement/alignment_lab/benchmarks/af_mr/runs/dmin4.0/2W3X/refine_phaser_mr/refined.pdb
  - /das/work/units/LBR-FEL/p17490/Peter/Library/work_trees_torchref/alignement/alignment_lab/benchmarks/af_mr/runs/dmin4.0/2W3X/refine_phaser_mr/refined.cif
  - /das/work/units/LBR-FEL/p17490/Peter/Library/work_trees_torchref/alignement/alignment_lab/benchmarks/af_mr/runs/dmin4.0/2W3X/refine_phaser_mr/refined.mtz
  - /das/work/units/LBR-FEL/p17490/Peter/Library/work_trees_torchref/alignement/alignment_lab/benchmarks/af_mr/runs/dmin4.0/2W3X/refine_phaser_mr/refinement_history.json

Refinement completed successfully!

Timing: 905.5s wall, 1017.8s CPU
