/das/work/units/LBR-FEL/p17490/Peter/Library/work_trees_torchref/alignement/torchref/cli/refine.py:21: UserWarning: TorchRef using user-specified 8 threads from TORCHREF_NUM_THREADS.
  from torchref.cli._common import (
================================================================================
TorchRef LBFGS Refinement
================================================================================
Model:             /das/work/units/LBR-FEL/p17490/Peter/Library/work_trees_torchref/dev/paper/figure2_alphafold_start/placed/3LW3_af.pdb
Structure factor:  /das/work/units/LBR-FEL/p17490/Peter/Library/work_trees_torchref/dev/paper/data/3LW3/3LW3.mtz
Output directory:  /das/work/units/LBR-FEL/p17490/Peter/Library/work_trees_torchref/alignement/alignment_lab/benchmarks/af_mr/runs/dmin3.0/3LW3/refine_phaser_mr
Refinement mode:   separate
X-ray target:      ml
Refinement cycles: 10
Rigid-body step:   on (iterations/cutoff = 30)
Device:            auto
ADP mode:          isotropic
Wavelength:        1 A
Manual weights:    {"adp": 0.02}
================================================================================

Initializing refinement...
found non-finite F values (NaN/Inf):  0
found non-finite F_sigma values (NaN/Inf):  0
Wilson outlier rejection: 0/32900 (0.0000%) of tested reflections flagged (0 too strong, 0 too weak)
Loaded 1912 atoms
Building restraints...
Found 109 link definitions

Building VDW (non-bonded) restraints...
  Symmetry expansion: 29 valid (symop, offset) combos
  Grid: [11, 11, 8], 786/968 cells occupied, max 250 entries/cell
  Built 32741 VDW restraints, 2646 symmetry contacts
  Hydrogen topology: 1934 riding H atoms
  H candidate pairs: 81587 (19770 H-H, 61817 H-heavy, 6038 symmetry)
================================================================================
Restraints Summary
================================================================================
CIF file: None
Residue types in dictionary: 19

INTRA-RESIDUE RESTRAINTS:
--------------------------------------------------------------------------------
  Bonds: 1692
  Angles: 1866
  Torsions: 468
  Planes: 352
  Chirals: 316

INTER-RESIDUE RESTRAINTS:
--------------------------------------------------------------------------------
  Peptide bonds: 248
  Peptide angles: 750
  Disulfide bonds: 0
  Disulfide angles: 0
  Disulfide torsions: 0
  LINK bonds: 0

BACKBONE TORSIONS:
--------------------------------------------------------------------------------
  Phi: 248
  Psi: 248
  Omega: 248
  Ramachandran: 246

VDW RESTRAINTS:
--------------------------------------------------------------------------------
  Non-bonded contacts: 32741 (30095 intra-ASU, 2646 symmetry)
================================================================================
Generated 1934 hydrogens
ADP representation: isotropic, 3846 parameters, 9.0 work reflections each
Initialized ScalerBase with 10 bins.
Building restraints...

Building VDW (non-bonded) restraints...
  Symmetry expansion: 29 valid (symop, offset) combos
  Grid: [11, 11, 8], 835/968 cells occupied, max 440 entries/cell
  Built 141595 VDW restraints, 12228 symmetry contacts
================================================================================
Restraints Summary
================================================================================
CIF file: None
Residue types in dictionary: 19

INTRA-RESIDUE RESTRAINTS:
--------------------------------------------------------------------------------
  Bonds: 3626
  Angles: 6026
  Torsions: 724
  Planes: 616
  Chirals: 316

INTER-RESIDUE RESTRAINTS:
--------------------------------------------------------------------------------
  Peptide bonds: 248
  Peptide angles: 992
  Disulfide bonds: 0
  Disulfide angles: 0
  Disulfide torsions: 0
  LINK bonds: 0

BACKBONE TORSIONS:
--------------------------------------------------------------------------------
  Phi: 248
  Psi: 248
  Omega: 248
  Ramachandran: 246

VDW RESTRAINTS:
--------------------------------------------------------------------------------
  Non-bonded contacts: 141595 (129367 intra-ASU, 12228 symmetry)
================================================================================
Initializing TotalGeometryTarget with component targets...
Initializing TotalADPTarget with component targets: simu, locality, sigd
Parametrization built for 5 unique atom types
SfFFT: Using late symmetry (reciprocal space)
